=== EXPERIMENT iter_28_seqflow_qsmoke ===
time: 2026-07-17T03:44:43.787979
device: cuda (NVIDIA GeForce RTX 3060)
platform: Windows-10-10.0.26200-SP0 | torch 2.6.0+cu124
config:
{
  "seed": 42,
  "T": 16,
  "img_size": 128,
  "base_size": 144,
  "input_mode": "rgb",
  "backbone": "r3d_18",
  "pretrained": true,
  "dropout": 0.5,
  "epochs": 25,
  "lr": 0.0001,
  "weight_decay": 0.001,
  "batch_size": 6,
  "class_weighting": true,
  "label_smoothing": 0.1,
  "hflip": true,
  "color_jitter": 0.0,
  "temporal_jitter": true,
  "amp": true,
  "eval_last_k": 3,
  "tta": 5,
  "cache_dir": "cache/flow144_seq",
  "index": "cache/index_emotion.csv",
  "class_names": [
    "happiness",
    "disgust",
    "repression",
    "surprise",
    "others"
  ],
  "name": "iter_28_r3d_seqflow",
  "modality": "flow",
  "temporal_span": "onset_offset",
  "flow_clip": 3.0,
  "ema": 0.998,
  "ema_start_epoch": 5
}
samples: 246 | classes: 5 ['happiness', 'disgust', 'repression', 'surprise', 'others']
loading arrays into RAM...
loaded 246 arrays
[SMOKE] limiting to 2 folds: [1, 2]

--- Fold 1/2 | test sub01 (9 test, 237 train) ---
      ep00 train_loss=1.7350 train_acc=0.249 | val_loss=1.8765 val_acc=0.111
      ep01 train_loss=1.6660 train_acc=0.291 | val_loss=1.5998 val_acc=0.222
      ep02 train_loss=1.5387 train_acc=0.371 | val_loss=2.0693 val_acc=0.111
      ep03 train_loss=1.4502 train_acc=0.418 | val_loss=1.6448 val_acc=0.111
      ep04 train_loss=1.4276 train_acc=0.392 | val_loss=4.1122 val_acc=0.000
      ep05 train_loss=1.3317 train_acc=0.498 | val_loss=1.2861 val_acc=0.556
      ep06 train_loss=1.3209 train_acc=0.468 | val_loss=1.5890 val_acc=0.333
      ep07 train_loss=1.2815 train_acc=0.498 | val_loss=2.4761 val_acc=0.111
      ep08 train_loss=1.3416 train_acc=0.515 | val_loss=1.7355 val_acc=0.333
      ep09 train_loss=1.3129 train_acc=0.523 | val_loss=1.9526 val_acc=0.111
      ep10 train_loss=1.2941 train_acc=0.553 | val_loss=1.6387 val_acc=0.222
      ep11 train_loss=1.1535 train_acc=0.578 | val_loss=1.2747 val_acc=0.333
      ep12 train_loss=1.1681 train_acc=0.595 | val_loss=1.5729 val_acc=0.111
      ep13 train_loss=1.0637 train_acc=0.629 | val_loss=1.3187 val_acc=0.444
      ep14 train_loss=1.0785 train_acc=0.616 | val_loss=1.2631 val_acc=0.556
      ep15 train_loss=1.1014 train_acc=0.616 | val_loss=1.4785 val_acc=0.444
      ep16 train_loss=1.1278 train_acc=0.637 | val_loss=1.0827 val_acc=0.556
      ep17 train_loss=1.0850 train_acc=0.633 | val_loss=1.1193 val_acc=0.333
      ep18 train_loss=1.0469 train_acc=0.671 | val_loss=1.2484 val_acc=0.556
      ep19 train_loss=1.0221 train_acc=0.667 | val_loss=1.2607 val_acc=0.444
      ep20 train_loss=1.0576 train_acc=0.671 | val_loss=1.1993 val_acc=0.556
      ep21 train_loss=1.0346 train_acc=0.620 | val_loss=1.1092 val_acc=0.556
      ep22 train_loss=0.9614 train_acc=0.684 | val_loss=1.1556 val_acc=0.556
      ep23 train_loss=1.0026 train_acc=0.700 | val_loss=1.2199 val_acc=0.444
      ep24 train_loss=1.0438 train_acc=0.671 | val_loss=1.1675 val_acc=0.444
    fold acc=0.667 time=235.9s | running pooled acc=0.667

--- Fold 2/2 | test sub02 (13 test, 233 train) ---
      ep00 train_loss=1.8587 train_acc=0.227 | val_loss=1.5732 val_acc=0.154
      ep01 train_loss=1.6603 train_acc=0.330 | val_loss=1.5454 val_acc=0.231
      ep02 train_loss=1.5523 train_acc=0.361 | val_loss=1.0911 val_acc=0.538
      ep03 train_loss=1.4334 train_acc=0.425 | val_loss=1.8167 val_acc=0.308
      ep04 train_loss=1.4032 train_acc=0.464 | val_loss=1.7035 val_acc=0.308
      ep05 train_loss=1.3246 train_acc=0.464 | val_loss=2.2974 val_acc=0.231
      ep06 train_loss=1.3330 train_acc=0.519 | val_loss=1.5995 val_acc=0.538
      ep07 train_loss=1.2657 train_acc=0.515 | val_loss=1.5095 val_acc=0.308
      ep08 train_loss=1.2788 train_acc=0.519 | val_loss=1.3290 val_acc=0.538
      ep09 train_loss=1.1892 train_acc=0.554 | val_loss=1.6373 val_acc=0.462
      ep10 train_loss=1.2729 train_acc=0.562 | val_loss=1.4148 val_acc=0.462
      ep11 train_loss=1.1514 train_acc=0.549 | val_loss=1.5532 val_acc=0.462
      ep12 train_loss=1.1051 train_acc=0.639 | val_loss=1.4328 val_acc=0.462
      ep13 train_loss=1.1603 train_acc=0.597 | val_loss=1.4693 val_acc=0.462
      ep14 train_loss=1.1197 train_acc=0.592 | val_loss=1.4991 val_acc=0.385
      ep15 train_loss=1.0194 train_acc=0.678 | val_loss=1.4146 val_acc=0.462
      ep16 train_loss=1.0570 train_acc=0.678 | val_loss=1.3784 val_acc=0.462
      ep17 train_loss=1.0234 train_acc=0.652 | val_loss=1.3471 val_acc=0.462
      ep18 train_loss=0.9946 train_acc=0.721 | val_loss=1.5381 val_acc=0.462
      ep19 train_loss=0.9743 train_acc=0.730 | val_loss=1.4213 val_acc=0.462
      ep20 train_loss=1.0268 train_acc=0.661 | val_loss=1.4296 val_acc=0.462
      ep21 train_loss=1.0457 train_acc=0.708 | val_loss=1.4217 val_acc=0.462
      ep22 train_loss=1.0248 train_acc=0.700 | val_loss=1.4371 val_acc=0.462
      ep23 train_loss=0.9719 train_acc=0.712 | val_loss=1.3824 val_acc=0.462
      ep24 train_loss=1.0191 train_acc=0.712 | val_loss=1.3857 val_acc=0.462
    fold acc=0.462 time=234.1s | running pooled acc=0.545

=== FINAL (pooled LOSO) ===
UF1 = 0.4749
UAR = 0.5733
ACC = 0.5455
per-class F1: happiness=0.500, disgust=0.667, repression=0.000, surprise=0.571, others=0.636
per-class recall: happiness=0.500, disgust=1.000, repression=0.000, surprise=0.667, others=0.700
confusion matrix (rows=true):
        happin disgus repres surpri others
happine      1      0      0      1      0
disgust      0      2      0      0      0
repress      0      0      0      1      4
surpris      0      0      0      2      1
 others      1      2      0      0      7

saved to D:\AI-Projects\casmeII-new-from-sequence-model\experiments\iter_28_seqflow_qsmoke
elapsed 472.7s
