=== EXPERIMENT iter_27_snapshot ===
time: 2026-07-16T23:18:13.611318
device: cuda (NVIDIA GeForce RTX 3060)
platform: Windows-10-10.0.26200-SP0 | torch 2.6.0+cu124
config:
{
  "seed": 42,
  "T": 16,
  "img_size": 128,
  "base_size": 144,
  "input_mode": "rgb",
  "backbone": "r3d_18",
  "pretrained": true,
  "dropout": 0.5,
  "epochs": 40,
  "lr": 0.0002,
  "weight_decay": 0.001,
  "batch_size": 6,
  "class_weighting": true,
  "label_smoothing": 0.1,
  "hflip": true,
  "color_jitter": 0.0,
  "temporal_jitter": true,
  "amp": true,
  "eval_last_k": 3,
  "tta": 5,
  "cache_dir": "cache/flow144",
  "index": "cache/index_emotion.csv",
  "class_names": [
    "happiness",
    "disgust",
    "repression",
    "surprise",
    "others"
  ],
  "name": "iter_27_r3d_snapshot",
  "modality": "flow",
  "temporal_span": "onset_offset",
  "flow_clip": 3.0,
  "snapshot_cycles": 5
}
samples: 246 | classes: 5 ['happiness', 'disgust', 'repression', 'surprise', 'others']
loading arrays into RAM...
loaded 246 arrays

--- Fold 1/26 | test sub01 (9 test, 237 train) ---
      ep00 train_loss=1.6053 train_acc=0.384 | val_loss=1.3545 val_acc=0.444
      ep01 train_loss=1.2746 train_acc=0.536 | val_loss=1.2224 val_acc=0.444
      ep02 train_loss=1.1046 train_acc=0.624 | val_loss=0.8512 val_acc=0.556
      ep03 train_loss=1.0316 train_acc=0.679 | val_loss=0.8904 val_acc=0.556
      ep04 train_loss=0.9358 train_acc=0.738 | val_loss=1.0239 val_acc=0.667
      ep05 train_loss=0.8160 train_acc=0.810 | val_loss=0.9554 val_acc=0.556
      ep06 train_loss=0.7789 train_acc=0.848 | val_loss=0.9148 val_acc=0.556
      ep07 train_loss=0.7399 train_acc=0.895 | val_loss=0.8998 val_acc=0.556
      ep08 train_loss=0.8833 train_acc=0.768 | val_loss=1.5709 val_acc=0.444
      ep09 train_loss=1.0480 train_acc=0.709 | val_loss=1.3273 val_acc=0.556
      ep10 train_loss=0.8843 train_acc=0.768 | val_loss=0.6748 val_acc=0.778
      ep11 train_loss=0.8985 train_acc=0.764 | val_loss=1.3260 val_acc=0.556
      ep12 train_loss=0.7594 train_acc=0.835 | val_loss=0.9137 val_acc=0.556
      ep13 train_loss=0.7199 train_acc=0.911 | val_loss=0.8016 val_acc=0.667
      ep14 train_loss=0.6829 train_acc=0.924 | val_loss=0.8229 val_acc=0.556
      ep15 train_loss=0.6682 train_acc=0.920 | val_loss=0.8417 val_acc=0.667
      ep16 train_loss=0.7448 train_acc=0.882 | val_loss=0.7988 val_acc=0.778
      ep17 train_loss=0.8554 train_acc=0.835 | val_loss=0.9043 val_acc=0.778
      ep18 train_loss=0.8712 train_acc=0.831 | val_loss=0.8280 val_acc=0.778
      ep19 train_loss=0.7586 train_acc=0.873 | val_loss=0.5336 val_acc=0.889
      ep20 train_loss=0.7453 train_acc=0.873 | val_loss=0.6707 val_acc=0.778
      ep21 train_loss=0.6416 train_acc=0.945 | val_loss=0.6193 val_acc=0.889
      ep22 train_loss=0.6641 train_acc=0.932 | val_loss=0.6059 val_acc=0.889
      ep23 train_loss=0.6448 train_acc=0.920 | val_loss=0.5884 val_acc=0.889
      ep24 train_loss=0.6768 train_acc=0.916 | val_loss=1.0542 val_acc=0.667
      ep25 train_loss=0.6377 train_acc=0.945 | val_loss=0.7451 val_acc=0.778
      ep26 train_loss=0.6522 train_acc=0.899 | val_loss=0.8861 val_acc=0.778
      ep27 train_loss=0.6279 train_acc=0.945 | val_loss=0.4936 val_acc=0.889
      ep28 train_loss=0.6425 train_acc=0.966 | val_loss=0.6246 val_acc=0.889
      ep29 train_loss=0.6000 train_acc=0.970 | val_loss=0.7010 val_acc=0.778
      ep30 train_loss=0.6081 train_acc=0.966 | val_loss=0.6306 val_acc=0.778
      ep31 train_loss=0.6118 train_acc=0.975 | val_loss=0.6114 val_acc=0.778
      ep32 train_loss=0.5856 train_acc=0.987 | val_loss=0.4394 val_acc=0.778
      ep33 train_loss=0.6875 train_acc=0.916 | val_loss=1.5877 val_acc=0.444
      ep34 train_loss=0.7602 train_acc=0.873 | val_loss=0.9139 val_acc=0.667
      ep35 train_loss=0.6834 train_acc=0.907 | val_loss=0.7865 val_acc=0.667
      ep36 train_loss=0.6398 train_acc=0.958 | val_loss=0.7130 val_acc=0.778
      ep37 train_loss=0.6140 train_acc=0.975 | val_loss=0.6139 val_acc=0.889
      ep38 train_loss=0.5943 train_acc=0.983 | val_loss=0.5955 val_acc=0.778
      ep39 train_loss=0.5888 train_acc=0.992 | val_loss=0.6406 val_acc=0.778
    fold acc=0.778 time=368.8s | running pooled acc=0.778

--- Fold 2/26 | test sub02 (13 test, 233 train) ---
      ep00 train_loss=1.6064 train_acc=0.403 | val_loss=1.2922 val_acc=0.385
      ep01 train_loss=1.2001 train_acc=0.545 | val_loss=2.5186 val_acc=0.308
      ep02 train_loss=1.1688 train_acc=0.605 | val_loss=1.2877 val_acc=0.538
      ep03 train_loss=0.9946 train_acc=0.730 | val_loss=1.9611 val_acc=0.308
      ep04 train_loss=0.9146 train_acc=0.760 | val_loss=2.2605 val_acc=0.308
      ep05 train_loss=0.8385 train_acc=0.777 | val_loss=1.3093 val_acc=0.692
      ep06 train_loss=0.8331 train_acc=0.833 | val_loss=1.2795 val_acc=0.692
      ep07 train_loss=0.7494 train_acc=0.893 | val_loss=1.2172 val_acc=0.615
      ep08 train_loss=0.9159 train_acc=0.811 | val_loss=1.5871 val_acc=0.538
      ep09 train_loss=0.9621 train_acc=0.747 | val_loss=1.7086 val_acc=0.385
      ep10 train_loss=0.9437 train_acc=0.760 | val_loss=1.9929 val_acc=0.308
      ep11 train_loss=0.8685 train_acc=0.807 | val_loss=1.5864 val_acc=0.538
      ep12 train_loss=0.7501 train_acc=0.897 | val_loss=1.5575 val_acc=0.462
      ep13 train_loss=0.7709 train_acc=0.918 | val_loss=1.1578 val_acc=0.692
      ep14 train_loss=0.7065 train_acc=0.918 | val_loss=1.1140 val_acc=0.615
      ep15 train_loss=0.7247 train_acc=0.918 | val_loss=1.1669 val_acc=0.615
      ep16 train_loss=0.7422 train_acc=0.876 | val_loss=0.9766 val_acc=0.615
      ep17 train_loss=0.7870 train_acc=0.854 | val_loss=0.9819 val_acc=0.615
      ep18 train_loss=0.8023 train_acc=0.867 | val_loss=1.0919 val_acc=0.692
      ep19 train_loss=0.7380 train_acc=0.893 | val_loss=1.3790 val_acc=0.692
      ep20 train_loss=0.7102 train_acc=0.914 | val_loss=1.2666 val_acc=0.692
      ep21 train_loss=0.6835 train_acc=0.944 | val_loss=1.2878 val_acc=0.615
      ep22 train_loss=0.6346 train_acc=0.961 | val_loss=1.0885 val_acc=0.692
      ep23 train_loss=0.6531 train_acc=0.979 | val_loss=1.1828 val_acc=0.692
      ep24 train_loss=0.7467 train_acc=0.910 | val_loss=1.6605 val_acc=0.385
      ep25 train_loss=0.7914 train_acc=0.880 | val_loss=0.9515 val_acc=0.615
      ep26 train_loss=0.7437 train_acc=0.884 | val_loss=1.3954 val_acc=0.538
      ep27 train_loss=0.7177 train_acc=0.927 | val_loss=1.2771 val_acc=0.538
      ep28 train_loss=0.6597 train_acc=0.944 | val_loss=1.1919 val_acc=0.538
      ep29 train_loss=0.6480 train_acc=0.966 | val_loss=1.1786 val_acc=0.538
      ep30 train_loss=0.6696 train_acc=0.957 | val_loss=1.1697 val_acc=0.538
      ep31 train_loss=0.6084 train_acc=0.983 | val_loss=1.2200 val_acc=0.538
      ep32 train_loss=0.6680 train_acc=0.936 | val_loss=1.0622 val_acc=0.692
      ep33 train_loss=0.6504 train_acc=0.953 | val_loss=1.2703 val_acc=0.692
      ep34 train_loss=0.6602 train_acc=0.961 | val_loss=1.5868 val_acc=0.538
      ep35 train_loss=0.6262 train_acc=0.987 | val_loss=1.3571 val_acc=0.615
      ep36 train_loss=0.6423 train_acc=0.961 | val_loss=1.2458 val_acc=0.538
      ep37 train_loss=0.6234 train_acc=0.987 | val_loss=1.1966 val_acc=0.692
      ep38 train_loss=0.6192 train_acc=0.979 | val_loss=1.2921 val_acc=0.538
      ep39 train_loss=0.6011 train_acc=0.991 | val_loss=1.2306 val_acc=0.615
    fold acc=0.615 time=355.1s | running pooled acc=0.682

--- Fold 3/26 | test sub03 (7 test, 239 train) ---
      ep00 train_loss=1.5678 train_acc=0.381 | val_loss=1.4647 val_acc=0.143
      ep01 train_loss=1.2112 train_acc=0.586 | val_loss=0.9364 val_acc=0.571
      ep02 train_loss=1.1062 train_acc=0.607 | val_loss=1.2941 val_acc=0.286
      ep03 train_loss=1.0255 train_acc=0.674 | val_loss=0.9005 val_acc=0.571
      ep04 train_loss=0.9575 train_acc=0.795 | val_loss=0.7193 val_acc=0.571
      ep05 train_loss=0.8710 train_acc=0.753 | val_loss=0.9000 val_acc=0.571
      ep06 train_loss=0.8197 train_acc=0.849 | val_loss=0.8034 val_acc=0.571
      ep07 train_loss=0.8595 train_acc=0.791 | val_loss=0.7353 val_acc=0.571
      ep08 train_loss=0.9404 train_acc=0.782 | val_loss=1.2087 val_acc=0.286
      ep09 train_loss=1.0333 train_acc=0.686 | val_loss=1.0622 val_acc=0.714
      ep10 train_loss=0.9903 train_acc=0.720 | val_loss=1.2990 val_acc=0.714
      ep11 train_loss=0.9300 train_acc=0.795 | val_loss=0.8517 val_acc=0.714
      ep12 train_loss=0.7958 train_acc=0.841 | val_loss=1.4260 val_acc=0.429
      ep13 train_loss=0.6980 train_acc=0.908 | val_loss=1.3907 val_acc=0.571
      ep14 train_loss=0.7097 train_acc=0.887 | val_loss=1.2533 val_acc=0.714
      ep15 train_loss=0.6610 train_acc=0.937 | val_loss=1.1046 val_acc=0.714
      ep16 train_loss=0.7342 train_acc=0.891 | val_loss=1.0841 val_acc=0.714
      ep17 train_loss=0.7633 train_acc=0.854 | val_loss=1.1164 val_acc=0.571
      ep18 train_loss=0.7356 train_acc=0.912 | val_loss=1.0914 val_acc=0.714
      ep19 train_loss=0.6924 train_acc=0.900 | val_loss=1.1133 val_acc=0.714
      ep20 train_loss=0.7072 train_acc=0.904 | val_loss=0.9919 val_acc=0.571
      ep21 train_loss=0.6740 train_acc=0.916 | val_loss=0.9546 val_acc=0.571
      ep22 train_loss=0.6165 train_acc=0.954 | val_loss=0.9312 val_acc=0.714
      ep23 train_loss=0.6426 train_acc=0.967 | val_loss=0.9341 val_acc=0.714
      ep24 train_loss=0.6434 train_acc=0.975 | val_loss=2.1636 val_acc=0.571
      ep25 train_loss=0.7028 train_acc=0.908 | val_loss=1.0049 val_acc=0.571
      ep26 train_loss=0.6500 train_acc=0.941 | val_loss=1.1893 val_acc=0.571
      ep27 train_loss=0.6605 train_acc=0.929 | val_loss=0.9766 val_acc=0.286
      ep28 train_loss=0.6298 train_acc=0.954 | val_loss=1.0444 val_acc=0.429
      ep29 train_loss=0.6021 train_acc=0.975 | val_loss=1.2816 val_acc=0.429
      ep30 train_loss=0.5977 train_acc=0.979 | val_loss=1.3214 val_acc=0.429
      ep31 train_loss=0.6122 train_acc=0.971 | val_loss=1.2250 val_acc=0.429
      ep32 train_loss=0.6120 train_acc=0.975 | val_loss=1.1375 val_acc=0.429
      ep33 train_loss=0.6419 train_acc=0.929 | val_loss=1.3904 val_acc=0.429
      ep34 train_loss=0.7671 train_acc=0.887 | val_loss=1.4183 val_acc=0.571
      ep35 train_loss=0.7798 train_acc=0.870 | val_loss=0.9304 val_acc=0.429
      ep36 train_loss=0.6614 train_acc=0.937 | val_loss=1.0500 val_acc=0.143
      ep37 train_loss=0.6090 train_acc=0.987 | val_loss=1.0168 val_acc=0.571
      ep38 train_loss=0.6214 train_acc=0.962 | val_loss=1.1437 val_acc=0.571
      ep39 train_loss=0.5982 train_acc=0.979 | val_loss=1.1356 val_acc=0.571
    fold acc=0.714 time=355.1s | running pooled acc=0.690

--- Fold 4/26 | test sub04 (5 test, 241 train) ---
      ep00 train_loss=1.5156 train_acc=0.361 | val_loss=1.1394 val_acc=0.400
      ep01 train_loss=1.2494 train_acc=0.552 | val_loss=0.8902 val_acc=0.600
      ep02 train_loss=1.1286 train_acc=0.622 | val_loss=0.6683 val_acc=0.600
      ep03 train_loss=1.1365 train_acc=0.639 | val_loss=0.4600 val_acc=1.000
      ep04 train_loss=0.9578 train_acc=0.751 | val_loss=0.7025 val_acc=0.800
      ep05 train_loss=0.8480 train_acc=0.801 | val_loss=0.7291 val_acc=0.800
      ep06 train_loss=0.7468 train_acc=0.859 | val_loss=0.6586 val_acc=0.800
      ep07 train_loss=0.8139 train_acc=0.813 | val_loss=0.5256 val_acc=0.800
      ep08 train_loss=0.8211 train_acc=0.822 | val_loss=0.3347 val_acc=0.800
      ep09 train_loss=0.9656 train_acc=0.747 | val_loss=0.3977 val_acc=0.800
      ep10 train_loss=0.8729 train_acc=0.755 | val_loss=0.5008 val_acc=1.000
      ep11 train_loss=0.8087 train_acc=0.826 | val_loss=0.3282 val_acc=0.800
      ep12 train_loss=0.8006 train_acc=0.830 | val_loss=0.5566 val_acc=0.800
      ep13 train_loss=0.7244 train_acc=0.888 | val_loss=0.3009 val_acc=1.000
      ep14 train_loss=0.7210 train_acc=0.900 | val_loss=0.2709 val_acc=1.000
      ep15 train_loss=0.6789 train_acc=0.917 | val_loss=0.3645 val_acc=1.000
      ep16 train_loss=0.7101 train_acc=0.896 | val_loss=1.3927 val_acc=0.600
      ep17 train_loss=0.8629 train_acc=0.793 | val_loss=1.1643 val_acc=0.400
      ep18 train_loss=0.8373 train_acc=0.826 | val_loss=1.9572 val_acc=0.400
      ep19 train_loss=0.8178 train_acc=0.842 | val_loss=1.0950 val_acc=0.600
      ep20 train_loss=0.7131 train_acc=0.884 | val_loss=0.3038 val_acc=1.000
      ep21 train_loss=0.6414 train_acc=0.942 | val_loss=0.4326 val_acc=1.000
      ep22 train_loss=0.6733 train_acc=0.959 | val_loss=0.5028 val_acc=0.800
      ep23 train_loss=0.6870 train_acc=0.929 | val_loss=0.4953 val_acc=0.800
      ep24 train_loss=0.6721 train_acc=0.921 | val_loss=0.6772 val_acc=0.800
      ep25 train_loss=0.6756 train_acc=0.934 | val_loss=0.5869 val_acc=0.800
      ep26 train_loss=0.7015 train_acc=0.917 | val_loss=0.2627 val_acc=1.000
      ep27 train_loss=0.6502 train_acc=0.954 | val_loss=0.4251 val_acc=1.000
      ep28 train_loss=0.6429 train_acc=0.950 | val_loss=0.2419 val_acc=1.000
      ep29 train_loss=0.6222 train_acc=0.971 | val_loss=0.5366 val_acc=0.800
      ep30 train_loss=0.5958 train_acc=0.983 | val_loss=0.3898 val_acc=0.800
      ep31 train_loss=0.5864 train_acc=0.983 | val_loss=0.4806 val_acc=0.800
      ep32 train_loss=0.6511 train_acc=0.959 | val_loss=0.5322 val_acc=0.800
      ep33 train_loss=0.6352 train_acc=0.954 | val_loss=0.6203 val_acc=0.600
      ep34 train_loss=0.6466 train_acc=0.946 | val_loss=0.6686 val_acc=0.800
      ep35 train_loss=0.6232 train_acc=0.967 | val_loss=0.6031 val_acc=0.800
      ep36 train_loss=0.6006 train_acc=0.959 | val_loss=0.4762 val_acc=0.800
      ep37 train_loss=0.5968 train_acc=0.967 | val_loss=0.5717 val_acc=0.800
      ep38 train_loss=0.5822 train_acc=0.992 | val_loss=0.6778 val_acc=0.800
      ep39 train_loss=0.5830 train_acc=0.996 | val_loss=0.6415 val_acc=0.800
    fold acc=0.600 time=356.6s | running pooled acc=0.676

--- Fold 5/26 | test sub05 (19 test, 227 train) ---
      ep00 train_loss=1.5594 train_acc=0.352 | val_loss=1.2489 val_acc=0.526
      ep01 train_loss=1.1360 train_acc=0.634 | val_loss=1.5029 val_acc=0.421
      ep02 train_loss=1.0993 train_acc=0.661 | val_loss=2.4456 val_acc=0.368
      ep03 train_loss=0.9837 train_acc=0.718 | val_loss=2.0444 val_acc=0.474
      ep04 train_loss=1.0074 train_acc=0.714 | val_loss=1.4573 val_acc=0.421
      ep05 train_loss=0.8443 train_acc=0.802 | val_loss=1.9110 val_acc=0.368
      ep06 train_loss=0.7678 train_acc=0.885 | val_loss=1.7714 val_acc=0.421
      ep07 train_loss=0.7812 train_acc=0.868 | val_loss=1.6485 val_acc=0.368
      ep08 train_loss=0.8981 train_acc=0.784 | val_loss=1.9032 val_acc=0.421
      ep09 train_loss=0.9302 train_acc=0.775 | val_loss=2.7978 val_acc=0.263
      ep10 train_loss=0.9081 train_acc=0.780 | val_loss=1.4443 val_acc=0.474
      ep11 train_loss=0.7970 train_acc=0.846 | val_loss=1.7250 val_acc=0.421
      ep12 train_loss=0.7837 train_acc=0.894 | val_loss=1.4080 val_acc=0.474
      ep13 train_loss=0.7132 train_acc=0.912 | val_loss=1.6051 val_acc=0.474
      ep14 train_loss=0.6800 train_acc=0.925 | val_loss=1.4799 val_acc=0.526
      ep15 train_loss=0.6601 train_acc=0.943 | val_loss=1.3909 val_acc=0.526
      ep16 train_loss=0.6951 train_acc=0.943 | val_loss=1.8013 val_acc=0.526
      ep17 train_loss=0.8079 train_acc=0.846 | val_loss=2.6908 val_acc=0.211
      ep18 train_loss=0.8157 train_acc=0.837 | val_loss=1.2583 val_acc=0.579
      ep19 train_loss=0.7423 train_acc=0.907 | val_loss=1.9814 val_acc=0.474
      ep20 train_loss=0.7053 train_acc=0.899 | val_loss=1.7815 val_acc=0.579
      ep21 train_loss=0.6581 train_acc=0.969 | val_loss=1.8580 val_acc=0.474
      ep22 train_loss=0.6457 train_acc=0.956 | val_loss=1.7765 val_acc=0.526
      ep23 train_loss=0.6009 train_acc=0.974 | val_loss=1.6636 val_acc=0.579
      ep24 train_loss=0.6558 train_acc=0.960 | val_loss=1.4945 val_acc=0.474
      ep25 train_loss=0.6864 train_acc=0.930 | val_loss=1.7842 val_acc=0.316
      ep26 train_loss=0.6786 train_acc=0.921 | val_loss=2.1650 val_acc=0.421
      ep27 train_loss=0.6517 train_acc=0.943 | val_loss=1.7031 val_acc=0.421
      ep28 train_loss=0.6356 train_acc=0.978 | val_loss=1.5932 val_acc=0.421
      ep29 train_loss=0.6161 train_acc=0.978 | val_loss=1.8370 val_acc=0.421
      ep30 train_loss=0.5991 train_acc=0.978 | val_loss=1.4825 val_acc=0.421
      ep31 train_loss=0.6129 train_acc=0.978 | val_loss=1.6476 val_acc=0.421
      ep32 train_loss=0.6066 train_acc=0.969 | val_loss=1.7327 val_acc=0.526
      ep33 train_loss=0.6087 train_acc=0.969 | val_loss=1.7073 val_acc=0.474
      ep34 train_loss=0.6161 train_acc=0.974 | val_loss=1.7212 val_acc=0.579
      ep35 train_loss=0.6478 train_acc=0.952 | val_loss=1.6414 val_acc=0.474
      ep36 train_loss=0.6161 train_acc=0.969 | val_loss=1.5542 val_acc=0.526
      ep37 train_loss=0.5844 train_acc=0.991 | val_loss=1.7334 val_acc=0.474
      ep38 train_loss=0.5903 train_acc=1.000 | val_loss=1.6057 val_acc=0.474
      ep39 train_loss=0.5795 train_acc=1.000 | val_loss=1.5495 val_acc=0.474
    fold acc=0.526 time=353.9s | running pooled acc=0.623

--- Fold 6/26 | test sub06 (5 test, 241 train) ---
      ep00 train_loss=1.5606 train_acc=0.353 | val_loss=0.9754 val_acc=0.600
      ep01 train_loss=1.2451 train_acc=0.556 | val_loss=0.9796 val_acc=0.600
      ep02 train_loss=1.1988 train_acc=0.556 | val_loss=0.6508 val_acc=0.800
      ep03 train_loss=1.1034 train_acc=0.627 | val_loss=0.9631 val_acc=0.800
      ep04 train_loss=0.9638 train_acc=0.722 | val_loss=0.9970 val_acc=0.600
      ep05 train_loss=0.8427 train_acc=0.788 | val_loss=1.0122 val_acc=0.600
      ep06 train_loss=0.7905 train_acc=0.846 | val_loss=0.9813 val_acc=0.600
      ep07 train_loss=0.8266 train_acc=0.801 | val_loss=0.9645 val_acc=0.600
      ep08 train_loss=0.8331 train_acc=0.797 | val_loss=1.2094 val_acc=0.600
      ep09 train_loss=0.9566 train_acc=0.743 | val_loss=0.8115 val_acc=0.800
      ep10 train_loss=0.9413 train_acc=0.726 | val_loss=1.0375 val_acc=0.600
      ep11 train_loss=0.8870 train_acc=0.772 | val_loss=0.7102 val_acc=0.600
      ep12 train_loss=0.7689 train_acc=0.867 | val_loss=0.9081 val_acc=0.600
      ep13 train_loss=0.7334 train_acc=0.905 | val_loss=1.0423 val_acc=0.600
      ep14 train_loss=0.7222 train_acc=0.921 | val_loss=1.0360 val_acc=0.600
      ep15 train_loss=0.6699 train_acc=0.934 | val_loss=1.0430 val_acc=0.600
      ep16 train_loss=0.7381 train_acc=0.888 | val_loss=1.6674 val_acc=0.400
      ep17 train_loss=0.8874 train_acc=0.763 | val_loss=1.2814 val_acc=0.600
      ep18 train_loss=0.8034 train_acc=0.846 | val_loss=0.7717 val_acc=0.800
      ep19 train_loss=0.7783 train_acc=0.851 | val_loss=1.2697 val_acc=0.600
      ep20 train_loss=0.7298 train_acc=0.905 | val_loss=1.3844 val_acc=0.600
      ep21 train_loss=0.6661 train_acc=0.942 | val_loss=1.0746 val_acc=0.600
      ep22 train_loss=0.6833 train_acc=0.934 | val_loss=1.3621 val_acc=0.600
      ep23 train_loss=0.6734 train_acc=0.925 | val_loss=1.3577 val_acc=0.600
      ep24 train_loss=0.6923 train_acc=0.929 | val_loss=0.9823 val_acc=0.600
      ep25 train_loss=0.7049 train_acc=0.909 | val_loss=1.0066 val_acc=0.600
      ep26 train_loss=0.7076 train_acc=0.909 | val_loss=1.5237 val_acc=0.400
      ep27 train_loss=0.7030 train_acc=0.925 | val_loss=1.1338 val_acc=0.600
      ep28 train_loss=0.6716 train_acc=0.946 | val_loss=1.6788 val_acc=0.600
      ep29 train_loss=0.6239 train_acc=0.971 | val_loss=1.1784 val_acc=0.600
      ep30 train_loss=0.6055 train_acc=0.971 | val_loss=1.4002 val_acc=0.600
      ep31 train_loss=0.5924 train_acc=0.988 | val_loss=1.3106 val_acc=0.600
      ep32 train_loss=0.6757 train_acc=0.950 | val_loss=0.9515 val_acc=0.800
      ep33 train_loss=0.6493 train_acc=0.959 | val_loss=2.1062 val_acc=0.600
      ep34 train_loss=0.6363 train_acc=0.959 | val_loss=1.5230 val_acc=0.600
      ep35 train_loss=0.6698 train_acc=0.946 | val_loss=1.5658 val_acc=0.600
      ep36 train_loss=0.6391 train_acc=0.963 | val_loss=1.2513 val_acc=0.600
      ep37 train_loss=0.6188 train_acc=0.988 | val_loss=1.1850 val_acc=0.600
      ep38 train_loss=0.5989 train_acc=0.988 | val_loss=1.2936 val_acc=0.600
      ep39 train_loss=0.6111 train_acc=0.975 | val_loss=1.2437 val_acc=0.600
    fold acc=0.600 time=355.8s | running pooled acc=0.621

--- Fold 7/26 | test sub07 (9 test, 237 train) ---
      ep00 train_loss=1.5256 train_acc=0.397 | val_loss=1.5666 val_acc=0.222
      ep01 train_loss=1.2290 train_acc=0.523 | val_loss=1.3048 val_acc=0.444
      ep02 train_loss=1.1471 train_acc=0.608 | val_loss=1.2267 val_acc=0.444
      ep03 train_loss=1.0593 train_acc=0.671 | val_loss=1.3227 val_acc=0.556
      ep04 train_loss=0.9563 train_acc=0.747 | val_loss=1.1174 val_acc=0.556
      ep05 train_loss=0.8713 train_acc=0.806 | val_loss=1.1080 val_acc=0.444
      ep06 train_loss=0.8177 train_acc=0.831 | val_loss=1.2208 val_acc=0.556
      ep07 train_loss=0.7758 train_acc=0.840 | val_loss=1.1854 val_acc=0.556
      ep08 train_loss=0.9191 train_acc=0.747 | val_loss=1.6358 val_acc=0.556
      ep09 train_loss=0.9240 train_acc=0.789 | val_loss=1.5490 val_acc=0.333
      ep10 train_loss=0.9398 train_acc=0.738 | val_loss=1.4700 val_acc=0.556
      ep11 train_loss=0.9063 train_acc=0.747 | val_loss=1.4983 val_acc=0.444
      ep12 train_loss=0.7298 train_acc=0.890 | val_loss=1.4976 val_acc=0.556
      ep13 train_loss=0.6794 train_acc=0.907 | val_loss=1.5625 val_acc=0.333
      ep14 train_loss=0.6983 train_acc=0.907 | val_loss=1.5122 val_acc=0.444
      ep15 train_loss=0.6581 train_acc=0.916 | val_loss=1.6090 val_acc=0.556
      ep16 train_loss=0.7643 train_acc=0.882 | val_loss=1.2849 val_acc=0.667
      ep17 train_loss=0.7423 train_acc=0.857 | val_loss=1.2930 val_acc=0.556
      ep18 train_loss=0.7773 train_acc=0.882 | val_loss=1.8884 val_acc=0.444
      ep19 train_loss=0.7237 train_acc=0.907 | val_loss=1.5547 val_acc=0.444
      ep20 train_loss=0.6849 train_acc=0.890 | val_loss=1.3629 val_acc=0.444
      ep21 train_loss=0.6572 train_acc=0.924 | val_loss=1.2790 val_acc=0.556
      ep22 train_loss=0.6268 train_acc=0.954 | val_loss=1.3661 val_acc=0.444
      ep23 train_loss=0.6149 train_acc=0.958 | val_loss=1.3773 val_acc=0.444
      ep24 train_loss=0.6553 train_acc=0.949 | val_loss=2.1382 val_acc=0.444
      ep25 train_loss=0.7036 train_acc=0.907 | val_loss=0.9715 val_acc=0.778
      ep26 train_loss=0.7123 train_acc=0.873 | val_loss=1.8718 val_acc=0.444
      ep27 train_loss=0.6748 train_acc=0.916 | val_loss=1.5586 val_acc=0.333
      ep28 train_loss=0.6686 train_acc=0.937 | val_loss=1.8719 val_acc=0.556
      ep29 train_loss=0.5982 train_acc=0.975 | val_loss=1.6952 val_acc=0.556
      ep30 train_loss=0.6491 train_acc=0.958 | val_loss=1.8379 val_acc=0.444
      ep31 train_loss=0.6050 train_acc=0.979 | val_loss=1.7005 val_acc=0.444
      ep32 train_loss=0.6037 train_acc=0.979 | val_loss=1.9169 val_acc=0.444
      ep33 train_loss=0.6157 train_acc=0.958 | val_loss=1.5996 val_acc=0.444
      ep34 train_loss=0.6625 train_acc=0.945 | val_loss=1.5315 val_acc=0.444
      ep35 train_loss=0.6344 train_acc=0.941 | val_loss=1.7611 val_acc=0.667
      ep36 train_loss=0.5985 train_acc=0.966 | val_loss=1.8718 val_acc=0.556
      ep37 train_loss=0.6269 train_acc=0.962 | val_loss=1.6807 val_acc=0.444
      ep38 train_loss=0.6268 train_acc=0.966 | val_loss=1.7699 val_acc=0.444
      ep39 train_loss=0.5814 train_acc=0.983 | val_loss=1.7446 val_acc=0.444
    fold acc=0.444 time=363.3s | running pooled acc=0.597

--- Fold 8/26 | test sub08 (3 test, 243 train) ---
      ep00 train_loss=1.5615 train_acc=0.346 | val_loss=1.4611 val_acc=0.667
      ep01 train_loss=1.2471 train_acc=0.560 | val_loss=1.8095 val_acc=0.000
      ep02 train_loss=1.0930 train_acc=0.638 | val_loss=1.1963 val_acc=0.667
      ep03 train_loss=1.0687 train_acc=0.621 | val_loss=0.8142 val_acc=0.667
      ep04 train_loss=0.9958 train_acc=0.733 | val_loss=1.2637 val_acc=0.667
      ep05 train_loss=0.8839 train_acc=0.753 | val_loss=2.0253 val_acc=0.333
      ep06 train_loss=0.7545 train_acc=0.877 | val_loss=1.7828 val_acc=0.667
      ep07 train_loss=0.7331 train_acc=0.881 | val_loss=1.9445 val_acc=0.667
      ep08 train_loss=0.8627 train_acc=0.786 | val_loss=1.0203 val_acc=0.667
      ep09 train_loss=1.0550 train_acc=0.671 | val_loss=0.3196 val_acc=1.000
      ep10 train_loss=0.9062 train_acc=0.761 | val_loss=1.3545 val_acc=0.333
      ep11 train_loss=0.8337 train_acc=0.840 | val_loss=1.7810 val_acc=0.667
      ep12 train_loss=0.7072 train_acc=0.918 | val_loss=2.1505 val_acc=0.667
      ep13 train_loss=0.7571 train_acc=0.889 | val_loss=1.0044 val_acc=0.667
      ep14 train_loss=0.6977 train_acc=0.901 | val_loss=1.2600 val_acc=0.667
      ep15 train_loss=0.6677 train_acc=0.938 | val_loss=1.5987 val_acc=0.667
      ep16 train_loss=0.7435 train_acc=0.905 | val_loss=3.0747 val_acc=0.333
      ep17 train_loss=0.9119 train_acc=0.815 | val_loss=2.3642 val_acc=0.000
      ep18 train_loss=0.9077 train_acc=0.786 | val_loss=1.1115 val_acc=0.333
      ep19 train_loss=0.7931 train_acc=0.835 | val_loss=1.6980 val_acc=0.333
      ep20 train_loss=0.6960 train_acc=0.922 | val_loss=1.3091 val_acc=0.667
      ep21 train_loss=0.6425 train_acc=0.942 | val_loss=1.5775 val_acc=0.667
      ep22 train_loss=0.6857 train_acc=0.934 | val_loss=1.7574 val_acc=0.667
      ep23 train_loss=0.6546 train_acc=0.942 | val_loss=1.8305 val_acc=0.333
      ep24 train_loss=0.7208 train_acc=0.901 | val_loss=1.8501 val_acc=0.667
      ep25 train_loss=0.6982 train_acc=0.922 | val_loss=1.0240 val_acc=0.667
      ep26 train_loss=0.6896 train_acc=0.930 | val_loss=1.6658 val_acc=0.667
      ep27 train_loss=0.6540 train_acc=0.955 | val_loss=1.8943 val_acc=0.667
      ep28 train_loss=0.6100 train_acc=0.971 | val_loss=1.3863 val_acc=0.667
      ep29 train_loss=0.6348 train_acc=0.967 | val_loss=1.7082 val_acc=0.667
      ep30 train_loss=0.6355 train_acc=0.959 | val_loss=1.6996 val_acc=0.667
      ep31 train_loss=0.6410 train_acc=0.967 | val_loss=1.5219 val_acc=0.667
      ep32 train_loss=0.6052 train_acc=0.979 | val_loss=1.7207 val_acc=0.667
      ep33 train_loss=0.6322 train_acc=0.984 | val_loss=1.5332 val_acc=0.667
      ep34 train_loss=0.6150 train_acc=0.955 | val_loss=0.5538 val_acc=1.000
      ep35 train_loss=0.6297 train_acc=0.975 | val_loss=1.3481 val_acc=0.667
      ep36 train_loss=0.6102 train_acc=0.971 | val_loss=1.5556 val_acc=0.667
      ep37 train_loss=0.6209 train_acc=0.959 | val_loss=2.0665 val_acc=0.667
      ep38 train_loss=0.5751 train_acc=0.996 | val_loss=1.7519 val_acc=0.667
      ep39 train_loss=0.5740 train_acc=0.979 | val_loss=1.5926 val_acc=0.667
    fold acc=0.667 time=371.0s | running pooled acc=0.600

--- Fold 9/26 | test sub09 (13 test, 233 train) ---
      ep00 train_loss=1.5990 train_acc=0.395 | val_loss=1.1252 val_acc=0.462
      ep01 train_loss=1.4015 train_acc=0.485 | val_loss=1.1461 val_acc=0.538
      ep02 train_loss=1.1689 train_acc=0.575 | val_loss=0.7645 val_acc=0.692
      ep03 train_loss=1.0228 train_acc=0.695 | val_loss=0.5018 val_acc=0.846
      ep04 train_loss=0.9849 train_acc=0.708 | val_loss=0.5465 val_acc=0.846
      ep05 train_loss=0.9347 train_acc=0.785 | val_loss=0.7706 val_acc=0.692
      ep06 train_loss=0.8810 train_acc=0.794 | val_loss=0.6999 val_acc=0.769
      ep07 train_loss=0.8277 train_acc=0.854 | val_loss=0.6385 val_acc=0.769
      ep08 train_loss=0.9428 train_acc=0.807 | val_loss=2.1859 val_acc=0.385
      ep09 train_loss=0.9826 train_acc=0.730 | val_loss=1.2037 val_acc=0.538
      ep10 train_loss=0.9161 train_acc=0.773 | val_loss=1.7481 val_acc=0.462
      ep11 train_loss=0.8856 train_acc=0.777 | val_loss=0.7804 val_acc=0.615
      ep12 train_loss=0.7732 train_acc=0.867 | val_loss=0.9378 val_acc=0.462
      ep13 train_loss=0.7753 train_acc=0.914 | val_loss=0.7443 val_acc=0.769
      ep14 train_loss=0.7253 train_acc=0.944 | val_loss=0.7055 val_acc=0.769
      ep15 train_loss=0.7092 train_acc=0.957 | val_loss=0.7975 val_acc=0.769
      ep16 train_loss=0.7638 train_acc=0.888 | val_loss=1.1783 val_acc=0.462
      ep17 train_loss=0.8022 train_acc=0.867 | val_loss=0.4957 val_acc=0.692
      ep18 train_loss=0.8088 train_acc=0.858 | val_loss=0.9376 val_acc=0.615
      ep19 train_loss=0.7804 train_acc=0.893 | val_loss=0.8120 val_acc=0.769
      ep20 train_loss=0.7289 train_acc=0.888 | val_loss=0.8862 val_acc=0.769
      ep21 train_loss=0.6718 train_acc=0.936 | val_loss=0.7743 val_acc=0.769
      ep22 train_loss=0.6784 train_acc=0.936 | val_loss=0.8079 val_acc=0.692
      ep23 train_loss=0.6764 train_acc=0.931 | val_loss=0.8518 val_acc=0.692
      ep24 train_loss=0.7181 train_acc=0.910 | val_loss=0.4538 val_acc=0.923
      ep25 train_loss=0.7516 train_acc=0.914 | val_loss=1.3078 val_acc=0.615
      ep26 train_loss=0.7369 train_acc=0.897 | val_loss=1.1217 val_acc=0.692
      ep27 train_loss=0.7067 train_acc=0.940 | val_loss=0.6431 val_acc=0.769
      ep28 train_loss=0.6246 train_acc=0.974 | val_loss=0.7363 val_acc=0.769
      ep29 train_loss=0.6457 train_acc=0.974 | val_loss=1.0036 val_acc=0.846
      ep30 train_loss=0.6504 train_acc=0.979 | val_loss=0.7710 val_acc=0.769
      ep31 train_loss=0.6586 train_acc=0.953 | val_loss=0.7686 val_acc=0.846
      ep32 train_loss=0.6575 train_acc=0.966 | val_loss=0.6533 val_acc=0.846
      ep33 train_loss=0.6912 train_acc=0.940 | val_loss=0.5796 val_acc=0.846
      ep34 train_loss=0.6961 train_acc=0.918 | val_loss=0.4845 val_acc=0.846
      ep35 train_loss=0.6787 train_acc=0.923 | val_loss=0.4316 val_acc=0.846
      ep36 train_loss=0.6271 train_acc=0.970 | val_loss=0.5562 val_acc=0.769
      ep37 train_loss=0.6175 train_acc=0.987 | val_loss=0.6266 val_acc=0.769
      ep38 train_loss=0.6256 train_acc=0.991 | val_loss=0.5102 val_acc=0.846
      ep39 train_loss=0.6363 train_acc=0.979 | val_loss=0.5110 val_acc=0.846
    fold acc=0.769 time=370.5s | running pooled acc=0.627

--- Fold 10/26 | test sub10 (13 test, 233 train) ---
      ep00 train_loss=1.5430 train_acc=0.416 | val_loss=0.7432 val_acc=0.846
      ep01 train_loss=1.3432 train_acc=0.511 | val_loss=0.7038 val_acc=0.846
      ep02 train_loss=1.1569 train_acc=0.567 | val_loss=1.0951 val_acc=0.385
      ep03 train_loss=0.9570 train_acc=0.730 | val_loss=0.5574 val_acc=0.846
      ep04 train_loss=0.9287 train_acc=0.738 | val_loss=0.3481 val_acc=0.923
      ep05 train_loss=0.8691 train_acc=0.790 | val_loss=0.3712 val_acc=0.923
      ep06 train_loss=0.8089 train_acc=0.824 | val_loss=0.3875 val_acc=1.000
      ep07 train_loss=0.7740 train_acc=0.863 | val_loss=0.3667 val_acc=1.000
      ep08 train_loss=0.9145 train_acc=0.790 | val_loss=0.2699 val_acc=0.923
      ep09 train_loss=1.0277 train_acc=0.717 | val_loss=0.4937 val_acc=0.923
      ep10 train_loss=0.9376 train_acc=0.768 | val_loss=0.4164 val_acc=0.923
      ep11 train_loss=0.8643 train_acc=0.794 | val_loss=0.5086 val_acc=0.846
      ep12 train_loss=0.7043 train_acc=0.867 | val_loss=0.4566 val_acc=0.769
      ep13 train_loss=0.6931 train_acc=0.927 | val_loss=0.3098 val_acc=0.923
      ep14 train_loss=0.6811 train_acc=0.923 | val_loss=0.3256 val_acc=0.923
      ep15 train_loss=0.6595 train_acc=0.931 | val_loss=0.3367 val_acc=0.923
      ep16 train_loss=0.7155 train_acc=0.914 | val_loss=1.1200 val_acc=0.538
      ep17 train_loss=0.7396 train_acc=0.858 | val_loss=0.5819 val_acc=0.923
      ep18 train_loss=0.7942 train_acc=0.858 | val_loss=0.6410 val_acc=0.846
      ep19 train_loss=0.7556 train_acc=0.876 | val_loss=0.5783 val_acc=0.769
      ep20 train_loss=0.6611 train_acc=0.918 | val_loss=0.6532 val_acc=0.769
      ep21 train_loss=0.6281 train_acc=0.966 | val_loss=0.3759 val_acc=0.923
      ep22 train_loss=0.6217 train_acc=0.957 | val_loss=0.4640 val_acc=0.846
      ep23 train_loss=0.6053 train_acc=0.957 | val_loss=0.5773 val_acc=0.692
      ep24 train_loss=0.6251 train_acc=0.961 | val_loss=0.3304 val_acc=1.000
      ep25 train_loss=0.6553 train_acc=0.918 | val_loss=0.2433 val_acc=1.000
      ep26 train_loss=0.6587 train_acc=0.927 | val_loss=0.6265 val_acc=0.769
      ep27 train_loss=0.6578 train_acc=0.927 | val_loss=0.4980 val_acc=0.923
      ep28 train_loss=0.5867 train_acc=0.979 | val_loss=0.4588 val_acc=0.846
      ep29 train_loss=0.6092 train_acc=0.957 | val_loss=0.4539 val_acc=0.923
      ep30 train_loss=0.5892 train_acc=0.970 | val_loss=0.3938 val_acc=0.923
      ep31 train_loss=0.6019 train_acc=0.953 | val_loss=0.4354 val_acc=0.923
      ep32 train_loss=0.6052 train_acc=0.970 | val_loss=0.8843 val_acc=0.615
      ep33 train_loss=0.6899 train_acc=0.940 | val_loss=0.1940 val_acc=1.000
      ep34 train_loss=0.6780 train_acc=0.918 | val_loss=0.5367 val_acc=0.769
      ep35 train_loss=0.6199 train_acc=0.953 | val_loss=0.5870 val_acc=0.846
      ep36 train_loss=0.5980 train_acc=0.974 | val_loss=0.4369 val_acc=0.846
      ep37 train_loss=0.5739 train_acc=0.983 | val_loss=0.5982 val_acc=0.769
      ep38 train_loss=0.5816 train_acc=0.991 | val_loss=0.3780 val_acc=0.923
      ep39 train_loss=0.5770 train_acc=0.991 | val_loss=0.4720 val_acc=0.846
    fold acc=0.923 time=368.0s | running pooled acc=0.667

--- Fold 11/26 | test sub11 (10 test, 236 train) ---
      ep00 train_loss=1.6075 train_acc=0.360 | val_loss=1.8974 val_acc=0.100
      ep01 train_loss=1.2334 train_acc=0.547 | val_loss=1.5956 val_acc=0.400
      ep02 train_loss=1.1067 train_acc=0.589 | val_loss=0.6965 val_acc=0.700
      ep03 train_loss=1.0944 train_acc=0.716 | val_loss=1.0259 val_acc=0.400
      ep04 train_loss=0.9491 train_acc=0.720 | val_loss=0.8976 val_acc=0.700
      ep05 train_loss=0.8378 train_acc=0.809 | val_loss=0.5607 val_acc=0.800
      ep06 train_loss=0.7964 train_acc=0.835 | val_loss=0.6565 val_acc=0.800
      ep07 train_loss=0.7654 train_acc=0.847 | val_loss=0.6207 val_acc=0.800
      ep08 train_loss=0.8156 train_acc=0.805 | val_loss=1.0213 val_acc=0.500
      ep09 train_loss=0.8386 train_acc=0.788 | val_loss=1.1004 val_acc=0.700
      ep10 train_loss=0.8534 train_acc=0.805 | val_loss=1.5611 val_acc=0.500
      ep11 train_loss=0.8709 train_acc=0.805 | val_loss=0.8284 val_acc=0.900
      ep12 train_loss=0.7724 train_acc=0.873 | val_loss=0.5373 val_acc=0.800
      ep13 train_loss=0.7710 train_acc=0.860 | val_loss=0.4353 val_acc=0.900
      ep14 train_loss=0.6532 train_acc=0.932 | val_loss=0.3714 val_acc=0.800
      ep15 train_loss=0.7120 train_acc=0.903 | val_loss=0.4079 val_acc=0.900
      ep16 train_loss=0.7653 train_acc=0.869 | val_loss=1.4554 val_acc=0.400
      ep17 train_loss=0.8697 train_acc=0.788 | val_loss=0.7889 val_acc=0.800
      ep18 train_loss=0.7557 train_acc=0.856 | val_loss=0.8068 val_acc=0.800
      ep19 train_loss=0.7174 train_acc=0.886 | val_loss=0.4814 val_acc=0.900
      ep20 train_loss=0.6689 train_acc=0.932 | val_loss=0.5160 val_acc=0.900
      ep21 train_loss=0.6633 train_acc=0.949 | val_loss=0.4351 val_acc=0.900
      ep22 train_loss=0.6371 train_acc=0.958 | val_loss=0.4452 val_acc=0.900
      ep23 train_loss=0.6391 train_acc=0.958 | val_loss=0.4243 val_acc=0.900
      ep24 train_loss=0.6647 train_acc=0.936 | val_loss=0.6852 val_acc=0.800
      ep25 train_loss=0.7364 train_acc=0.894 | val_loss=0.4769 val_acc=0.900
      ep26 train_loss=0.6902 train_acc=0.915 | val_loss=0.6096 val_acc=0.800
      ep27 train_loss=0.6671 train_acc=0.928 | val_loss=0.6711 val_acc=0.900
      ep28 train_loss=0.6176 train_acc=0.970 | val_loss=0.7205 val_acc=0.700
      ep29 train_loss=0.6451 train_acc=0.941 | val_loss=0.6887 val_acc=0.700
      ep30 train_loss=0.5935 train_acc=0.992 | val_loss=0.5010 val_acc=0.900
      ep31 train_loss=0.5908 train_acc=0.983 | val_loss=0.4980 val_acc=0.900
      ep32 train_loss=0.6245 train_acc=0.970 | val_loss=0.4731 val_acc=0.900
      ep33 train_loss=0.6361 train_acc=0.953 | val_loss=0.5627 val_acc=0.800
      ep34 train_loss=0.6153 train_acc=0.953 | val_loss=0.7025 val_acc=0.700
      ep35 train_loss=0.6082 train_acc=0.958 | val_loss=0.6533 val_acc=0.700
      ep36 train_loss=0.6155 train_acc=0.949 | val_loss=0.3885 val_acc=1.000
      ep37 train_loss=0.5868 train_acc=0.962 | val_loss=0.3895 val_acc=1.000
      ep38 train_loss=0.5836 train_acc=0.996 | val_loss=0.5101 val_acc=0.700
      ep39 train_loss=0.5518 train_acc=0.996 | val_loss=0.4714 val_acc=0.800
    fold acc=0.900 time=355.7s | running pooled acc=0.689

--- Fold 12/26 | test sub12 (12 test, 234 train) ---
      ep00 train_loss=1.6216 train_acc=0.410 | val_loss=1.2601 val_acc=0.500
      ep01 train_loss=1.3250 train_acc=0.534 | val_loss=0.8845 val_acc=0.667
      ep02 train_loss=1.2073 train_acc=0.590 | val_loss=0.9538 val_acc=0.583
      ep03 train_loss=1.0546 train_acc=0.684 | val_loss=0.2931 val_acc=0.833
      ep04 train_loss=0.9928 train_acc=0.714 | val_loss=0.3783 val_acc=0.917
      ep05 train_loss=0.9282 train_acc=0.791 | val_loss=0.4565 val_acc=0.750
      ep06 train_loss=0.8212 train_acc=0.842 | val_loss=0.3592 val_acc=0.833
      ep07 train_loss=0.8447 train_acc=0.812 | val_loss=0.3962 val_acc=0.833
      ep08 train_loss=0.8646 train_acc=0.821 | val_loss=0.6060 val_acc=0.750
      ep09 train_loss=1.0978 train_acc=0.675 | val_loss=0.7129 val_acc=0.833
      ep10 train_loss=0.8845 train_acc=0.791 | val_loss=0.3338 val_acc=0.917
      ep11 train_loss=0.7975 train_acc=0.821 | val_loss=0.8301 val_acc=0.750
      ep12 train_loss=0.7677 train_acc=0.868 | val_loss=0.3946 val_acc=0.833
      ep13 train_loss=0.7418 train_acc=0.876 | val_loss=0.2250 val_acc=1.000
      ep14 train_loss=0.7258 train_acc=0.910 | val_loss=0.2274 val_acc=1.000
      ep15 train_loss=0.7068 train_acc=0.906 | val_loss=0.2584 val_acc=0.917
      ep16 train_loss=0.7794 train_acc=0.872 | val_loss=0.5662 val_acc=0.833
      ep17 train_loss=0.8367 train_acc=0.829 | val_loss=0.2992 val_acc=0.917
      ep18 train_loss=0.8138 train_acc=0.821 | val_loss=0.7878 val_acc=0.750
      ep19 train_loss=0.7584 train_acc=0.906 | val_loss=0.4931 val_acc=0.750
      ep20 train_loss=0.7199 train_acc=0.910 | val_loss=0.3116 val_acc=0.917
      ep21 train_loss=0.6852 train_acc=0.944 | val_loss=0.4645 val_acc=0.833
      ep22 train_loss=0.6835 train_acc=0.927 | val_loss=0.4017 val_acc=0.833
      ep23 train_loss=0.6304 train_acc=0.957 | val_loss=0.3758 val_acc=0.833
      ep24 train_loss=0.6644 train_acc=0.940 | val_loss=0.4596 val_acc=0.833
      ep25 train_loss=0.6661 train_acc=0.923 | val_loss=0.1962 val_acc=0.917
      ep26 train_loss=0.7414 train_acc=0.889 | val_loss=0.9562 val_acc=0.667
      ep27 train_loss=0.7039 train_acc=0.949 | val_loss=0.2536 val_acc=0.917
      ep28 train_loss=0.6415 train_acc=0.970 | val_loss=0.3157 val_acc=1.000
      ep29 train_loss=0.6401 train_acc=0.966 | val_loss=0.3755 val_acc=0.917
      ep30 train_loss=0.6322 train_acc=0.962 | val_loss=0.3798 val_acc=0.833
      ep31 train_loss=0.6116 train_acc=0.987 | val_loss=0.3659 val_acc=0.917
      ep32 train_loss=0.6947 train_acc=0.944 | val_loss=0.5164 val_acc=0.833
      ep33 train_loss=0.6843 train_acc=0.940 | val_loss=0.3735 val_acc=0.833
      ep34 train_loss=0.6879 train_acc=0.932 | val_loss=0.6549 val_acc=0.833
      ep35 train_loss=0.6778 train_acc=0.932 | val_loss=0.5010 val_acc=0.917
      ep36 train_loss=0.6012 train_acc=0.991 | val_loss=0.2765 val_acc=0.917
      ep37 train_loss=0.6096 train_acc=0.991 | val_loss=0.2538 val_acc=1.000
      ep38 train_loss=0.6232 train_acc=0.970 | val_loss=0.3156 val_acc=0.917
      ep39 train_loss=0.6314 train_acc=0.987 | val_loss=0.2991 val_acc=0.917
    fold acc=0.917 time=354.7s | running pooled acc=0.712

--- Fold 13/26 | test sub13 (8 test, 238 train) ---
      ep00 train_loss=1.5083 train_acc=0.408 | val_loss=1.5122 val_acc=0.375
      ep01 train_loss=1.2681 train_acc=0.571 | val_loss=1.1144 val_acc=0.375
      ep02 train_loss=1.0586 train_acc=0.655 | val_loss=1.1222 val_acc=0.500
      ep03 train_loss=0.9604 train_acc=0.718 | val_loss=0.8780 val_acc=0.500
      ep04 train_loss=0.9879 train_acc=0.689 | val_loss=0.8478 val_acc=0.875
      ep05 train_loss=0.8304 train_acc=0.803 | val_loss=0.6553 val_acc=0.750
      ep06 train_loss=0.7965 train_acc=0.840 | val_loss=0.6416 val_acc=0.750
      ep07 train_loss=0.7742 train_acc=0.870 | val_loss=0.5728 val_acc=0.875
      ep08 train_loss=0.9775 train_acc=0.786 | val_loss=1.0762 val_acc=0.750
      ep09 train_loss=1.0761 train_acc=0.668 | val_loss=0.7732 val_acc=0.625
      ep10 train_loss=0.9477 train_acc=0.769 | val_loss=0.9839 val_acc=0.500
      ep11 train_loss=0.8097 train_acc=0.840 | val_loss=0.7948 val_acc=0.500
      ep12 train_loss=0.7450 train_acc=0.853 | val_loss=0.9975 val_acc=0.500
      ep13 train_loss=0.6990 train_acc=0.920 | val_loss=0.6319 val_acc=0.875
      ep14 train_loss=0.6476 train_acc=0.937 | val_loss=0.5868 val_acc=0.750
      ep15 train_loss=0.6379 train_acc=0.945 | val_loss=0.5010 val_acc=0.750
      ep16 train_loss=0.7011 train_acc=0.916 | val_loss=1.4571 val_acc=0.625
      ep17 train_loss=0.7816 train_acc=0.836 | val_loss=0.3883 val_acc=0.875
      ep18 train_loss=0.7773 train_acc=0.878 | val_loss=0.6338 val_acc=0.750
      ep19 train_loss=0.7399 train_acc=0.887 | val_loss=0.4456 val_acc=0.875
      ep20 train_loss=0.6626 train_acc=0.933 | val_loss=0.8752 val_acc=0.500
      ep21 train_loss=0.6681 train_acc=0.929 | val_loss=0.9053 val_acc=0.625
      ep22 train_loss=0.6160 train_acc=0.983 | val_loss=0.7121 val_acc=0.625
      ep23 train_loss=0.6487 train_acc=0.950 | val_loss=0.6930 val_acc=0.625
      ep24 train_loss=0.6344 train_acc=0.958 | val_loss=0.7420 val_acc=0.750
      ep25 train_loss=0.6868 train_acc=0.912 | val_loss=0.4707 val_acc=0.875
      ep26 train_loss=0.7337 train_acc=0.887 | val_loss=1.1110 val_acc=0.500
      ep27 train_loss=0.6881 train_acc=0.908 | val_loss=1.0741 val_acc=0.750
      ep28 train_loss=0.6745 train_acc=0.929 | val_loss=0.6682 val_acc=0.750
      ep29 train_loss=0.6147 train_acc=0.975 | val_loss=0.5381 val_acc=0.750
      ep30 train_loss=0.5985 train_acc=0.992 | val_loss=0.5113 val_acc=0.750
      ep31 train_loss=0.6069 train_acc=0.983 | val_loss=0.4630 val_acc=0.875
      ep32 train_loss=0.6149 train_acc=0.983 | val_loss=0.5064 val_acc=0.875
      ep33 train_loss=0.7180 train_acc=0.933 | val_loss=0.7021 val_acc=0.750
      ep34 train_loss=0.7105 train_acc=0.903 | val_loss=0.5444 val_acc=0.750
      ep35 train_loss=0.6701 train_acc=0.941 | val_loss=1.0932 val_acc=0.500
      ep36 train_loss=0.6149 train_acc=0.945 | val_loss=0.9314 val_acc=0.625
      ep37 train_loss=0.5957 train_acc=0.987 | val_loss=0.7283 val_acc=0.500
      ep38 train_loss=0.5927 train_acc=0.983 | val_loss=0.8655 val_acc=0.500
      ep39 train_loss=0.5744 train_acc=0.996 | val_loss=0.7162 val_acc=0.625
    fold acc=0.875 time=355.2s | running pooled acc=0.722

--- Fold 14/26 | test sub14 (4 test, 242 train) ---
      ep00 train_loss=1.5263 train_acc=0.401 | val_loss=0.8874 val_acc=0.750
      ep01 train_loss=1.1963 train_acc=0.541 | val_loss=2.0197 val_acc=0.000
      ep02 train_loss=1.1523 train_acc=0.579 | val_loss=1.3350 val_acc=0.500
      ep03 train_loss=0.9450 train_acc=0.711 | val_loss=0.7117 val_acc=0.750
      ep04 train_loss=0.9142 train_acc=0.744 | val_loss=1.3353 val_acc=0.250
      ep05 train_loss=0.8626 train_acc=0.818 | val_loss=1.2211 val_acc=0.750
      ep06 train_loss=0.8038 train_acc=0.851 | val_loss=1.1727 val_acc=0.750
      ep07 train_loss=0.8057 train_acc=0.851 | val_loss=1.1596 val_acc=0.750
      ep08 train_loss=0.9110 train_acc=0.760 | val_loss=0.4254 val_acc=1.000
      ep09 train_loss=0.9258 train_acc=0.798 | val_loss=1.1772 val_acc=0.500
      ep10 train_loss=1.0260 train_acc=0.744 | val_loss=2.2865 val_acc=0.000
      ep11 train_loss=0.9374 train_acc=0.731 | val_loss=0.4767 val_acc=0.750
      ep12 train_loss=0.8115 train_acc=0.851 | val_loss=1.2409 val_acc=0.500
      ep13 train_loss=0.7871 train_acc=0.888 | val_loss=1.2304 val_acc=0.750
      ep14 train_loss=0.7623 train_acc=0.872 | val_loss=1.3199 val_acc=0.500
      ep15 train_loss=0.6737 train_acc=0.942 | val_loss=1.5646 val_acc=0.250
      ep16 train_loss=0.7573 train_acc=0.901 | val_loss=0.7493 val_acc=0.750
      ep17 train_loss=0.8392 train_acc=0.822 | val_loss=1.8528 val_acc=0.250
      ep18 train_loss=0.7419 train_acc=0.876 | val_loss=2.2119 val_acc=0.000
      ep19 train_loss=0.7389 train_acc=0.893 | val_loss=2.2135 val_acc=0.250
      ep20 train_loss=0.7039 train_acc=0.938 | val_loss=0.8328 val_acc=0.750
      ep21 train_loss=0.6549 train_acc=0.938 | val_loss=0.9819 val_acc=0.500
      ep22 train_loss=0.6412 train_acc=0.959 | val_loss=1.1572 val_acc=0.500
      ep23 train_loss=0.6147 train_acc=0.971 | val_loss=0.9845 val_acc=0.500
      ep24 train_loss=0.6509 train_acc=0.938 | val_loss=2.2656 val_acc=0.000
      ep25 train_loss=0.7273 train_acc=0.909 | val_loss=2.4059 val_acc=0.000
      ep26 train_loss=0.7189 train_acc=0.921 | val_loss=2.1557 val_acc=0.250
      ep27 train_loss=0.6793 train_acc=0.938 | val_loss=1.6717 val_acc=0.250
      ep28 train_loss=0.6365 train_acc=0.955 | val_loss=1.5474 val_acc=0.250
      ep29 train_loss=0.6087 train_acc=0.975 | val_loss=1.0061 val_acc=0.250
      ep30 train_loss=0.6132 train_acc=0.979 | val_loss=1.2280 val_acc=0.250
      ep31 train_loss=0.6072 train_acc=0.975 | val_loss=1.2927 val_acc=0.250
      ep32 train_loss=0.6298 train_acc=0.963 | val_loss=1.2715 val_acc=0.750
      ep33 train_loss=0.6899 train_acc=0.921 | val_loss=0.9311 val_acc=0.250
      ep34 train_loss=0.7428 train_acc=0.876 | val_loss=1.0722 val_acc=0.500
      ep35 train_loss=0.7056 train_acc=0.938 | val_loss=1.0592 val_acc=0.500
      ep36 train_loss=0.6481 train_acc=0.959 | val_loss=1.4025 val_acc=0.500
      ep37 train_loss=0.6465 train_acc=0.959 | val_loss=1.4164 val_acc=0.500
      ep38 train_loss=0.6380 train_acc=0.967 | val_loss=1.1544 val_acc=0.500
      ep39 train_loss=0.6254 train_acc=0.959 | val_loss=1.4444 val_acc=0.500
    fold acc=0.500 time=356.2s | running pooled acc=0.715

--- Fold 15/26 | test sub15 (3 test, 243 train) ---
      ep00 train_loss=1.5529 train_acc=0.350 | val_loss=1.0521 val_acc=0.333
      ep01 train_loss=1.2514 train_acc=0.547 | val_loss=0.8645 val_acc=0.667
      ep02 train_loss=1.1240 train_acc=0.638 | val_loss=1.2289 val_acc=0.333
      ep03 train_loss=1.0941 train_acc=0.621 | val_loss=0.8140 val_acc=1.000
      ep04 train_loss=1.0101 train_acc=0.720 | val_loss=0.6161 val_acc=0.667
      ep05 train_loss=0.8745 train_acc=0.761 | val_loss=0.4245 val_acc=1.000
      ep06 train_loss=0.7474 train_acc=0.889 | val_loss=0.6230 val_acc=1.000
      ep07 train_loss=0.7414 train_acc=0.856 | val_loss=0.6595 val_acc=0.667
      ep08 train_loss=0.9246 train_acc=0.753 | val_loss=0.9653 val_acc=0.667
      ep09 train_loss=1.0201 train_acc=0.724 | val_loss=1.5082 val_acc=0.333
      ep10 train_loss=0.8562 train_acc=0.770 | val_loss=0.8818 val_acc=0.667
      ep11 train_loss=0.7796 train_acc=0.852 | val_loss=1.0413 val_acc=0.667
      ep12 train_loss=0.7769 train_acc=0.852 | val_loss=0.5417 val_acc=0.667
      ep13 train_loss=0.7194 train_acc=0.926 | val_loss=0.8935 val_acc=0.667
      ep14 train_loss=0.6997 train_acc=0.930 | val_loss=0.5683 val_acc=0.667
      ep15 train_loss=0.6507 train_acc=0.938 | val_loss=0.5511 val_acc=0.667
      ep16 train_loss=0.8539 train_acc=0.844 | val_loss=0.8591 val_acc=0.667
      ep17 train_loss=0.8736 train_acc=0.786 | val_loss=1.3878 val_acc=0.667
      ep18 train_loss=0.8663 train_acc=0.790 | val_loss=0.6082 val_acc=0.667
      ep19 train_loss=0.7321 train_acc=0.856 | val_loss=0.6180 val_acc=0.667
      ep20 train_loss=0.7079 train_acc=0.905 | val_loss=0.8859 val_acc=0.667
      ep21 train_loss=0.6525 train_acc=0.930 | val_loss=0.5861 val_acc=0.667
      ep22 train_loss=0.6479 train_acc=0.942 | val_loss=0.6399 val_acc=0.667
      ep23 train_loss=0.6415 train_acc=0.967 | val_loss=0.5667 val_acc=0.667
      ep24 train_loss=0.7323 train_acc=0.926 | val_loss=0.4358 val_acc=1.000
      ep25 train_loss=0.6980 train_acc=0.934 | val_loss=0.8035 val_acc=0.667
      ep26 train_loss=0.7459 train_acc=0.885 | val_loss=1.1940 val_acc=0.333
      ep27 train_loss=0.6572 train_acc=0.955 | val_loss=1.2184 val_acc=0.667
      ep28 train_loss=0.6493 train_acc=0.955 | val_loss=0.9582 val_acc=0.667
      ep29 train_loss=0.6433 train_acc=0.963 | val_loss=0.8314 val_acc=0.667
      ep30 train_loss=0.6503 train_acc=0.947 | val_loss=0.8029 val_acc=0.667
      ep31 train_loss=0.6635 train_acc=0.942 | val_loss=0.8647 val_acc=0.667
      ep32 train_loss=0.6187 train_acc=0.975 | val_loss=0.4120 val_acc=1.000
      ep33 train_loss=0.6515 train_acc=0.967 | val_loss=0.7205 val_acc=0.667
      ep34 train_loss=0.6043 train_acc=0.979 | val_loss=0.7344 val_acc=0.667
      ep35 train_loss=0.6052 train_acc=0.963 | val_loss=0.6231 val_acc=0.667
      ep36 train_loss=0.6278 train_acc=0.979 | val_loss=0.6444 val_acc=0.667
      ep37 train_loss=0.6385 train_acc=0.963 | val_loss=0.3733 val_acc=1.000
      ep38 train_loss=0.5913 train_acc=0.988 | val_loss=0.3624 val_acc=1.000
      ep39 train_loss=0.5750 train_acc=0.984 | val_loss=0.4020 val_acc=1.000
    fold acc=0.667 time=362.7s | running pooled acc=0.714

--- Fold 16/26 | test sub16 (4 test, 242 train) ---
      ep00 train_loss=1.5183 train_acc=0.384 | val_loss=1.4791 val_acc=0.500
      ep01 train_loss=1.1446 train_acc=0.612 | val_loss=1.6636 val_acc=0.250
      ep02 train_loss=1.1290 train_acc=0.645 | val_loss=1.5904 val_acc=0.250
      ep03 train_loss=0.9440 train_acc=0.719 | val_loss=1.2711 val_acc=0.500
      ep04 train_loss=0.9508 train_acc=0.707 | val_loss=1.5117 val_acc=0.500
      ep05 train_loss=0.8662 train_acc=0.789 | val_loss=1.3221 val_acc=0.500
      ep06 train_loss=0.8192 train_acc=0.843 | val_loss=1.2434 val_acc=0.500
      ep07 train_loss=0.7687 train_acc=0.847 | val_loss=1.2459 val_acc=0.500
      ep08 train_loss=0.9462 train_acc=0.740 | val_loss=1.7732 val_acc=0.500
      ep09 train_loss=1.0167 train_acc=0.740 | val_loss=1.7571 val_acc=0.000
      ep10 train_loss=1.0132 train_acc=0.740 | val_loss=1.2453 val_acc=0.500
      ep11 train_loss=0.8869 train_acc=0.777 | val_loss=1.2094 val_acc=0.500
      ep12 train_loss=0.8301 train_acc=0.831 | val_loss=1.4281 val_acc=0.500
      ep13 train_loss=0.7979 train_acc=0.872 | val_loss=1.3565 val_acc=0.500
      ep14 train_loss=0.7652 train_acc=0.901 | val_loss=1.4148 val_acc=0.500
      ep15 train_loss=0.6668 train_acc=0.930 | val_loss=1.3243 val_acc=0.500
      ep16 train_loss=0.7383 train_acc=0.926 | val_loss=0.8781 val_acc=0.750
      ep17 train_loss=0.8340 train_acc=0.851 | val_loss=1.1188 val_acc=0.500
      ep18 train_loss=0.7563 train_acc=0.847 | val_loss=1.4567 val_acc=0.250
      ep19 train_loss=0.7693 train_acc=0.893 | val_loss=1.2164 val_acc=0.500
      ep20 train_loss=0.6650 train_acc=0.959 | val_loss=1.2752 val_acc=0.500
      ep21 train_loss=0.6594 train_acc=0.942 | val_loss=1.4067 val_acc=0.500
      ep22 train_loss=0.6236 train_acc=0.955 | val_loss=1.3028 val_acc=0.500
      ep23 train_loss=0.6097 train_acc=0.983 | val_loss=1.2253 val_acc=0.500
      ep24 train_loss=0.6823 train_acc=0.930 | val_loss=1.4581 val_acc=0.500
      ep25 train_loss=0.7176 train_acc=0.909 | val_loss=1.9448 val_acc=0.250
      ep26 train_loss=0.7141 train_acc=0.897 | val_loss=1.4175 val_acc=0.250
      ep27 train_loss=0.6738 train_acc=0.934 | val_loss=1.4651 val_acc=0.500
      ep28 train_loss=0.6498 train_acc=0.946 | val_loss=1.2569 val_acc=0.500
      ep29 train_loss=0.6278 train_acc=0.950 | val_loss=1.1121 val_acc=0.500
      ep30 train_loss=0.6065 train_acc=0.983 | val_loss=1.1591 val_acc=0.500
      ep31 train_loss=0.6166 train_acc=0.959 | val_loss=1.1256 val_acc=0.500
      ep32 train_loss=0.6433 train_acc=0.975 | val_loss=1.3133 val_acc=0.250
      ep33 train_loss=0.7381 train_acc=0.926 | val_loss=1.9676 val_acc=0.250
      ep34 train_loss=0.7019 train_acc=0.917 | val_loss=2.0791 val_acc=0.250
      ep35 train_loss=0.7370 train_acc=0.938 | val_loss=1.6459 val_acc=0.250
      ep36 train_loss=0.6574 train_acc=0.950 | val_loss=1.9973 val_acc=0.250
      ep37 train_loss=0.6308 train_acc=0.967 | val_loss=1.7349 val_acc=0.250
      ep38 train_loss=0.6356 train_acc=0.967 | val_loss=1.5937 val_acc=0.250
      ep39 train_loss=0.6387 train_acc=0.955 | val_loss=1.7576 val_acc=0.250
    fold acc=0.500 time=371.5s | running pooled acc=0.708

--- Fold 17/26 | test sub17 (34 test, 212 train) ---
      ep00 train_loss=1.5539 train_acc=0.387 | val_loss=1.8382 val_acc=0.118
      ep01 train_loss=1.3517 train_acc=0.514 | val_loss=1.7119 val_acc=0.294
      ep02 train_loss=1.1904 train_acc=0.594 | val_loss=1.0771 val_acc=0.618
      ep03 train_loss=1.0958 train_acc=0.660 | val_loss=1.2372 val_acc=0.441
      ep04 train_loss=0.9949 train_acc=0.759 | val_loss=0.7705 val_acc=0.706
      ep05 train_loss=0.9380 train_acc=0.792 | val_loss=1.0300 val_acc=0.618
      ep06 train_loss=0.8462 train_acc=0.816 | val_loss=1.0129 val_acc=0.647
      ep07 train_loss=0.8616 train_acc=0.825 | val_loss=0.9127 val_acc=0.676
      ep08 train_loss=0.9065 train_acc=0.759 | val_loss=1.3656 val_acc=0.529
      ep09 train_loss=0.9987 train_acc=0.726 | val_loss=0.9216 val_acc=0.618
      ep10 train_loss=0.9774 train_acc=0.778 | val_loss=1.2007 val_acc=0.529
      ep11 train_loss=0.9239 train_acc=0.769 | val_loss=0.9769 val_acc=0.588
      ep12 train_loss=0.8691 train_acc=0.816 | val_loss=1.3885 val_acc=0.412
      ep13 train_loss=0.7692 train_acc=0.868 | val_loss=1.0749 val_acc=0.500
      ep14 train_loss=0.7038 train_acc=0.943 | val_loss=1.0971 val_acc=0.529
      ep15 train_loss=0.7714 train_acc=0.892 | val_loss=1.0107 val_acc=0.588
      ep16 train_loss=0.7876 train_acc=0.849 | val_loss=1.0812 val_acc=0.559
      ep17 train_loss=0.8712 train_acc=0.844 | val_loss=1.2586 val_acc=0.588
      ep18 train_loss=0.8255 train_acc=0.854 | val_loss=1.1646 val_acc=0.471
      ep19 train_loss=0.7822 train_acc=0.873 | val_loss=1.3617 val_acc=0.382
      ep20 train_loss=0.7891 train_acc=0.877 | val_loss=1.1471 val_acc=0.529
      ep21 train_loss=0.7150 train_acc=0.934 | val_loss=0.8508 val_acc=0.647
      ep22 train_loss=0.6891 train_acc=0.948 | val_loss=1.0659 val_acc=0.559
      ep23 train_loss=0.7236 train_acc=0.939 | val_loss=1.0783 val_acc=0.471
      ep24 train_loss=0.7026 train_acc=0.920 | val_loss=1.0685 val_acc=0.559
      ep25 train_loss=0.7374 train_acc=0.915 | val_loss=0.6943 val_acc=0.765
      ep26 train_loss=0.7590 train_acc=0.920 | val_loss=0.9519 val_acc=0.559
      ep27 train_loss=0.7595 train_acc=0.915 | val_loss=1.1373 val_acc=0.500
      ep28 train_loss=0.6906 train_acc=0.948 | val_loss=1.0850 val_acc=0.471
      ep29 train_loss=0.6753 train_acc=0.948 | val_loss=1.0715 val_acc=0.588
      ep30 train_loss=0.6527 train_acc=0.953 | val_loss=1.1494 val_acc=0.441
      ep31 train_loss=0.6708 train_acc=0.967 | val_loss=1.1287 val_acc=0.412
      ep32 train_loss=0.6612 train_acc=0.948 | val_loss=1.1407 val_acc=0.500
      ep33 train_loss=0.6840 train_acc=0.925 | val_loss=1.1700 val_acc=0.441
      ep34 train_loss=0.6864 train_acc=0.948 | val_loss=0.7881 val_acc=0.676
      ep35 train_loss=0.7105 train_acc=0.953 | val_loss=1.1542 val_acc=0.618
      ep36 train_loss=0.6807 train_acc=0.953 | val_loss=0.9710 val_acc=0.529
      ep37 train_loss=0.6606 train_acc=0.972 | val_loss=1.2364 val_acc=0.412
      ep38 train_loss=0.6344 train_acc=0.976 | val_loss=1.0885 val_acc=0.529
      ep39 train_loss=0.6253 train_acc=0.981 | val_loss=1.0546 val_acc=0.500
    fold acc=0.500 time=369.8s | running pooled acc=0.667

--- Fold 18/26 | test sub18 (3 test, 243 train) ---
      ep00 train_loss=1.5465 train_acc=0.350 | val_loss=0.3470 val_acc=1.000
      ep01 train_loss=1.2080 train_acc=0.560 | val_loss=1.2758 val_acc=0.333
      ep02 train_loss=1.1259 train_acc=0.630 | val_loss=0.8988 val_acc=0.667
      ep03 train_loss=1.1054 train_acc=0.630 | val_loss=0.9179 val_acc=0.667
      ep04 train_loss=0.9859 train_acc=0.704 | val_loss=1.0391 val_acc=0.333
      ep05 train_loss=0.8950 train_acc=0.778 | val_loss=0.9306 val_acc=0.667
      ep06 train_loss=0.7640 train_acc=0.877 | val_loss=0.6215 val_acc=1.000
      ep07 train_loss=0.7597 train_acc=0.831 | val_loss=0.8008 val_acc=0.333
      ep08 train_loss=0.8986 train_acc=0.749 | val_loss=1.5638 val_acc=0.000
      ep09 train_loss=0.9986 train_acc=0.733 | val_loss=0.6061 val_acc=1.000
      ep10 train_loss=0.9419 train_acc=0.757 | val_loss=0.9663 val_acc=0.667
      ep11 train_loss=0.8384 train_acc=0.844 | val_loss=0.5100 val_acc=1.000
      ep12 train_loss=0.7671 train_acc=0.852 | val_loss=0.5694 val_acc=1.000
      ep13 train_loss=0.7522 train_acc=0.872 | val_loss=0.4578 val_acc=1.000
      ep14 train_loss=0.7173 train_acc=0.885 | val_loss=0.6038 val_acc=1.000
      ep15 train_loss=0.6529 train_acc=0.934 | val_loss=0.7637 val_acc=1.000
      ep16 train_loss=0.7762 train_acc=0.868 | val_loss=0.5190 val_acc=1.000
      ep17 train_loss=0.8198 train_acc=0.868 | val_loss=0.4408 val_acc=1.000
      ep18 train_loss=0.7530 train_acc=0.864 | val_loss=1.2451 val_acc=0.000
      ep19 train_loss=0.7338 train_acc=0.893 | val_loss=0.7453 val_acc=1.000
      ep20 train_loss=0.6937 train_acc=0.934 | val_loss=0.7843 val_acc=0.333
      ep21 train_loss=0.6233 train_acc=0.967 | val_loss=0.7876 val_acc=0.333
      ep22 train_loss=0.6255 train_acc=0.955 | val_loss=0.6930 val_acc=0.667
      ep23 train_loss=0.6246 train_acc=0.955 | val_loss=0.6389 val_acc=0.667
      ep24 train_loss=0.7286 train_acc=0.897 | val_loss=1.0526 val_acc=0.667
      ep25 train_loss=0.7427 train_acc=0.893 | val_loss=0.5637 val_acc=0.667
      ep26 train_loss=0.7634 train_acc=0.889 | val_loss=0.4267 val_acc=1.000
      ep27 train_loss=0.6596 train_acc=0.922 | val_loss=0.9674 val_acc=0.667
      ep28 train_loss=0.6375 train_acc=0.955 | val_loss=0.5998 val_acc=0.667
      ep29 train_loss=0.6318 train_acc=0.955 | val_loss=0.3573 val_acc=1.000
      ep30 train_loss=0.6474 train_acc=0.942 | val_loss=0.5665 val_acc=1.000
      ep31 train_loss=0.6198 train_acc=0.967 | val_loss=0.5452 val_acc=1.000
      ep32 train_loss=0.6133 train_acc=0.955 | val_loss=1.1590 val_acc=0.667
      ep33 train_loss=0.6138 train_acc=0.975 | val_loss=0.4123 val_acc=1.000
      ep34 train_loss=0.6467 train_acc=0.934 | val_loss=0.5486 val_acc=1.000
      ep35 train_loss=0.6370 train_acc=0.947 | val_loss=0.7579 val_acc=0.667
      ep36 train_loss=0.5964 train_acc=0.988 | val_loss=1.0041 val_acc=0.667
      ep37 train_loss=0.6278 train_acc=0.975 | val_loss=0.9710 val_acc=0.667
      ep38 train_loss=0.5929 train_acc=0.996 | val_loss=0.7315 val_acc=0.667
      ep39 train_loss=0.5760 train_acc=0.975 | val_loss=0.7333 val_acc=0.667
    fold acc=0.667 time=371.6s | running pooled acc=0.667

--- Fold 19/26 | test sub19 (15 test, 231 train) ---
      ep00 train_loss=1.5376 train_acc=0.364 | val_loss=1.0081 val_acc=0.400
      ep01 train_loss=1.2958 train_acc=0.563 | val_loss=1.1342 val_acc=0.533
      ep02 train_loss=1.1163 train_acc=0.641 | val_loss=0.6525 val_acc=0.733
      ep03 train_loss=1.0352 train_acc=0.688 | val_loss=0.7884 val_acc=0.600
      ep04 train_loss=0.9478 train_acc=0.745 | val_loss=0.7711 val_acc=0.667
      ep05 train_loss=0.8336 train_acc=0.844 | val_loss=0.9822 val_acc=0.600
      ep06 train_loss=0.7782 train_acc=0.879 | val_loss=0.7710 val_acc=0.733
      ep07 train_loss=0.8147 train_acc=0.848 | val_loss=0.7574 val_acc=0.733
      ep08 train_loss=0.9549 train_acc=0.771 | val_loss=0.7715 val_acc=0.733
      ep09 train_loss=1.1228 train_acc=0.662 | val_loss=0.5808 val_acc=0.733
      ep10 train_loss=0.9627 train_acc=0.701 | val_loss=0.8589 val_acc=0.800
      ep11 train_loss=0.8649 train_acc=0.831 | val_loss=0.6205 val_acc=0.667
      ep12 train_loss=0.7952 train_acc=0.866 | val_loss=0.6142 val_acc=0.867
      ep13 train_loss=0.7530 train_acc=0.909 | val_loss=0.7729 val_acc=0.867
      ep14 train_loss=0.6997 train_acc=0.944 | val_loss=0.6955 val_acc=0.800
      ep15 train_loss=0.7634 train_acc=0.892 | val_loss=0.7432 val_acc=0.800
      ep16 train_loss=0.7281 train_acc=0.866 | val_loss=0.6159 val_acc=0.800
      ep17 train_loss=0.7757 train_acc=0.835 | val_loss=1.2161 val_acc=0.533
      ep18 train_loss=0.8078 train_acc=0.853 | val_loss=0.8476 val_acc=0.667
      ep19 train_loss=0.7410 train_acc=0.931 | val_loss=1.0217 val_acc=0.733
      ep20 train_loss=0.7082 train_acc=0.900 | val_loss=0.9419 val_acc=0.667
      ep21 train_loss=0.6815 train_acc=0.961 | val_loss=0.6737 val_acc=0.800
      ep22 train_loss=0.6651 train_acc=0.974 | val_loss=0.7414 val_acc=0.800
      ep23 train_loss=0.6719 train_acc=0.952 | val_loss=0.7379 val_acc=0.733
      ep24 train_loss=0.6837 train_acc=0.961 | val_loss=1.8555 val_acc=0.800
      ep25 train_loss=0.8626 train_acc=0.853 | val_loss=1.1639 val_acc=0.733
      ep26 train_loss=0.8030 train_acc=0.840 | val_loss=1.3262 val_acc=0.867
      ep27 train_loss=0.7543 train_acc=0.887 | val_loss=0.8375 val_acc=0.800
      ep28 train_loss=0.6900 train_acc=0.931 | val_loss=0.9071 val_acc=0.867
      ep29 train_loss=0.7089 train_acc=0.957 | val_loss=1.0838 val_acc=0.600
      ep30 train_loss=0.6609 train_acc=0.957 | val_loss=1.0519 val_acc=0.667
      ep31 train_loss=0.6189 train_acc=0.983 | val_loss=0.9989 val_acc=0.733
      ep32 train_loss=0.6516 train_acc=0.944 | val_loss=1.3246 val_acc=0.600
      ep33 train_loss=0.7054 train_acc=0.948 | val_loss=1.7316 val_acc=0.533
      ep34 train_loss=0.6800 train_acc=0.935 | val_loss=1.1523 val_acc=0.667
      ep35 train_loss=0.6558 train_acc=0.948 | val_loss=0.8543 val_acc=0.800
      ep36 train_loss=0.6484 train_acc=0.978 | val_loss=0.7725 val_acc=0.933
      ep37 train_loss=0.6186 train_acc=0.974 | val_loss=0.7902 val_acc=0.800
      ep38 train_loss=0.5896 train_acc=1.000 | val_loss=0.8324 val_acc=0.733
      ep39 train_loss=0.6259 train_acc=0.983 | val_loss=0.7997 val_acc=0.800
    fold acc=0.867 time=369.1s | running pooled acc=0.683

--- Fold 20/26 | test sub20 (11 test, 235 train) ---
      ep00 train_loss=1.5870 train_acc=0.349 | val_loss=1.6827 val_acc=0.273
      ep01 train_loss=1.2958 train_acc=0.532 | val_loss=1.2715 val_acc=0.364
      ep02 train_loss=1.1067 train_acc=0.630 | val_loss=1.4444 val_acc=0.273
      ep03 train_loss=1.0431 train_acc=0.638 | val_loss=1.0418 val_acc=0.455
      ep04 train_loss=0.9332 train_acc=0.757 | val_loss=1.0231 val_acc=0.364
      ep05 train_loss=0.9111 train_acc=0.736 | val_loss=0.7817 val_acc=0.636
      ep06 train_loss=0.8177 train_acc=0.817 | val_loss=0.9466 val_acc=0.545
      ep07 train_loss=0.7639 train_acc=0.868 | val_loss=0.8557 val_acc=0.727
      ep08 train_loss=0.9307 train_acc=0.740 | val_loss=1.2289 val_acc=0.364
      ep09 train_loss=1.0723 train_acc=0.655 | val_loss=1.6182 val_acc=0.364
      ep10 train_loss=0.9366 train_acc=0.762 | val_loss=1.3183 val_acc=0.545
      ep11 train_loss=0.8861 train_acc=0.800 | val_loss=1.0604 val_acc=0.727
      ep12 train_loss=0.7836 train_acc=0.838 | val_loss=0.7949 val_acc=0.636
      ep13 train_loss=0.7908 train_acc=0.830 | val_loss=0.6758 val_acc=0.727
      ep14 train_loss=0.6842 train_acc=0.919 | val_loss=0.8217 val_acc=0.545
      ep15 train_loss=0.6461 train_acc=0.953 | val_loss=0.7206 val_acc=0.636
      ep16 train_loss=0.8264 train_acc=0.843 | val_loss=2.4158 val_acc=0.182
      ep17 train_loss=0.9042 train_acc=0.736 | val_loss=0.8747 val_acc=0.545
      ep18 train_loss=0.8053 train_acc=0.860 | val_loss=1.5489 val_acc=0.545
      ep19 train_loss=0.7845 train_acc=0.902 | val_loss=1.3281 val_acc=0.545
      ep20 train_loss=0.7017 train_acc=0.911 | val_loss=1.1422 val_acc=0.364
      ep21 train_loss=0.6580 train_acc=0.945 | val_loss=0.9088 val_acc=0.545
      ep22 train_loss=0.6596 train_acc=0.940 | val_loss=0.9126 val_acc=0.545
      ep23 train_loss=0.6451 train_acc=0.957 | val_loss=0.8649 val_acc=0.636
      ep24 train_loss=0.6293 train_acc=0.962 | val_loss=1.0762 val_acc=0.545
      ep25 train_loss=0.6852 train_acc=0.919 | val_loss=1.0320 val_acc=0.545
      ep26 train_loss=0.7308 train_acc=0.906 | val_loss=1.1204 val_acc=0.364
      ep27 train_loss=0.6786 train_acc=0.919 | val_loss=1.0605 val_acc=0.455
      ep28 train_loss=0.6627 train_acc=0.949 | val_loss=1.4193 val_acc=0.455
      ep29 train_loss=0.6532 train_acc=0.949 | val_loss=0.7638 val_acc=0.636
      ep30 train_loss=0.5724 train_acc=0.979 | val_loss=0.8426 val_acc=0.727
      ep31 train_loss=0.5747 train_acc=0.991 | val_loss=0.8685 val_acc=0.636
      ep32 train_loss=0.5881 train_acc=0.966 | val_loss=1.0747 val_acc=0.455
      ep33 train_loss=0.6424 train_acc=0.940 | val_loss=0.9389 val_acc=0.636
      ep34 train_loss=0.6937 train_acc=0.923 | val_loss=1.0976 val_acc=0.636
      ep35 train_loss=0.6207 train_acc=0.953 | val_loss=1.1358 val_acc=0.545
      ep36 train_loss=0.5900 train_acc=0.983 | val_loss=0.7060 val_acc=0.909
      ep37 train_loss=0.5899 train_acc=0.983 | val_loss=0.8935 val_acc=0.727
      ep38 train_loss=0.5860 train_acc=0.983 | val_loss=0.7521 val_acc=0.727
      ep39 train_loss=0.6109 train_acc=0.974 | val_loss=0.7664 val_acc=0.727
    fold acc=0.818 time=367.6s | running pooled acc=0.690

--- Fold 21/26 | test sub21 (2 test, 244 train) ---
      ep00 train_loss=1.5606 train_acc=0.377 | val_loss=2.3026 val_acc=0.500
      ep01 train_loss=1.2625 train_acc=0.525 | val_loss=2.7479 val_acc=0.000
      ep02 train_loss=1.1248 train_acc=0.607 | val_loss=3.2732 val_acc=0.000
      ep03 train_loss=1.0629 train_acc=0.693 | val_loss=3.3437 val_acc=0.500
      ep04 train_loss=0.9801 train_acc=0.717 | val_loss=2.7064 val_acc=0.000
      ep05 train_loss=0.9119 train_acc=0.783 | val_loss=3.3882 val_acc=0.000
      ep06 train_loss=0.7782 train_acc=0.857 | val_loss=3.4351 val_acc=0.500
      ep07 train_loss=0.7486 train_acc=0.857 | val_loss=3.3994 val_acc=0.500
      ep08 train_loss=0.9519 train_acc=0.762 | val_loss=2.4542 val_acc=0.500
      ep09 train_loss=1.0324 train_acc=0.709 | val_loss=2.1873 val_acc=0.500
      ep10 train_loss=0.9400 train_acc=0.725 | val_loss=2.1537 val_acc=0.500
      ep11 train_loss=0.8229 train_acc=0.836 | val_loss=3.5126 val_acc=0.500
      ep12 train_loss=0.8047 train_acc=0.861 | val_loss=3.0155 val_acc=0.500
      ep13 train_loss=0.7142 train_acc=0.885 | val_loss=2.9914 val_acc=0.500
      ep14 train_loss=0.6927 train_acc=0.926 | val_loss=2.8965 val_acc=0.500
      ep15 train_loss=0.6730 train_acc=0.930 | val_loss=2.8856 val_acc=0.500
      ep16 train_loss=0.7976 train_acc=0.832 | val_loss=3.2086 val_acc=0.500
      ep17 train_loss=0.8293 train_acc=0.852 | val_loss=1.9081 val_acc=0.500
      ep18 train_loss=0.8471 train_acc=0.836 | val_loss=1.4910 val_acc=0.500
      ep19 train_loss=0.7114 train_acc=0.914 | val_loss=2.6018 val_acc=0.500
      ep20 train_loss=0.6899 train_acc=0.910 | val_loss=2.3504 val_acc=0.500
      ep21 train_loss=0.6756 train_acc=0.951 | val_loss=2.4516 val_acc=0.500
      ep22 train_loss=0.6878 train_acc=0.922 | val_loss=2.4086 val_acc=0.500
      ep23 train_loss=0.6058 train_acc=0.967 | val_loss=2.5084 val_acc=0.500
      ep24 train_loss=0.6430 train_acc=0.959 | val_loss=2.7418 val_acc=0.500
      ep25 train_loss=0.7252 train_acc=0.926 | val_loss=2.3232 val_acc=0.500
      ep26 train_loss=0.6536 train_acc=0.922 | val_loss=2.3579 val_acc=0.500
      ep27 train_loss=0.6493 train_acc=0.926 | val_loss=2.5027 val_acc=0.500
      ep28 train_loss=0.6412 train_acc=0.971 | val_loss=3.4437 val_acc=0.500
      ep29 train_loss=0.6524 train_acc=0.955 | val_loss=2.8228 val_acc=0.500
      ep30 train_loss=0.5861 train_acc=0.988 | val_loss=2.9432 val_acc=0.500
      ep31 train_loss=0.6027 train_acc=0.975 | val_loss=2.5800 val_acc=0.500
      ep32 train_loss=0.5849 train_acc=0.992 | val_loss=3.0525 val_acc=0.500
      ep33 train_loss=0.7051 train_acc=0.926 | val_loss=3.2266 val_acc=0.500
      ep34 train_loss=0.7050 train_acc=0.914 | val_loss=1.4589 val_acc=0.500
      ep35 train_loss=0.7508 train_acc=0.902 | val_loss=2.0313 val_acc=0.500
      ep36 train_loss=0.6449 train_acc=0.939 | val_loss=2.6585 val_acc=0.500
      ep37 train_loss=0.6050 train_acc=0.980 | val_loss=2.5659 val_acc=0.500
      ep38 train_loss=0.5920 train_acc=0.992 | val_loss=2.5104 val_acc=0.500
      ep39 train_loss=0.5890 train_acc=0.984 | val_loss=2.5583 val_acc=0.500
    fold acc=0.500 time=368.2s | running pooled acc=0.688

--- Fold 22/26 | test sub22 (2 test, 244 train) ---
      ep00 train_loss=1.5558 train_acc=0.402 | val_loss=0.0487 val_acc=1.000
      ep01 train_loss=1.3119 train_acc=0.512 | val_loss=0.1702 val_acc=1.000
      ep02 train_loss=1.1558 train_acc=0.615 | val_loss=0.0730 val_acc=1.000
      ep03 train_loss=1.0757 train_acc=0.689 | val_loss=0.0090 val_acc=1.000
      ep04 train_loss=0.9982 train_acc=0.705 | val_loss=0.0165 val_acc=1.000
      ep05 train_loss=0.8839 train_acc=0.807 | val_loss=0.0248 val_acc=1.000
      ep06 train_loss=0.7835 train_acc=0.836 | val_loss=0.0067 val_acc=1.000
      ep07 train_loss=0.7613 train_acc=0.857 | val_loss=0.0096 val_acc=1.000
      ep08 train_loss=0.9226 train_acc=0.766 | val_loss=0.0660 val_acc=1.000
      ep09 train_loss=1.0445 train_acc=0.689 | val_loss=0.0004 val_acc=1.000
      ep10 train_loss=0.9644 train_acc=0.725 | val_loss=4.5964 val_acc=0.000
      ep11 train_loss=0.8591 train_acc=0.811 | val_loss=0.2827 val_acc=1.000
      ep12 train_loss=0.8136 train_acc=0.824 | val_loss=0.6792 val_acc=1.000
      ep13 train_loss=0.7158 train_acc=0.898 | val_loss=0.0800 val_acc=1.000
      ep14 train_loss=0.6931 train_acc=0.930 | val_loss=0.1634 val_acc=1.000
      ep15 train_loss=0.6869 train_acc=0.930 | val_loss=0.0867 val_acc=1.000
      ep16 train_loss=0.7781 train_acc=0.861 | val_loss=0.0186 val_acc=1.000
      ep17 train_loss=0.8932 train_acc=0.836 | val_loss=0.0239 val_acc=1.000
      ep18 train_loss=0.8681 train_acc=0.848 | val_loss=0.0103 val_acc=1.000
      ep19 train_loss=0.7462 train_acc=0.889 | val_loss=0.0196 val_acc=1.000
      ep20 train_loss=0.7126 train_acc=0.893 | val_loss=0.1338 val_acc=1.000
      ep21 train_loss=0.6967 train_acc=0.934 | val_loss=0.0310 val_acc=1.000
      ep22 train_loss=0.6783 train_acc=0.939 | val_loss=0.0496 val_acc=1.000
      ep23 train_loss=0.6129 train_acc=0.963 | val_loss=0.0614 val_acc=1.000
      ep24 train_loss=0.6750 train_acc=0.947 | val_loss=0.0503 val_acc=1.000
      ep25 train_loss=0.7772 train_acc=0.869 | val_loss=0.0042 val_acc=1.000
      ep26 train_loss=0.7042 train_acc=0.910 | val_loss=0.0315 val_acc=1.000
      ep27 train_loss=0.6628 train_acc=0.930 | val_loss=0.0052 val_acc=1.000
      ep28 train_loss=0.6396 train_acc=0.975 | val_loss=0.0211 val_acc=1.000
      ep29 train_loss=0.6758 train_acc=0.930 | val_loss=0.0100 val_acc=1.000
      ep30 train_loss=0.5944 train_acc=0.988 | val_loss=0.0131 val_acc=1.000
      ep31 train_loss=0.6121 train_acc=0.955 | val_loss=0.0111 val_acc=1.000
      ep32 train_loss=0.6131 train_acc=0.959 | val_loss=0.0094 val_acc=1.000
      ep33 train_loss=0.6831 train_acc=0.943 | val_loss=0.0268 val_acc=1.000
      ep34 train_loss=0.6858 train_acc=0.930 | val_loss=0.0086 val_acc=1.000
      ep35 train_loss=0.7207 train_acc=0.910 | val_loss=0.0209 val_acc=1.000
      ep36 train_loss=0.6338 train_acc=0.955 | val_loss=0.0260 val_acc=1.000
      ep37 train_loss=0.6089 train_acc=0.980 | val_loss=0.0240 val_acc=1.000
      ep38 train_loss=0.6040 train_acc=0.984 | val_loss=0.0340 val_acc=1.000
      ep39 train_loss=0.5914 train_acc=0.984 | val_loss=0.0393 val_acc=1.000
    fold acc=1.000 time=372.4s | running pooled acc=0.691

--- Fold 23/26 | test sub23 (12 test, 234 train) ---
      ep00 train_loss=1.5985 train_acc=0.389 | val_loss=1.0499 val_acc=0.667
      ep01 train_loss=1.2345 train_acc=0.560 | val_loss=0.8889 val_acc=0.833
      ep02 train_loss=1.1973 train_acc=0.585 | val_loss=0.8549 val_acc=0.667
      ep03 train_loss=0.9879 train_acc=0.709 | val_loss=0.3315 val_acc=1.000
      ep04 train_loss=0.9231 train_acc=0.744 | val_loss=0.4839 val_acc=0.917
      ep05 train_loss=0.8386 train_acc=0.808 | val_loss=0.3574 val_acc=1.000
      ep06 train_loss=0.7996 train_acc=0.850 | val_loss=0.3278 val_acc=1.000
      ep07 train_loss=0.7875 train_acc=0.825 | val_loss=0.3357 val_acc=1.000
      ep08 train_loss=0.9656 train_acc=0.714 | val_loss=1.1631 val_acc=0.333
      ep09 train_loss=1.0920 train_acc=0.632 | val_loss=0.5059 val_acc=0.833
      ep10 train_loss=0.9088 train_acc=0.765 | val_loss=0.7427 val_acc=0.667
      ep11 train_loss=0.8044 train_acc=0.833 | val_loss=0.4456 val_acc=0.833
      ep12 train_loss=0.7667 train_acc=0.846 | val_loss=0.4978 val_acc=0.833
      ep13 train_loss=0.7055 train_acc=0.919 | val_loss=0.3004 val_acc=1.000
      ep14 train_loss=0.6926 train_acc=0.902 | val_loss=0.3740 val_acc=1.000
      ep15 train_loss=0.6847 train_acc=0.915 | val_loss=0.4017 val_acc=1.000
      ep16 train_loss=0.7668 train_acc=0.880 | val_loss=0.9390 val_acc=0.750
      ep17 train_loss=0.8145 train_acc=0.829 | val_loss=1.3447 val_acc=0.583
      ep18 train_loss=0.8076 train_acc=0.821 | val_loss=0.8217 val_acc=0.500
      ep19 train_loss=0.7794 train_acc=0.872 | val_loss=0.4941 val_acc=0.917
      ep20 train_loss=0.7398 train_acc=0.889 | val_loss=0.6171 val_acc=0.750
      ep21 train_loss=0.6505 train_acc=0.966 | val_loss=0.4747 val_acc=0.917
      ep22 train_loss=0.6620 train_acc=0.949 | val_loss=0.4012 val_acc=0.917
      ep23 train_loss=0.6162 train_acc=0.966 | val_loss=0.4703 val_acc=0.917
      ep24 train_loss=0.6933 train_acc=0.919 | val_loss=0.6462 val_acc=0.833
      ep25 train_loss=0.6869 train_acc=0.919 | val_loss=0.9346 val_acc=0.583
      ep26 train_loss=0.6900 train_acc=0.910 | val_loss=0.5177 val_acc=1.000
      ep27 train_loss=0.6796 train_acc=0.953 | val_loss=0.6468 val_acc=0.750
      ep28 train_loss=0.6649 train_acc=0.932 | val_loss=0.9251 val_acc=0.583
      ep29 train_loss=0.5955 train_acc=0.974 | val_loss=0.5460 val_acc=0.833
      ep30 train_loss=0.6056 train_acc=0.966 | val_loss=0.4750 val_acc=0.917
      ep31 train_loss=0.6300 train_acc=0.970 | val_loss=0.4888 val_acc=0.917
      ep32 train_loss=0.6126 train_acc=0.974 | val_loss=0.3796 val_acc=0.917
      ep33 train_loss=0.6099 train_acc=0.974 | val_loss=0.4637 val_acc=1.000
      ep34 train_loss=0.6174 train_acc=0.957 | val_loss=0.4977 val_acc=0.833
      ep35 train_loss=0.6174 train_acc=0.966 | val_loss=0.4973 val_acc=0.917
      ep36 train_loss=0.5945 train_acc=0.979 | val_loss=0.5608 val_acc=0.917
      ep37 train_loss=0.5742 train_acc=0.991 | val_loss=0.4727 val_acc=0.917
      ep38 train_loss=0.6135 train_acc=0.979 | val_loss=0.3946 val_acc=1.000
      ep39 train_loss=0.6089 train_acc=0.970 | val_loss=0.4491 val_acc=1.000
    fold acc=1.000 time=368.4s | running pooled acc=0.708

--- Fold 24/26 | test sub24 (7 test, 239 train) ---
      ep00 train_loss=1.5613 train_acc=0.393 | val_loss=1.5567 val_acc=0.286
      ep01 train_loss=1.2149 train_acc=0.582 | val_loss=0.9455 val_acc=0.571
      ep02 train_loss=1.1567 train_acc=0.628 | val_loss=1.2971 val_acc=0.571
      ep03 train_loss=1.0237 train_acc=0.686 | val_loss=0.9662 val_acc=0.571
      ep04 train_loss=0.8843 train_acc=0.766 | val_loss=1.0403 val_acc=0.571
      ep05 train_loss=0.7791 train_acc=0.828 | val_loss=0.9270 val_acc=0.714
      ep06 train_loss=0.8145 train_acc=0.833 | val_loss=0.9948 val_acc=0.571
      ep07 train_loss=0.7616 train_acc=0.895 | val_loss=0.9425 val_acc=0.571
      ep08 train_loss=0.9157 train_acc=0.791 | val_loss=1.6529 val_acc=0.429
      ep09 train_loss=0.9966 train_acc=0.715 | val_loss=1.1817 val_acc=0.571
      ep10 train_loss=0.9817 train_acc=0.732 | val_loss=0.9655 val_acc=0.571
      ep11 train_loss=0.8593 train_acc=0.812 | val_loss=1.1116 val_acc=0.571
      ep12 train_loss=0.7795 train_acc=0.862 | val_loss=0.9806 val_acc=0.571
      ep13 train_loss=0.7340 train_acc=0.874 | val_loss=0.9176 val_acc=0.429
      ep14 train_loss=0.7022 train_acc=0.908 | val_loss=0.9017 val_acc=0.571
      ep15 train_loss=0.6794 train_acc=0.937 | val_loss=0.8235 val_acc=0.571
      ep16 train_loss=0.7531 train_acc=0.858 | val_loss=0.9662 val_acc=0.571
      ep17 train_loss=0.7024 train_acc=0.916 | val_loss=1.2185 val_acc=0.714
      ep18 train_loss=0.7236 train_acc=0.900 | val_loss=1.0994 val_acc=0.571
      ep19 train_loss=0.7245 train_acc=0.925 | val_loss=0.8881 val_acc=0.714
      ep20 train_loss=0.6632 train_acc=0.916 | val_loss=0.7234 val_acc=0.571
      ep21 train_loss=0.6228 train_acc=0.967 | val_loss=0.7719 val_acc=0.571
      ep22 train_loss=0.6322 train_acc=0.954 | val_loss=0.9259 val_acc=0.571
      ep23 train_loss=0.6091 train_acc=0.971 | val_loss=0.9035 val_acc=0.571
      ep24 train_loss=0.6067 train_acc=0.975 | val_loss=1.1350 val_acc=0.571
      ep25 train_loss=0.6256 train_acc=0.946 | val_loss=1.1475 val_acc=0.571
      ep26 train_loss=0.6529 train_acc=0.937 | val_loss=0.8266 val_acc=0.714
      ep27 train_loss=0.6994 train_acc=0.929 | val_loss=1.0739 val_acc=0.714
      ep28 train_loss=0.6029 train_acc=0.958 | val_loss=0.9521 val_acc=0.571
      ep29 train_loss=0.5828 train_acc=0.987 | val_loss=1.1099 val_acc=0.571
      ep30 train_loss=0.5811 train_acc=0.996 | val_loss=1.0127 val_acc=0.571
      ep31 train_loss=0.6086 train_acc=0.967 | val_loss=1.0409 val_acc=0.571
      ep32 train_loss=0.6444 train_acc=0.958 | val_loss=1.4145 val_acc=0.571
      ep33 train_loss=0.6744 train_acc=0.916 | val_loss=1.0067 val_acc=0.429
      ep34 train_loss=0.7270 train_acc=0.908 | val_loss=1.1704 val_acc=0.429
      ep35 train_loss=0.6202 train_acc=0.950 | val_loss=1.0507 val_acc=0.714
      ep36 train_loss=0.6005 train_acc=0.962 | val_loss=1.1003 val_acc=0.571
      ep37 train_loss=0.6040 train_acc=0.971 | val_loss=1.2619 val_acc=0.571
      ep38 train_loss=0.5788 train_acc=1.000 | val_loss=1.2194 val_acc=0.571
      ep39 train_loss=0.5979 train_acc=0.967 | val_loss=1.2588 val_acc=0.571
    fold acc=0.571 time=368.6s | running pooled acc=0.704

--- Fold 25/26 | test sub25 (7 test, 239 train) ---
      ep00 train_loss=1.5566 train_acc=0.393 | val_loss=1.0134 val_acc=0.571
      ep01 train_loss=1.2062 train_acc=0.561 | val_loss=1.3882 val_acc=0.429
      ep02 train_loss=1.1706 train_acc=0.565 | val_loss=0.7184 val_acc=0.714
      ep03 train_loss=1.0642 train_acc=0.678 | val_loss=0.6822 val_acc=0.714
      ep04 train_loss=0.8995 train_acc=0.803 | val_loss=0.5359 val_acc=0.857
      ep05 train_loss=0.7811 train_acc=0.820 | val_loss=0.7417 val_acc=0.714
      ep06 train_loss=0.8140 train_acc=0.837 | val_loss=0.5714 val_acc=0.714
      ep07 train_loss=0.7634 train_acc=0.895 | val_loss=0.6114 val_acc=0.714
      ep08 train_loss=0.9279 train_acc=0.782 | val_loss=1.6989 val_acc=0.429
      ep09 train_loss=0.9610 train_acc=0.715 | val_loss=1.0667 val_acc=0.571
      ep10 train_loss=1.0157 train_acc=0.728 | val_loss=1.6608 val_acc=0.286
      ep11 train_loss=0.8994 train_acc=0.766 | val_loss=1.0318 val_acc=0.571
      ep12 train_loss=0.7933 train_acc=0.854 | val_loss=1.0967 val_acc=0.714
      ep13 train_loss=0.7177 train_acc=0.879 | val_loss=0.8996 val_acc=0.714
      ep14 train_loss=0.7328 train_acc=0.900 | val_loss=0.7668 val_acc=0.714
      ep15 train_loss=0.7054 train_acc=0.891 | val_loss=0.8236 val_acc=0.714
      ep16 train_loss=0.7713 train_acc=0.862 | val_loss=0.5053 val_acc=0.857
      ep17 train_loss=0.7661 train_acc=0.874 | val_loss=1.0984 val_acc=0.429
      ep18 train_loss=0.7614 train_acc=0.858 | val_loss=1.1327 val_acc=0.429
      ep19 train_loss=0.7465 train_acc=0.887 | val_loss=0.8413 val_acc=0.429
      ep20 train_loss=0.6810 train_acc=0.916 | val_loss=0.8036 val_acc=0.571
      ep21 train_loss=0.6309 train_acc=0.946 | val_loss=0.6238 val_acc=0.714
      ep22 train_loss=0.6501 train_acc=0.954 | val_loss=0.5262 val_acc=0.714
      ep23 train_loss=0.6388 train_acc=0.971 | val_loss=0.7577 val_acc=0.714
      ep24 train_loss=0.6219 train_acc=0.979 | val_loss=1.0635 val_acc=0.429
      ep25 train_loss=0.6305 train_acc=0.946 | val_loss=0.3303 val_acc=1.000
      ep26 train_loss=0.6453 train_acc=0.946 | val_loss=0.7470 val_acc=0.857
      ep27 train_loss=0.7114 train_acc=0.916 | val_loss=0.5679 val_acc=0.857
      ep28 train_loss=0.6126 train_acc=0.962 | val_loss=0.9244 val_acc=0.714
      ep29 train_loss=0.5988 train_acc=0.987 | val_loss=0.5500 val_acc=0.857
      ep30 train_loss=0.5834 train_acc=0.987 | val_loss=0.6536 val_acc=0.857
      ep31 train_loss=0.5926 train_acc=0.987 | val_loss=0.6158 val_acc=0.857
      ep32 train_loss=0.6532 train_acc=0.962 | val_loss=0.9227 val_acc=0.571
      ep33 train_loss=0.7002 train_acc=0.908 | val_loss=3.3379 val_acc=0.286
      ep34 train_loss=0.7713 train_acc=0.866 | val_loss=0.8259 val_acc=0.714
      ep35 train_loss=0.6953 train_acc=0.900 | val_loss=0.6498 val_acc=0.857
      ep36 train_loss=0.6383 train_acc=0.941 | val_loss=0.3433 val_acc=0.857
      ep37 train_loss=0.6298 train_acc=0.962 | val_loss=0.7260 val_acc=0.714
      ep38 train_loss=0.6012 train_acc=0.983 | val_loss=0.6296 val_acc=0.857
      ep39 train_loss=0.6229 train_acc=0.971 | val_loss=0.6674 val_acc=0.857
    fold acc=0.571 time=367.1s | running pooled acc=0.700

--- Fold 26/26 | test sub26 (16 test, 230 train) ---
      ep00 train_loss=1.5905 train_acc=0.370 | val_loss=1.9857 val_acc=0.125
      ep01 train_loss=1.2000 train_acc=0.600 | val_loss=1.4595 val_acc=0.562
      ep02 train_loss=1.1542 train_acc=0.626 | val_loss=1.6487 val_acc=0.312
      ep03 train_loss=1.0279 train_acc=0.709 | val_loss=1.2551 val_acc=0.438
      ep04 train_loss=1.0001 train_acc=0.726 | val_loss=1.5986 val_acc=0.188
      ep05 train_loss=0.9474 train_acc=0.743 | val_loss=1.5020 val_acc=0.250
      ep06 train_loss=0.8182 train_acc=0.835 | val_loss=1.8545 val_acc=0.188
      ep07 train_loss=0.8169 train_acc=0.809 | val_loss=1.8663 val_acc=0.188
      ep08 train_loss=0.9022 train_acc=0.774 | val_loss=1.7716 val_acc=0.188
      ep09 train_loss=1.0431 train_acc=0.678 | val_loss=2.2996 val_acc=0.188
      ep10 train_loss=1.0134 train_acc=0.722 | val_loss=1.1499 val_acc=0.500
      ep11 train_loss=0.8723 train_acc=0.791 | val_loss=1.9999 val_acc=0.312
      ep12 train_loss=0.8433 train_acc=0.787 | val_loss=1.9511 val_acc=0.250
      ep13 train_loss=0.7502 train_acc=0.878 | val_loss=1.3236 val_acc=0.375
      ep14 train_loss=0.6760 train_acc=0.926 | val_loss=1.4863 val_acc=0.312
      ep15 train_loss=0.6918 train_acc=0.913 | val_loss=1.6063 val_acc=0.312
      ep16 train_loss=0.7159 train_acc=0.891 | val_loss=0.8939 val_acc=0.750
      ep17 train_loss=0.7339 train_acc=0.870 | val_loss=2.5373 val_acc=0.250
      ep18 train_loss=0.8574 train_acc=0.791 | val_loss=1.0551 val_acc=0.438
      ep19 train_loss=0.8057 train_acc=0.843 | val_loss=1.2659 val_acc=0.500
      ep20 train_loss=0.6975 train_acc=0.896 | val_loss=1.4243 val_acc=0.375
      ep21 train_loss=0.6297 train_acc=0.961 | val_loss=1.5061 val_acc=0.312
      ep22 train_loss=0.6705 train_acc=0.939 | val_loss=1.6494 val_acc=0.375
      ep23 train_loss=0.6197 train_acc=0.948 | val_loss=1.4901 val_acc=0.312
      ep24 train_loss=0.6769 train_acc=0.917 | val_loss=2.0599 val_acc=0.375
      ep25 train_loss=0.6692 train_acc=0.930 | val_loss=0.9671 val_acc=0.688
      ep26 train_loss=0.6554 train_acc=0.952 | val_loss=1.3323 val_acc=0.438
      ep27 train_loss=0.6199 train_acc=0.952 | val_loss=1.1268 val_acc=0.625
      ep28 train_loss=0.6223 train_acc=0.970 | val_loss=1.6000 val_acc=0.312
      ep29 train_loss=0.6099 train_acc=0.965 | val_loss=1.7970 val_acc=0.312
      ep30 train_loss=0.5817 train_acc=0.987 | val_loss=1.9061 val_acc=0.312
      ep31 train_loss=0.5750 train_acc=0.987 | val_loss=1.9089 val_acc=0.312
      ep32 train_loss=0.5741 train_acc=0.983 | val_loss=1.7034 val_acc=0.375
      ep33 train_loss=0.6230 train_acc=0.961 | val_loss=1.3790 val_acc=0.562
      ep34 train_loss=0.6027 train_acc=0.978 | val_loss=1.4508 val_acc=0.500
      ep35 train_loss=0.5836 train_acc=0.983 | val_loss=2.0729 val_acc=0.375
      ep36 train_loss=0.5783 train_acc=0.978 | val_loss=1.8607 val_acc=0.375
      ep37 train_loss=0.6017 train_acc=0.974 | val_loss=1.7158 val_acc=0.375
      ep38 train_loss=0.5610 train_acc=0.996 | val_loss=1.6287 val_acc=0.375
      ep39 train_loss=0.5656 train_acc=0.987 | val_loss=1.4437 val_acc=0.312
    fold acc=0.250 time=356.0s | running pooled acc=0.671

=== FINAL (pooled LOSO) ===
UF1 = 0.6958
UAR = 0.7019
ACC = 0.6707
per-class F1: happiness=0.676, disgust=0.632, repression=0.604, surprise=0.923, others=0.644
per-class recall: happiness=0.719, disgust=0.571, repression=0.593, surprise=0.960, others=0.667
confusion matrix (rows=true):
        happin disgus repres surpri others
happine     23      0      1      2      6
disgust      1     36      1      0     25
repress      3      0     16      0      8
surpris      0      0      0     24      1
 others      9     15      8      1     66

saved to D:\AI-Projects\casmeII-new-from-sequence-model\experiments\iter_27_snapshot
elapsed 9454.4s
