=== EXPERIMENT iter_23_resnetgru_smoke ===
time: 2026-07-16T18:23:57.348857
device: cuda (NVIDIA GeForce RTX 3060)
platform: Windows-10-10.0.26200-SP0 | torch 2.6.0+cu124
config:
{
  "seed": 42,
  "T": 16,
  "img_size": 128,
  "base_size": 144,
  "input_mode": "rgb",
  "backbone": "resnet_gru",
  "pretrained": true,
  "dropout": 0.5,
  "epochs": 25,
  "lr": 0.0001,
  "weight_decay": 0.001,
  "batch_size": 6,
  "class_weighting": true,
  "label_smoothing": 0.1,
  "hflip": true,
  "color_jitter": 0.0,
  "temporal_jitter": true,
  "amp": true,
  "eval_last_k": 3,
  "tta": 5,
  "cache_dir": "cache/flow144",
  "index": "cache/index_emotion.csv",
  "class_names": [
    "happiness",
    "disgust",
    "repression",
    "surprise",
    "others"
  ],
  "name": "iter_23_resnetgru",
  "modality": "flow",
  "temporal_span": "onset_offset",
  "flow_clip": 3.0,
  "gru_hidden": 256,
  "ema": 0.998,
  "ema_start_epoch": 5
}
samples: 246 | classes: 5 ['happiness', 'disgust', 'repression', 'surprise', 'others']
loading arrays into RAM...
loaded 246 arrays
[SMOKE] limiting to 2 folds: [1, 2]

--- Fold 1/2 | test sub01 (9 test, 237 train) ---
      ep00 train_loss=1.5386 train_acc=0.371 | val_loss=1.1940 val_acc=0.556
      ep01 train_loss=1.2629 train_acc=0.532 | val_loss=1.1894 val_acc=0.222
      ep02 train_loss=1.0641 train_acc=0.671 | val_loss=0.8220 val_acc=0.667
      ep03 train_loss=1.0015 train_acc=0.675 | val_loss=0.8120 val_acc=0.667
      ep04 train_loss=0.9509 train_acc=0.747 | val_loss=0.5765 val_acc=0.778
      ep05 train_loss=0.9623 train_acc=0.722 | val_loss=0.4434 val_acc=0.778
      ep06 train_loss=0.8471 train_acc=0.806 | val_loss=0.2706 val_acc=1.000
      ep07 train_loss=0.7670 train_acc=0.831 | val_loss=0.6568 val_acc=0.667
      ep08 train_loss=0.7275 train_acc=0.861 | val_loss=0.4339 val_acc=0.778
      ep09 train_loss=0.7058 train_acc=0.903 | val_loss=0.3965 val_acc=1.000
      ep10 train_loss=0.7237 train_acc=0.869 | val_loss=0.3657 val_acc=0.889
      ep11 train_loss=0.6628 train_acc=0.932 | val_loss=0.4113 val_acc=0.889
      ep12 train_loss=0.6735 train_acc=0.890 | val_loss=0.4095 val_acc=0.889
      ep13 train_loss=0.6494 train_acc=0.937 | val_loss=0.3144 val_acc=1.000
      ep14 train_loss=0.6201 train_acc=0.941 | val_loss=0.4409 val_acc=0.889
      ep15 train_loss=0.5901 train_acc=0.987 | val_loss=0.3760 val_acc=0.889
      ep16 train_loss=0.6096 train_acc=0.945 | val_loss=0.4590 val_acc=0.889
      ep17 train_loss=0.5977 train_acc=0.970 | val_loss=0.3389 val_acc=0.889
      ep18 train_loss=0.5913 train_acc=0.975 | val_loss=0.4057 val_acc=0.889
      ep19 train_loss=0.5886 train_acc=0.970 | val_loss=0.4576 val_acc=0.889
      ep20 train_loss=0.5748 train_acc=0.987 | val_loss=0.4526 val_acc=0.889
      ep21 train_loss=0.6005 train_acc=0.966 | val_loss=0.5128 val_acc=0.889
      ep22 train_loss=0.5738 train_acc=0.975 | val_loss=0.4583 val_acc=0.889
      ep23 train_loss=0.5658 train_acc=0.992 | val_loss=0.4487 val_acc=0.889
      ep24 train_loss=0.5801 train_acc=0.975 | val_loss=0.4392 val_acc=0.889
    fold acc=0.889 time=161.6s | running pooled acc=0.889

--- Fold 2/2 | test sub02 (13 test, 233 train) ---
      ep00 train_loss=1.5879 train_acc=0.339 | val_loss=1.3606 val_acc=0.308
      ep01 train_loss=1.2450 train_acc=0.597 | val_loss=1.5476 val_acc=0.385
      ep02 train_loss=1.1062 train_acc=0.644 | val_loss=1.6645 val_acc=0.385
      ep03 train_loss=1.0142 train_acc=0.691 | val_loss=1.6755 val_acc=0.385
      ep04 train_loss=0.9760 train_acc=0.691 | val_loss=1.1242 val_acc=0.462
      ep05 train_loss=0.8689 train_acc=0.777 | val_loss=1.8560 val_acc=0.462
      ep06 train_loss=0.8044 train_acc=0.794 | val_loss=1.5792 val_acc=0.615
      ep07 train_loss=0.7947 train_acc=0.837 | val_loss=1.6113 val_acc=0.615
      ep08 train_loss=0.7899 train_acc=0.833 | val_loss=1.5805 val_acc=0.462
      ep09 train_loss=0.7409 train_acc=0.867 | val_loss=1.6469 val_acc=0.538
      ep10 train_loss=0.7251 train_acc=0.901 | val_loss=1.6647 val_acc=0.462
      ep11 train_loss=0.7058 train_acc=0.880 | val_loss=1.7695 val_acc=0.538
      ep12 train_loss=0.6630 train_acc=0.927 | val_loss=1.6946 val_acc=0.538
      ep13 train_loss=0.6414 train_acc=0.961 | val_loss=1.4015 val_acc=0.615
      ep14 train_loss=0.6590 train_acc=0.940 | val_loss=1.5652 val_acc=0.385
      ep15 train_loss=0.6436 train_acc=0.961 | val_loss=1.7350 val_acc=0.385
      ep16 train_loss=0.6438 train_acc=0.970 | val_loss=1.4533 val_acc=0.538
      ep17 train_loss=0.6315 train_acc=0.957 | val_loss=1.7247 val_acc=0.385
      ep18 train_loss=0.6232 train_acc=0.979 | val_loss=1.5367 val_acc=0.385
      ep19 train_loss=0.6260 train_acc=0.974 | val_loss=1.4948 val_acc=0.615
      ep20 train_loss=0.6208 train_acc=0.974 | val_loss=1.5966 val_acc=0.385
      ep21 train_loss=0.5961 train_acc=0.996 | val_loss=1.5635 val_acc=0.462
      ep22 train_loss=0.6012 train_acc=0.974 | val_loss=1.5830 val_acc=0.462
      ep23 train_loss=0.6002 train_acc=0.974 | val_loss=1.5333 val_acc=0.538
      ep24 train_loss=0.5971 train_acc=0.991 | val_loss=1.5285 val_acc=0.538
    fold acc=0.462 time=165.4s | running pooled acc=0.636

=== FINAL (pooled LOSO) ===
UF1 = 0.6171
UAR = 0.7000
ACC = 0.6364
per-class F1: happiness=0.286, disgust=0.800, repression=0.500, surprise=0.750, others=0.750
per-class recall: happiness=0.500, disgust=1.000, repression=0.400, surprise=1.000, others=0.600
confusion matrix (rows=true):
        happin disgus repres surpri others
happine      1      0      0      1      0
disgust      0      2      0      0      0
repress      3      0      2      0      0
surpris      0      0      0      3      0
 others      1      1      1      1      6

saved to D:\AI-Projects\casmeII-new-from-sequence-model\experiments\iter_23_resnetgru_smoke
elapsed 328.1s
