=== EXPERIMENT iter_34_r3d_diff ===
time: 2026-07-20T12:22:17.474550
device: cuda (NVIDIA GeForce RTX 3060)
platform: Windows-10-10.0.26200-SP0 | torch 2.6.0+cu124
config:
{
  "seed": 42,
  "T": 16,
  "img_size": 112,
  "base_size": 128,
  "input_mode": "diff",
  "backbone": "r3d_18",
  "pretrained": true,
  "dropout": 0.5,
  "epochs": 25,
  "lr": 0.0001,
  "weight_decay": 0.001,
  "batch_size": 6,
  "class_weighting": true,
  "label_smoothing": 0.1,
  "hflip": true,
  "color_jitter": 0.0,
  "temporal_jitter": true,
  "amp": true,
  "eval_last_k": 3,
  "tta": 5,
  "cache_dir": "cache/frames128",
  "index": "cache/index_emotion.csv",
  "class_names": [
    "happiness",
    "disgust",
    "repression",
    "surprise",
    "others"
  ],
  "name": "iter_34_r3d_diff_onsetfree",
  "modality": "rgb",
  "temporal_span": "onset_offset",
  "random_erase": 0.1
}
samples: 246 | classes: 5 ['happiness', 'disgust', 'repression', 'surprise', 'others']
loading arrays into RAM...
loaded 246 arrays

--- Fold 1/26 | test sub01 (9 test, 237 train) ---
      ep00 train_loss=1.7255 train_acc=0.304 | val_loss=2.0292 val_acc=0.111
      ep01 train_loss=1.6021 train_acc=0.308 | val_loss=1.2212 val_acc=0.667
      ep02 train_loss=1.5230 train_acc=0.359 | val_loss=1.3438 val_acc=0.222
      ep03 train_loss=1.4284 train_acc=0.435 | val_loss=1.4387 val_acc=0.333
      ep04 train_loss=1.3445 train_acc=0.477 | val_loss=1.0450 val_acc=0.444
      ep05 train_loss=1.1754 train_acc=0.570 | val_loss=0.9010 val_acc=0.778
      ep06 train_loss=1.1460 train_acc=0.578 | val_loss=0.6505 val_acc=0.778
      ep07 train_loss=1.1427 train_acc=0.599 | val_loss=0.8173 val_acc=0.778
      ep08 train_loss=1.2283 train_acc=0.595 | val_loss=1.0391 val_acc=0.444
      ep09 train_loss=1.1398 train_acc=0.637 | val_loss=0.7133 val_acc=0.778
      ep10 train_loss=1.1083 train_acc=0.646 | val_loss=0.9965 val_acc=0.556
      ep11 train_loss=0.9481 train_acc=0.717 | val_loss=0.9248 val_acc=0.444
      ep12 train_loss=1.0365 train_acc=0.671 | val_loss=0.7098 val_acc=0.778
      ep13 train_loss=0.9210 train_acc=0.751 | val_loss=0.7614 val_acc=0.667
      ep14 train_loss=0.8971 train_acc=0.785 | val_loss=0.6726 val_acc=0.778
      ep15 train_loss=0.8739 train_acc=0.768 | val_loss=0.7510 val_acc=0.778
      ep16 train_loss=0.9309 train_acc=0.768 | val_loss=0.8404 val_acc=0.667
      ep17 train_loss=0.8765 train_acc=0.776 | val_loss=0.7703 val_acc=0.889
      ep18 train_loss=0.8294 train_acc=0.793 | val_loss=0.7256 val_acc=0.889
      ep19 train_loss=0.8400 train_acc=0.797 | val_loss=0.8270 val_acc=0.667
      ep20 train_loss=0.7977 train_acc=0.819 | val_loss=0.8428 val_acc=0.667
      ep21 train_loss=0.8514 train_acc=0.793 | val_loss=0.8369 val_acc=0.667
      ep22 train_loss=0.7564 train_acc=0.865 | val_loss=0.8105 val_acc=0.667
      ep23 train_loss=0.8230 train_acc=0.819 | val_loss=0.8363 val_acc=0.667
      ep24 train_loss=0.7935 train_acc=0.835 | val_loss=0.8662 val_acc=0.667
    fold acc=0.667 time=197.9s | running pooled acc=0.667

--- Fold 2/26 | test sub02 (13 test, 233 train) ---
      ep00 train_loss=1.7961 train_acc=0.227 | val_loss=1.9585 val_acc=0.231
      ep01 train_loss=1.5642 train_acc=0.378 | val_loss=1.4151 val_acc=0.538
      ep02 train_loss=1.5139 train_acc=0.365 | val_loss=1.5675 val_acc=0.462
      ep03 train_loss=1.3977 train_acc=0.472 | val_loss=1.7615 val_acc=0.154
      ep04 train_loss=1.2364 train_acc=0.498 | val_loss=2.0866 val_acc=0.231
      ep05 train_loss=1.2312 train_acc=0.584 | val_loss=1.8628 val_acc=0.308
      ep06 train_loss=1.2431 train_acc=0.541 | val_loss=1.5659 val_acc=0.462
      ep07 train_loss=1.1863 train_acc=0.614 | val_loss=1.6848 val_acc=0.385
      ep08 train_loss=1.1801 train_acc=0.549 | val_loss=1.7429 val_acc=0.231
      ep09 train_loss=1.0566 train_acc=0.622 | val_loss=1.5554 val_acc=0.615
      ep10 train_loss=1.0633 train_acc=0.691 | val_loss=1.3707 val_acc=0.462
      ep11 train_loss=1.0239 train_acc=0.712 | val_loss=1.9451 val_acc=0.385
      ep12 train_loss=0.9169 train_acc=0.760 | val_loss=1.8262 val_acc=0.308
      ep13 train_loss=0.9496 train_acc=0.760 | val_loss=2.0891 val_acc=0.308
      ep14 train_loss=0.9125 train_acc=0.790 | val_loss=1.6890 val_acc=0.462
      ep15 train_loss=0.8648 train_acc=0.764 | val_loss=1.8998 val_acc=0.308
      ep16 train_loss=0.8695 train_acc=0.820 | val_loss=1.7334 val_acc=0.308
      ep17 train_loss=0.8728 train_acc=0.773 | val_loss=1.7244 val_acc=0.308
      ep18 train_loss=0.8436 train_acc=0.815 | val_loss=1.8332 val_acc=0.308
      ep19 train_loss=0.8097 train_acc=0.841 | val_loss=1.8891 val_acc=0.385
      ep20 train_loss=0.8611 train_acc=0.828 | val_loss=1.7498 val_acc=0.462
      ep21 train_loss=0.8463 train_acc=0.841 | val_loss=1.8275 val_acc=0.308
      ep22 train_loss=0.8483 train_acc=0.845 | val_loss=1.7826 val_acc=0.385
      ep23 train_loss=0.7983 train_acc=0.833 | val_loss=1.7428 val_acc=0.462
      ep24 train_loss=0.8384 train_acc=0.828 | val_loss=1.7910 val_acc=0.462
    fold acc=0.462 time=200.9s | running pooled acc=0.545

--- Fold 3/26 | test sub03 (7 test, 239 train) ---
      ep00 train_loss=1.7627 train_acc=0.209 | val_loss=1.5835 val_acc=0.143
      ep01 train_loss=1.5481 train_acc=0.372 | val_loss=1.5403 val_acc=0.429
      ep02 train_loss=1.5008 train_acc=0.427 | val_loss=1.7173 val_acc=0.429
      ep03 train_loss=1.3940 train_acc=0.448 | val_loss=1.7867 val_acc=0.286
      ep04 train_loss=1.3178 train_acc=0.540 | val_loss=1.7933 val_acc=0.143
      ep05 train_loss=1.2093 train_acc=0.548 | val_loss=1.0836 val_acc=0.571
      ep06 train_loss=1.1465 train_acc=0.607 | val_loss=1.2473 val_acc=0.571
      ep07 train_loss=1.1975 train_acc=0.569 | val_loss=0.8853 val_acc=0.714
      ep08 train_loss=1.0891 train_acc=0.686 | val_loss=1.3785 val_acc=0.429
      ep09 train_loss=1.0930 train_acc=0.649 | val_loss=1.0020 val_acc=0.429
      ep10 train_loss=1.0062 train_acc=0.665 | val_loss=1.1700 val_acc=0.429
      ep11 train_loss=0.9124 train_acc=0.774 | val_loss=1.0752 val_acc=0.429
      ep12 train_loss=0.9495 train_acc=0.728 | val_loss=1.0978 val_acc=0.571
      ep13 train_loss=0.9003 train_acc=0.774 | val_loss=1.0063 val_acc=0.571
      ep14 train_loss=1.0073 train_acc=0.711 | val_loss=1.0539 val_acc=0.571
      ep15 train_loss=0.9102 train_acc=0.795 | val_loss=1.2636 val_acc=0.571
      ep16 train_loss=0.8510 train_acc=0.778 | val_loss=1.3071 val_acc=0.429
      ep17 train_loss=0.8632 train_acc=0.803 | val_loss=1.3281 val_acc=0.429
      ep18 train_loss=0.8096 train_acc=0.803 | val_loss=1.4840 val_acc=0.429
      ep19 train_loss=0.7969 train_acc=0.816 | val_loss=1.4220 val_acc=0.429
      ep20 train_loss=0.7915 train_acc=0.828 | val_loss=1.4667 val_acc=0.429
      ep21 train_loss=0.7512 train_acc=0.862 | val_loss=1.4139 val_acc=0.429
      ep22 train_loss=0.7801 train_acc=0.833 | val_loss=1.4113 val_acc=0.429
      ep23 train_loss=0.8296 train_acc=0.824 | val_loss=1.4090 val_acc=0.429
      ep24 train_loss=0.8032 train_acc=0.837 | val_loss=1.4375 val_acc=0.429
    fold acc=0.429 time=198.9s | running pooled acc=0.517

--- Fold 4/26 | test sub04 (5 test, 241 train) ---
      ep00 train_loss=1.7366 train_acc=0.274 | val_loss=2.2034 val_acc=0.000
      ep01 train_loss=1.5279 train_acc=0.357 | val_loss=1.9222 val_acc=0.000
      ep02 train_loss=1.4863 train_acc=0.382 | val_loss=1.4251 val_acc=0.200
      ep03 train_loss=1.4306 train_acc=0.465 | val_loss=1.2700 val_acc=0.400
      ep04 train_loss=1.3498 train_acc=0.448 | val_loss=1.4894 val_acc=0.200
      ep05 train_loss=1.1962 train_acc=0.539 | val_loss=1.1090 val_acc=0.600
      ep06 train_loss=1.1545 train_acc=0.602 | val_loss=1.1588 val_acc=0.400
      ep07 train_loss=1.1771 train_acc=0.585 | val_loss=0.9225 val_acc=0.600
      ep08 train_loss=1.1362 train_acc=0.631 | val_loss=1.0499 val_acc=0.600
      ep09 train_loss=1.1611 train_acc=0.593 | val_loss=0.9668 val_acc=0.600
      ep10 train_loss=1.0042 train_acc=0.664 | val_loss=0.9319 val_acc=0.600
      ep11 train_loss=0.8974 train_acc=0.743 | val_loss=0.9796 val_acc=0.400
      ep12 train_loss=0.9355 train_acc=0.734 | val_loss=0.9798 val_acc=0.600
      ep13 train_loss=0.9282 train_acc=0.768 | val_loss=0.9448 val_acc=0.600
      ep14 train_loss=0.9695 train_acc=0.739 | val_loss=1.0659 val_acc=0.400
      ep15 train_loss=0.8637 train_acc=0.788 | val_loss=0.8928 val_acc=0.800
      ep16 train_loss=0.8186 train_acc=0.817 | val_loss=1.1750 val_acc=0.600
      ep17 train_loss=0.8182 train_acc=0.776 | val_loss=0.8857 val_acc=0.600
      ep18 train_loss=0.8649 train_acc=0.784 | val_loss=0.9761 val_acc=0.600
      ep19 train_loss=0.8552 train_acc=0.784 | val_loss=0.7999 val_acc=0.600
      ep20 train_loss=0.8308 train_acc=0.822 | val_loss=0.9333 val_acc=0.400
      ep21 train_loss=0.8005 train_acc=0.830 | val_loss=0.8654 val_acc=0.600
      ep22 train_loss=0.7980 train_acc=0.822 | val_loss=0.8818 val_acc=0.600
      ep23 train_loss=0.8313 train_acc=0.805 | val_loss=1.1286 val_acc=0.600
      ep24 train_loss=0.8030 train_acc=0.826 | val_loss=1.0177 val_acc=0.400
    fold acc=0.600 time=199.7s | running pooled acc=0.529

--- Fold 5/26 | test sub05 (19 test, 227 train) ---
      ep00 train_loss=1.6727 train_acc=0.264 | val_loss=2.0931 val_acc=0.211
      ep01 train_loss=1.5089 train_acc=0.427 | val_loss=2.1697 val_acc=0.263
      ep02 train_loss=1.4702 train_acc=0.436 | val_loss=1.9502 val_acc=0.316
      ep03 train_loss=1.4300 train_acc=0.423 | val_loss=2.1154 val_acc=0.421
      ep04 train_loss=1.3702 train_acc=0.445 | val_loss=1.6750 val_acc=0.263
      ep05 train_loss=1.2626 train_acc=0.529 | val_loss=1.8966 val_acc=0.474
      ep06 train_loss=1.1896 train_acc=0.577 | val_loss=2.1721 val_acc=0.211
      ep07 train_loss=1.1650 train_acc=0.586 | val_loss=1.5368 val_acc=0.316
      ep08 train_loss=1.1544 train_acc=0.617 | val_loss=1.9436 val_acc=0.368
      ep09 train_loss=1.0908 train_acc=0.670 | val_loss=2.2392 val_acc=0.263
      ep10 train_loss=0.9947 train_acc=0.687 | val_loss=1.5334 val_acc=0.421
      ep11 train_loss=0.9223 train_acc=0.731 | val_loss=2.0576 val_acc=0.316
      ep12 train_loss=0.9094 train_acc=0.793 | val_loss=2.0103 val_acc=0.316
      ep13 train_loss=0.9419 train_acc=0.775 | val_loss=1.9917 val_acc=0.421
      ep14 train_loss=0.9219 train_acc=0.828 | val_loss=1.6623 val_acc=0.368
      ep15 train_loss=0.8898 train_acc=0.797 | val_loss=2.2940 val_acc=0.263
      ep16 train_loss=0.8869 train_acc=0.806 | val_loss=1.7892 val_acc=0.316
      ep17 train_loss=0.8143 train_acc=0.841 | val_loss=1.7077 val_acc=0.368
      ep18 train_loss=0.8443 train_acc=0.784 | val_loss=1.8683 val_acc=0.368
      ep19 train_loss=0.8563 train_acc=0.793 | val_loss=1.9803 val_acc=0.316
      ep20 train_loss=0.8140 train_acc=0.837 | val_loss=1.8745 val_acc=0.316
      ep21 train_loss=0.7847 train_acc=0.868 | val_loss=1.9405 val_acc=0.368
      ep22 train_loss=0.7889 train_acc=0.824 | val_loss=1.7722 val_acc=0.368
      ep23 train_loss=0.8175 train_acc=0.841 | val_loss=1.7486 val_acc=0.421
      ep24 train_loss=0.7642 train_acc=0.828 | val_loss=1.9427 val_acc=0.368
    fold acc=0.263 time=198.1s | running pooled acc=0.434

--- Fold 6/26 | test sub06 (5 test, 241 train) ---
      ep00 train_loss=1.7393 train_acc=0.266 | val_loss=1.7767 val_acc=0.400
      ep01 train_loss=1.5756 train_acc=0.315 | val_loss=1.2159 val_acc=0.600
      ep02 train_loss=1.5134 train_acc=0.361 | val_loss=1.0979 val_acc=0.400
      ep03 train_loss=1.4744 train_acc=0.432 | val_loss=1.0012 val_acc=0.400
      ep04 train_loss=1.3430 train_acc=0.452 | val_loss=0.9843 val_acc=0.600
      ep05 train_loss=1.2083 train_acc=0.552 | val_loss=0.8530 val_acc=0.600
      ep06 train_loss=1.1455 train_acc=0.585 | val_loss=0.9013 val_acc=0.800
      ep07 train_loss=1.2518 train_acc=0.527 | val_loss=1.0665 val_acc=0.600
      ep08 train_loss=1.1294 train_acc=0.618 | val_loss=1.2079 val_acc=0.600
      ep09 train_loss=1.1765 train_acc=0.544 | val_loss=0.9939 val_acc=0.600
      ep10 train_loss=1.0562 train_acc=0.689 | val_loss=1.1585 val_acc=0.400
      ep11 train_loss=0.9473 train_acc=0.730 | val_loss=1.1387 val_acc=0.600
      ep12 train_loss=0.9371 train_acc=0.763 | val_loss=0.8905 val_acc=0.600
      ep13 train_loss=0.9568 train_acc=0.726 | val_loss=1.0105 val_acc=0.400
      ep14 train_loss=0.9568 train_acc=0.759 | val_loss=1.1224 val_acc=0.600
      ep15 train_loss=0.8885 train_acc=0.776 | val_loss=1.1632 val_acc=0.400
      ep16 train_loss=0.8286 train_acc=0.813 | val_loss=1.0031 val_acc=0.600
      ep17 train_loss=0.8211 train_acc=0.809 | val_loss=1.0868 val_acc=0.600
      ep18 train_loss=0.9265 train_acc=0.768 | val_loss=1.0627 val_acc=0.600
      ep19 train_loss=0.8371 train_acc=0.817 | val_loss=1.1875 val_acc=0.600
      ep20 train_loss=0.8155 train_acc=0.859 | val_loss=1.1984 val_acc=0.600
      ep21 train_loss=0.7994 train_acc=0.830 | val_loss=1.1748 val_acc=0.600
      ep22 train_loss=0.8358 train_acc=0.838 | val_loss=1.2029 val_acc=0.600
      ep23 train_loss=0.8641 train_acc=0.797 | val_loss=1.1720 val_acc=0.600
      ep24 train_loss=0.8167 train_acc=0.822 | val_loss=1.1744 val_acc=0.600
    fold acc=0.600 time=200.1s | running pooled acc=0.448

--- Fold 7/26 | test sub07 (9 test, 237 train) ---
      ep00 train_loss=1.7174 train_acc=0.308 | val_loss=3.0175 val_acc=0.000
      ep01 train_loss=1.6306 train_acc=0.316 | val_loss=1.6568 val_acc=0.111
      ep02 train_loss=1.4271 train_acc=0.456 | val_loss=1.9530 val_acc=0.111
      ep03 train_loss=1.3874 train_acc=0.456 | val_loss=1.6330 val_acc=0.111
      ep04 train_loss=1.2748 train_acc=0.553 | val_loss=1.9262 val_acc=0.111
      ep05 train_loss=1.1959 train_acc=0.608 | val_loss=1.7437 val_acc=0.000
      ep06 train_loss=1.1333 train_acc=0.582 | val_loss=1.6365 val_acc=0.333
      ep07 train_loss=1.1072 train_acc=0.608 | val_loss=1.3644 val_acc=0.333
      ep08 train_loss=1.1649 train_acc=0.641 | val_loss=1.1867 val_acc=0.556
      ep09 train_loss=1.1023 train_acc=0.662 | val_loss=1.4305 val_acc=0.222
      ep10 train_loss=0.9639 train_acc=0.675 | val_loss=1.3071 val_acc=0.333
      ep11 train_loss=0.9302 train_acc=0.722 | val_loss=0.9052 val_acc=0.778
      ep12 train_loss=0.9662 train_acc=0.705 | val_loss=1.0947 val_acc=0.667
      ep13 train_loss=0.8836 train_acc=0.797 | val_loss=1.1009 val_acc=0.556
      ep14 train_loss=0.8825 train_acc=0.764 | val_loss=1.0844 val_acc=0.556
      ep15 train_loss=0.9015 train_acc=0.789 | val_loss=1.2176 val_acc=0.444
      ep16 train_loss=0.8382 train_acc=0.823 | val_loss=0.9694 val_acc=0.778
      ep17 train_loss=0.8837 train_acc=0.772 | val_loss=1.1655 val_acc=0.444
      ep18 train_loss=0.8370 train_acc=0.793 | val_loss=1.0909 val_acc=0.444
      ep19 train_loss=0.8434 train_acc=0.827 | val_loss=1.2453 val_acc=0.333
      ep20 train_loss=0.8128 train_acc=0.823 | val_loss=1.0818 val_acc=0.556
      ep21 train_loss=0.8927 train_acc=0.789 | val_loss=1.2048 val_acc=0.444
      ep22 train_loss=0.8040 train_acc=0.797 | val_loss=1.0542 val_acc=0.556
      ep23 train_loss=0.7829 train_acc=0.848 | val_loss=1.0077 val_acc=0.667
      ep24 train_loss=0.8104 train_acc=0.823 | val_loss=1.1428 val_acc=0.556
    fold acc=0.667 time=199.1s | running pooled acc=0.478

--- Fold 8/26 | test sub08 (3 test, 243 train) ---
      ep00 train_loss=1.7798 train_acc=0.239 | val_loss=2.3021 val_acc=0.000
      ep01 train_loss=1.6729 train_acc=0.263 | val_loss=1.5069 val_acc=0.333
      ep02 train_loss=1.4533 train_acc=0.444 | val_loss=1.7213 val_acc=0.333
      ep03 train_loss=1.4195 train_acc=0.444 | val_loss=0.9700 val_acc=0.333
      ep04 train_loss=1.4008 train_acc=0.453 | val_loss=1.6550 val_acc=0.000
      ep05 train_loss=1.2841 train_acc=0.490 | val_loss=1.2416 val_acc=0.333
      ep06 train_loss=1.1802 train_acc=0.626 | val_loss=1.1721 val_acc=0.333
      ep07 train_loss=1.1488 train_acc=0.597 | val_loss=2.1570 val_acc=0.000
      ep08 train_loss=1.1375 train_acc=0.626 | val_loss=1.0850 val_acc=0.333
      ep09 train_loss=1.0251 train_acc=0.671 | val_loss=1.8443 val_acc=0.333
      ep10 train_loss=1.0598 train_acc=0.642 | val_loss=1.9664 val_acc=0.000
      ep11 train_loss=0.9909 train_acc=0.691 | val_loss=1.9228 val_acc=0.000
      ep12 train_loss=0.9139 train_acc=0.757 | val_loss=1.5117 val_acc=0.333
      ep13 train_loss=0.9708 train_acc=0.753 | val_loss=1.6230 val_acc=0.333
      ep14 train_loss=0.9188 train_acc=0.749 | val_loss=1.9063 val_acc=0.000
      ep15 train_loss=0.8692 train_acc=0.798 | val_loss=1.8558 val_acc=0.000
      ep16 train_loss=0.8446 train_acc=0.802 | val_loss=1.2704 val_acc=0.000
      ep17 train_loss=0.8615 train_acc=0.815 | val_loss=1.5856 val_acc=0.333
      ep18 train_loss=0.8345 train_acc=0.856 | val_loss=1.5162 val_acc=0.000
      ep19 train_loss=0.8122 train_acc=0.835 | val_loss=1.6120 val_acc=0.333
      ep20 train_loss=0.8449 train_acc=0.811 | val_loss=1.4215 val_acc=0.000
      ep21 train_loss=0.8415 train_acc=0.794 | val_loss=1.7197 val_acc=0.000
      ep22 train_loss=0.7612 train_acc=0.852 | val_loss=1.8120 val_acc=0.000
      ep23 train_loss=0.7785 train_acc=0.831 | val_loss=1.5188 val_acc=0.000
      ep24 train_loss=0.8494 train_acc=0.811 | val_loss=1.6768 val_acc=0.000
    fold acc=0.000 time=199.7s | running pooled acc=0.457

--- Fold 9/26 | test sub09 (13 test, 233 train) ---
      ep00 train_loss=1.8026 train_acc=0.266 | val_loss=2.1727 val_acc=0.000
      ep01 train_loss=1.5927 train_acc=0.399 | val_loss=1.1535 val_acc=0.615
      ep02 train_loss=1.5179 train_acc=0.365 | val_loss=1.4429 val_acc=0.538
      ep03 train_loss=1.3571 train_acc=0.511 | val_loss=0.7567 val_acc=0.615
      ep04 train_loss=1.2963 train_acc=0.498 | val_loss=0.9412 val_acc=0.462
      ep05 train_loss=1.2344 train_acc=0.519 | val_loss=0.5217 val_acc=0.846
      ep06 train_loss=1.2209 train_acc=0.567 | val_loss=0.5559 val_acc=0.615
      ep07 train_loss=1.1489 train_acc=0.588 | val_loss=1.4360 val_acc=0.308
      ep08 train_loss=1.0467 train_acc=0.652 | val_loss=0.8400 val_acc=0.538
      ep09 train_loss=1.0183 train_acc=0.708 | val_loss=1.2877 val_acc=0.538
      ep10 train_loss=1.0092 train_acc=0.730 | val_loss=1.0046 val_acc=0.615
      ep11 train_loss=1.0985 train_acc=0.691 | val_loss=0.8066 val_acc=0.692
      ep12 train_loss=0.9861 train_acc=0.742 | val_loss=0.7530 val_acc=0.692
      ep13 train_loss=1.0547 train_acc=0.734 | val_loss=0.7059 val_acc=0.769
      ep14 train_loss=0.8707 train_acc=0.803 | val_loss=0.7155 val_acc=0.769
      ep15 train_loss=0.9422 train_acc=0.742 | val_loss=0.8910 val_acc=0.538
      ep16 train_loss=0.8246 train_acc=0.828 | val_loss=0.5885 val_acc=0.846
      ep17 train_loss=0.8483 train_acc=0.811 | val_loss=0.7086 val_acc=0.615
      ep18 train_loss=0.8681 train_acc=0.798 | val_loss=0.7971 val_acc=0.769
      ep19 train_loss=0.8428 train_acc=0.790 | val_loss=0.7854 val_acc=0.615
      ep20 train_loss=0.8627 train_acc=0.837 | val_loss=0.7648 val_acc=0.615
      ep21 train_loss=0.8298 train_acc=0.858 | val_loss=0.7483 val_acc=0.615
      ep22 train_loss=0.8518 train_acc=0.828 | val_loss=0.8754 val_acc=0.615
      ep23 train_loss=0.7982 train_acc=0.871 | val_loss=0.7694 val_acc=0.615
      ep24 train_loss=0.8440 train_acc=0.820 | val_loss=0.7380 val_acc=0.769
    fold acc=0.769 time=199.6s | running pooled acc=0.506

--- Fold 10/26 | test sub10 (13 test, 233 train) ---
      ep00 train_loss=1.7559 train_acc=0.279 | val_loss=1.9014 val_acc=0.000
      ep01 train_loss=1.5587 train_acc=0.391 | val_loss=1.8277 val_acc=0.000
      ep02 train_loss=1.4775 train_acc=0.373 | val_loss=2.6484 val_acc=0.077
      ep03 train_loss=1.3613 train_acc=0.464 | val_loss=1.5565 val_acc=0.231
      ep04 train_loss=1.3246 train_acc=0.481 | val_loss=1.4195 val_acc=0.385
      ep05 train_loss=1.2273 train_acc=0.554 | val_loss=1.3955 val_acc=0.385
      ep06 train_loss=1.1941 train_acc=0.532 | val_loss=1.8166 val_acc=0.077
      ep07 train_loss=1.1066 train_acc=0.597 | val_loss=0.9307 val_acc=0.769
      ep08 train_loss=1.0603 train_acc=0.657 | val_loss=1.4191 val_acc=0.385
      ep09 train_loss=0.9993 train_acc=0.652 | val_loss=1.0331 val_acc=0.615
      ep10 train_loss=1.0000 train_acc=0.674 | val_loss=1.0014 val_acc=0.769
      ep11 train_loss=1.0635 train_acc=0.712 | val_loss=0.8573 val_acc=0.846
      ep12 train_loss=0.9408 train_acc=0.734 | val_loss=1.1272 val_acc=0.769
      ep13 train_loss=0.9984 train_acc=0.712 | val_loss=1.0916 val_acc=0.462
      ep14 train_loss=0.8561 train_acc=0.798 | val_loss=0.9951 val_acc=0.692
      ep15 train_loss=0.8672 train_acc=0.764 | val_loss=0.9393 val_acc=0.769
      ep16 train_loss=0.8051 train_acc=0.815 | val_loss=0.7275 val_acc=0.923
      ep17 train_loss=0.8009 train_acc=0.785 | val_loss=1.1255 val_acc=0.538
      ep18 train_loss=0.8383 train_acc=0.811 | val_loss=0.9760 val_acc=0.846
      ep19 train_loss=0.7738 train_acc=0.845 | val_loss=0.7677 val_acc=0.846
      ep20 train_loss=0.8122 train_acc=0.833 | val_loss=0.8178 val_acc=0.846
      ep21 train_loss=0.7750 train_acc=0.863 | val_loss=0.8817 val_acc=0.846
      ep22 train_loss=0.8082 train_acc=0.815 | val_loss=0.8440 val_acc=0.846
      ep23 train_loss=0.7705 train_acc=0.824 | val_loss=0.9396 val_acc=0.846
      ep24 train_loss=0.8067 train_acc=0.807 | val_loss=0.8794 val_acc=0.846
    fold acc=0.769 time=198.3s | running pooled acc=0.542

--- Fold 11/26 | test sub11 (10 test, 236 train) ---
      ep00 train_loss=1.7197 train_acc=0.263 | val_loss=1.3487 val_acc=0.500
      ep01 train_loss=1.6361 train_acc=0.280 | val_loss=1.4235 val_acc=0.300
      ep02 train_loss=1.4430 train_acc=0.424 | val_loss=1.3744 val_acc=0.300
      ep03 train_loss=1.4128 train_acc=0.398 | val_loss=1.2355 val_acc=0.600
      ep04 train_loss=1.3436 train_acc=0.483 | val_loss=1.4174 val_acc=0.500
      ep05 train_loss=1.2240 train_acc=0.542 | val_loss=1.0116 val_acc=0.500
      ep06 train_loss=1.1509 train_acc=0.589 | val_loss=1.1189 val_acc=0.500
      ep07 train_loss=1.1487 train_acc=0.593 | val_loss=0.8875 val_acc=0.700
      ep08 train_loss=1.0290 train_acc=0.669 | val_loss=0.9165 val_acc=0.700
      ep09 train_loss=1.0255 train_acc=0.691 | val_loss=1.2085 val_acc=0.300
      ep10 train_loss=1.0665 train_acc=0.648 | val_loss=0.9170 val_acc=0.600
      ep11 train_loss=0.9973 train_acc=0.686 | val_loss=1.0302 val_acc=0.600
      ep12 train_loss=0.9628 train_acc=0.716 | val_loss=0.8434 val_acc=0.700
      ep13 train_loss=0.9258 train_acc=0.733 | val_loss=0.8418 val_acc=0.700
      ep14 train_loss=0.9083 train_acc=0.746 | val_loss=0.7983 val_acc=0.700
      ep15 train_loss=0.9202 train_acc=0.767 | val_loss=1.1101 val_acc=0.500
      ep16 train_loss=0.8131 train_acc=0.801 | val_loss=0.8919 val_acc=0.600
      ep17 train_loss=0.8462 train_acc=0.818 | val_loss=0.8553 val_acc=0.600
      ep18 train_loss=0.8718 train_acc=0.801 | val_loss=0.8598 val_acc=0.600
      ep19 train_loss=0.8108 train_acc=0.797 | val_loss=1.0516 val_acc=0.600
      ep20 train_loss=0.8601 train_acc=0.780 | val_loss=1.0872 val_acc=0.500
      ep21 train_loss=0.7980 train_acc=0.826 | val_loss=0.9226 val_acc=0.600
      ep22 train_loss=0.8658 train_acc=0.771 | val_loss=1.0404 val_acc=0.600
      ep23 train_loss=0.7654 train_acc=0.826 | val_loss=1.0743 val_acc=0.600
      ep24 train_loss=0.7772 train_acc=0.839 | val_loss=1.0549 val_acc=0.500
    fold acc=0.500 time=199.8s | running pooled acc=0.538

--- Fold 12/26 | test sub12 (12 test, 234 train) ---
      ep00 train_loss=1.7212 train_acc=0.282 | val_loss=1.4252 val_acc=0.417
      ep01 train_loss=1.6119 train_acc=0.397 | val_loss=1.2425 val_acc=0.417
      ep02 train_loss=1.5191 train_acc=0.372 | val_loss=1.5148 val_acc=0.333
      ep03 train_loss=1.4206 train_acc=0.453 | val_loss=1.3153 val_acc=0.333
      ep04 train_loss=1.3531 train_acc=0.479 | val_loss=1.0829 val_acc=0.583
      ep05 train_loss=1.3855 train_acc=0.513 | val_loss=1.6015 val_acc=0.500
      ep06 train_loss=1.1866 train_acc=0.590 | val_loss=0.6076 val_acc=0.750
      ep07 train_loss=1.1926 train_acc=0.560 | val_loss=0.9019 val_acc=0.667
      ep08 train_loss=1.1200 train_acc=0.628 | val_loss=0.9308 val_acc=0.500
      ep09 train_loss=1.0738 train_acc=0.662 | val_loss=0.7287 val_acc=0.583
      ep10 train_loss=1.0686 train_acc=0.705 | val_loss=0.7442 val_acc=0.500
      ep11 train_loss=1.0285 train_acc=0.722 | val_loss=0.6343 val_acc=0.667
      ep12 train_loss=0.9901 train_acc=0.722 | val_loss=0.7780 val_acc=0.500
      ep13 train_loss=0.9788 train_acc=0.705 | val_loss=0.6431 val_acc=0.750
      ep14 train_loss=0.9621 train_acc=0.714 | val_loss=0.5485 val_acc=0.917
      ep15 train_loss=0.9563 train_acc=0.761 | val_loss=0.7052 val_acc=0.750
      ep16 train_loss=0.9139 train_acc=0.765 | val_loss=0.6269 val_acc=0.833
      ep17 train_loss=0.9009 train_acc=0.778 | val_loss=0.5420 val_acc=0.917
      ep18 train_loss=0.8366 train_acc=0.812 | val_loss=0.6015 val_acc=0.667
      ep19 train_loss=0.8742 train_acc=0.816 | val_loss=0.7071 val_acc=0.667
      ep20 train_loss=0.8633 train_acc=0.769 | val_loss=0.6651 val_acc=0.750
      ep21 train_loss=0.8373 train_acc=0.808 | val_loss=0.6671 val_acc=0.750
      ep22 train_loss=0.8424 train_acc=0.812 | val_loss=0.6529 val_acc=0.667
      ep23 train_loss=0.8367 train_acc=0.846 | val_loss=0.6597 val_acc=0.750
      ep24 train_loss=0.8663 train_acc=0.808 | val_loss=0.7069 val_acc=0.667
    fold acc=0.750 time=197.8s | running pooled acc=0.559

--- Fold 13/26 | test sub13 (8 test, 238 train) ---
      ep00 train_loss=1.7125 train_acc=0.286 | val_loss=2.1099 val_acc=0.000
      ep01 train_loss=1.5487 train_acc=0.361 | val_loss=1.2923 val_acc=0.625
      ep02 train_loss=1.4746 train_acc=0.391 | val_loss=2.2711 val_acc=0.250
      ep03 train_loss=1.3793 train_acc=0.475 | val_loss=1.2905 val_acc=0.500
      ep04 train_loss=1.4363 train_acc=0.424 | val_loss=1.5571 val_acc=0.375
      ep05 train_loss=1.2875 train_acc=0.513 | val_loss=1.2054 val_acc=0.500
      ep06 train_loss=1.2255 train_acc=0.563 | val_loss=1.3804 val_acc=0.375
      ep07 train_loss=1.1710 train_acc=0.597 | val_loss=1.9423 val_acc=0.375
      ep08 train_loss=1.0357 train_acc=0.647 | val_loss=1.9128 val_acc=0.375
      ep09 train_loss=1.0921 train_acc=0.672 | val_loss=1.2930 val_acc=0.500
      ep10 train_loss=1.0209 train_acc=0.702 | val_loss=1.8618 val_acc=0.250
      ep11 train_loss=1.0122 train_acc=0.706 | val_loss=1.1806 val_acc=0.250
      ep12 train_loss=0.9445 train_acc=0.735 | val_loss=1.1926 val_acc=0.375
      ep13 train_loss=0.9062 train_acc=0.773 | val_loss=1.2890 val_acc=0.125
      ep14 train_loss=0.8434 train_acc=0.786 | val_loss=1.2704 val_acc=0.375
      ep15 train_loss=0.8640 train_acc=0.803 | val_loss=1.1452 val_acc=0.500
      ep16 train_loss=0.8243 train_acc=0.819 | val_loss=1.2708 val_acc=0.375
      ep17 train_loss=0.8717 train_acc=0.824 | val_loss=1.0935 val_acc=0.500
      ep18 train_loss=0.8491 train_acc=0.786 | val_loss=1.1113 val_acc=0.500
      ep19 train_loss=0.8366 train_acc=0.786 | val_loss=1.1221 val_acc=0.500
      ep20 train_loss=0.8433 train_acc=0.803 | val_loss=1.0556 val_acc=0.500
      ep21 train_loss=0.8200 train_acc=0.815 | val_loss=1.0882 val_acc=0.500
      ep22 train_loss=0.8006 train_acc=0.845 | val_loss=1.2717 val_acc=0.500
      ep23 train_loss=0.7979 train_acc=0.819 | val_loss=1.1543 val_acc=0.500
      ep24 train_loss=0.7980 train_acc=0.870 | val_loss=1.2299 val_acc=0.375
    fold acc=0.500 time=199.3s | running pooled acc=0.556

--- Fold 14/26 | test sub14 (4 test, 242 train) ---
      ep00 train_loss=1.7625 train_acc=0.273 | val_loss=1.9462 val_acc=0.250
      ep01 train_loss=1.5729 train_acc=0.331 | val_loss=1.5591 val_acc=0.250
      ep02 train_loss=1.4969 train_acc=0.384 | val_loss=1.5186 val_acc=0.250
      ep03 train_loss=1.3655 train_acc=0.426 | val_loss=1.4351 val_acc=0.500
      ep04 train_loss=1.3075 train_acc=0.500 | val_loss=1.0080 val_acc=0.750
      ep05 train_loss=1.2477 train_acc=0.545 | val_loss=2.0499 val_acc=0.250
      ep06 train_loss=1.0901 train_acc=0.661 | val_loss=1.1614 val_acc=0.500
      ep07 train_loss=1.1685 train_acc=0.595 | val_loss=1.3909 val_acc=0.500
      ep08 train_loss=1.0356 train_acc=0.665 | val_loss=1.3572 val_acc=0.500
      ep09 train_loss=1.1682 train_acc=0.645 | val_loss=1.2091 val_acc=0.500
      ep10 train_loss=1.0302 train_acc=0.731 | val_loss=1.0028 val_acc=0.750
      ep11 train_loss=0.9331 train_acc=0.727 | val_loss=1.1021 val_acc=0.500
      ep12 train_loss=0.9879 train_acc=0.686 | val_loss=1.3799 val_acc=0.000
      ep13 train_loss=0.9582 train_acc=0.736 | val_loss=1.5683 val_acc=0.250
      ep14 train_loss=0.9225 train_acc=0.744 | val_loss=1.3843 val_acc=0.500
      ep15 train_loss=0.9346 train_acc=0.785 | val_loss=1.6079 val_acc=0.250
      ep16 train_loss=0.8971 train_acc=0.752 | val_loss=1.1730 val_acc=0.500
      ep17 train_loss=0.9108 train_acc=0.731 | val_loss=1.5506 val_acc=0.500
      ep18 train_loss=0.8197 train_acc=0.855 | val_loss=1.2952 val_acc=0.500
      ep19 train_loss=0.8136 train_acc=0.835 | val_loss=1.2349 val_acc=0.500
      ep20 train_loss=0.8282 train_acc=0.822 | val_loss=1.1815 val_acc=0.500
      ep21 train_loss=0.8538 train_acc=0.785 | val_loss=1.2840 val_acc=0.500
      ep22 train_loss=0.7996 train_acc=0.814 | val_loss=1.1702 val_acc=0.750
      ep23 train_loss=0.7881 train_acc=0.864 | val_loss=1.2175 val_acc=0.500
      ep24 train_loss=0.7479 train_acc=0.901 | val_loss=1.2481 val_acc=0.500
    fold acc=0.750 time=198.7s | running pooled acc=0.562

--- Fold 15/26 | test sub15 (3 test, 243 train) ---
      ep00 train_loss=1.7681 train_acc=0.243 | val_loss=1.7170 val_acc=0.000
      ep01 train_loss=1.6317 train_acc=0.259 | val_loss=2.2937 val_acc=0.000
      ep02 train_loss=1.4812 train_acc=0.354 | val_loss=1.6210 val_acc=0.333
      ep03 train_loss=1.3954 train_acc=0.416 | val_loss=2.0243 val_acc=0.000
      ep04 train_loss=1.3817 train_acc=0.432 | val_loss=0.8062 val_acc=0.667
      ep05 train_loss=1.2710 train_acc=0.547 | val_loss=0.9890 val_acc=0.667
      ep06 train_loss=1.1918 train_acc=0.605 | val_loss=1.4205 val_acc=0.000
      ep07 train_loss=1.1391 train_acc=0.560 | val_loss=1.1376 val_acc=0.333
      ep08 train_loss=1.1874 train_acc=0.630 | val_loss=1.1370 val_acc=0.333
      ep09 train_loss=1.1067 train_acc=0.638 | val_loss=0.8679 val_acc=0.667
      ep10 train_loss=1.0728 train_acc=0.634 | val_loss=1.6125 val_acc=0.333
      ep11 train_loss=1.0078 train_acc=0.687 | val_loss=0.8251 val_acc=0.667
      ep12 train_loss=0.9350 train_acc=0.749 | val_loss=0.8908 val_acc=0.667
      ep13 train_loss=0.9719 train_acc=0.733 | val_loss=1.1533 val_acc=0.667
      ep14 train_loss=0.8917 train_acc=0.802 | val_loss=0.9659 val_acc=0.333
      ep15 train_loss=0.8630 train_acc=0.786 | val_loss=1.0797 val_acc=0.333
      ep16 train_loss=0.8284 train_acc=0.798 | val_loss=1.5129 val_acc=0.333
      ep17 train_loss=0.8805 train_acc=0.753 | val_loss=1.0801 val_acc=0.333
      ep18 train_loss=0.7973 train_acc=0.852 | val_loss=1.1034 val_acc=0.333
      ep19 train_loss=0.8169 train_acc=0.852 | val_loss=0.8637 val_acc=0.333
      ep20 train_loss=0.8226 train_acc=0.815 | val_loss=1.0865 val_acc=0.333
      ep21 train_loss=0.8268 train_acc=0.794 | val_loss=0.9222 val_acc=0.333
      ep22 train_loss=0.7706 train_acc=0.885 | val_loss=0.9935 val_acc=0.333
      ep23 train_loss=0.7655 train_acc=0.860 | val_loss=0.9640 val_acc=0.333
      ep24 train_loss=0.8148 train_acc=0.835 | val_loss=1.0125 val_acc=0.333
    fold acc=0.667 time=200.3s | running pooled acc=0.564

--- Fold 16/26 | test sub16 (4 test, 242 train) ---
      ep00 train_loss=1.7641 train_acc=0.260 | val_loss=2.5067 val_acc=0.000
      ep01 train_loss=1.5478 train_acc=0.372 | val_loss=1.2973 val_acc=0.250
      ep02 train_loss=1.5276 train_acc=0.397 | val_loss=1.8314 val_acc=0.250
      ep03 train_loss=1.3850 train_acc=0.417 | val_loss=1.4848 val_acc=0.250
      ep04 train_loss=1.3637 train_acc=0.471 | val_loss=1.3496 val_acc=0.750
      ep05 train_loss=1.3161 train_acc=0.455 | val_loss=1.1782 val_acc=0.750
      ep06 train_loss=1.1573 train_acc=0.628 | val_loss=1.4034 val_acc=0.500
      ep07 train_loss=1.1863 train_acc=0.591 | val_loss=1.3514 val_acc=0.500
      ep08 train_loss=1.0587 train_acc=0.620 | val_loss=1.6341 val_acc=0.500
      ep09 train_loss=1.1226 train_acc=0.645 | val_loss=1.7270 val_acc=0.500
      ep10 train_loss=1.0025 train_acc=0.719 | val_loss=1.4983 val_acc=0.250
      ep11 train_loss=0.9841 train_acc=0.674 | val_loss=1.6307 val_acc=0.500
      ep12 train_loss=0.9871 train_acc=0.715 | val_loss=1.5577 val_acc=0.500
      ep13 train_loss=0.9572 train_acc=0.760 | val_loss=1.2206 val_acc=0.500
      ep14 train_loss=0.8898 train_acc=0.744 | val_loss=1.3172 val_acc=0.500
      ep15 train_loss=0.9115 train_acc=0.773 | val_loss=1.4038 val_acc=0.500
      ep16 train_loss=0.8658 train_acc=0.798 | val_loss=1.3216 val_acc=0.500
      ep17 train_loss=0.8728 train_acc=0.764 | val_loss=1.4157 val_acc=0.500
      ep18 train_loss=0.8126 train_acc=0.864 | val_loss=1.5344 val_acc=0.500
      ep19 train_loss=0.8133 train_acc=0.810 | val_loss=1.5644 val_acc=0.500
      ep20 train_loss=0.8297 train_acc=0.835 | val_loss=1.6837 val_acc=0.500
      ep21 train_loss=0.8781 train_acc=0.773 | val_loss=1.7204 val_acc=0.250
      ep22 train_loss=0.8040 train_acc=0.835 | val_loss=1.6681 val_acc=0.500
      ep23 train_loss=0.7735 train_acc=0.868 | val_loss=1.6255 val_acc=0.250
      ep24 train_loss=0.7670 train_acc=0.880 | val_loss=1.7191 val_acc=0.500
    fold acc=0.500 time=199.1s | running pooled acc=0.562

--- Fold 17/26 | test sub17 (34 test, 212 train) ---
      ep00 train_loss=1.7057 train_acc=0.259 | val_loss=1.8130 val_acc=0.353
      ep01 train_loss=1.6229 train_acc=0.358 | val_loss=1.4351 val_acc=0.412
      ep02 train_loss=1.5844 train_acc=0.363 | val_loss=1.5410 val_acc=0.294
      ep03 train_loss=1.4435 train_acc=0.448 | val_loss=1.3611 val_acc=0.441
      ep04 train_loss=1.3429 train_acc=0.505 | val_loss=1.2932 val_acc=0.265
      ep05 train_loss=1.2882 train_acc=0.500 | val_loss=1.4269 val_acc=0.441
      ep06 train_loss=1.2389 train_acc=0.524 | val_loss=1.3102 val_acc=0.412
      ep07 train_loss=1.2500 train_acc=0.585 | val_loss=1.1625 val_acc=0.529
      ep08 train_loss=1.1243 train_acc=0.618 | val_loss=1.4462 val_acc=0.412
      ep09 train_loss=1.1061 train_acc=0.604 | val_loss=0.6695 val_acc=0.735
      ep10 train_loss=1.0951 train_acc=0.656 | val_loss=1.1786 val_acc=0.471
      ep11 train_loss=1.0590 train_acc=0.708 | val_loss=1.1379 val_acc=0.382
      ep12 train_loss=1.0241 train_acc=0.698 | val_loss=1.0704 val_acc=0.471
      ep13 train_loss=1.0136 train_acc=0.698 | val_loss=1.2212 val_acc=0.500
      ep14 train_loss=0.9865 train_acc=0.759 | val_loss=1.0963 val_acc=0.441
      ep15 train_loss=1.0018 train_acc=0.708 | val_loss=1.1995 val_acc=0.441
      ep16 train_loss=0.9439 train_acc=0.764 | val_loss=0.9970 val_acc=0.500
      ep17 train_loss=0.9644 train_acc=0.759 | val_loss=1.1330 val_acc=0.471
      ep18 train_loss=0.8986 train_acc=0.802 | val_loss=1.2053 val_acc=0.471
      ep19 train_loss=0.9095 train_acc=0.802 | val_loss=1.0467 val_acc=0.441
      ep20 train_loss=0.8767 train_acc=0.797 | val_loss=1.1586 val_acc=0.471
      ep21 train_loss=0.8371 train_acc=0.835 | val_loss=1.1491 val_acc=0.471
      ep22 train_loss=0.8690 train_acc=0.825 | val_loss=1.0861 val_acc=0.471
      ep23 train_loss=0.8731 train_acc=0.792 | val_loss=1.1112 val_acc=0.471
      ep24 train_loss=0.8515 train_acc=0.774 | val_loss=1.1254 val_acc=0.441
    fold acc=0.441 time=194.0s | running pooled acc=0.538

--- Fold 18/26 | test sub18 (3 test, 243 train) ---
      ep00 train_loss=1.7305 train_acc=0.243 | val_loss=1.9452 val_acc=0.000
      ep01 train_loss=1.5675 train_acc=0.305 | val_loss=1.0002 val_acc=1.000
      ep02 train_loss=1.4143 train_acc=0.416 | val_loss=1.4315 val_acc=0.333
      ep03 train_loss=1.3267 train_acc=0.469 | val_loss=1.1511 val_acc=0.333
      ep04 train_loss=1.3145 train_acc=0.527 | val_loss=1.2477 val_acc=0.333
      ep05 train_loss=1.2740 train_acc=0.539 | val_loss=1.0312 val_acc=0.667
      ep06 train_loss=1.1801 train_acc=0.617 | val_loss=0.6678 val_acc=1.000
      ep07 train_loss=1.0838 train_acc=0.630 | val_loss=1.6190 val_acc=0.667
      ep08 train_loss=1.1418 train_acc=0.663 | val_loss=0.7912 val_acc=0.667
      ep09 train_loss=1.0799 train_acc=0.671 | val_loss=1.4021 val_acc=0.667
      ep10 train_loss=1.0030 train_acc=0.679 | val_loss=1.4098 val_acc=0.000
      ep11 train_loss=1.0122 train_acc=0.675 | val_loss=1.0911 val_acc=0.667
      ep12 train_loss=0.9194 train_acc=0.790 | val_loss=1.3998 val_acc=0.333
      ep13 train_loss=0.9797 train_acc=0.724 | val_loss=0.8244 val_acc=0.667
      ep14 train_loss=0.8790 train_acc=0.770 | val_loss=0.9225 val_acc=0.667
      ep15 train_loss=0.8744 train_acc=0.770 | val_loss=0.6616 val_acc=0.667
      ep16 train_loss=0.8091 train_acc=0.848 | val_loss=1.1741 val_acc=0.333
      ep17 train_loss=0.8309 train_acc=0.798 | val_loss=1.2522 val_acc=0.333
      ep18 train_loss=0.7904 train_acc=0.835 | val_loss=1.1746 val_acc=0.333
      ep19 train_loss=0.7970 train_acc=0.864 | val_loss=1.3910 val_acc=0.333
      ep20 train_loss=0.7933 train_acc=0.852 | val_loss=1.0303 val_acc=0.333
      ep21 train_loss=0.7773 train_acc=0.835 | val_loss=1.2242 val_acc=0.333
      ep22 train_loss=0.8091 train_acc=0.840 | val_loss=1.0018 val_acc=0.333
      ep23 train_loss=0.7446 train_acc=0.889 | val_loss=1.1397 val_acc=0.333
      ep24 train_loss=0.8463 train_acc=0.815 | val_loss=1.0817 val_acc=0.333
    fold acc=0.333 time=192.7s | running pooled acc=0.534

--- Fold 19/26 | test sub19 (15 test, 231 train) ---
      ep00 train_loss=1.6942 train_acc=0.303 | val_loss=1.4989 val_acc=0.267
      ep01 train_loss=1.6041 train_acc=0.342 | val_loss=1.3371 val_acc=0.533
      ep02 train_loss=1.4430 train_acc=0.463 | val_loss=1.3658 val_acc=0.400
      ep03 train_loss=1.3577 train_acc=0.494 | val_loss=1.5522 val_acc=0.267
      ep04 train_loss=1.2635 train_acc=0.532 | val_loss=1.4439 val_acc=0.467
      ep05 train_loss=1.2613 train_acc=0.567 | val_loss=1.6238 val_acc=0.467
      ep06 train_loss=1.1780 train_acc=0.576 | val_loss=1.4967 val_acc=0.200
      ep07 train_loss=1.1316 train_acc=0.623 | val_loss=1.4660 val_acc=0.600
      ep08 train_loss=1.1015 train_acc=0.641 | val_loss=1.1132 val_acc=0.667
      ep09 train_loss=1.1093 train_acc=0.654 | val_loss=1.0864 val_acc=0.533
      ep10 train_loss=0.9491 train_acc=0.697 | val_loss=1.2334 val_acc=0.667
      ep11 train_loss=1.0005 train_acc=0.723 | val_loss=1.1353 val_acc=0.600
      ep12 train_loss=1.0360 train_acc=0.727 | val_loss=1.2484 val_acc=0.533
      ep13 train_loss=0.9486 train_acc=0.740 | val_loss=1.1353 val_acc=0.533
      ep14 train_loss=0.9741 train_acc=0.723 | val_loss=1.2475 val_acc=0.533
      ep15 train_loss=0.8526 train_acc=0.835 | val_loss=1.3648 val_acc=0.533
      ep16 train_loss=0.9479 train_acc=0.753 | val_loss=1.1899 val_acc=0.600
      ep17 train_loss=0.8615 train_acc=0.797 | val_loss=1.1564 val_acc=0.600
      ep18 train_loss=0.8498 train_acc=0.792 | val_loss=1.1903 val_acc=0.533
      ep19 train_loss=0.8585 train_acc=0.805 | val_loss=1.1223 val_acc=0.667
      ep20 train_loss=0.7549 train_acc=0.874 | val_loss=1.1216 val_acc=0.600
      ep21 train_loss=0.8817 train_acc=0.831 | val_loss=1.2067 val_acc=0.600
      ep22 train_loss=0.8404 train_acc=0.801 | val_loss=1.1889 val_acc=0.600
      ep23 train_loss=0.8194 train_acc=0.818 | val_loss=1.2176 val_acc=0.600
      ep24 train_loss=0.8310 train_acc=0.857 | val_loss=1.1866 val_acc=0.600
    fold acc=0.600 time=191.4s | running pooled acc=0.540

--- Fold 20/26 | test sub20 (11 test, 235 train) ---
      ep00 train_loss=1.7083 train_acc=0.272 | val_loss=1.5163 val_acc=0.000
      ep01 train_loss=1.6012 train_acc=0.289 | val_loss=1.2964 val_acc=0.545
      ep02 train_loss=1.4616 train_acc=0.379 | val_loss=1.2503 val_acc=0.364
      ep03 train_loss=1.3691 train_acc=0.451 | val_loss=1.3292 val_acc=0.455
      ep04 train_loss=1.3294 train_acc=0.540 | val_loss=1.3410 val_acc=0.636
      ep05 train_loss=1.2010 train_acc=0.553 | val_loss=1.3125 val_acc=0.636
      ep06 train_loss=1.1793 train_acc=0.562 | val_loss=1.1228 val_acc=0.636
      ep07 train_loss=1.1266 train_acc=0.626 | val_loss=1.6834 val_acc=0.273
      ep08 train_loss=1.1392 train_acc=0.579 | val_loss=1.2922 val_acc=0.364
      ep09 train_loss=1.0195 train_acc=0.672 | val_loss=1.6856 val_acc=0.273
      ep10 train_loss=0.9562 train_acc=0.698 | val_loss=1.4029 val_acc=0.364
      ep11 train_loss=0.9782 train_acc=0.736 | val_loss=1.7041 val_acc=0.091
      ep12 train_loss=0.9541 train_acc=0.728 | val_loss=1.1783 val_acc=0.636
      ep13 train_loss=1.0575 train_acc=0.664 | val_loss=1.4705 val_acc=0.545
      ep14 train_loss=0.8695 train_acc=0.779 | val_loss=1.3518 val_acc=0.364
      ep15 train_loss=0.8361 train_acc=0.787 | val_loss=1.7210 val_acc=0.273
      ep16 train_loss=0.8571 train_acc=0.813 | val_loss=1.4966 val_acc=0.455
      ep17 train_loss=0.8661 train_acc=0.804 | val_loss=1.2408 val_acc=0.455
      ep18 train_loss=0.8409 train_acc=0.809 | val_loss=1.3467 val_acc=0.273
      ep19 train_loss=0.7644 train_acc=0.851 | val_loss=1.1063 val_acc=0.636
      ep20 train_loss=0.7776 train_acc=0.855 | val_loss=1.4188 val_acc=0.364
      ep21 train_loss=0.7977 train_acc=0.809 | val_loss=1.2075 val_acc=0.273
      ep22 train_loss=0.7830 train_acc=0.838 | val_loss=1.1691 val_acc=0.545
      ep23 train_loss=0.7459 train_acc=0.868 | val_loss=1.4343 val_acc=0.364
      ep24 train_loss=0.7968 train_acc=0.830 | val_loss=1.4006 val_acc=0.364
    fold acc=0.455 time=191.4s | running pooled acc=0.535

--- Fold 21/26 | test sub21 (2 test, 244 train) ---
      ep00 train_loss=1.7534 train_acc=0.246 | val_loss=2.2115 val_acc=0.000
      ep01 train_loss=1.6042 train_acc=0.332 | val_loss=1.4897 val_acc=0.000
      ep02 train_loss=1.4532 train_acc=0.422 | val_loss=1.5089 val_acc=0.000
      ep03 train_loss=1.4029 train_acc=0.475 | val_loss=1.3882 val_acc=0.500
      ep04 train_loss=1.3382 train_acc=0.516 | val_loss=1.8401 val_acc=0.500
      ep05 train_loss=1.2238 train_acc=0.557 | val_loss=2.4355 val_acc=0.000
      ep06 train_loss=1.0730 train_acc=0.602 | val_loss=0.8628 val_acc=0.500
      ep07 train_loss=1.1205 train_acc=0.615 | val_loss=0.5378 val_acc=1.000
      ep08 train_loss=1.1016 train_acc=0.635 | val_loss=1.1124 val_acc=0.500
      ep09 train_loss=0.9440 train_acc=0.746 | val_loss=0.8026 val_acc=0.500
      ep10 train_loss=1.0501 train_acc=0.652 | val_loss=1.7047 val_acc=0.500
      ep11 train_loss=1.0085 train_acc=0.697 | val_loss=0.3978 val_acc=1.000
      ep12 train_loss=0.9483 train_acc=0.725 | val_loss=1.9126 val_acc=0.500
      ep13 train_loss=0.9105 train_acc=0.766 | val_loss=1.4331 val_acc=0.500
      ep14 train_loss=0.8755 train_acc=0.750 | val_loss=1.2495 val_acc=0.500
      ep15 train_loss=0.9048 train_acc=0.787 | val_loss=0.8748 val_acc=0.500
      ep16 train_loss=0.8156 train_acc=0.828 | val_loss=0.9858 val_acc=0.500
      ep17 train_loss=0.8419 train_acc=0.799 | val_loss=1.3880 val_acc=0.500
      ep18 train_loss=0.8752 train_acc=0.746 | val_loss=1.3433 val_acc=0.500
      ep19 train_loss=0.7962 train_acc=0.811 | val_loss=0.9737 val_acc=0.500
      ep20 train_loss=0.8272 train_acc=0.836 | val_loss=1.1066 val_acc=0.500
      ep21 train_loss=0.8355 train_acc=0.836 | val_loss=1.1792 val_acc=0.500
      ep22 train_loss=0.7972 train_acc=0.828 | val_loss=1.1743 val_acc=0.500
      ep23 train_loss=0.7690 train_acc=0.852 | val_loss=1.0456 val_acc=0.500
      ep24 train_loss=0.7594 train_acc=0.861 | val_loss=1.1314 val_acc=0.500
    fold acc=0.500 time=189.3s | running pooled acc=0.535

--- Fold 22/26 | test sub22 (2 test, 244 train) ---
      ep00 train_loss=1.7551 train_acc=0.225 | val_loss=2.3961 val_acc=0.000
      ep01 train_loss=1.6061 train_acc=0.324 | val_loss=0.9212 val_acc=0.500
      ep02 train_loss=1.4819 train_acc=0.418 | val_loss=0.4956 val_acc=1.000
      ep03 train_loss=1.4159 train_acc=0.451 | val_loss=0.2217 val_acc=1.000
      ep04 train_loss=1.3256 train_acc=0.492 | val_loss=0.7952 val_acc=0.500
      ep05 train_loss=1.2311 train_acc=0.570 | val_loss=1.0286 val_acc=0.500
      ep06 train_loss=1.1318 train_acc=0.578 | val_loss=0.0021 val_acc=1.000
      ep07 train_loss=1.1194 train_acc=0.639 | val_loss=0.5583 val_acc=1.000
      ep08 train_loss=1.1291 train_acc=0.635 | val_loss=0.1274 val_acc=1.000
      ep09 train_loss=0.9943 train_acc=0.705 | val_loss=0.0759 val_acc=1.000
      ep10 train_loss=0.9970 train_acc=0.689 | val_loss=0.0105 val_acc=1.000
      ep11 train_loss=1.0126 train_acc=0.697 | val_loss=0.0005 val_acc=1.000
      ep12 train_loss=0.9694 train_acc=0.725 | val_loss=0.0587 val_acc=1.000
      ep13 train_loss=0.9301 train_acc=0.754 | val_loss=0.0046 val_acc=1.000
      ep14 train_loss=0.8954 train_acc=0.758 | val_loss=0.0280 val_acc=1.000
      ep15 train_loss=0.9266 train_acc=0.787 | val_loss=0.0608 val_acc=1.000
      ep16 train_loss=0.8551 train_acc=0.807 | val_loss=0.0343 val_acc=1.000
      ep17 train_loss=0.8868 train_acc=0.766 | val_loss=0.0362 val_acc=1.000
      ep18 train_loss=0.8528 train_acc=0.783 | val_loss=0.0160 val_acc=1.000
      ep19 train_loss=0.8000 train_acc=0.828 | val_loss=0.0122 val_acc=1.000
      ep20 train_loss=0.8395 train_acc=0.844 | val_loss=0.0207 val_acc=1.000
      ep21 train_loss=0.8479 train_acc=0.828 | val_loss=0.0342 val_acc=1.000
      ep22 train_loss=0.8369 train_acc=0.832 | val_loss=0.0268 val_acc=1.000
      ep23 train_loss=0.7911 train_acc=0.824 | val_loss=0.0376 val_acc=1.000
      ep24 train_loss=0.7756 train_acc=0.861 | val_loss=0.0251 val_acc=1.000
    fold acc=1.000 time=190.3s | running pooled acc=0.539

--- Fold 23/26 | test sub23 (12 test, 234 train) ---
      ep00 train_loss=1.7713 train_acc=0.261 | val_loss=1.7588 val_acc=0.167
      ep01 train_loss=1.5974 train_acc=0.372 | val_loss=1.6422 val_acc=0.250
      ep02 train_loss=1.4794 train_acc=0.415 | val_loss=1.3585 val_acc=0.417
      ep03 train_loss=1.3625 train_acc=0.509 | val_loss=1.3403 val_acc=0.333
      ep04 train_loss=1.2751 train_acc=0.513 | val_loss=1.0290 val_acc=0.583
      ep05 train_loss=1.2541 train_acc=0.530 | val_loss=1.7116 val_acc=0.583
      ep06 train_loss=1.1794 train_acc=0.598 | val_loss=1.5224 val_acc=0.417
      ep07 train_loss=1.1145 train_acc=0.632 | val_loss=1.1893 val_acc=0.500
      ep08 train_loss=1.0977 train_acc=0.641 | val_loss=1.9313 val_acc=0.333
      ep09 train_loss=1.0726 train_acc=0.620 | val_loss=1.1150 val_acc=0.250
      ep10 train_loss=1.0137 train_acc=0.718 | val_loss=1.2861 val_acc=0.667
      ep11 train_loss=0.9805 train_acc=0.739 | val_loss=1.1424 val_acc=0.583
      ep12 train_loss=0.9309 train_acc=0.726 | val_loss=0.7895 val_acc=0.750
      ep13 train_loss=0.9083 train_acc=0.748 | val_loss=0.9433 val_acc=0.667
      ep14 train_loss=0.9150 train_acc=0.769 | val_loss=1.1341 val_acc=0.583
      ep15 train_loss=0.8645 train_acc=0.786 | val_loss=1.1046 val_acc=0.500
      ep16 train_loss=0.8912 train_acc=0.778 | val_loss=1.0389 val_acc=0.333
      ep17 train_loss=0.8718 train_acc=0.808 | val_loss=0.8767 val_acc=0.667
      ep18 train_loss=0.8128 train_acc=0.833 | val_loss=1.0210 val_acc=0.583
      ep19 train_loss=0.8175 train_acc=0.808 | val_loss=1.0297 val_acc=0.583
      ep20 train_loss=0.8055 train_acc=0.859 | val_loss=0.8722 val_acc=0.750
      ep21 train_loss=0.8410 train_acc=0.825 | val_loss=0.8521 val_acc=0.750
      ep22 train_loss=0.8290 train_acc=0.816 | val_loss=0.8942 val_acc=0.667
      ep23 train_loss=0.7929 train_acc=0.838 | val_loss=0.9250 val_acc=0.667
      ep24 train_loss=0.7652 train_acc=0.863 | val_loss=0.9584 val_acc=0.500
    fold acc=0.667 time=188.1s | running pooled acc=0.546

--- Fold 24/26 | test sub24 (7 test, 239 train) ---
      ep00 train_loss=1.7186 train_acc=0.305 | val_loss=1.3854 val_acc=0.000
      ep01 train_loss=1.4956 train_acc=0.372 | val_loss=1.5823 val_acc=0.429
      ep02 train_loss=1.4737 train_acc=0.410 | val_loss=1.4917 val_acc=0.429
      ep03 train_loss=1.4266 train_acc=0.506 | val_loss=0.9659 val_acc=0.857
      ep04 train_loss=1.2897 train_acc=0.548 | val_loss=1.0804 val_acc=0.714
      ep05 train_loss=1.1870 train_acc=0.598 | val_loss=1.1948 val_acc=0.571
      ep06 train_loss=1.1963 train_acc=0.590 | val_loss=1.0969 val_acc=0.571
      ep07 train_loss=1.1808 train_acc=0.586 | val_loss=1.1202 val_acc=0.571
      ep08 train_loss=1.1264 train_acc=0.619 | val_loss=0.9240 val_acc=0.714
      ep09 train_loss=0.9910 train_acc=0.757 | val_loss=1.1843 val_acc=0.429
      ep10 train_loss=1.0308 train_acc=0.669 | val_loss=0.9055 val_acc=0.714
      ep11 train_loss=1.0522 train_acc=0.657 | val_loss=0.9894 val_acc=0.429
      ep12 train_loss=0.9982 train_acc=0.715 | val_loss=0.8292 val_acc=0.857
      ep13 train_loss=0.9132 train_acc=0.741 | val_loss=0.8673 val_acc=0.714
      ep14 train_loss=0.8811 train_acc=0.770 | val_loss=0.7027 val_acc=0.714
      ep15 train_loss=0.8427 train_acc=0.812 | val_loss=0.8221 val_acc=0.714
      ep16 train_loss=0.8740 train_acc=0.782 | val_loss=0.9301 val_acc=0.571
      ep17 train_loss=0.8367 train_acc=0.745 | val_loss=0.9498 val_acc=0.571
      ep18 train_loss=0.8114 train_acc=0.824 | val_loss=0.9139 val_acc=0.714
      ep19 train_loss=0.8003 train_acc=0.824 | val_loss=0.9263 val_acc=0.714
      ep20 train_loss=0.8003 train_acc=0.824 | val_loss=1.0706 val_acc=0.429
      ep21 train_loss=0.7854 train_acc=0.845 | val_loss=0.9847 val_acc=0.571
      ep22 train_loss=0.7643 train_acc=0.904 | val_loss=1.0460 val_acc=0.571
      ep23 train_loss=0.8046 train_acc=0.816 | val_loss=0.9657 val_acc=0.714
      ep24 train_loss=0.8069 train_acc=0.849 | val_loss=1.0020 val_acc=0.571
    fold acc=0.571 time=189.7s | running pooled acc=0.547

--- Fold 25/26 | test sub25 (7 test, 239 train) ---
      ep00 train_loss=1.7328 train_acc=0.331 | val_loss=1.3121 val_acc=0.286
      ep01 train_loss=1.4998 train_acc=0.368 | val_loss=1.3418 val_acc=0.429
      ep02 train_loss=1.4532 train_acc=0.414 | val_loss=1.9577 val_acc=0.143
      ep03 train_loss=1.4152 train_acc=0.464 | val_loss=1.7444 val_acc=0.429
      ep04 train_loss=1.2967 train_acc=0.540 | val_loss=1.5448 val_acc=0.286
      ep05 train_loss=1.2052 train_acc=0.573 | val_loss=1.8397 val_acc=0.286
      ep06 train_loss=1.1641 train_acc=0.565 | val_loss=1.0837 val_acc=0.571
      ep07 train_loss=1.1555 train_acc=0.611 | val_loss=1.2479 val_acc=0.429
      ep08 train_loss=1.1399 train_acc=0.640 | val_loss=1.0401 val_acc=0.429
      ep09 train_loss=1.0528 train_acc=0.703 | val_loss=1.1426 val_acc=0.571
      ep10 train_loss=1.0213 train_acc=0.690 | val_loss=1.0418 val_acc=0.571
      ep11 train_loss=1.0764 train_acc=0.640 | val_loss=1.0358 val_acc=0.571
      ep12 train_loss=0.9716 train_acc=0.699 | val_loss=1.1852 val_acc=0.429
      ep13 train_loss=0.9386 train_acc=0.736 | val_loss=0.7833 val_acc=0.714
      ep14 train_loss=0.8862 train_acc=0.766 | val_loss=0.8046 val_acc=0.857
      ep15 train_loss=0.8929 train_acc=0.795 | val_loss=0.7732 val_acc=0.571
      ep16 train_loss=0.8643 train_acc=0.774 | val_loss=0.7933 val_acc=0.714
      ep17 train_loss=0.8579 train_acc=0.787 | val_loss=0.6520 val_acc=0.571
      ep18 train_loss=0.8557 train_acc=0.795 | val_loss=0.5518 val_acc=0.857
      ep19 train_loss=0.8118 train_acc=0.812 | val_loss=0.6348 val_acc=1.000
      ep20 train_loss=0.8262 train_acc=0.816 | val_loss=0.6425 val_acc=0.714
      ep21 train_loss=0.7933 train_acc=0.808 | val_loss=0.5725 val_acc=1.000
      ep22 train_loss=0.7745 train_acc=0.849 | val_loss=0.5835 val_acc=0.857
      ep23 train_loss=0.8026 train_acc=0.824 | val_loss=0.5613 val_acc=1.000
      ep24 train_loss=0.8179 train_acc=0.824 | val_loss=0.4974 val_acc=1.000
    fold acc=1.000 time=188.3s | running pooled acc=0.561

--- Fold 26/26 | test sub26 (16 test, 230 train) ---
      ep00 train_loss=1.8045 train_acc=0.222 | val_loss=1.7421 val_acc=0.000
      ep01 train_loss=1.6285 train_acc=0.322 | val_loss=1.5400 val_acc=0.312
      ep02 train_loss=1.4922 train_acc=0.370 | val_loss=1.8478 val_acc=0.125
      ep03 train_loss=1.3530 train_acc=0.457 | val_loss=1.1437 val_acc=0.562
      ep04 train_loss=1.3539 train_acc=0.478 | val_loss=1.5808 val_acc=0.375
      ep05 train_loss=1.2558 train_acc=0.570 | val_loss=1.2055 val_acc=0.500
      ep06 train_loss=1.1871 train_acc=0.535 | val_loss=1.4110 val_acc=0.438
      ep07 train_loss=1.1579 train_acc=0.552 | val_loss=1.2201 val_acc=0.375
      ep08 train_loss=1.0677 train_acc=0.674 | val_loss=1.0345 val_acc=0.500
      ep09 train_loss=1.0925 train_acc=0.596 | val_loss=1.6174 val_acc=0.375
      ep10 train_loss=1.0515 train_acc=0.648 | val_loss=0.9222 val_acc=0.625
      ep11 train_loss=1.0360 train_acc=0.726 | val_loss=1.0770 val_acc=0.562
      ep12 train_loss=0.9191 train_acc=0.700 | val_loss=1.0840 val_acc=0.375
      ep13 train_loss=0.8809 train_acc=0.765 | val_loss=1.0920 val_acc=0.500
      ep14 train_loss=0.9149 train_acc=0.743 | val_loss=0.8990 val_acc=0.688
      ep15 train_loss=0.9030 train_acc=0.743 | val_loss=0.9764 val_acc=0.688
      ep16 train_loss=0.8561 train_acc=0.796 | val_loss=0.9175 val_acc=0.625
      ep17 train_loss=0.8084 train_acc=0.796 | val_loss=0.9943 val_acc=0.625
      ep18 train_loss=0.8088 train_acc=0.800 | val_loss=1.0483 val_acc=0.500
      ep19 train_loss=0.8441 train_acc=0.809 | val_loss=1.0048 val_acc=0.625
      ep20 train_loss=0.8156 train_acc=0.826 | val_loss=0.9161 val_acc=0.688
      ep21 train_loss=0.8078 train_acc=0.843 | val_loss=1.0670 val_acc=0.688
      ep22 train_loss=0.8181 train_acc=0.791 | val_loss=1.0495 val_acc=0.688
      ep23 train_loss=0.8136 train_acc=0.800 | val_loss=0.9892 val_acc=0.750
      ep24 train_loss=0.7413 train_acc=0.848 | val_loss=1.0219 val_acc=0.625
    fold acc=0.562 time=189.3s | running pooled acc=0.561

=== FINAL (pooled LOSO) ===
UF1 = 0.5897
UAR = 0.6077
ACC = 0.5610
per-class F1: happiness=0.466, disgust=0.537, repression=0.528, surprise=0.889, others=0.529
per-class recall: happiness=0.531, disgust=0.524, repression=0.519, surprise=0.960, others=0.505
confusion matrix (rows=true):
        happin disgus repres surpri others
happine     17      3      1      1     10
disgust      4     33      2      1     23
repress      5      0     14      1      7
surpris      0      0      1     24      0
 others     15     24      8      2     50

saved to D:\AI-Projects\casmeII-new-from-sequence-model\experiments\iter_34_r3d_diff
elapsed 5093.0s
