=== EXPERIMENT iter_12_strain ===
time: 2026-07-14T23:47:38.960327
device: cuda (NVIDIA GeForce RTX 3060)
platform: Windows-10-10.0.26200-SP0 | torch 2.6.0+cu124
config:
{
  "seed": 42,
  "T": 16,
  "img_size": 128,
  "base_size": 144,
  "input_mode": "rgb",
  "backbone": "r2plus1d_18",
  "pretrained": true,
  "dropout": 0.5,
  "epochs": 25,
  "lr": 0.0001,
  "weight_decay": 0.001,
  "batch_size": 6,
  "class_weighting": true,
  "label_smoothing": 0.1,
  "hflip": true,
  "color_jitter": 0.0,
  "temporal_jitter": true,
  "amp": true,
  "eval_last_k": 3,
  "tta": 5,
  "cache_dir": "cache/flow144",
  "index": "cache/index_emotion.csv",
  "class_names": [
    "happiness",
    "disgust",
    "repression",
    "surprise",
    "others"
  ],
  "name": "iter_14_flow_strain_res128",
  "modality": "flow",
  "temporal_span": "onset_offset",
  "flow_clip": 3.0,
  "flow_third": "strain",
  "strain_clip": 0.3
}
samples: 246 | classes: 5 ['happiness', 'disgust', 'repression', 'surprise', 'others']
loading arrays into RAM...
loaded 246 arrays

--- Fold 1/26 | test sub01 (9 test, 237 train) ---
      ep00 train_loss=1.6871 train_acc=0.278 | val_loss=0.9424 val_acc=0.667
      ep01 train_loss=1.2373 train_acc=0.532 | val_loss=0.8354 val_acc=0.778
      ep02 train_loss=1.0803 train_acc=0.641 | val_loss=0.5236 val_acc=0.889
      ep03 train_loss=0.9754 train_acc=0.738 | val_loss=0.4781 val_acc=0.889
      ep04 train_loss=0.9922 train_acc=0.696 | val_loss=0.5248 val_acc=0.889
      ep05 train_loss=0.9095 train_acc=0.747 | val_loss=0.7263 val_acc=0.889
      ep06 train_loss=0.8965 train_acc=0.764 | val_loss=0.4950 val_acc=0.889
      ep07 train_loss=0.8551 train_acc=0.819 | val_loss=0.6167 val_acc=0.778
      ep08 train_loss=0.8170 train_acc=0.840 | val_loss=0.8113 val_acc=0.667
      ep09 train_loss=0.8079 train_acc=0.852 | val_loss=0.5054 val_acc=0.778
      ep10 train_loss=0.7730 train_acc=0.890 | val_loss=0.9263 val_acc=0.667
      ep11 train_loss=0.6776 train_acc=0.924 | val_loss=0.3644 val_acc=0.889
      ep12 train_loss=0.6969 train_acc=0.916 | val_loss=0.5285 val_acc=0.778
      ep13 train_loss=0.7633 train_acc=0.895 | val_loss=0.4123 val_acc=0.889
      ep14 train_loss=0.6568 train_acc=0.945 | val_loss=0.2597 val_acc=1.000
      ep15 train_loss=0.6499 train_acc=0.945 | val_loss=0.2897 val_acc=1.000
      ep16 train_loss=0.6509 train_acc=0.962 | val_loss=0.3244 val_acc=1.000
      ep17 train_loss=0.6270 train_acc=0.928 | val_loss=0.3022 val_acc=1.000
      ep18 train_loss=0.6533 train_acc=0.958 | val_loss=0.3410 val_acc=1.000
      ep19 train_loss=0.6275 train_acc=0.966 | val_loss=0.2881 val_acc=1.000
      ep20 train_loss=0.6111 train_acc=0.970 | val_loss=0.2524 val_acc=1.000
      ep21 train_loss=0.6088 train_acc=0.975 | val_loss=0.3069 val_acc=1.000
      ep22 train_loss=0.6358 train_acc=0.958 | val_loss=0.2802 val_acc=1.000
      ep23 train_loss=0.6040 train_acc=0.983 | val_loss=0.2734 val_acc=1.000
      ep24 train_loss=0.6225 train_acc=0.970 | val_loss=0.2594 val_acc=1.000
    fold acc=1.000 time=316.5s | running pooled acc=1.000

--- Fold 2/26 | test sub02 (13 test, 233 train) ---
      ep00 train_loss=1.6610 train_acc=0.395 | val_loss=1.2344 val_acc=0.615
      ep01 train_loss=1.2911 train_acc=0.524 | val_loss=1.3208 val_acc=0.538
      ep02 train_loss=1.1493 train_acc=0.605 | val_loss=1.0643 val_acc=0.615
      ep03 train_loss=1.0301 train_acc=0.695 | val_loss=1.5625 val_acc=0.538
      ep04 train_loss=0.9614 train_acc=0.747 | val_loss=1.2604 val_acc=0.538
      ep05 train_loss=0.8938 train_acc=0.755 | val_loss=2.1210 val_acc=0.308
      ep06 train_loss=0.9272 train_acc=0.777 | val_loss=1.3217 val_acc=0.462
      ep07 train_loss=0.7815 train_acc=0.863 | val_loss=1.6863 val_acc=0.308
      ep08 train_loss=0.7940 train_acc=0.845 | val_loss=1.9413 val_acc=0.308
      ep09 train_loss=0.8190 train_acc=0.850 | val_loss=1.1820 val_acc=0.462
      ep10 train_loss=0.7614 train_acc=0.871 | val_loss=1.0959 val_acc=0.538
      ep11 train_loss=0.6997 train_acc=0.927 | val_loss=0.9429 val_acc=0.769
      ep12 train_loss=0.7399 train_acc=0.923 | val_loss=1.2312 val_acc=0.462
      ep13 train_loss=0.6896 train_acc=0.948 | val_loss=1.4269 val_acc=0.385
      ep14 train_loss=0.6783 train_acc=0.931 | val_loss=1.3381 val_acc=0.462
      ep15 train_loss=0.6860 train_acc=0.940 | val_loss=1.5861 val_acc=0.385
      ep16 train_loss=0.6804 train_acc=0.948 | val_loss=1.2010 val_acc=0.538
      ep17 train_loss=0.6934 train_acc=0.936 | val_loss=1.3171 val_acc=0.538
      ep18 train_loss=0.6409 train_acc=0.979 | val_loss=1.3643 val_acc=0.385
      ep19 train_loss=0.7480 train_acc=0.944 | val_loss=1.3906 val_acc=0.462
      ep20 train_loss=0.6663 train_acc=0.974 | val_loss=1.2312 val_acc=0.538
      ep21 train_loss=0.6675 train_acc=0.948 | val_loss=1.2645 val_acc=0.462
      ep22 train_loss=0.6215 train_acc=0.983 | val_loss=1.2056 val_acc=0.538
      ep23 train_loss=0.6517 train_acc=0.966 | val_loss=1.2579 val_acc=0.538
      ep24 train_loss=0.6306 train_acc=0.983 | val_loss=1.1901 val_acc=0.538
    fold acc=0.615 time=312.0s | running pooled acc=0.773

--- Fold 3/26 | test sub03 (7 test, 239 train) ---
      ep00 train_loss=1.6951 train_acc=0.326 | val_loss=1.2818 val_acc=0.286
      ep01 train_loss=1.2464 train_acc=0.594 | val_loss=1.5821 val_acc=0.429
      ep02 train_loss=1.1006 train_acc=0.678 | val_loss=1.3162 val_acc=0.429
      ep03 train_loss=0.9882 train_acc=0.695 | val_loss=1.0514 val_acc=0.714
      ep04 train_loss=0.9842 train_acc=0.749 | val_loss=0.9680 val_acc=0.571
      ep05 train_loss=0.8542 train_acc=0.795 | val_loss=1.3227 val_acc=0.429
      ep06 train_loss=0.8193 train_acc=0.816 | val_loss=1.1638 val_acc=0.571
      ep07 train_loss=0.8196 train_acc=0.833 | val_loss=0.8573 val_acc=0.571
      ep08 train_loss=0.7655 train_acc=0.891 | val_loss=1.0007 val_acc=0.571
      ep09 train_loss=0.7193 train_acc=0.895 | val_loss=0.7365 val_acc=0.857
      ep10 train_loss=0.7267 train_acc=0.891 | val_loss=0.8671 val_acc=0.714
      ep11 train_loss=0.6720 train_acc=0.929 | val_loss=1.0944 val_acc=0.571
      ep12 train_loss=0.6872 train_acc=0.941 | val_loss=0.9735 val_acc=0.571
      ep13 train_loss=0.6348 train_acc=0.971 | val_loss=0.7512 val_acc=0.714
      ep14 train_loss=0.6636 train_acc=0.954 | val_loss=1.0327 val_acc=0.571
      ep15 train_loss=0.6522 train_acc=0.937 | val_loss=0.9497 val_acc=0.714
      ep16 train_loss=0.6225 train_acc=0.979 | val_loss=1.0129 val_acc=0.571
      ep17 train_loss=0.6568 train_acc=0.946 | val_loss=0.9468 val_acc=0.571
      ep18 train_loss=0.6428 train_acc=0.967 | val_loss=0.7724 val_acc=0.571
      ep19 train_loss=0.6387 train_acc=0.967 | val_loss=0.8253 val_acc=0.571
      ep20 train_loss=0.6255 train_acc=0.962 | val_loss=0.8701 val_acc=0.571
      ep21 train_loss=0.6247 train_acc=0.962 | val_loss=0.8226 val_acc=0.571
      ep22 train_loss=0.6170 train_acc=0.967 | val_loss=0.8098 val_acc=0.571
      ep23 train_loss=0.6056 train_acc=0.975 | val_loss=0.8750 val_acc=0.571
      ep24 train_loss=0.5912 train_acc=0.983 | val_loss=0.7947 val_acc=0.571
    fold acc=0.429 time=309.8s | running pooled acc=0.690

--- Fold 4/26 | test sub04 (5 test, 241 train) ---
      ep00 train_loss=1.7119 train_acc=0.303 | val_loss=0.6750 val_acc=0.800
      ep01 train_loss=1.1879 train_acc=0.564 | val_loss=0.5450 val_acc=0.800
      ep02 train_loss=1.1560 train_acc=0.589 | val_loss=0.8351 val_acc=0.600
      ep03 train_loss=1.0691 train_acc=0.656 | val_loss=0.7048 val_acc=0.600
      ep04 train_loss=0.9576 train_acc=0.701 | val_loss=0.3553 val_acc=0.800
      ep05 train_loss=0.8737 train_acc=0.813 | val_loss=0.7568 val_acc=0.800
      ep06 train_loss=0.8805 train_acc=0.772 | val_loss=0.4736 val_acc=0.800
      ep07 train_loss=0.8129 train_acc=0.826 | val_loss=0.3163 val_acc=1.000
      ep08 train_loss=0.7869 train_acc=0.838 | val_loss=0.3779 val_acc=0.800
      ep09 train_loss=0.7226 train_acc=0.863 | val_loss=0.3496 val_acc=1.000
      ep10 train_loss=0.7455 train_acc=0.896 | val_loss=0.3227 val_acc=0.800
      ep11 train_loss=0.7890 train_acc=0.855 | val_loss=0.7277 val_acc=0.800
      ep12 train_loss=0.6969 train_acc=0.917 | val_loss=0.4967 val_acc=0.800
      ep13 train_loss=0.6660 train_acc=0.954 | val_loss=0.4500 val_acc=0.800
      ep14 train_loss=0.6499 train_acc=0.959 | val_loss=0.2957 val_acc=1.000
      ep15 train_loss=0.6392 train_acc=0.950 | val_loss=0.8156 val_acc=0.600
      ep16 train_loss=0.6491 train_acc=0.929 | val_loss=0.5355 val_acc=0.800
      ep17 train_loss=0.6640 train_acc=0.950 | val_loss=0.5998 val_acc=0.800
      ep18 train_loss=0.5994 train_acc=0.992 | val_loss=0.3154 val_acc=1.000
      ep19 train_loss=0.6239 train_acc=0.979 | val_loss=0.4830 val_acc=0.800
      ep20 train_loss=0.6139 train_acc=0.971 | val_loss=0.4484 val_acc=0.800
      ep21 train_loss=0.6654 train_acc=0.942 | val_loss=0.4972 val_acc=0.800
      ep22 train_loss=0.6423 train_acc=0.959 | val_loss=0.4944 val_acc=0.800
      ep23 train_loss=0.6130 train_acc=0.971 | val_loss=0.4167 val_acc=0.800
      ep24 train_loss=0.6155 train_acc=0.979 | val_loss=0.4689 val_acc=0.800
    fold acc=1.000 time=316.9s | running pooled acc=0.735

--- Fold 5/26 | test sub05 (19 test, 227 train) ---
      ep00 train_loss=1.6630 train_acc=0.308 | val_loss=2.2523 val_acc=0.105
      ep01 train_loss=1.2333 train_acc=0.581 | val_loss=1.3754 val_acc=0.474
      ep02 train_loss=1.0846 train_acc=0.639 | val_loss=2.1051 val_acc=0.368
      ep03 train_loss=1.0300 train_acc=0.661 | val_loss=0.9675 val_acc=0.632
      ep04 train_loss=1.0217 train_acc=0.696 | val_loss=1.4315 val_acc=0.579
      ep05 train_loss=0.8617 train_acc=0.767 | val_loss=1.9119 val_acc=0.474
      ep06 train_loss=0.8069 train_acc=0.841 | val_loss=2.1822 val_acc=0.526
      ep07 train_loss=0.8931 train_acc=0.846 | val_loss=1.9209 val_acc=0.526
      ep08 train_loss=0.8197 train_acc=0.872 | val_loss=2.6210 val_acc=0.526
      ep09 train_loss=0.6970 train_acc=0.912 | val_loss=1.5506 val_acc=0.632
      ep10 train_loss=0.7102 train_acc=0.894 | val_loss=1.9531 val_acc=0.474
      ep11 train_loss=0.6839 train_acc=0.938 | val_loss=1.2711 val_acc=0.579
      ep12 train_loss=0.6561 train_acc=0.934 | val_loss=1.6029 val_acc=0.474
      ep13 train_loss=0.6629 train_acc=0.943 | val_loss=1.3686 val_acc=0.579
      ep14 train_loss=0.6616 train_acc=0.930 | val_loss=1.6004 val_acc=0.474
      ep15 train_loss=0.6398 train_acc=0.960 | val_loss=1.7346 val_acc=0.526
      ep16 train_loss=0.6385 train_acc=0.960 | val_loss=1.4728 val_acc=0.579
      ep17 train_loss=0.6275 train_acc=0.978 | val_loss=1.3938 val_acc=0.579
      ep18 train_loss=0.6593 train_acc=0.965 | val_loss=1.4377 val_acc=0.579
      ep19 train_loss=0.6465 train_acc=0.965 | val_loss=1.5763 val_acc=0.579
      ep20 train_loss=0.6346 train_acc=0.965 | val_loss=1.4568 val_acc=0.579
      ep21 train_loss=0.6587 train_acc=0.956 | val_loss=1.4841 val_acc=0.526
      ep22 train_loss=0.6383 train_acc=0.987 | val_loss=1.4354 val_acc=0.579
      ep23 train_loss=0.6261 train_acc=0.974 | val_loss=1.4932 val_acc=0.526
      ep24 train_loss=0.6465 train_acc=0.956 | val_loss=1.5775 val_acc=0.474
    fold acc=0.526 time=302.5s | running pooled acc=0.660

--- Fold 6/26 | test sub06 (5 test, 241 train) ---
      ep00 train_loss=1.7077 train_acc=0.324 | val_loss=1.0111 val_acc=0.600
      ep01 train_loss=1.1893 train_acc=0.589 | val_loss=0.8152 val_acc=0.800
      ep02 train_loss=1.1528 train_acc=0.585 | val_loss=1.2238 val_acc=0.800
      ep03 train_loss=1.0931 train_acc=0.639 | val_loss=0.9465 val_acc=0.600
      ep04 train_loss=0.9475 train_acc=0.751 | val_loss=0.9064 val_acc=0.600
      ep05 train_loss=0.8343 train_acc=0.801 | val_loss=0.9146 val_acc=0.800
      ep06 train_loss=0.8488 train_acc=0.809 | val_loss=0.5513 val_acc=0.800
      ep07 train_loss=0.7991 train_acc=0.838 | val_loss=0.7549 val_acc=0.800
      ep08 train_loss=0.8370 train_acc=0.830 | val_loss=1.0108 val_acc=0.600
      ep09 train_loss=0.7687 train_acc=0.896 | val_loss=0.7824 val_acc=0.800
      ep10 train_loss=0.7641 train_acc=0.863 | val_loss=0.7237 val_acc=0.800
      ep11 train_loss=0.7640 train_acc=0.888 | val_loss=1.0586 val_acc=0.800
      ep12 train_loss=0.7091 train_acc=0.905 | val_loss=1.3169 val_acc=0.600
      ep13 train_loss=0.6893 train_acc=0.925 | val_loss=1.2663 val_acc=0.600
      ep14 train_loss=0.6605 train_acc=0.954 | val_loss=0.9849 val_acc=0.600
      ep15 train_loss=0.6344 train_acc=0.975 | val_loss=1.0980 val_acc=0.600
      ep16 train_loss=0.6574 train_acc=0.946 | val_loss=1.1805 val_acc=0.600
      ep17 train_loss=0.6762 train_acc=0.938 | val_loss=1.0368 val_acc=0.600
      ep18 train_loss=0.6184 train_acc=0.996 | val_loss=1.0107 val_acc=0.800
      ep19 train_loss=0.6287 train_acc=0.988 | val_loss=1.0841 val_acc=0.600
      ep20 train_loss=0.6292 train_acc=0.967 | val_loss=1.1709 val_acc=0.600
      ep21 train_loss=0.6749 train_acc=0.946 | val_loss=1.1233 val_acc=0.800
      ep22 train_loss=0.6470 train_acc=0.967 | val_loss=1.1171 val_acc=0.800
      ep23 train_loss=0.6667 train_acc=0.950 | val_loss=1.0596 val_acc=0.600
      ep24 train_loss=0.6271 train_acc=0.975 | val_loss=1.2059 val_acc=0.600
    fold acc=0.600 time=307.8s | running pooled acc=0.655

--- Fold 7/26 | test sub07 (9 test, 237 train) ---
      ep00 train_loss=1.6523 train_acc=0.316 | val_loss=1.0124 val_acc=0.444
      ep01 train_loss=1.1612 train_acc=0.536 | val_loss=1.3026 val_acc=0.333
      ep02 train_loss=1.1185 train_acc=0.599 | val_loss=1.1409 val_acc=0.444
      ep03 train_loss=1.0413 train_acc=0.684 | val_loss=1.0107 val_acc=0.556
      ep04 train_loss=1.0006 train_acc=0.692 | val_loss=1.2817 val_acc=0.222
      ep05 train_loss=0.8772 train_acc=0.781 | val_loss=1.3153 val_acc=0.667
      ep06 train_loss=0.8806 train_acc=0.776 | val_loss=1.0073 val_acc=0.556
      ep07 train_loss=0.8939 train_acc=0.802 | val_loss=1.5690 val_acc=0.556
      ep08 train_loss=0.8423 train_acc=0.840 | val_loss=0.9308 val_acc=0.556
      ep09 train_loss=0.7491 train_acc=0.890 | val_loss=1.2891 val_acc=0.556
      ep10 train_loss=0.7678 train_acc=0.886 | val_loss=1.3123 val_acc=0.556
      ep11 train_loss=0.6842 train_acc=0.911 | val_loss=1.0194 val_acc=0.778
      ep12 train_loss=0.6565 train_acc=0.941 | val_loss=1.1222 val_acc=0.556
      ep13 train_loss=0.6966 train_acc=0.920 | val_loss=1.0756 val_acc=0.667
      ep14 train_loss=0.6633 train_acc=0.949 | val_loss=1.2736 val_acc=0.333
      ep15 train_loss=0.6577 train_acc=0.949 | val_loss=1.1296 val_acc=0.556
      ep16 train_loss=0.6302 train_acc=0.975 | val_loss=1.1873 val_acc=0.556
      ep17 train_loss=0.6371 train_acc=0.962 | val_loss=1.2784 val_acc=0.667
      ep18 train_loss=0.6210 train_acc=0.949 | val_loss=1.3012 val_acc=0.667
      ep19 train_loss=0.6332 train_acc=0.958 | val_loss=1.2303 val_acc=0.667
      ep20 train_loss=0.5990 train_acc=0.966 | val_loss=1.1821 val_acc=0.667
      ep21 train_loss=0.6275 train_acc=0.945 | val_loss=1.2206 val_acc=0.667
      ep22 train_loss=0.6005 train_acc=0.975 | val_loss=1.1055 val_acc=0.778
      ep23 train_loss=0.6120 train_acc=0.983 | val_loss=1.2766 val_acc=0.667
      ep24 train_loss=0.6235 train_acc=0.958 | val_loss=1.3802 val_acc=0.556
    fold acc=0.778 time=307.0s | running pooled acc=0.672

--- Fold 8/26 | test sub08 (3 test, 243 train) ---
      ep00 train_loss=1.6960 train_acc=0.346 | val_loss=1.0403 val_acc=0.333
      ep01 train_loss=1.2046 train_acc=0.519 | val_loss=1.1519 val_acc=0.333
      ep02 train_loss=1.1096 train_acc=0.642 | val_loss=1.8089 val_acc=0.333
      ep03 train_loss=1.0579 train_acc=0.679 | val_loss=2.0073 val_acc=0.667
      ep04 train_loss=0.9592 train_acc=0.753 | val_loss=0.7005 val_acc=1.000
      ep05 train_loss=0.9219 train_acc=0.811 | val_loss=1.4984 val_acc=0.667
      ep06 train_loss=0.8417 train_acc=0.831 | val_loss=1.6327 val_acc=0.333
      ep07 train_loss=0.9253 train_acc=0.761 | val_loss=1.6689 val_acc=0.000
      ep08 train_loss=0.7753 train_acc=0.868 | val_loss=1.5785 val_acc=0.667
      ep09 train_loss=0.8027 train_acc=0.831 | val_loss=1.1837 val_acc=0.667
      ep10 train_loss=0.6639 train_acc=0.934 | val_loss=1.6480 val_acc=0.333
      ep11 train_loss=0.6867 train_acc=0.922 | val_loss=1.1919 val_acc=0.667
      ep12 train_loss=0.7270 train_acc=0.918 | val_loss=0.7289 val_acc=0.667
      ep13 train_loss=0.7152 train_acc=0.922 | val_loss=1.3194 val_acc=0.667
      ep14 train_loss=0.6551 train_acc=0.959 | val_loss=1.0766 val_acc=0.667
      ep15 train_loss=0.6713 train_acc=0.942 | val_loss=1.1639 val_acc=0.667
      ep16 train_loss=0.6660 train_acc=0.963 | val_loss=1.6482 val_acc=0.667
      ep17 train_loss=0.6239 train_acc=0.984 | val_loss=1.0582 val_acc=0.667
      ep18 train_loss=0.6135 train_acc=0.992 | val_loss=0.7694 val_acc=0.667
      ep19 train_loss=0.6472 train_acc=0.959 | val_loss=1.2143 val_acc=0.667
      ep20 train_loss=0.6091 train_acc=0.992 | val_loss=1.0632 val_acc=0.667
      ep21 train_loss=0.6229 train_acc=0.971 | val_loss=0.9177 val_acc=0.667
      ep22 train_loss=0.6023 train_acc=0.971 | val_loss=0.8280 val_acc=0.667
      ep23 train_loss=0.6516 train_acc=0.959 | val_loss=1.0206 val_acc=0.667
      ep24 train_loss=0.6341 train_acc=0.967 | val_loss=1.0452 val_acc=0.667
    fold acc=0.667 time=307.8s | running pooled acc=0.671

--- Fold 9/26 | test sub09 (13 test, 233 train) ---
      ep00 train_loss=1.6796 train_acc=0.399 | val_loss=1.0006 val_acc=0.692
      ep01 train_loss=1.2860 train_acc=0.545 | val_loss=0.4572 val_acc=0.846
      ep02 train_loss=1.1740 train_acc=0.592 | val_loss=0.5262 val_acc=0.769
      ep03 train_loss=1.0072 train_acc=0.708 | val_loss=0.4998 val_acc=0.846
      ep04 train_loss=1.0904 train_acc=0.725 | val_loss=0.5941 val_acc=0.692
      ep05 train_loss=0.9687 train_acc=0.695 | val_loss=0.8849 val_acc=0.846
      ep06 train_loss=0.9448 train_acc=0.785 | val_loss=0.4937 val_acc=0.769
      ep07 train_loss=0.8186 train_acc=0.871 | val_loss=0.5403 val_acc=0.846
      ep08 train_loss=0.7949 train_acc=0.858 | val_loss=0.5756 val_acc=0.846
      ep09 train_loss=0.8526 train_acc=0.854 | val_loss=0.7739 val_acc=0.846
      ep10 train_loss=0.8243 train_acc=0.820 | val_loss=0.6979 val_acc=0.846
      ep11 train_loss=0.6823 train_acc=0.957 | val_loss=0.4791 val_acc=0.923
      ep12 train_loss=0.7046 train_acc=0.940 | val_loss=0.7163 val_acc=0.692
      ep13 train_loss=0.7405 train_acc=0.931 | val_loss=0.7328 val_acc=0.769
      ep14 train_loss=0.7079 train_acc=0.918 | val_loss=0.5365 val_acc=0.769
      ep15 train_loss=0.7070 train_acc=0.918 | val_loss=0.4728 val_acc=0.923
      ep16 train_loss=0.6847 train_acc=0.940 | val_loss=0.5727 val_acc=0.692
      ep17 train_loss=0.6717 train_acc=0.948 | val_loss=0.3800 val_acc=0.846
      ep18 train_loss=0.6656 train_acc=0.957 | val_loss=0.4662 val_acc=0.846
      ep19 train_loss=0.6909 train_acc=0.957 | val_loss=0.4301 val_acc=0.923
      ep20 train_loss=0.6337 train_acc=0.979 | val_loss=0.4096 val_acc=0.923
      ep21 train_loss=0.6866 train_acc=0.931 | val_loss=0.5008 val_acc=0.846
      ep22 train_loss=0.6114 train_acc=0.979 | val_loss=0.4486 val_acc=0.923
      ep23 train_loss=0.6962 train_acc=0.957 | val_loss=0.3931 val_acc=0.923
      ep24 train_loss=0.6244 train_acc=0.983 | val_loss=0.5262 val_acc=0.846
    fold acc=0.846 time=304.4s | running pooled acc=0.699

--- Fold 10/26 | test sub10 (13 test, 233 train) ---
      ep00 train_loss=1.6398 train_acc=0.408 | val_loss=0.8946 val_acc=0.692
      ep01 train_loss=1.2425 train_acc=0.532 | val_loss=0.8868 val_acc=0.846
      ep02 train_loss=1.0970 train_acc=0.618 | val_loss=0.8515 val_acc=0.769
      ep03 train_loss=0.9856 train_acc=0.687 | val_loss=0.6536 val_acc=0.769
      ep04 train_loss=1.0593 train_acc=0.704 | val_loss=0.5946 val_acc=0.923
      ep05 train_loss=0.9113 train_acc=0.725 | val_loss=0.4393 val_acc=0.923
      ep06 train_loss=0.8947 train_acc=0.777 | val_loss=0.2686 val_acc=1.000
      ep07 train_loss=0.7746 train_acc=0.876 | val_loss=0.5222 val_acc=0.846
      ep08 train_loss=0.7835 train_acc=0.854 | val_loss=0.4759 val_acc=0.923
      ep09 train_loss=0.7651 train_acc=0.871 | val_loss=0.4312 val_acc=0.923
      ep10 train_loss=0.7606 train_acc=0.863 | val_loss=0.6028 val_acc=0.769
      ep11 train_loss=0.6802 train_acc=0.931 | val_loss=0.5834 val_acc=0.769
      ep12 train_loss=0.6531 train_acc=0.940 | val_loss=0.7305 val_acc=0.769
      ep13 train_loss=0.6954 train_acc=0.914 | val_loss=0.4410 val_acc=0.769
      ep14 train_loss=0.6207 train_acc=0.953 | val_loss=0.4154 val_acc=0.846
      ep15 train_loss=0.6527 train_acc=0.944 | val_loss=0.4620 val_acc=0.846
      ep16 train_loss=0.6596 train_acc=0.948 | val_loss=0.3723 val_acc=0.923
      ep17 train_loss=0.6099 train_acc=0.983 | val_loss=0.4735 val_acc=0.923
      ep18 train_loss=0.6221 train_acc=0.974 | val_loss=0.4328 val_acc=0.923
      ep19 train_loss=0.6617 train_acc=0.940 | val_loss=0.3631 val_acc=0.923
      ep20 train_loss=0.5964 train_acc=0.979 | val_loss=0.3457 val_acc=0.846
      ep21 train_loss=0.6345 train_acc=0.961 | val_loss=0.4215 val_acc=0.846
      ep22 train_loss=0.5715 train_acc=0.987 | val_loss=0.3233 val_acc=0.923
      ep23 train_loss=0.6348 train_acc=0.957 | val_loss=0.3902 val_acc=0.923
      ep24 train_loss=0.5918 train_acc=0.991 | val_loss=0.4503 val_acc=0.846
    fold acc=0.846 time=304.4s | running pooled acc=0.719

--- Fold 11/26 | test sub11 (10 test, 236 train) ---
      ep00 train_loss=1.7063 train_acc=0.314 | val_loss=1.3184 val_acc=0.300
      ep01 train_loss=1.2682 train_acc=0.564 | val_loss=1.2829 val_acc=0.200
      ep02 train_loss=1.0895 train_acc=0.636 | val_loss=1.0371 val_acc=0.500
      ep03 train_loss=1.0250 train_acc=0.665 | val_loss=1.0873 val_acc=0.500
      ep04 train_loss=0.9471 train_acc=0.716 | val_loss=0.8328 val_acc=0.800
      ep05 train_loss=0.8643 train_acc=0.771 | val_loss=0.7161 val_acc=0.800
      ep06 train_loss=0.8353 train_acc=0.805 | val_loss=0.9263 val_acc=0.700
      ep07 train_loss=0.8357 train_acc=0.831 | val_loss=0.7444 val_acc=0.800
      ep08 train_loss=0.8108 train_acc=0.818 | val_loss=0.4717 val_acc=0.900
      ep09 train_loss=0.7701 train_acc=0.890 | val_loss=0.5140 val_acc=0.900
      ep10 train_loss=0.7240 train_acc=0.873 | val_loss=0.4219 val_acc=1.000
      ep11 train_loss=0.7095 train_acc=0.890 | val_loss=0.7232 val_acc=0.700
      ep12 train_loss=0.6362 train_acc=0.962 | val_loss=0.4216 val_acc=1.000
      ep13 train_loss=0.6750 train_acc=0.941 | val_loss=0.6659 val_acc=0.700
      ep14 train_loss=0.6692 train_acc=0.928 | val_loss=0.5903 val_acc=0.800
      ep15 train_loss=0.6522 train_acc=0.945 | val_loss=0.5734 val_acc=0.800
      ep16 train_loss=0.6471 train_acc=0.953 | val_loss=0.5695 val_acc=0.800
      ep17 train_loss=0.6529 train_acc=0.953 | val_loss=0.5923 val_acc=0.800
      ep18 train_loss=0.6118 train_acc=0.975 | val_loss=0.4660 val_acc=0.900
      ep19 train_loss=0.6113 train_acc=0.979 | val_loss=0.5418 val_acc=0.900
      ep20 train_loss=0.6636 train_acc=0.928 | val_loss=0.4762 val_acc=0.900
      ep21 train_loss=0.6216 train_acc=0.966 | val_loss=0.4909 val_acc=0.900
      ep22 train_loss=0.5939 train_acc=0.987 | val_loss=0.4881 val_acc=0.900
      ep23 train_loss=0.5828 train_acc=0.987 | val_loss=0.5056 val_acc=0.900
      ep24 train_loss=0.6181 train_acc=0.966 | val_loss=0.4570 val_acc=0.900
    fold acc=1.000 time=306.6s | running pooled acc=0.745

--- Fold 12/26 | test sub12 (12 test, 234 train) ---
      ep00 train_loss=1.6919 train_acc=0.368 | val_loss=0.7885 val_acc=0.667
      ep01 train_loss=1.2613 train_acc=0.504 | val_loss=0.9502 val_acc=0.667
      ep02 train_loss=1.0718 train_acc=0.603 | val_loss=0.8688 val_acc=0.583
      ep03 train_loss=1.0585 train_acc=0.692 | val_loss=0.5696 val_acc=0.750
      ep04 train_loss=0.9055 train_acc=0.769 | val_loss=0.7080 val_acc=0.750
      ep05 train_loss=0.9537 train_acc=0.761 | val_loss=0.6971 val_acc=0.667
      ep06 train_loss=0.8158 train_acc=0.833 | val_loss=0.3076 val_acc=0.917
      ep07 train_loss=0.8026 train_acc=0.842 | val_loss=0.4579 val_acc=0.833
      ep08 train_loss=0.8138 train_acc=0.838 | val_loss=0.4670 val_acc=0.833
      ep09 train_loss=0.7185 train_acc=0.897 | val_loss=0.3032 val_acc=0.833
      ep10 train_loss=0.7661 train_acc=0.880 | val_loss=0.2853 val_acc=0.917
      ep11 train_loss=0.7399 train_acc=0.902 | val_loss=0.2250 val_acc=0.917
      ep12 train_loss=0.7140 train_acc=0.932 | val_loss=0.3803 val_acc=0.833
      ep13 train_loss=0.6768 train_acc=0.953 | val_loss=0.3108 val_acc=1.000
      ep14 train_loss=0.6783 train_acc=0.953 | val_loss=0.3343 val_acc=0.917
      ep15 train_loss=0.6798 train_acc=0.932 | val_loss=0.2293 val_acc=1.000
      ep16 train_loss=0.6553 train_acc=0.962 | val_loss=0.2613 val_acc=0.917
      ep17 train_loss=0.6735 train_acc=0.944 | val_loss=0.3184 val_acc=0.917
      ep18 train_loss=0.6567 train_acc=0.983 | val_loss=0.2943 val_acc=0.917
      ep19 train_loss=0.6506 train_acc=0.962 | val_loss=0.2965 val_acc=0.917
      ep20 train_loss=0.6167 train_acc=0.970 | val_loss=0.2073 val_acc=1.000
      ep21 train_loss=0.6187 train_acc=0.979 | val_loss=0.2097 val_acc=1.000
      ep22 train_loss=0.6164 train_acc=0.983 | val_loss=0.2326 val_acc=0.917
      ep23 train_loss=0.6663 train_acc=0.944 | val_loss=0.2396 val_acc=0.917
      ep24 train_loss=0.6320 train_acc=0.962 | val_loss=0.2289 val_acc=0.917
    fold acc=0.833 time=304.5s | running pooled acc=0.754

--- Fold 13/26 | test sub13 (8 test, 238 train) ---
      ep00 train_loss=1.7039 train_acc=0.311 | val_loss=1.3613 val_acc=0.375
      ep01 train_loss=1.1866 train_acc=0.576 | val_loss=1.3248 val_acc=0.250
      ep02 train_loss=1.0655 train_acc=0.643 | val_loss=0.9361 val_acc=0.750
      ep03 train_loss=0.9999 train_acc=0.718 | val_loss=0.9238 val_acc=0.750
      ep04 train_loss=0.9660 train_acc=0.756 | val_loss=0.5792 val_acc=0.875
      ep05 train_loss=0.9009 train_acc=0.782 | val_loss=0.6689 val_acc=0.625
      ep06 train_loss=0.8063 train_acc=0.853 | val_loss=0.6137 val_acc=0.875
      ep07 train_loss=0.8074 train_acc=0.845 | val_loss=0.5909 val_acc=0.875
      ep08 train_loss=0.8132 train_acc=0.861 | val_loss=0.7299 val_acc=0.750
      ep09 train_loss=0.7844 train_acc=0.874 | val_loss=1.0444 val_acc=0.750
      ep10 train_loss=0.6724 train_acc=0.929 | val_loss=0.7087 val_acc=0.875
      ep11 train_loss=0.6969 train_acc=0.924 | val_loss=0.4526 val_acc=0.875
      ep12 train_loss=0.6956 train_acc=0.929 | val_loss=0.5607 val_acc=0.875
      ep13 train_loss=0.6584 train_acc=0.958 | val_loss=0.8737 val_acc=0.750
      ep14 train_loss=0.6688 train_acc=0.950 | val_loss=0.6711 val_acc=0.875
      ep15 train_loss=0.6221 train_acc=0.954 | val_loss=0.7166 val_acc=0.875
      ep16 train_loss=0.6351 train_acc=0.962 | val_loss=0.8593 val_acc=0.875
      ep17 train_loss=0.6112 train_acc=0.983 | val_loss=0.7441 val_acc=0.875
      ep18 train_loss=0.6049 train_acc=0.983 | val_loss=0.7524 val_acc=0.875
      ep19 train_loss=0.6405 train_acc=0.962 | val_loss=0.6933 val_acc=0.875
      ep20 train_loss=0.6172 train_acc=0.958 | val_loss=0.6705 val_acc=0.875
      ep21 train_loss=0.6117 train_acc=0.983 | val_loss=0.7361 val_acc=0.875
      ep22 train_loss=0.6438 train_acc=0.958 | val_loss=0.7277 val_acc=0.875
      ep23 train_loss=0.6189 train_acc=0.975 | val_loss=0.7003 val_acc=0.875
      ep24 train_loss=0.6018 train_acc=0.983 | val_loss=0.6807 val_acc=0.875
    fold acc=0.875 time=305.5s | running pooled acc=0.762

--- Fold 14/26 | test sub14 (4 test, 242 train) ---
      ep00 train_loss=1.6816 train_acc=0.364 | val_loss=1.6106 val_acc=0.250
      ep01 train_loss=1.2495 train_acc=0.570 | val_loss=2.0857 val_acc=0.000
      ep02 train_loss=1.1476 train_acc=0.624 | val_loss=1.1785 val_acc=0.250
      ep03 train_loss=1.0274 train_acc=0.686 | val_loss=1.2860 val_acc=0.500
      ep04 train_loss=0.9748 train_acc=0.740 | val_loss=2.4901 val_acc=0.250
      ep05 train_loss=0.8675 train_acc=0.789 | val_loss=1.5357 val_acc=0.250
      ep06 train_loss=0.8343 train_acc=0.810 | val_loss=2.3196 val_acc=0.500
      ep07 train_loss=0.7928 train_acc=0.847 | val_loss=0.9406 val_acc=0.750
      ep08 train_loss=0.8211 train_acc=0.855 | val_loss=1.2927 val_acc=0.250
      ep09 train_loss=0.7005 train_acc=0.921 | val_loss=0.8236 val_acc=0.500
      ep10 train_loss=0.7212 train_acc=0.901 | val_loss=0.9222 val_acc=0.500
      ep11 train_loss=0.7041 train_acc=0.909 | val_loss=1.3292 val_acc=0.500
      ep12 train_loss=0.7495 train_acc=0.901 | val_loss=1.1725 val_acc=0.250
      ep13 train_loss=0.6834 train_acc=0.930 | val_loss=1.0815 val_acc=0.750
      ep14 train_loss=0.6817 train_acc=0.930 | val_loss=1.2578 val_acc=0.500
      ep15 train_loss=0.6985 train_acc=0.934 | val_loss=1.2793 val_acc=0.250
      ep16 train_loss=0.6462 train_acc=0.959 | val_loss=1.8421 val_acc=0.250
      ep17 train_loss=0.6959 train_acc=0.938 | val_loss=1.7262 val_acc=0.250
      ep18 train_loss=0.6548 train_acc=0.959 | val_loss=1.4367 val_acc=0.250
      ep19 train_loss=0.6401 train_acc=0.934 | val_loss=1.5744 val_acc=0.250
      ep20 train_loss=0.6402 train_acc=0.967 | val_loss=1.2858 val_acc=0.500
      ep21 train_loss=0.6609 train_acc=0.959 | val_loss=1.3108 val_acc=0.500
      ep22 train_loss=0.6284 train_acc=0.975 | val_loss=1.1367 val_acc=0.500
      ep23 train_loss=0.6085 train_acc=0.996 | val_loss=1.2783 val_acc=0.500
      ep24 train_loss=0.6525 train_acc=0.938 | val_loss=1.1499 val_acc=0.500
    fold acc=0.500 time=308.2s | running pooled acc=0.754

--- Fold 15/26 | test sub15 (3 test, 243 train) ---
      ep00 train_loss=1.6523 train_acc=0.342 | val_loss=1.1771 val_acc=0.333
      ep01 train_loss=1.2033 train_acc=0.543 | val_loss=1.0692 val_acc=0.333
      ep02 train_loss=1.1136 train_acc=0.667 | val_loss=0.9943 val_acc=0.667
      ep03 train_loss=1.0658 train_acc=0.683 | val_loss=1.9046 val_acc=0.000
      ep04 train_loss=0.9423 train_acc=0.737 | val_loss=0.9041 val_acc=0.667
      ep05 train_loss=0.8800 train_acc=0.794 | val_loss=0.9011 val_acc=0.667
      ep06 train_loss=0.8181 train_acc=0.844 | val_loss=0.8842 val_acc=0.667
      ep07 train_loss=0.8907 train_acc=0.811 | val_loss=1.7112 val_acc=0.333
      ep08 train_loss=0.8172 train_acc=0.860 | val_loss=1.3838 val_acc=0.333
      ep09 train_loss=0.7668 train_acc=0.877 | val_loss=1.3237 val_acc=0.333
      ep10 train_loss=0.6669 train_acc=0.951 | val_loss=1.5645 val_acc=0.333
      ep11 train_loss=0.7220 train_acc=0.905 | val_loss=0.6201 val_acc=0.667
      ep12 train_loss=0.7160 train_acc=0.918 | val_loss=1.4368 val_acc=0.333
      ep13 train_loss=0.7562 train_acc=0.885 | val_loss=1.0069 val_acc=0.333
      ep14 train_loss=0.6535 train_acc=0.963 | val_loss=0.6095 val_acc=1.000
      ep15 train_loss=0.7007 train_acc=0.922 | val_loss=0.6003 val_acc=1.000
      ep16 train_loss=0.6684 train_acc=0.934 | val_loss=1.0136 val_acc=0.667
      ep17 train_loss=0.6422 train_acc=0.967 | val_loss=0.8604 val_acc=0.667
      ep18 train_loss=0.6421 train_acc=0.975 | val_loss=0.7912 val_acc=0.667
      ep19 train_loss=0.6616 train_acc=0.951 | val_loss=0.7889 val_acc=0.333
      ep20 train_loss=0.6500 train_acc=0.963 | val_loss=0.9184 val_acc=0.333
      ep21 train_loss=0.6196 train_acc=0.963 | val_loss=0.8853 val_acc=0.333
      ep22 train_loss=0.6160 train_acc=0.979 | val_loss=0.8439 val_acc=0.667
      ep23 train_loss=0.6711 train_acc=0.947 | val_loss=0.8125 val_acc=0.333
      ep24 train_loss=0.6683 train_acc=0.938 | val_loss=0.9376 val_acc=0.333
    fold acc=0.667 time=307.8s | running pooled acc=0.752

--- Fold 16/26 | test sub16 (4 test, 242 train) ---
      ep00 train_loss=1.6816 train_acc=0.368 | val_loss=1.6415 val_acc=0.250
      ep01 train_loss=1.2395 train_acc=0.537 | val_loss=1.3504 val_acc=0.250
      ep02 train_loss=1.1001 train_acc=0.620 | val_loss=1.2625 val_acc=0.500
      ep03 train_loss=1.0294 train_acc=0.690 | val_loss=1.8295 val_acc=0.250
      ep04 train_loss=1.0057 train_acc=0.711 | val_loss=1.6321 val_acc=0.250
      ep05 train_loss=0.8157 train_acc=0.818 | val_loss=1.5784 val_acc=0.250
      ep06 train_loss=0.8187 train_acc=0.835 | val_loss=1.0128 val_acc=0.750
      ep07 train_loss=0.7922 train_acc=0.888 | val_loss=0.8395 val_acc=0.750
      ep08 train_loss=0.8209 train_acc=0.847 | val_loss=0.6871 val_acc=0.750
      ep09 train_loss=0.7172 train_acc=0.917 | val_loss=1.0896 val_acc=0.250
      ep10 train_loss=0.7152 train_acc=0.876 | val_loss=1.3828 val_acc=0.500
      ep11 train_loss=0.6989 train_acc=0.926 | val_loss=1.1055 val_acc=0.500
      ep12 train_loss=0.7315 train_acc=0.917 | val_loss=1.2989 val_acc=0.250
      ep13 train_loss=0.6831 train_acc=0.950 | val_loss=1.5682 val_acc=0.500
      ep14 train_loss=0.6912 train_acc=0.913 | val_loss=0.9490 val_acc=0.500
      ep15 train_loss=0.7069 train_acc=0.913 | val_loss=0.9996 val_acc=0.250
      ep16 train_loss=0.6326 train_acc=0.971 | val_loss=1.2275 val_acc=0.250
      ep17 train_loss=0.6876 train_acc=0.955 | val_loss=1.4922 val_acc=0.250
      ep18 train_loss=0.6553 train_acc=0.950 | val_loss=1.1676 val_acc=0.250
      ep19 train_loss=0.6281 train_acc=0.959 | val_loss=1.2527 val_acc=0.250
      ep20 train_loss=0.6468 train_acc=0.967 | val_loss=1.2611 val_acc=0.250
      ep21 train_loss=0.6661 train_acc=0.950 | val_loss=1.1734 val_acc=0.250
      ep22 train_loss=0.6333 train_acc=0.979 | val_loss=1.1902 val_acc=0.250
      ep23 train_loss=0.6036 train_acc=0.988 | val_loss=1.1298 val_acc=0.250
      ep24 train_loss=0.6443 train_acc=0.955 | val_loss=1.0992 val_acc=0.250
    fold acc=0.250 time=307.4s | running pooled acc=0.737

--- Fold 17/26 | test sub17 (34 test, 212 train) ---
      ep00 train_loss=1.7590 train_acc=0.283 | val_loss=1.2653 val_acc=0.471
      ep01 train_loss=1.3676 train_acc=0.509 | val_loss=1.2525 val_acc=0.471
      ep02 train_loss=1.1644 train_acc=0.575 | val_loss=1.0972 val_acc=0.588
      ep03 train_loss=1.1489 train_acc=0.642 | val_loss=1.2364 val_acc=0.353
      ep04 train_loss=0.9584 train_acc=0.755 | val_loss=0.9267 val_acc=0.588
      ep05 train_loss=0.9805 train_acc=0.755 | val_loss=0.7150 val_acc=0.647
      ep06 train_loss=0.8323 train_acc=0.807 | val_loss=1.3082 val_acc=0.441
      ep07 train_loss=0.9158 train_acc=0.797 | val_loss=0.8678 val_acc=0.676
      ep08 train_loss=0.8070 train_acc=0.858 | val_loss=0.8721 val_acc=0.676
      ep09 train_loss=0.8214 train_acc=0.830 | val_loss=1.3878 val_acc=0.471
      ep10 train_loss=0.8306 train_acc=0.844 | val_loss=1.5040 val_acc=0.412
      ep11 train_loss=0.7123 train_acc=0.896 | val_loss=1.0839 val_acc=0.588
      ep12 train_loss=0.7990 train_acc=0.877 | val_loss=1.3355 val_acc=0.412
      ep13 train_loss=0.7585 train_acc=0.901 | val_loss=1.0488 val_acc=0.529
      ep14 train_loss=0.7719 train_acc=0.920 | val_loss=1.3237 val_acc=0.500
      ep15 train_loss=0.7171 train_acc=0.943 | val_loss=0.8422 val_acc=0.647
      ep16 train_loss=0.7097 train_acc=0.929 | val_loss=1.2360 val_acc=0.412
      ep17 train_loss=0.6927 train_acc=0.939 | val_loss=1.1712 val_acc=0.471
      ep18 train_loss=0.6741 train_acc=0.953 | val_loss=1.1373 val_acc=0.500
      ep19 train_loss=0.6966 train_acc=0.948 | val_loss=1.1852 val_acc=0.441
      ep20 train_loss=0.6606 train_acc=0.948 | val_loss=1.0999 val_acc=0.500
      ep21 train_loss=0.7037 train_acc=0.953 | val_loss=1.1634 val_acc=0.441
      ep22 train_loss=0.6619 train_acc=0.953 | val_loss=1.2693 val_acc=0.412
      ep23 train_loss=0.6736 train_acc=0.972 | val_loss=1.2819 val_acc=0.412
      ep24 train_loss=0.6918 train_acc=0.962 | val_loss=1.1842 val_acc=0.471
    fold acc=0.441 time=296.9s | running pooled acc=0.678

--- Fold 18/26 | test sub18 (3 test, 243 train) ---
      ep00 train_loss=1.6319 train_acc=0.374 | val_loss=0.9248 val_acc=0.667
      ep01 train_loss=1.1843 train_acc=0.527 | val_loss=0.7899 val_acc=1.000
      ep02 train_loss=1.0719 train_acc=0.675 | val_loss=0.7016 val_acc=0.667
      ep03 train_loss=1.0562 train_acc=0.695 | val_loss=0.7427 val_acc=1.000
      ep04 train_loss=0.9599 train_acc=0.700 | val_loss=0.8301 val_acc=1.000
      ep05 train_loss=0.8651 train_acc=0.827 | val_loss=0.6787 val_acc=1.000
      ep06 train_loss=0.8423 train_acc=0.815 | val_loss=0.6738 val_acc=1.000
      ep07 train_loss=0.8619 train_acc=0.798 | val_loss=0.2441 val_acc=1.000
      ep08 train_loss=0.7975 train_acc=0.860 | val_loss=0.2811 val_acc=1.000
      ep09 train_loss=0.7679 train_acc=0.860 | val_loss=0.8771 val_acc=0.667
      ep10 train_loss=0.7053 train_acc=0.909 | val_loss=0.3408 val_acc=1.000
      ep11 train_loss=0.6788 train_acc=0.926 | val_loss=0.6117 val_acc=1.000
      ep12 train_loss=0.7155 train_acc=0.881 | val_loss=0.5032 val_acc=1.000
      ep13 train_loss=0.7298 train_acc=0.901 | val_loss=0.5957 val_acc=1.000
      ep14 train_loss=0.6767 train_acc=0.938 | val_loss=0.2501 val_acc=1.000
      ep15 train_loss=0.7031 train_acc=0.905 | val_loss=0.1580 val_acc=1.000
      ep16 train_loss=0.6590 train_acc=0.930 | val_loss=0.1316 val_acc=1.000
      ep17 train_loss=0.6391 train_acc=0.959 | val_loss=0.2097 val_acc=1.000
      ep18 train_loss=0.6258 train_acc=0.963 | val_loss=0.1927 val_acc=1.000
      ep19 train_loss=0.6508 train_acc=0.934 | val_loss=0.1677 val_acc=1.000
      ep20 train_loss=0.6320 train_acc=0.971 | val_loss=0.1795 val_acc=1.000
      ep21 train_loss=0.6136 train_acc=0.971 | val_loss=0.1409 val_acc=1.000
      ep22 train_loss=0.6251 train_acc=0.959 | val_loss=0.1400 val_acc=1.000
      ep23 train_loss=0.6779 train_acc=0.947 | val_loss=0.1526 val_acc=1.000
      ep24 train_loss=0.6373 train_acc=0.947 | val_loss=0.1628 val_acc=1.000
    fold acc=1.000 time=307.9s | running pooled acc=0.684

--- Fold 19/26 | test sub19 (15 test, 231 train) ---
      ep00 train_loss=1.7007 train_acc=0.359 | val_loss=1.1830 val_acc=0.533
      ep01 train_loss=1.2904 train_acc=0.528 | val_loss=0.9883 val_acc=0.733
      ep02 train_loss=1.1175 train_acc=0.649 | val_loss=0.8022 val_acc=0.600
      ep03 train_loss=1.0203 train_acc=0.727 | val_loss=0.7121 val_acc=0.733
      ep04 train_loss=0.9455 train_acc=0.714 | val_loss=0.8645 val_acc=0.600
      ep05 train_loss=0.9691 train_acc=0.732 | val_loss=0.7107 val_acc=0.733
      ep06 train_loss=0.8372 train_acc=0.818 | val_loss=0.7074 val_acc=0.933
      ep07 train_loss=0.8164 train_acc=0.848 | val_loss=0.6529 val_acc=0.800
      ep08 train_loss=0.8115 train_acc=0.853 | val_loss=0.7559 val_acc=0.667
      ep09 train_loss=0.7216 train_acc=0.931 | val_loss=0.8300 val_acc=0.733
      ep10 train_loss=0.7120 train_acc=0.905 | val_loss=0.7950 val_acc=0.733
      ep11 train_loss=0.7373 train_acc=0.892 | val_loss=0.8846 val_acc=0.733
      ep12 train_loss=0.7281 train_acc=0.905 | val_loss=0.9511 val_acc=0.667
      ep13 train_loss=0.7556 train_acc=0.883 | val_loss=1.2097 val_acc=0.600
      ep14 train_loss=0.6788 train_acc=0.965 | val_loss=0.9277 val_acc=0.667
      ep15 train_loss=0.6604 train_acc=0.970 | val_loss=0.8409 val_acc=0.733
      ep16 train_loss=0.6543 train_acc=0.952 | val_loss=0.7900 val_acc=0.667
      ep17 train_loss=0.7091 train_acc=0.926 | val_loss=0.7955 val_acc=0.733
      ep18 train_loss=0.6577 train_acc=0.974 | val_loss=0.7945 val_acc=0.733
      ep19 train_loss=0.6598 train_acc=0.983 | val_loss=0.7621 val_acc=0.733
      ep20 train_loss=0.6659 train_acc=0.965 | val_loss=0.7852 val_acc=0.733
      ep21 train_loss=0.6552 train_acc=0.974 | val_loss=0.8157 val_acc=0.667
      ep22 train_loss=0.6489 train_acc=0.978 | val_loss=0.7886 val_acc=0.733
      ep23 train_loss=0.6660 train_acc=0.974 | val_loss=0.7617 val_acc=0.733
      ep24 train_loss=0.6667 train_acc=0.961 | val_loss=0.7619 val_acc=0.733
    fold acc=0.733 time=302.8s | running pooled acc=0.688

--- Fold 20/26 | test sub20 (11 test, 235 train) ---
      ep00 train_loss=1.6537 train_acc=0.349 | val_loss=0.9694 val_acc=0.545
      ep01 train_loss=1.1575 train_acc=0.574 | val_loss=1.3848 val_acc=0.364
      ep02 train_loss=1.1131 train_acc=0.651 | val_loss=1.5238 val_acc=0.091
      ep03 train_loss=0.9967 train_acc=0.728 | val_loss=0.8068 val_acc=0.727
      ep04 train_loss=0.9756 train_acc=0.685 | val_loss=1.4226 val_acc=0.364
      ep05 train_loss=0.9132 train_acc=0.723 | val_loss=1.0803 val_acc=0.545
      ep06 train_loss=0.8460 train_acc=0.830 | val_loss=0.9149 val_acc=0.636
      ep07 train_loss=0.7844 train_acc=0.843 | val_loss=1.4175 val_acc=0.455
      ep08 train_loss=0.7436 train_acc=0.881 | val_loss=1.5499 val_acc=0.455
      ep09 train_loss=0.7663 train_acc=0.864 | val_loss=1.3333 val_acc=0.455
      ep10 train_loss=0.7182 train_acc=0.872 | val_loss=1.8550 val_acc=0.273
      ep11 train_loss=0.6522 train_acc=0.936 | val_loss=1.1481 val_acc=0.545
      ep12 train_loss=0.7694 train_acc=0.881 | val_loss=1.0469 val_acc=0.545
      ep13 train_loss=0.6812 train_acc=0.936 | val_loss=1.0559 val_acc=0.545
      ep14 train_loss=0.6838 train_acc=0.919 | val_loss=1.1156 val_acc=0.545
      ep15 train_loss=0.6592 train_acc=0.945 | val_loss=0.8624 val_acc=0.727
      ep16 train_loss=0.6492 train_acc=0.932 | val_loss=1.2640 val_acc=0.364
      ep17 train_loss=0.6388 train_acc=0.936 | val_loss=0.7556 val_acc=0.727
      ep18 train_loss=0.6641 train_acc=0.932 | val_loss=0.8954 val_acc=0.545
      ep19 train_loss=0.6292 train_acc=0.962 | val_loss=0.9602 val_acc=0.545
      ep20 train_loss=0.6118 train_acc=0.966 | val_loss=0.7745 val_acc=0.636
      ep21 train_loss=0.6125 train_acc=0.974 | val_loss=0.8681 val_acc=0.636
      ep22 train_loss=0.6056 train_acc=0.970 | val_loss=0.9380 val_acc=0.545
      ep23 train_loss=0.6261 train_acc=0.979 | val_loss=1.0731 val_acc=0.455
      ep24 train_loss=0.6189 train_acc=0.966 | val_loss=0.8326 val_acc=0.636
    fold acc=0.636 time=305.2s | running pooled acc=0.685

--- Fold 21/26 | test sub21 (2 test, 244 train) ---
      ep00 train_loss=1.6539 train_acc=0.332 | val_loss=1.1358 val_acc=0.500
      ep01 train_loss=1.2553 train_acc=0.549 | val_loss=1.5069 val_acc=0.500
      ep02 train_loss=1.0386 train_acc=0.643 | val_loss=2.7955 val_acc=0.500
      ep03 train_loss=0.9591 train_acc=0.693 | val_loss=2.2924 val_acc=0.500
      ep04 train_loss=0.9297 train_acc=0.754 | val_loss=2.1495 val_acc=0.500
      ep05 train_loss=0.9392 train_acc=0.754 | val_loss=2.5327 val_acc=0.500
      ep06 train_loss=0.8698 train_acc=0.775 | val_loss=3.4801 val_acc=0.500
      ep07 train_loss=0.7962 train_acc=0.861 | val_loss=2.5621 val_acc=0.500
      ep08 train_loss=0.7607 train_acc=0.857 | val_loss=2.5176 val_acc=0.500
      ep09 train_loss=0.7371 train_acc=0.910 | val_loss=2.2570 val_acc=0.500
      ep10 train_loss=0.6573 train_acc=0.947 | val_loss=2.4422 val_acc=0.500
      ep11 train_loss=0.7163 train_acc=0.893 | val_loss=2.7246 val_acc=0.500
      ep12 train_loss=0.7028 train_acc=0.914 | val_loss=3.1959 val_acc=0.500
      ep13 train_loss=0.6963 train_acc=0.930 | val_loss=2.6942 val_acc=0.500
      ep14 train_loss=0.6286 train_acc=0.934 | val_loss=2.1294 val_acc=0.500
      ep15 train_loss=0.6853 train_acc=0.926 | val_loss=2.5500 val_acc=0.500
      ep16 train_loss=0.6408 train_acc=0.967 | val_loss=2.4336 val_acc=0.500
      ep17 train_loss=0.6502 train_acc=0.967 | val_loss=2.4889 val_acc=0.500
      ep18 train_loss=0.6264 train_acc=0.971 | val_loss=2.5461 val_acc=0.500
      ep19 train_loss=0.5847 train_acc=0.996 | val_loss=2.6917 val_acc=0.500
      ep20 train_loss=0.6148 train_acc=0.959 | val_loss=2.4406 val_acc=0.500
      ep21 train_loss=0.6232 train_acc=0.959 | val_loss=2.5495 val_acc=0.500
      ep22 train_loss=0.6603 train_acc=0.963 | val_loss=2.2605 val_acc=0.500
      ep23 train_loss=0.6259 train_acc=0.967 | val_loss=2.5237 val_acc=0.500
      ep24 train_loss=0.6047 train_acc=0.984 | val_loss=2.5249 val_acc=0.500
    fold acc=0.500 time=309.1s | running pooled acc=0.683

--- Fold 22/26 | test sub22 (2 test, 244 train) ---
      ep00 train_loss=1.6710 train_acc=0.320 | val_loss=0.4741 val_acc=1.000
      ep01 train_loss=1.2664 train_acc=0.561 | val_loss=0.2874 val_acc=1.000
      ep02 train_loss=1.0323 train_acc=0.668 | val_loss=0.0599 val_acc=1.000
      ep03 train_loss=0.9784 train_acc=0.734 | val_loss=0.4417 val_acc=1.000
      ep04 train_loss=0.9496 train_acc=0.750 | val_loss=0.0746 val_acc=1.000
      ep05 train_loss=0.9649 train_acc=0.738 | val_loss=0.0093 val_acc=1.000
      ep06 train_loss=0.9136 train_acc=0.762 | val_loss=0.1438 val_acc=1.000
      ep07 train_loss=0.8187 train_acc=0.861 | val_loss=0.0033 val_acc=1.000
      ep08 train_loss=0.7528 train_acc=0.840 | val_loss=0.0005 val_acc=1.000
      ep09 train_loss=0.7348 train_acc=0.893 | val_loss=0.0018 val_acc=1.000
      ep10 train_loss=0.6789 train_acc=0.939 | val_loss=0.0005 val_acc=1.000
      ep11 train_loss=0.7101 train_acc=0.889 | val_loss=0.0002 val_acc=1.000
      ep12 train_loss=0.7328 train_acc=0.881 | val_loss=0.0005 val_acc=1.000
      ep13 train_loss=0.7136 train_acc=0.926 | val_loss=0.0019 val_acc=1.000
      ep14 train_loss=0.6491 train_acc=0.930 | val_loss=0.0004 val_acc=1.000
      ep15 train_loss=0.7122 train_acc=0.922 | val_loss=0.0028 val_acc=1.000
      ep16 train_loss=0.6656 train_acc=0.955 | val_loss=0.0014 val_acc=1.000
      ep17 train_loss=0.6757 train_acc=0.959 | val_loss=0.0004 val_acc=1.000
      ep18 train_loss=0.6586 train_acc=0.939 | val_loss=0.0033 val_acc=1.000
      ep19 train_loss=0.6016 train_acc=0.988 | val_loss=0.0012 val_acc=1.000
      ep20 train_loss=0.6175 train_acc=0.971 | val_loss=0.0011 val_acc=1.000
      ep21 train_loss=0.6421 train_acc=0.951 | val_loss=0.0008 val_acc=1.000
      ep22 train_loss=0.6635 train_acc=0.951 | val_loss=0.0025 val_acc=1.000
      ep23 train_loss=0.6315 train_acc=0.975 | val_loss=0.0011 val_acc=1.000
      ep24 train_loss=0.6086 train_acc=0.988 | val_loss=0.0013 val_acc=1.000
    fold acc=1.000 time=308.3s | running pooled acc=0.686

--- Fold 23/26 | test sub23 (12 test, 234 train) ---
      ep00 train_loss=1.6723 train_acc=0.316 | val_loss=1.1312 val_acc=0.667
      ep01 train_loss=1.2566 train_acc=0.534 | val_loss=0.6462 val_acc=0.833
      ep02 train_loss=1.1202 train_acc=0.628 | val_loss=0.4655 val_acc=0.917
      ep03 train_loss=0.9458 train_acc=0.726 | val_loss=0.6637 val_acc=0.667
      ep04 train_loss=0.9351 train_acc=0.739 | val_loss=0.5450 val_acc=0.750
      ep05 train_loss=0.9319 train_acc=0.769 | val_loss=0.5539 val_acc=0.833
      ep06 train_loss=0.8314 train_acc=0.803 | val_loss=0.3968 val_acc=0.917
      ep07 train_loss=0.7842 train_acc=0.846 | val_loss=0.4945 val_acc=0.750
      ep08 train_loss=0.7860 train_acc=0.880 | val_loss=0.3338 val_acc=0.917
      ep09 train_loss=0.7944 train_acc=0.846 | val_loss=0.1811 val_acc=1.000
      ep10 train_loss=0.7189 train_acc=0.880 | val_loss=0.2743 val_acc=1.000
      ep11 train_loss=0.7232 train_acc=0.876 | val_loss=0.3288 val_acc=0.917
      ep12 train_loss=0.7013 train_acc=0.919 | val_loss=0.2415 val_acc=1.000
      ep13 train_loss=0.6589 train_acc=0.957 | val_loss=0.2533 val_acc=1.000
      ep14 train_loss=0.6815 train_acc=0.962 | val_loss=0.3630 val_acc=1.000
      ep15 train_loss=0.6488 train_acc=0.949 | val_loss=0.2270 val_acc=1.000
      ep16 train_loss=0.6384 train_acc=0.953 | val_loss=0.1625 val_acc=1.000
      ep17 train_loss=0.6571 train_acc=0.957 | val_loss=0.2088 val_acc=1.000
      ep18 train_loss=0.6178 train_acc=0.957 | val_loss=0.2818 val_acc=0.917
      ep19 train_loss=0.6292 train_acc=0.970 | val_loss=0.2854 val_acc=0.917
      ep20 train_loss=0.6462 train_acc=0.957 | val_loss=0.2291 val_acc=1.000
      ep21 train_loss=0.6037 train_acc=0.983 | val_loss=0.2210 val_acc=1.000
      ep22 train_loss=0.6254 train_acc=0.970 | val_loss=0.2109 val_acc=0.917
      ep23 train_loss=0.6360 train_acc=0.962 | val_loss=0.2002 val_acc=1.000
      ep24 train_loss=0.6917 train_acc=0.944 | val_loss=0.2088 val_acc=1.000
    fold acc=0.917 time=303.9s | running pooled acc=0.699

--- Fold 24/26 | test sub24 (7 test, 239 train) ---
      ep00 train_loss=1.7686 train_acc=0.301 | val_loss=1.2030 val_acc=0.571
      ep01 train_loss=1.2394 train_acc=0.544 | val_loss=0.9823 val_acc=0.429
      ep02 train_loss=1.0545 train_acc=0.649 | val_loss=0.9566 val_acc=0.429
      ep03 train_loss=1.0004 train_acc=0.711 | val_loss=1.0096 val_acc=0.571
      ep04 train_loss=0.9691 train_acc=0.757 | val_loss=1.2349 val_acc=0.571
      ep05 train_loss=0.9114 train_acc=0.762 | val_loss=1.2719 val_acc=0.571
      ep06 train_loss=0.8922 train_acc=0.795 | val_loss=1.3075 val_acc=0.571
      ep07 train_loss=0.8074 train_acc=0.812 | val_loss=1.1321 val_acc=0.714
      ep08 train_loss=0.7693 train_acc=0.874 | val_loss=1.3245 val_acc=0.571
      ep09 train_loss=0.7319 train_acc=0.895 | val_loss=1.1278 val_acc=0.571
      ep10 train_loss=0.7179 train_acc=0.887 | val_loss=1.3231 val_acc=0.429
      ep11 train_loss=0.6790 train_acc=0.933 | val_loss=1.3092 val_acc=0.571
      ep12 train_loss=0.6639 train_acc=0.946 | val_loss=1.5350 val_acc=0.429
      ep13 train_loss=0.6481 train_acc=0.941 | val_loss=1.4162 val_acc=0.571
      ep14 train_loss=0.6215 train_acc=0.971 | val_loss=1.5753 val_acc=0.571
      ep15 train_loss=0.6478 train_acc=0.946 | val_loss=1.1140 val_acc=0.571
      ep16 train_loss=0.6349 train_acc=0.958 | val_loss=1.3794 val_acc=0.571
      ep17 train_loss=0.6383 train_acc=0.954 | val_loss=1.2707 val_acc=0.571
      ep18 train_loss=0.6349 train_acc=0.967 | val_loss=1.1909 val_acc=0.571
      ep19 train_loss=0.6140 train_acc=0.987 | val_loss=1.1728 val_acc=0.429
      ep20 train_loss=0.6307 train_acc=0.971 | val_loss=1.2207 val_acc=0.429
      ep21 train_loss=0.5956 train_acc=0.979 | val_loss=1.2112 val_acc=0.429
      ep22 train_loss=0.6284 train_acc=0.967 | val_loss=1.2607 val_acc=0.429
      ep23 train_loss=0.6417 train_acc=0.967 | val_loss=1.1630 val_acc=0.571
      ep24 train_loss=0.6207 train_acc=0.962 | val_loss=1.2341 val_acc=0.429
    fold acc=0.429 time=305.5s | running pooled acc=0.691

--- Fold 25/26 | test sub25 (7 test, 239 train) ---
      ep00 train_loss=1.7647 train_acc=0.310 | val_loss=1.2905 val_acc=0.143
      ep01 train_loss=1.2580 train_acc=0.498 | val_loss=1.0703 val_acc=0.571
      ep02 train_loss=1.0863 train_acc=0.636 | val_loss=0.9176 val_acc=0.571
      ep03 train_loss=0.9976 train_acc=0.703 | val_loss=1.1661 val_acc=0.571
      ep04 train_loss=0.9561 train_acc=0.762 | val_loss=1.2916 val_acc=0.286
      ep05 train_loss=0.9052 train_acc=0.791 | val_loss=0.5816 val_acc=0.857
      ep06 train_loss=0.9445 train_acc=0.770 | val_loss=0.6069 val_acc=0.714
      ep07 train_loss=0.7883 train_acc=0.858 | val_loss=0.4304 val_acc=0.857
      ep08 train_loss=0.7770 train_acc=0.854 | val_loss=1.4015 val_acc=0.286
      ep09 train_loss=0.7299 train_acc=0.891 | val_loss=0.5519 val_acc=0.714
      ep10 train_loss=0.7395 train_acc=0.883 | val_loss=0.6023 val_acc=0.714
      ep11 train_loss=0.7019 train_acc=0.908 | val_loss=1.3565 val_acc=0.429
      ep12 train_loss=0.6669 train_acc=0.946 | val_loss=0.5201 val_acc=0.857
      ep13 train_loss=0.6543 train_acc=0.946 | val_loss=0.8138 val_acc=0.571
      ep14 train_loss=0.6451 train_acc=0.954 | val_loss=1.0089 val_acc=0.571
      ep15 train_loss=0.6527 train_acc=0.950 | val_loss=0.5991 val_acc=0.857
      ep16 train_loss=0.6252 train_acc=0.962 | val_loss=0.9669 val_acc=0.571
      ep17 train_loss=0.6529 train_acc=0.962 | val_loss=1.2310 val_acc=0.286
      ep18 train_loss=0.6286 train_acc=0.971 | val_loss=0.9701 val_acc=0.286
      ep19 train_loss=0.6292 train_acc=0.975 | val_loss=0.8125 val_acc=0.571
      ep20 train_loss=0.6545 train_acc=0.962 | val_loss=1.0687 val_acc=0.429
      ep21 train_loss=0.6041 train_acc=0.979 | val_loss=1.0796 val_acc=0.429
      ep22 train_loss=0.6350 train_acc=0.958 | val_loss=0.9296 val_acc=0.571
      ep23 train_loss=0.6540 train_acc=0.979 | val_loss=0.8632 val_acc=0.286
      ep24 train_loss=0.6162 train_acc=0.983 | val_loss=0.9563 val_acc=0.286
    fold acc=0.571 time=305.2s | running pooled acc=0.687

--- Fold 26/26 | test sub26 (16 test, 230 train) ---
      ep00 train_loss=1.6538 train_acc=0.339 | val_loss=0.9940 val_acc=0.625
      ep01 train_loss=1.2271 train_acc=0.570 | val_loss=1.2720 val_acc=0.312
      ep02 train_loss=1.0772 train_acc=0.648 | val_loss=1.1536 val_acc=0.562
      ep03 train_loss=0.9814 train_acc=0.709 | val_loss=1.2897 val_acc=0.438
      ep04 train_loss=0.9287 train_acc=0.704 | val_loss=0.8079 val_acc=0.750
      ep05 train_loss=0.9495 train_acc=0.743 | val_loss=1.6119 val_acc=0.375
      ep06 train_loss=0.8188 train_acc=0.804 | val_loss=1.3512 val_acc=0.438
      ep07 train_loss=0.8144 train_acc=0.848 | val_loss=1.5532 val_acc=0.500
      ep08 train_loss=0.7955 train_acc=0.809 | val_loss=1.4235 val_acc=0.625
      ep09 train_loss=0.7246 train_acc=0.887 | val_loss=1.1983 val_acc=0.500
      ep10 train_loss=0.7688 train_acc=0.857 | val_loss=1.4813 val_acc=0.500
      ep11 train_loss=0.7260 train_acc=0.891 | val_loss=1.1981 val_acc=0.500
      ep12 train_loss=0.6710 train_acc=0.952 | val_loss=1.0420 val_acc=0.688
      ep13 train_loss=0.6681 train_acc=0.957 | val_loss=1.3017 val_acc=0.625
      ep14 train_loss=0.6792 train_acc=0.917 | val_loss=1.1808 val_acc=0.625
      ep15 train_loss=0.6431 train_acc=0.957 | val_loss=1.1889 val_acc=0.500
      ep16 train_loss=0.6582 train_acc=0.948 | val_loss=1.0934 val_acc=0.625
      ep17 train_loss=0.6210 train_acc=0.939 | val_loss=1.1023 val_acc=0.625
      ep18 train_loss=0.6521 train_acc=0.965 | val_loss=1.2804 val_acc=0.562
      ep19 train_loss=0.6196 train_acc=0.978 | val_loss=1.4295 val_acc=0.500
      ep20 train_loss=0.6060 train_acc=0.978 | val_loss=1.2723 val_acc=0.500
      ep21 train_loss=0.6389 train_acc=0.961 | val_loss=1.1848 val_acc=0.562
      ep22 train_loss=0.5766 train_acc=0.974 | val_loss=1.4905 val_acc=0.438
      ep23 train_loss=0.5948 train_acc=0.996 | val_loss=1.2658 val_acc=0.625
      ep24 train_loss=0.6073 train_acc=0.952 | val_loss=1.3444 val_acc=0.438
    fold acc=0.438 time=302.7s | running pooled acc=0.671

=== FINAL (pooled LOSO) ===
UF1 = 0.6918
UAR = 0.6923
ACC = 0.6707
per-class F1: happiness=0.667, disgust=0.614, repression=0.615, surprise=0.906, others=0.657
per-class recall: happiness=0.656, disgust=0.556, repression=0.593, surprise=0.960, others=0.697
confusion matrix (rows=true):
        happin disgus repres surpri others
happine     21      1      1      2      7
disgust      1     35      1      0     26
repress      3      0     16      0      8
surpris      0      0      0     24      1
 others      6     15      7      2     69

saved to D:\AI-Projects\casmeII-new-from-sequence-model\experiments\iter_12_strain
elapsed 7979.4s
