=== EXPERIMENT iter_36_r3d_diff_res128 ===
time: 2026-07-20T15:10:46.925546
device: cuda (NVIDIA GeForce RTX 3060)
platform: Windows-10-10.0.26200-SP0 | torch 2.6.0+cu124
config:
{
  "seed": 42,
  "T": 16,
  "img_size": 128,
  "base_size": 128,
  "input_mode": "diff",
  "backbone": "r3d_18",
  "pretrained": true,
  "dropout": 0.5,
  "epochs": 25,
  "lr": 0.0001,
  "weight_decay": 0.001,
  "batch_size": 6,
  "class_weighting": true,
  "label_smoothing": 0.1,
  "hflip": true,
  "color_jitter": 0.0,
  "temporal_jitter": true,
  "amp": true,
  "eval_last_k": 3,
  "tta": 5,
  "cache_dir": "cache/frames128",
  "index": "cache/index_emotion.csv",
  "class_names": [
    "happiness",
    "disgust",
    "repression",
    "surprise",
    "others"
  ],
  "name": "iter_36_r3d_diff_res128",
  "modality": "rgb",
  "temporal_span": "onset_offset",
  "random_erase": 0.1
}
samples: 246 | classes: 5 ['happiness', 'disgust', 'repression', 'surprise', 'others']
loading arrays into RAM...
loaded 246 arrays

--- Fold 1/26 | test sub01 (9 test, 237 train) ---
      ep00 train_loss=1.6647 train_acc=0.295 | val_loss=2.0206 val_acc=0.000
      ep01 train_loss=1.4782 train_acc=0.367 | val_loss=1.1589 val_acc=0.222
      ep02 train_loss=1.3001 train_acc=0.502 | val_loss=1.1846 val_acc=0.556
      ep03 train_loss=1.2595 train_acc=0.549 | val_loss=0.9950 val_acc=0.556
      ep04 train_loss=1.1323 train_acc=0.612 | val_loss=1.1816 val_acc=0.333
      ep05 train_loss=1.0232 train_acc=0.700 | val_loss=1.1253 val_acc=0.444
      ep06 train_loss=0.9744 train_acc=0.705 | val_loss=1.0676 val_acc=0.333
      ep07 train_loss=0.9455 train_acc=0.722 | val_loss=0.8463 val_acc=0.556
      ep08 train_loss=0.9771 train_acc=0.717 | val_loss=0.8734 val_acc=0.778
      ep09 train_loss=0.9720 train_acc=0.768 | val_loss=1.1553 val_acc=0.556
      ep10 train_loss=0.9482 train_acc=0.759 | val_loss=0.9120 val_acc=0.556
      ep11 train_loss=0.7916 train_acc=0.814 | val_loss=0.7034 val_acc=0.667
      ep12 train_loss=0.8033 train_acc=0.848 | val_loss=0.8550 val_acc=0.556
      ep13 train_loss=0.7256 train_acc=0.895 | val_loss=0.8246 val_acc=0.667
      ep14 train_loss=0.7257 train_acc=0.899 | val_loss=0.8684 val_acc=0.667
      ep15 train_loss=0.7214 train_acc=0.886 | val_loss=0.7721 val_acc=0.667
      ep16 train_loss=0.7776 train_acc=0.869 | val_loss=1.0162 val_acc=0.556
      ep17 train_loss=0.7061 train_acc=0.907 | val_loss=0.7760 val_acc=0.778
      ep18 train_loss=0.7364 train_acc=0.890 | val_loss=0.7981 val_acc=0.556
      ep19 train_loss=0.6758 train_acc=0.911 | val_loss=0.8177 val_acc=0.556
      ep20 train_loss=0.6915 train_acc=0.928 | val_loss=0.7856 val_acc=0.556
      ep21 train_loss=0.6999 train_acc=0.920 | val_loss=0.8545 val_acc=0.556
      ep22 train_loss=0.6449 train_acc=0.932 | val_loss=0.7633 val_acc=0.667
      ep23 train_loss=0.6710 train_acc=0.932 | val_loss=0.7358 val_acc=0.667
      ep24 train_loss=0.6510 train_acc=0.949 | val_loss=0.8221 val_acc=0.556
    fold acc=0.444 time=233.9s | running pooled acc=0.444

--- Fold 2/26 | test sub02 (13 test, 233 train) ---
      ep00 train_loss=1.7706 train_acc=0.262 | val_loss=3.2574 val_acc=0.231
      ep01 train_loss=1.4096 train_acc=0.433 | val_loss=1.6638 val_acc=0.308
      ep02 train_loss=1.3333 train_acc=0.433 | val_loss=1.7646 val_acc=0.308
      ep03 train_loss=1.2210 train_acc=0.601 | val_loss=1.3871 val_acc=0.385
      ep04 train_loss=1.0558 train_acc=0.627 | val_loss=2.2126 val_acc=0.231
      ep05 train_loss=1.0236 train_acc=0.708 | val_loss=2.1880 val_acc=0.231
      ep06 train_loss=1.0375 train_acc=0.678 | val_loss=1.6358 val_acc=0.538
      ep07 train_loss=0.9158 train_acc=0.760 | val_loss=1.4132 val_acc=0.538
      ep08 train_loss=0.9449 train_acc=0.738 | val_loss=2.1955 val_acc=0.308
      ep09 train_loss=0.8671 train_acc=0.815 | val_loss=1.7152 val_acc=0.462
      ep10 train_loss=0.9048 train_acc=0.815 | val_loss=1.5058 val_acc=0.615
      ep11 train_loss=0.8896 train_acc=0.807 | val_loss=2.2907 val_acc=0.231
      ep12 train_loss=0.7921 train_acc=0.863 | val_loss=1.8373 val_acc=0.308
      ep13 train_loss=0.8121 train_acc=0.880 | val_loss=1.9779 val_acc=0.308
      ep14 train_loss=0.7878 train_acc=0.871 | val_loss=1.8910 val_acc=0.385
      ep15 train_loss=0.7416 train_acc=0.901 | val_loss=2.0981 val_acc=0.462
      ep16 train_loss=0.7315 train_acc=0.931 | val_loss=1.7117 val_acc=0.538
      ep17 train_loss=0.7231 train_acc=0.914 | val_loss=1.8194 val_acc=0.538
      ep18 train_loss=0.6861 train_acc=0.948 | val_loss=1.6627 val_acc=0.538
      ep19 train_loss=0.6824 train_acc=0.940 | val_loss=1.9335 val_acc=0.385
      ep20 train_loss=0.7344 train_acc=0.927 | val_loss=1.6799 val_acc=0.538
      ep21 train_loss=0.7244 train_acc=0.940 | val_loss=1.7587 val_acc=0.462
      ep22 train_loss=0.7179 train_acc=0.923 | val_loss=1.7283 val_acc=0.538
      ep23 train_loss=0.6525 train_acc=0.966 | val_loss=1.6665 val_acc=0.538
      ep24 train_loss=0.7327 train_acc=0.914 | val_loss=1.8043 val_acc=0.538
    fold acc=0.538 time=233.2s | running pooled acc=0.500

--- Fold 3/26 | test sub03 (7 test, 239 train) ---
      ep00 train_loss=1.7197 train_acc=0.259 | val_loss=1.3574 val_acc=0.286
      ep01 train_loss=1.4259 train_acc=0.469 | val_loss=1.0635 val_acc=0.571
      ep02 train_loss=1.3092 train_acc=0.527 | val_loss=1.4680 val_acc=0.571
      ep03 train_loss=1.1442 train_acc=0.590 | val_loss=1.1699 val_acc=0.571
      ep04 train_loss=1.1004 train_acc=0.657 | val_loss=0.7814 val_acc=0.571
      ep05 train_loss=0.9832 train_acc=0.690 | val_loss=1.0531 val_acc=0.429
      ep06 train_loss=1.0145 train_acc=0.715 | val_loss=1.2042 val_acc=0.429
      ep07 train_loss=1.0387 train_acc=0.720 | val_loss=1.2217 val_acc=0.429
      ep08 train_loss=0.8677 train_acc=0.812 | val_loss=1.4217 val_acc=0.571
      ep09 train_loss=0.8987 train_acc=0.753 | val_loss=1.4464 val_acc=0.429
      ep10 train_loss=0.8294 train_acc=0.828 | val_loss=1.7790 val_acc=0.429
      ep11 train_loss=0.7821 train_acc=0.870 | val_loss=1.0891 val_acc=0.571
      ep12 train_loss=0.7907 train_acc=0.841 | val_loss=1.2666 val_acc=0.571
      ep13 train_loss=0.7524 train_acc=0.883 | val_loss=1.1442 val_acc=0.429
      ep14 train_loss=0.8256 train_acc=0.858 | val_loss=1.5432 val_acc=0.429
      ep15 train_loss=0.7513 train_acc=0.858 | val_loss=1.4715 val_acc=0.429
      ep16 train_loss=0.7200 train_acc=0.916 | val_loss=1.3317 val_acc=0.571
      ep17 train_loss=0.7176 train_acc=0.921 | val_loss=1.4078 val_acc=0.571
      ep18 train_loss=0.6661 train_acc=0.933 | val_loss=1.5426 val_acc=0.429
      ep19 train_loss=0.6588 train_acc=0.933 | val_loss=1.4651 val_acc=0.429
      ep20 train_loss=0.6693 train_acc=0.929 | val_loss=1.4190 val_acc=0.571
      ep21 train_loss=0.6666 train_acc=0.950 | val_loss=1.4024 val_acc=0.571
      ep22 train_loss=0.6631 train_acc=0.946 | val_loss=1.4810 val_acc=0.571
      ep23 train_loss=0.6823 train_acc=0.916 | val_loss=1.4451 val_acc=0.429
      ep24 train_loss=0.6575 train_acc=0.933 | val_loss=1.5143 val_acc=0.429
    fold acc=0.429 time=235.6s | running pooled acc=0.483

--- Fold 4/26 | test sub04 (5 test, 241 train) ---
      ep00 train_loss=1.7049 train_acc=0.249 | val_loss=2.0664 val_acc=0.000
      ep01 train_loss=1.4720 train_acc=0.386 | val_loss=1.3949 val_acc=0.400
      ep02 train_loss=1.2762 train_acc=0.535 | val_loss=1.0987 val_acc=0.600
      ep03 train_loss=1.2206 train_acc=0.598 | val_loss=0.9147 val_acc=0.400
      ep04 train_loss=1.1561 train_acc=0.589 | val_loss=1.2535 val_acc=0.600
      ep05 train_loss=1.0353 train_acc=0.685 | val_loss=1.1367 val_acc=0.400
      ep06 train_loss=0.9732 train_acc=0.710 | val_loss=1.3720 val_acc=0.400
      ep07 train_loss=0.9938 train_acc=0.676 | val_loss=0.7936 val_acc=0.800
      ep08 train_loss=0.9202 train_acc=0.776 | val_loss=1.1032 val_acc=0.400
      ep09 train_loss=0.9095 train_acc=0.768 | val_loss=1.0429 val_acc=0.400
      ep10 train_loss=0.8778 train_acc=0.772 | val_loss=0.8304 val_acc=0.800
      ep11 train_loss=0.7984 train_acc=0.842 | val_loss=1.2546 val_acc=0.400
      ep12 train_loss=0.8011 train_acc=0.863 | val_loss=1.1223 val_acc=0.600
      ep13 train_loss=0.7904 train_acc=0.842 | val_loss=1.2814 val_acc=0.400
      ep14 train_loss=0.7541 train_acc=0.880 | val_loss=1.0430 val_acc=0.600
      ep15 train_loss=0.7582 train_acc=0.867 | val_loss=0.9918 val_acc=0.600
      ep16 train_loss=0.7239 train_acc=0.888 | val_loss=1.1257 val_acc=0.600
      ep17 train_loss=0.6962 train_acc=0.909 | val_loss=0.9333 val_acc=0.800
      ep18 train_loss=0.7168 train_acc=0.929 | val_loss=0.9482 val_acc=0.600
      ep19 train_loss=0.6969 train_acc=0.921 | val_loss=0.9831 val_acc=0.800
      ep20 train_loss=0.6981 train_acc=0.917 | val_loss=1.0217 val_acc=0.600
      ep21 train_loss=0.6511 train_acc=0.929 | val_loss=1.0417 val_acc=0.600
      ep22 train_loss=0.6557 train_acc=0.942 | val_loss=1.1702 val_acc=0.600
      ep23 train_loss=0.7044 train_acc=0.917 | val_loss=1.1547 val_acc=0.400
      ep24 train_loss=0.6662 train_acc=0.946 | val_loss=1.1765 val_acc=0.600
    fold acc=0.600 time=235.3s | running pooled acc=0.500

--- Fold 5/26 | test sub05 (19 test, 227 train) ---
      ep00 train_loss=1.6905 train_acc=0.229 | val_loss=1.9239 val_acc=0.053
      ep01 train_loss=1.5082 train_acc=0.423 | val_loss=1.8528 val_acc=0.211
      ep02 train_loss=1.3040 train_acc=0.493 | val_loss=1.8826 val_acc=0.263
      ep03 train_loss=1.2007 train_acc=0.573 | val_loss=1.8367 val_acc=0.368
      ep04 train_loss=1.1184 train_acc=0.626 | val_loss=1.4135 val_acc=0.526
      ep05 train_loss=1.0416 train_acc=0.652 | val_loss=1.8079 val_acc=0.474
      ep06 train_loss=1.0325 train_acc=0.709 | val_loss=1.7925 val_acc=0.368
      ep07 train_loss=0.9907 train_acc=0.722 | val_loss=1.4808 val_acc=0.421
      ep08 train_loss=0.9934 train_acc=0.758 | val_loss=1.7440 val_acc=0.368
      ep09 train_loss=0.9278 train_acc=0.793 | val_loss=1.5925 val_acc=0.474
      ep10 train_loss=0.8444 train_acc=0.811 | val_loss=1.6291 val_acc=0.526
      ep11 train_loss=0.8226 train_acc=0.811 | val_loss=1.5149 val_acc=0.579
      ep12 train_loss=0.7815 train_acc=0.863 | val_loss=1.6696 val_acc=0.421
      ep13 train_loss=0.8058 train_acc=0.855 | val_loss=1.5734 val_acc=0.526
      ep14 train_loss=0.7738 train_acc=0.881 | val_loss=1.5865 val_acc=0.579
      ep15 train_loss=0.7473 train_acc=0.890 | val_loss=1.5421 val_acc=0.579
      ep16 train_loss=0.7557 train_acc=0.894 | val_loss=1.6873 val_acc=0.526
      ep17 train_loss=0.6953 train_acc=0.921 | val_loss=1.5306 val_acc=0.526
      ep18 train_loss=0.7371 train_acc=0.872 | val_loss=1.6931 val_acc=0.526
      ep19 train_loss=0.7143 train_acc=0.899 | val_loss=1.6791 val_acc=0.526
      ep20 train_loss=0.7011 train_acc=0.925 | val_loss=1.6403 val_acc=0.526
      ep21 train_loss=0.6778 train_acc=0.925 | val_loss=1.6299 val_acc=0.526
      ep22 train_loss=0.6882 train_acc=0.934 | val_loss=1.5728 val_acc=0.526
      ep23 train_loss=0.6701 train_acc=0.943 | val_loss=1.5545 val_acc=0.526
      ep24 train_loss=0.6652 train_acc=0.930 | val_loss=1.5960 val_acc=0.526
    fold acc=0.474 time=233.4s | running pooled acc=0.491

--- Fold 6/26 | test sub06 (5 test, 241 train) ---
      ep00 train_loss=1.6962 train_acc=0.290 | val_loss=1.5852 val_acc=0.400
      ep01 train_loss=1.4645 train_acc=0.402 | val_loss=1.0020 val_acc=0.400
      ep02 train_loss=1.2552 train_acc=0.490 | val_loss=0.8842 val_acc=0.600
      ep03 train_loss=1.1961 train_acc=0.581 | val_loss=0.7814 val_acc=0.600
      ep04 train_loss=1.1516 train_acc=0.606 | val_loss=0.7951 val_acc=0.600
      ep05 train_loss=1.0271 train_acc=0.660 | val_loss=0.7498 val_acc=0.800
      ep06 train_loss=0.9814 train_acc=0.701 | val_loss=0.8599 val_acc=0.800
      ep07 train_loss=1.0261 train_acc=0.660 | val_loss=1.0043 val_acc=0.600
      ep08 train_loss=0.9183 train_acc=0.763 | val_loss=0.8112 val_acc=0.600
      ep09 train_loss=0.9242 train_acc=0.722 | val_loss=0.9041 val_acc=0.800
      ep10 train_loss=0.8822 train_acc=0.809 | val_loss=1.0679 val_acc=0.600
      ep11 train_loss=0.8298 train_acc=0.805 | val_loss=0.9727 val_acc=0.800
      ep12 train_loss=0.8084 train_acc=0.842 | val_loss=1.0759 val_acc=0.400
      ep13 train_loss=0.8075 train_acc=0.830 | val_loss=0.9816 val_acc=0.600
      ep14 train_loss=0.7709 train_acc=0.888 | val_loss=1.1224 val_acc=0.400
      ep15 train_loss=0.7682 train_acc=0.859 | val_loss=0.9498 val_acc=0.400
      ep16 train_loss=0.7078 train_acc=0.905 | val_loss=1.1321 val_acc=0.400
      ep17 train_loss=0.6846 train_acc=0.905 | val_loss=1.0787 val_acc=0.400
      ep18 train_loss=0.7507 train_acc=0.905 | val_loss=1.0915 val_acc=0.400
      ep19 train_loss=0.6833 train_acc=0.925 | val_loss=1.0295 val_acc=0.400
      ep20 train_loss=0.7041 train_acc=0.925 | val_loss=1.1898 val_acc=0.400
      ep21 train_loss=0.6698 train_acc=0.946 | val_loss=1.2513 val_acc=0.400
      ep22 train_loss=0.6664 train_acc=0.954 | val_loss=1.2394 val_acc=0.400
      ep23 train_loss=0.7126 train_acc=0.921 | val_loss=1.3180 val_acc=0.600
      ep24 train_loss=0.6838 train_acc=0.929 | val_loss=1.2445 val_acc=0.400
    fold acc=0.600 time=235.1s | running pooled acc=0.500

--- Fold 7/26 | test sub07 (9 test, 237 train) ---
      ep00 train_loss=1.6473 train_acc=0.304 | val_loss=2.1000 val_acc=0.000
      ep01 train_loss=1.5200 train_acc=0.397 | val_loss=1.5213 val_acc=0.222
      ep02 train_loss=1.2451 train_acc=0.549 | val_loss=1.4410 val_acc=0.111
      ep03 train_loss=1.2660 train_acc=0.553 | val_loss=2.0545 val_acc=0.000
      ep04 train_loss=1.1505 train_acc=0.620 | val_loss=1.1906 val_acc=0.444
      ep05 train_loss=1.0555 train_acc=0.671 | val_loss=1.5072 val_acc=0.111
      ep06 train_loss=0.9153 train_acc=0.722 | val_loss=1.3713 val_acc=0.222
      ep07 train_loss=0.9516 train_acc=0.734 | val_loss=1.2729 val_acc=0.333
      ep08 train_loss=0.9542 train_acc=0.738 | val_loss=1.1091 val_acc=0.556
      ep09 train_loss=0.9251 train_acc=0.755 | val_loss=1.4428 val_acc=0.222
      ep10 train_loss=0.8473 train_acc=0.793 | val_loss=1.4913 val_acc=0.333
      ep11 train_loss=0.7610 train_acc=0.848 | val_loss=1.3581 val_acc=0.333
      ep12 train_loss=0.7812 train_acc=0.840 | val_loss=1.3964 val_acc=0.333
      ep13 train_loss=0.7216 train_acc=0.869 | val_loss=1.4653 val_acc=0.222
      ep14 train_loss=0.7483 train_acc=0.865 | val_loss=1.4955 val_acc=0.333
      ep15 train_loss=0.7479 train_acc=0.903 | val_loss=1.4747 val_acc=0.333
      ep16 train_loss=0.7794 train_acc=0.873 | val_loss=1.2167 val_acc=0.333
      ep17 train_loss=0.7200 train_acc=0.916 | val_loss=1.2622 val_acc=0.444
      ep18 train_loss=0.7253 train_acc=0.920 | val_loss=1.3564 val_acc=0.333
      ep19 train_loss=0.6678 train_acc=0.928 | val_loss=1.3257 val_acc=0.333
      ep20 train_loss=0.6885 train_acc=0.928 | val_loss=1.3439 val_acc=0.333
      ep21 train_loss=0.7153 train_acc=0.907 | val_loss=1.4904 val_acc=0.333
      ep22 train_loss=0.6437 train_acc=0.945 | val_loss=1.3337 val_acc=0.333
      ep23 train_loss=0.6546 train_acc=0.932 | val_loss=1.2075 val_acc=0.333
      ep24 train_loss=0.6696 train_acc=0.941 | val_loss=1.4653 val_acc=0.333
    fold acc=0.444 time=234.4s | running pooled acc=0.493

--- Fold 8/26 | test sub08 (3 test, 243 train) ---
      ep00 train_loss=1.7181 train_acc=0.267 | val_loss=2.9462 val_acc=0.000
      ep01 train_loss=1.4562 train_acc=0.379 | val_loss=2.3373 val_acc=0.000
      ep02 train_loss=1.2600 train_acc=0.519 | val_loss=1.5710 val_acc=0.333
      ep03 train_loss=1.1646 train_acc=0.576 | val_loss=1.0085 val_acc=0.333
      ep04 train_loss=1.1297 train_acc=0.617 | val_loss=1.6216 val_acc=0.333
      ep05 train_loss=1.0819 train_acc=0.634 | val_loss=2.1594 val_acc=0.333
      ep06 train_loss=0.9205 train_acc=0.782 | val_loss=1.2532 val_acc=0.667
      ep07 train_loss=0.8672 train_acc=0.753 | val_loss=2.3737 val_acc=0.000
      ep08 train_loss=0.9813 train_acc=0.695 | val_loss=1.3990 val_acc=0.333
      ep09 train_loss=0.8675 train_acc=0.794 | val_loss=2.3781 val_acc=0.000
      ep10 train_loss=0.8943 train_acc=0.765 | val_loss=2.9571 val_acc=0.000
      ep11 train_loss=0.7892 train_acc=0.831 | val_loss=2.1409 val_acc=0.333
      ep12 train_loss=0.7644 train_acc=0.868 | val_loss=2.2593 val_acc=0.333
      ep13 train_loss=0.7917 train_acc=0.864 | val_loss=1.9612 val_acc=0.000
      ep14 train_loss=0.7376 train_acc=0.901 | val_loss=1.9242 val_acc=0.333
      ep15 train_loss=0.7234 train_acc=0.897 | val_loss=2.1467 val_acc=0.333
      ep16 train_loss=0.7147 train_acc=0.905 | val_loss=1.6775 val_acc=0.333
      ep17 train_loss=0.7280 train_acc=0.885 | val_loss=1.5779 val_acc=0.333
      ep18 train_loss=0.6723 train_acc=0.947 | val_loss=2.0135 val_acc=0.333
      ep19 train_loss=0.6812 train_acc=0.934 | val_loss=1.7790 val_acc=0.333
      ep20 train_loss=0.7291 train_acc=0.918 | val_loss=1.5613 val_acc=0.333
      ep21 train_loss=0.6931 train_acc=0.901 | val_loss=2.0939 val_acc=0.333
      ep22 train_loss=0.6577 train_acc=0.947 | val_loss=2.0804 val_acc=0.333
      ep23 train_loss=0.6785 train_acc=0.926 | val_loss=1.9012 val_acc=0.333
      ep24 train_loss=0.7131 train_acc=0.934 | val_loss=2.1286 val_acc=0.333
    fold acc=0.333 time=235.5s | running pooled acc=0.486

--- Fold 9/26 | test sub09 (13 test, 233 train) ---
      ep00 train_loss=1.7626 train_acc=0.292 | val_loss=3.3412 val_acc=0.000
      ep01 train_loss=1.4927 train_acc=0.429 | val_loss=1.5538 val_acc=0.385
      ep02 train_loss=1.3877 train_acc=0.421 | val_loss=1.0072 val_acc=0.462
      ep03 train_loss=1.2509 train_acc=0.532 | val_loss=0.9534 val_acc=0.692
      ep04 train_loss=1.1863 train_acc=0.562 | val_loss=0.6224 val_acc=0.769
      ep05 train_loss=1.0977 train_acc=0.639 | val_loss=0.8917 val_acc=0.846
      ep06 train_loss=1.0800 train_acc=0.661 | val_loss=0.8068 val_acc=0.769
      ep07 train_loss=1.0319 train_acc=0.695 | val_loss=1.0971 val_acc=0.385
      ep08 train_loss=0.9303 train_acc=0.755 | val_loss=0.7359 val_acc=0.692
      ep09 train_loss=0.8565 train_acc=0.803 | val_loss=0.7551 val_acc=0.692
      ep10 train_loss=0.8600 train_acc=0.803 | val_loss=1.2889 val_acc=0.462
      ep11 train_loss=0.9586 train_acc=0.781 | val_loss=0.8971 val_acc=0.692
      ep12 train_loss=0.8498 train_acc=0.811 | val_loss=0.8136 val_acc=0.769
      ep13 train_loss=0.8649 train_acc=0.854 | val_loss=0.6435 val_acc=0.769
      ep14 train_loss=0.7579 train_acc=0.893 | val_loss=0.8577 val_acc=0.769
      ep15 train_loss=0.7788 train_acc=0.871 | val_loss=0.9284 val_acc=0.615
      ep16 train_loss=0.7300 train_acc=0.893 | val_loss=0.8361 val_acc=0.692
      ep17 train_loss=0.7179 train_acc=0.897 | val_loss=0.8319 val_acc=0.769
      ep18 train_loss=0.7494 train_acc=0.923 | val_loss=0.8802 val_acc=0.769
      ep19 train_loss=0.6994 train_acc=0.931 | val_loss=0.8306 val_acc=0.769
      ep20 train_loss=0.7417 train_acc=0.927 | val_loss=0.8472 val_acc=0.692
      ep21 train_loss=0.7144 train_acc=0.957 | val_loss=0.8271 val_acc=0.769
      ep22 train_loss=0.7430 train_acc=0.923 | val_loss=0.8514 val_acc=0.769
      ep23 train_loss=0.6767 train_acc=0.936 | val_loss=0.8626 val_acc=0.692
      ep24 train_loss=0.7130 train_acc=0.936 | val_loss=0.7836 val_acc=0.769
    fold acc=0.769 time=235.3s | running pooled acc=0.530

--- Fold 10/26 | test sub10 (13 test, 233 train) ---
      ep00 train_loss=1.7131 train_acc=0.270 | val_loss=2.5415 val_acc=0.000
      ep01 train_loss=1.4800 train_acc=0.455 | val_loss=2.1346 val_acc=0.000
      ep02 train_loss=1.3358 train_acc=0.433 | val_loss=2.1582 val_acc=0.154
      ep03 train_loss=1.1744 train_acc=0.575 | val_loss=1.3922 val_acc=0.385
      ep04 train_loss=1.1652 train_acc=0.571 | val_loss=0.9874 val_acc=0.769
      ep05 train_loss=1.0912 train_acc=0.661 | val_loss=0.9163 val_acc=0.615
      ep06 train_loss=1.0077 train_acc=0.678 | val_loss=0.9475 val_acc=0.692
      ep07 train_loss=0.9453 train_acc=0.674 | val_loss=0.7213 val_acc=0.846
      ep08 train_loss=0.8982 train_acc=0.738 | val_loss=0.7731 val_acc=0.769
      ep09 train_loss=0.7995 train_acc=0.824 | val_loss=0.7592 val_acc=0.846
      ep10 train_loss=0.8522 train_acc=0.807 | val_loss=0.9537 val_acc=0.692
      ep11 train_loss=0.8985 train_acc=0.785 | val_loss=0.7224 val_acc=0.846
      ep12 train_loss=0.7865 train_acc=0.837 | val_loss=0.7716 val_acc=0.769
      ep13 train_loss=0.7963 train_acc=0.854 | val_loss=0.3020 val_acc=0.923
      ep14 train_loss=0.7262 train_acc=0.901 | val_loss=0.4544 val_acc=0.923
      ep15 train_loss=0.7028 train_acc=0.897 | val_loss=0.5602 val_acc=0.923
      ep16 train_loss=0.6633 train_acc=0.918 | val_loss=0.4594 val_acc=0.923
      ep17 train_loss=0.6540 train_acc=0.923 | val_loss=0.5676 val_acc=0.846
      ep18 train_loss=0.7074 train_acc=0.910 | val_loss=0.6349 val_acc=0.769
      ep19 train_loss=0.6367 train_acc=0.931 | val_loss=0.5926 val_acc=0.846
      ep20 train_loss=0.7126 train_acc=0.918 | val_loss=0.4002 val_acc=0.923
      ep21 train_loss=0.6544 train_acc=0.966 | val_loss=0.4308 val_acc=0.923
      ep22 train_loss=0.6838 train_acc=0.936 | val_loss=0.4406 val_acc=0.923
      ep23 train_loss=0.6211 train_acc=0.961 | val_loss=0.4174 val_acc=0.923
      ep24 train_loss=0.6425 train_acc=0.948 | val_loss=0.4860 val_acc=0.923
    fold acc=0.923 time=233.4s | running pooled acc=0.583

--- Fold 11/26 | test sub11 (10 test, 236 train) ---
      ep00 train_loss=1.7149 train_acc=0.242 | val_loss=1.4936 val_acc=0.200
      ep01 train_loss=1.4814 train_acc=0.373 | val_loss=1.3483 val_acc=0.300
      ep02 train_loss=1.2639 train_acc=0.555 | val_loss=1.0275 val_acc=0.500
      ep03 train_loss=1.1878 train_acc=0.572 | val_loss=1.2705 val_acc=0.500
      ep04 train_loss=1.1481 train_acc=0.606 | val_loss=1.0495 val_acc=0.600
      ep05 train_loss=1.0055 train_acc=0.695 | val_loss=0.8562 val_acc=0.800
      ep06 train_loss=0.9591 train_acc=0.716 | val_loss=0.7968 val_acc=0.600
      ep07 train_loss=0.9445 train_acc=0.729 | val_loss=0.9628 val_acc=0.600
      ep08 train_loss=0.9317 train_acc=0.737 | val_loss=0.9490 val_acc=0.400
      ep09 train_loss=0.8850 train_acc=0.775 | val_loss=1.1529 val_acc=0.400
      ep10 train_loss=0.9032 train_acc=0.763 | val_loss=0.9018 val_acc=0.600
      ep11 train_loss=0.7980 train_acc=0.835 | val_loss=0.8464 val_acc=0.600
      ep12 train_loss=0.8205 train_acc=0.822 | val_loss=1.0035 val_acc=0.400
      ep13 train_loss=0.7417 train_acc=0.890 | val_loss=0.7026 val_acc=0.800
      ep14 train_loss=0.7393 train_acc=0.864 | val_loss=0.8159 val_acc=0.800
      ep15 train_loss=0.7390 train_acc=0.890 | val_loss=1.1160 val_acc=0.600
      ep16 train_loss=0.7009 train_acc=0.907 | val_loss=0.8838 val_acc=0.700
      ep17 train_loss=0.6998 train_acc=0.903 | val_loss=1.0617 val_acc=0.700
      ep18 train_loss=0.7114 train_acc=0.894 | val_loss=1.2189 val_acc=0.600
      ep19 train_loss=0.6978 train_acc=0.924 | val_loss=1.0666 val_acc=0.700
      ep20 train_loss=0.6913 train_acc=0.949 | val_loss=1.0295 val_acc=0.500
      ep21 train_loss=0.6608 train_acc=0.915 | val_loss=0.9145 val_acc=0.600
      ep22 train_loss=0.7377 train_acc=0.886 | val_loss=0.9093 val_acc=0.600
      ep23 train_loss=0.6424 train_acc=0.936 | val_loss=1.0107 val_acc=0.600
      ep24 train_loss=0.6444 train_acc=0.949 | val_loss=1.0056 val_acc=0.700
    fold acc=0.700 time=233.4s | running pooled acc=0.594

--- Fold 12/26 | test sub12 (12 test, 234 train) ---
      ep00 train_loss=1.7379 train_acc=0.316 | val_loss=1.4498 val_acc=0.333
      ep01 train_loss=1.5055 train_acc=0.453 | val_loss=1.0892 val_acc=0.667
      ep02 train_loss=1.3803 train_acc=0.479 | val_loss=0.9381 val_acc=0.583
      ep03 train_loss=1.2878 train_acc=0.581 | val_loss=0.5848 val_acc=0.833
      ep04 train_loss=1.1918 train_acc=0.577 | val_loss=0.5430 val_acc=0.833
      ep05 train_loss=1.1687 train_acc=0.598 | val_loss=0.9953 val_acc=0.500
      ep06 train_loss=1.0706 train_acc=0.650 | val_loss=0.6792 val_acc=0.667
      ep07 train_loss=1.0058 train_acc=0.679 | val_loss=0.7895 val_acc=0.667
      ep08 train_loss=0.9267 train_acc=0.782 | val_loss=0.9964 val_acc=0.500
      ep09 train_loss=0.9349 train_acc=0.769 | val_loss=0.5971 val_acc=0.750
      ep10 train_loss=0.9345 train_acc=0.756 | val_loss=0.8321 val_acc=0.667
      ep11 train_loss=0.8413 train_acc=0.799 | val_loss=0.8801 val_acc=0.500
      ep12 train_loss=0.8210 train_acc=0.808 | val_loss=0.8049 val_acc=0.583
      ep13 train_loss=0.8419 train_acc=0.803 | val_loss=0.8053 val_acc=0.583
      ep14 train_loss=0.7904 train_acc=0.846 | val_loss=0.5042 val_acc=0.750
      ep15 train_loss=0.7782 train_acc=0.876 | val_loss=0.6388 val_acc=0.750
      ep16 train_loss=0.8175 train_acc=0.855 | val_loss=0.4962 val_acc=0.750
      ep17 train_loss=0.7604 train_acc=0.876 | val_loss=0.5206 val_acc=0.750
      ep18 train_loss=0.7114 train_acc=0.915 | val_loss=0.4753 val_acc=0.833
      ep19 train_loss=0.7319 train_acc=0.932 | val_loss=0.5343 val_acc=0.750
      ep20 train_loss=0.6990 train_acc=0.897 | val_loss=0.5228 val_acc=0.750
      ep21 train_loss=0.7132 train_acc=0.919 | val_loss=0.5089 val_acc=0.750
      ep22 train_loss=0.7132 train_acc=0.897 | val_loss=0.5442 val_acc=0.750
      ep23 train_loss=0.7153 train_acc=0.915 | val_loss=0.6353 val_acc=0.750
      ep24 train_loss=0.7052 train_acc=0.906 | val_loss=0.6170 val_acc=0.750
    fold acc=0.667 time=234.2s | running pooled acc=0.602

--- Fold 13/26 | test sub13 (8 test, 238 train) ---
      ep00 train_loss=1.7148 train_acc=0.273 | val_loss=1.8569 val_acc=0.000
      ep01 train_loss=1.4732 train_acc=0.416 | val_loss=1.4752 val_acc=0.375
      ep02 train_loss=1.2753 train_acc=0.500 | val_loss=2.0443 val_acc=0.250
      ep03 train_loss=1.1388 train_acc=0.580 | val_loss=1.0719 val_acc=0.500
      ep04 train_loss=1.1263 train_acc=0.618 | val_loss=1.8054 val_acc=0.250
      ep05 train_loss=1.0388 train_acc=0.681 | val_loss=0.6596 val_acc=0.750
      ep06 train_loss=1.0608 train_acc=0.672 | val_loss=1.1567 val_acc=0.500
      ep07 train_loss=0.9832 train_acc=0.723 | val_loss=0.8343 val_acc=0.625
      ep08 train_loss=0.9410 train_acc=0.718 | val_loss=1.0965 val_acc=0.500
      ep09 train_loss=0.9392 train_acc=0.752 | val_loss=0.8744 val_acc=0.500
      ep10 train_loss=0.7847 train_acc=0.849 | val_loss=1.3420 val_acc=0.625
      ep11 train_loss=0.8180 train_acc=0.824 | val_loss=0.7261 val_acc=0.750
      ep12 train_loss=0.7250 train_acc=0.895 | val_loss=0.8768 val_acc=0.625
      ep13 train_loss=0.7821 train_acc=0.857 | val_loss=1.2552 val_acc=0.500
      ep14 train_loss=0.7371 train_acc=0.899 | val_loss=1.0305 val_acc=0.500
      ep15 train_loss=0.7395 train_acc=0.887 | val_loss=1.2495 val_acc=0.500
      ep16 train_loss=0.6807 train_acc=0.933 | val_loss=0.9956 val_acc=0.625
      ep17 train_loss=0.7486 train_acc=0.891 | val_loss=1.0458 val_acc=0.625
      ep18 train_loss=0.6973 train_acc=0.908 | val_loss=0.9758 val_acc=0.625
      ep19 train_loss=0.6703 train_acc=0.920 | val_loss=1.1868 val_acc=0.625
      ep20 train_loss=0.6947 train_acc=0.908 | val_loss=1.0517 val_acc=0.625
      ep21 train_loss=0.7093 train_acc=0.920 | val_loss=0.9519 val_acc=0.750
      ep22 train_loss=0.6542 train_acc=0.954 | val_loss=1.1954 val_acc=0.625
      ep23 train_loss=0.6844 train_acc=0.916 | val_loss=1.1095 val_acc=0.750
      ep24 train_loss=0.6652 train_acc=0.937 | val_loss=1.1631 val_acc=0.625
    fold acc=0.625 time=234.0s | running pooled acc=0.603

--- Fold 14/26 | test sub14 (4 test, 242 train) ---
      ep00 train_loss=1.6855 train_acc=0.318 | val_loss=2.4006 val_acc=0.000
      ep01 train_loss=1.4485 train_acc=0.442 | val_loss=1.8149 val_acc=0.000
      ep02 train_loss=1.3427 train_acc=0.500 | val_loss=1.3241 val_acc=0.500
      ep03 train_loss=1.1107 train_acc=0.620 | val_loss=1.5779 val_acc=0.500
      ep04 train_loss=1.1839 train_acc=0.558 | val_loss=1.3026 val_acc=0.500
      ep05 train_loss=1.0686 train_acc=0.653 | val_loss=1.7189 val_acc=0.500
      ep06 train_loss=0.9950 train_acc=0.760 | val_loss=1.0235 val_acc=0.750
      ep07 train_loss=1.0041 train_acc=0.719 | val_loss=1.3228 val_acc=0.500
      ep08 train_loss=0.8941 train_acc=0.764 | val_loss=1.9997 val_acc=0.500
      ep09 train_loss=0.9571 train_acc=0.740 | val_loss=2.1553 val_acc=0.250
      ep10 train_loss=0.8516 train_acc=0.826 | val_loss=1.3538 val_acc=0.500
      ep11 train_loss=0.8338 train_acc=0.764 | val_loss=1.4716 val_acc=0.500
      ep12 train_loss=0.9146 train_acc=0.769 | val_loss=1.4639 val_acc=0.250
      ep13 train_loss=0.8412 train_acc=0.814 | val_loss=1.5887 val_acc=0.250
      ep14 train_loss=0.7618 train_acc=0.851 | val_loss=1.4005 val_acc=0.250
      ep15 train_loss=0.7606 train_acc=0.893 | val_loss=1.5520 val_acc=0.250
      ep16 train_loss=0.7467 train_acc=0.880 | val_loss=1.3593 val_acc=0.250
      ep17 train_loss=0.7543 train_acc=0.864 | val_loss=1.4227 val_acc=0.250
      ep18 train_loss=0.6901 train_acc=0.901 | val_loss=1.5662 val_acc=0.250
      ep19 train_loss=0.7082 train_acc=0.901 | val_loss=1.6083 val_acc=0.500
      ep20 train_loss=0.7020 train_acc=0.938 | val_loss=1.5546 val_acc=0.250
      ep21 train_loss=0.7078 train_acc=0.905 | val_loss=1.4779 val_acc=0.500
      ep22 train_loss=0.6834 train_acc=0.942 | val_loss=1.3112 val_acc=0.250
      ep23 train_loss=0.6784 train_acc=0.926 | val_loss=1.4534 val_acc=0.250
      ep24 train_loss=0.6685 train_acc=0.934 | val_loss=1.3236 val_acc=0.250
    fold acc=0.250 time=234.4s | running pooled acc=0.592

--- Fold 15/26 | test sub15 (3 test, 243 train) ---
      ep00 train_loss=1.7118 train_acc=0.284 | val_loss=1.9430 val_acc=0.333
      ep01 train_loss=1.4532 train_acc=0.391 | val_loss=1.1289 val_acc=0.333
      ep02 train_loss=1.2556 train_acc=0.510 | val_loss=0.7839 val_acc=1.000
      ep03 train_loss=1.2091 train_acc=0.519 | val_loss=1.4383 val_acc=0.333
      ep04 train_loss=1.1738 train_acc=0.601 | val_loss=0.5316 val_acc=1.000
      ep05 train_loss=1.0796 train_acc=0.642 | val_loss=0.6220 val_acc=0.667
      ep06 train_loss=0.9583 train_acc=0.745 | val_loss=1.1657 val_acc=0.667
      ep07 train_loss=0.9635 train_acc=0.700 | val_loss=1.2364 val_acc=0.333
      ep08 train_loss=1.0363 train_acc=0.741 | val_loss=0.6149 val_acc=0.667
      ep09 train_loss=0.9175 train_acc=0.782 | val_loss=0.3853 val_acc=1.000
      ep10 train_loss=0.9233 train_acc=0.741 | val_loss=0.7944 val_acc=0.667
      ep11 train_loss=0.8192 train_acc=0.840 | val_loss=0.6794 val_acc=0.667
      ep12 train_loss=0.7688 train_acc=0.860 | val_loss=0.6277 val_acc=0.667
      ep13 train_loss=0.7924 train_acc=0.864 | val_loss=0.6343 val_acc=1.000
      ep14 train_loss=0.7639 train_acc=0.864 | val_loss=0.6673 val_acc=0.667
      ep15 train_loss=0.7262 train_acc=0.889 | val_loss=0.6354 val_acc=0.667
      ep16 train_loss=0.6980 train_acc=0.914 | val_loss=0.8404 val_acc=0.667
      ep17 train_loss=0.7122 train_acc=0.897 | val_loss=0.8750 val_acc=0.667
      ep18 train_loss=0.6932 train_acc=0.926 | val_loss=1.0663 val_acc=0.667
      ep19 train_loss=0.6831 train_acc=0.947 | val_loss=0.8411 val_acc=0.667
      ep20 train_loss=0.6982 train_acc=0.934 | val_loss=1.0057 val_acc=0.333
      ep21 train_loss=0.7027 train_acc=0.897 | val_loss=0.8060 val_acc=0.667
      ep22 train_loss=0.6681 train_acc=0.942 | val_loss=0.8615 val_acc=0.667
      ep23 train_loss=0.6514 train_acc=0.942 | val_loss=0.8401 val_acc=0.667
      ep24 train_loss=0.6977 train_acc=0.938 | val_loss=0.8388 val_acc=0.667
    fold acc=0.333 time=233.3s | running pooled acc=0.586

--- Fold 16/26 | test sub16 (4 test, 242 train) ---
      ep00 train_loss=1.7305 train_acc=0.298 | val_loss=2.0652 val_acc=0.000
      ep01 train_loss=1.4688 train_acc=0.413 | val_loss=1.7173 val_acc=0.250
      ep02 train_loss=1.3204 train_acc=0.521 | val_loss=1.4031 val_acc=0.500
      ep03 train_loss=1.1441 train_acc=0.562 | val_loss=1.1062 val_acc=0.750
      ep04 train_loss=1.1893 train_acc=0.603 | val_loss=1.6158 val_acc=0.500
      ep05 train_loss=1.1339 train_acc=0.616 | val_loss=1.0397 val_acc=0.500
      ep06 train_loss=0.9862 train_acc=0.744 | val_loss=1.2905 val_acc=0.500
      ep07 train_loss=1.0084 train_acc=0.694 | val_loss=1.0104 val_acc=0.500
      ep08 train_loss=0.8899 train_acc=0.719 | val_loss=1.3091 val_acc=0.500
      ep09 train_loss=0.9037 train_acc=0.781 | val_loss=1.7046 val_acc=0.500
      ep10 train_loss=0.8399 train_acc=0.839 | val_loss=1.1750 val_acc=0.750
      ep11 train_loss=0.7827 train_acc=0.843 | val_loss=1.6288 val_acc=0.500
      ep12 train_loss=0.8830 train_acc=0.769 | val_loss=1.4194 val_acc=0.500
      ep13 train_loss=0.8266 train_acc=0.798 | val_loss=1.3321 val_acc=0.500
      ep14 train_loss=0.7469 train_acc=0.851 | val_loss=1.2980 val_acc=0.500
      ep15 train_loss=0.7317 train_acc=0.909 | val_loss=1.2673 val_acc=0.500
      ep16 train_loss=0.7202 train_acc=0.897 | val_loss=1.4059 val_acc=0.500
      ep17 train_loss=0.7476 train_acc=0.880 | val_loss=1.4192 val_acc=0.500
      ep18 train_loss=0.6851 train_acc=0.921 | val_loss=1.4740 val_acc=0.500
      ep19 train_loss=0.7029 train_acc=0.921 | val_loss=1.5056 val_acc=0.500
      ep20 train_loss=0.7117 train_acc=0.934 | val_loss=1.4275 val_acc=0.500
      ep21 train_loss=0.7214 train_acc=0.884 | val_loss=1.3730 val_acc=0.500
      ep22 train_loss=0.6769 train_acc=0.930 | val_loss=1.3904 val_acc=0.500
      ep23 train_loss=0.6825 train_acc=0.926 | val_loss=1.3943 val_acc=0.500
      ep24 train_loss=0.6697 train_acc=0.955 | val_loss=1.3366 val_acc=0.500
    fold acc=0.500 time=234.9s | running pooled acc=0.584

--- Fold 17/26 | test sub17 (34 test, 212 train) ---
      ep00 train_loss=1.7065 train_acc=0.297 | val_loss=1.8577 val_acc=0.235
      ep01 train_loss=1.5685 train_acc=0.401 | val_loss=1.4466 val_acc=0.324
      ep02 train_loss=1.3820 train_acc=0.453 | val_loss=1.0257 val_acc=0.765
      ep03 train_loss=1.2892 train_acc=0.491 | val_loss=1.3176 val_acc=0.412
      ep04 train_loss=1.2047 train_acc=0.599 | val_loss=1.3745 val_acc=0.324
      ep05 train_loss=1.1045 train_acc=0.665 | val_loss=1.0677 val_acc=0.529
      ep06 train_loss=1.0816 train_acc=0.689 | val_loss=1.0661 val_acc=0.500
      ep07 train_loss=1.0504 train_acc=0.712 | val_loss=1.1047 val_acc=0.471
      ep08 train_loss=0.8893 train_acc=0.750 | val_loss=1.3624 val_acc=0.412
      ep09 train_loss=0.9345 train_acc=0.778 | val_loss=1.2885 val_acc=0.353
      ep10 train_loss=0.8998 train_acc=0.764 | val_loss=1.1499 val_acc=0.500
      ep11 train_loss=0.9040 train_acc=0.792 | val_loss=1.3111 val_acc=0.353
      ep12 train_loss=0.8569 train_acc=0.854 | val_loss=1.0711 val_acc=0.500
      ep13 train_loss=0.8267 train_acc=0.863 | val_loss=1.2577 val_acc=0.500
      ep14 train_loss=0.8223 train_acc=0.873 | val_loss=0.9961 val_acc=0.559
      ep15 train_loss=0.8317 train_acc=0.873 | val_loss=1.2234 val_acc=0.412
      ep16 train_loss=0.8045 train_acc=0.863 | val_loss=0.9507 val_acc=0.559
      ep17 train_loss=0.7995 train_acc=0.882 | val_loss=0.9556 val_acc=0.588
      ep18 train_loss=0.7710 train_acc=0.892 | val_loss=1.2890 val_acc=0.353
      ep19 train_loss=0.8012 train_acc=0.854 | val_loss=1.0136 val_acc=0.559
      ep20 train_loss=0.7633 train_acc=0.892 | val_loss=1.0760 val_acc=0.529
      ep21 train_loss=0.7125 train_acc=0.934 | val_loss=1.0820 val_acc=0.529
      ep22 train_loss=0.7002 train_acc=0.934 | val_loss=1.0481 val_acc=0.588
      ep23 train_loss=0.7634 train_acc=0.877 | val_loss=1.0473 val_acc=0.588
      ep24 train_loss=0.7254 train_acc=0.877 | val_loss=1.0800 val_acc=0.559
    fold acc=0.529 time=232.8s | running pooled acc=0.573

--- Fold 18/26 | test sub18 (3 test, 243 train) ---
      ep00 train_loss=1.6808 train_acc=0.292 | val_loss=1.5227 val_acc=0.000
      ep01 train_loss=1.4097 train_acc=0.403 | val_loss=1.1341 val_acc=0.333
      ep02 train_loss=1.1968 train_acc=0.572 | val_loss=1.3315 val_acc=0.333
      ep03 train_loss=1.1542 train_acc=0.597 | val_loss=0.9992 val_acc=0.333
      ep04 train_loss=1.1340 train_acc=0.626 | val_loss=1.8276 val_acc=0.333
      ep05 train_loss=1.1103 train_acc=0.642 | val_loss=1.6231 val_acc=0.333
      ep06 train_loss=0.9496 train_acc=0.753 | val_loss=0.9461 val_acc=0.667
      ep07 train_loss=0.8486 train_acc=0.778 | val_loss=1.2795 val_acc=0.667
      ep08 train_loss=0.9774 train_acc=0.790 | val_loss=0.6444 val_acc=1.000
      ep09 train_loss=0.8944 train_acc=0.798 | val_loss=2.3722 val_acc=0.000
      ep10 train_loss=0.8209 train_acc=0.819 | val_loss=2.3152 val_acc=0.000
      ep11 train_loss=0.8137 train_acc=0.811 | val_loss=0.9203 val_acc=0.667
      ep12 train_loss=0.7501 train_acc=0.893 | val_loss=1.5414 val_acc=0.333
      ep13 train_loss=0.7859 train_acc=0.848 | val_loss=1.7524 val_acc=0.000
      ep14 train_loss=0.7265 train_acc=0.893 | val_loss=1.4835 val_acc=0.333
      ep15 train_loss=0.7136 train_acc=0.864 | val_loss=1.3353 val_acc=0.333
      ep16 train_loss=0.6652 train_acc=0.926 | val_loss=1.3615 val_acc=0.333
      ep17 train_loss=0.6646 train_acc=0.914 | val_loss=1.4388 val_acc=0.333
      ep18 train_loss=0.6548 train_acc=0.942 | val_loss=1.1947 val_acc=0.333
      ep19 train_loss=0.6471 train_acc=0.951 | val_loss=1.4777 val_acc=0.333
      ep20 train_loss=0.6566 train_acc=0.947 | val_loss=1.1456 val_acc=0.333
      ep21 train_loss=0.6629 train_acc=0.938 | val_loss=1.5378 val_acc=0.333
      ep22 train_loss=0.6521 train_acc=0.955 | val_loss=1.3195 val_acc=0.333
      ep23 train_loss=0.6571 train_acc=0.938 | val_loss=1.3901 val_acc=0.333
      ep24 train_loss=0.6928 train_acc=0.934 | val_loss=1.6168 val_acc=0.333
    fold acc=0.333 time=233.7s | running pooled acc=0.569

--- Fold 19/26 | test sub19 (15 test, 231 train) ---
      ep00 train_loss=1.7112 train_acc=0.299 | val_loss=1.5183 val_acc=0.333
      ep01 train_loss=1.5469 train_acc=0.364 | val_loss=1.3034 val_acc=0.333
      ep02 train_loss=1.3460 train_acc=0.528 | val_loss=1.4208 val_acc=0.600
      ep03 train_loss=1.2377 train_acc=0.545 | val_loss=1.2427 val_acc=0.533
      ep04 train_loss=1.1730 train_acc=0.623 | val_loss=1.2457 val_acc=0.400
      ep05 train_loss=1.0723 train_acc=0.693 | val_loss=1.3281 val_acc=0.333
      ep06 train_loss=1.0008 train_acc=0.719 | val_loss=1.1203 val_acc=0.533
      ep07 train_loss=1.0426 train_acc=0.693 | val_loss=1.0401 val_acc=0.600
      ep08 train_loss=0.9468 train_acc=0.740 | val_loss=1.1375 val_acc=0.600
      ep09 train_loss=0.9395 train_acc=0.740 | val_loss=1.0796 val_acc=0.667
      ep10 train_loss=0.8825 train_acc=0.762 | val_loss=1.0608 val_acc=0.533
      ep11 train_loss=0.8592 train_acc=0.805 | val_loss=1.0885 val_acc=0.467
      ep12 train_loss=0.8506 train_acc=0.814 | val_loss=1.2271 val_acc=0.467
      ep13 train_loss=0.8322 train_acc=0.823 | val_loss=1.0655 val_acc=0.467
      ep14 train_loss=0.7956 train_acc=0.857 | val_loss=1.0839 val_acc=0.533
      ep15 train_loss=0.7674 train_acc=0.887 | val_loss=1.1489 val_acc=0.533
      ep16 train_loss=0.8022 train_acc=0.870 | val_loss=1.2358 val_acc=0.400
      ep17 train_loss=0.7452 train_acc=0.879 | val_loss=1.1997 val_acc=0.533
      ep18 train_loss=0.7132 train_acc=0.926 | val_loss=1.1287 val_acc=0.533
      ep19 train_loss=0.7362 train_acc=0.913 | val_loss=1.1346 val_acc=0.600
      ep20 train_loss=0.6776 train_acc=0.926 | val_loss=1.2064 val_acc=0.533
      ep21 train_loss=0.7383 train_acc=0.918 | val_loss=1.2331 val_acc=0.533
      ep22 train_loss=0.7175 train_acc=0.900 | val_loss=1.2585 val_acc=0.467
      ep23 train_loss=0.6923 train_acc=0.948 | val_loss=1.2923 val_acc=0.533
      ep24 train_loss=0.7142 train_acc=0.931 | val_loss=1.2221 val_acc=0.467
    fold acc=0.533 time=233.9s | running pooled acc=0.566

--- Fold 20/26 | test sub20 (11 test, 235 train) ---
      ep00 train_loss=1.7197 train_acc=0.230 | val_loss=2.3885 val_acc=0.000
      ep01 train_loss=1.4867 train_acc=0.362 | val_loss=1.4288 val_acc=0.182
      ep02 train_loss=1.2849 train_acc=0.481 | val_loss=1.7621 val_acc=0.000
      ep03 train_loss=1.1800 train_acc=0.570 | val_loss=1.3685 val_acc=0.364
      ep04 train_loss=1.1287 train_acc=0.613 | val_loss=2.2092 val_acc=0.091
      ep05 train_loss=1.0598 train_acc=0.694 | val_loss=1.3816 val_acc=0.545
      ep06 train_loss=1.0092 train_acc=0.672 | val_loss=1.3003 val_acc=0.545
      ep07 train_loss=0.9159 train_acc=0.762 | val_loss=1.9104 val_acc=0.182
      ep08 train_loss=0.9271 train_acc=0.736 | val_loss=1.8400 val_acc=0.182
      ep09 train_loss=0.8387 train_acc=0.783 | val_loss=1.5685 val_acc=0.455
      ep10 train_loss=0.8052 train_acc=0.834 | val_loss=1.4820 val_acc=0.273
      ep11 train_loss=0.8273 train_acc=0.838 | val_loss=2.0760 val_acc=0.091
      ep12 train_loss=0.7890 train_acc=0.838 | val_loss=1.4417 val_acc=0.455
      ep13 train_loss=0.8423 train_acc=0.791 | val_loss=1.6216 val_acc=0.455
      ep14 train_loss=0.7311 train_acc=0.902 | val_loss=1.5672 val_acc=0.273
      ep15 train_loss=0.7328 train_acc=0.877 | val_loss=1.4262 val_acc=0.455
      ep16 train_loss=0.7299 train_acc=0.872 | val_loss=1.2838 val_acc=0.455
      ep17 train_loss=0.7109 train_acc=0.906 | val_loss=1.2288 val_acc=0.455
      ep18 train_loss=0.6967 train_acc=0.923 | val_loss=1.2722 val_acc=0.545
      ep19 train_loss=0.6657 train_acc=0.919 | val_loss=1.0735 val_acc=0.455
      ep20 train_loss=0.6672 train_acc=0.919 | val_loss=1.3332 val_acc=0.545
      ep21 train_loss=0.6728 train_acc=0.911 | val_loss=1.2308 val_acc=0.545
      ep22 train_loss=0.6777 train_acc=0.919 | val_loss=1.2003 val_acc=0.455
      ep23 train_loss=0.6362 train_acc=0.923 | val_loss=1.3750 val_acc=0.455
      ep24 train_loss=0.6755 train_acc=0.936 | val_loss=1.4036 val_acc=0.455
    fold acc=0.545 time=234.4s | running pooled acc=0.565

--- Fold 21/26 | test sub21 (2 test, 244 train) ---
      ep00 train_loss=1.7679 train_acc=0.234 | val_loss=2.7454 val_acc=0.000
      ep01 train_loss=1.5377 train_acc=0.385 | val_loss=0.9104 val_acc=1.000
      ep02 train_loss=1.3336 train_acc=0.492 | val_loss=1.5476 val_acc=0.500
      ep03 train_loss=1.2649 train_acc=0.561 | val_loss=0.7405 val_acc=0.500
      ep04 train_loss=1.1627 train_acc=0.570 | val_loss=0.8824 val_acc=1.000
      ep05 train_loss=1.0694 train_acc=0.684 | val_loss=0.8391 val_acc=0.500
      ep06 train_loss=0.9753 train_acc=0.709 | val_loss=0.6379 val_acc=0.500
      ep07 train_loss=0.9726 train_acc=0.721 | val_loss=0.2990 val_acc=1.000
      ep08 train_loss=0.9447 train_acc=0.746 | val_loss=0.5417 val_acc=1.000
      ep09 train_loss=0.8492 train_acc=0.816 | val_loss=0.6144 val_acc=1.000
      ep10 train_loss=0.8463 train_acc=0.791 | val_loss=0.6859 val_acc=1.000
      ep11 train_loss=0.8073 train_acc=0.857 | val_loss=0.8485 val_acc=0.500
      ep12 train_loss=0.7796 train_acc=0.869 | val_loss=0.8523 val_acc=0.500
      ep13 train_loss=0.7570 train_acc=0.877 | val_loss=0.3312 val_acc=1.000
      ep14 train_loss=0.7534 train_acc=0.881 | val_loss=0.8418 val_acc=0.500
      ep15 train_loss=0.7634 train_acc=0.873 | val_loss=0.5908 val_acc=1.000
      ep16 train_loss=0.6887 train_acc=0.922 | val_loss=0.7005 val_acc=0.500
      ep17 train_loss=0.7251 train_acc=0.898 | val_loss=0.7306 val_acc=0.500
      ep18 train_loss=0.7349 train_acc=0.881 | val_loss=0.9071 val_acc=0.500
      ep19 train_loss=0.6646 train_acc=0.947 | val_loss=0.5925 val_acc=1.000
      ep20 train_loss=0.6756 train_acc=0.939 | val_loss=0.5385 val_acc=1.000
      ep21 train_loss=0.7263 train_acc=0.906 | val_loss=0.6837 val_acc=1.000
      ep22 train_loss=0.6986 train_acc=0.910 | val_loss=0.7389 val_acc=1.000
      ep23 train_loss=0.6718 train_acc=0.934 | val_loss=0.5328 val_acc=1.000
      ep24 train_loss=0.6552 train_acc=0.922 | val_loss=0.7745 val_acc=1.000
    fold acc=0.500 time=234.9s | running pooled acc=0.564

--- Fold 22/26 | test sub22 (2 test, 244 train) ---
      ep00 train_loss=1.7622 train_acc=0.250 | val_loss=2.7858 val_acc=0.000
      ep01 train_loss=1.5563 train_acc=0.365 | val_loss=1.2741 val_acc=0.000
      ep02 train_loss=1.3165 train_acc=0.537 | val_loss=0.8516 val_acc=0.500
      ep03 train_loss=1.2433 train_acc=0.541 | val_loss=1.2305 val_acc=0.000
      ep04 train_loss=1.1796 train_acc=0.607 | val_loss=0.9997 val_acc=0.000
      ep05 train_loss=1.1024 train_acc=0.652 | val_loss=0.6103 val_acc=1.000
      ep06 train_loss=0.9989 train_acc=0.676 | val_loss=0.1699 val_acc=1.000
      ep07 train_loss=0.9712 train_acc=0.713 | val_loss=0.0212 val_acc=1.000
      ep08 train_loss=0.9465 train_acc=0.734 | val_loss=1.6242 val_acc=0.000
      ep09 train_loss=0.8256 train_acc=0.861 | val_loss=0.6709 val_acc=1.000
      ep10 train_loss=0.8274 train_acc=0.816 | val_loss=0.1049 val_acc=1.000
      ep11 train_loss=0.8163 train_acc=0.873 | val_loss=1.6216 val_acc=0.000
      ep12 train_loss=0.7860 train_acc=0.848 | val_loss=2.3543 val_acc=0.000
      ep13 train_loss=0.7738 train_acc=0.865 | val_loss=0.0210 val_acc=1.000
      ep14 train_loss=0.7784 train_acc=0.873 | val_loss=0.9392 val_acc=0.500
      ep15 train_loss=0.7913 train_acc=0.869 | val_loss=0.1885 val_acc=1.000
      ep16 train_loss=0.6889 train_acc=0.943 | val_loss=0.2388 val_acc=1.000
      ep17 train_loss=0.7452 train_acc=0.881 | val_loss=0.3362 val_acc=1.000
      ep18 train_loss=0.7372 train_acc=0.869 | val_loss=0.2717 val_acc=1.000
      ep19 train_loss=0.6769 train_acc=0.906 | val_loss=0.1762 val_acc=1.000
      ep20 train_loss=0.6883 train_acc=0.910 | val_loss=0.2270 val_acc=1.000
      ep21 train_loss=0.7317 train_acc=0.893 | val_loss=0.2156 val_acc=1.000
      ep22 train_loss=0.7059 train_acc=0.926 | val_loss=0.2885 val_acc=1.000
      ep23 train_loss=0.6902 train_acc=0.918 | val_loss=0.2612 val_acc=1.000
      ep24 train_loss=0.6745 train_acc=0.934 | val_loss=0.2130 val_acc=1.000
    fold acc=1.000 time=234.1s | running pooled acc=0.569

--- Fold 23/26 | test sub23 (12 test, 234 train) ---
      ep00 train_loss=1.7272 train_acc=0.286 | val_loss=1.6992 val_acc=0.333
      ep01 train_loss=1.5372 train_acc=0.393 | val_loss=1.3106 val_acc=0.500
      ep02 train_loss=1.2798 train_acc=0.483 | val_loss=1.1068 val_acc=0.417
      ep03 train_loss=1.2304 train_acc=0.564 | val_loss=0.7508 val_acc=0.667
      ep04 train_loss=1.1224 train_acc=0.611 | val_loss=1.1688 val_acc=0.417
      ep05 train_loss=1.0255 train_acc=0.667 | val_loss=1.3586 val_acc=0.417
      ep06 train_loss=1.0004 train_acc=0.705 | val_loss=0.8343 val_acc=0.833
      ep07 train_loss=0.9999 train_acc=0.761 | val_loss=0.9372 val_acc=0.583
      ep08 train_loss=0.9495 train_acc=0.761 | val_loss=1.8547 val_acc=0.333
      ep09 train_loss=0.9139 train_acc=0.761 | val_loss=0.7962 val_acc=0.750
      ep10 train_loss=0.8360 train_acc=0.859 | val_loss=0.9370 val_acc=0.667
      ep11 train_loss=0.8200 train_acc=0.821 | val_loss=0.8500 val_acc=0.667
      ep12 train_loss=0.8007 train_acc=0.842 | val_loss=0.7520 val_acc=0.667
      ep13 train_loss=0.7542 train_acc=0.889 | val_loss=0.9490 val_acc=0.750
      ep14 train_loss=0.7592 train_acc=0.872 | val_loss=1.1548 val_acc=0.583
      ep15 train_loss=0.7368 train_acc=0.885 | val_loss=0.9553 val_acc=0.667
      ep16 train_loss=0.7546 train_acc=0.872 | val_loss=1.0282 val_acc=0.667
      ep17 train_loss=0.7200 train_acc=0.902 | val_loss=0.9217 val_acc=0.667
      ep18 train_loss=0.6888 train_acc=0.923 | val_loss=0.9328 val_acc=0.667
      ep19 train_loss=0.6879 train_acc=0.936 | val_loss=0.8630 val_acc=0.667
      ep20 train_loss=0.6819 train_acc=0.949 | val_loss=0.9149 val_acc=0.667
      ep21 train_loss=0.7005 train_acc=0.915 | val_loss=0.8128 val_acc=0.667
      ep22 train_loss=0.7099 train_acc=0.940 | val_loss=0.8672 val_acc=0.667
      ep23 train_loss=0.6516 train_acc=0.944 | val_loss=0.9165 val_acc=0.667
      ep24 train_loss=0.6516 train_acc=0.949 | val_loss=0.9251 val_acc=0.667
    fold acc=0.667 time=233.8s | running pooled acc=0.574

--- Fold 24/26 | test sub24 (7 test, 239 train) ---
      ep00 train_loss=1.6828 train_acc=0.289 | val_loss=1.3730 val_acc=0.143
      ep01 train_loss=1.4675 train_acc=0.410 | val_loss=1.7858 val_acc=0.286
      ep02 train_loss=1.2738 train_acc=0.506 | val_loss=1.3150 val_acc=0.286
      ep03 train_loss=1.2334 train_acc=0.556 | val_loss=1.0055 val_acc=0.714
      ep04 train_loss=1.1441 train_acc=0.607 | val_loss=0.8910 val_acc=0.857
      ep05 train_loss=0.9707 train_acc=0.715 | val_loss=0.8361 val_acc=0.857
      ep06 train_loss=1.0336 train_acc=0.644 | val_loss=0.7551 val_acc=0.714
      ep07 train_loss=0.9579 train_acc=0.757 | val_loss=1.0841 val_acc=0.429
      ep08 train_loss=0.9550 train_acc=0.728 | val_loss=0.7164 val_acc=0.857
      ep09 train_loss=0.8184 train_acc=0.812 | val_loss=1.3321 val_acc=0.571
      ep10 train_loss=0.8799 train_acc=0.799 | val_loss=1.1309 val_acc=0.571
      ep11 train_loss=0.8796 train_acc=0.791 | val_loss=1.2533 val_acc=0.571
      ep12 train_loss=0.8255 train_acc=0.833 | val_loss=0.7182 val_acc=0.714
      ep13 train_loss=0.7733 train_acc=0.841 | val_loss=1.0151 val_acc=0.571
      ep14 train_loss=0.7550 train_acc=0.883 | val_loss=0.9080 val_acc=0.571
      ep15 train_loss=0.7269 train_acc=0.883 | val_loss=1.1625 val_acc=0.571
      ep16 train_loss=0.7366 train_acc=0.891 | val_loss=0.8558 val_acc=0.571
      ep17 train_loss=0.7174 train_acc=0.891 | val_loss=1.0710 val_acc=0.571
      ep18 train_loss=0.7185 train_acc=0.887 | val_loss=1.0744 val_acc=0.571
      ep19 train_loss=0.6714 train_acc=0.937 | val_loss=0.9533 val_acc=0.714
      ep20 train_loss=0.6874 train_acc=0.933 | val_loss=1.0392 val_acc=0.571
      ep21 train_loss=0.6795 train_acc=0.921 | val_loss=1.0751 val_acc=0.571
      ep22 train_loss=0.6286 train_acc=0.975 | val_loss=1.0524 val_acc=0.571
      ep23 train_loss=0.6763 train_acc=0.929 | val_loss=0.9644 val_acc=0.571
      ep24 train_loss=0.6732 train_acc=0.937 | val_loss=0.9744 val_acc=0.571
    fold acc=0.714 time=233.2s | running pooled acc=0.578

--- Fold 25/26 | test sub25 (7 test, 239 train) ---
      ep00 train_loss=1.6919 train_acc=0.305 | val_loss=1.5032 val_acc=0.286
      ep01 train_loss=1.4565 train_acc=0.410 | val_loss=1.7572 val_acc=0.286
      ep02 train_loss=1.2677 train_acc=0.477 | val_loss=1.9650 val_acc=0.143
      ep03 train_loss=1.2305 train_acc=0.556 | val_loss=1.3275 val_acc=0.429
      ep04 train_loss=1.1293 train_acc=0.628 | val_loss=1.5584 val_acc=0.000
      ep05 train_loss=0.9797 train_acc=0.715 | val_loss=1.4550 val_acc=0.000
      ep06 train_loss=1.0130 train_acc=0.686 | val_loss=1.2668 val_acc=0.429
      ep07 train_loss=0.9316 train_acc=0.749 | val_loss=1.2969 val_acc=0.714
      ep08 train_loss=0.9485 train_acc=0.749 | val_loss=1.1549 val_acc=0.571
      ep09 train_loss=0.8295 train_acc=0.824 | val_loss=1.1213 val_acc=0.429
      ep10 train_loss=0.9005 train_acc=0.762 | val_loss=1.2487 val_acc=0.571
      ep11 train_loss=0.9085 train_acc=0.812 | val_loss=1.3042 val_acc=0.714
      ep12 train_loss=0.8054 train_acc=0.828 | val_loss=1.1219 val_acc=0.714
      ep13 train_loss=0.7832 train_acc=0.845 | val_loss=1.2440 val_acc=0.286
      ep14 train_loss=0.7579 train_acc=0.845 | val_loss=0.9348 val_acc=0.714
      ep15 train_loss=0.7477 train_acc=0.858 | val_loss=1.0418 val_acc=0.571
      ep16 train_loss=0.7472 train_acc=0.883 | val_loss=1.1526 val_acc=0.714
      ep17 train_loss=0.7133 train_acc=0.891 | val_loss=1.1027 val_acc=0.714
      ep18 train_loss=0.7093 train_acc=0.916 | val_loss=1.0656 val_acc=0.429
      ep19 train_loss=0.6677 train_acc=0.937 | val_loss=1.3103 val_acc=0.286
      ep20 train_loss=0.6916 train_acc=0.933 | val_loss=1.1289 val_acc=0.429
      ep21 train_loss=0.6735 train_acc=0.933 | val_loss=1.0784 val_acc=0.571
      ep22 train_loss=0.6546 train_acc=0.946 | val_loss=1.0898 val_acc=0.429
      ep23 train_loss=0.6925 train_acc=0.904 | val_loss=1.0905 val_acc=0.571
      ep24 train_loss=0.7054 train_acc=0.921 | val_loss=0.9919 val_acc=0.571
    fold acc=0.714 time=233.7s | running pooled acc=0.583

--- Fold 26/26 | test sub26 (16 test, 230 train) ---
      ep00 train_loss=1.7380 train_acc=0.261 | val_loss=2.3706 val_acc=0.000
      ep01 train_loss=1.5144 train_acc=0.365 | val_loss=1.0335 val_acc=0.625
      ep02 train_loss=1.3384 train_acc=0.461 | val_loss=1.0106 val_acc=0.750
      ep03 train_loss=1.1764 train_acc=0.561 | val_loss=1.1313 val_acc=0.500
      ep04 train_loss=1.2420 train_acc=0.574 | val_loss=0.9966 val_acc=0.625
      ep05 train_loss=1.0930 train_acc=0.657 | val_loss=0.8800 val_acc=0.625
      ep06 train_loss=1.0298 train_acc=0.700 | val_loss=1.0367 val_acc=0.562
      ep07 train_loss=1.0153 train_acc=0.691 | val_loss=1.0518 val_acc=0.438
      ep08 train_loss=0.9357 train_acc=0.761 | val_loss=1.1387 val_acc=0.500
      ep09 train_loss=0.9050 train_acc=0.743 | val_loss=0.9222 val_acc=0.500
      ep10 train_loss=0.8576 train_acc=0.809 | val_loss=1.2006 val_acc=0.562
      ep11 train_loss=0.8528 train_acc=0.791 | val_loss=1.1132 val_acc=0.562
      ep12 train_loss=0.7575 train_acc=0.848 | val_loss=1.0226 val_acc=0.438
      ep13 train_loss=0.7526 train_acc=0.857 | val_loss=1.4043 val_acc=0.312
      ep14 train_loss=0.7547 train_acc=0.852 | val_loss=1.0024 val_acc=0.500
      ep15 train_loss=0.7341 train_acc=0.861 | val_loss=1.1434 val_acc=0.438
      ep16 train_loss=0.7104 train_acc=0.913 | val_loss=0.7985 val_acc=0.625
      ep17 train_loss=0.6993 train_acc=0.913 | val_loss=1.0929 val_acc=0.438
      ep18 train_loss=0.6767 train_acc=0.917 | val_loss=1.1435 val_acc=0.438
      ep19 train_loss=0.6884 train_acc=0.935 | val_loss=1.0307 val_acc=0.438
      ep20 train_loss=0.6962 train_acc=0.917 | val_loss=0.8530 val_acc=0.562
      ep21 train_loss=0.6612 train_acc=0.926 | val_loss=1.1075 val_acc=0.500
      ep22 train_loss=0.6709 train_acc=0.917 | val_loss=1.0476 val_acc=0.500
      ep23 train_loss=0.6885 train_acc=0.904 | val_loss=1.0680 val_acc=0.438
      ep24 train_loss=0.6348 train_acc=0.939 | val_loss=1.0431 val_acc=0.438
    fold acc=0.562 time=233.9s | running pooled acc=0.581

=== FINAL (pooled LOSO) ===
UF1 = 0.6012
UAR = 0.5928
ACC = 0.5813
per-class F1: happiness=0.421, disgust=0.522, repression=0.542, surprise=0.917, others=0.605
per-class recall: happiness=0.500, disgust=0.476, repression=0.481, surprise=0.880, others=0.626
confusion matrix (rows=true):
        happin disgus repres surpri others
happine     16      2      2      1     11
disgust      7     30      1      0     25
repress      6      0     13      0      8
surpris      0      2      1     22      0
 others     15     18      4      0     62

saved to D:\AI-Projects\casmeII-new-from-sequence-model\experiments\iter_36_r3d_diff_res128
elapsed 6088.8s
