=== EXPERIMENT iter_18_focal ===
time: 2026-07-15T19:48:29.970135
device: cuda (NVIDIA GeForce RTX 3060)
platform: Windows-10-10.0.26200-SP0 | torch 2.6.0+cu124
config:
{
  "seed": 42,
  "T": 16,
  "img_size": 128,
  "base_size": 144,
  "input_mode": "rgb",
  "backbone": "r3d_18",
  "pretrained": true,
  "dropout": 0.5,
  "epochs": 25,
  "lr": 0.0001,
  "weight_decay": 0.001,
  "batch_size": 6,
  "class_weighting": true,
  "label_smoothing": 0.0,
  "hflip": true,
  "color_jitter": 0.0,
  "temporal_jitter": true,
  "amp": true,
  "eval_last_k": 3,
  "tta": 5,
  "cache_dir": "cache/flow144",
  "index": "cache/index_emotion.csv",
  "class_names": [
    "happiness",
    "disgust",
    "repression",
    "surprise",
    "others"
  ],
  "name": "iter_18_focal_r3d",
  "modality": "flow",
  "temporal_span": "onset_offset",
  "flow_clip": 3.0,
  "loss": "focal",
  "focal_gamma": 2.0
}
samples: 246 | classes: 5 ['happiness', 'disgust', 'repression', 'surprise', 'others']
loading arrays into RAM...
loaded 246 arrays

--- Fold 1/26 | test sub01 (9 test, 237 train) ---
      ep00 train_loss=0.9274 train_acc=0.376 | val_loss=1.1180 val_acc=0.444
      ep01 train_loss=0.5584 train_acc=0.565 | val_loss=1.0092 val_acc=0.444
      ep02 train_loss=0.4138 train_acc=0.629 | val_loss=0.7695 val_acc=0.889
      ep03 train_loss=0.3798 train_acc=0.692 | val_loss=0.8015 val_acc=0.556
      ep04 train_loss=0.3104 train_acc=0.722 | val_loss=0.7042 val_acc=0.667
      ep05 train_loss=0.1971 train_acc=0.789 | val_loss=0.6150 val_acc=0.778
      ep06 train_loss=0.1940 train_acc=0.819 | val_loss=0.8237 val_acc=0.667
      ep07 train_loss=0.1807 train_acc=0.823 | val_loss=0.6732 val_acc=0.778
      ep08 train_loss=0.2048 train_acc=0.789 | val_loss=0.7443 val_acc=0.667
      ep09 train_loss=0.1455 train_acc=0.831 | val_loss=0.7749 val_acc=0.778
      ep10 train_loss=0.1577 train_acc=0.865 | val_loss=0.7372 val_acc=0.444
      ep11 train_loss=0.1011 train_acc=0.878 | val_loss=0.6257 val_acc=0.667
      ep12 train_loss=0.1160 train_acc=0.869 | val_loss=0.5585 val_acc=0.778
      ep13 train_loss=0.0501 train_acc=0.932 | val_loss=0.6270 val_acc=0.667
      ep14 train_loss=0.0514 train_acc=0.937 | val_loss=0.4986 val_acc=0.889
      ep15 train_loss=0.0636 train_acc=0.928 | val_loss=0.4597 val_acc=0.778
      ep16 train_loss=0.0902 train_acc=0.903 | val_loss=0.5305 val_acc=0.667
      ep17 train_loss=0.0590 train_acc=0.911 | val_loss=0.5853 val_acc=0.778
      ep18 train_loss=0.0605 train_acc=0.903 | val_loss=0.5680 val_acc=0.778
      ep19 train_loss=0.0452 train_acc=0.937 | val_loss=0.5538 val_acc=0.778
      ep20 train_loss=0.0511 train_acc=0.945 | val_loss=0.5486 val_acc=0.778
      ep21 train_loss=0.0662 train_acc=0.920 | val_loss=0.5855 val_acc=0.778
      ep22 train_loss=0.0347 train_acc=0.954 | val_loss=0.5510 val_acc=0.778
      ep23 train_loss=0.0694 train_acc=0.916 | val_loss=0.5881 val_acc=0.778
      ep24 train_loss=0.0283 train_acc=0.979 | val_loss=0.5744 val_acc=0.778
    fold acc=0.778 time=240.3s | running pooled acc=0.778

--- Fold 2/26 | test sub02 (13 test, 233 train) ---
      ep00 train_loss=0.9199 train_acc=0.326 | val_loss=1.3887 val_acc=0.385
      ep01 train_loss=0.4666 train_acc=0.588 | val_loss=1.2348 val_acc=0.538
      ep02 train_loss=0.3902 train_acc=0.644 | val_loss=1.1322 val_acc=0.462
      ep03 train_loss=0.2952 train_acc=0.721 | val_loss=1.7209 val_acc=0.308
      ep04 train_loss=0.2476 train_acc=0.712 | val_loss=1.6561 val_acc=0.308
      ep05 train_loss=0.2408 train_acc=0.773 | val_loss=1.4771 val_acc=0.538
      ep06 train_loss=0.2498 train_acc=0.734 | val_loss=1.4200 val_acc=0.462
      ep07 train_loss=0.1622 train_acc=0.794 | val_loss=0.8965 val_acc=0.615
      ep08 train_loss=0.1796 train_acc=0.790 | val_loss=1.2718 val_acc=0.462
      ep09 train_loss=0.1211 train_acc=0.845 | val_loss=1.2587 val_acc=0.692
      ep10 train_loss=0.1406 train_acc=0.858 | val_loss=1.1487 val_acc=0.385
      ep11 train_loss=0.1061 train_acc=0.837 | val_loss=1.3220 val_acc=0.308
      ep12 train_loss=0.0663 train_acc=0.953 | val_loss=1.2680 val_acc=0.462
      ep13 train_loss=0.0761 train_acc=0.910 | val_loss=1.5743 val_acc=0.385
      ep14 train_loss=0.0570 train_acc=0.936 | val_loss=1.3967 val_acc=0.462
      ep15 train_loss=0.0657 train_acc=0.914 | val_loss=1.6141 val_acc=0.308
      ep16 train_loss=0.0506 train_acc=0.918 | val_loss=1.5174 val_acc=0.385
      ep17 train_loss=0.0570 train_acc=0.923 | val_loss=1.4144 val_acc=0.385
      ep18 train_loss=0.0359 train_acc=0.957 | val_loss=1.3991 val_acc=0.385
      ep19 train_loss=0.0291 train_acc=0.970 | val_loss=1.4386 val_acc=0.385
      ep20 train_loss=0.0510 train_acc=0.936 | val_loss=1.3986 val_acc=0.462
      ep21 train_loss=0.0650 train_acc=0.936 | val_loss=1.2733 val_acc=0.385
      ep22 train_loss=0.0348 train_acc=0.940 | val_loss=1.3878 val_acc=0.385
      ep23 train_loss=0.0167 train_acc=0.966 | val_loss=1.3154 val_acc=0.462
      ep24 train_loss=0.1137 train_acc=0.906 | val_loss=1.3139 val_acc=0.462
    fold acc=0.462 time=232.6s | running pooled acc=0.591

--- Fold 3/26 | test sub03 (7 test, 239 train) ---
      ep00 train_loss=0.9725 train_acc=0.381 | val_loss=1.5866 val_acc=0.571
      ep01 train_loss=0.4661 train_acc=0.540 | val_loss=0.8960 val_acc=0.714
      ep02 train_loss=0.4149 train_acc=0.640 | val_loss=0.9560 val_acc=0.714
      ep03 train_loss=0.3401 train_acc=0.695 | val_loss=0.8843 val_acc=0.571
      ep04 train_loss=0.2960 train_acc=0.753 | val_loss=0.5676 val_acc=0.857
      ep05 train_loss=0.2366 train_acc=0.703 | val_loss=1.0451 val_acc=0.571
      ep06 train_loss=0.2010 train_acc=0.808 | val_loss=0.6596 val_acc=0.857
      ep07 train_loss=0.2493 train_acc=0.774 | val_loss=0.8988 val_acc=0.714
      ep08 train_loss=0.2169 train_acc=0.782 | val_loss=1.1129 val_acc=0.571
      ep09 train_loss=0.1513 train_acc=0.874 | val_loss=0.7814 val_acc=0.857
      ep10 train_loss=0.1158 train_acc=0.879 | val_loss=1.0825 val_acc=0.429
      ep11 train_loss=0.0815 train_acc=0.933 | val_loss=0.7365 val_acc=0.714
      ep12 train_loss=0.1484 train_acc=0.849 | val_loss=0.8662 val_acc=0.714
      ep13 train_loss=0.0626 train_acc=0.908 | val_loss=0.7969 val_acc=0.857
      ep14 train_loss=0.0714 train_acc=0.946 | val_loss=0.6702 val_acc=0.857
      ep15 train_loss=0.0773 train_acc=0.941 | val_loss=0.6253 val_acc=0.857
      ep16 train_loss=0.0527 train_acc=0.916 | val_loss=0.7162 val_acc=0.857
      ep17 train_loss=0.0615 train_acc=0.929 | val_loss=0.6861 val_acc=0.857
      ep18 train_loss=0.0247 train_acc=0.971 | val_loss=0.6877 val_acc=0.857
      ep19 train_loss=0.0317 train_acc=0.958 | val_loss=0.6757 val_acc=0.857
      ep20 train_loss=0.0345 train_acc=0.962 | val_loss=0.6211 val_acc=0.857
      ep21 train_loss=0.0332 train_acc=0.971 | val_loss=0.6751 val_acc=0.857
      ep22 train_loss=0.0437 train_acc=0.946 | val_loss=0.6581 val_acc=0.857
      ep23 train_loss=0.0417 train_acc=0.937 | val_loss=0.6362 val_acc=0.857
      ep24 train_loss=0.0345 train_acc=0.958 | val_loss=0.6472 val_acc=0.857
    fold acc=0.857 time=233.7s | running pooled acc=0.655

--- Fold 4/26 | test sub04 (5 test, 241 train) ---
      ep00 train_loss=0.9114 train_acc=0.324 | val_loss=0.9524 val_acc=0.800
      ep01 train_loss=0.5072 train_acc=0.577 | val_loss=0.7968 val_acc=0.600
      ep02 train_loss=0.4301 train_acc=0.602 | val_loss=0.9016 val_acc=0.400
      ep03 train_loss=0.3457 train_acc=0.676 | val_loss=0.2989 val_acc=1.000
      ep04 train_loss=0.2989 train_acc=0.734 | val_loss=0.5759 val_acc=1.000
      ep05 train_loss=0.3026 train_acc=0.739 | val_loss=0.7486 val_acc=0.800
      ep06 train_loss=0.1951 train_acc=0.809 | val_loss=0.5195 val_acc=0.800
      ep07 train_loss=0.1761 train_acc=0.805 | val_loss=0.5117 val_acc=0.800
      ep08 train_loss=0.1159 train_acc=0.867 | val_loss=0.3571 val_acc=0.800
      ep09 train_loss=0.2018 train_acc=0.822 | val_loss=0.5660 val_acc=0.600
      ep10 train_loss=0.0919 train_acc=0.892 | val_loss=0.3427 val_acc=1.000
      ep11 train_loss=0.0983 train_acc=0.888 | val_loss=0.6944 val_acc=0.600
      ep12 train_loss=0.0828 train_acc=0.892 | val_loss=0.6405 val_acc=0.800
      ep13 train_loss=0.0996 train_acc=0.909 | val_loss=0.3908 val_acc=0.800
      ep14 train_loss=0.1101 train_acc=0.867 | val_loss=0.4281 val_acc=1.000
      ep15 train_loss=0.0688 train_acc=0.929 | val_loss=0.2644 val_acc=1.000
      ep16 train_loss=0.0644 train_acc=0.938 | val_loss=0.7896 val_acc=0.600
      ep17 train_loss=0.0612 train_acc=0.938 | val_loss=0.5947 val_acc=0.600
      ep18 train_loss=0.0937 train_acc=0.929 | val_loss=0.5864 val_acc=0.800
      ep19 train_loss=0.0794 train_acc=0.917 | val_loss=0.3965 val_acc=0.800
      ep20 train_loss=0.0589 train_acc=0.938 | val_loss=0.4851 val_acc=0.800
      ep21 train_loss=0.0428 train_acc=0.971 | val_loss=0.4270 val_acc=0.800
      ep22 train_loss=0.0370 train_acc=0.954 | val_loss=0.5198 val_acc=0.600
      ep23 train_loss=0.0501 train_acc=0.954 | val_loss=0.5910 val_acc=0.800
      ep24 train_loss=0.0538 train_acc=0.929 | val_loss=0.5247 val_acc=0.600
    fold acc=0.800 time=234.2s | running pooled acc=0.676

--- Fold 5/26 | test sub05 (19 test, 227 train) ---
      ep00 train_loss=0.9128 train_acc=0.313 | val_loss=1.2146 val_acc=0.421
      ep01 train_loss=0.4583 train_acc=0.626 | val_loss=1.2557 val_acc=0.368
      ep02 train_loss=0.4155 train_acc=0.643 | val_loss=1.7159 val_acc=0.421
      ep03 train_loss=0.2936 train_acc=0.718 | val_loss=1.5212 val_acc=0.421
      ep04 train_loss=0.2924 train_acc=0.722 | val_loss=1.4990 val_acc=0.421
      ep05 train_loss=0.2224 train_acc=0.793 | val_loss=1.8220 val_acc=0.316
      ep06 train_loss=0.1867 train_acc=0.850 | val_loss=1.5208 val_acc=0.526
      ep07 train_loss=0.1535 train_acc=0.819 | val_loss=1.2885 val_acc=0.474
      ep08 train_loss=0.1533 train_acc=0.837 | val_loss=1.5336 val_acc=0.421
      ep09 train_loss=0.1152 train_acc=0.868 | val_loss=1.4915 val_acc=0.421
      ep10 train_loss=0.0887 train_acc=0.885 | val_loss=1.5122 val_acc=0.421
      ep11 train_loss=0.0899 train_acc=0.885 | val_loss=1.7492 val_acc=0.421
      ep12 train_loss=0.0648 train_acc=0.903 | val_loss=1.5834 val_acc=0.421
      ep13 train_loss=0.0818 train_acc=0.881 | val_loss=1.5003 val_acc=0.421
      ep14 train_loss=0.0523 train_acc=0.925 | val_loss=1.4404 val_acc=0.474
      ep15 train_loss=0.0670 train_acc=0.934 | val_loss=1.4841 val_acc=0.421
      ep16 train_loss=0.0573 train_acc=0.925 | val_loss=1.5249 val_acc=0.421
      ep17 train_loss=0.0476 train_acc=0.943 | val_loss=1.6131 val_acc=0.474
      ep18 train_loss=0.0530 train_acc=0.934 | val_loss=1.5537 val_acc=0.421
      ep19 train_loss=0.0501 train_acc=0.930 | val_loss=1.7778 val_acc=0.421
      ep20 train_loss=0.0596 train_acc=0.938 | val_loss=1.6608 val_acc=0.421
      ep21 train_loss=0.0264 train_acc=0.960 | val_loss=1.5665 val_acc=0.421
      ep22 train_loss=0.0349 train_acc=0.965 | val_loss=1.4870 val_acc=0.421
      ep23 train_loss=0.0487 train_acc=0.943 | val_loss=1.4707 val_acc=0.421
      ep24 train_loss=0.0310 train_acc=0.952 | val_loss=1.5854 val_acc=0.421
    fold acc=0.474 time=231.4s | running pooled acc=0.604

--- Fold 6/26 | test sub06 (5 test, 241 train) ---
      ep00 train_loss=0.9094 train_acc=0.402 | val_loss=1.4897 val_acc=0.400
      ep01 train_loss=0.4975 train_acc=0.585 | val_loss=0.9833 val_acc=0.800
      ep02 train_loss=0.4314 train_acc=0.593 | val_loss=0.7848 val_acc=0.800
      ep03 train_loss=0.3549 train_acc=0.685 | val_loss=0.8188 val_acc=0.600
      ep04 train_loss=0.2898 train_acc=0.685 | val_loss=0.6930 val_acc=0.800
      ep05 train_loss=0.2375 train_acc=0.747 | val_loss=1.0030 val_acc=0.800
      ep06 train_loss=0.2012 train_acc=0.801 | val_loss=0.8335 val_acc=0.800
      ep07 train_loss=0.2006 train_acc=0.780 | val_loss=0.8639 val_acc=0.600
      ep08 train_loss=0.1177 train_acc=0.859 | val_loss=0.8177 val_acc=0.800
      ep09 train_loss=0.1549 train_acc=0.834 | val_loss=1.1437 val_acc=0.800
      ep10 train_loss=0.1349 train_acc=0.871 | val_loss=1.0458 val_acc=0.600
      ep11 train_loss=0.0980 train_acc=0.876 | val_loss=1.1798 val_acc=0.600
      ep12 train_loss=0.1016 train_acc=0.900 | val_loss=0.8642 val_acc=0.800
      ep13 train_loss=0.1365 train_acc=0.888 | val_loss=0.9879 val_acc=0.600
      ep14 train_loss=0.0902 train_acc=0.913 | val_loss=1.2601 val_acc=0.600
      ep15 train_loss=0.0627 train_acc=0.938 | val_loss=1.1294 val_acc=0.600
      ep16 train_loss=0.0395 train_acc=0.954 | val_loss=1.4608 val_acc=0.600
      ep17 train_loss=0.0463 train_acc=0.954 | val_loss=1.1499 val_acc=0.600
      ep18 train_loss=0.0841 train_acc=0.929 | val_loss=1.2639 val_acc=0.600
      ep19 train_loss=0.0382 train_acc=0.959 | val_loss=1.0826 val_acc=0.600
      ep20 train_loss=0.0446 train_acc=0.963 | val_loss=1.1395 val_acc=0.600
      ep21 train_loss=0.0501 train_acc=0.963 | val_loss=1.2418 val_acc=0.600
      ep22 train_loss=0.0357 train_acc=0.954 | val_loss=1.2934 val_acc=0.600
      ep23 train_loss=0.0541 train_acc=0.950 | val_loss=1.3747 val_acc=0.600
      ep24 train_loss=0.0551 train_acc=0.942 | val_loss=1.1710 val_acc=0.600
    fold acc=0.600 time=233.4s | running pooled acc=0.603

--- Fold 7/26 | test sub07 (9 test, 237 train) ---
      ep00 train_loss=0.9343 train_acc=0.354 | val_loss=1.2417 val_acc=0.333
      ep01 train_loss=0.5017 train_acc=0.561 | val_loss=1.4403 val_acc=0.222
      ep02 train_loss=0.4188 train_acc=0.650 | val_loss=1.0885 val_acc=0.444
      ep03 train_loss=0.4068 train_acc=0.662 | val_loss=1.4961 val_acc=0.444
      ep04 train_loss=0.3249 train_acc=0.717 | val_loss=1.1030 val_acc=0.444
      ep05 train_loss=0.2695 train_acc=0.751 | val_loss=0.9822 val_acc=0.556
      ep06 train_loss=0.2370 train_acc=0.759 | val_loss=1.2112 val_acc=0.444
      ep07 train_loss=0.1969 train_acc=0.806 | val_loss=1.0989 val_acc=0.556
      ep08 train_loss=0.1803 train_acc=0.806 | val_loss=0.8763 val_acc=0.444
      ep09 train_loss=0.2256 train_acc=0.802 | val_loss=0.9590 val_acc=0.556
      ep10 train_loss=0.1240 train_acc=0.848 | val_loss=1.0677 val_acc=0.667
      ep11 train_loss=0.0757 train_acc=0.932 | val_loss=1.1935 val_acc=0.556
      ep12 train_loss=0.1405 train_acc=0.835 | val_loss=1.1083 val_acc=0.667
      ep13 train_loss=0.0612 train_acc=0.928 | val_loss=1.0297 val_acc=0.667
      ep14 train_loss=0.0861 train_acc=0.911 | val_loss=1.1446 val_acc=0.556
      ep15 train_loss=0.0642 train_acc=0.916 | val_loss=1.1091 val_acc=0.444
      ep16 train_loss=0.0574 train_acc=0.928 | val_loss=1.2699 val_acc=0.444
      ep17 train_loss=0.0733 train_acc=0.899 | val_loss=1.2395 val_acc=0.556
      ep18 train_loss=0.0682 train_acc=0.903 | val_loss=1.2195 val_acc=0.444
      ep19 train_loss=0.0446 train_acc=0.949 | val_loss=1.2885 val_acc=0.444
      ep20 train_loss=0.0437 train_acc=0.958 | val_loss=1.2288 val_acc=0.444
      ep21 train_loss=0.0583 train_acc=0.945 | val_loss=1.2778 val_acc=0.556
      ep22 train_loss=0.0298 train_acc=0.949 | val_loss=1.2100 val_acc=0.556
      ep23 train_loss=0.0397 train_acc=0.958 | val_loss=1.1570 val_acc=0.667
      ep24 train_loss=0.0396 train_acc=0.937 | val_loss=1.2043 val_acc=0.556
    fold acc=0.667 time=232.9s | running pooled acc=0.612

--- Fold 8/26 | test sub08 (3 test, 243 train) ---
      ep00 train_loss=1.0049 train_acc=0.333 | val_loss=1.3244 val_acc=0.667
      ep01 train_loss=0.5435 train_acc=0.523 | val_loss=0.9298 val_acc=0.333
      ep02 train_loss=0.3956 train_acc=0.654 | val_loss=0.8921 val_acc=0.667
      ep03 train_loss=0.4276 train_acc=0.597 | val_loss=0.9360 val_acc=0.667
      ep04 train_loss=0.3169 train_acc=0.704 | val_loss=0.9537 val_acc=0.667
      ep05 train_loss=0.3043 train_acc=0.700 | val_loss=2.2576 val_acc=0.000
      ep06 train_loss=0.1807 train_acc=0.835 | val_loss=2.0753 val_acc=0.333
      ep07 train_loss=0.1547 train_acc=0.794 | val_loss=1.0786 val_acc=0.667
      ep08 train_loss=0.1605 train_acc=0.811 | val_loss=1.6388 val_acc=0.000
      ep09 train_loss=0.1070 train_acc=0.877 | val_loss=0.8637 val_acc=0.667
      ep10 train_loss=0.1435 train_acc=0.868 | val_loss=1.2561 val_acc=0.667
      ep11 train_loss=0.0967 train_acc=0.889 | val_loss=1.4267 val_acc=0.667
      ep12 train_loss=0.0769 train_acc=0.909 | val_loss=1.4405 val_acc=0.333
      ep13 train_loss=0.0772 train_acc=0.914 | val_loss=0.7280 val_acc=0.667
      ep14 train_loss=0.0591 train_acc=0.934 | val_loss=1.0803 val_acc=0.667
      ep15 train_loss=0.0622 train_acc=0.934 | val_loss=0.8131 val_acc=0.667
      ep16 train_loss=0.0437 train_acc=0.942 | val_loss=0.8068 val_acc=0.667
      ep17 train_loss=0.0720 train_acc=0.893 | val_loss=1.0791 val_acc=0.667
      ep18 train_loss=0.0442 train_acc=0.979 | val_loss=1.0910 val_acc=0.667
      ep19 train_loss=0.0322 train_acc=0.951 | val_loss=0.9617 val_acc=0.667
      ep20 train_loss=0.0456 train_acc=0.955 | val_loss=0.7471 val_acc=0.667
      ep21 train_loss=0.0365 train_acc=0.934 | val_loss=0.9626 val_acc=0.667
      ep22 train_loss=0.0249 train_acc=0.975 | val_loss=1.1601 val_acc=0.667
      ep23 train_loss=0.0394 train_acc=0.959 | val_loss=0.7505 val_acc=0.667
      ep24 train_loss=0.0409 train_acc=0.955 | val_loss=1.1013 val_acc=0.667
    fold acc=0.667 time=232.4s | running pooled acc=0.614

--- Fold 9/26 | test sub09 (13 test, 233 train) ---
      ep00 train_loss=0.9312 train_acc=0.356 | val_loss=1.0732 val_acc=0.538
      ep01 train_loss=0.5371 train_acc=0.515 | val_loss=1.1013 val_acc=0.462
      ep02 train_loss=0.4390 train_acc=0.592 | val_loss=1.0280 val_acc=0.692
      ep03 train_loss=0.3233 train_acc=0.644 | val_loss=0.6305 val_acc=0.692
      ep04 train_loss=0.2739 train_acc=0.708 | val_loss=0.5445 val_acc=0.769
      ep05 train_loss=0.2909 train_acc=0.738 | val_loss=0.5996 val_acc=0.692
      ep06 train_loss=0.2849 train_acc=0.747 | val_loss=0.7227 val_acc=0.692
      ep07 train_loss=0.1906 train_acc=0.760 | val_loss=0.4748 val_acc=0.769
      ep08 train_loss=0.1419 train_acc=0.828 | val_loss=0.5850 val_acc=0.692
      ep09 train_loss=0.1290 train_acc=0.863 | val_loss=0.6565 val_acc=0.692
      ep10 train_loss=0.0839 train_acc=0.888 | val_loss=0.5876 val_acc=0.692
      ep11 train_loss=0.1587 train_acc=0.871 | val_loss=0.4639 val_acc=0.846
      ep12 train_loss=0.1317 train_acc=0.867 | val_loss=0.7161 val_acc=0.769
      ep13 train_loss=0.1119 train_acc=0.880 | val_loss=0.6707 val_acc=0.692
      ep14 train_loss=0.0926 train_acc=0.940 | val_loss=0.5787 val_acc=0.615
      ep15 train_loss=0.0646 train_acc=0.897 | val_loss=0.5590 val_acc=0.615
      ep16 train_loss=0.0506 train_acc=0.936 | val_loss=0.4595 val_acc=0.769
      ep17 train_loss=0.0659 train_acc=0.923 | val_loss=0.4826 val_acc=0.692
      ep18 train_loss=0.0511 train_acc=0.923 | val_loss=0.4698 val_acc=0.769
      ep19 train_loss=0.0371 train_acc=0.953 | val_loss=0.4992 val_acc=0.692
      ep20 train_loss=0.0684 train_acc=0.936 | val_loss=0.4525 val_acc=0.769
      ep21 train_loss=0.0475 train_acc=0.957 | val_loss=0.4421 val_acc=0.846
      ep22 train_loss=0.0316 train_acc=0.961 | val_loss=0.5447 val_acc=0.692
      ep23 train_loss=0.0233 train_acc=0.961 | val_loss=0.5416 val_acc=0.769
      ep24 train_loss=0.0396 train_acc=0.948 | val_loss=0.4738 val_acc=0.769
    fold acc=0.692 time=233.6s | running pooled acc=0.627

--- Fold 10/26 | test sub10 (13 test, 233 train) ---
      ep00 train_loss=0.9290 train_acc=0.348 | val_loss=0.8426 val_acc=0.769
      ep01 train_loss=0.5388 train_acc=0.511 | val_loss=0.9530 val_acc=0.769
      ep02 train_loss=0.4155 train_acc=0.644 | val_loss=1.0873 val_acc=0.385
      ep03 train_loss=0.2903 train_acc=0.717 | val_loss=0.8911 val_acc=0.615
      ep04 train_loss=0.3002 train_acc=0.700 | val_loss=0.3934 val_acc=0.923
      ep05 train_loss=0.2779 train_acc=0.738 | val_loss=0.3190 val_acc=1.000
      ep06 train_loss=0.2394 train_acc=0.742 | val_loss=0.4105 val_acc=0.923
      ep07 train_loss=0.1670 train_acc=0.794 | val_loss=0.3697 val_acc=1.000
      ep08 train_loss=0.1410 train_acc=0.854 | val_loss=0.4893 val_acc=0.846
      ep09 train_loss=0.1199 train_acc=0.893 | val_loss=0.3156 val_acc=0.923
      ep10 train_loss=0.1030 train_acc=0.888 | val_loss=0.6401 val_acc=0.692
      ep11 train_loss=0.1309 train_acc=0.871 | val_loss=0.3244 val_acc=0.846
      ep12 train_loss=0.0992 train_acc=0.884 | val_loss=0.3205 val_acc=0.846
      ep13 train_loss=0.0963 train_acc=0.901 | val_loss=0.3980 val_acc=0.923
      ep14 train_loss=0.0894 train_acc=0.931 | val_loss=0.3957 val_acc=0.846
      ep15 train_loss=0.0635 train_acc=0.927 | val_loss=0.2665 val_acc=0.923
      ep16 train_loss=0.0456 train_acc=0.948 | val_loss=0.1565 val_acc=1.000
      ep17 train_loss=0.0459 train_acc=0.944 | val_loss=0.2554 val_acc=1.000
      ep18 train_loss=0.0464 train_acc=0.953 | val_loss=0.2453 val_acc=1.000
      ep19 train_loss=0.0267 train_acc=0.970 | val_loss=0.2293 val_acc=1.000
      ep20 train_loss=0.0484 train_acc=0.948 | val_loss=0.2674 val_acc=0.923
      ep21 train_loss=0.0511 train_acc=0.944 | val_loss=0.2385 val_acc=1.000
      ep22 train_loss=0.0350 train_acc=0.961 | val_loss=0.2553 val_acc=0.923
      ep23 train_loss=0.0200 train_acc=0.991 | val_loss=0.2741 val_acc=1.000
      ep24 train_loss=0.0578 train_acc=0.948 | val_loss=0.2362 val_acc=1.000
    fold acc=1.000 time=232.2s | running pooled acc=0.677

--- Fold 11/26 | test sub11 (10 test, 236 train) ---
      ep00 train_loss=0.9660 train_acc=0.318 | val_loss=1.2680 val_acc=0.500
      ep01 train_loss=0.5684 train_acc=0.572 | val_loss=0.9609 val_acc=0.600
      ep02 train_loss=0.4284 train_acc=0.627 | val_loss=1.0293 val_acc=0.400
      ep03 train_loss=0.3784 train_acc=0.678 | val_loss=1.2089 val_acc=0.500
      ep04 train_loss=0.3693 train_acc=0.653 | val_loss=1.1745 val_acc=0.300
      ep05 train_loss=0.2888 train_acc=0.758 | val_loss=0.6025 val_acc=0.700
      ep06 train_loss=0.2125 train_acc=0.750 | val_loss=0.6341 val_acc=0.800
      ep07 train_loss=0.2221 train_acc=0.775 | val_loss=0.6963 val_acc=0.700
      ep08 train_loss=0.1958 train_acc=0.814 | val_loss=0.7568 val_acc=0.700
      ep09 train_loss=0.1074 train_acc=0.886 | val_loss=0.7753 val_acc=0.800
      ep10 train_loss=0.1289 train_acc=0.877 | val_loss=0.6512 val_acc=0.600
      ep11 train_loss=0.0938 train_acc=0.907 | val_loss=0.6258 val_acc=0.700
      ep12 train_loss=0.1130 train_acc=0.881 | val_loss=0.6982 val_acc=0.700
      ep13 train_loss=0.0877 train_acc=0.915 | val_loss=0.7625 val_acc=0.700
      ep14 train_loss=0.0784 train_acc=0.919 | val_loss=0.7735 val_acc=0.700
      ep15 train_loss=0.1529 train_acc=0.860 | val_loss=0.6708 val_acc=0.700
      ep16 train_loss=0.0715 train_acc=0.890 | val_loss=0.6919 val_acc=0.700
      ep17 train_loss=0.0580 train_acc=0.928 | val_loss=0.7511 val_acc=0.700
      ep18 train_loss=0.0533 train_acc=0.924 | val_loss=0.8927 val_acc=0.500
      ep19 train_loss=0.0519 train_acc=0.945 | val_loss=0.7661 val_acc=0.700
      ep20 train_loss=0.0480 train_acc=0.941 | val_loss=0.7348 val_acc=0.700
      ep21 train_loss=0.0445 train_acc=0.949 | val_loss=0.7004 val_acc=0.700
      ep22 train_loss=0.0814 train_acc=0.936 | val_loss=0.6638 val_acc=0.700
      ep23 train_loss=0.0309 train_acc=0.970 | val_loss=0.7456 val_acc=0.700
      ep24 train_loss=0.0576 train_acc=0.949 | val_loss=0.6916 val_acc=0.600
    fold acc=0.900 time=232.6s | running pooled acc=0.698

--- Fold 12/26 | test sub12 (12 test, 234 train) ---
      ep00 train_loss=0.9575 train_acc=0.346 | val_loss=1.0221 val_acc=0.750
      ep01 train_loss=0.5341 train_acc=0.547 | val_loss=0.5870 val_acc=0.833
      ep02 train_loss=0.4425 train_acc=0.607 | val_loss=0.5825 val_acc=0.833
      ep03 train_loss=0.3378 train_acc=0.697 | val_loss=0.5136 val_acc=0.750
      ep04 train_loss=0.2776 train_acc=0.705 | val_loss=0.4782 val_acc=0.833
      ep05 train_loss=0.3250 train_acc=0.756 | val_loss=0.3764 val_acc=0.917
      ep06 train_loss=0.1798 train_acc=0.786 | val_loss=0.4076 val_acc=0.833
      ep07 train_loss=0.2420 train_acc=0.748 | val_loss=0.5916 val_acc=0.750
      ep08 train_loss=0.1554 train_acc=0.846 | val_loss=0.4438 val_acc=0.833
      ep09 train_loss=0.1538 train_acc=0.812 | val_loss=0.3535 val_acc=0.917
      ep10 train_loss=0.1223 train_acc=0.855 | val_loss=0.4254 val_acc=0.750
      ep11 train_loss=0.1221 train_acc=0.846 | val_loss=0.4795 val_acc=0.750
      ep12 train_loss=0.1013 train_acc=0.893 | val_loss=0.5179 val_acc=0.833
      ep13 train_loss=0.0835 train_acc=0.868 | val_loss=0.3622 val_acc=0.833
      ep14 train_loss=0.0716 train_acc=0.902 | val_loss=0.4728 val_acc=0.750
      ep15 train_loss=0.0799 train_acc=0.906 | val_loss=0.2740 val_acc=0.917
      ep16 train_loss=0.0671 train_acc=0.944 | val_loss=0.3291 val_acc=0.917
      ep17 train_loss=0.0471 train_acc=0.927 | val_loss=0.2698 val_acc=1.000
      ep18 train_loss=0.0506 train_acc=0.919 | val_loss=0.3854 val_acc=0.833
      ep19 train_loss=0.0488 train_acc=0.936 | val_loss=0.3358 val_acc=0.833
      ep20 train_loss=0.0415 train_acc=0.949 | val_loss=0.3434 val_acc=0.833
      ep21 train_loss=0.0463 train_acc=0.944 | val_loss=0.3689 val_acc=0.833
      ep22 train_loss=0.0476 train_acc=0.932 | val_loss=0.3288 val_acc=0.917
      ep23 train_loss=0.0447 train_acc=0.953 | val_loss=0.3769 val_acc=0.833
      ep24 train_loss=0.0465 train_acc=0.932 | val_loss=0.3434 val_acc=0.833
    fold acc=0.917 time=232.2s | running pooled acc=0.720

--- Fold 13/26 | test sub13 (8 test, 238 train) ---
      ep00 train_loss=0.8968 train_acc=0.387 | val_loss=1.5437 val_acc=0.375
      ep01 train_loss=0.5612 train_acc=0.571 | val_loss=1.2363 val_acc=0.500
      ep02 train_loss=0.4121 train_acc=0.647 | val_loss=1.2306 val_acc=0.375
      ep03 train_loss=0.2997 train_acc=0.664 | val_loss=0.8855 val_acc=0.625
      ep04 train_loss=0.3323 train_acc=0.693 | val_loss=0.7482 val_acc=0.750
      ep05 train_loss=0.2216 train_acc=0.786 | val_loss=0.9290 val_acc=0.750
      ep06 train_loss=0.2070 train_acc=0.794 | val_loss=0.7535 val_acc=0.625
      ep07 train_loss=0.1763 train_acc=0.840 | val_loss=1.0287 val_acc=0.500
      ep08 train_loss=0.1674 train_acc=0.807 | val_loss=0.9565 val_acc=0.625
      ep09 train_loss=0.1673 train_acc=0.828 | val_loss=1.0272 val_acc=0.500
      ep10 train_loss=0.0872 train_acc=0.882 | val_loss=0.7320 val_acc=0.750
      ep11 train_loss=0.0849 train_acc=0.916 | val_loss=0.7117 val_acc=0.625
      ep12 train_loss=0.0604 train_acc=0.916 | val_loss=0.8341 val_acc=0.625
      ep13 train_loss=0.0826 train_acc=0.916 | val_loss=0.5360 val_acc=0.750
      ep14 train_loss=0.0600 train_acc=0.933 | val_loss=0.7397 val_acc=0.625
      ep15 train_loss=0.0612 train_acc=0.941 | val_loss=0.8393 val_acc=0.500
      ep16 train_loss=0.0387 train_acc=0.966 | val_loss=0.7680 val_acc=0.500
      ep17 train_loss=0.0774 train_acc=0.916 | val_loss=0.7009 val_acc=0.500
      ep18 train_loss=0.0404 train_acc=0.941 | val_loss=0.5818 val_acc=0.625
      ep19 train_loss=0.0460 train_acc=0.950 | val_loss=0.6676 val_acc=0.625
      ep20 train_loss=0.0702 train_acc=0.945 | val_loss=0.6783 val_acc=0.625
      ep21 train_loss=0.0755 train_acc=0.950 | val_loss=0.7095 val_acc=0.625
      ep22 train_loss=0.0172 train_acc=0.983 | val_loss=0.7775 val_acc=0.500
      ep23 train_loss=0.0627 train_acc=0.945 | val_loss=0.7478 val_acc=0.500
      ep24 train_loss=0.0347 train_acc=0.971 | val_loss=0.7408 val_acc=0.625
    fold acc=0.625 time=232.9s | running pooled acc=0.714

--- Fold 14/26 | test sub14 (4 test, 242 train) ---
      ep00 train_loss=0.9146 train_acc=0.335 | val_loss=1.1980 val_acc=0.500
      ep01 train_loss=0.5267 train_acc=0.574 | val_loss=1.7084 val_acc=0.000
      ep02 train_loss=0.4144 train_acc=0.628 | val_loss=1.1760 val_acc=0.500
      ep03 train_loss=0.2874 train_acc=0.736 | val_loss=0.9466 val_acc=0.750
      ep04 train_loss=0.2642 train_acc=0.665 | val_loss=2.1994 val_acc=0.500
      ep05 train_loss=0.2609 train_acc=0.756 | val_loss=1.0792 val_acc=0.500
      ep06 train_loss=0.1850 train_acc=0.835 | val_loss=1.2317 val_acc=0.750
      ep07 train_loss=0.2040 train_acc=0.793 | val_loss=1.4822 val_acc=0.250
      ep08 train_loss=0.1204 train_acc=0.839 | val_loss=2.3094 val_acc=0.500
      ep09 train_loss=0.1671 train_acc=0.831 | val_loss=1.8668 val_acc=0.000
      ep10 train_loss=0.1336 train_acc=0.876 | val_loss=1.7361 val_acc=0.500
      ep11 train_loss=0.0987 train_acc=0.876 | val_loss=1.8585 val_acc=0.500
      ep12 train_loss=0.1340 train_acc=0.880 | val_loss=1.3409 val_acc=0.500
      ep13 train_loss=0.1149 train_acc=0.897 | val_loss=1.8242 val_acc=0.250
      ep14 train_loss=0.0842 train_acc=0.926 | val_loss=1.7463 val_acc=0.500
      ep15 train_loss=0.0950 train_acc=0.888 | val_loss=1.3594 val_acc=0.750
      ep16 train_loss=0.0721 train_acc=0.909 | val_loss=1.7794 val_acc=0.250
      ep17 train_loss=0.0447 train_acc=0.930 | val_loss=1.9552 val_acc=0.250
      ep18 train_loss=0.0399 train_acc=0.921 | val_loss=1.8332 val_acc=0.250
      ep19 train_loss=0.0549 train_acc=0.934 | val_loss=1.5763 val_acc=0.250
      ep20 train_loss=0.0334 train_acc=0.963 | val_loss=1.4840 val_acc=0.500
      ep21 train_loss=0.0449 train_acc=0.942 | val_loss=1.4866 val_acc=0.250
      ep22 train_loss=0.0448 train_acc=0.950 | val_loss=1.4785 val_acc=0.500
      ep23 train_loss=0.0417 train_acc=0.959 | val_loss=1.4346 val_acc=0.500
      ep24 train_loss=0.0291 train_acc=0.971 | val_loss=1.4358 val_acc=0.250
    fold acc=0.500 time=233.6s | running pooled acc=0.708

--- Fold 15/26 | test sub15 (3 test, 243 train) ---
      ep00 train_loss=0.9310 train_acc=0.354 | val_loss=0.5426 val_acc=1.000
      ep01 train_loss=0.4949 train_acc=0.560 | val_loss=1.3635 val_acc=0.000
      ep02 train_loss=0.3963 train_acc=0.634 | val_loss=1.5242 val_acc=0.333
      ep03 train_loss=0.3665 train_acc=0.621 | val_loss=0.9101 val_acc=0.667
      ep04 train_loss=0.2903 train_acc=0.720 | val_loss=0.4890 val_acc=1.000
      ep05 train_loss=0.2998 train_acc=0.708 | val_loss=0.9341 val_acc=0.667
      ep06 train_loss=0.1484 train_acc=0.815 | val_loss=1.2284 val_acc=0.667
      ep07 train_loss=0.1442 train_acc=0.811 | val_loss=0.5569 val_acc=1.000
      ep08 train_loss=0.1729 train_acc=0.819 | val_loss=0.3272 val_acc=1.000
      ep09 train_loss=0.1398 train_acc=0.852 | val_loss=0.4573 val_acc=1.000
      ep10 train_loss=0.1565 train_acc=0.852 | val_loss=0.7880 val_acc=0.667
      ep11 train_loss=0.0907 train_acc=0.889 | val_loss=0.4489 val_acc=1.000
      ep12 train_loss=0.0753 train_acc=0.922 | val_loss=0.3398 val_acc=1.000
      ep13 train_loss=0.0767 train_acc=0.909 | val_loss=0.5903 val_acc=1.000
      ep14 train_loss=0.0657 train_acc=0.938 | val_loss=0.6450 val_acc=1.000
      ep15 train_loss=0.0548 train_acc=0.951 | val_loss=0.4693 val_acc=1.000
      ep16 train_loss=0.0473 train_acc=0.938 | val_loss=0.5046 val_acc=1.000
      ep17 train_loss=0.0640 train_acc=0.926 | val_loss=0.7222 val_acc=1.000
      ep18 train_loss=0.0377 train_acc=0.971 | val_loss=0.6310 val_acc=1.000
      ep19 train_loss=0.0374 train_acc=0.955 | val_loss=0.6504 val_acc=1.000
      ep20 train_loss=0.0401 train_acc=0.959 | val_loss=0.7601 val_acc=1.000
      ep21 train_loss=0.0466 train_acc=0.934 | val_loss=0.5652 val_acc=1.000
      ep22 train_loss=0.0321 train_acc=0.975 | val_loss=0.5946 val_acc=1.000
      ep23 train_loss=0.0235 train_acc=0.963 | val_loss=0.6224 val_acc=1.000
      ep24 train_loss=0.0300 train_acc=0.975 | val_loss=0.5095 val_acc=1.000
    fold acc=0.667 time=233.5s | running pooled acc=0.707

--- Fold 16/26 | test sub16 (4 test, 242 train) ---
      ep00 train_loss=0.9266 train_acc=0.322 | val_loss=1.6473 val_acc=0.500
      ep01 train_loss=0.5034 train_acc=0.562 | val_loss=1.8259 val_acc=0.250
      ep02 train_loss=0.3745 train_acc=0.636 | val_loss=1.6281 val_acc=0.500
      ep03 train_loss=0.3038 train_acc=0.740 | val_loss=1.2839 val_acc=0.250
      ep04 train_loss=0.3202 train_acc=0.694 | val_loss=1.6938 val_acc=0.500
      ep05 train_loss=0.3278 train_acc=0.674 | val_loss=1.4091 val_acc=0.500
      ep06 train_loss=0.1894 train_acc=0.810 | val_loss=1.6664 val_acc=0.250
      ep07 train_loss=0.1900 train_acc=0.789 | val_loss=1.3926 val_acc=0.500
      ep08 train_loss=0.1310 train_acc=0.851 | val_loss=1.4273 val_acc=0.500
      ep09 train_loss=0.1546 train_acc=0.839 | val_loss=1.5737 val_acc=0.500
      ep10 train_loss=0.1221 train_acc=0.901 | val_loss=1.4193 val_acc=0.500
      ep11 train_loss=0.0933 train_acc=0.855 | val_loss=1.6248 val_acc=0.500
      ep12 train_loss=0.1072 train_acc=0.864 | val_loss=1.7873 val_acc=0.500
      ep13 train_loss=0.1281 train_acc=0.868 | val_loss=1.5897 val_acc=0.500
      ep14 train_loss=0.0558 train_acc=0.909 | val_loss=1.3315 val_acc=0.500
      ep15 train_loss=0.0823 train_acc=0.913 | val_loss=1.6728 val_acc=0.500
      ep16 train_loss=0.0526 train_acc=0.926 | val_loss=1.5382 val_acc=0.500
      ep17 train_loss=0.0516 train_acc=0.930 | val_loss=1.3867 val_acc=0.500
      ep18 train_loss=0.0578 train_acc=0.930 | val_loss=1.4736 val_acc=0.500
      ep19 train_loss=0.0610 train_acc=0.942 | val_loss=1.5061 val_acc=0.500
      ep20 train_loss=0.0475 train_acc=0.938 | val_loss=1.5489 val_acc=0.500
      ep21 train_loss=0.0764 train_acc=0.913 | val_loss=1.3973 val_acc=0.500
      ep22 train_loss=0.0453 train_acc=0.955 | val_loss=1.3549 val_acc=0.500
      ep23 train_loss=0.0328 train_acc=0.955 | val_loss=1.3382 val_acc=0.500
      ep24 train_loss=0.0499 train_acc=0.963 | val_loss=1.3440 val_acc=0.500
    fold acc=0.500 time=234.1s | running pooled acc=0.701

--- Fold 17/26 | test sub17 (34 test, 212 train) ---
      ep00 train_loss=0.9307 train_acc=0.368 | val_loss=1.5213 val_acc=0.235
      ep01 train_loss=0.5496 train_acc=0.566 | val_loss=1.2363 val_acc=0.353
      ep02 train_loss=0.3731 train_acc=0.665 | val_loss=0.9250 val_acc=0.706
      ep03 train_loss=0.3136 train_acc=0.670 | val_loss=1.2913 val_acc=0.324
      ep04 train_loss=0.2552 train_acc=0.750 | val_loss=0.9421 val_acc=0.618
      ep05 train_loss=0.3049 train_acc=0.759 | val_loss=0.8961 val_acc=0.647
      ep06 train_loss=0.2011 train_acc=0.792 | val_loss=1.1891 val_acc=0.500
      ep07 train_loss=0.2311 train_acc=0.778 | val_loss=1.4736 val_acc=0.471
      ep08 train_loss=0.1409 train_acc=0.807 | val_loss=1.3141 val_acc=0.500
      ep09 train_loss=0.1709 train_acc=0.835 | val_loss=1.1080 val_acc=0.588
      ep10 train_loss=0.1384 train_acc=0.840 | val_loss=1.6527 val_acc=0.471
      ep11 train_loss=0.1468 train_acc=0.844 | val_loss=1.1331 val_acc=0.529
      ep12 train_loss=0.0682 train_acc=0.915 | val_loss=1.2077 val_acc=0.500
      ep13 train_loss=0.0728 train_acc=0.896 | val_loss=1.1142 val_acc=0.500
      ep14 train_loss=0.0830 train_acc=0.910 | val_loss=1.2547 val_acc=0.559
      ep15 train_loss=0.1259 train_acc=0.887 | val_loss=1.1853 val_acc=0.471
      ep16 train_loss=0.0711 train_acc=0.910 | val_loss=1.0748 val_acc=0.529
      ep17 train_loss=0.0825 train_acc=0.892 | val_loss=0.9884 val_acc=0.618
      ep18 train_loss=0.0429 train_acc=0.943 | val_loss=1.0283 val_acc=0.588
      ep19 train_loss=0.0658 train_acc=0.910 | val_loss=1.0121 val_acc=0.588
      ep20 train_loss=0.0565 train_acc=0.925 | val_loss=1.0383 val_acc=0.559
      ep21 train_loss=0.0468 train_acc=0.939 | val_loss=1.0655 val_acc=0.559
      ep22 train_loss=0.0332 train_acc=0.948 | val_loss=0.9652 val_acc=0.588
      ep23 train_loss=0.0428 train_acc=0.939 | val_loss=1.0048 val_acc=0.588
      ep24 train_loss=0.0593 train_acc=0.887 | val_loss=1.0900 val_acc=0.559
    fold acc=0.588 time=231.3s | running pooled acc=0.678

--- Fold 18/26 | test sub18 (3 test, 243 train) ---
      ep00 train_loss=0.9502 train_acc=0.350 | val_loss=1.2047 val_acc=0.333
      ep01 train_loss=0.5005 train_acc=0.597 | val_loss=1.1401 val_acc=0.333
      ep02 train_loss=0.4088 train_acc=0.630 | val_loss=0.6861 val_acc=1.000
      ep03 train_loss=0.3863 train_acc=0.663 | val_loss=0.9151 val_acc=0.667
      ep04 train_loss=0.3091 train_acc=0.700 | val_loss=0.5004 val_acc=1.000
      ep05 train_loss=0.3515 train_acc=0.687 | val_loss=0.6534 val_acc=1.000
      ep06 train_loss=0.1933 train_acc=0.840 | val_loss=0.3717 val_acc=1.000
      ep07 train_loss=0.1780 train_acc=0.774 | val_loss=1.0907 val_acc=0.333
      ep08 train_loss=0.1811 train_acc=0.786 | val_loss=1.0351 val_acc=0.333
      ep09 train_loss=0.1467 train_acc=0.860 | val_loss=0.8752 val_acc=0.667
      ep10 train_loss=0.1103 train_acc=0.864 | val_loss=0.8019 val_acc=1.000
      ep11 train_loss=0.0986 train_acc=0.918 | val_loss=0.6580 val_acc=1.000
      ep12 train_loss=0.0887 train_acc=0.934 | val_loss=0.5034 val_acc=1.000
      ep13 train_loss=0.0878 train_acc=0.885 | val_loss=0.8849 val_acc=0.333
      ep14 train_loss=0.0667 train_acc=0.918 | val_loss=0.7360 val_acc=0.667
      ep15 train_loss=0.0782 train_acc=0.918 | val_loss=0.8824 val_acc=0.667
      ep16 train_loss=0.0525 train_acc=0.926 | val_loss=0.9221 val_acc=0.333
      ep17 train_loss=0.0484 train_acc=0.930 | val_loss=0.9897 val_acc=0.333
      ep18 train_loss=0.0371 train_acc=0.967 | val_loss=1.0348 val_acc=0.333
      ep19 train_loss=0.0314 train_acc=0.942 | val_loss=0.8313 val_acc=0.667
      ep20 train_loss=0.0409 train_acc=0.942 | val_loss=0.5966 val_acc=1.000
      ep21 train_loss=0.0466 train_acc=0.938 | val_loss=0.7765 val_acc=0.667
      ep22 train_loss=0.0476 train_acc=0.947 | val_loss=0.6678 val_acc=0.667
      ep23 train_loss=0.0278 train_acc=0.963 | val_loss=0.7399 val_acc=0.667
      ep24 train_loss=0.0389 train_acc=0.942 | val_loss=0.8819 val_acc=0.333
    fold acc=0.667 time=240.5s | running pooled acc=0.678

--- Fold 19/26 | test sub19 (15 test, 231 train) ---
      ep00 train_loss=0.9344 train_acc=0.320 | val_loss=1.2426 val_acc=0.400
      ep01 train_loss=0.5446 train_acc=0.519 | val_loss=0.7037 val_acc=0.600
      ep02 train_loss=0.3624 train_acc=0.680 | val_loss=0.6891 val_acc=0.733
      ep03 train_loss=0.2895 train_acc=0.732 | val_loss=0.6819 val_acc=0.800
      ep04 train_loss=0.2610 train_acc=0.723 | val_loss=1.0340 val_acc=0.467
      ep05 train_loss=0.1880 train_acc=0.801 | val_loss=0.7703 val_acc=0.600
      ep06 train_loss=0.1928 train_acc=0.797 | val_loss=0.8679 val_acc=0.667
      ep07 train_loss=0.1970 train_acc=0.805 | val_loss=0.6538 val_acc=0.733
      ep08 train_loss=0.1565 train_acc=0.861 | val_loss=1.0373 val_acc=0.467
      ep09 train_loss=0.1670 train_acc=0.814 | val_loss=0.9960 val_acc=0.600
      ep10 train_loss=0.1183 train_acc=0.831 | val_loss=0.6330 val_acc=0.733
      ep11 train_loss=0.0799 train_acc=0.887 | val_loss=0.7253 val_acc=0.533
      ep12 train_loss=0.1143 train_acc=0.892 | val_loss=0.8599 val_acc=0.667
      ep13 train_loss=0.0997 train_acc=0.896 | val_loss=0.7687 val_acc=0.600
      ep14 train_loss=0.0906 train_acc=0.905 | val_loss=0.6983 val_acc=0.733
      ep15 train_loss=0.0658 train_acc=0.922 | val_loss=0.8341 val_acc=0.667
      ep16 train_loss=0.0768 train_acc=0.931 | val_loss=0.8277 val_acc=0.600
      ep17 train_loss=0.0523 train_acc=0.935 | val_loss=0.8570 val_acc=0.533
      ep18 train_loss=0.0341 train_acc=0.944 | val_loss=0.8367 val_acc=0.600
      ep19 train_loss=0.0558 train_acc=0.939 | val_loss=0.8422 val_acc=0.600
      ep20 train_loss=0.0377 train_acc=0.957 | val_loss=0.8594 val_acc=0.600
      ep21 train_loss=0.0602 train_acc=0.935 | val_loss=0.8444 val_acc=0.600
      ep22 train_loss=0.0370 train_acc=0.948 | val_loss=0.8447 val_acc=0.600
      ep23 train_loss=0.0555 train_acc=0.961 | val_loss=0.8080 val_acc=0.600
      ep24 train_loss=0.0416 train_acc=0.978 | val_loss=0.8294 val_acc=0.600
    fold acc=0.733 time=253.8s | running pooled acc=0.683

--- Fold 20/26 | test sub20 (11 test, 235 train) ---
      ep00 train_loss=0.9435 train_acc=0.349 | val_loss=1.3928 val_acc=0.364
      ep01 train_loss=0.5964 train_acc=0.549 | val_loss=1.3430 val_acc=0.364
      ep02 train_loss=0.4341 train_acc=0.621 | val_loss=1.3362 val_acc=0.364
      ep03 train_loss=0.3146 train_acc=0.702 | val_loss=1.0877 val_acc=0.455
      ep04 train_loss=0.2438 train_acc=0.800 | val_loss=0.8715 val_acc=0.636
      ep05 train_loss=0.2856 train_acc=0.723 | val_loss=1.1960 val_acc=0.273
      ep06 train_loss=0.2444 train_acc=0.779 | val_loss=1.0081 val_acc=0.545
      ep07 train_loss=0.1537 train_acc=0.830 | val_loss=0.8781 val_acc=0.455
      ep08 train_loss=0.1913 train_acc=0.804 | val_loss=0.6392 val_acc=0.727
      ep09 train_loss=0.1174 train_acc=0.868 | val_loss=0.8118 val_acc=0.636
      ep10 train_loss=0.1391 train_acc=0.864 | val_loss=0.6206 val_acc=0.727
      ep11 train_loss=0.1409 train_acc=0.838 | val_loss=0.6637 val_acc=0.636
      ep12 train_loss=0.0944 train_acc=0.911 | val_loss=0.9081 val_acc=0.364
      ep13 train_loss=0.1065 train_acc=0.889 | val_loss=0.8197 val_acc=0.545
      ep14 train_loss=0.0704 train_acc=0.906 | val_loss=0.6269 val_acc=0.818
      ep15 train_loss=0.0686 train_acc=0.898 | val_loss=0.8511 val_acc=0.636
      ep16 train_loss=0.0784 train_acc=0.902 | val_loss=0.9256 val_acc=0.545
      ep17 train_loss=0.0609 train_acc=0.932 | val_loss=0.9517 val_acc=0.545
      ep18 train_loss=0.0482 train_acc=0.940 | val_loss=0.8296 val_acc=0.636
      ep19 train_loss=0.0539 train_acc=0.957 | val_loss=0.7592 val_acc=0.727
      ep20 train_loss=0.0472 train_acc=0.949 | val_loss=0.7360 val_acc=0.636
      ep21 train_loss=0.0646 train_acc=0.945 | val_loss=0.6874 val_acc=0.727
      ep22 train_loss=0.0477 train_acc=0.953 | val_loss=0.7248 val_acc=0.727
      ep23 train_loss=0.0375 train_acc=0.945 | val_loss=0.7777 val_acc=0.636
      ep24 train_loss=0.0570 train_acc=0.928 | val_loss=0.8310 val_acc=0.636
    fold acc=0.636 time=243.1s | running pooled acc=0.680

--- Fold 21/26 | test sub21 (2 test, 244 train) ---
      ep00 train_loss=0.9508 train_acc=0.373 | val_loss=1.7091 val_acc=0.000
      ep01 train_loss=0.5730 train_acc=0.541 | val_loss=2.2723 val_acc=0.500
      ep02 train_loss=0.3790 train_acc=0.656 | val_loss=1.5499 val_acc=0.000
      ep03 train_loss=0.3752 train_acc=0.648 | val_loss=2.8039 val_acc=0.000
      ep04 train_loss=0.2924 train_acc=0.701 | val_loss=1.8984 val_acc=0.500
      ep05 train_loss=0.2210 train_acc=0.799 | val_loss=3.4045 val_acc=0.000
      ep06 train_loss=0.1677 train_acc=0.816 | val_loss=3.0680 val_acc=0.500
      ep07 train_loss=0.1653 train_acc=0.820 | val_loss=2.7331 val_acc=0.500
      ep08 train_loss=0.1663 train_acc=0.811 | val_loss=3.4091 val_acc=0.500
      ep09 train_loss=0.1390 train_acc=0.848 | val_loss=2.4084 val_acc=0.500
      ep10 train_loss=0.1386 train_acc=0.840 | val_loss=2.5277 val_acc=0.500
      ep11 train_loss=0.1349 train_acc=0.885 | val_loss=1.9892 val_acc=0.500
      ep12 train_loss=0.1033 train_acc=0.906 | val_loss=2.2868 val_acc=0.500
      ep13 train_loss=0.0794 train_acc=0.893 | val_loss=2.4134 val_acc=0.500
      ep14 train_loss=0.0727 train_acc=0.926 | val_loss=2.3750 val_acc=0.500
      ep15 train_loss=0.0683 train_acc=0.918 | val_loss=2.5099 val_acc=0.500
      ep16 train_loss=0.0326 train_acc=0.975 | val_loss=2.3070 val_acc=0.500
      ep17 train_loss=0.0762 train_acc=0.914 | val_loss=2.4966 val_acc=0.500
      ep18 train_loss=0.0661 train_acc=0.902 | val_loss=2.8449 val_acc=0.500
      ep19 train_loss=0.0255 train_acc=0.967 | val_loss=2.6123 val_acc=0.500
      ep20 train_loss=0.0360 train_acc=0.959 | val_loss=2.5432 val_acc=0.500
      ep21 train_loss=0.0482 train_acc=0.934 | val_loss=2.7998 val_acc=0.500
      ep22 train_loss=0.0422 train_acc=0.947 | val_loss=2.7765 val_acc=0.500
      ep23 train_loss=0.0432 train_acc=0.955 | val_loss=2.5306 val_acc=0.500
      ep24 train_loss=0.0253 train_acc=0.980 | val_loss=2.7752 val_acc=0.500
    fold acc=0.500 time=245.3s | running pooled acc=0.678

--- Fold 22/26 | test sub22 (2 test, 244 train) ---
      ep00 train_loss=0.9779 train_acc=0.385 | val_loss=0.2324 val_acc=1.000
      ep01 train_loss=0.5525 train_acc=0.557 | val_loss=0.0591 val_acc=1.000
      ep02 train_loss=0.3650 train_acc=0.652 | val_loss=0.0266 val_acc=1.000
      ep03 train_loss=0.3460 train_acc=0.689 | val_loss=0.1528 val_acc=1.000
      ep04 train_loss=0.3007 train_acc=0.705 | val_loss=0.0286 val_acc=1.000
      ep05 train_loss=0.2144 train_acc=0.779 | val_loss=0.0252 val_acc=1.000
      ep06 train_loss=0.1701 train_acc=0.811 | val_loss=0.0333 val_acc=1.000
      ep07 train_loss=0.1663 train_acc=0.795 | val_loss=0.0063 val_acc=1.000
      ep08 train_loss=0.1867 train_acc=0.807 | val_loss=0.0159 val_acc=1.000
      ep09 train_loss=0.1162 train_acc=0.869 | val_loss=0.0232 val_acc=1.000
      ep10 train_loss=0.1231 train_acc=0.861 | val_loss=0.0201 val_acc=1.000
      ep11 train_loss=0.1236 train_acc=0.869 | val_loss=0.0005 val_acc=1.000
      ep12 train_loss=0.0680 train_acc=0.906 | val_loss=0.0319 val_acc=1.000
      ep13 train_loss=0.0505 train_acc=0.963 | val_loss=0.0070 val_acc=1.000
      ep14 train_loss=0.0663 train_acc=0.939 | val_loss=0.0238 val_acc=1.000
      ep15 train_loss=0.0656 train_acc=0.939 | val_loss=0.0369 val_acc=1.000
      ep16 train_loss=0.0559 train_acc=0.963 | val_loss=0.0346 val_acc=1.000
      ep17 train_loss=0.0820 train_acc=0.930 | val_loss=0.0273 val_acc=1.000
      ep18 train_loss=0.0548 train_acc=0.926 | val_loss=0.0244 val_acc=1.000
      ep19 train_loss=0.0326 train_acc=0.967 | val_loss=0.0122 val_acc=1.000
      ep20 train_loss=0.0416 train_acc=0.963 | val_loss=0.0202 val_acc=1.000
      ep21 train_loss=0.0541 train_acc=0.930 | val_loss=0.0144 val_acc=1.000
      ep22 train_loss=0.0360 train_acc=0.959 | val_loss=0.0099 val_acc=1.000
      ep23 train_loss=0.0403 train_acc=0.947 | val_loss=0.0128 val_acc=1.000
      ep24 train_loss=0.0261 train_acc=0.971 | val_loss=0.0169 val_acc=1.000
    fold acc=1.000 time=252.0s | running pooled acc=0.681

--- Fold 23/26 | test sub23 (12 test, 234 train) ---
      ep00 train_loss=0.9209 train_acc=0.380 | val_loss=0.9754 val_acc=0.500
      ep01 train_loss=0.5405 train_acc=0.598 | val_loss=0.9223 val_acc=0.500
      ep02 train_loss=0.4396 train_acc=0.628 | val_loss=0.6397 val_acc=0.833
      ep03 train_loss=0.3166 train_acc=0.692 | val_loss=0.6217 val_acc=0.583
      ep04 train_loss=0.2689 train_acc=0.718 | val_loss=0.7587 val_acc=0.750
      ep05 train_loss=0.2434 train_acc=0.722 | val_loss=0.7639 val_acc=0.667
      ep06 train_loss=0.2188 train_acc=0.778 | val_loss=0.9567 val_acc=0.500
      ep07 train_loss=0.2216 train_acc=0.791 | val_loss=0.5854 val_acc=0.917
      ep08 train_loss=0.1835 train_acc=0.803 | val_loss=0.6156 val_acc=0.833
      ep09 train_loss=0.1521 train_acc=0.816 | val_loss=0.7501 val_acc=0.583
      ep10 train_loss=0.1018 train_acc=0.876 | val_loss=0.4556 val_acc=0.917
      ep11 train_loss=0.1308 train_acc=0.850 | val_loss=0.5880 val_acc=0.583
      ep12 train_loss=0.0905 train_acc=0.889 | val_loss=0.5990 val_acc=0.750
      ep13 train_loss=0.0695 train_acc=0.927 | val_loss=0.3890 val_acc=1.000
      ep14 train_loss=0.0693 train_acc=0.906 | val_loss=0.4550 val_acc=0.833
      ep15 train_loss=0.0691 train_acc=0.902 | val_loss=0.3229 val_acc=0.917
      ep16 train_loss=0.0535 train_acc=0.936 | val_loss=0.4894 val_acc=0.833
      ep17 train_loss=0.0637 train_acc=0.923 | val_loss=0.3815 val_acc=0.833
      ep18 train_loss=0.0419 train_acc=0.949 | val_loss=0.3261 val_acc=0.917
      ep19 train_loss=0.0519 train_acc=0.919 | val_loss=0.2801 val_acc=1.000
      ep20 train_loss=0.0446 train_acc=0.932 | val_loss=0.3063 val_acc=0.917
      ep21 train_loss=0.0415 train_acc=0.936 | val_loss=0.2839 val_acc=1.000
      ep22 train_loss=0.0410 train_acc=0.949 | val_loss=0.3459 val_acc=0.917
      ep23 train_loss=0.0447 train_acc=0.957 | val_loss=0.3747 val_acc=0.833
      ep24 train_loss=0.0308 train_acc=0.974 | val_loss=0.3744 val_acc=0.917
    fold acc=0.833 time=254.2s | running pooled acc=0.690

--- Fold 24/26 | test sub24 (7 test, 239 train) ---
      ep00 train_loss=0.9367 train_acc=0.326 | val_loss=1.3530 val_acc=0.286
      ep01 train_loss=0.5237 train_acc=0.536 | val_loss=1.1510 val_acc=0.571
      ep02 train_loss=0.4387 train_acc=0.640 | val_loss=1.0760 val_acc=0.571
      ep03 train_loss=0.3604 train_acc=0.695 | val_loss=1.0238 val_acc=0.571
      ep04 train_loss=0.2401 train_acc=0.778 | val_loss=0.9711 val_acc=0.714
      ep05 train_loss=0.2063 train_acc=0.770 | val_loss=0.9470 val_acc=0.571
      ep06 train_loss=0.2139 train_acc=0.803 | val_loss=0.9586 val_acc=0.571
      ep07 train_loss=0.1389 train_acc=0.845 | val_loss=0.9843 val_acc=0.571
      ep08 train_loss=0.1534 train_acc=0.870 | val_loss=0.9148 val_acc=0.571
      ep09 train_loss=0.1147 train_acc=0.900 | val_loss=0.9263 val_acc=0.429
      ep10 train_loss=0.1442 train_acc=0.870 | val_loss=1.2963 val_acc=0.429
      ep11 train_loss=0.1390 train_acc=0.845 | val_loss=0.9311 val_acc=0.714
      ep12 train_loss=0.0857 train_acc=0.904 | val_loss=0.8660 val_acc=0.571
      ep13 train_loss=0.0525 train_acc=0.925 | val_loss=0.9559 val_acc=0.571
      ep14 train_loss=0.0524 train_acc=0.933 | val_loss=1.0253 val_acc=0.429
      ep15 train_loss=0.0412 train_acc=0.933 | val_loss=1.0130 val_acc=0.714
      ep16 train_loss=0.0587 train_acc=0.954 | val_loss=0.9988 val_acc=0.571
      ep17 train_loss=0.0567 train_acc=0.921 | val_loss=0.9390 val_acc=0.571
      ep18 train_loss=0.0740 train_acc=0.929 | val_loss=0.9643 val_acc=0.429
      ep19 train_loss=0.0423 train_acc=0.958 | val_loss=0.9348 val_acc=0.714
      ep20 train_loss=0.0496 train_acc=0.950 | val_loss=1.0380 val_acc=0.571
      ep21 train_loss=0.0583 train_acc=0.950 | val_loss=1.0651 val_acc=0.571
      ep22 train_loss=0.0317 train_acc=0.975 | val_loss=1.0122 val_acc=0.571
      ep23 train_loss=0.0321 train_acc=0.950 | val_loss=0.9902 val_acc=0.571
      ep24 train_loss=0.0687 train_acc=0.962 | val_loss=1.0027 val_acc=0.571
    fold acc=0.714 time=232.8s | running pooled acc=0.691

--- Fold 25/26 | test sub25 (7 test, 239 train) ---
      ep00 train_loss=0.9399 train_acc=0.356 | val_loss=1.2690 val_acc=0.429
      ep01 train_loss=0.5210 train_acc=0.577 | val_loss=1.4159 val_acc=0.429
      ep02 train_loss=0.4200 train_acc=0.649 | val_loss=0.9670 val_acc=0.571
      ep03 train_loss=0.3676 train_acc=0.695 | val_loss=0.7015 val_acc=0.857
      ep04 train_loss=0.2401 train_acc=0.757 | val_loss=0.7932 val_acc=0.429
      ep05 train_loss=0.1757 train_acc=0.812 | val_loss=0.6003 val_acc=0.714
      ep06 train_loss=0.2480 train_acc=0.757 | val_loss=0.5924 val_acc=0.714
      ep07 train_loss=0.1338 train_acc=0.874 | val_loss=0.8396 val_acc=0.571
      ep08 train_loss=0.1254 train_acc=0.866 | val_loss=0.5996 val_acc=0.714
      ep09 train_loss=0.1122 train_acc=0.879 | val_loss=0.8381 val_acc=0.714
      ep10 train_loss=0.1474 train_acc=0.854 | val_loss=0.3699 val_acc=1.000
      ep11 train_loss=0.1849 train_acc=0.770 | val_loss=0.6070 val_acc=0.714
      ep12 train_loss=0.0852 train_acc=0.900 | val_loss=0.8461 val_acc=0.571
      ep13 train_loss=0.0574 train_acc=0.900 | val_loss=0.7215 val_acc=0.571
      ep14 train_loss=0.0425 train_acc=0.925 | val_loss=0.4558 val_acc=1.000
      ep15 train_loss=0.0529 train_acc=0.912 | val_loss=0.7314 val_acc=0.571
      ep16 train_loss=0.0568 train_acc=0.937 | val_loss=0.5465 val_acc=0.571
      ep17 train_loss=0.0512 train_acc=0.937 | val_loss=0.5500 val_acc=0.571
      ep18 train_loss=0.0556 train_acc=0.954 | val_loss=0.6418 val_acc=0.571
      ep19 train_loss=0.0334 train_acc=0.967 | val_loss=0.6696 val_acc=0.571
      ep20 train_loss=0.0542 train_acc=0.946 | val_loss=0.5370 val_acc=0.714
      ep21 train_loss=0.0337 train_acc=0.958 | val_loss=0.6785 val_acc=0.571
      ep22 train_loss=0.0269 train_acc=0.975 | val_loss=0.7302 val_acc=0.571
      ep23 train_loss=0.0363 train_acc=0.933 | val_loss=0.5987 val_acc=0.571
      ep24 train_loss=0.0813 train_acc=0.950 | val_loss=0.5658 val_acc=0.714
    fold acc=0.714 time=236.1s | running pooled acc=0.691

--- Fold 26/26 | test sub26 (16 test, 230 train) ---
      ep00 train_loss=1.0509 train_acc=0.326 | val_loss=1.1627 val_acc=0.438
      ep01 train_loss=0.5472 train_acc=0.583 | val_loss=1.2589 val_acc=0.438
      ep02 train_loss=0.4225 train_acc=0.613 | val_loss=1.2537 val_acc=0.375
      ep03 train_loss=0.3787 train_acc=0.696 | val_loss=1.0793 val_acc=0.562
      ep04 train_loss=0.3894 train_acc=0.674 | val_loss=1.0798 val_acc=0.562
      ep05 train_loss=0.3276 train_acc=0.700 | val_loss=1.0905 val_acc=0.438
      ep06 train_loss=0.2508 train_acc=0.787 | val_loss=1.4112 val_acc=0.438
      ep07 train_loss=0.2763 train_acc=0.778 | val_loss=1.4265 val_acc=0.312
      ep08 train_loss=0.1814 train_acc=0.813 | val_loss=1.0959 val_acc=0.500
      ep09 train_loss=0.1238 train_acc=0.830 | val_loss=1.2455 val_acc=0.438
      ep10 train_loss=0.1254 train_acc=0.878 | val_loss=0.9873 val_acc=0.375
      ep11 train_loss=0.0854 train_acc=0.896 | val_loss=1.4588 val_acc=0.438
      ep12 train_loss=0.0828 train_acc=0.891 | val_loss=1.2333 val_acc=0.438
      ep13 train_loss=0.0944 train_acc=0.900 | val_loss=1.7017 val_acc=0.250
      ep14 train_loss=0.0956 train_acc=0.917 | val_loss=1.2431 val_acc=0.438
      ep15 train_loss=0.0975 train_acc=0.909 | val_loss=1.7364 val_acc=0.250
      ep16 train_loss=0.0837 train_acc=0.930 | val_loss=1.3127 val_acc=0.312
      ep17 train_loss=0.0825 train_acc=0.926 | val_loss=1.4580 val_acc=0.312
      ep18 train_loss=0.0559 train_acc=0.948 | val_loss=1.3158 val_acc=0.312
      ep19 train_loss=0.0601 train_acc=0.917 | val_loss=1.3154 val_acc=0.375
      ep20 train_loss=0.0575 train_acc=0.943 | val_loss=1.2177 val_acc=0.438
      ep21 train_loss=0.0662 train_acc=0.935 | val_loss=1.4799 val_acc=0.312
      ep22 train_loss=0.0456 train_acc=0.952 | val_loss=1.5111 val_acc=0.250
      ep23 train_loss=0.0521 train_acc=0.922 | val_loss=1.3070 val_acc=0.500
      ep24 train_loss=0.0353 train_acc=0.948 | val_loss=1.2959 val_acc=0.375
    fold acc=0.500 time=244.3s | running pooled acc=0.679

=== FINAL (pooled LOSO) ===
UF1 = 0.6919
UAR = 0.7026
ACC = 0.6789
per-class F1: happiness=0.603, disgust=0.706, repression=0.593, surprise=0.902, others=0.656
per-class recall: happiness=0.688, disgust=0.667, repression=0.593, surprise=0.920, others=0.646
confusion matrix (rows=true):
        happin disgus repres surpri others
happine     22      0      1      2      7
disgust      3     42      1      0     17
repress      4      0     16      0      7
surpris      1      0      0     23      1
 others     11     14      9      1     64

saved to D:\AI-Projects\casmeII-new-from-sequence-model\experiments\iter_18_focal
elapsed 6170.4s
