=== EXPERIMENT obj6_mc3 ===
time: 2026-07-16T03:51:46.432501
device: cuda (NVIDIA GeForce RTX 3060)
platform: Windows-10-10.0.26200-SP0 | torch 2.6.0+cu124
config:
{
  "seed": 42,
  "T": 16,
  "img_size": 128,
  "base_size": 144,
  "input_mode": "rgb",
  "backbone": "mc3_18",
  "pretrained": true,
  "dropout": 0.5,
  "epochs": 25,
  "lr": 0.0001,
  "weight_decay": 0.001,
  "batch_size": 6,
  "class_weighting": true,
  "label_smoothing": 0.1,
  "hflip": true,
  "color_jitter": 0.0,
  "temporal_jitter": true,
  "amp": true,
  "eval_last_k": 3,
  "tta": 5,
  "cache_dir": "cache/flow144",
  "index": "cache/index_objective.csv",
  "class_names": [
    "obj1",
    "obj2",
    "obj3",
    "obj4",
    "obj5",
    "obj7"
  ],
  "name": "obj6_mc3",
  "modality": "flow",
  "temporal_span": "onset_offset",
  "flow_clip": 3.0,
  "manifest_name": "manifest_obj6.csv"
}
samples: 254 | classes: 6 ['obj1', 'obj2', 'obj3', 'obj4', 'obj5', 'obj7']
loading arrays into RAM...
loaded 254 arrays

--- Fold 1/26 | test sub01 (9 test, 245 train) ---
      ep00 train_loss=1.9115 train_acc=0.314 | val_loss=1.2556 val_acc=0.444
      ep01 train_loss=1.5911 train_acc=0.502 | val_loss=0.9867 val_acc=0.667
      ep02 train_loss=1.4886 train_acc=0.543 | val_loss=0.8045 val_acc=0.778
      ep03 train_loss=1.3385 train_acc=0.616 | val_loss=0.7363 val_acc=0.667
      ep04 train_loss=1.3685 train_acc=0.624 | val_loss=0.5990 val_acc=0.889
      ep05 train_loss=1.2140 train_acc=0.727 | val_loss=0.8085 val_acc=0.778
      ep06 train_loss=1.3250 train_acc=0.641 | val_loss=0.8439 val_acc=0.778
      ep07 train_loss=1.1740 train_acc=0.714 | val_loss=0.9529 val_acc=0.667
      ep08 train_loss=1.0582 train_acc=0.759 | val_loss=0.6489 val_acc=0.778
      ep09 train_loss=1.0919 train_acc=0.755 | val_loss=0.7274 val_acc=0.778
      ep10 train_loss=1.0349 train_acc=0.812 | val_loss=0.6353 val_acc=0.889
      ep11 train_loss=0.9430 train_acc=0.873 | val_loss=0.6502 val_acc=0.889
      ep12 train_loss=0.9516 train_acc=0.857 | val_loss=0.8754 val_acc=0.778
      ep13 train_loss=0.9550 train_acc=0.861 | val_loss=0.7304 val_acc=0.889
      ep14 train_loss=0.9629 train_acc=0.845 | val_loss=0.6388 val_acc=0.889
      ep15 train_loss=0.9094 train_acc=0.902 | val_loss=0.7633 val_acc=0.889
      ep16 train_loss=0.8826 train_acc=0.894 | val_loss=0.5741 val_acc=0.889
      ep17 train_loss=0.8928 train_acc=0.873 | val_loss=0.5882 val_acc=0.889
      ep18 train_loss=0.8562 train_acc=0.922 | val_loss=0.6913 val_acc=0.889
      ep19 train_loss=0.8540 train_acc=0.898 | val_loss=0.6677 val_acc=0.889
      ep20 train_loss=0.8973 train_acc=0.906 | val_loss=0.6373 val_acc=0.889
      ep21 train_loss=0.8323 train_acc=0.939 | val_loss=0.6623 val_acc=0.889
      ep22 train_loss=0.8285 train_acc=0.935 | val_loss=0.5857 val_acc=0.889
      ep23 train_loss=0.8308 train_acc=0.931 | val_loss=0.6719 val_acc=0.889
      ep24 train_loss=0.8793 train_acc=0.882 | val_loss=0.6754 val_acc=0.889
    fold acc=0.889 time=239.9s | running pooled acc=0.889

--- Fold 2/26 | test sub02 (13 test, 241 train) ---
      ep00 train_loss=1.8674 train_acc=0.378 | val_loss=1.6334 val_acc=0.077
      ep01 train_loss=1.6368 train_acc=0.506 | val_loss=1.5087 val_acc=0.308
      ep02 train_loss=1.4301 train_acc=0.577 | val_loss=1.2097 val_acc=0.462
      ep03 train_loss=1.4164 train_acc=0.635 | val_loss=1.4729 val_acc=0.308
      ep04 train_loss=1.4075 train_acc=0.622 | val_loss=1.2176 val_acc=0.462
      ep05 train_loss=1.2590 train_acc=0.730 | val_loss=1.1452 val_acc=0.615
      ep06 train_loss=1.1396 train_acc=0.739 | val_loss=1.0606 val_acc=0.615
      ep07 train_loss=1.2072 train_acc=0.780 | val_loss=1.0026 val_acc=0.692
      ep08 train_loss=1.1553 train_acc=0.797 | val_loss=1.2222 val_acc=0.538
      ep09 train_loss=1.1598 train_acc=0.776 | val_loss=1.0236 val_acc=0.615
      ep10 train_loss=1.0572 train_acc=0.863 | val_loss=1.0145 val_acc=0.692
      ep11 train_loss=1.0055 train_acc=0.834 | val_loss=1.0794 val_acc=0.615
      ep12 train_loss=1.0047 train_acc=0.876 | val_loss=1.0737 val_acc=0.538
      ep13 train_loss=0.8719 train_acc=0.905 | val_loss=1.0100 val_acc=0.615
      ep14 train_loss=0.9608 train_acc=0.855 | val_loss=1.0887 val_acc=0.615
      ep15 train_loss=0.8875 train_acc=0.921 | val_loss=1.2098 val_acc=0.615
      ep16 train_loss=0.9087 train_acc=0.884 | val_loss=1.1304 val_acc=0.692
      ep17 train_loss=0.8598 train_acc=0.925 | val_loss=1.0029 val_acc=0.615
      ep18 train_loss=0.8622 train_acc=0.913 | val_loss=1.0140 val_acc=0.615
      ep19 train_loss=0.8397 train_acc=0.929 | val_loss=1.0781 val_acc=0.692
      ep20 train_loss=0.8821 train_acc=0.909 | val_loss=0.9552 val_acc=0.615
      ep21 train_loss=0.8334 train_acc=0.942 | val_loss=0.9399 val_acc=0.615
      ep22 train_loss=0.8811 train_acc=0.929 | val_loss=1.0103 val_acc=0.615
      ep23 train_loss=0.8518 train_acc=0.942 | val_loss=0.9943 val_acc=0.615
      ep24 train_loss=0.8913 train_acc=0.921 | val_loss=0.9494 val_acc=0.615
    fold acc=0.615 time=238.6s | running pooled acc=0.727

--- Fold 3/26 | test sub03 (7 test, 247 train) ---
      ep00 train_loss=1.9545 train_acc=0.393 | val_loss=1.6178 val_acc=0.429
      ep01 train_loss=1.6643 train_acc=0.526 | val_loss=1.7489 val_acc=0.429
      ep02 train_loss=1.5329 train_acc=0.571 | val_loss=1.6570 val_acc=0.429
      ep03 train_loss=1.3593 train_acc=0.676 | val_loss=1.8032 val_acc=0.429
      ep04 train_loss=1.2491 train_acc=0.680 | val_loss=1.9593 val_acc=0.286
      ep05 train_loss=1.2689 train_acc=0.692 | val_loss=1.6280 val_acc=0.429
      ep06 train_loss=1.2585 train_acc=0.704 | val_loss=1.8000 val_acc=0.286
      ep07 train_loss=1.1987 train_acc=0.741 | val_loss=1.9571 val_acc=0.286
      ep08 train_loss=1.0753 train_acc=0.777 | val_loss=2.1361 val_acc=0.286
      ep09 train_loss=1.1200 train_acc=0.773 | val_loss=1.6734 val_acc=0.429
      ep10 train_loss=1.1101 train_acc=0.773 | val_loss=1.7683 val_acc=0.286
      ep11 train_loss=0.9658 train_acc=0.834 | val_loss=1.9881 val_acc=0.286
      ep12 train_loss=1.0262 train_acc=0.830 | val_loss=2.1258 val_acc=0.286
      ep13 train_loss=0.8809 train_acc=0.887 | val_loss=1.9121 val_acc=0.286
      ep14 train_loss=0.9499 train_acc=0.862 | val_loss=2.0182 val_acc=0.286
      ep15 train_loss=0.8507 train_acc=0.899 | val_loss=2.1780 val_acc=0.286
      ep16 train_loss=0.8632 train_acc=0.919 | val_loss=2.0107 val_acc=0.143
      ep17 train_loss=0.8762 train_acc=0.915 | val_loss=2.0961 val_acc=0.143
      ep18 train_loss=0.8261 train_acc=0.947 | val_loss=2.2185 val_acc=0.143
      ep19 train_loss=0.8420 train_acc=0.915 | val_loss=2.2420 val_acc=0.143
      ep20 train_loss=0.8916 train_acc=0.911 | val_loss=2.4780 val_acc=0.143
      ep21 train_loss=0.8768 train_acc=0.923 | val_loss=2.2226 val_acc=0.286
      ep22 train_loss=0.8971 train_acc=0.907 | val_loss=2.3107 val_acc=0.143
      ep23 train_loss=0.8047 train_acc=0.939 | val_loss=2.4324 val_acc=0.143
      ep24 train_loss=0.8531 train_acc=0.915 | val_loss=2.1802 val_acc=0.143
    fold acc=0.143 time=239.4s | running pooled acc=0.586

--- Fold 4/26 | test sub04 (5 test, 249 train) ---
      ep00 train_loss=1.8956 train_acc=0.313 | val_loss=1.3422 val_acc=0.400
      ep01 train_loss=1.6021 train_acc=0.534 | val_loss=1.3332 val_acc=0.400
      ep02 train_loss=1.4660 train_acc=0.578 | val_loss=2.1163 val_acc=0.400
      ep03 train_loss=1.3253 train_acc=0.631 | val_loss=1.2485 val_acc=0.400
      ep04 train_loss=1.2511 train_acc=0.715 | val_loss=2.4046 val_acc=0.400
      ep05 train_loss=1.2100 train_acc=0.723 | val_loss=2.0656 val_acc=0.400
      ep06 train_loss=1.1778 train_acc=0.755 | val_loss=2.1148 val_acc=0.400
      ep07 train_loss=1.1149 train_acc=0.743 | val_loss=2.2803 val_acc=0.400
      ep08 train_loss=1.1192 train_acc=0.759 | val_loss=1.3945 val_acc=0.600
      ep09 train_loss=1.0573 train_acc=0.795 | val_loss=1.0943 val_acc=0.600
      ep10 train_loss=0.9901 train_acc=0.811 | val_loss=1.5183 val_acc=0.400
      ep11 train_loss=0.9502 train_acc=0.867 | val_loss=2.0030 val_acc=0.400
      ep12 train_loss=0.9195 train_acc=0.863 | val_loss=1.6791 val_acc=0.400
      ep13 train_loss=0.9245 train_acc=0.876 | val_loss=1.3568 val_acc=0.400
      ep14 train_loss=0.9046 train_acc=0.880 | val_loss=1.8382 val_acc=0.400
      ep15 train_loss=0.9229 train_acc=0.851 | val_loss=1.6182 val_acc=0.600
      ep16 train_loss=0.8874 train_acc=0.916 | val_loss=1.7777 val_acc=0.400
      ep17 train_loss=0.8649 train_acc=0.932 | val_loss=1.5355 val_acc=0.400
      ep18 train_loss=0.8223 train_acc=0.940 | val_loss=1.5549 val_acc=0.400
      ep19 train_loss=0.8123 train_acc=0.920 | val_loss=1.7700 val_acc=0.400
      ep20 train_loss=0.7869 train_acc=0.928 | val_loss=1.6386 val_acc=0.400
      ep21 train_loss=0.8275 train_acc=0.904 | val_loss=1.5251 val_acc=0.400
      ep22 train_loss=0.8615 train_acc=0.920 | val_loss=1.5138 val_acc=0.400
      ep23 train_loss=0.8436 train_acc=0.936 | val_loss=1.6035 val_acc=0.400
      ep24 train_loss=0.7946 train_acc=0.952 | val_loss=1.3006 val_acc=0.600
    fold acc=0.400 time=239.7s | running pooled acc=0.559

--- Fold 5/26 | test sub05 (19 test, 235 train) ---
      ep00 train_loss=1.9306 train_acc=0.332 | val_loss=1.5577 val_acc=0.368
      ep01 train_loss=1.6434 train_acc=0.481 | val_loss=1.2597 val_acc=0.526
      ep02 train_loss=1.4740 train_acc=0.617 | val_loss=1.3729 val_acc=0.632
      ep03 train_loss=1.3220 train_acc=0.655 | val_loss=1.3237 val_acc=0.632
      ep04 train_loss=1.3303 train_acc=0.664 | val_loss=1.2313 val_acc=0.474
      ep05 train_loss=1.2493 train_acc=0.685 | val_loss=1.8183 val_acc=0.421
      ep06 train_loss=1.2086 train_acc=0.745 | val_loss=1.2126 val_acc=0.526
      ep07 train_loss=1.1151 train_acc=0.766 | val_loss=1.5629 val_acc=0.474
      ep08 train_loss=1.2143 train_acc=0.770 | val_loss=1.1895 val_acc=0.684
      ep09 train_loss=1.0558 train_acc=0.800 | val_loss=1.9536 val_acc=0.368
      ep10 train_loss=1.0812 train_acc=0.762 | val_loss=1.2791 val_acc=0.526
      ep11 train_loss=1.0522 train_acc=0.796 | val_loss=1.2610 val_acc=0.579
      ep12 train_loss=0.9757 train_acc=0.838 | val_loss=1.2027 val_acc=0.526
      ep13 train_loss=0.8999 train_acc=0.915 | val_loss=1.3491 val_acc=0.526
      ep14 train_loss=0.9368 train_acc=0.868 | val_loss=1.3668 val_acc=0.632
      ep15 train_loss=0.8714 train_acc=0.898 | val_loss=1.3296 val_acc=0.474
      ep16 train_loss=0.8789 train_acc=0.902 | val_loss=1.6189 val_acc=0.474
      ep17 train_loss=0.8655 train_acc=0.928 | val_loss=1.3257 val_acc=0.579
      ep18 train_loss=0.9193 train_acc=0.885 | val_loss=1.3075 val_acc=0.526
      ep19 train_loss=0.8631 train_acc=0.923 | val_loss=1.4218 val_acc=0.579
      ep20 train_loss=0.8481 train_acc=0.919 | val_loss=1.5099 val_acc=0.579
      ep21 train_loss=0.8441 train_acc=0.928 | val_loss=1.2763 val_acc=0.632
      ep22 train_loss=0.8656 train_acc=0.911 | val_loss=1.5628 val_acc=0.474
      ep23 train_loss=0.8332 train_acc=0.940 | val_loss=1.4935 val_acc=0.526
      ep24 train_loss=0.8182 train_acc=0.962 | val_loss=1.5180 val_acc=0.526
    fold acc=0.526 time=239.2s | running pooled acc=0.547

--- Fold 6/26 | test sub06 (5 test, 249 train) ---
      ep00 train_loss=1.9357 train_acc=0.309 | val_loss=1.4967 val_acc=0.600
      ep01 train_loss=1.6427 train_acc=0.534 | val_loss=1.7741 val_acc=0.400
      ep02 train_loss=1.4278 train_acc=0.582 | val_loss=1.6776 val_acc=0.200
      ep03 train_loss=1.3227 train_acc=0.610 | val_loss=1.8339 val_acc=0.400
      ep04 train_loss=1.2685 train_acc=0.707 | val_loss=1.2548 val_acc=0.400
      ep05 train_loss=1.2197 train_acc=0.695 | val_loss=2.1312 val_acc=0.400
      ep06 train_loss=1.2199 train_acc=0.755 | val_loss=2.0608 val_acc=0.200
      ep07 train_loss=1.1462 train_acc=0.747 | val_loss=1.6814 val_acc=0.400
      ep08 train_loss=1.1232 train_acc=0.779 | val_loss=1.5205 val_acc=0.600
      ep09 train_loss=1.1044 train_acc=0.763 | val_loss=1.1112 val_acc=0.400
      ep10 train_loss=1.0050 train_acc=0.807 | val_loss=1.3376 val_acc=0.400
      ep11 train_loss=0.9574 train_acc=0.867 | val_loss=1.7990 val_acc=0.400
      ep12 train_loss=0.9344 train_acc=0.859 | val_loss=1.8054 val_acc=0.400
      ep13 train_loss=0.9695 train_acc=0.847 | val_loss=1.7251 val_acc=0.400
      ep14 train_loss=0.9654 train_acc=0.859 | val_loss=1.9987 val_acc=0.400
      ep15 train_loss=0.9519 train_acc=0.851 | val_loss=1.5774 val_acc=0.400
      ep16 train_loss=0.8844 train_acc=0.928 | val_loss=1.5787 val_acc=0.400
      ep17 train_loss=0.8865 train_acc=0.920 | val_loss=1.3185 val_acc=0.400
      ep18 train_loss=0.8588 train_acc=0.916 | val_loss=1.6408 val_acc=0.600
      ep19 train_loss=0.8104 train_acc=0.944 | val_loss=1.6181 val_acc=0.600
      ep20 train_loss=0.8173 train_acc=0.928 | val_loss=1.7285 val_acc=0.400
      ep21 train_loss=0.8584 train_acc=0.916 | val_loss=1.5407 val_acc=0.400
      ep22 train_loss=0.8845 train_acc=0.908 | val_loss=1.5250 val_acc=0.600
      ep23 train_loss=0.8430 train_acc=0.932 | val_loss=1.4560 val_acc=0.600
      ep24 train_loss=0.8162 train_acc=0.936 | val_loss=1.6479 val_acc=0.400
    fold acc=0.600 time=239.7s | running pooled acc=0.552

--- Fold 7/26 | test sub07 (9 test, 245 train) ---
      ep00 train_loss=1.9176 train_acc=0.331 | val_loss=1.5838 val_acc=0.222
      ep01 train_loss=1.5190 train_acc=0.576 | val_loss=1.6179 val_acc=0.333
      ep02 train_loss=1.4402 train_acc=0.571 | val_loss=1.4512 val_acc=0.444
      ep03 train_loss=1.3477 train_acc=0.649 | val_loss=1.9743 val_acc=0.222
      ep04 train_loss=1.3622 train_acc=0.678 | val_loss=1.5370 val_acc=0.333
      ep05 train_loss=1.2279 train_acc=0.743 | val_loss=1.5020 val_acc=0.444
      ep06 train_loss=1.2726 train_acc=0.718 | val_loss=1.5176 val_acc=0.444
      ep07 train_loss=1.1414 train_acc=0.747 | val_loss=1.4241 val_acc=0.556
      ep08 train_loss=1.1656 train_acc=0.751 | val_loss=1.5264 val_acc=0.556
      ep09 train_loss=1.1083 train_acc=0.763 | val_loss=1.4883 val_acc=0.444
      ep10 train_loss=1.0701 train_acc=0.776 | val_loss=1.4626 val_acc=0.556
      ep11 train_loss=0.9486 train_acc=0.865 | val_loss=1.7215 val_acc=0.444
      ep12 train_loss=0.9454 train_acc=0.890 | val_loss=1.5424 val_acc=0.444
      ep13 train_loss=0.9443 train_acc=0.882 | val_loss=1.8434 val_acc=0.444
      ep14 train_loss=0.9449 train_acc=0.890 | val_loss=1.5211 val_acc=0.556
      ep15 train_loss=0.8608 train_acc=0.873 | val_loss=1.4977 val_acc=0.556
      ep16 train_loss=0.8534 train_acc=0.931 | val_loss=1.5570 val_acc=0.556
      ep17 train_loss=0.8806 train_acc=0.894 | val_loss=1.4679 val_acc=0.556
      ep18 train_loss=0.8335 train_acc=0.906 | val_loss=1.7236 val_acc=0.556
      ep19 train_loss=0.8540 train_acc=0.914 | val_loss=1.7321 val_acc=0.556
      ep20 train_loss=0.8989 train_acc=0.918 | val_loss=1.7238 val_acc=0.556
      ep21 train_loss=0.8080 train_acc=0.951 | val_loss=1.6558 val_acc=0.556
      ep22 train_loss=0.8719 train_acc=0.927 | val_loss=1.6360 val_acc=0.556
      ep23 train_loss=0.8178 train_acc=0.931 | val_loss=1.6847 val_acc=0.556
      ep24 train_loss=0.8619 train_acc=0.922 | val_loss=1.6490 val_acc=0.556
    fold acc=0.556 time=238.7s | running pooled acc=0.552

--- Fold 8/26 | test sub08 (3 test, 251 train) ---
      ep00 train_loss=1.8811 train_acc=0.339 | val_loss=1.2756 val_acc=0.667
      ep01 train_loss=1.5746 train_acc=0.506 | val_loss=1.3206 val_acc=0.667
      ep02 train_loss=1.5217 train_acc=0.570 | val_loss=0.8020 val_acc=0.667
      ep03 train_loss=1.3630 train_acc=0.590 | val_loss=1.2704 val_acc=0.333
      ep04 train_loss=1.3856 train_acc=0.637 | val_loss=0.8109 val_acc=1.000
      ep05 train_loss=1.2873 train_acc=0.697 | val_loss=0.6080 val_acc=1.000
      ep06 train_loss=1.1925 train_acc=0.733 | val_loss=0.7525 val_acc=1.000
      ep07 train_loss=1.1554 train_acc=0.765 | val_loss=0.6708 val_acc=0.667
      ep08 train_loss=1.0573 train_acc=0.777 | val_loss=0.6519 val_acc=0.667
      ep09 train_loss=1.0433 train_acc=0.801 | val_loss=1.1490 val_acc=0.333
      ep10 train_loss=1.0282 train_acc=0.809 | val_loss=1.0889 val_acc=0.333
      ep11 train_loss=0.9890 train_acc=0.861 | val_loss=0.6226 val_acc=0.667
      ep12 train_loss=0.9799 train_acc=0.841 | val_loss=0.8166 val_acc=0.333
      ep13 train_loss=0.8734 train_acc=0.884 | val_loss=1.1131 val_acc=0.333
      ep14 train_loss=0.9173 train_acc=0.892 | val_loss=0.9275 val_acc=0.667
      ep15 train_loss=0.8672 train_acc=0.908 | val_loss=0.8903 val_acc=0.333
      ep16 train_loss=0.8478 train_acc=0.892 | val_loss=0.7363 val_acc=0.667
      ep17 train_loss=0.8097 train_acc=0.932 | val_loss=1.0573 val_acc=0.333
      ep18 train_loss=0.8524 train_acc=0.912 | val_loss=0.6910 val_acc=1.000
      ep19 train_loss=0.8500 train_acc=0.916 | val_loss=1.0636 val_acc=0.333
      ep20 train_loss=0.8268 train_acc=0.924 | val_loss=1.1900 val_acc=0.333
      ep21 train_loss=0.8147 train_acc=0.932 | val_loss=0.9073 val_acc=0.333
      ep22 train_loss=0.8498 train_acc=0.920 | val_loss=0.7178 val_acc=0.333
      ep23 train_loss=0.8259 train_acc=0.948 | val_loss=0.9652 val_acc=0.333
      ep24 train_loss=0.8292 train_acc=0.940 | val_loss=0.7960 val_acc=0.667
    fold acc=0.667 time=240.6s | running pooled acc=0.557

--- Fold 9/26 | test sub09 (13 test, 241 train) ---
      ep00 train_loss=1.9143 train_acc=0.357 | val_loss=1.3075 val_acc=0.385
      ep01 train_loss=1.6239 train_acc=0.523 | val_loss=1.1396 val_acc=0.615
      ep02 train_loss=1.4693 train_acc=0.564 | val_loss=1.1871 val_acc=0.538
      ep03 train_loss=1.4067 train_acc=0.651 | val_loss=0.8324 val_acc=0.769
      ep04 train_loss=1.3665 train_acc=0.610 | val_loss=0.7023 val_acc=0.846
      ep05 train_loss=1.3393 train_acc=0.635 | val_loss=0.7917 val_acc=0.615
      ep06 train_loss=1.2464 train_acc=0.693 | val_loss=0.7032 val_acc=0.769
      ep07 train_loss=1.2451 train_acc=0.743 | val_loss=0.6786 val_acc=0.692
      ep08 train_loss=1.2327 train_acc=0.722 | val_loss=0.7304 val_acc=0.769
      ep09 train_loss=1.1527 train_acc=0.772 | val_loss=0.7214 val_acc=0.769
      ep10 train_loss=1.1832 train_acc=0.780 | val_loss=0.7457 val_acc=0.692
      ep11 train_loss=1.0702 train_acc=0.813 | val_loss=0.8326 val_acc=0.538
      ep12 train_loss=1.0749 train_acc=0.784 | val_loss=0.6412 val_acc=0.846
      ep13 train_loss=0.9187 train_acc=0.896 | val_loss=0.7204 val_acc=0.769
      ep14 train_loss=1.0282 train_acc=0.813 | val_loss=0.6196 val_acc=0.769
      ep15 train_loss=0.9141 train_acc=0.917 | val_loss=0.6536 val_acc=0.769
      ep16 train_loss=0.8909 train_acc=0.909 | val_loss=0.7011 val_acc=0.846
      ep17 train_loss=0.8461 train_acc=0.913 | val_loss=0.6720 val_acc=0.769
      ep18 train_loss=0.8481 train_acc=0.950 | val_loss=0.6468 val_acc=0.769
      ep19 train_loss=0.8969 train_acc=0.921 | val_loss=0.6677 val_acc=0.846
      ep20 train_loss=0.8637 train_acc=0.925 | val_loss=0.6602 val_acc=0.846
      ep21 train_loss=0.8520 train_acc=0.954 | val_loss=0.6528 val_acc=0.769
      ep22 train_loss=0.8480 train_acc=0.959 | val_loss=0.6655 val_acc=0.846
      ep23 train_loss=0.8773 train_acc=0.917 | val_loss=0.7023 val_acc=0.769
      ep24 train_loss=0.8755 train_acc=0.938 | val_loss=0.7102 val_acc=0.846
    fold acc=0.769 time=239.9s | running pooled acc=0.590

--- Fold 10/26 | test sub10 (14 test, 240 train) ---
      ep00 train_loss=1.8518 train_acc=0.362 | val_loss=0.6964 val_acc=0.857
      ep01 train_loss=1.5423 train_acc=0.512 | val_loss=0.6625 val_acc=0.857
      ep02 train_loss=1.4203 train_acc=0.621 | val_loss=0.6392 val_acc=0.857
      ep03 train_loss=1.4361 train_acc=0.537 | val_loss=0.5880 val_acc=0.857
      ep04 train_loss=1.3777 train_acc=0.604 | val_loss=0.5144 val_acc=0.857
      ep05 train_loss=1.2086 train_acc=0.729 | val_loss=0.6998 val_acc=0.714
      ep06 train_loss=1.0990 train_acc=0.762 | val_loss=0.6626 val_acc=0.786
      ep07 train_loss=1.0982 train_acc=0.771 | val_loss=0.4855 val_acc=0.857
      ep08 train_loss=1.0702 train_acc=0.767 | val_loss=0.6343 val_acc=0.714
      ep09 train_loss=1.0012 train_acc=0.829 | val_loss=0.5500 val_acc=0.857
      ep10 train_loss=1.0578 train_acc=0.800 | val_loss=0.5516 val_acc=0.857
      ep11 train_loss=0.9359 train_acc=0.900 | val_loss=0.5318 val_acc=0.786
      ep12 train_loss=0.9604 train_acc=0.854 | val_loss=0.5279 val_acc=0.857
      ep13 train_loss=0.8674 train_acc=0.887 | val_loss=0.4490 val_acc=0.857
      ep14 train_loss=0.8679 train_acc=0.892 | val_loss=0.3392 val_acc=0.929
      ep15 train_loss=0.8862 train_acc=0.917 | val_loss=0.5789 val_acc=0.857
      ep16 train_loss=0.8438 train_acc=0.912 | val_loss=0.6817 val_acc=0.786
      ep17 train_loss=0.8656 train_acc=0.875 | val_loss=0.6890 val_acc=0.857
      ep18 train_loss=0.8086 train_acc=0.908 | val_loss=0.5927 val_acc=0.929
      ep19 train_loss=0.7815 train_acc=0.925 | val_loss=0.5079 val_acc=0.929
      ep20 train_loss=0.7792 train_acc=0.942 | val_loss=0.5309 val_acc=0.929
      ep21 train_loss=0.7697 train_acc=0.929 | val_loss=0.5074 val_acc=0.929
      ep22 train_loss=0.7780 train_acc=0.958 | val_loss=0.5297 val_acc=0.929
      ep23 train_loss=0.7484 train_acc=0.946 | val_loss=0.5351 val_acc=0.929
      ep24 train_loss=0.7984 train_acc=0.942 | val_loss=0.5056 val_acc=0.929
    fold acc=0.929 time=238.3s | running pooled acc=0.639

--- Fold 11/26 | test sub11 (10 test, 244 train) ---
      ep00 train_loss=1.8914 train_acc=0.320 | val_loss=1.0070 val_acc=0.700
      ep01 train_loss=1.5468 train_acc=0.529 | val_loss=0.9568 val_acc=0.700
      ep02 train_loss=1.4222 train_acc=0.627 | val_loss=0.9260 val_acc=0.500
      ep03 train_loss=1.4980 train_acc=0.574 | val_loss=0.6534 val_acc=0.800
      ep04 train_loss=1.3210 train_acc=0.676 | val_loss=0.6252 val_acc=0.600
      ep05 train_loss=1.3404 train_acc=0.619 | val_loss=0.8766 val_acc=0.700
      ep06 train_loss=1.2442 train_acc=0.721 | val_loss=0.6032 val_acc=0.900
      ep07 train_loss=1.1350 train_acc=0.750 | val_loss=0.7219 val_acc=0.700
      ep08 train_loss=1.0625 train_acc=0.811 | val_loss=0.5118 val_acc=0.800
      ep09 train_loss=1.0438 train_acc=0.840 | val_loss=0.5394 val_acc=0.800
      ep10 train_loss=1.0259 train_acc=0.791 | val_loss=0.7226 val_acc=0.800
      ep11 train_loss=0.9263 train_acc=0.861 | val_loss=0.7052 val_acc=0.700
      ep12 train_loss=0.9612 train_acc=0.828 | val_loss=0.5810 val_acc=0.800
      ep13 train_loss=0.8650 train_acc=0.902 | val_loss=0.7097 val_acc=0.700
      ep14 train_loss=0.9893 train_acc=0.844 | val_loss=0.5908 val_acc=0.800
      ep15 train_loss=0.8841 train_acc=0.922 | val_loss=0.5501 val_acc=0.800
      ep16 train_loss=0.8313 train_acc=0.902 | val_loss=0.5618 val_acc=0.800
      ep17 train_loss=0.8677 train_acc=0.910 | val_loss=0.5883 val_acc=0.800
      ep18 train_loss=0.8543 train_acc=0.898 | val_loss=0.5573 val_acc=0.800
      ep19 train_loss=0.8031 train_acc=0.922 | val_loss=0.6493 val_acc=0.700
      ep20 train_loss=0.8486 train_acc=0.914 | val_loss=0.6347 val_acc=0.700
      ep21 train_loss=0.8913 train_acc=0.910 | val_loss=0.6762 val_acc=0.800
      ep22 train_loss=0.8519 train_acc=0.926 | val_loss=0.6452 val_acc=0.700
      ep23 train_loss=0.8538 train_acc=0.930 | val_loss=0.6781 val_acc=0.700
      ep24 train_loss=0.8269 train_acc=0.914 | val_loss=0.6261 val_acc=0.800
    fold acc=0.900 time=239.3s | running pooled acc=0.664

--- Fold 12/26 | test sub12 (12 test, 242 train) ---
      ep00 train_loss=1.9601 train_acc=0.289 | val_loss=1.1683 val_acc=0.833
      ep01 train_loss=1.7488 train_acc=0.455 | val_loss=0.9787 val_acc=0.667
      ep02 train_loss=1.5615 train_acc=0.545 | val_loss=0.8818 val_acc=0.750
      ep03 train_loss=1.3870 train_acc=0.628 | val_loss=1.1302 val_acc=0.417
      ep04 train_loss=1.3474 train_acc=0.653 | val_loss=1.5368 val_acc=0.500
      ep05 train_loss=1.3635 train_acc=0.645 | val_loss=1.3642 val_acc=0.750
      ep06 train_loss=1.1996 train_acc=0.748 | val_loss=1.2280 val_acc=0.333
      ep07 train_loss=1.1857 train_acc=0.744 | val_loss=0.9681 val_acc=0.750
      ep08 train_loss=1.1379 train_acc=0.744 | val_loss=1.7414 val_acc=0.333
      ep09 train_loss=1.1169 train_acc=0.789 | val_loss=1.9473 val_acc=0.417
      ep10 train_loss=1.1274 train_acc=0.839 | val_loss=2.4665 val_acc=0.333
      ep11 train_loss=1.0796 train_acc=0.806 | val_loss=1.6544 val_acc=0.583
      ep12 train_loss=0.9503 train_acc=0.847 | val_loss=2.4787 val_acc=0.500
      ep13 train_loss=0.9426 train_acc=0.880 | val_loss=2.5651 val_acc=0.333
      ep14 train_loss=1.0008 train_acc=0.876 | val_loss=1.9363 val_acc=0.500
      ep15 train_loss=0.9182 train_acc=0.893 | val_loss=1.4140 val_acc=0.750
      ep16 train_loss=0.9101 train_acc=0.897 | val_loss=1.1632 val_acc=0.667
      ep17 train_loss=0.9195 train_acc=0.921 | val_loss=1.7641 val_acc=0.583
      ep18 train_loss=0.9251 train_acc=0.917 | val_loss=1.6275 val_acc=0.583
      ep19 train_loss=0.9283 train_acc=0.913 | val_loss=1.4312 val_acc=0.583
      ep20 train_loss=0.8879 train_acc=0.930 | val_loss=1.3283 val_acc=0.583
      ep21 train_loss=0.8841 train_acc=0.930 | val_loss=1.5692 val_acc=0.583
      ep22 train_loss=0.8982 train_acc=0.913 | val_loss=1.6750 val_acc=0.583
      ep23 train_loss=0.9059 train_acc=0.917 | val_loss=1.8694 val_acc=0.583
      ep24 train_loss=0.8999 train_acc=0.901 | val_loss=1.3623 val_acc=0.583
    fold acc=0.583 time=239.3s | running pooled acc=0.655

--- Fold 13/26 | test sub13 (8 test, 246 train) ---
      ep00 train_loss=1.8658 train_acc=0.346 | val_loss=1.3370 val_acc=0.625
      ep01 train_loss=1.5906 train_acc=0.463 | val_loss=0.8797 val_acc=0.750
      ep02 train_loss=1.4619 train_acc=0.585 | val_loss=0.7434 val_acc=0.750
      ep03 train_loss=1.3232 train_acc=0.634 | val_loss=0.8091 val_acc=0.625
      ep04 train_loss=1.3471 train_acc=0.663 | val_loss=0.7213 val_acc=0.875
      ep05 train_loss=1.2509 train_acc=0.671 | val_loss=0.7419 val_acc=0.750
      ep06 train_loss=1.1880 train_acc=0.711 | val_loss=0.8072 val_acc=0.750
      ep07 train_loss=1.1459 train_acc=0.703 | val_loss=0.8874 val_acc=0.625
      ep08 train_loss=1.0709 train_acc=0.772 | val_loss=0.5272 val_acc=0.875
      ep09 train_loss=1.0239 train_acc=0.841 | val_loss=0.4964 val_acc=0.875
      ep10 train_loss=1.0053 train_acc=0.825 | val_loss=0.6750 val_acc=0.750
      ep11 train_loss=0.9313 train_acc=0.854 | val_loss=0.7094 val_acc=0.750
      ep12 train_loss=1.0054 train_acc=0.841 | val_loss=0.5946 val_acc=0.875
      ep13 train_loss=0.9345 train_acc=0.870 | val_loss=0.7637 val_acc=0.750
      ep14 train_loss=0.9324 train_acc=0.866 | val_loss=0.7629 val_acc=0.750
      ep15 train_loss=0.9256 train_acc=0.870 | val_loss=0.6589 val_acc=0.750
      ep16 train_loss=0.8509 train_acc=0.927 | val_loss=0.6000 val_acc=0.875
      ep17 train_loss=0.7955 train_acc=0.927 | val_loss=0.6409 val_acc=0.750
      ep18 train_loss=0.8473 train_acc=0.911 | val_loss=0.6261 val_acc=0.750
      ep19 train_loss=0.8415 train_acc=0.927 | val_loss=0.6476 val_acc=0.875
      ep20 train_loss=0.7929 train_acc=0.943 | val_loss=0.6330 val_acc=0.750
      ep21 train_loss=0.7812 train_acc=0.927 | val_loss=0.6576 val_acc=0.750
      ep22 train_loss=0.7925 train_acc=0.967 | val_loss=0.6845 val_acc=0.750
      ep23 train_loss=0.8102 train_acc=0.931 | val_loss=0.7053 val_acc=0.750
      ep24 train_loss=0.8013 train_acc=0.943 | val_loss=0.6782 val_acc=0.750
    fold acc=0.875 time=239.4s | running pooled acc=0.669

--- Fold 14/26 | test sub14 (4 test, 250 train) ---
      ep00 train_loss=1.9260 train_acc=0.324 | val_loss=1.3669 val_acc=0.750
      ep01 train_loss=1.5793 train_acc=0.484 | val_loss=1.0511 val_acc=0.500
      ep02 train_loss=1.4414 train_acc=0.580 | val_loss=1.1935 val_acc=0.500
      ep03 train_loss=1.3627 train_acc=0.640 | val_loss=0.8199 val_acc=0.750
      ep04 train_loss=1.2624 train_acc=0.676 | val_loss=0.8048 val_acc=0.750
      ep05 train_loss=1.3017 train_acc=0.656 | val_loss=0.6651 val_acc=1.000
      ep06 train_loss=1.1634 train_acc=0.724 | val_loss=1.7665 val_acc=0.250
      ep07 train_loss=1.1270 train_acc=0.756 | val_loss=0.5902 val_acc=0.750
      ep08 train_loss=1.1203 train_acc=0.784 | val_loss=0.7617 val_acc=0.750
      ep09 train_loss=1.1019 train_acc=0.776 | val_loss=0.9069 val_acc=0.750
      ep10 train_loss=1.0275 train_acc=0.840 | val_loss=0.8114 val_acc=0.750
      ep11 train_loss=1.0392 train_acc=0.808 | val_loss=1.1538 val_acc=0.750
      ep12 train_loss=0.9666 train_acc=0.836 | val_loss=0.5927 val_acc=0.750
      ep13 train_loss=0.9885 train_acc=0.816 | val_loss=0.8689 val_acc=0.750
      ep14 train_loss=0.9142 train_acc=0.880 | val_loss=0.9803 val_acc=0.750
      ep15 train_loss=0.8714 train_acc=0.900 | val_loss=1.0981 val_acc=0.500
      ep16 train_loss=0.8529 train_acc=0.916 | val_loss=1.1340 val_acc=0.750
      ep17 train_loss=0.8183 train_acc=0.940 | val_loss=0.9889 val_acc=0.750
      ep18 train_loss=0.7891 train_acc=0.956 | val_loss=0.8780 val_acc=0.750
      ep19 train_loss=0.8586 train_acc=0.932 | val_loss=0.8848 val_acc=0.750
      ep20 train_loss=0.8485 train_acc=0.912 | val_loss=0.9263 val_acc=0.750
      ep21 train_loss=0.8026 train_acc=0.944 | val_loss=0.9647 val_acc=0.750
      ep22 train_loss=0.8489 train_acc=0.916 | val_loss=0.9517 val_acc=0.750
      ep23 train_loss=0.8044 train_acc=0.944 | val_loss=0.8407 val_acc=0.750
      ep24 train_loss=0.7993 train_acc=0.952 | val_loss=0.9432 val_acc=0.750
    fold acc=0.750 time=239.4s | running pooled acc=0.672

--- Fold 15/26 | test sub15 (3 test, 251 train) ---
      ep00 train_loss=1.8809 train_acc=0.335 | val_loss=1.7071 val_acc=0.000
      ep01 train_loss=1.5633 train_acc=0.510 | val_loss=1.3698 val_acc=0.333
      ep02 train_loss=1.4888 train_acc=0.582 | val_loss=1.0215 val_acc=0.667
      ep03 train_loss=1.3111 train_acc=0.622 | val_loss=1.2120 val_acc=0.333
      ep04 train_loss=1.3186 train_acc=0.661 | val_loss=0.8281 val_acc=1.000
      ep05 train_loss=1.3598 train_acc=0.677 | val_loss=1.0094 val_acc=0.333
      ep06 train_loss=1.2646 train_acc=0.721 | val_loss=0.7094 val_acc=1.000
      ep07 train_loss=1.1446 train_acc=0.745 | val_loss=0.5994 val_acc=1.000
      ep08 train_loss=1.1134 train_acc=0.785 | val_loss=0.7791 val_acc=1.000
      ep09 train_loss=1.1001 train_acc=0.753 | val_loss=0.6684 val_acc=1.000
      ep10 train_loss=0.9846 train_acc=0.841 | val_loss=0.7192 val_acc=0.667
      ep11 train_loss=0.9946 train_acc=0.861 | val_loss=0.5544 val_acc=1.000
      ep12 train_loss=0.9372 train_acc=0.833 | val_loss=0.8000 val_acc=1.000
      ep13 train_loss=0.9142 train_acc=0.873 | val_loss=0.5917 val_acc=1.000
      ep14 train_loss=0.9275 train_acc=0.884 | val_loss=0.7284 val_acc=0.667
      ep15 train_loss=0.8909 train_acc=0.896 | val_loss=0.7082 val_acc=0.667
      ep16 train_loss=0.8469 train_acc=0.908 | val_loss=0.5971 val_acc=0.667
      ep17 train_loss=0.8455 train_acc=0.944 | val_loss=0.6194 val_acc=1.000
      ep18 train_loss=0.8523 train_acc=0.916 | val_loss=0.6805 val_acc=1.000
      ep19 train_loss=0.8299 train_acc=0.940 | val_loss=0.5233 val_acc=1.000
      ep20 train_loss=0.8314 train_acc=0.924 | val_loss=0.6400 val_acc=1.000
      ep21 train_loss=0.8264 train_acc=0.944 | val_loss=0.6123 val_acc=1.000
      ep22 train_loss=0.8473 train_acc=0.932 | val_loss=0.4563 val_acc=1.000
      ep23 train_loss=0.8436 train_acc=0.944 | val_loss=0.5356 val_acc=1.000
      ep24 train_loss=0.8420 train_acc=0.920 | val_loss=0.5458 val_acc=1.000
    fold acc=1.000 time=239.3s | running pooled acc=0.679

--- Fold 16/26 | test sub16 (4 test, 250 train) ---
      ep00 train_loss=1.9183 train_acc=0.352 | val_loss=1.8113 val_acc=0.250
      ep01 train_loss=1.5729 train_acc=0.480 | val_loss=1.8568 val_acc=0.250
      ep02 train_loss=1.4433 train_acc=0.596 | val_loss=2.0850 val_acc=0.250
      ep03 train_loss=1.3748 train_acc=0.632 | val_loss=2.2107 val_acc=0.250
      ep04 train_loss=1.2243 train_acc=0.688 | val_loss=2.0784 val_acc=0.500
      ep05 train_loss=1.2995 train_acc=0.644 | val_loss=2.0141 val_acc=0.500
      ep06 train_loss=1.1822 train_acc=0.732 | val_loss=2.1726 val_acc=0.250
      ep07 train_loss=1.1483 train_acc=0.740 | val_loss=1.9849 val_acc=0.500
      ep08 train_loss=1.1259 train_acc=0.740 | val_loss=2.0987 val_acc=0.500
      ep09 train_loss=1.0752 train_acc=0.804 | val_loss=1.8214 val_acc=0.250
      ep10 train_loss=1.0316 train_acc=0.840 | val_loss=2.0764 val_acc=0.500
      ep11 train_loss=1.0059 train_acc=0.840 | val_loss=2.1987 val_acc=0.500
      ep12 train_loss=0.9684 train_acc=0.844 | val_loss=2.3707 val_acc=0.250
      ep13 train_loss=0.9572 train_acc=0.828 | val_loss=2.1288 val_acc=0.500
      ep14 train_loss=0.9170 train_acc=0.888 | val_loss=1.8468 val_acc=0.500
      ep15 train_loss=0.8709 train_acc=0.908 | val_loss=2.1382 val_acc=0.500
      ep16 train_loss=0.8943 train_acc=0.916 | val_loss=2.0004 val_acc=0.500
      ep17 train_loss=0.8092 train_acc=0.944 | val_loss=2.0285 val_acc=0.250
      ep18 train_loss=0.7928 train_acc=0.944 | val_loss=1.9816 val_acc=0.250
      ep19 train_loss=0.8419 train_acc=0.920 | val_loss=2.3595 val_acc=0.250
      ep20 train_loss=0.8423 train_acc=0.912 | val_loss=2.1059 val_acc=0.250
      ep21 train_loss=0.8010 train_acc=0.952 | val_loss=2.0400 val_acc=0.250
      ep22 train_loss=0.8714 train_acc=0.908 | val_loss=2.2459 val_acc=0.500
      ep23 train_loss=0.7985 train_acc=0.936 | val_loss=2.1537 val_acc=0.500
      ep24 train_loss=0.7850 train_acc=0.948 | val_loss=2.0056 val_acc=0.500
    fold acc=0.500 time=239.2s | running pooled acc=0.674

--- Fold 17/26 | test sub17 (36 test, 218 train) ---
      ep00 train_loss=1.9023 train_acc=0.326 | val_loss=1.2629 val_acc=0.667
      ep01 train_loss=1.6036 train_acc=0.528 | val_loss=0.9986 val_acc=0.722
      ep02 train_loss=1.4053 train_acc=0.573 | val_loss=1.0902 val_acc=0.500
      ep03 train_loss=1.3553 train_acc=0.628 | val_loss=0.9269 val_acc=0.611
      ep04 train_loss=1.2669 train_acc=0.693 | val_loss=0.8355 val_acc=0.722
      ep05 train_loss=1.3516 train_acc=0.624 | val_loss=1.0240 val_acc=0.667
      ep06 train_loss=1.2305 train_acc=0.743 | val_loss=0.9254 val_acc=0.694
      ep07 train_loss=1.1717 train_acc=0.720 | val_loss=0.9345 val_acc=0.722
      ep08 train_loss=1.1508 train_acc=0.748 | val_loss=0.9784 val_acc=0.722
      ep09 train_loss=1.0556 train_acc=0.789 | val_loss=0.8220 val_acc=0.694
      ep10 train_loss=1.0206 train_acc=0.844 | val_loss=0.9871 val_acc=0.722
      ep11 train_loss=0.9530 train_acc=0.853 | val_loss=0.9837 val_acc=0.722
      ep12 train_loss=0.9482 train_acc=0.844 | val_loss=0.9389 val_acc=0.750
      ep13 train_loss=0.8853 train_acc=0.917 | val_loss=0.9361 val_acc=0.694
      ep14 train_loss=0.8744 train_acc=0.890 | val_loss=0.8690 val_acc=0.694
      ep15 train_loss=0.8997 train_acc=0.867 | val_loss=1.0115 val_acc=0.667
      ep16 train_loss=0.8410 train_acc=0.904 | val_loss=0.9617 val_acc=0.722
      ep17 train_loss=0.8614 train_acc=0.904 | val_loss=0.9933 val_acc=0.694
      ep18 train_loss=0.8147 train_acc=0.936 | val_loss=1.0376 val_acc=0.722
      ep19 train_loss=0.8133 train_acc=0.922 | val_loss=0.9940 val_acc=0.722
      ep20 train_loss=0.8423 train_acc=0.913 | val_loss=0.9043 val_acc=0.750
      ep21 train_loss=0.8279 train_acc=0.917 | val_loss=0.9225 val_acc=0.722
      ep22 train_loss=0.8051 train_acc=0.945 | val_loss=0.9303 val_acc=0.694
      ep23 train_loss=0.8330 train_acc=0.917 | val_loss=0.9546 val_acc=0.694
      ep24 train_loss=0.8195 train_acc=0.927 | val_loss=0.8893 val_acc=0.694
    fold acc=0.722 time=236.0s | running pooled acc=0.684

--- Fold 18/26 | test sub18 (3 test, 251 train) ---
      ep00 train_loss=1.9024 train_acc=0.327 | val_loss=0.9589 val_acc=1.000
      ep01 train_loss=1.5180 train_acc=0.518 | val_loss=0.5724 val_acc=1.000
      ep02 train_loss=1.4756 train_acc=0.550 | val_loss=0.5237 val_acc=1.000
      ep03 train_loss=1.3436 train_acc=0.598 | val_loss=0.9396 val_acc=1.000
      ep04 train_loss=1.2706 train_acc=0.685 | val_loss=0.5772 val_acc=1.000
      ep05 train_loss=1.3428 train_acc=0.645 | val_loss=0.6488 val_acc=1.000
      ep06 train_loss=1.2522 train_acc=0.737 | val_loss=0.8245 val_acc=1.000
      ep07 train_loss=1.1324 train_acc=0.765 | val_loss=0.6127 val_acc=1.000
      ep08 train_loss=1.0503 train_acc=0.805 | val_loss=0.4892 val_acc=1.000
      ep09 train_loss=1.0426 train_acc=0.777 | val_loss=0.5854 val_acc=1.000
      ep10 train_loss=0.9757 train_acc=0.805 | val_loss=0.6127 val_acc=1.000
      ep11 train_loss=0.9705 train_acc=0.845 | val_loss=0.4493 val_acc=1.000
      ep12 train_loss=0.9176 train_acc=0.884 | val_loss=0.4732 val_acc=1.000
      ep13 train_loss=0.9056 train_acc=0.845 | val_loss=0.4959 val_acc=1.000
      ep14 train_loss=0.9302 train_acc=0.896 | val_loss=0.3585 val_acc=1.000
      ep15 train_loss=0.9077 train_acc=0.892 | val_loss=0.3670 val_acc=1.000
      ep16 train_loss=0.8513 train_acc=0.900 | val_loss=0.4059 val_acc=1.000
      ep17 train_loss=0.8601 train_acc=0.936 | val_loss=0.4980 val_acc=1.000
      ep18 train_loss=0.8423 train_acc=0.920 | val_loss=0.3660 val_acc=1.000
      ep19 train_loss=0.8551 train_acc=0.908 | val_loss=0.3882 val_acc=1.000
      ep20 train_loss=0.8129 train_acc=0.936 | val_loss=0.4477 val_acc=1.000
      ep21 train_loss=0.8471 train_acc=0.920 | val_loss=0.5038 val_acc=1.000
      ep22 train_loss=0.8429 train_acc=0.916 | val_loss=0.4254 val_acc=1.000
      ep23 train_loss=0.8356 train_acc=0.928 | val_loss=0.4415 val_acc=1.000
      ep24 train_loss=0.8297 train_acc=0.916 | val_loss=0.4785 val_acc=1.000
    fold acc=1.000 time=238.9s | running pooled acc=0.689

--- Fold 19/26 | test sub19 (16 test, 238 train) ---
      ep00 train_loss=1.9553 train_acc=0.336 | val_loss=1.4449 val_acc=0.375
      ep01 train_loss=1.7187 train_acc=0.437 | val_loss=1.3254 val_acc=0.312
      ep02 train_loss=1.5561 train_acc=0.555 | val_loss=1.2255 val_acc=0.500
      ep03 train_loss=1.5272 train_acc=0.639 | val_loss=1.1327 val_acc=0.375
      ep04 train_loss=1.4018 train_acc=0.668 | val_loss=1.1443 val_acc=0.562
      ep05 train_loss=1.3275 train_acc=0.693 | val_loss=1.0923 val_acc=0.500
      ep06 train_loss=1.2467 train_acc=0.718 | val_loss=0.9768 val_acc=0.562
      ep07 train_loss=1.1897 train_acc=0.744 | val_loss=1.1196 val_acc=0.438
      ep08 train_loss=1.1461 train_acc=0.735 | val_loss=1.3170 val_acc=0.438
      ep09 train_loss=1.1105 train_acc=0.811 | val_loss=1.0860 val_acc=0.562
      ep10 train_loss=1.0857 train_acc=0.853 | val_loss=1.1895 val_acc=0.438
      ep11 train_loss=1.0359 train_acc=0.857 | val_loss=1.0738 val_acc=0.562
      ep12 train_loss=1.0607 train_acc=0.849 | val_loss=1.2266 val_acc=0.500
      ep13 train_loss=0.9732 train_acc=0.870 | val_loss=1.1656 val_acc=0.500
      ep14 train_loss=0.9724 train_acc=0.861 | val_loss=1.3496 val_acc=0.562
      ep15 train_loss=0.9248 train_acc=0.887 | val_loss=1.3354 val_acc=0.500
      ep16 train_loss=0.9570 train_acc=0.903 | val_loss=1.3091 val_acc=0.500
      ep17 train_loss=0.9252 train_acc=0.920 | val_loss=1.2470 val_acc=0.500
      ep18 train_loss=0.9637 train_acc=0.887 | val_loss=1.3308 val_acc=0.500
      ep19 train_loss=0.8818 train_acc=0.933 | val_loss=1.2710 val_acc=0.500
      ep20 train_loss=0.8837 train_acc=0.945 | val_loss=1.2827 val_acc=0.500
      ep21 train_loss=0.8809 train_acc=0.929 | val_loss=1.3067 val_acc=0.500
      ep22 train_loss=0.9239 train_acc=0.933 | val_loss=1.3291 val_acc=0.438
      ep23 train_loss=0.9012 train_acc=0.929 | val_loss=1.3079 val_acc=0.438
      ep24 train_loss=0.8629 train_acc=0.924 | val_loss=1.2452 val_acc=0.438
    fold acc=0.375 time=236.9s | running pooled acc=0.663

--- Fold 20/26 | test sub20 (11 test, 243 train) ---
      ep00 train_loss=1.9303 train_acc=0.321 | val_loss=1.5959 val_acc=0.455
      ep01 train_loss=1.6097 train_acc=0.481 | val_loss=1.0007 val_acc=0.727
      ep02 train_loss=1.4332 train_acc=0.556 | val_loss=0.9016 val_acc=0.636
      ep03 train_loss=1.3859 train_acc=0.638 | val_loss=0.9250 val_acc=0.727
      ep04 train_loss=1.3092 train_acc=0.642 | val_loss=1.4154 val_acc=0.182
      ep05 train_loss=1.2571 train_acc=0.667 | val_loss=1.1246 val_acc=0.545
      ep06 train_loss=1.1450 train_acc=0.728 | val_loss=1.3018 val_acc=0.364
      ep07 train_loss=1.1617 train_acc=0.728 | val_loss=1.1245 val_acc=0.364
      ep08 train_loss=1.0900 train_acc=0.761 | val_loss=1.2203 val_acc=0.545
      ep09 train_loss=1.0940 train_acc=0.786 | val_loss=1.1588 val_acc=0.364
      ep10 train_loss=1.0705 train_acc=0.770 | val_loss=1.3236 val_acc=0.455
      ep11 train_loss=0.9999 train_acc=0.831 | val_loss=0.8606 val_acc=0.727
      ep12 train_loss=1.0259 train_acc=0.819 | val_loss=1.1501 val_acc=0.636
      ep13 train_loss=0.9295 train_acc=0.872 | val_loss=0.9918 val_acc=0.545
      ep14 train_loss=0.8837 train_acc=0.901 | val_loss=0.9379 val_acc=0.636
      ep15 train_loss=0.8427 train_acc=0.889 | val_loss=0.9275 val_acc=0.727
      ep16 train_loss=0.8867 train_acc=0.889 | val_loss=1.0153 val_acc=0.636
      ep17 train_loss=0.8926 train_acc=0.901 | val_loss=0.9715 val_acc=0.727
      ep18 train_loss=0.8164 train_acc=0.922 | val_loss=0.9980 val_acc=0.727
      ep19 train_loss=0.8230 train_acc=0.926 | val_loss=0.9255 val_acc=0.818
      ep20 train_loss=0.8114 train_acc=0.947 | val_loss=1.0048 val_acc=0.727
      ep21 train_loss=0.8166 train_acc=0.942 | val_loss=0.8889 val_acc=0.818
      ep22 train_loss=0.8044 train_acc=0.914 | val_loss=1.1551 val_acc=0.545
      ep23 train_loss=0.7650 train_acc=0.955 | val_loss=1.0164 val_acc=0.545
      ep24 train_loss=0.7911 train_acc=0.926 | val_loss=0.9872 val_acc=0.727
    fold acc=0.636 time=238.2s | running pooled acc=0.662

--- Fold 21/26 | test sub21 (2 test, 252 train) ---
      ep00 train_loss=1.8500 train_acc=0.321 | val_loss=1.2417 val_acc=1.000
      ep01 train_loss=1.5795 train_acc=0.560 | val_loss=1.2775 val_acc=0.500
      ep02 train_loss=1.4403 train_acc=0.528 | val_loss=1.2500 val_acc=0.500
      ep03 train_loss=1.4266 train_acc=0.599 | val_loss=1.0600 val_acc=0.500
      ep04 train_loss=1.3246 train_acc=0.675 | val_loss=1.7588 val_acc=0.500
      ep05 train_loss=1.2802 train_acc=0.675 | val_loss=1.2520 val_acc=0.500
      ep06 train_loss=1.2444 train_acc=0.710 | val_loss=1.9988 val_acc=0.500
      ep07 train_loss=1.2549 train_acc=0.726 | val_loss=1.4896 val_acc=0.500
      ep08 train_loss=1.0967 train_acc=0.778 | val_loss=1.4060 val_acc=0.500
      ep09 train_loss=1.0033 train_acc=0.798 | val_loss=1.6887 val_acc=0.500
      ep10 train_loss=0.9569 train_acc=0.849 | val_loss=1.6734 val_acc=0.500
      ep11 train_loss=0.9764 train_acc=0.829 | val_loss=1.4021 val_acc=0.500
      ep12 train_loss=0.9517 train_acc=0.853 | val_loss=1.5736 val_acc=0.500
      ep13 train_loss=0.9410 train_acc=0.873 | val_loss=1.3885 val_acc=0.500
      ep14 train_loss=0.9564 train_acc=0.885 | val_loss=1.2015 val_acc=0.500
      ep15 train_loss=0.8843 train_acc=0.889 | val_loss=1.5207 val_acc=0.500
      ep16 train_loss=0.8735 train_acc=0.921 | val_loss=1.1348 val_acc=0.500
      ep17 train_loss=0.8110 train_acc=0.940 | val_loss=1.2978 val_acc=0.500
      ep18 train_loss=0.8358 train_acc=0.913 | val_loss=1.2151 val_acc=0.500
      ep19 train_loss=0.8332 train_acc=0.913 | val_loss=1.4784 val_acc=0.500
      ep20 train_loss=0.8523 train_acc=0.925 | val_loss=1.3448 val_acc=0.500
      ep21 train_loss=0.8282 train_acc=0.917 | val_loss=1.4497 val_acc=0.500
      ep22 train_loss=0.8263 train_acc=0.909 | val_loss=1.3757 val_acc=0.500
      ep23 train_loss=0.8523 train_acc=0.929 | val_loss=1.4699 val_acc=0.500
      ep24 train_loss=0.8008 train_acc=0.937 | val_loss=1.4647 val_acc=0.500
    fold acc=0.500 time=238.6s | running pooled acc=0.660

--- Fold 22/26 | test sub22 (2 test, 252 train) ---
      ep00 train_loss=1.8637 train_acc=0.329 | val_loss=1.5926 val_acc=0.000
      ep01 train_loss=1.5940 train_acc=0.575 | val_loss=0.8159 val_acc=1.000
      ep02 train_loss=1.4929 train_acc=0.552 | val_loss=0.8847 val_acc=1.000
      ep03 train_loss=1.4176 train_acc=0.619 | val_loss=0.5683 val_acc=1.000
      ep04 train_loss=1.3664 train_acc=0.663 | val_loss=1.3762 val_acc=0.000
      ep05 train_loss=1.3278 train_acc=0.675 | val_loss=1.1792 val_acc=0.000
      ep06 train_loss=1.2712 train_acc=0.714 | val_loss=0.1779 val_acc=1.000
      ep07 train_loss=1.3042 train_acc=0.671 | val_loss=0.2497 val_acc=1.000
      ep08 train_loss=1.1211 train_acc=0.770 | val_loss=0.0377 val_acc=1.000
      ep09 train_loss=1.0432 train_acc=0.790 | val_loss=0.7412 val_acc=0.500
      ep10 train_loss=0.9848 train_acc=0.845 | val_loss=0.0500 val_acc=1.000
      ep11 train_loss=0.9906 train_acc=0.802 | val_loss=0.2789 val_acc=1.000
      ep12 train_loss=0.9644 train_acc=0.853 | val_loss=0.2924 val_acc=1.000
      ep13 train_loss=0.9647 train_acc=0.853 | val_loss=0.4013 val_acc=1.000
      ep14 train_loss=0.9763 train_acc=0.881 | val_loss=0.3437 val_acc=1.000
      ep15 train_loss=0.9070 train_acc=0.897 | val_loss=0.2836 val_acc=1.000
      ep16 train_loss=0.8891 train_acc=0.905 | val_loss=0.4589 val_acc=1.000
      ep17 train_loss=0.8380 train_acc=0.929 | val_loss=0.0807 val_acc=1.000
      ep18 train_loss=0.8428 train_acc=0.921 | val_loss=0.1247 val_acc=1.000
      ep19 train_loss=0.8558 train_acc=0.917 | val_loss=0.1278 val_acc=1.000
      ep20 train_loss=0.8684 train_acc=0.905 | val_loss=0.1179 val_acc=1.000
      ep21 train_loss=0.8627 train_acc=0.897 | val_loss=0.1619 val_acc=1.000
      ep22 train_loss=0.8401 train_acc=0.937 | val_loss=0.1598 val_acc=1.000
      ep23 train_loss=0.8671 train_acc=0.921 | val_loss=0.1313 val_acc=1.000
      ep24 train_loss=0.8265 train_acc=0.933 | val_loss=0.1313 val_acc=1.000
    fold acc=1.000 time=239.3s | running pooled acc=0.663

--- Fold 23/26 | test sub23 (12 test, 242 train) ---
      ep00 train_loss=1.9034 train_acc=0.360 | val_loss=1.1076 val_acc=0.417
      ep01 train_loss=1.6800 train_acc=0.517 | val_loss=0.7543 val_acc=0.750
      ep02 train_loss=1.5276 train_acc=0.537 | val_loss=0.8769 val_acc=0.583
      ep03 train_loss=1.4553 train_acc=0.595 | val_loss=0.7921 val_acc=0.750
      ep04 train_loss=1.3590 train_acc=0.632 | val_loss=0.9863 val_acc=0.833
      ep05 train_loss=1.3533 train_acc=0.649 | val_loss=0.7484 val_acc=0.833
      ep06 train_loss=1.2097 train_acc=0.723 | val_loss=0.7718 val_acc=0.750
      ep07 train_loss=1.1579 train_acc=0.744 | val_loss=0.7104 val_acc=0.833
      ep08 train_loss=1.2286 train_acc=0.715 | val_loss=0.4062 val_acc=1.000
      ep09 train_loss=1.0934 train_acc=0.760 | val_loss=0.8039 val_acc=0.833
      ep10 train_loss=1.0422 train_acc=0.822 | val_loss=0.8794 val_acc=0.750
      ep11 train_loss=0.9427 train_acc=0.835 | val_loss=0.6162 val_acc=0.833
      ep12 train_loss=0.9536 train_acc=0.851 | val_loss=0.5979 val_acc=0.833
      ep13 train_loss=0.9116 train_acc=0.847 | val_loss=0.5727 val_acc=0.833
      ep14 train_loss=0.9542 train_acc=0.876 | val_loss=0.5484 val_acc=0.833
      ep15 train_loss=0.8952 train_acc=0.880 | val_loss=0.5483 val_acc=0.833
      ep16 train_loss=0.8888 train_acc=0.884 | val_loss=0.7715 val_acc=0.833
      ep17 train_loss=0.9108 train_acc=0.884 | val_loss=0.5573 val_acc=0.833
      ep18 train_loss=0.8963 train_acc=0.888 | val_loss=0.6411 val_acc=0.833
      ep19 train_loss=0.8539 train_acc=0.893 | val_loss=0.7259 val_acc=0.750
      ep20 train_loss=0.8295 train_acc=0.913 | val_loss=0.6730 val_acc=0.750
      ep21 train_loss=0.8676 train_acc=0.917 | val_loss=0.6015 val_acc=0.833
      ep22 train_loss=0.8917 train_acc=0.901 | val_loss=0.6836 val_acc=0.833
      ep23 train_loss=0.8795 train_acc=0.917 | val_loss=0.6522 val_acc=0.750
      ep24 train_loss=0.8444 train_acc=0.913 | val_loss=0.6292 val_acc=0.833
    fold acc=0.833 time=239.3s | running pooled acc=0.673

--- Fold 24/26 | test sub24 (10 test, 244 train) ---
      ep00 train_loss=1.9818 train_acc=0.332 | val_loss=1.5469 val_acc=0.400
      ep01 train_loss=1.6591 train_acc=0.484 | val_loss=1.7451 val_acc=0.200
      ep02 train_loss=1.5150 train_acc=0.561 | val_loss=1.3030 val_acc=0.500
      ep03 train_loss=1.4431 train_acc=0.570 | val_loss=1.3925 val_acc=0.500
      ep04 train_loss=1.2728 train_acc=0.689 | val_loss=1.6976 val_acc=0.400
      ep05 train_loss=1.2778 train_acc=0.664 | val_loss=1.5887 val_acc=0.400
      ep06 train_loss=1.2110 train_acc=0.721 | val_loss=1.4998 val_acc=0.500
      ep07 train_loss=1.1239 train_acc=0.730 | val_loss=1.7341 val_acc=0.400
      ep08 train_loss=1.1818 train_acc=0.734 | val_loss=1.6539 val_acc=0.400
      ep09 train_loss=1.0572 train_acc=0.803 | val_loss=1.8028 val_acc=0.500
      ep10 train_loss=1.0280 train_acc=0.820 | val_loss=1.6631 val_acc=0.500
      ep11 train_loss=1.0121 train_acc=0.852 | val_loss=1.5813 val_acc=0.500
      ep12 train_loss=0.9191 train_acc=0.877 | val_loss=1.6369 val_acc=0.400
      ep13 train_loss=0.9366 train_acc=0.865 | val_loss=1.5664 val_acc=0.500
      ep14 train_loss=0.9215 train_acc=0.893 | val_loss=1.6487 val_acc=0.400
      ep15 train_loss=0.8742 train_acc=0.934 | val_loss=1.5836 val_acc=0.500
      ep16 train_loss=0.8597 train_acc=0.930 | val_loss=1.4871 val_acc=0.500
      ep17 train_loss=0.8221 train_acc=0.951 | val_loss=1.6170 val_acc=0.500
      ep18 train_loss=0.8013 train_acc=0.943 | val_loss=1.5848 val_acc=0.500
      ep19 train_loss=0.8541 train_acc=0.934 | val_loss=1.7264 val_acc=0.500
      ep20 train_loss=0.8580 train_acc=0.951 | val_loss=1.5419 val_acc=0.500
      ep21 train_loss=0.8939 train_acc=0.906 | val_loss=1.6560 val_acc=0.500
      ep22 train_loss=0.8380 train_acc=0.963 | val_loss=1.6295 val_acc=0.400
      ep23 train_loss=0.8695 train_acc=0.943 | val_loss=1.6755 val_acc=0.400
      ep24 train_loss=0.8232 train_acc=0.947 | val_loss=1.7930 val_acc=0.400
    fold acc=0.500 time=238.6s | running pooled acc=0.665

--- Fold 25/26 | test sub25 (7 test, 247 train) ---
      ep00 train_loss=1.8953 train_acc=0.336 | val_loss=1.4019 val_acc=0.429
      ep01 train_loss=1.6154 train_acc=0.498 | val_loss=1.2690 val_acc=0.429
      ep02 train_loss=1.4477 train_acc=0.571 | val_loss=0.9238 val_acc=0.429
      ep03 train_loss=1.4051 train_acc=0.632 | val_loss=0.9121 val_acc=0.571
      ep04 train_loss=1.2909 train_acc=0.692 | val_loss=1.2591 val_acc=0.429
      ep05 train_loss=1.2238 train_acc=0.688 | val_loss=1.0801 val_acc=0.714
      ep06 train_loss=1.1793 train_acc=0.733 | val_loss=0.8480 val_acc=0.714
      ep07 train_loss=1.1323 train_acc=0.769 | val_loss=0.9284 val_acc=0.571
      ep08 train_loss=1.0901 train_acc=0.773 | val_loss=1.2162 val_acc=0.571
      ep09 train_loss=1.0379 train_acc=0.785 | val_loss=1.0484 val_acc=0.571
      ep10 train_loss=1.0416 train_acc=0.810 | val_loss=1.1287 val_acc=0.571
      ep11 train_loss=1.0198 train_acc=0.798 | val_loss=0.8940 val_acc=0.714
      ep12 train_loss=1.0142 train_acc=0.846 | val_loss=0.8320 val_acc=0.714
      ep13 train_loss=0.9350 train_acc=0.842 | val_loss=0.7728 val_acc=0.714
      ep14 train_loss=0.8713 train_acc=0.879 | val_loss=0.8937 val_acc=0.714
      ep15 train_loss=0.8539 train_acc=0.911 | val_loss=0.9485 val_acc=0.714
      ep16 train_loss=0.8864 train_acc=0.903 | val_loss=0.6733 val_acc=0.714
      ep17 train_loss=0.8592 train_acc=0.911 | val_loss=0.8572 val_acc=0.714
      ep18 train_loss=0.7921 train_acc=0.939 | val_loss=0.9584 val_acc=0.714
      ep19 train_loss=0.8486 train_acc=0.919 | val_loss=0.7887 val_acc=0.714
      ep20 train_loss=0.8778 train_acc=0.911 | val_loss=0.9557 val_acc=0.714
      ep21 train_loss=0.8084 train_acc=0.947 | val_loss=0.9340 val_acc=0.714
      ep22 train_loss=0.8306 train_acc=0.919 | val_loss=0.8359 val_acc=0.714
      ep23 train_loss=0.8039 train_acc=0.935 | val_loss=0.7673 val_acc=0.714
      ep24 train_loss=0.8397 train_acc=0.927 | val_loss=0.8795 val_acc=0.714
    fold acc=0.714 time=239.3s | running pooled acc=0.667

--- Fold 26/26 | test sub26 (17 test, 237 train) ---
      ep00 train_loss=1.9520 train_acc=0.266 | val_loss=1.2154 val_acc=0.706
      ep01 train_loss=1.6326 train_acc=0.477 | val_loss=1.0800 val_acc=0.647
      ep02 train_loss=1.4139 train_acc=0.544 | val_loss=1.0668 val_acc=0.471
      ep03 train_loss=1.4402 train_acc=0.557 | val_loss=0.9854 val_acc=0.706
      ep04 train_loss=1.2814 train_acc=0.667 | val_loss=1.1144 val_acc=0.588
      ep05 train_loss=1.2663 train_acc=0.654 | val_loss=1.0517 val_acc=0.647
      ep06 train_loss=1.1516 train_acc=0.722 | val_loss=1.1225 val_acc=0.647
      ep07 train_loss=1.1422 train_acc=0.768 | val_loss=1.0827 val_acc=0.647
      ep08 train_loss=1.1185 train_acc=0.738 | val_loss=1.1282 val_acc=0.706
      ep09 train_loss=1.0312 train_acc=0.785 | val_loss=0.8830 val_acc=0.765
      ep10 train_loss=1.0922 train_acc=0.802 | val_loss=1.0609 val_acc=0.706
      ep11 train_loss=0.9656 train_acc=0.835 | val_loss=0.9497 val_acc=0.765
      ep12 train_loss=0.9339 train_acc=0.878 | val_loss=1.1674 val_acc=0.706
      ep13 train_loss=0.8805 train_acc=0.873 | val_loss=1.1478 val_acc=0.765
      ep14 train_loss=0.8842 train_acc=0.890 | val_loss=1.2079 val_acc=0.647
      ep15 train_loss=0.8821 train_acc=0.886 | val_loss=1.1351 val_acc=0.706
      ep16 train_loss=0.8735 train_acc=0.903 | val_loss=1.1294 val_acc=0.706
      ep17 train_loss=0.8573 train_acc=0.895 | val_loss=1.0721 val_acc=0.706
      ep18 train_loss=0.8283 train_acc=0.924 | val_loss=1.1969 val_acc=0.706
      ep19 train_loss=0.7956 train_acc=0.945 | val_loss=1.2034 val_acc=0.647
      ep20 train_loss=0.8038 train_acc=0.928 | val_loss=1.1420 val_acc=0.706
      ep21 train_loss=0.8048 train_acc=0.937 | val_loss=1.1389 val_acc=0.765
      ep22 train_loss=0.8321 train_acc=0.966 | val_loss=1.1433 val_acc=0.765
      ep23 train_loss=0.8426 train_acc=0.903 | val_loss=1.1925 val_acc=0.647
      ep24 train_loss=0.8396 train_acc=0.937 | val_loss=1.2156 val_acc=0.706
    fold acc=0.706 time=237.3s | running pooled acc=0.669

=== FINAL (pooled LOSO) ===
UF1 = 0.5489
UAR = 0.5524
ACC = 0.6693
per-class F1: obj1=0.553, obj2=0.400, obj3=0.857, obj4=0.490, obj5=0.311, obj7=0.682
per-class recall: obj1=0.520, obj2=0.467, obj3=0.879, obj4=0.462, obj5=0.350, obj7=0.638
confusion matrix (rows=true):
          obj1   obj2   obj3   obj4   obj5   obj7
   obj1     13      0      0      2      0     10
   obj2      0      7      1      0      7      0
   obj3      0      2     87      7      1      2
   obj4      2      0     11     12      1      0
   obj5      0      9      0      0      7      4
   obj7      7      2      5      2      9     44

saved to D:\AI-Projects\casmeII-new-from-sequence-model\experiments\obj6_mc3
elapsed 6213.4s
