=== ENSEMBLE iter_10 seeds=[42, 123, 2024] ===
time 2026-07-14T15:25:16.829505 device cuda
config:
{
  "seed": 42,
  "T": 16,
  "img_size": 128,
  "base_size": 144,
  "input_mode": "rgb",
  "backbone": "r2plus1d_18",
  "pretrained": true,
  "dropout": 0.5,
  "epochs": 25,
  "lr": 0.0001,
  "weight_decay": 0.001,
  "batch_size": 6,
  "class_weighting": true,
  "label_smoothing": 0.1,
  "hflip": true,
  "color_jitter": 0.0,
  "temporal_jitter": true,
  "amp": true,
  "eval_last_k": 3,
  "tta": 5,
  "cache_dir": "cache/flow144",
  "index": "cache/index_emotion.csv",
  "class_names": [
    "happiness",
    "disgust",
    "repression",
    "surprise",
    "others"
  ],
  "name": "iter_10_flow_res128_ensemble",
  "modality": "flow",
  "temporal_span": "onset_offset",
  "flow_clip": 3.0
}
loaded arrays; samples=246

--- SEED 42 ---
  [seed 42] fold 1/26 sub01 acc=0.889 (313s)
  [seed 42] fold 2/26 sub02 acc=0.538 (309s)
  [seed 42] fold 3/26 sub03 acc=0.571 (310s)
  [seed 42] fold 4/26 sub04 acc=0.800 (311s)
  [seed 42] fold 5/26 sub05 acc=0.474 (306s)
  [seed 42] fold 6/26 sub06 acc=0.600 (316s)
  [seed 42] fold 7/26 sub07 acc=0.667 (311s)
  [seed 42] fold 8/26 sub08 acc=0.667 (313s)
  [seed 42] fold 9/26 sub09 acc=0.692 (309s)
  [seed 42] fold 10/26 sub10 acc=0.846 (312s)
  [seed 42] fold 11/26 sub11 acc=0.900 (311s)
  [seed 42] fold 12/26 sub12 acc=0.917 (310s)
  [seed 42] fold 13/26 sub13 acc=1.000 (315s)
  [seed 42] fold 14/26 sub14 acc=0.500 (316s)
  [seed 42] fold 15/26 sub15 acc=0.333 (315s)
  [seed 42] fold 16/26 sub16 acc=0.250 (311s)
  [seed 42] fold 17/26 sub17 acc=0.588 (300s)
  [seed 42] fold 18/26 sub18 acc=1.000 (311s)
  [seed 42] fold 19/26 sub19 acc=0.800 (307s)
  [seed 42] fold 20/26 sub20 acc=0.636 (309s)
  [seed 42] fold 21/26 sub21 acc=0.500 (312s)
  [seed 42] fold 22/26 sub22 acc=1.000 (313s)
  [seed 42] fold 23/26 sub23 acc=0.917 (308s)
  [seed 42] fold 24/26 sub24 acc=0.571 (312s)
  [seed 42] fold 25/26 sub25 acc=0.714 (310s)
  [seed 42] fold 26/26 sub26 acc=0.375 (308s)
  seed 42: UF1=0.6908 UAR=0.6964 ACC=0.6748

--- SEED 123 ---
  [seed 123] fold 1/26 sub01 acc=0.778 (311s)
  [seed 123] fold 2/26 sub02 acc=0.538 (310s)
  [seed 123] fold 3/26 sub03 acc=0.429 (310s)
  [seed 123] fold 4/26 sub04 acc=0.800 (311s)
  [seed 123] fold 5/26 sub05 acc=0.579 (306s)
  [seed 123] fold 6/26 sub06 acc=0.800 (312s)
  [seed 123] fold 7/26 sub07 acc=0.556 (310s)
  [seed 123] fold 8/26 sub08 acc=0.667 (312s)
  [seed 123] fold 9/26 sub09 acc=0.923 (311s)
  [seed 123] fold 10/26 sub10 acc=0.923 (309s)
  [seed 123] fold 11/26 sub11 acc=0.800 (310s)
  [seed 123] fold 12/26 sub12 acc=0.833 (309s)
  [seed 123] fold 13/26 sub13 acc=0.875 (311s)
  [seed 123] fold 14/26 sub14 acc=0.500 (312s)
  [seed 123] fold 15/26 sub15 acc=1.000 (304s)
  [seed 123] fold 16/26 sub16 acc=0.500 (312s)
  [seed 123] fold 17/26 sub17 acc=0.471 (300s)
  [seed 123] fold 18/26 sub18 acc=1.000 (312s)
  [seed 123] fold 19/26 sub19 acc=0.800 (308s)
  [seed 123] fold 20/26 sub20 acc=0.636 (310s)
  [seed 123] fold 21/26 sub21 acc=0.500 (304s)
  [seed 123] fold 22/26 sub22 acc=1.000 (313s)
  [seed 123] fold 23/26 sub23 acc=0.833 (321s)
  [seed 123] fold 24/26 sub24 acc=0.571 (309s)
  [seed 123] fold 25/26 sub25 acc=0.714 (306s)
  [seed 123] fold 26/26 sub26 acc=0.250 (307s)
  seed 123: UF1=0.6904 UAR=0.7052 ACC=0.6626

--- SEED 2024 ---
  [seed 2024] fold 1/26 sub01 acc=0.889 (303s)
  [seed 2024] fold 2/26 sub02 acc=0.538 (300s)
  [seed 2024] fold 3/26 sub03 acc=0.571 (305s)
  [seed 2024] fold 4/26 sub04 acc=0.800 (305s)
  [seed 2024] fold 5/26 sub05 acc=0.474 (301s)
  [seed 2024] fold 6/26 sub06 acc=0.800 (304s)
  [seed 2024] fold 7/26 sub07 acc=0.444 (302s)
  [seed 2024] fold 8/26 sub08 acc=0.667 (304s)
  [seed 2024] fold 9/26 sub09 acc=0.769 (300s)
  [seed 2024] fold 10/26 sub10 acc=0.923 (300s)
  [seed 2024] fold 11/26 sub11 acc=0.800 (303s)
  [seed 2024] fold 12/26 sub12 acc=0.833 (310s)
  [seed 2024] fold 13/26 sub13 acc=0.875 (310s)
  [seed 2024] fold 14/26 sub14 acc=0.750 (303s)
  [seed 2024] fold 15/26 sub15 acc=1.000 (303s)
  [seed 2024] fold 16/26 sub16 acc=0.500 (304s)
  [seed 2024] fold 17/26 sub17 acc=0.529 (290s)
  [seed 2024] fold 18/26 sub18 acc=1.000 (301s)
  [seed 2024] fold 19/26 sub19 acc=0.867 (303s)
  [seed 2024] fold 20/26 sub20 acc=0.636 (302s)
  [seed 2024] fold 21/26 sub21 acc=0.500 (307s)
  [seed 2024] fold 22/26 sub22 acc=1.000 (307s)
  [seed 2024] fold 23/26 sub23 acc=0.917 (313s)
  [seed 2024] fold 24/26 sub24 acc=0.571 (316s)
  [seed 2024] fold 25/26 sub25 acc=0.571 (301s)
  [seed 2024] fold 26/26 sub26 acc=0.250 (303s)
  seed 2024: UF1=0.7029 UAR=0.7203 ACC=0.6667

=== ENSEMBLE FINAL (pooled LOSO, avg over seeds) ===
UF1 = 0.7076
UAR = 0.7212
ACC = 0.6748
per-class F1: happiness=0.657, disgust=0.627, repression=0.691, surprise=0.923, others=0.640
confusion matrix (rows=true):
        happin disgus repres surpri others
happine     23      1      0      2      6
disgust      3     37      1      0     22
repress      2      0     19      0      6
surpris      0      0      0     24      1
 others     10     17      8      1     63

saved to D:\AI-Projects\casmeII-new-from-sequence-model\experiments\iter_10
elapsed 24034.3s
