=== EXPERIMENT iter_14_r3d_s123 ===
time: 2026-07-15T22:01:04.021530
device: cuda (NVIDIA GeForce RTX 3060)
platform: Windows-10-10.0.26200-SP0 | torch 2.6.0+cu124
config:
{
  "seed": 123,
  "T": 16,
  "img_size": 128,
  "base_size": 144,
  "input_mode": "rgb",
  "backbone": "r3d_18",
  "pretrained": true,
  "dropout": 0.5,
  "epochs": 25,
  "lr": 0.0001,
  "weight_decay": 0.001,
  "batch_size": 6,
  "class_weighting": true,
  "label_smoothing": 0.1,
  "hflip": true,
  "color_jitter": 0.0,
  "temporal_jitter": true,
  "amp": true,
  "eval_last_k": 3,
  "tta": 5,
  "cache_dir": "cache/flow144",
  "index": "cache/index_emotion.csv",
  "class_names": [
    "happiness",
    "disgust",
    "repression",
    "surprise",
    "others"
  ],
  "name": "iter_14_r3d_s123",
  "modality": "flow",
  "temporal_span": "onset_offset",
  "flow_clip": 3.0
}
samples: 246 | classes: 5 ['happiness', 'disgust', 'repression', 'surprise', 'others']
loading arrays into RAM...
loaded 246 arrays

--- Fold 1/26 | test sub01 (9 test, 237 train) ---
      ep00 train_loss=1.6701 train_acc=0.316 | val_loss=1.0951 val_acc=0.444
      ep01 train_loss=1.2639 train_acc=0.527 | val_loss=0.8772 val_acc=0.778
      ep02 train_loss=1.0321 train_acc=0.671 | val_loss=0.7282 val_acc=0.778
      ep03 train_loss=1.0397 train_acc=0.688 | val_loss=1.1115 val_acc=0.556
      ep04 train_loss=1.0007 train_acc=0.696 | val_loss=0.7705 val_acc=0.667
      ep05 train_loss=0.9038 train_acc=0.764 | val_loss=0.4913 val_acc=0.778
      ep06 train_loss=0.8106 train_acc=0.797 | val_loss=0.9538 val_acc=0.667
      ep07 train_loss=0.8244 train_acc=0.810 | val_loss=0.7745 val_acc=0.667
      ep08 train_loss=0.7782 train_acc=0.831 | val_loss=0.8198 val_acc=0.667
      ep09 train_loss=0.7394 train_acc=0.890 | val_loss=0.7764 val_acc=0.667
      ep10 train_loss=0.7208 train_acc=0.911 | val_loss=0.7607 val_acc=0.667
      ep11 train_loss=0.6845 train_acc=0.920 | val_loss=0.6088 val_acc=0.889
      ep12 train_loss=0.6356 train_acc=0.966 | val_loss=0.6611 val_acc=0.889
      ep13 train_loss=0.7528 train_acc=0.895 | val_loss=0.8264 val_acc=0.778
      ep14 train_loss=0.6589 train_acc=0.954 | val_loss=0.5820 val_acc=0.889
      ep15 train_loss=0.6477 train_acc=0.954 | val_loss=0.6196 val_acc=0.889
      ep16 train_loss=0.6312 train_acc=0.941 | val_loss=0.5974 val_acc=0.778
      ep17 train_loss=0.6371 train_acc=0.958 | val_loss=0.6635 val_acc=0.778
      ep18 train_loss=0.6147 train_acc=0.958 | val_loss=0.6111 val_acc=0.778
      ep19 train_loss=0.6293 train_acc=0.958 | val_loss=0.6107 val_acc=0.778
      ep20 train_loss=0.6404 train_acc=0.962 | val_loss=0.6075 val_acc=0.889
      ep21 train_loss=0.6211 train_acc=0.958 | val_loss=0.6820 val_acc=0.778
      ep22 train_loss=0.5966 train_acc=0.992 | val_loss=0.6477 val_acc=0.889
      ep23 train_loss=0.6265 train_acc=0.962 | val_loss=0.6749 val_acc=0.889
      ep24 train_loss=0.6132 train_acc=0.983 | val_loss=0.6425 val_acc=0.889
    fold acc=0.778 time=231.9s | running pooled acc=0.778

--- Fold 2/26 | test sub02 (13 test, 233 train) ---
      ep00 train_loss=1.6869 train_acc=0.309 | val_loss=1.3720 val_acc=0.538
      ep01 train_loss=1.2734 train_acc=0.549 | val_loss=1.6023 val_acc=0.308
      ep02 train_loss=1.1065 train_acc=0.609 | val_loss=1.4428 val_acc=0.308
      ep03 train_loss=0.9683 train_acc=0.708 | val_loss=2.1521 val_acc=0.462
      ep04 train_loss=0.9683 train_acc=0.751 | val_loss=1.3217 val_acc=0.615
      ep05 train_loss=0.8263 train_acc=0.807 | val_loss=1.9665 val_acc=0.385
      ep06 train_loss=0.8430 train_acc=0.854 | val_loss=1.9984 val_acc=0.385
      ep07 train_loss=0.7907 train_acc=0.845 | val_loss=1.5088 val_acc=0.538
      ep08 train_loss=0.8032 train_acc=0.871 | val_loss=1.8703 val_acc=0.308
      ep09 train_loss=0.7343 train_acc=0.906 | val_loss=1.6318 val_acc=0.538
      ep10 train_loss=0.7220 train_acc=0.901 | val_loss=1.5468 val_acc=0.538
      ep11 train_loss=0.7195 train_acc=0.901 | val_loss=1.3301 val_acc=0.615
      ep12 train_loss=0.7111 train_acc=0.914 | val_loss=1.3467 val_acc=0.692
      ep13 train_loss=0.7318 train_acc=0.910 | val_loss=1.4954 val_acc=0.538
      ep14 train_loss=0.7174 train_acc=0.927 | val_loss=1.6117 val_acc=0.538
      ep15 train_loss=0.6797 train_acc=0.931 | val_loss=1.4824 val_acc=0.538
      ep16 train_loss=0.6385 train_acc=0.961 | val_loss=1.4559 val_acc=0.615
      ep17 train_loss=0.6453 train_acc=0.961 | val_loss=1.5354 val_acc=0.462
      ep18 train_loss=0.6597 train_acc=0.953 | val_loss=1.5826 val_acc=0.462
      ep19 train_loss=0.6564 train_acc=0.957 | val_loss=1.3907 val_acc=0.615
      ep20 train_loss=0.6402 train_acc=0.983 | val_loss=1.4576 val_acc=0.538
      ep21 train_loss=0.6701 train_acc=0.948 | val_loss=1.2911 val_acc=0.615
      ep22 train_loss=0.6550 train_acc=0.974 | val_loss=1.3745 val_acc=0.615
      ep23 train_loss=0.6533 train_acc=0.970 | val_loss=1.3688 val_acc=0.538
      ep24 train_loss=0.6318 train_acc=0.966 | val_loss=1.3902 val_acc=0.615
    fold acc=0.462 time=226.3s | running pooled acc=0.591

--- Fold 3/26 | test sub03 (7 test, 239 train) ---
      ep00 train_loss=1.6213 train_acc=0.297 | val_loss=1.7222 val_acc=0.143
      ep01 train_loss=1.2245 train_acc=0.582 | val_loss=1.3679 val_acc=0.286
      ep02 train_loss=1.0521 train_acc=0.661 | val_loss=0.9793 val_acc=0.571
      ep03 train_loss=0.9739 train_acc=0.665 | val_loss=1.0750 val_acc=0.571
      ep04 train_loss=1.0062 train_acc=0.682 | val_loss=1.0124 val_acc=0.429
      ep05 train_loss=0.8051 train_acc=0.824 | val_loss=1.0395 val_acc=0.714
      ep06 train_loss=0.8364 train_acc=0.812 | val_loss=0.8667 val_acc=0.714
      ep07 train_loss=0.7591 train_acc=0.900 | val_loss=0.6142 val_acc=0.857
      ep08 train_loss=0.7988 train_acc=0.887 | val_loss=0.8814 val_acc=0.714
      ep09 train_loss=0.7262 train_acc=0.883 | val_loss=0.6741 val_acc=0.857
      ep10 train_loss=0.7223 train_acc=0.904 | val_loss=0.9880 val_acc=0.857
      ep11 train_loss=0.6943 train_acc=0.908 | val_loss=0.8958 val_acc=0.714
      ep12 train_loss=0.7000 train_acc=0.912 | val_loss=0.7301 val_acc=0.857
      ep13 train_loss=0.6484 train_acc=0.967 | val_loss=1.0920 val_acc=0.857
      ep14 train_loss=0.6284 train_acc=0.958 | val_loss=1.1107 val_acc=0.714
      ep15 train_loss=0.6309 train_acc=0.967 | val_loss=0.9548 val_acc=0.714
      ep16 train_loss=0.6608 train_acc=0.941 | val_loss=1.0888 val_acc=0.714
      ep17 train_loss=0.6641 train_acc=0.954 | val_loss=0.8456 val_acc=0.857
      ep18 train_loss=0.6408 train_acc=0.958 | val_loss=0.8873 val_acc=0.714
      ep19 train_loss=0.6401 train_acc=0.958 | val_loss=0.9102 val_acc=0.714
      ep20 train_loss=0.6055 train_acc=0.987 | val_loss=0.8739 val_acc=0.714
      ep21 train_loss=0.6461 train_acc=0.975 | val_loss=0.9162 val_acc=0.714
      ep22 train_loss=0.6100 train_acc=0.975 | val_loss=0.9865 val_acc=0.714
      ep23 train_loss=0.6324 train_acc=0.958 | val_loss=0.9053 val_acc=0.714
      ep24 train_loss=0.6018 train_acc=0.979 | val_loss=0.9559 val_acc=0.714
    fold acc=0.714 time=278.6s | running pooled acc=0.621

--- Fold 4/26 | test sub04 (5 test, 241 train) ---
      ep00 train_loss=1.6319 train_acc=0.307 | val_loss=0.6462 val_acc=0.800
      ep01 train_loss=1.2298 train_acc=0.519 | val_loss=0.5431 val_acc=0.800
      ep02 train_loss=1.0755 train_acc=0.647 | val_loss=0.4631 val_acc=0.800
      ep03 train_loss=0.9331 train_acc=0.734 | val_loss=0.8816 val_acc=0.400
      ep04 train_loss=0.9703 train_acc=0.730 | val_loss=0.9116 val_acc=0.800
      ep05 train_loss=0.8907 train_acc=0.776 | val_loss=0.7366 val_acc=0.800
      ep06 train_loss=0.8226 train_acc=0.834 | val_loss=0.4173 val_acc=1.000
      ep07 train_loss=0.8644 train_acc=0.788 | val_loss=0.9930 val_acc=0.600
      ep08 train_loss=0.7441 train_acc=0.867 | val_loss=0.7785 val_acc=0.600
      ep09 train_loss=0.7639 train_acc=0.859 | val_loss=0.6683 val_acc=0.600
      ep10 train_loss=0.7442 train_acc=0.863 | val_loss=0.6315 val_acc=0.800
      ep11 train_loss=0.6975 train_acc=0.896 | val_loss=0.5675 val_acc=1.000
      ep12 train_loss=0.6547 train_acc=0.938 | val_loss=0.5288 val_acc=0.800
      ep13 train_loss=0.6766 train_acc=0.929 | val_loss=0.5409 val_acc=0.800
      ep14 train_loss=0.6356 train_acc=0.959 | val_loss=0.8551 val_acc=0.600
      ep15 train_loss=0.6307 train_acc=0.963 | val_loss=0.5294 val_acc=0.800
      ep16 train_loss=0.6598 train_acc=0.938 | val_loss=0.6335 val_acc=0.800
      ep17 train_loss=0.6656 train_acc=0.938 | val_loss=0.4817 val_acc=1.000
      ep18 train_loss=0.6469 train_acc=0.967 | val_loss=0.6444 val_acc=0.800
      ep19 train_loss=0.6285 train_acc=0.967 | val_loss=0.8397 val_acc=0.800
      ep20 train_loss=0.6328 train_acc=0.979 | val_loss=0.7366 val_acc=0.600
      ep21 train_loss=0.6262 train_acc=0.963 | val_loss=0.6350 val_acc=0.600
      ep22 train_loss=0.6195 train_acc=0.971 | val_loss=0.6177 val_acc=0.600
      ep23 train_loss=0.6171 train_acc=0.967 | val_loss=0.5956 val_acc=0.600
      ep24 train_loss=0.6190 train_acc=0.971 | val_loss=0.5845 val_acc=0.800
    fold acc=0.600 time=233.4s | running pooled acc=0.618

--- Fold 5/26 | test sub05 (19 test, 227 train) ---
      ep00 train_loss=1.5898 train_acc=0.352 | val_loss=1.2505 val_acc=0.421
      ep01 train_loss=1.2122 train_acc=0.573 | val_loss=1.8881 val_acc=0.263
      ep02 train_loss=1.1132 train_acc=0.604 | val_loss=1.3936 val_acc=0.474
      ep03 train_loss=0.9266 train_acc=0.722 | val_loss=1.7844 val_acc=0.421
      ep04 train_loss=0.9766 train_acc=0.771 | val_loss=1.5860 val_acc=0.526
      ep05 train_loss=0.8184 train_acc=0.824 | val_loss=1.5637 val_acc=0.421
      ep06 train_loss=0.7947 train_acc=0.859 | val_loss=1.0920 val_acc=0.526
      ep07 train_loss=0.8382 train_acc=0.846 | val_loss=1.6092 val_acc=0.474
      ep08 train_loss=0.7427 train_acc=0.863 | val_loss=1.0911 val_acc=0.579
      ep09 train_loss=0.7627 train_acc=0.877 | val_loss=1.5319 val_acc=0.474
      ep10 train_loss=0.7537 train_acc=0.899 | val_loss=1.6991 val_acc=0.421
      ep11 train_loss=0.7011 train_acc=0.921 | val_loss=1.6641 val_acc=0.474
      ep12 train_loss=0.6626 train_acc=0.974 | val_loss=1.4426 val_acc=0.526
      ep13 train_loss=0.6658 train_acc=0.956 | val_loss=1.6097 val_acc=0.579
      ep14 train_loss=0.6547 train_acc=0.952 | val_loss=1.5017 val_acc=0.526
      ep15 train_loss=0.6847 train_acc=0.947 | val_loss=1.3206 val_acc=0.474
      ep16 train_loss=0.6339 train_acc=0.960 | val_loss=1.3802 val_acc=0.474
      ep17 train_loss=0.6499 train_acc=0.956 | val_loss=1.4528 val_acc=0.474
      ep18 train_loss=0.6328 train_acc=0.982 | val_loss=1.3751 val_acc=0.474
      ep19 train_loss=0.6288 train_acc=0.974 | val_loss=1.4829 val_acc=0.421
      ep20 train_loss=0.6437 train_acc=0.965 | val_loss=1.3867 val_acc=0.526
      ep21 train_loss=0.6645 train_acc=0.956 | val_loss=1.4887 val_acc=0.474
      ep22 train_loss=0.6141 train_acc=0.991 | val_loss=1.3670 val_acc=0.474
      ep23 train_loss=0.6530 train_acc=0.960 | val_loss=1.3358 val_acc=0.474
      ep24 train_loss=0.6582 train_acc=0.952 | val_loss=1.3503 val_acc=0.474
    fold acc=0.474 time=226.7s | running pooled acc=0.566

--- Fold 6/26 | test sub06 (5 test, 241 train) ---
      ep00 train_loss=1.6231 train_acc=0.315 | val_loss=0.9708 val_acc=0.800
      ep01 train_loss=1.2442 train_acc=0.531 | val_loss=1.1173 val_acc=0.800
      ep02 train_loss=1.1484 train_acc=0.606 | val_loss=1.3386 val_acc=0.800
      ep03 train_loss=0.9604 train_acc=0.685 | val_loss=0.6345 val_acc=0.800
      ep04 train_loss=1.0138 train_acc=0.664 | val_loss=1.0224 val_acc=0.800
      ep05 train_loss=0.9006 train_acc=0.793 | val_loss=1.0739 val_acc=0.800
      ep06 train_loss=0.8173 train_acc=0.817 | val_loss=0.9758 val_acc=0.800
      ep07 train_loss=0.8094 train_acc=0.805 | val_loss=1.0755 val_acc=0.600
      ep08 train_loss=0.7350 train_acc=0.905 | val_loss=0.7279 val_acc=0.800
      ep09 train_loss=0.7807 train_acc=0.863 | val_loss=1.1052 val_acc=0.800
      ep10 train_loss=0.7602 train_acc=0.863 | val_loss=0.7228 val_acc=0.800
      ep11 train_loss=0.7360 train_acc=0.909 | val_loss=0.9262 val_acc=0.800
      ep12 train_loss=0.6862 train_acc=0.921 | val_loss=0.6157 val_acc=0.800
      ep13 train_loss=0.6963 train_acc=0.925 | val_loss=1.0468 val_acc=0.600
      ep14 train_loss=0.6641 train_acc=0.929 | val_loss=0.9333 val_acc=0.800
      ep15 train_loss=0.6701 train_acc=0.963 | val_loss=0.7875 val_acc=0.600
      ep16 train_loss=0.6787 train_acc=0.938 | val_loss=0.8838 val_acc=0.800
      ep17 train_loss=0.6958 train_acc=0.925 | val_loss=0.7587 val_acc=0.600
      ep18 train_loss=0.6354 train_acc=0.975 | val_loss=0.7995 val_acc=0.800
      ep19 train_loss=0.6604 train_acc=0.946 | val_loss=0.8098 val_acc=0.800
      ep20 train_loss=0.6353 train_acc=0.992 | val_loss=0.7345 val_acc=0.800
      ep21 train_loss=0.6284 train_acc=0.967 | val_loss=0.9427 val_acc=0.800
      ep22 train_loss=0.6423 train_acc=0.983 | val_loss=0.8574 val_acc=0.800
      ep23 train_loss=0.6428 train_acc=0.963 | val_loss=0.7672 val_acc=0.800
      ep24 train_loss=0.6315 train_acc=0.971 | val_loss=0.7144 val_acc=0.800
    fold acc=0.800 time=229.2s | running pooled acc=0.586

--- Fold 7/26 | test sub07 (9 test, 237 train) ---
      ep00 train_loss=1.6579 train_acc=0.329 | val_loss=1.3981 val_acc=0.222
      ep01 train_loss=1.1988 train_acc=0.574 | val_loss=1.3670 val_acc=0.444
      ep02 train_loss=1.0644 train_acc=0.688 | val_loss=1.2147 val_acc=0.556
      ep03 train_loss=0.9995 train_acc=0.675 | val_loss=1.3743 val_acc=0.444
      ep04 train_loss=0.9039 train_acc=0.768 | val_loss=1.2231 val_acc=0.556
      ep05 train_loss=0.8988 train_acc=0.772 | val_loss=1.0451 val_acc=0.556
      ep06 train_loss=0.8034 train_acc=0.810 | val_loss=1.1908 val_acc=0.667
      ep07 train_loss=0.7914 train_acc=0.831 | val_loss=1.0328 val_acc=0.667
      ep08 train_loss=0.7423 train_acc=0.886 | val_loss=1.1356 val_acc=0.556
      ep09 train_loss=0.7572 train_acc=0.878 | val_loss=1.2442 val_acc=0.333
      ep10 train_loss=0.7082 train_acc=0.920 | val_loss=1.1301 val_acc=0.667
      ep11 train_loss=0.6702 train_acc=0.924 | val_loss=1.2859 val_acc=0.556
      ep12 train_loss=0.6770 train_acc=0.924 | val_loss=1.2223 val_acc=0.556
      ep13 train_loss=0.6782 train_acc=0.937 | val_loss=1.1536 val_acc=0.556
      ep14 train_loss=0.6955 train_acc=0.928 | val_loss=1.3950 val_acc=0.444
      ep15 train_loss=0.6666 train_acc=0.949 | val_loss=1.2860 val_acc=0.556
      ep16 train_loss=0.6114 train_acc=0.958 | val_loss=1.1822 val_acc=0.556
      ep17 train_loss=0.6473 train_acc=0.958 | val_loss=1.1880 val_acc=0.556
      ep18 train_loss=0.6213 train_acc=0.962 | val_loss=1.0891 val_acc=0.667
      ep19 train_loss=0.6138 train_acc=0.975 | val_loss=1.1875 val_acc=0.667
      ep20 train_loss=0.6098 train_acc=0.966 | val_loss=1.2205 val_acc=0.556
      ep21 train_loss=0.6213 train_acc=0.966 | val_loss=1.2269 val_acc=0.556
      ep22 train_loss=0.5909 train_acc=0.975 | val_loss=1.1427 val_acc=0.556
      ep23 train_loss=0.6103 train_acc=0.979 | val_loss=1.1154 val_acc=0.667
      ep24 train_loss=0.5958 train_acc=0.992 | val_loss=1.1599 val_acc=0.667
    fold acc=0.556 time=229.0s | running pooled acc=0.582

--- Fold 8/26 | test sub08 (3 test, 243 train) ---
      ep00 train_loss=1.5658 train_acc=0.350 | val_loss=1.5959 val_acc=0.333
      ep01 train_loss=1.1694 train_acc=0.609 | val_loss=0.7568 val_acc=0.667
      ep02 train_loss=1.0949 train_acc=0.638 | val_loss=0.6037 val_acc=0.667
      ep03 train_loss=1.0119 train_acc=0.724 | val_loss=1.5248 val_acc=0.667
      ep04 train_loss=0.9622 train_acc=0.741 | val_loss=1.1987 val_acc=0.333
      ep05 train_loss=0.8622 train_acc=0.798 | val_loss=1.7162 val_acc=0.333
      ep06 train_loss=0.8507 train_acc=0.815 | val_loss=0.8253 val_acc=0.667
      ep07 train_loss=0.8027 train_acc=0.848 | val_loss=1.6673 val_acc=0.667
      ep08 train_loss=0.7859 train_acc=0.844 | val_loss=0.9797 val_acc=0.333
      ep09 train_loss=0.7729 train_acc=0.860 | val_loss=1.6180 val_acc=0.667
      ep10 train_loss=0.7656 train_acc=0.897 | val_loss=1.8541 val_acc=0.333
      ep11 train_loss=0.7027 train_acc=0.909 | val_loss=1.1494 val_acc=0.667
      ep12 train_loss=0.6636 train_acc=0.947 | val_loss=1.0505 val_acc=0.667
      ep13 train_loss=0.6883 train_acc=0.938 | val_loss=0.7711 val_acc=0.667
      ep14 train_loss=0.6829 train_acc=0.947 | val_loss=1.0989 val_acc=0.667
      ep15 train_loss=0.6365 train_acc=0.955 | val_loss=1.7659 val_acc=0.333
      ep16 train_loss=0.6530 train_acc=0.955 | val_loss=1.6119 val_acc=0.333
      ep17 train_loss=0.6421 train_acc=0.959 | val_loss=1.0506 val_acc=0.667
      ep18 train_loss=0.6639 train_acc=0.967 | val_loss=1.0234 val_acc=0.667
      ep19 train_loss=0.6117 train_acc=0.967 | val_loss=1.5477 val_acc=0.333
      ep20 train_loss=0.6525 train_acc=0.971 | val_loss=1.5722 val_acc=0.333
      ep21 train_loss=0.6247 train_acc=0.975 | val_loss=1.6205 val_acc=0.333
      ep22 train_loss=0.6302 train_acc=0.951 | val_loss=1.4069 val_acc=0.667
      ep23 train_loss=0.6213 train_acc=0.971 | val_loss=1.4050 val_acc=0.333
      ep24 train_loss=0.6102 train_acc=0.979 | val_loss=1.5069 val_acc=0.333
    fold acc=0.667 time=228.9s | running pooled acc=0.586

--- Fold 9/26 | test sub09 (13 test, 233 train) ---
      ep00 train_loss=1.6599 train_acc=0.330 | val_loss=1.2391 val_acc=0.462
      ep01 train_loss=1.2411 train_acc=0.549 | val_loss=0.7279 val_acc=0.846
      ep02 train_loss=1.1985 train_acc=0.588 | val_loss=0.4612 val_acc=0.923
      ep03 train_loss=1.0360 train_acc=0.682 | val_loss=0.5499 val_acc=0.846
      ep04 train_loss=1.0307 train_acc=0.725 | val_loss=0.2996 val_acc=0.923
      ep05 train_loss=0.9195 train_acc=0.725 | val_loss=1.0512 val_acc=0.692
      ep06 train_loss=0.8667 train_acc=0.790 | val_loss=0.6877 val_acc=0.615
      ep07 train_loss=0.8160 train_acc=0.815 | val_loss=0.5576 val_acc=0.769
      ep08 train_loss=0.7878 train_acc=0.858 | val_loss=0.6868 val_acc=0.769
      ep09 train_loss=0.8045 train_acc=0.863 | val_loss=0.4063 val_acc=0.923
      ep10 train_loss=0.8040 train_acc=0.871 | val_loss=0.5653 val_acc=0.846
      ep11 train_loss=0.7374 train_acc=0.910 | val_loss=0.5137 val_acc=0.846
      ep12 train_loss=0.7498 train_acc=0.918 | val_loss=0.5866 val_acc=0.846
      ep13 train_loss=0.7228 train_acc=0.893 | val_loss=0.5275 val_acc=0.846
      ep14 train_loss=0.7206 train_acc=0.931 | val_loss=0.7665 val_acc=0.692
      ep15 train_loss=0.7058 train_acc=0.910 | val_loss=0.7823 val_acc=0.692
      ep16 train_loss=0.6824 train_acc=0.923 | val_loss=0.4945 val_acc=0.846
      ep17 train_loss=0.6823 train_acc=0.953 | val_loss=0.4600 val_acc=0.846
      ep18 train_loss=0.6571 train_acc=0.948 | val_loss=0.6285 val_acc=0.769
      ep19 train_loss=0.6469 train_acc=0.961 | val_loss=0.5073 val_acc=0.846
      ep20 train_loss=0.6326 train_acc=0.987 | val_loss=0.4768 val_acc=0.769
      ep21 train_loss=0.6668 train_acc=0.944 | val_loss=0.4985 val_acc=0.769
      ep22 train_loss=0.6451 train_acc=0.979 | val_loss=0.4923 val_acc=0.769
      ep23 train_loss=0.6534 train_acc=0.970 | val_loss=0.5406 val_acc=0.846
      ep24 train_loss=0.6470 train_acc=0.970 | val_loss=0.4905 val_acc=0.846
    fold acc=0.769 time=228.1s | running pooled acc=0.614

--- Fold 10/26 | test sub10 (13 test, 233 train) ---
      ep00 train_loss=1.5964 train_acc=0.313 | val_loss=1.2935 val_acc=0.154
      ep01 train_loss=1.2207 train_acc=0.554 | val_loss=0.6459 val_acc=0.692
      ep02 train_loss=1.1102 train_acc=0.588 | val_loss=0.3824 val_acc=0.923
      ep03 train_loss=0.9584 train_acc=0.712 | val_loss=0.3449 val_acc=0.923
      ep04 train_loss=0.9637 train_acc=0.738 | val_loss=0.4163 val_acc=0.923
      ep05 train_loss=0.8547 train_acc=0.764 | val_loss=0.4521 val_acc=1.000
      ep06 train_loss=0.8260 train_acc=0.815 | val_loss=0.3464 val_acc=0.923
      ep07 train_loss=0.7562 train_acc=0.854 | val_loss=0.3060 val_acc=0.923
      ep08 train_loss=0.7505 train_acc=0.858 | val_loss=0.7889 val_acc=0.692
      ep09 train_loss=0.7762 train_acc=0.863 | val_loss=0.3285 val_acc=0.846
      ep10 train_loss=0.7245 train_acc=0.910 | val_loss=0.3550 val_acc=0.923
      ep11 train_loss=0.7135 train_acc=0.910 | val_loss=0.4850 val_acc=0.769
      ep12 train_loss=0.6744 train_acc=0.927 | val_loss=0.3718 val_acc=0.923
      ep13 train_loss=0.6948 train_acc=0.901 | val_loss=0.3526 val_acc=0.923
      ep14 train_loss=0.6645 train_acc=0.940 | val_loss=0.5106 val_acc=0.846
      ep15 train_loss=0.6497 train_acc=0.944 | val_loss=0.4662 val_acc=0.923
      ep16 train_loss=0.6518 train_acc=0.936 | val_loss=0.4066 val_acc=0.923
      ep17 train_loss=0.6198 train_acc=0.961 | val_loss=0.2730 val_acc=1.000
      ep18 train_loss=0.6204 train_acc=0.966 | val_loss=0.5468 val_acc=0.923
      ep19 train_loss=0.5771 train_acc=0.970 | val_loss=0.3478 val_acc=0.923
      ep20 train_loss=0.5846 train_acc=0.983 | val_loss=0.3644 val_acc=0.923
      ep21 train_loss=0.5991 train_acc=0.983 | val_loss=0.3416 val_acc=0.923
      ep22 train_loss=0.5891 train_acc=0.970 | val_loss=0.3870 val_acc=0.923
      ep23 train_loss=0.6215 train_acc=0.961 | val_loss=0.3819 val_acc=0.923
      ep24 train_loss=0.5903 train_acc=0.979 | val_loss=0.4084 val_acc=0.923
    fold acc=0.923 time=227.5s | running pooled acc=0.656

--- Fold 11/26 | test sub11 (10 test, 236 train) ---
      ep00 train_loss=1.6438 train_acc=0.288 | val_loss=1.2126 val_acc=0.200
      ep01 train_loss=1.1723 train_acc=0.534 | val_loss=1.0106 val_acc=0.500
      ep02 train_loss=1.0665 train_acc=0.648 | val_loss=1.5121 val_acc=0.300
      ep03 train_loss=0.9784 train_acc=0.708 | val_loss=1.3922 val_acc=0.300
      ep04 train_loss=0.8976 train_acc=0.771 | val_loss=0.7916 val_acc=0.700
      ep05 train_loss=0.8574 train_acc=0.767 | val_loss=0.9718 val_acc=0.700
      ep06 train_loss=0.8796 train_acc=0.797 | val_loss=0.9794 val_acc=0.600
      ep07 train_loss=0.7945 train_acc=0.822 | val_loss=1.1491 val_acc=0.500
      ep08 train_loss=0.7853 train_acc=0.860 | val_loss=0.8687 val_acc=0.800
      ep09 train_loss=0.7789 train_acc=0.890 | val_loss=0.9738 val_acc=0.600
      ep10 train_loss=0.7643 train_acc=0.886 | val_loss=0.7601 val_acc=0.600
      ep11 train_loss=0.6574 train_acc=0.928 | val_loss=0.9724 val_acc=0.600
      ep12 train_loss=0.6639 train_acc=0.945 | val_loss=1.0282 val_acc=0.500
      ep13 train_loss=0.6415 train_acc=0.962 | val_loss=1.1143 val_acc=0.400
      ep14 train_loss=0.6390 train_acc=0.941 | val_loss=0.8364 val_acc=0.600
      ep15 train_loss=0.6447 train_acc=0.962 | val_loss=1.0465 val_acc=0.700
      ep16 train_loss=0.6308 train_acc=0.953 | val_loss=1.0010 val_acc=0.600
      ep17 train_loss=0.6074 train_acc=0.987 | val_loss=0.8740 val_acc=0.600
      ep18 train_loss=0.6232 train_acc=0.962 | val_loss=0.8877 val_acc=0.600
      ep19 train_loss=0.6124 train_acc=0.953 | val_loss=0.7353 val_acc=0.600
      ep20 train_loss=0.6609 train_acc=0.945 | val_loss=0.8049 val_acc=0.600
      ep21 train_loss=0.6309 train_acc=0.979 | val_loss=0.6998 val_acc=0.700
      ep22 train_loss=0.6266 train_acc=0.975 | val_loss=0.7640 val_acc=0.600
      ep23 train_loss=0.6183 train_acc=0.979 | val_loss=0.7823 val_acc=0.700
      ep24 train_loss=0.6052 train_acc=0.979 | val_loss=0.8079 val_acc=0.600
    fold acc=0.900 time=228.4s | running pooled acc=0.679

--- Fold 12/26 | test sub12 (12 test, 234 train) ---
      ep00 train_loss=1.5733 train_acc=0.338 | val_loss=0.7782 val_acc=0.667
      ep01 train_loss=1.2448 train_acc=0.594 | val_loss=0.6631 val_acc=0.750
      ep02 train_loss=1.1045 train_acc=0.628 | val_loss=0.5470 val_acc=0.750
      ep03 train_loss=1.0016 train_acc=0.722 | val_loss=0.6422 val_acc=0.833
      ep04 train_loss=0.8990 train_acc=0.756 | val_loss=0.6005 val_acc=0.750
      ep05 train_loss=0.8949 train_acc=0.756 | val_loss=0.3504 val_acc=0.833
      ep06 train_loss=0.9791 train_acc=0.756 | val_loss=0.5619 val_acc=0.750
      ep07 train_loss=0.8543 train_acc=0.803 | val_loss=0.5452 val_acc=0.833
      ep08 train_loss=0.7890 train_acc=0.846 | val_loss=0.4107 val_acc=0.750
      ep09 train_loss=0.7600 train_acc=0.868 | val_loss=0.3399 val_acc=0.833
      ep10 train_loss=0.7672 train_acc=0.893 | val_loss=0.3090 val_acc=0.833
      ep11 train_loss=0.7823 train_acc=0.872 | val_loss=0.3171 val_acc=0.833
      ep12 train_loss=0.6771 train_acc=0.932 | val_loss=0.2705 val_acc=1.000
      ep13 train_loss=0.7042 train_acc=0.927 | val_loss=0.4431 val_acc=0.750
      ep14 train_loss=0.6735 train_acc=0.957 | val_loss=0.3661 val_acc=0.833
      ep15 train_loss=0.6943 train_acc=0.923 | val_loss=0.3586 val_acc=0.833
      ep16 train_loss=0.6868 train_acc=0.966 | val_loss=0.4302 val_acc=0.917
      ep17 train_loss=0.6678 train_acc=0.957 | val_loss=0.3737 val_acc=0.917
      ep18 train_loss=0.6516 train_acc=0.949 | val_loss=0.4216 val_acc=0.917
      ep19 train_loss=0.6263 train_acc=0.987 | val_loss=0.4537 val_acc=0.833
      ep20 train_loss=0.6248 train_acc=0.974 | val_loss=0.3872 val_acc=0.917
      ep21 train_loss=0.6315 train_acc=0.957 | val_loss=0.3892 val_acc=0.917
      ep22 train_loss=0.6447 train_acc=0.966 | val_loss=0.3246 val_acc=0.917
      ep23 train_loss=0.6470 train_acc=0.966 | val_loss=0.3171 val_acc=0.917
      ep24 train_loss=0.6265 train_acc=0.966 | val_loss=0.4151 val_acc=0.917
    fold acc=0.917 time=227.5s | running pooled acc=0.703

--- Fold 13/26 | test sub13 (8 test, 238 train) ---
      ep00 train_loss=1.5621 train_acc=0.408 | val_loss=1.4268 val_acc=0.250
      ep01 train_loss=1.2336 train_acc=0.559 | val_loss=1.4477 val_acc=0.375
      ep02 train_loss=1.0936 train_acc=0.639 | val_loss=0.9549 val_acc=0.750
      ep03 train_loss=0.9916 train_acc=0.744 | val_loss=0.8043 val_acc=0.625
      ep04 train_loss=0.9805 train_acc=0.718 | val_loss=0.6192 val_acc=0.875
      ep05 train_loss=0.8346 train_acc=0.769 | val_loss=0.9534 val_acc=0.500
      ep06 train_loss=0.8973 train_acc=0.807 | val_loss=1.0195 val_acc=0.625
      ep07 train_loss=0.8420 train_acc=0.777 | val_loss=0.6480 val_acc=0.750
      ep08 train_loss=0.7813 train_acc=0.874 | val_loss=0.9373 val_acc=0.625
      ep09 train_loss=0.7156 train_acc=0.903 | val_loss=0.5366 val_acc=0.875
      ep10 train_loss=0.6814 train_acc=0.954 | val_loss=0.7180 val_acc=0.625
      ep11 train_loss=0.7385 train_acc=0.895 | val_loss=0.6737 val_acc=0.750
      ep12 train_loss=0.6984 train_acc=0.929 | val_loss=0.5185 val_acc=0.875
      ep13 train_loss=0.6620 train_acc=0.920 | val_loss=0.6883 val_acc=0.625
      ep14 train_loss=0.6688 train_acc=0.971 | val_loss=0.6553 val_acc=0.625
      ep15 train_loss=0.6449 train_acc=0.945 | val_loss=0.5371 val_acc=0.750
      ep16 train_loss=0.6279 train_acc=0.962 | val_loss=0.5667 val_acc=0.750
      ep17 train_loss=0.6630 train_acc=0.945 | val_loss=0.4872 val_acc=0.750
      ep18 train_loss=0.6162 train_acc=0.966 | val_loss=0.3904 val_acc=0.875
      ep19 train_loss=0.6637 train_acc=0.933 | val_loss=0.2943 val_acc=1.000
      ep20 train_loss=0.6134 train_acc=0.966 | val_loss=0.3945 val_acc=0.875
      ep21 train_loss=0.6121 train_acc=0.962 | val_loss=0.3884 val_acc=0.875
      ep22 train_loss=0.6242 train_acc=0.979 | val_loss=0.4068 val_acc=0.750
      ep23 train_loss=0.5979 train_acc=0.992 | val_loss=0.4638 val_acc=0.750
      ep24 train_loss=0.6123 train_acc=0.966 | val_loss=0.3582 val_acc=0.875
    fold acc=0.875 time=234.3s | running pooled acc=0.714

--- Fold 14/26 | test sub14 (4 test, 242 train) ---
      ep00 train_loss=1.5220 train_acc=0.421 | val_loss=1.2644 val_acc=0.250
      ep01 train_loss=1.2831 train_acc=0.525 | val_loss=1.2814 val_acc=0.500
      ep02 train_loss=1.0751 train_acc=0.678 | val_loss=1.5887 val_acc=0.500
      ep03 train_loss=1.0741 train_acc=0.690 | val_loss=1.3221 val_acc=0.500
      ep04 train_loss=0.9750 train_acc=0.686 | val_loss=1.4274 val_acc=0.250
      ep05 train_loss=0.8570 train_acc=0.785 | val_loss=1.0206 val_acc=0.500
      ep06 train_loss=0.7997 train_acc=0.847 | val_loss=1.1962 val_acc=0.500
      ep07 train_loss=0.7891 train_acc=0.893 | val_loss=1.8580 val_acc=0.250
      ep08 train_loss=0.7914 train_acc=0.835 | val_loss=1.8063 val_acc=0.000
      ep09 train_loss=0.7795 train_acc=0.876 | val_loss=1.6160 val_acc=0.000
      ep10 train_loss=0.7378 train_acc=0.901 | val_loss=1.4781 val_acc=0.000
      ep11 train_loss=0.7424 train_acc=0.884 | val_loss=1.6131 val_acc=0.500
      ep12 train_loss=0.6569 train_acc=0.942 | val_loss=1.2321 val_acc=0.750
      ep13 train_loss=0.6735 train_acc=0.950 | val_loss=1.9857 val_acc=0.000
      ep14 train_loss=0.6500 train_acc=0.955 | val_loss=2.2176 val_acc=0.000
      ep15 train_loss=0.6549 train_acc=0.938 | val_loss=1.6703 val_acc=0.000
      ep16 train_loss=0.6419 train_acc=0.955 | val_loss=1.7129 val_acc=0.000
      ep17 train_loss=0.6122 train_acc=0.963 | val_loss=1.6222 val_acc=0.000
      ep18 train_loss=0.6323 train_acc=0.971 | val_loss=1.8699 val_acc=0.000
      ep19 train_loss=0.6470 train_acc=0.963 | val_loss=2.0469 val_acc=0.000
      ep20 train_loss=0.6328 train_acc=0.946 | val_loss=1.7205 val_acc=0.000
      ep21 train_loss=0.6244 train_acc=0.967 | val_loss=1.5653 val_acc=0.000
      ep22 train_loss=0.6377 train_acc=0.967 | val_loss=1.8490 val_acc=0.000
      ep23 train_loss=0.6161 train_acc=0.979 | val_loss=2.0827 val_acc=0.000
      ep24 train_loss=0.6460 train_acc=0.955 | val_loss=1.6985 val_acc=0.000
    fold acc=0.000 time=228.6s | running pooled acc=0.692

--- Fold 15/26 | test sub15 (3 test, 243 train) ---
      ep00 train_loss=1.5898 train_acc=0.350 | val_loss=0.9465 val_acc=0.667
      ep01 train_loss=1.1707 train_acc=0.560 | val_loss=0.7515 val_acc=1.000
      ep02 train_loss=1.0697 train_acc=0.634 | val_loss=0.7268 val_acc=0.667
      ep03 train_loss=1.0297 train_acc=0.687 | val_loss=0.9838 val_acc=0.667
      ep04 train_loss=0.9822 train_acc=0.675 | val_loss=0.6967 val_acc=0.667
      ep05 train_loss=0.8887 train_acc=0.782 | val_loss=0.6136 val_acc=0.667
      ep06 train_loss=0.8811 train_acc=0.765 | val_loss=0.6926 val_acc=0.667
      ep07 train_loss=0.8581 train_acc=0.807 | val_loss=1.1478 val_acc=0.667
      ep08 train_loss=0.7943 train_acc=0.831 | val_loss=0.6115 val_acc=0.667
      ep09 train_loss=0.7763 train_acc=0.848 | val_loss=1.1887 val_acc=0.667
      ep10 train_loss=0.7688 train_acc=0.897 | val_loss=0.6654 val_acc=0.667
      ep11 train_loss=0.7239 train_acc=0.889 | val_loss=0.8475 val_acc=0.667
      ep12 train_loss=0.6767 train_acc=0.926 | val_loss=1.2057 val_acc=0.667
      ep13 train_loss=0.6925 train_acc=0.914 | val_loss=0.9435 val_acc=0.667
      ep14 train_loss=0.6990 train_acc=0.930 | val_loss=1.0081 val_acc=0.667
      ep15 train_loss=0.6974 train_acc=0.955 | val_loss=0.7647 val_acc=0.667
      ep16 train_loss=0.6994 train_acc=0.934 | val_loss=0.8936 val_acc=0.667
      ep17 train_loss=0.6561 train_acc=0.959 | val_loss=0.7043 val_acc=0.667
      ep18 train_loss=0.6847 train_acc=0.967 | val_loss=0.7991 val_acc=0.667
      ep19 train_loss=0.6009 train_acc=0.967 | val_loss=0.9574 val_acc=0.667
      ep20 train_loss=0.6397 train_acc=0.979 | val_loss=0.9728 val_acc=0.667
      ep21 train_loss=0.6122 train_acc=0.979 | val_loss=0.8103 val_acc=0.667
      ep22 train_loss=0.6752 train_acc=0.934 | val_loss=0.9363 val_acc=0.667
      ep23 train_loss=0.6237 train_acc=0.979 | val_loss=0.8775 val_acc=0.667
      ep24 train_loss=0.6273 train_acc=0.971 | val_loss=0.8539 val_acc=0.667
    fold acc=0.667 time=229.5s | running pooled acc=0.692

--- Fold 16/26 | test sub16 (4 test, 242 train) ---
      ep00 train_loss=1.5172 train_acc=0.426 | val_loss=1.7210 val_acc=0.500
      ep01 train_loss=1.2969 train_acc=0.554 | val_loss=1.6749 val_acc=0.250
      ep02 train_loss=1.0545 train_acc=0.674 | val_loss=1.6068 val_acc=0.250
      ep03 train_loss=1.0511 train_acc=0.711 | val_loss=1.6822 val_acc=0.500
      ep04 train_loss=0.9187 train_acc=0.707 | val_loss=1.5697 val_acc=0.500
      ep05 train_loss=0.8566 train_acc=0.789 | val_loss=1.5487 val_acc=0.250
      ep06 train_loss=0.7961 train_acc=0.860 | val_loss=1.6432 val_acc=0.500
      ep07 train_loss=0.7987 train_acc=0.864 | val_loss=1.2291 val_acc=0.500
      ep08 train_loss=0.7579 train_acc=0.876 | val_loss=1.4379 val_acc=0.500
      ep09 train_loss=0.7842 train_acc=0.872 | val_loss=1.4303 val_acc=0.500
      ep10 train_loss=0.7256 train_acc=0.893 | val_loss=1.5868 val_acc=0.500
      ep11 train_loss=0.7392 train_acc=0.888 | val_loss=1.3732 val_acc=0.500
      ep12 train_loss=0.6596 train_acc=0.942 | val_loss=1.6587 val_acc=0.500
      ep13 train_loss=0.6856 train_acc=0.942 | val_loss=1.6026 val_acc=0.500
      ep14 train_loss=0.6453 train_acc=0.955 | val_loss=1.8051 val_acc=0.500
      ep15 train_loss=0.6823 train_acc=0.946 | val_loss=1.5974 val_acc=0.500
      ep16 train_loss=0.6363 train_acc=0.967 | val_loss=1.6299 val_acc=0.500
      ep17 train_loss=0.6072 train_acc=0.983 | val_loss=1.7098 val_acc=0.500
      ep18 train_loss=0.6285 train_acc=0.959 | val_loss=1.4630 val_acc=0.500
      ep19 train_loss=0.6420 train_acc=0.971 | val_loss=1.3058 val_acc=0.750
      ep20 train_loss=0.6385 train_acc=0.963 | val_loss=1.3633 val_acc=0.500
      ep21 train_loss=0.6383 train_acc=0.955 | val_loss=1.4642 val_acc=0.500
      ep22 train_loss=0.6429 train_acc=0.979 | val_loss=1.2938 val_acc=0.500
      ep23 train_loss=0.6351 train_acc=0.967 | val_loss=1.4560 val_acc=0.750
      ep24 train_loss=0.6423 train_acc=0.959 | val_loss=1.3065 val_acc=0.500
    fold acc=0.500 time=229.8s | running pooled acc=0.686

--- Fold 17/26 | test sub17 (34 test, 212 train) ---
      ep00 train_loss=1.5529 train_acc=0.373 | val_loss=1.3637 val_acc=0.353
      ep01 train_loss=1.2857 train_acc=0.552 | val_loss=1.1565 val_acc=0.500
      ep02 train_loss=1.0849 train_acc=0.646 | val_loss=1.1682 val_acc=0.412
      ep03 train_loss=1.0763 train_acc=0.660 | val_loss=1.0354 val_acc=0.588
      ep04 train_loss=0.9445 train_acc=0.722 | val_loss=1.0255 val_acc=0.588
      ep05 train_loss=0.8652 train_acc=0.792 | val_loss=1.1812 val_acc=0.529
      ep06 train_loss=0.9018 train_acc=0.802 | val_loss=1.2586 val_acc=0.559
      ep07 train_loss=0.8180 train_acc=0.821 | val_loss=1.2303 val_acc=0.441
      ep08 train_loss=0.8398 train_acc=0.825 | val_loss=1.1876 val_acc=0.471
      ep09 train_loss=0.7734 train_acc=0.887 | val_loss=1.0101 val_acc=0.647
      ep10 train_loss=0.7509 train_acc=0.873 | val_loss=1.2260 val_acc=0.500
      ep11 train_loss=0.7183 train_acc=0.910 | val_loss=1.2306 val_acc=0.529
      ep12 train_loss=0.7827 train_acc=0.868 | val_loss=1.1324 val_acc=0.500
      ep13 train_loss=0.7586 train_acc=0.906 | val_loss=1.2417 val_acc=0.500
      ep14 train_loss=0.7358 train_acc=0.920 | val_loss=1.1772 val_acc=0.471
      ep15 train_loss=0.7367 train_acc=0.873 | val_loss=1.2451 val_acc=0.529
      ep16 train_loss=0.6832 train_acc=0.958 | val_loss=1.1310 val_acc=0.529
      ep17 train_loss=0.7042 train_acc=0.929 | val_loss=0.9988 val_acc=0.588
      ep18 train_loss=0.7040 train_acc=0.929 | val_loss=0.9063 val_acc=0.647
      ep19 train_loss=0.6620 train_acc=0.953 | val_loss=1.0454 val_acc=0.529
      ep20 train_loss=0.6901 train_acc=0.967 | val_loss=1.1636 val_acc=0.471
      ep21 train_loss=0.6668 train_acc=0.962 | val_loss=1.1354 val_acc=0.529
      ep22 train_loss=0.6669 train_acc=0.972 | val_loss=1.0610 val_acc=0.500
      ep23 train_loss=0.6667 train_acc=0.967 | val_loss=1.0886 val_acc=0.588
      ep24 train_loss=0.6427 train_acc=0.976 | val_loss=1.0312 val_acc=0.529
    fold acc=0.559 time=225.1s | running pooled acc=0.661

--- Fold 18/26 | test sub18 (3 test, 243 train) ---
      ep00 train_loss=1.5981 train_acc=0.350 | val_loss=1.2776 val_acc=0.333
      ep01 train_loss=1.1706 train_acc=0.588 | val_loss=0.7058 val_acc=1.000
      ep02 train_loss=1.1160 train_acc=0.630 | val_loss=1.1676 val_acc=0.333
      ep03 train_loss=0.9816 train_acc=0.679 | val_loss=0.8822 val_acc=0.667
      ep04 train_loss=0.9612 train_acc=0.733 | val_loss=1.2845 val_acc=0.000
      ep05 train_loss=0.8163 train_acc=0.835 | val_loss=0.8052 val_acc=1.000
      ep06 train_loss=0.8611 train_acc=0.815 | val_loss=0.7122 val_acc=1.000
      ep07 train_loss=0.8353 train_acc=0.831 | val_loss=0.7626 val_acc=0.667
      ep08 train_loss=0.8195 train_acc=0.802 | val_loss=1.1688 val_acc=0.667
      ep09 train_loss=0.7580 train_acc=0.840 | val_loss=0.7232 val_acc=0.667
      ep10 train_loss=0.7237 train_acc=0.914 | val_loss=0.7042 val_acc=1.000
      ep11 train_loss=0.7710 train_acc=0.856 | val_loss=1.0128 val_acc=0.333
      ep12 train_loss=0.7177 train_acc=0.905 | val_loss=0.7139 val_acc=0.667
      ep13 train_loss=0.6961 train_acc=0.918 | val_loss=0.5354 val_acc=1.000
      ep14 train_loss=0.6891 train_acc=0.926 | val_loss=0.8471 val_acc=0.667
      ep15 train_loss=0.6665 train_acc=0.959 | val_loss=0.6323 val_acc=0.667
      ep16 train_loss=0.6553 train_acc=0.959 | val_loss=0.5025 val_acc=0.667
      ep17 train_loss=0.6549 train_acc=0.971 | val_loss=0.4748 val_acc=1.000
      ep18 train_loss=0.6691 train_acc=0.942 | val_loss=0.6410 val_acc=0.667
      ep19 train_loss=0.6031 train_acc=0.963 | val_loss=0.7508 val_acc=0.667
      ep20 train_loss=0.6710 train_acc=0.967 | val_loss=0.5525 val_acc=0.667
      ep21 train_loss=0.6062 train_acc=0.975 | val_loss=0.8747 val_acc=0.667
      ep22 train_loss=0.6489 train_acc=0.963 | val_loss=0.7291 val_acc=0.667
      ep23 train_loss=0.5989 train_acc=0.967 | val_loss=0.7284 val_acc=0.667
      ep24 train_loss=0.6174 train_acc=0.979 | val_loss=0.7762 val_acc=0.667
    fold acc=0.667 time=226.9s | running pooled acc=0.661

--- Fold 19/26 | test sub19 (15 test, 231 train) ---
      ep00 train_loss=1.5467 train_acc=0.390 | val_loss=1.3110 val_acc=0.600
      ep01 train_loss=1.2398 train_acc=0.554 | val_loss=0.8314 val_acc=0.800
      ep02 train_loss=1.0551 train_acc=0.675 | val_loss=0.9636 val_acc=0.800
      ep03 train_loss=1.0898 train_acc=0.706 | val_loss=0.9891 val_acc=0.533
      ep04 train_loss=0.9657 train_acc=0.771 | val_loss=0.8176 val_acc=0.600
      ep05 train_loss=0.9077 train_acc=0.797 | val_loss=0.7121 val_acc=0.800
      ep06 train_loss=0.8666 train_acc=0.835 | val_loss=0.6957 val_acc=0.667
      ep07 train_loss=0.7844 train_acc=0.874 | val_loss=0.9599 val_acc=0.667
      ep08 train_loss=0.7758 train_acc=0.887 | val_loss=0.7736 val_acc=0.800
      ep09 train_loss=0.7968 train_acc=0.883 | val_loss=1.1957 val_acc=0.667
      ep10 train_loss=0.8019 train_acc=0.866 | val_loss=0.9898 val_acc=0.600
      ep11 train_loss=0.7434 train_acc=0.874 | val_loss=0.9892 val_acc=0.533
      ep12 train_loss=0.7165 train_acc=0.918 | val_loss=0.7863 val_acc=0.600
      ep13 train_loss=0.6577 train_acc=0.978 | val_loss=0.9358 val_acc=0.533
      ep14 train_loss=0.6840 train_acc=0.974 | val_loss=0.8758 val_acc=0.667
      ep15 train_loss=0.6949 train_acc=0.952 | val_loss=0.8638 val_acc=0.600
      ep16 train_loss=0.6780 train_acc=0.961 | val_loss=0.8061 val_acc=0.733
      ep17 train_loss=0.6396 train_acc=0.978 | val_loss=0.9761 val_acc=0.667
      ep18 train_loss=0.6342 train_acc=0.987 | val_loss=0.9064 val_acc=0.600
      ep19 train_loss=0.6942 train_acc=0.952 | val_loss=0.9767 val_acc=0.533
      ep20 train_loss=0.6745 train_acc=0.970 | val_loss=0.9355 val_acc=0.600
      ep21 train_loss=0.6449 train_acc=0.965 | val_loss=0.9760 val_acc=0.667
      ep22 train_loss=0.6494 train_acc=0.944 | val_loss=0.8865 val_acc=0.600
      ep23 train_loss=0.6575 train_acc=0.974 | val_loss=0.9133 val_acc=0.600
      ep24 train_loss=0.6597 train_acc=0.978 | val_loss=0.9539 val_acc=0.600
    fold acc=0.533 time=226.9s | running pooled acc=0.651

--- Fold 20/26 | test sub20 (11 test, 235 train) ---
      ep00 train_loss=1.6151 train_acc=0.340 | val_loss=1.4722 val_acc=0.364
      ep01 train_loss=1.2490 train_acc=0.545 | val_loss=1.2150 val_acc=0.545
      ep02 train_loss=0.9997 train_acc=0.660 | val_loss=1.6188 val_acc=0.182
      ep03 train_loss=0.9882 train_acc=0.706 | val_loss=1.1064 val_acc=0.455
      ep04 train_loss=0.9500 train_acc=0.749 | val_loss=1.0067 val_acc=0.636
      ep05 train_loss=0.8877 train_acc=0.749 | val_loss=1.3096 val_acc=0.364
      ep06 train_loss=0.7949 train_acc=0.860 | val_loss=0.9062 val_acc=0.455
      ep07 train_loss=0.7967 train_acc=0.851 | val_loss=1.1302 val_acc=0.364
      ep08 train_loss=0.7372 train_acc=0.847 | val_loss=0.9862 val_acc=0.636
      ep09 train_loss=0.7070 train_acc=0.889 | val_loss=0.8358 val_acc=0.727
      ep10 train_loss=0.7014 train_acc=0.889 | val_loss=0.7342 val_acc=0.727
      ep11 train_loss=0.7180 train_acc=0.902 | val_loss=0.8647 val_acc=0.636
      ep12 train_loss=0.7014 train_acc=0.919 | val_loss=0.6690 val_acc=0.727
      ep13 train_loss=0.6633 train_acc=0.932 | val_loss=0.8299 val_acc=0.636
      ep14 train_loss=0.6517 train_acc=0.940 | val_loss=1.0995 val_acc=0.364
      ep15 train_loss=0.6933 train_acc=0.906 | val_loss=0.7559 val_acc=0.727
      ep16 train_loss=0.6498 train_acc=0.949 | val_loss=0.8266 val_acc=0.636
      ep17 train_loss=0.6268 train_acc=0.953 | val_loss=0.8755 val_acc=0.545
      ep18 train_loss=0.6147 train_acc=0.962 | val_loss=0.6224 val_acc=0.818
      ep19 train_loss=0.6318 train_acc=0.966 | val_loss=0.7933 val_acc=0.818
      ep20 train_loss=0.6324 train_acc=0.966 | val_loss=1.0146 val_acc=0.636
      ep21 train_loss=0.6020 train_acc=0.983 | val_loss=0.7865 val_acc=0.636
      ep22 train_loss=0.6299 train_acc=0.970 | val_loss=0.8253 val_acc=0.636
      ep23 train_loss=0.5946 train_acc=0.987 | val_loss=0.6594 val_acc=0.818
      ep24 train_loss=0.6204 train_acc=0.974 | val_loss=0.7386 val_acc=0.727
    fold acc=0.636 time=226.4s | running pooled acc=0.650

--- Fold 21/26 | test sub21 (2 test, 244 train) ---
      ep00 train_loss=1.6067 train_acc=0.340 | val_loss=1.6857 val_acc=0.000
      ep01 train_loss=1.2959 train_acc=0.504 | val_loss=1.8683 val_acc=0.500
      ep02 train_loss=1.0353 train_acc=0.668 | val_loss=2.8036 val_acc=0.500
      ep03 train_loss=0.9696 train_acc=0.701 | val_loss=2.6923 val_acc=0.500
      ep04 train_loss=0.9512 train_acc=0.738 | val_loss=1.9854 val_acc=0.500
      ep05 train_loss=0.9001 train_acc=0.758 | val_loss=2.8655 val_acc=0.500
      ep06 train_loss=0.8295 train_acc=0.820 | val_loss=2.8501 val_acc=0.500
      ep07 train_loss=0.8164 train_acc=0.832 | val_loss=3.7912 val_acc=0.500
      ep08 train_loss=0.7220 train_acc=0.902 | val_loss=3.9030 val_acc=0.500
      ep09 train_loss=0.7150 train_acc=0.902 | val_loss=3.9613 val_acc=0.500
      ep10 train_loss=0.7724 train_acc=0.877 | val_loss=3.7994 val_acc=0.500
      ep11 train_loss=0.7166 train_acc=0.898 | val_loss=2.8237 val_acc=0.500
      ep12 train_loss=0.7066 train_acc=0.910 | val_loss=3.0628 val_acc=0.500
      ep13 train_loss=0.6220 train_acc=0.967 | val_loss=3.1462 val_acc=0.500
      ep14 train_loss=0.6940 train_acc=0.926 | val_loss=4.1652 val_acc=0.500
      ep15 train_loss=0.6593 train_acc=0.939 | val_loss=3.3604 val_acc=0.500
      ep16 train_loss=0.6652 train_acc=0.963 | val_loss=4.0481 val_acc=0.500
      ep17 train_loss=0.6273 train_acc=0.975 | val_loss=3.6078 val_acc=0.500
      ep18 train_loss=0.6424 train_acc=0.963 | val_loss=3.9682 val_acc=0.500
      ep19 train_loss=0.6053 train_acc=0.975 | val_loss=3.6844 val_acc=0.500
      ep20 train_loss=0.6621 train_acc=0.959 | val_loss=3.7162 val_acc=0.500
      ep21 train_loss=0.6343 train_acc=0.959 | val_loss=3.8220 val_acc=0.500
      ep22 train_loss=0.6177 train_acc=0.967 | val_loss=3.8467 val_acc=0.500
      ep23 train_loss=0.6236 train_acc=0.984 | val_loss=4.0362 val_acc=0.500
      ep24 train_loss=0.6418 train_acc=0.955 | val_loss=3.5663 val_acc=0.500
    fold acc=0.500 time=229.5s | running pooled acc=0.649

--- Fold 22/26 | test sub22 (2 test, 244 train) ---
      ep00 train_loss=1.6132 train_acc=0.361 | val_loss=0.4728 val_acc=1.000
      ep01 train_loss=1.3256 train_acc=0.516 | val_loss=0.1019 val_acc=1.000
      ep02 train_loss=1.0530 train_acc=0.664 | val_loss=0.1602 val_acc=1.000
      ep03 train_loss=0.9571 train_acc=0.766 | val_loss=0.0267 val_acc=1.000
      ep04 train_loss=0.9699 train_acc=0.721 | val_loss=0.0371 val_acc=1.000
      ep05 train_loss=0.9089 train_acc=0.766 | val_loss=0.0210 val_acc=1.000
      ep06 train_loss=0.8530 train_acc=0.820 | val_loss=0.2086 val_acc=1.000
      ep07 train_loss=0.8225 train_acc=0.836 | val_loss=0.0582 val_acc=1.000
      ep08 train_loss=0.7281 train_acc=0.898 | val_loss=0.0435 val_acc=1.000
      ep09 train_loss=0.7084 train_acc=0.902 | val_loss=0.5412 val_acc=1.000
      ep10 train_loss=0.7590 train_acc=0.877 | val_loss=0.1484 val_acc=1.000
      ep11 train_loss=0.7442 train_acc=0.889 | val_loss=0.0831 val_acc=1.000
      ep12 train_loss=0.7243 train_acc=0.881 | val_loss=0.0624 val_acc=1.000
      ep13 train_loss=0.6395 train_acc=0.967 | val_loss=0.2483 val_acc=1.000
      ep14 train_loss=0.6933 train_acc=0.951 | val_loss=0.2735 val_acc=1.000
      ep15 train_loss=0.6553 train_acc=0.959 | val_loss=0.0995 val_acc=1.000
      ep16 train_loss=0.6698 train_acc=0.955 | val_loss=0.0727 val_acc=1.000
      ep17 train_loss=0.6324 train_acc=0.971 | val_loss=0.0679 val_acc=1.000
      ep18 train_loss=0.6397 train_acc=0.955 | val_loss=0.0360 val_acc=1.000
      ep19 train_loss=0.6128 train_acc=0.975 | val_loss=0.0552 val_acc=1.000
      ep20 train_loss=0.6563 train_acc=0.951 | val_loss=0.0473 val_acc=1.000
      ep21 train_loss=0.6400 train_acc=0.963 | val_loss=0.0394 val_acc=1.000
      ep22 train_loss=0.6239 train_acc=0.971 | val_loss=0.0542 val_acc=1.000
      ep23 train_loss=0.6333 train_acc=0.971 | val_loss=0.0465 val_acc=1.000
      ep24 train_loss=0.6465 train_acc=0.975 | val_loss=0.0379 val_acc=1.000
    fold acc=1.000 time=229.4s | running pooled acc=0.652

--- Fold 23/26 | test sub23 (12 test, 234 train) ---
      ep00 train_loss=1.6067 train_acc=0.342 | val_loss=0.8866 val_acc=0.583
      ep01 train_loss=1.1760 train_acc=0.594 | val_loss=0.7213 val_acc=0.917
      ep02 train_loss=1.0274 train_acc=0.632 | val_loss=0.6161 val_acc=0.833
      ep03 train_loss=0.9630 train_acc=0.756 | val_loss=0.8083 val_acc=0.583
      ep04 train_loss=0.9113 train_acc=0.761 | val_loss=0.3500 val_acc=1.000
      ep05 train_loss=0.9130 train_acc=0.748 | val_loss=0.7858 val_acc=0.583
      ep06 train_loss=0.8909 train_acc=0.769 | val_loss=0.2931 val_acc=1.000
      ep07 train_loss=0.8241 train_acc=0.825 | val_loss=0.5236 val_acc=0.917
      ep08 train_loss=0.7773 train_acc=0.846 | val_loss=0.3024 val_acc=1.000
      ep09 train_loss=0.7404 train_acc=0.885 | val_loss=0.5776 val_acc=0.750
      ep10 train_loss=0.7290 train_acc=0.880 | val_loss=0.8119 val_acc=0.667
      ep11 train_loss=0.7369 train_acc=0.885 | val_loss=0.6414 val_acc=0.667
      ep12 train_loss=0.6750 train_acc=0.940 | val_loss=0.4794 val_acc=0.833
      ep13 train_loss=0.6530 train_acc=0.936 | val_loss=0.6831 val_acc=0.750
      ep14 train_loss=0.6609 train_acc=0.940 | val_loss=0.6606 val_acc=0.667
      ep15 train_loss=0.6731 train_acc=0.944 | val_loss=0.7447 val_acc=0.667
      ep16 train_loss=0.6547 train_acc=0.949 | val_loss=0.6359 val_acc=0.750
      ep17 train_loss=0.6512 train_acc=0.957 | val_loss=0.5247 val_acc=0.833
      ep18 train_loss=0.6233 train_acc=0.970 | val_loss=0.6307 val_acc=0.833
      ep19 train_loss=0.6329 train_acc=0.974 | val_loss=0.5571 val_acc=0.833
      ep20 train_loss=0.6231 train_acc=0.983 | val_loss=0.5482 val_acc=0.833
      ep21 train_loss=0.6031 train_acc=0.966 | val_loss=0.5646 val_acc=0.833
      ep22 train_loss=0.6169 train_acc=0.970 | val_loss=0.5136 val_acc=0.917
      ep23 train_loss=0.6351 train_acc=0.953 | val_loss=0.5848 val_acc=0.833
      ep24 train_loss=0.5959 train_acc=0.991 | val_loss=0.5124 val_acc=0.833
    fold acc=0.833 time=228.9s | running pooled acc=0.662

--- Fold 24/26 | test sub24 (7 test, 239 train) ---
      ep00 train_loss=1.6296 train_acc=0.314 | val_loss=1.1944 val_acc=0.286
      ep01 train_loss=1.1921 train_acc=0.565 | val_loss=1.3429 val_acc=0.286
      ep02 train_loss=1.1335 train_acc=0.644 | val_loss=1.1730 val_acc=0.571
      ep03 train_loss=1.0583 train_acc=0.657 | val_loss=1.1264 val_acc=0.714
      ep04 train_loss=0.9540 train_acc=0.724 | val_loss=1.0477 val_acc=0.714
      ep05 train_loss=0.8192 train_acc=0.820 | val_loss=0.9749 val_acc=0.714
      ep06 train_loss=0.8403 train_acc=0.791 | val_loss=1.0245 val_acc=0.714
      ep07 train_loss=0.7910 train_acc=0.837 | val_loss=1.2269 val_acc=0.571
      ep08 train_loss=0.7742 train_acc=0.862 | val_loss=1.1874 val_acc=0.714
      ep09 train_loss=0.7236 train_acc=0.874 | val_loss=1.4384 val_acc=0.571
      ep10 train_loss=0.7465 train_acc=0.891 | val_loss=1.6233 val_acc=0.429
      ep11 train_loss=0.7393 train_acc=0.900 | val_loss=1.0266 val_acc=0.571
      ep12 train_loss=0.7403 train_acc=0.887 | val_loss=1.1302 val_acc=0.714
      ep13 train_loss=0.6552 train_acc=0.962 | val_loss=0.9709 val_acc=0.714
      ep14 train_loss=0.6775 train_acc=0.937 | val_loss=0.9202 val_acc=0.714
      ep15 train_loss=0.6389 train_acc=0.954 | val_loss=0.8883 val_acc=0.714
      ep16 train_loss=0.5999 train_acc=0.975 | val_loss=0.9368 val_acc=0.714
      ep17 train_loss=0.5956 train_acc=0.971 | val_loss=0.9691 val_acc=0.571
      ep18 train_loss=0.6293 train_acc=0.958 | val_loss=1.0691 val_acc=0.571
      ep19 train_loss=0.6176 train_acc=0.958 | val_loss=1.0375 val_acc=0.571
      ep20 train_loss=0.6102 train_acc=0.975 | val_loss=1.0185 val_acc=0.571
      ep21 train_loss=0.5998 train_acc=0.979 | val_loss=0.9420 val_acc=0.571
      ep22 train_loss=0.6328 train_acc=0.958 | val_loss=0.9297 val_acc=0.571
      ep23 train_loss=0.6087 train_acc=0.975 | val_loss=0.9504 val_acc=0.571
      ep24 train_loss=0.6243 train_acc=0.983 | val_loss=1.0544 val_acc=0.571
    fold acc=0.714 time=228.8s | running pooled acc=0.664

--- Fold 25/26 | test sub25 (7 test, 239 train) ---
      ep00 train_loss=1.6285 train_acc=0.322 | val_loss=1.1818 val_acc=0.429
      ep01 train_loss=1.2232 train_acc=0.556 | val_loss=1.5289 val_acc=0.429
      ep02 train_loss=1.1269 train_acc=0.657 | val_loss=1.3867 val_acc=0.143
      ep03 train_loss=1.0644 train_acc=0.657 | val_loss=1.0833 val_acc=0.571
      ep04 train_loss=0.9853 train_acc=0.690 | val_loss=1.6309 val_acc=0.286
      ep05 train_loss=0.8365 train_acc=0.803 | val_loss=1.2087 val_acc=0.571
      ep06 train_loss=0.8607 train_acc=0.799 | val_loss=0.8914 val_acc=0.714
      ep07 train_loss=0.8113 train_acc=0.841 | val_loss=1.8154 val_acc=0.286
      ep08 train_loss=0.7810 train_acc=0.858 | val_loss=0.9793 val_acc=0.571
      ep09 train_loss=0.7408 train_acc=0.887 | val_loss=0.9669 val_acc=0.429
      ep10 train_loss=0.7407 train_acc=0.900 | val_loss=0.9334 val_acc=0.571
      ep11 train_loss=0.7452 train_acc=0.916 | val_loss=1.4234 val_acc=0.571
      ep12 train_loss=0.7429 train_acc=0.895 | val_loss=0.5794 val_acc=0.571
      ep13 train_loss=0.6483 train_acc=0.962 | val_loss=0.8991 val_acc=0.571
      ep14 train_loss=0.6907 train_acc=0.916 | val_loss=0.7591 val_acc=0.571
      ep15 train_loss=0.6530 train_acc=0.946 | val_loss=0.7839 val_acc=0.571
      ep16 train_loss=0.6147 train_acc=0.971 | val_loss=0.7843 val_acc=0.714
      ep17 train_loss=0.6216 train_acc=0.975 | val_loss=0.9677 val_acc=0.571
      ep18 train_loss=0.6321 train_acc=0.975 | val_loss=1.0786 val_acc=0.571
      ep19 train_loss=0.6346 train_acc=0.958 | val_loss=0.7878 val_acc=0.714
      ep20 train_loss=0.6386 train_acc=0.954 | val_loss=0.7961 val_acc=0.714
      ep21 train_loss=0.6043 train_acc=0.983 | val_loss=0.7666 val_acc=0.714
      ep22 train_loss=0.6287 train_acc=0.983 | val_loss=0.8184 val_acc=0.714
      ep23 train_loss=0.6234 train_acc=0.971 | val_loss=0.8077 val_acc=0.714
      ep24 train_loss=0.6350 train_acc=0.979 | val_loss=0.8940 val_acc=0.571
    fold acc=0.571 time=228.0s | running pooled acc=0.661

--- Fold 26/26 | test sub26 (16 test, 230 train) ---
      ep00 train_loss=1.4616 train_acc=0.374 | val_loss=1.1130 val_acc=0.688
      ep01 train_loss=1.1109 train_acc=0.596 | val_loss=1.4623 val_acc=0.312
      ep02 train_loss=1.0780 train_acc=0.635 | val_loss=1.0944 val_acc=0.500
      ep03 train_loss=1.0392 train_acc=0.665 | val_loss=1.4233 val_acc=0.312
      ep04 train_loss=0.9553 train_acc=0.726 | val_loss=1.4707 val_acc=0.562
      ep05 train_loss=0.8376 train_acc=0.757 | val_loss=1.4586 val_acc=0.500
      ep06 train_loss=0.7756 train_acc=0.817 | val_loss=1.7978 val_acc=0.312
      ep07 train_loss=0.8265 train_acc=0.835 | val_loss=1.7165 val_acc=0.188
      ep08 train_loss=0.7781 train_acc=0.817 | val_loss=1.5904 val_acc=0.438
      ep09 train_loss=0.6914 train_acc=0.900 | val_loss=1.6894 val_acc=0.375
      ep10 train_loss=0.7245 train_acc=0.917 | val_loss=2.1683 val_acc=0.188
      ep11 train_loss=0.6480 train_acc=0.943 | val_loss=1.6456 val_acc=0.500
      ep12 train_loss=0.6963 train_acc=0.913 | val_loss=1.7062 val_acc=0.438
      ep13 train_loss=0.6365 train_acc=0.943 | val_loss=1.6768 val_acc=0.375
      ep14 train_loss=0.6369 train_acc=0.957 | val_loss=1.5636 val_acc=0.375
      ep15 train_loss=0.6215 train_acc=0.961 | val_loss=1.7511 val_acc=0.375
      ep16 train_loss=0.6324 train_acc=0.948 | val_loss=1.8018 val_acc=0.375
      ep17 train_loss=0.6545 train_acc=0.957 | val_loss=1.8251 val_acc=0.250
      ep18 train_loss=0.6141 train_acc=0.965 | val_loss=1.8027 val_acc=0.312
      ep19 train_loss=0.6018 train_acc=0.987 | val_loss=1.8494 val_acc=0.312
      ep20 train_loss=0.6171 train_acc=0.970 | val_loss=1.9211 val_acc=0.312
      ep21 train_loss=0.6319 train_acc=0.952 | val_loss=1.7664 val_acc=0.250
      ep22 train_loss=0.6399 train_acc=0.961 | val_loss=1.9003 val_acc=0.375
      ep23 train_loss=0.6179 train_acc=0.961 | val_loss=1.6655 val_acc=0.438
      ep24 train_loss=0.5829 train_acc=0.974 | val_loss=1.7637 val_acc=0.312
    fold acc=0.438 time=228.0s | running pooled acc=0.646

=== FINAL (pooled LOSO) ===
UF1 = 0.6718
UAR = 0.6849
ACC = 0.6463
per-class F1: happiness=0.638, disgust=0.610, repression=0.607, surprise=0.885, others=0.619
per-class recall: happiness=0.688, disgust=0.571, repression=0.630, surprise=0.920, others=0.616
confusion matrix (rows=true):
        happin disgus repres surpri others
happine     22      1      2      1      6
disgust      1     36      1      1     24
repress      3      0     17      0      7
surpris      0      1      1     23      0
 others     11     17      8      2     61

saved to D:\AI-Projects\casmeII-new-from-sequence-model\experiments\iter_14_r3d_s123
elapsed 5996.7s
