=== EXPERIMENT iter_04 ===
time: 2026-07-13T22:38:04.340405
device: cuda (NVIDIA GeForce RTX 3060)
platform: Windows-10-10.0.26200-SP0 | torch 2.6.0+cu124
config:
{
  "seed": 42,
  "T": 16,
  "img_size": 112,
  "base_size": 128,
  "input_mode": "rgb",
  "backbone": "r2plus1d_18",
  "pretrained": true,
  "dropout": 0.5,
  "epochs": 25,
  "lr": 0.0001,
  "weight_decay": 0.001,
  "batch_size": 6,
  "class_weighting": true,
  "label_smoothing": 0.1,
  "hflip": true,
  "color_jitter": 0.0,
  "temporal_jitter": true,
  "amp": true,
  "eval_last_k": 3,
  "tta": 1,
  "cache_dir": "cache/frames128",
  "index": "cache/index_emotion.csv",
  "class_names": [
    "happiness",
    "disgust",
    "repression",
    "surprise",
    "others"
  ],
  "name": "iter_04_twostream_flow_onsetref",
  "modality": "two_stream",
  "cache_dir_a": "cache/flow128",
  "cache_dir_b": "cache/frames128",
  "stream_b_input_mode": "onset_ref",
  "flow_clip": 3.0
}
two-stream: 246 common samples (a=cache/flow128, b=cache/frames128)
loading arrays into RAM...
loaded a=246 b=246 arrays

--- Fold 1/26 | test sub01 (9 test, 237 train) ---
      ep00 train_loss=1.6847 train_acc=0.295 | val_loss=1.2746 val_acc=0.444
      ep01 train_loss=1.2615 train_acc=0.515 | val_loss=0.8465 val_acc=0.778
      ep02 train_loss=1.1684 train_acc=0.591 | val_loss=0.8411 val_acc=0.667
      ep03 train_loss=1.1430 train_acc=0.637 | val_loss=0.9294 val_acc=0.556
      ep04 train_loss=1.0684 train_acc=0.675 | val_loss=0.6665 val_acc=0.889
      ep05 train_loss=0.9473 train_acc=0.730 | val_loss=0.6733 val_acc=0.778
      ep06 train_loss=0.8162 train_acc=0.810 | val_loss=0.8138 val_acc=0.556
      ep07 train_loss=0.8204 train_acc=0.810 | val_loss=1.0726 val_acc=0.444
      ep08 train_loss=0.8536 train_acc=0.819 | val_loss=0.7753 val_acc=0.667
      ep09 train_loss=0.8106 train_acc=0.857 | val_loss=0.8338 val_acc=0.556
      ep10 train_loss=0.7177 train_acc=0.878 | val_loss=0.7258 val_acc=0.667
      ep11 train_loss=0.7006 train_acc=0.886 | val_loss=0.5678 val_acc=0.889
      ep12 train_loss=0.6701 train_acc=0.911 | val_loss=0.6689 val_acc=0.778
      ep13 train_loss=0.7097 train_acc=0.890 | val_loss=0.7208 val_acc=0.778
      ep14 train_loss=0.6460 train_acc=0.954 | val_loss=0.6802 val_acc=0.889
      ep15 train_loss=0.6518 train_acc=0.920 | val_loss=0.6702 val_acc=0.889
      ep16 train_loss=0.6850 train_acc=0.907 | val_loss=0.7042 val_acc=0.778
      ep17 train_loss=0.6199 train_acc=0.966 | val_loss=0.8496 val_acc=0.556
      ep18 train_loss=0.6162 train_acc=0.970 | val_loss=0.7617 val_acc=0.778
      ep19 train_loss=0.6320 train_acc=0.962 | val_loss=0.6274 val_acc=0.778
      ep20 train_loss=0.6351 train_acc=0.975 | val_loss=0.6990 val_acc=0.778
      ep21 train_loss=0.6392 train_acc=0.979 | val_loss=0.6358 val_acc=0.778
      ep22 train_loss=0.6342 train_acc=0.945 | val_loss=0.7123 val_acc=0.667
      ep23 train_loss=0.6424 train_acc=0.958 | val_loss=0.6556 val_acc=0.778
      ep24 train_loss=0.6581 train_acc=0.954 | val_loss=0.6689 val_acc=0.778
    fold acc=0.778 time=461.3s | running pooled acc=0.778

--- Fold 2/26 | test sub02 (13 test, 233 train) ---
      ep00 train_loss=1.6460 train_acc=0.335 | val_loss=1.8655 val_acc=0.231
      ep01 train_loss=1.2520 train_acc=0.562 | val_loss=1.6022 val_acc=0.385
      ep02 train_loss=1.1522 train_acc=0.605 | val_loss=2.3136 val_acc=0.385
      ep03 train_loss=1.0495 train_acc=0.682 | val_loss=1.2835 val_acc=0.538
      ep04 train_loss=0.9447 train_acc=0.751 | val_loss=1.4985 val_acc=0.385
      ep05 train_loss=0.8766 train_acc=0.777 | val_loss=1.3333 val_acc=0.462
      ep06 train_loss=0.9062 train_acc=0.828 | val_loss=1.4764 val_acc=0.462
      ep07 train_loss=0.8492 train_acc=0.815 | val_loss=1.2380 val_acc=0.615
      ep08 train_loss=0.8618 train_acc=0.824 | val_loss=1.2101 val_acc=0.692
      ep09 train_loss=0.7715 train_acc=0.901 | val_loss=1.8458 val_acc=0.385
      ep10 train_loss=0.7562 train_acc=0.888 | val_loss=1.2964 val_acc=0.692
      ep11 train_loss=0.7189 train_acc=0.936 | val_loss=1.6465 val_acc=0.538
      ep12 train_loss=0.6739 train_acc=0.944 | val_loss=1.4474 val_acc=0.615
      ep13 train_loss=0.7181 train_acc=0.897 | val_loss=1.4383 val_acc=0.538
      ep14 train_loss=0.6862 train_acc=0.944 | val_loss=1.1707 val_acc=0.615
      ep15 train_loss=0.7162 train_acc=0.918 | val_loss=1.1050 val_acc=0.615
      ep16 train_loss=0.6947 train_acc=0.953 | val_loss=1.2609 val_acc=0.538
      ep17 train_loss=0.7087 train_acc=0.948 | val_loss=1.0548 val_acc=0.692
      ep18 train_loss=0.7084 train_acc=0.923 | val_loss=1.2636 val_acc=0.538
      ep19 train_loss=0.6766 train_acc=0.948 | val_loss=1.1930 val_acc=0.615
      ep20 train_loss=0.7076 train_acc=0.927 | val_loss=1.3318 val_acc=0.462
      ep21 train_loss=0.6558 train_acc=0.970 | val_loss=1.2520 val_acc=0.538
      ep22 train_loss=0.6663 train_acc=0.957 | val_loss=1.2168 val_acc=0.538
      ep23 train_loss=0.6452 train_acc=0.979 | val_loss=1.3772 val_acc=0.538
      ep24 train_loss=0.6558 train_acc=0.953 | val_loss=1.3423 val_acc=0.538
    fold acc=0.538 time=456.3s | running pooled acc=0.636

--- Fold 3/26 | test sub03 (7 test, 239 train) ---
      ep00 train_loss=1.7038 train_acc=0.301 | val_loss=1.5555 val_acc=0.571
      ep01 train_loss=1.2017 train_acc=0.607 | val_loss=1.0008 val_acc=0.286
      ep02 train_loss=1.1351 train_acc=0.636 | val_loss=0.8761 val_acc=0.714
      ep03 train_loss=1.0888 train_acc=0.669 | val_loss=0.6808 val_acc=0.857
      ep04 train_loss=0.9107 train_acc=0.745 | val_loss=1.2163 val_acc=0.429
      ep05 train_loss=0.8794 train_acc=0.782 | val_loss=1.0349 val_acc=0.571
      ep06 train_loss=0.8813 train_acc=0.795 | val_loss=1.1850 val_acc=0.429
      ep07 train_loss=0.8383 train_acc=0.845 | val_loss=1.4803 val_acc=0.143
      ep08 train_loss=0.7872 train_acc=0.820 | val_loss=1.1744 val_acc=0.429
      ep09 train_loss=0.7929 train_acc=0.866 | val_loss=1.3715 val_acc=0.143
      ep10 train_loss=0.7630 train_acc=0.879 | val_loss=1.2235 val_acc=0.571
      ep11 train_loss=0.7104 train_acc=0.908 | val_loss=1.5401 val_acc=0.286
      ep12 train_loss=0.7162 train_acc=0.891 | val_loss=1.1764 val_acc=0.429
      ep13 train_loss=0.7031 train_acc=0.925 | val_loss=1.7398 val_acc=0.286
      ep14 train_loss=0.6564 train_acc=0.933 | val_loss=1.3824 val_acc=0.286
      ep15 train_loss=0.6641 train_acc=0.933 | val_loss=1.3652 val_acc=0.286
      ep16 train_loss=0.6493 train_acc=0.946 | val_loss=1.4378 val_acc=0.286
      ep17 train_loss=0.6687 train_acc=0.946 | val_loss=1.3418 val_acc=0.286
      ep18 train_loss=0.6375 train_acc=0.962 | val_loss=1.1933 val_acc=0.286
      ep19 train_loss=0.6547 train_acc=0.958 | val_loss=1.3011 val_acc=0.286
      ep20 train_loss=0.6174 train_acc=0.962 | val_loss=1.2519 val_acc=0.286
      ep21 train_loss=0.6277 train_acc=0.971 | val_loss=1.2184 val_acc=0.286
      ep22 train_loss=0.6495 train_acc=0.962 | val_loss=1.2329 val_acc=0.429
      ep23 train_loss=0.6325 train_acc=0.975 | val_loss=1.1277 val_acc=0.429
      ep24 train_loss=0.6554 train_acc=0.958 | val_loss=1.2947 val_acc=0.429
    fold acc=0.429 time=463.0s | running pooled acc=0.586

--- Fold 4/26 | test sub04 (5 test, 241 train) ---
      ep00 train_loss=1.6569 train_acc=0.282 | val_loss=0.8923 val_acc=0.400
      ep01 train_loss=1.2194 train_acc=0.531 | val_loss=0.6181 val_acc=0.600
      ep02 train_loss=1.1810 train_acc=0.577 | val_loss=0.9306 val_acc=0.600
      ep03 train_loss=0.9450 train_acc=0.743 | val_loss=1.1928 val_acc=0.600
      ep04 train_loss=0.9436 train_acc=0.734 | val_loss=1.0850 val_acc=0.600
      ep05 train_loss=0.8744 train_acc=0.788 | val_loss=1.3426 val_acc=0.400
      ep06 train_loss=0.8044 train_acc=0.838 | val_loss=0.8731 val_acc=0.800
      ep07 train_loss=0.8232 train_acc=0.805 | val_loss=0.8410 val_acc=0.600
      ep08 train_loss=0.7771 train_acc=0.871 | val_loss=1.3199 val_acc=0.400
      ep09 train_loss=0.7903 train_acc=0.867 | val_loss=1.4419 val_acc=0.400
      ep10 train_loss=0.7535 train_acc=0.913 | val_loss=1.8749 val_acc=0.600
      ep11 train_loss=0.7011 train_acc=0.880 | val_loss=1.0195 val_acc=0.600
      ep12 train_loss=0.6539 train_acc=0.959 | val_loss=1.0999 val_acc=0.600
      ep13 train_loss=0.6619 train_acc=0.925 | val_loss=1.0715 val_acc=0.600
      ep14 train_loss=0.6597 train_acc=0.921 | val_loss=1.1661 val_acc=0.400
      ep15 train_loss=0.6827 train_acc=0.938 | val_loss=0.9648 val_acc=0.800
      ep16 train_loss=0.6584 train_acc=0.946 | val_loss=1.0518 val_acc=0.600
      ep17 train_loss=0.6950 train_acc=0.934 | val_loss=0.9517 val_acc=0.800
      ep18 train_loss=0.6529 train_acc=0.959 | val_loss=0.9514 val_acc=0.600
      ep19 train_loss=0.6449 train_acc=0.971 | val_loss=1.3629 val_acc=0.600
      ep20 train_loss=0.6522 train_acc=0.954 | val_loss=1.4700 val_acc=0.600
      ep21 train_loss=0.6265 train_acc=0.975 | val_loss=1.3210 val_acc=0.600
      ep22 train_loss=0.6356 train_acc=0.954 | val_loss=1.0826 val_acc=0.600
      ep23 train_loss=0.6402 train_acc=0.963 | val_loss=0.9548 val_acc=0.800
      ep24 train_loss=0.6164 train_acc=0.988 | val_loss=1.1980 val_acc=0.600
    fold acc=0.600 time=466.6s | running pooled acc=0.588

--- Fold 5/26 | test sub05 (19 test, 227 train) ---
      ep00 train_loss=1.7193 train_acc=0.300 | val_loss=1.6904 val_acc=0.316
      ep01 train_loss=1.3211 train_acc=0.542 | val_loss=1.6799 val_acc=0.474
      ep02 train_loss=1.1351 train_acc=0.604 | val_loss=1.5078 val_acc=0.526
      ep03 train_loss=1.0338 train_acc=0.683 | val_loss=1.8858 val_acc=0.474
      ep04 train_loss=0.9498 train_acc=0.780 | val_loss=1.5029 val_acc=0.421
      ep05 train_loss=0.8358 train_acc=0.819 | val_loss=2.2108 val_acc=0.474
      ep06 train_loss=0.8664 train_acc=0.815 | val_loss=1.0956 val_acc=0.526
      ep07 train_loss=0.8348 train_acc=0.815 | val_loss=1.8181 val_acc=0.421
      ep08 train_loss=0.7903 train_acc=0.846 | val_loss=1.9021 val_acc=0.368
      ep09 train_loss=0.7654 train_acc=0.859 | val_loss=1.6071 val_acc=0.474
      ep10 train_loss=0.7632 train_acc=0.894 | val_loss=1.4986 val_acc=0.526
      ep11 train_loss=0.7008 train_acc=0.907 | val_loss=1.7829 val_acc=0.474
      ep12 train_loss=0.7305 train_acc=0.894 | val_loss=1.7539 val_acc=0.474
      ep13 train_loss=0.6695 train_acc=0.938 | val_loss=1.4609 val_acc=0.526
      ep14 train_loss=0.6940 train_acc=0.938 | val_loss=1.2575 val_acc=0.579
      ep15 train_loss=0.6528 train_acc=0.952 | val_loss=1.2742 val_acc=0.474
      ep16 train_loss=0.6439 train_acc=0.960 | val_loss=1.4484 val_acc=0.474
      ep17 train_loss=0.6797 train_acc=0.943 | val_loss=1.2350 val_acc=0.526
      ep18 train_loss=0.6398 train_acc=0.969 | val_loss=1.3379 val_acc=0.474
      ep19 train_loss=0.6482 train_acc=0.965 | val_loss=1.2002 val_acc=0.526
      ep20 train_loss=0.6268 train_acc=0.960 | val_loss=1.3643 val_acc=0.474
      ep21 train_loss=0.6495 train_acc=0.956 | val_loss=1.4091 val_acc=0.474
      ep22 train_loss=0.6381 train_acc=0.952 | val_loss=1.3754 val_acc=0.474
      ep23 train_loss=0.6083 train_acc=0.982 | val_loss=1.4501 val_acc=0.474
      ep24 train_loss=0.6021 train_acc=0.982 | val_loss=1.4071 val_acc=0.474
    fold acc=0.474 time=452.5s | running pooled acc=0.547

--- Fold 6/26 | test sub06 (5 test, 241 train) ---
      ep00 train_loss=1.6550 train_acc=0.340 | val_loss=1.1729 val_acc=0.600
      ep01 train_loss=1.2343 train_acc=0.527 | val_loss=0.9282 val_acc=0.600
      ep02 train_loss=1.1876 train_acc=0.598 | val_loss=1.2014 val_acc=0.800
      ep03 train_loss=0.9637 train_acc=0.726 | val_loss=0.9676 val_acc=0.800
      ep04 train_loss=0.9539 train_acc=0.759 | val_loss=0.8241 val_acc=0.600
      ep05 train_loss=0.9326 train_acc=0.759 | val_loss=0.7230 val_acc=0.800
      ep06 train_loss=0.8646 train_acc=0.855 | val_loss=1.0022 val_acc=0.800
      ep07 train_loss=0.8247 train_acc=0.830 | val_loss=0.7587 val_acc=0.800
      ep08 train_loss=0.8181 train_acc=0.822 | val_loss=0.7705 val_acc=0.800
      ep09 train_loss=0.8570 train_acc=0.830 | val_loss=0.5737 val_acc=0.800
      ep10 train_loss=0.7702 train_acc=0.851 | val_loss=0.5504 val_acc=0.600
      ep11 train_loss=0.7225 train_acc=0.888 | val_loss=0.8152 val_acc=0.800
      ep12 train_loss=0.7347 train_acc=0.892 | val_loss=0.6984 val_acc=0.800
      ep13 train_loss=0.6977 train_acc=0.917 | val_loss=0.9443 val_acc=0.800
      ep14 train_loss=0.6725 train_acc=0.934 | val_loss=0.6282 val_acc=0.800
      ep15 train_loss=0.6616 train_acc=0.950 | val_loss=0.6814 val_acc=0.800
      ep16 train_loss=0.6680 train_acc=0.938 | val_loss=0.8058 val_acc=0.800
      ep17 train_loss=0.6689 train_acc=0.946 | val_loss=0.6658 val_acc=0.800
      ep18 train_loss=0.6524 train_acc=0.959 | val_loss=0.5253 val_acc=0.800
      ep19 train_loss=0.6590 train_acc=0.971 | val_loss=0.3824 val_acc=0.800
      ep20 train_loss=0.6608 train_acc=0.954 | val_loss=0.5276 val_acc=0.800
      ep21 train_loss=0.6539 train_acc=0.963 | val_loss=0.5723 val_acc=0.800
      ep22 train_loss=0.6533 train_acc=0.963 | val_loss=0.6047 val_acc=0.800
      ep23 train_loss=0.6525 train_acc=0.954 | val_loss=0.6732 val_acc=0.800
      ep24 train_loss=0.6514 train_acc=0.963 | val_loss=0.5432 val_acc=0.800
    fold acc=0.800 time=467.0s | running pooled acc=0.569

--- Fold 7/26 | test sub07 (9 test, 237 train) ---
      ep00 train_loss=1.6446 train_acc=0.266 | val_loss=0.9976 val_acc=0.667
      ep01 train_loss=1.1193 train_acc=0.582 | val_loss=0.9588 val_acc=0.778
      ep02 train_loss=1.1036 train_acc=0.646 | val_loss=1.0661 val_acc=0.556
      ep03 train_loss=1.0268 train_acc=0.692 | val_loss=1.6071 val_acc=0.333
      ep04 train_loss=1.0582 train_acc=0.658 | val_loss=1.3142 val_acc=0.333
      ep05 train_loss=0.9293 train_acc=0.734 | val_loss=1.4931 val_acc=0.333
      ep06 train_loss=0.7909 train_acc=0.857 | val_loss=1.2131 val_acc=0.667
      ep07 train_loss=0.8356 train_acc=0.802 | val_loss=1.2349 val_acc=0.667
      ep08 train_loss=0.7901 train_acc=0.857 | val_loss=1.5334 val_acc=0.444
      ep09 train_loss=0.8176 train_acc=0.861 | val_loss=1.4613 val_acc=0.444
      ep10 train_loss=0.7448 train_acc=0.857 | val_loss=1.0819 val_acc=0.667
      ep11 train_loss=0.6974 train_acc=0.911 | val_loss=1.2505 val_acc=0.556
      ep12 train_loss=0.6681 train_acc=0.907 | val_loss=1.1318 val_acc=0.667
      ep13 train_loss=0.6856 train_acc=0.928 | val_loss=1.4784 val_acc=0.444
      ep14 train_loss=0.6383 train_acc=0.954 | val_loss=1.3001 val_acc=0.556
      ep15 train_loss=0.6426 train_acc=0.954 | val_loss=1.2201 val_acc=0.556
      ep16 train_loss=0.6750 train_acc=0.924 | val_loss=1.1416 val_acc=0.667
      ep17 train_loss=0.6362 train_acc=0.970 | val_loss=1.1887 val_acc=0.667
      ep18 train_loss=0.6267 train_acc=0.958 | val_loss=1.4139 val_acc=0.556
      ep19 train_loss=0.6302 train_acc=0.962 | val_loss=1.3594 val_acc=0.444
      ep20 train_loss=0.6464 train_acc=0.954 | val_loss=1.3406 val_acc=0.556
      ep21 train_loss=0.6233 train_acc=0.962 | val_loss=1.2767 val_acc=0.667
      ep22 train_loss=0.6060 train_acc=0.970 | val_loss=1.4162 val_acc=0.667
      ep23 train_loss=0.6083 train_acc=0.966 | val_loss=1.3819 val_acc=0.556
      ep24 train_loss=0.6303 train_acc=0.945 | val_loss=1.4169 val_acc=0.556
    fold acc=0.556 time=462.3s | running pooled acc=0.567

--- Fold 8/26 | test sub08 (3 test, 243 train) ---
      ep00 train_loss=1.7027 train_acc=0.337 | val_loss=1.7826 val_acc=0.000
      ep01 train_loss=1.2543 train_acc=0.519 | val_loss=0.7410 val_acc=0.667
      ep02 train_loss=1.1245 train_acc=0.630 | val_loss=2.8739 val_acc=0.333
      ep03 train_loss=1.1175 train_acc=0.650 | val_loss=0.4694 val_acc=0.667
      ep04 train_loss=0.9478 train_acc=0.716 | val_loss=3.3218 val_acc=0.000
      ep05 train_loss=1.0155 train_acc=0.724 | val_loss=1.0033 val_acc=0.667
      ep06 train_loss=0.9476 train_acc=0.765 | val_loss=1.5922 val_acc=0.333
      ep07 train_loss=0.8241 train_acc=0.807 | val_loss=0.5260 val_acc=0.667
      ep08 train_loss=0.7531 train_acc=0.868 | val_loss=0.8659 val_acc=0.333
      ep09 train_loss=0.7951 train_acc=0.852 | val_loss=0.4688 val_acc=0.667
      ep10 train_loss=0.7637 train_acc=0.897 | val_loss=0.4592 val_acc=0.667
      ep11 train_loss=0.7045 train_acc=0.922 | val_loss=0.3581 val_acc=1.000
      ep12 train_loss=0.7313 train_acc=0.881 | val_loss=0.2713 val_acc=1.000
      ep13 train_loss=0.7104 train_acc=0.897 | val_loss=0.7393 val_acc=0.667
      ep14 train_loss=0.6952 train_acc=0.942 | val_loss=1.1046 val_acc=0.667
      ep15 train_loss=0.7201 train_acc=0.909 | val_loss=0.6462 val_acc=0.667
      ep16 train_loss=0.6512 train_acc=0.951 | val_loss=0.4037 val_acc=0.667
      ep17 train_loss=0.6383 train_acc=0.959 | val_loss=0.7839 val_acc=0.667
      ep18 train_loss=0.6714 train_acc=0.942 | val_loss=0.3318 val_acc=0.667
      ep19 train_loss=0.6923 train_acc=0.938 | val_loss=0.6410 val_acc=0.667
      ep20 train_loss=0.6783 train_acc=0.947 | val_loss=0.6234 val_acc=0.667
      ep21 train_loss=0.6329 train_acc=0.959 | val_loss=0.9163 val_acc=0.667
      ep22 train_loss=0.6535 train_acc=0.971 | val_loss=0.6558 val_acc=0.667
      ep23 train_loss=0.6530 train_acc=0.959 | val_loss=0.7584 val_acc=0.667
      ep24 train_loss=0.6294 train_acc=0.967 | val_loss=0.8099 val_acc=0.667
    fold acc=0.667 time=472.2s | running pooled acc=0.571

--- Fold 9/26 | test sub09 (13 test, 233 train) ---
      ep00 train_loss=1.6843 train_acc=0.296 | val_loss=1.3990 val_acc=0.462
      ep01 train_loss=1.2772 train_acc=0.532 | val_loss=1.1637 val_acc=0.769
      ep02 train_loss=1.2026 train_acc=0.597 | val_loss=0.6637 val_acc=0.769
      ep03 train_loss=1.0892 train_acc=0.639 | val_loss=1.2059 val_acc=0.385
      ep04 train_loss=0.9114 train_acc=0.742 | val_loss=0.9166 val_acc=0.615
      ep05 train_loss=0.9283 train_acc=0.734 | val_loss=0.7599 val_acc=0.615
      ep06 train_loss=0.9044 train_acc=0.794 | val_loss=0.7448 val_acc=0.692
      ep07 train_loss=0.9372 train_acc=0.803 | val_loss=1.0181 val_acc=0.538
      ep08 train_loss=0.8530 train_acc=0.824 | val_loss=1.1752 val_acc=0.462
      ep09 train_loss=0.7714 train_acc=0.906 | val_loss=0.5974 val_acc=0.692
      ep10 train_loss=0.7362 train_acc=0.893 | val_loss=0.6576 val_acc=0.769
      ep11 train_loss=0.7017 train_acc=0.940 | val_loss=0.6405 val_acc=0.692
      ep12 train_loss=0.7440 train_acc=0.906 | val_loss=0.6706 val_acc=0.769
      ep13 train_loss=0.7627 train_acc=0.880 | val_loss=0.5987 val_acc=0.615
      ep14 train_loss=0.6885 train_acc=0.961 | val_loss=0.9563 val_acc=0.538
      ep15 train_loss=0.7153 train_acc=0.944 | val_loss=0.6978 val_acc=0.692
      ep16 train_loss=0.6520 train_acc=0.953 | val_loss=0.7377 val_acc=0.692
      ep17 train_loss=0.7008 train_acc=0.944 | val_loss=0.8146 val_acc=0.615
      ep18 train_loss=0.6645 train_acc=0.957 | val_loss=0.7324 val_acc=0.615
      ep19 train_loss=0.6784 train_acc=0.944 | val_loss=0.7216 val_acc=0.692
      ep20 train_loss=0.7441 train_acc=0.914 | val_loss=0.6287 val_acc=0.769
      ep21 train_loss=0.6666 train_acc=0.966 | val_loss=0.6678 val_acc=0.692
      ep22 train_loss=0.6687 train_acc=0.974 | val_loss=0.8504 val_acc=0.615
      ep23 train_loss=0.6763 train_acc=0.961 | val_loss=0.6240 val_acc=0.692
      ep24 train_loss=0.6901 train_acc=0.957 | val_loss=0.7634 val_acc=0.692
    fold acc=0.615 time=458.9s | running pooled acc=0.578

--- Fold 10/26 | test sub10 (13 test, 233 train) ---
      ep00 train_loss=1.6236 train_acc=0.318 | val_loss=1.3306 val_acc=0.385
      ep01 train_loss=1.2496 train_acc=0.545 | val_loss=1.1241 val_acc=0.538
      ep02 train_loss=1.1267 train_acc=0.605 | val_loss=1.3422 val_acc=0.308
      ep03 train_loss=1.1149 train_acc=0.618 | val_loss=0.7658 val_acc=0.692
      ep04 train_loss=0.9325 train_acc=0.760 | val_loss=1.2596 val_acc=0.385
      ep05 train_loss=0.9052 train_acc=0.764 | val_loss=0.5339 val_acc=0.769
      ep06 train_loss=0.8547 train_acc=0.798 | val_loss=1.4579 val_acc=0.231
      ep07 train_loss=0.8527 train_acc=0.811 | val_loss=0.9116 val_acc=0.462
      ep08 train_loss=0.7881 train_acc=0.863 | val_loss=0.6651 val_acc=0.692
      ep09 train_loss=0.7253 train_acc=0.901 | val_loss=0.3983 val_acc=0.846
      ep10 train_loss=0.6715 train_acc=0.931 | val_loss=2.8523 val_acc=0.077
      ep11 train_loss=0.6776 train_acc=0.918 | val_loss=1.1324 val_acc=0.462
      ep12 train_loss=0.6811 train_acc=0.914 | val_loss=1.0654 val_acc=0.538
      ep13 train_loss=0.7146 train_acc=0.906 | val_loss=0.9612 val_acc=0.615
      ep14 train_loss=0.6356 train_acc=0.944 | val_loss=1.0427 val_acc=0.615
      ep15 train_loss=0.6762 train_acc=0.936 | val_loss=0.7681 val_acc=0.769
      ep16 train_loss=0.6258 train_acc=0.953 | val_loss=0.6486 val_acc=0.846
      ep17 train_loss=0.6311 train_acc=0.974 | val_loss=0.8474 val_acc=0.769
      ep18 train_loss=0.6142 train_acc=0.966 | val_loss=1.0682 val_acc=0.615
      ep19 train_loss=0.6351 train_acc=0.957 | val_loss=0.7170 val_acc=0.769
      ep20 train_loss=0.6776 train_acc=0.961 | val_loss=0.8970 val_acc=0.692
      ep21 train_loss=0.6290 train_acc=0.953 | val_loss=0.8592 val_acc=0.692
      ep22 train_loss=0.6113 train_acc=0.979 | val_loss=1.0935 val_acc=0.538
      ep23 train_loss=0.6270 train_acc=0.966 | val_loss=0.9195 val_acc=0.615
      ep24 train_loss=0.6254 train_acc=0.966 | val_loss=1.0963 val_acc=0.462
    fold acc=0.538 time=457.9s | running pooled acc=0.573

--- Fold 11/26 | test sub11 (10 test, 236 train) ---
      ep00 train_loss=1.5468 train_acc=0.326 | val_loss=1.0481 val_acc=0.500
      ep01 train_loss=1.2767 train_acc=0.538 | val_loss=1.1064 val_acc=0.500
      ep02 train_loss=1.1682 train_acc=0.614 | val_loss=1.0407 val_acc=0.600
      ep03 train_loss=0.9544 train_acc=0.708 | val_loss=1.2674 val_acc=0.500
      ep04 train_loss=0.9370 train_acc=0.733 | val_loss=1.3033 val_acc=0.500
      ep05 train_loss=0.8627 train_acc=0.814 | val_loss=1.0807 val_acc=0.600
      ep06 train_loss=0.8240 train_acc=0.852 | val_loss=1.4059 val_acc=0.600
      ep07 train_loss=0.9317 train_acc=0.784 | val_loss=1.5869 val_acc=0.500
      ep08 train_loss=0.8126 train_acc=0.792 | val_loss=1.1267 val_acc=0.300
      ep09 train_loss=0.8055 train_acc=0.843 | val_loss=1.5906 val_acc=0.300
      ep10 train_loss=0.7620 train_acc=0.890 | val_loss=1.1660 val_acc=0.500
      ep11 train_loss=0.7699 train_acc=0.877 | val_loss=1.0608 val_acc=0.600
      ep12 train_loss=0.6947 train_acc=0.924 | val_loss=1.1708 val_acc=0.600
      ep13 train_loss=0.6753 train_acc=0.928 | val_loss=1.2349 val_acc=0.600
      ep14 train_loss=0.7009 train_acc=0.924 | val_loss=0.9680 val_acc=0.600
      ep15 train_loss=0.6673 train_acc=0.919 | val_loss=1.2186 val_acc=0.500
      ep16 train_loss=0.6408 train_acc=0.945 | val_loss=1.0377 val_acc=0.500
      ep17 train_loss=0.6553 train_acc=0.949 | val_loss=1.0627 val_acc=0.600
      ep18 train_loss=0.6032 train_acc=0.958 | val_loss=1.1649 val_acc=0.600
      ep19 train_loss=0.6328 train_acc=0.958 | val_loss=1.2011 val_acc=0.600
      ep20 train_loss=0.6363 train_acc=0.958 | val_loss=1.1194 val_acc=0.600
      ep21 train_loss=0.6234 train_acc=0.975 | val_loss=1.1972 val_acc=0.600
      ep22 train_loss=0.6412 train_acc=0.970 | val_loss=1.0934 val_acc=0.600
      ep23 train_loss=0.6598 train_acc=0.941 | val_loss=0.9915 val_acc=0.600
      ep24 train_loss=0.6306 train_acc=0.949 | val_loss=1.1478 val_acc=0.600
    fold acc=0.600 time=461.8s | running pooled acc=0.575

--- Fold 12/26 | test sub12 (12 test, 234 train) ---
      ep00 train_loss=1.7466 train_acc=0.282 | val_loss=1.0224 val_acc=0.750
      ep01 train_loss=1.2212 train_acc=0.568 | val_loss=0.5948 val_acc=0.750
      ep02 train_loss=1.1115 train_acc=0.667 | val_loss=0.3993 val_acc=0.833
      ep03 train_loss=1.0086 train_acc=0.679 | val_loss=0.5497 val_acc=0.833
      ep04 train_loss=0.9404 train_acc=0.744 | val_loss=0.4300 val_acc=0.833
      ep05 train_loss=0.9645 train_acc=0.748 | val_loss=0.3067 val_acc=0.917
      ep06 train_loss=0.8425 train_acc=0.855 | val_loss=0.3818 val_acc=0.917
      ep07 train_loss=0.8581 train_acc=0.799 | val_loss=0.4921 val_acc=0.833
      ep08 train_loss=0.7552 train_acc=0.893 | val_loss=0.3090 val_acc=0.917
      ep09 train_loss=0.8192 train_acc=0.850 | val_loss=0.4048 val_acc=0.833
      ep10 train_loss=0.7488 train_acc=0.885 | val_loss=0.2934 val_acc=0.833
      ep11 train_loss=0.7297 train_acc=0.919 | val_loss=0.5606 val_acc=0.833
      ep12 train_loss=0.7071 train_acc=0.936 | val_loss=0.2832 val_acc=0.917
      ep13 train_loss=0.6538 train_acc=0.944 | val_loss=0.3861 val_acc=0.917
      ep14 train_loss=0.6798 train_acc=0.932 | val_loss=0.2841 val_acc=0.917
      ep15 train_loss=0.7254 train_acc=0.923 | val_loss=0.4102 val_acc=0.917
      ep16 train_loss=0.6808 train_acc=0.944 | val_loss=0.4746 val_acc=0.833
      ep17 train_loss=0.6794 train_acc=0.944 | val_loss=0.4261 val_acc=0.833
      ep18 train_loss=0.7174 train_acc=0.910 | val_loss=0.4819 val_acc=0.833
      ep19 train_loss=0.6365 train_acc=0.974 | val_loss=0.4694 val_acc=0.917
      ep20 train_loss=0.6780 train_acc=0.957 | val_loss=0.4214 val_acc=0.917
      ep21 train_loss=0.6397 train_acc=0.957 | val_loss=0.4457 val_acc=0.833
      ep22 train_loss=0.6345 train_acc=0.962 | val_loss=0.4334 val_acc=0.917
      ep23 train_loss=0.6759 train_acc=0.936 | val_loss=0.4778 val_acc=0.833
      ep24 train_loss=0.6328 train_acc=0.962 | val_loss=0.4820 val_acc=0.833
    fold acc=0.917 time=459.5s | running pooled acc=0.610

--- Fold 13/26 | test sub13 (8 test, 238 train) ---
      ep00 train_loss=1.6038 train_acc=0.328 | val_loss=1.6886 val_acc=0.250
      ep01 train_loss=1.2191 train_acc=0.571 | val_loss=1.5278 val_acc=0.375
      ep02 train_loss=1.1070 train_acc=0.626 | val_loss=1.5220 val_acc=0.500
      ep03 train_loss=0.9865 train_acc=0.710 | val_loss=0.7154 val_acc=0.750
      ep04 train_loss=0.9214 train_acc=0.777 | val_loss=1.0749 val_acc=0.625
      ep05 train_loss=0.8406 train_acc=0.790 | val_loss=0.7318 val_acc=0.875
      ep06 train_loss=0.7906 train_acc=0.853 | val_loss=0.9829 val_acc=0.500
      ep07 train_loss=0.7828 train_acc=0.857 | val_loss=0.9373 val_acc=0.625
      ep08 train_loss=0.7399 train_acc=0.870 | val_loss=0.7154 val_acc=0.875
      ep09 train_loss=0.7678 train_acc=0.853 | val_loss=0.6672 val_acc=0.875
      ep10 train_loss=0.7018 train_acc=0.903 | val_loss=0.9146 val_acc=0.750
      ep11 train_loss=0.7409 train_acc=0.895 | val_loss=0.7134 val_acc=0.750
      ep12 train_loss=0.7252 train_acc=0.903 | val_loss=0.6033 val_acc=0.875
      ep13 train_loss=0.6776 train_acc=0.908 | val_loss=0.6247 val_acc=0.875
      ep14 train_loss=0.6726 train_acc=0.945 | val_loss=0.5689 val_acc=0.750
      ep15 train_loss=0.6312 train_acc=0.958 | val_loss=0.6667 val_acc=0.750
      ep16 train_loss=0.6760 train_acc=0.929 | val_loss=0.5954 val_acc=0.750
      ep17 train_loss=0.6533 train_acc=0.941 | val_loss=0.7300 val_acc=0.750
      ep18 train_loss=0.6655 train_acc=0.941 | val_loss=0.6865 val_acc=0.875
      ep19 train_loss=0.6231 train_acc=0.962 | val_loss=0.6277 val_acc=0.875
      ep20 train_loss=0.6558 train_acc=0.966 | val_loss=0.5685 val_acc=0.875
      ep21 train_loss=0.6501 train_acc=0.966 | val_loss=0.6269 val_acc=0.875
      ep22 train_loss=0.6221 train_acc=0.983 | val_loss=0.6752 val_acc=0.875
      ep23 train_loss=0.6005 train_acc=0.987 | val_loss=0.6937 val_acc=0.875
      ep24 train_loss=0.6093 train_acc=0.987 | val_loss=0.6292 val_acc=0.875
    fold acc=0.875 time=462.7s | running pooled acc=0.627

--- Fold 14/26 | test sub14 (4 test, 242 train) ---
      ep00 train_loss=1.7052 train_acc=0.289 | val_loss=1.7257 val_acc=0.000
      ep01 train_loss=1.3068 train_acc=0.521 | val_loss=1.6737 val_acc=0.250
      ep02 train_loss=1.0698 train_acc=0.640 | val_loss=1.4924 val_acc=0.500
      ep03 train_loss=0.9903 train_acc=0.736 | val_loss=1.6015 val_acc=0.500
      ep04 train_loss=0.9583 train_acc=0.731 | val_loss=2.3630 val_acc=0.250
      ep05 train_loss=0.8707 train_acc=0.806 | val_loss=1.0739 val_acc=0.500
      ep06 train_loss=0.9283 train_acc=0.773 | val_loss=1.0190 val_acc=0.750
      ep07 train_loss=0.9220 train_acc=0.760 | val_loss=1.5326 val_acc=0.500
      ep08 train_loss=0.8479 train_acc=0.847 | val_loss=1.5550 val_acc=0.250
      ep09 train_loss=0.7585 train_acc=0.884 | val_loss=2.7248 val_acc=0.250
      ep10 train_loss=0.7458 train_acc=0.876 | val_loss=1.5529 val_acc=0.250
      ep11 train_loss=0.7159 train_acc=0.893 | val_loss=2.1470 val_acc=0.250
      ep12 train_loss=0.7345 train_acc=0.909 | val_loss=1.4404 val_acc=0.500
      ep13 train_loss=0.6930 train_acc=0.934 | val_loss=1.3531 val_acc=0.500
      ep14 train_loss=0.6908 train_acc=0.942 | val_loss=1.4586 val_acc=0.250
      ep15 train_loss=0.6813 train_acc=0.938 | val_loss=1.0881 val_acc=0.750
      ep16 train_loss=0.6744 train_acc=0.955 | val_loss=1.4073 val_acc=0.500
      ep17 train_loss=0.6464 train_acc=0.959 | val_loss=1.5916 val_acc=0.250
      ep18 train_loss=0.6596 train_acc=0.942 | val_loss=1.3883 val_acc=0.250
      ep19 train_loss=0.6262 train_acc=0.975 | val_loss=1.4359 val_acc=0.500
      ep20 train_loss=0.6415 train_acc=0.967 | val_loss=1.3446 val_acc=0.500
      ep21 train_loss=0.6307 train_acc=0.983 | val_loss=1.5587 val_acc=0.500
      ep22 train_loss=0.6124 train_acc=0.983 | val_loss=1.6015 val_acc=0.500
      ep23 train_loss=0.6151 train_acc=0.975 | val_loss=1.3828 val_acc=0.500
      ep24 train_loss=0.6204 train_acc=0.983 | val_loss=1.4813 val_acc=0.500
    fold acc=0.500 time=482.1s | running pooled acc=0.623

--- Fold 15/26 | test sub15 (3 test, 243 train) ---
      ep00 train_loss=1.6962 train_acc=0.325 | val_loss=1.1543 val_acc=0.333
      ep01 train_loss=1.3319 train_acc=0.498 | val_loss=0.6616 val_acc=0.667
      ep02 train_loss=1.1058 train_acc=0.638 | val_loss=1.5101 val_acc=0.000
      ep03 train_loss=1.1137 train_acc=0.667 | val_loss=1.3947 val_acc=0.333
      ep04 train_loss=0.9784 train_acc=0.704 | val_loss=0.9329 val_acc=0.333
      ep05 train_loss=0.9961 train_acc=0.683 | val_loss=1.6650 val_acc=0.333
      ep06 train_loss=0.8963 train_acc=0.770 | val_loss=0.7371 val_acc=0.667
      ep07 train_loss=0.7935 train_acc=0.860 | val_loss=0.8956 val_acc=0.667
      ep08 train_loss=0.7522 train_acc=0.889 | val_loss=0.5207 val_acc=1.000
      ep09 train_loss=0.7732 train_acc=0.872 | val_loss=0.9562 val_acc=0.667
      ep10 train_loss=0.7761 train_acc=0.872 | val_loss=0.7526 val_acc=0.667
      ep11 train_loss=0.7375 train_acc=0.897 | val_loss=1.0547 val_acc=0.333
      ep12 train_loss=0.7500 train_acc=0.905 | val_loss=1.0528 val_acc=0.333
      ep13 train_loss=0.7327 train_acc=0.905 | val_loss=1.2180 val_acc=0.333
      ep14 train_loss=0.6970 train_acc=0.942 | val_loss=0.6881 val_acc=0.667
      ep15 train_loss=0.7360 train_acc=0.893 | val_loss=0.8219 val_acc=0.667
      ep16 train_loss=0.6527 train_acc=0.951 | val_loss=0.7323 val_acc=0.667
      ep17 train_loss=0.6370 train_acc=0.926 | val_loss=0.7044 val_acc=0.667
      ep18 train_loss=0.6464 train_acc=0.967 | val_loss=0.8121 val_acc=0.333
      ep19 train_loss=0.6922 train_acc=0.947 | val_loss=0.7857 val_acc=0.667
      ep20 train_loss=0.6704 train_acc=0.951 | val_loss=0.9976 val_acc=0.333
      ep21 train_loss=0.6370 train_acc=0.971 | val_loss=0.8092 val_acc=0.667
      ep22 train_loss=0.6577 train_acc=0.959 | val_loss=0.8115 val_acc=0.667
      ep23 train_loss=0.6602 train_acc=0.955 | val_loss=0.7841 val_acc=0.667
      ep24 train_loss=0.6695 train_acc=0.942 | val_loss=0.8213 val_acc=0.667
    fold acc=0.667 time=482.8s | running pooled acc=0.624

--- Fold 16/26 | test sub16 (4 test, 242 train) ---
      ep00 train_loss=1.7255 train_acc=0.298 | val_loss=1.6409 val_acc=0.000
      ep01 train_loss=1.2739 train_acc=0.521 | val_loss=1.5077 val_acc=0.250
      ep02 train_loss=1.0798 train_acc=0.628 | val_loss=1.7992 val_acc=0.500
      ep03 train_loss=0.9805 train_acc=0.756 | val_loss=1.2032 val_acc=0.500
      ep04 train_loss=0.9480 train_acc=0.731 | val_loss=0.9323 val_acc=0.750
      ep05 train_loss=0.8358 train_acc=0.847 | val_loss=1.2809 val_acc=0.500
      ep06 train_loss=0.9020 train_acc=0.781 | val_loss=1.2767 val_acc=0.500
      ep07 train_loss=0.9209 train_acc=0.789 | val_loss=1.2216 val_acc=0.500
      ep08 train_loss=0.8167 train_acc=0.860 | val_loss=0.6417 val_acc=0.750
      ep09 train_loss=0.7575 train_acc=0.888 | val_loss=0.6231 val_acc=0.500
      ep10 train_loss=0.7299 train_acc=0.893 | val_loss=0.6849 val_acc=0.750
      ep11 train_loss=0.7240 train_acc=0.888 | val_loss=0.7967 val_acc=0.750
      ep12 train_loss=0.7649 train_acc=0.888 | val_loss=0.9308 val_acc=0.750
      ep13 train_loss=0.7047 train_acc=0.909 | val_loss=0.8171 val_acc=0.750
      ep14 train_loss=0.7047 train_acc=0.930 | val_loss=0.7008 val_acc=0.750
      ep15 train_loss=0.6864 train_acc=0.913 | val_loss=0.5908 val_acc=0.750
      ep16 train_loss=0.6543 train_acc=0.971 | val_loss=0.5146 val_acc=0.750
      ep17 train_loss=0.6434 train_acc=0.963 | val_loss=0.7634 val_acc=0.750
      ep18 train_loss=0.6561 train_acc=0.950 | val_loss=0.5453 val_acc=0.750
      ep19 train_loss=0.6260 train_acc=0.967 | val_loss=0.5243 val_acc=0.750
      ep20 train_loss=0.6510 train_acc=0.950 | val_loss=0.5632 val_acc=0.750
      ep21 train_loss=0.6349 train_acc=0.975 | val_loss=0.6081 val_acc=0.750
      ep22 train_loss=0.6217 train_acc=0.971 | val_loss=0.5778 val_acc=0.750
      ep23 train_loss=0.6274 train_acc=0.971 | val_loss=0.5474 val_acc=0.750
      ep24 train_loss=0.6362 train_acc=0.975 | val_loss=0.5696 val_acc=0.750
    fold acc=0.750 time=467.4s | running pooled acc=0.628

--- Fold 17/26 | test sub17 (34 test, 212 train) ---
      ep00 train_loss=1.7184 train_acc=0.307 | val_loss=1.3656 val_acc=0.471
      ep01 train_loss=1.3524 train_acc=0.505 | val_loss=1.2258 val_acc=0.471
      ep02 train_loss=1.1074 train_acc=0.608 | val_loss=1.2866 val_acc=0.471
      ep03 train_loss=1.0879 train_acc=0.703 | val_loss=1.1144 val_acc=0.529
      ep04 train_loss=0.9901 train_acc=0.726 | val_loss=1.7902 val_acc=0.353
      ep05 train_loss=1.0091 train_acc=0.741 | val_loss=1.3740 val_acc=0.529
      ep06 train_loss=0.9653 train_acc=0.769 | val_loss=1.5828 val_acc=0.353
      ep07 train_loss=0.8563 train_acc=0.816 | val_loss=1.0899 val_acc=0.618
      ep08 train_loss=0.8510 train_acc=0.811 | val_loss=1.3448 val_acc=0.500
      ep09 train_loss=0.7939 train_acc=0.868 | val_loss=1.3401 val_acc=0.471
      ep10 train_loss=0.7870 train_acc=0.854 | val_loss=1.0707 val_acc=0.559
      ep11 train_loss=0.7394 train_acc=0.896 | val_loss=1.0878 val_acc=0.529
      ep12 train_loss=0.7802 train_acc=0.849 | val_loss=1.2882 val_acc=0.500
      ep13 train_loss=0.7203 train_acc=0.920 | val_loss=1.4724 val_acc=0.382
      ep14 train_loss=0.7422 train_acc=0.925 | val_loss=1.2261 val_acc=0.559
      ep15 train_loss=0.7600 train_acc=0.906 | val_loss=1.4054 val_acc=0.412
      ep16 train_loss=0.7393 train_acc=0.920 | val_loss=1.2149 val_acc=0.441
      ep17 train_loss=0.7097 train_acc=0.920 | val_loss=1.1552 val_acc=0.500
      ep18 train_loss=0.6937 train_acc=0.939 | val_loss=1.1769 val_acc=0.441
      ep19 train_loss=0.6830 train_acc=0.962 | val_loss=0.9801 val_acc=0.588
      ep20 train_loss=0.6673 train_acc=0.953 | val_loss=1.3236 val_acc=0.441
      ep21 train_loss=0.6527 train_acc=0.986 | val_loss=1.3013 val_acc=0.412
      ep22 train_loss=0.6820 train_acc=0.981 | val_loss=1.1025 val_acc=0.500
      ep23 train_loss=0.6704 train_acc=0.981 | val_loss=1.1423 val_acc=0.441
      ep24 train_loss=0.6586 train_acc=0.972 | val_loss=1.1365 val_acc=0.500
    fold acc=0.471 time=448.3s | running pooled acc=0.596

--- Fold 18/26 | test sub18 (3 test, 243 train) ---
      ep00 train_loss=1.6377 train_acc=0.325 | val_loss=1.1686 val_acc=0.000
      ep01 train_loss=1.2595 train_acc=0.531 | val_loss=0.6425 val_acc=0.667
      ep02 train_loss=1.1272 train_acc=0.617 | val_loss=0.3015 val_acc=1.000
      ep03 train_loss=1.1388 train_acc=0.675 | val_loss=0.1585 val_acc=1.000
      ep04 train_loss=0.9586 train_acc=0.716 | val_loss=1.1648 val_acc=0.667
      ep05 train_loss=0.9463 train_acc=0.741 | val_loss=0.3788 val_acc=1.000
      ep06 train_loss=0.8896 train_acc=0.782 | val_loss=0.8102 val_acc=0.667
      ep07 train_loss=0.8077 train_acc=0.835 | val_loss=0.4468 val_acc=1.000
      ep08 train_loss=0.7761 train_acc=0.840 | val_loss=1.0012 val_acc=0.667
      ep09 train_loss=0.7703 train_acc=0.868 | val_loss=1.0118 val_acc=0.333
      ep10 train_loss=0.7217 train_acc=0.926 | val_loss=1.1365 val_acc=0.667
      ep11 train_loss=0.7028 train_acc=0.930 | val_loss=0.9568 val_acc=0.667
      ep12 train_loss=0.7276 train_acc=0.901 | val_loss=0.4343 val_acc=1.000
      ep13 train_loss=0.6986 train_acc=0.918 | val_loss=0.4690 val_acc=1.000
      ep14 train_loss=0.6934 train_acc=0.947 | val_loss=0.5743 val_acc=0.667
      ep15 train_loss=0.6860 train_acc=0.918 | val_loss=0.4654 val_acc=1.000
      ep16 train_loss=0.6418 train_acc=0.951 | val_loss=0.1373 val_acc=1.000
      ep17 train_loss=0.6306 train_acc=0.967 | val_loss=0.3284 val_acc=1.000
      ep18 train_loss=0.6329 train_acc=0.951 | val_loss=0.2048 val_acc=1.000
      ep19 train_loss=0.6715 train_acc=0.938 | val_loss=0.3948 val_acc=0.667
      ep20 train_loss=0.6664 train_acc=0.947 | val_loss=0.4339 val_acc=0.667
      ep21 train_loss=0.6246 train_acc=0.963 | val_loss=0.3986 val_acc=1.000
      ep22 train_loss=0.6329 train_acc=0.967 | val_loss=0.3273 val_acc=1.000
      ep23 train_loss=0.6365 train_acc=0.967 | val_loss=0.3210 val_acc=1.000
      ep24 train_loss=0.6530 train_acc=0.951 | val_loss=0.3374 val_acc=1.000
    fold acc=1.000 time=482.5s | running pooled acc=0.603

--- Fold 19/26 | test sub19 (15 test, 231 train) ---
      ep00 train_loss=1.6883 train_acc=0.303 | val_loss=1.2827 val_acc=0.467
      ep01 train_loss=1.2502 train_acc=0.541 | val_loss=1.1007 val_acc=0.667
      ep02 train_loss=1.1546 train_acc=0.654 | val_loss=1.2146 val_acc=0.600
      ep03 train_loss=1.0203 train_acc=0.684 | val_loss=0.9042 val_acc=0.600
      ep04 train_loss=1.0030 train_acc=0.736 | val_loss=1.0948 val_acc=0.600
      ep05 train_loss=1.0346 train_acc=0.706 | val_loss=1.3837 val_acc=0.467
      ep06 train_loss=0.8862 train_acc=0.788 | val_loss=1.1198 val_acc=0.733
      ep07 train_loss=0.8464 train_acc=0.810 | val_loss=1.0124 val_acc=0.667
      ep08 train_loss=0.8560 train_acc=0.827 | val_loss=0.7914 val_acc=0.800
      ep09 train_loss=0.7729 train_acc=0.866 | val_loss=0.7672 val_acc=0.733
      ep10 train_loss=0.7677 train_acc=0.892 | val_loss=0.9048 val_acc=0.733
      ep11 train_loss=0.8140 train_acc=0.857 | val_loss=0.6883 val_acc=0.733
      ep12 train_loss=0.7503 train_acc=0.879 | val_loss=0.7100 val_acc=0.733
      ep13 train_loss=0.6974 train_acc=0.926 | val_loss=0.5559 val_acc=0.800
      ep14 train_loss=0.6760 train_acc=0.935 | val_loss=0.5926 val_acc=0.867
      ep15 train_loss=0.7443 train_acc=0.931 | val_loss=0.5912 val_acc=0.867
      ep16 train_loss=0.6840 train_acc=0.948 | val_loss=0.7263 val_acc=0.733
      ep17 train_loss=0.6559 train_acc=0.978 | val_loss=0.6211 val_acc=0.800
      ep18 train_loss=0.7156 train_acc=0.926 | val_loss=0.6487 val_acc=0.800
      ep19 train_loss=0.6607 train_acc=0.961 | val_loss=0.8075 val_acc=0.800
      ep20 train_loss=0.6327 train_acc=0.970 | val_loss=0.7089 val_acc=0.867
      ep21 train_loss=0.6782 train_acc=0.961 | val_loss=0.6611 val_acc=0.800
      ep22 train_loss=0.6614 train_acc=0.965 | val_loss=0.6545 val_acc=0.867
      ep23 train_loss=0.6425 train_acc=0.965 | val_loss=0.6432 val_acc=0.867
      ep24 train_loss=0.6756 train_acc=0.939 | val_loss=0.6620 val_acc=0.867
    fold acc=0.867 time=468.7s | running pooled acc=0.624

--- Fold 20/26 | test sub20 (11 test, 235 train) ---
      ep00 train_loss=1.7240 train_acc=0.345 | val_loss=1.8398 val_acc=0.000
      ep01 train_loss=1.2672 train_acc=0.532 | val_loss=1.5921 val_acc=0.364
      ep02 train_loss=1.1422 train_acc=0.621 | val_loss=2.0479 val_acc=0.182
      ep03 train_loss=1.0755 train_acc=0.672 | val_loss=1.5314 val_acc=0.273
      ep04 train_loss=0.8895 train_acc=0.757 | val_loss=1.8250 val_acc=0.182
      ep05 train_loss=0.9591 train_acc=0.745 | val_loss=2.2017 val_acc=0.273
      ep06 train_loss=0.8828 train_acc=0.804 | val_loss=1.5534 val_acc=0.455
      ep07 train_loss=0.9352 train_acc=0.753 | val_loss=1.3949 val_acc=0.545
      ep08 train_loss=0.8281 train_acc=0.817 | val_loss=1.7186 val_acc=0.455
      ep09 train_loss=0.7636 train_acc=0.885 | val_loss=1.7336 val_acc=0.545
      ep10 train_loss=0.7094 train_acc=0.936 | val_loss=1.7412 val_acc=0.455
      ep11 train_loss=0.7224 train_acc=0.885 | val_loss=2.0907 val_acc=0.455
      ep12 train_loss=0.6773 train_acc=0.906 | val_loss=1.6938 val_acc=0.455
      ep13 train_loss=0.6900 train_acc=0.919 | val_loss=1.5151 val_acc=0.545
      ep14 train_loss=0.6807 train_acc=0.928 | val_loss=1.5320 val_acc=0.455
      ep15 train_loss=0.6741 train_acc=0.919 | val_loss=1.6706 val_acc=0.455
      ep16 train_loss=0.6541 train_acc=0.962 | val_loss=1.8045 val_acc=0.455
      ep17 train_loss=0.6677 train_acc=0.949 | val_loss=1.7536 val_acc=0.455
      ep18 train_loss=0.6519 train_acc=0.949 | val_loss=1.9809 val_acc=0.455
      ep19 train_loss=0.6218 train_acc=0.970 | val_loss=2.0207 val_acc=0.364
      ep20 train_loss=0.6263 train_acc=0.940 | val_loss=2.2646 val_acc=0.273
      ep21 train_loss=0.6226 train_acc=0.962 | val_loss=2.0470 val_acc=0.364
      ep22 train_loss=0.6211 train_acc=0.962 | val_loss=2.0110 val_acc=0.455
      ep23 train_loss=0.6079 train_acc=0.970 | val_loss=1.8743 val_acc=0.455
      ep24 train_loss=0.6226 train_acc=0.940 | val_loss=1.9091 val_acc=0.455
    fold acc=0.455 time=458.3s | running pooled acc=0.615

--- Fold 21/26 | test sub21 (2 test, 244 train) ---
      ep00 train_loss=1.6456 train_acc=0.295 | val_loss=1.6300 val_acc=0.000
      ep01 train_loss=1.2315 train_acc=0.574 | val_loss=1.7621 val_acc=0.500
      ep02 train_loss=1.1060 train_acc=0.627 | val_loss=1.3146 val_acc=0.500
      ep03 train_loss=0.9993 train_acc=0.713 | val_loss=1.7660 val_acc=0.500
      ep04 train_loss=0.9230 train_acc=0.787 | val_loss=1.5088 val_acc=0.000
      ep05 train_loss=0.8560 train_acc=0.799 | val_loss=2.9998 val_acc=0.500
      ep06 train_loss=0.8059 train_acc=0.873 | val_loss=2.6833 val_acc=0.500
      ep07 train_loss=0.8251 train_acc=0.816 | val_loss=1.9701 val_acc=0.500
      ep08 train_loss=0.7554 train_acc=0.881 | val_loss=1.9893 val_acc=0.500
      ep09 train_loss=0.7690 train_acc=0.865 | val_loss=2.7135 val_acc=0.500
      ep10 train_loss=0.7319 train_acc=0.885 | val_loss=1.4462 val_acc=0.500
      ep11 train_loss=0.7385 train_acc=0.881 | val_loss=0.9223 val_acc=0.500
      ep12 train_loss=0.7018 train_acc=0.902 | val_loss=1.7656 val_acc=0.500
      ep13 train_loss=0.6686 train_acc=0.926 | val_loss=1.9430 val_acc=0.500
      ep14 train_loss=0.6857 train_acc=0.934 | val_loss=2.2067 val_acc=0.500
      ep15 train_loss=0.6368 train_acc=0.947 | val_loss=2.3331 val_acc=0.500
      ep16 train_loss=0.6653 train_acc=0.939 | val_loss=1.7529 val_acc=0.500
      ep17 train_loss=0.6606 train_acc=0.959 | val_loss=1.4407 val_acc=0.500
      ep18 train_loss=0.6240 train_acc=0.959 | val_loss=1.5698 val_acc=0.500
      ep19 train_loss=0.6233 train_acc=0.963 | val_loss=1.9190 val_acc=0.500
      ep20 train_loss=0.6246 train_acc=0.959 | val_loss=1.9605 val_acc=0.500
      ep21 train_loss=0.6390 train_acc=0.959 | val_loss=1.9368 val_acc=0.500
      ep22 train_loss=0.6371 train_acc=0.967 | val_loss=1.8937 val_acc=0.500
      ep23 train_loss=0.6257 train_acc=0.975 | val_loss=1.8574 val_acc=0.500
      ep24 train_loss=0.6211 train_acc=0.975 | val_loss=1.7253 val_acc=0.500
    fold acc=0.500 time=469.3s | running pooled acc=0.614

--- Fold 22/26 | test sub22 (2 test, 244 train) ---
      ep00 train_loss=1.6606 train_acc=0.287 | val_loss=0.9482 val_acc=1.000
      ep01 train_loss=1.2473 train_acc=0.574 | val_loss=0.5090 val_acc=1.000
      ep02 train_loss=1.1220 train_acc=0.643 | val_loss=1.9295 val_acc=0.000
      ep03 train_loss=1.0623 train_acc=0.684 | val_loss=0.0034 val_acc=1.000
      ep04 train_loss=0.9483 train_acc=0.758 | val_loss=0.2668 val_acc=1.000
      ep05 train_loss=0.8618 train_acc=0.816 | val_loss=0.1286 val_acc=1.000
      ep06 train_loss=0.7863 train_acc=0.869 | val_loss=0.0138 val_acc=1.000
      ep07 train_loss=0.8250 train_acc=0.832 | val_loss=0.6942 val_acc=1.000
      ep08 train_loss=0.7505 train_acc=0.873 | val_loss=0.0810 val_acc=1.000
      ep09 train_loss=0.7789 train_acc=0.893 | val_loss=0.6320 val_acc=1.000
      ep10 train_loss=0.7524 train_acc=0.873 | val_loss=0.8310 val_acc=1.000
      ep11 train_loss=0.7306 train_acc=0.889 | val_loss=0.0720 val_acc=1.000
      ep12 train_loss=0.7143 train_acc=0.881 | val_loss=0.3070 val_acc=1.000
      ep13 train_loss=0.6888 train_acc=0.922 | val_loss=0.4530 val_acc=1.000
      ep14 train_loss=0.6976 train_acc=0.926 | val_loss=0.7656 val_acc=1.000
      ep15 train_loss=0.6490 train_acc=0.943 | val_loss=0.2717 val_acc=1.000
      ep16 train_loss=0.6686 train_acc=0.947 | val_loss=0.1005 val_acc=1.000
      ep17 train_loss=0.6657 train_acc=0.947 | val_loss=0.1417 val_acc=1.000
      ep18 train_loss=0.6321 train_acc=0.967 | val_loss=0.4853 val_acc=1.000
      ep19 train_loss=0.6419 train_acc=0.959 | val_loss=0.5282 val_acc=1.000
      ep20 train_loss=0.6411 train_acc=0.955 | val_loss=0.3111 val_acc=1.000
      ep21 train_loss=0.6505 train_acc=0.959 | val_loss=0.3789 val_acc=1.000
      ep22 train_loss=0.6349 train_acc=0.975 | val_loss=0.5237 val_acc=1.000
      ep23 train_loss=0.6343 train_acc=0.967 | val_loss=0.2892 val_acc=1.000
      ep24 train_loss=0.6276 train_acc=0.971 | val_loss=0.3295 val_acc=1.000
    fold acc=1.000 time=469.2s | running pooled acc=0.618

--- Fold 23/26 | test sub23 (12 test, 234 train) ---
      ep00 train_loss=1.7269 train_acc=0.269 | val_loss=1.3186 val_acc=0.417
      ep01 train_loss=1.2535 train_acc=0.517 | val_loss=0.9091 val_acc=0.500
      ep02 train_loss=1.1673 train_acc=0.624 | val_loss=0.7166 val_acc=0.833
      ep03 train_loss=1.1576 train_acc=0.611 | val_loss=0.7793 val_acc=0.667
      ep04 train_loss=0.9685 train_acc=0.705 | val_loss=0.3818 val_acc=0.833
      ep05 train_loss=0.9551 train_acc=0.756 | val_loss=0.5714 val_acc=0.917
      ep06 train_loss=0.8620 train_acc=0.799 | val_loss=0.4510 val_acc=0.917
      ep07 train_loss=0.8249 train_acc=0.825 | val_loss=0.2867 val_acc=0.917
      ep08 train_loss=0.8826 train_acc=0.821 | val_loss=0.9566 val_acc=0.583
      ep09 train_loss=0.7800 train_acc=0.872 | val_loss=0.4484 val_acc=0.833
      ep10 train_loss=0.7419 train_acc=0.902 | val_loss=0.4754 val_acc=0.917
      ep11 train_loss=0.7240 train_acc=0.932 | val_loss=0.6236 val_acc=0.750
      ep12 train_loss=0.7112 train_acc=0.885 | val_loss=0.6877 val_acc=0.833
      ep13 train_loss=0.6569 train_acc=0.962 | val_loss=0.4661 val_acc=0.833
      ep14 train_loss=0.6802 train_acc=0.932 | val_loss=0.5612 val_acc=0.833
      ep15 train_loss=0.6265 train_acc=0.970 | val_loss=0.3245 val_acc=1.000
      ep16 train_loss=0.6495 train_acc=0.936 | val_loss=0.3438 val_acc=1.000
      ep17 train_loss=0.6766 train_acc=0.953 | val_loss=0.4165 val_acc=1.000
      ep18 train_loss=0.6600 train_acc=0.974 | val_loss=0.4099 val_acc=1.000
      ep19 train_loss=0.6184 train_acc=0.966 | val_loss=0.3508 val_acc=1.000
      ep20 train_loss=0.6356 train_acc=0.974 | val_loss=0.3581 val_acc=1.000
      ep21 train_loss=0.6723 train_acc=0.953 | val_loss=0.3632 val_acc=1.000
      ep22 train_loss=0.6263 train_acc=0.962 | val_loss=0.3471 val_acc=1.000
      ep23 train_loss=0.6586 train_acc=0.940 | val_loss=0.3482 val_acc=1.000
      ep24 train_loss=0.6044 train_acc=0.966 | val_loss=0.3543 val_acc=0.917
    fold acc=1.000 time=457.7s | running pooled acc=0.639

--- Fold 24/26 | test sub24 (7 test, 239 train) ---
      ep00 train_loss=1.6069 train_acc=0.377 | val_loss=1.2095 val_acc=0.429
      ep01 train_loss=1.1564 train_acc=0.586 | val_loss=0.9991 val_acc=0.571
      ep02 train_loss=1.1544 train_acc=0.586 | val_loss=0.9200 val_acc=0.714
      ep03 train_loss=0.9605 train_acc=0.728 | val_loss=1.3790 val_acc=0.571
      ep04 train_loss=0.9499 train_acc=0.745 | val_loss=1.1997 val_acc=0.571
      ep05 train_loss=0.9301 train_acc=0.757 | val_loss=1.5489 val_acc=0.571
      ep06 train_loss=0.8690 train_acc=0.795 | val_loss=1.3258 val_acc=0.714
      ep07 train_loss=0.9093 train_acc=0.782 | val_loss=1.2171 val_acc=0.571
      ep08 train_loss=0.8017 train_acc=0.828 | val_loss=1.1353 val_acc=0.571
      ep09 train_loss=0.7389 train_acc=0.891 | val_loss=1.2018 val_acc=0.571
      ep10 train_loss=0.8009 train_acc=0.883 | val_loss=1.3528 val_acc=0.571
      ep11 train_loss=0.7108 train_acc=0.933 | val_loss=1.3334 val_acc=0.714
      ep12 train_loss=0.6755 train_acc=0.925 | val_loss=1.0548 val_acc=0.714
      ep13 train_loss=0.7024 train_acc=0.900 | val_loss=1.3853 val_acc=0.714
      ep14 train_loss=0.6708 train_acc=0.941 | val_loss=1.2813 val_acc=0.714
      ep15 train_loss=0.6731 train_acc=0.937 | val_loss=1.3674 val_acc=0.714
      ep16 train_loss=0.6653 train_acc=0.950 | val_loss=1.2021 val_acc=0.714
      ep17 train_loss=0.6539 train_acc=0.946 | val_loss=1.2117 val_acc=0.714
      ep18 train_loss=0.6203 train_acc=0.971 | val_loss=1.1505 val_acc=0.714
      ep19 train_loss=0.6406 train_acc=0.941 | val_loss=1.1831 val_acc=0.714
      ep20 train_loss=0.6314 train_acc=0.954 | val_loss=1.2018 val_acc=0.714
      ep21 train_loss=0.6408 train_acc=0.962 | val_loss=1.1340 val_acc=0.714
      ep22 train_loss=0.6184 train_acc=0.983 | val_loss=1.2082 val_acc=0.714
      ep23 train_loss=0.6049 train_acc=0.983 | val_loss=1.1599 val_acc=0.714
      ep24 train_loss=0.6343 train_acc=0.950 | val_loss=1.2647 val_acc=0.714
    fold acc=0.714 time=464.4s | running pooled acc=0.641

--- Fold 25/26 | test sub25 (7 test, 239 train) ---
      ep00 train_loss=1.6178 train_acc=0.360 | val_loss=1.0747 val_acc=0.571
      ep01 train_loss=1.1565 train_acc=0.603 | val_loss=1.3724 val_acc=0.143
      ep02 train_loss=1.1895 train_acc=0.594 | val_loss=1.3196 val_acc=0.429
      ep03 train_loss=0.9528 train_acc=0.732 | val_loss=1.6519 val_acc=0.143
      ep04 train_loss=0.9656 train_acc=0.749 | val_loss=1.3117 val_acc=0.286
      ep05 train_loss=0.9207 train_acc=0.753 | val_loss=1.1979 val_acc=0.429
      ep06 train_loss=0.8648 train_acc=0.782 | val_loss=0.9686 val_acc=0.571
      ep07 train_loss=0.8722 train_acc=0.808 | val_loss=1.2521 val_acc=0.429
      ep08 train_loss=0.8276 train_acc=0.799 | val_loss=1.2836 val_acc=0.571
      ep09 train_loss=0.7644 train_acc=0.858 | val_loss=1.0710 val_acc=0.429
      ep10 train_loss=0.7906 train_acc=0.858 | val_loss=0.8341 val_acc=0.857
      ep11 train_loss=0.7190 train_acc=0.921 | val_loss=1.1579 val_acc=0.286
      ep12 train_loss=0.7022 train_acc=0.916 | val_loss=0.8667 val_acc=0.714
      ep13 train_loss=0.6952 train_acc=0.900 | val_loss=1.1200 val_acc=0.571
      ep14 train_loss=0.6693 train_acc=0.933 | val_loss=1.0609 val_acc=0.714
      ep15 train_loss=0.6839 train_acc=0.925 | val_loss=0.7521 val_acc=0.857
      ep16 train_loss=0.6715 train_acc=0.954 | val_loss=1.1331 val_acc=0.571
      ep17 train_loss=0.6568 train_acc=0.950 | val_loss=1.2443 val_acc=0.286
      ep18 train_loss=0.6475 train_acc=0.975 | val_loss=0.9086 val_acc=0.571
      ep19 train_loss=0.6414 train_acc=0.941 | val_loss=1.1911 val_acc=0.429
      ep20 train_loss=0.6413 train_acc=0.946 | val_loss=1.1508 val_acc=0.571
      ep21 train_loss=0.6460 train_acc=0.954 | val_loss=0.9276 val_acc=0.714
      ep22 train_loss=0.6439 train_acc=0.975 | val_loss=1.0656 val_acc=0.714
      ep23 train_loss=0.6143 train_acc=0.967 | val_loss=1.0831 val_acc=0.714
      ep24 train_loss=0.6458 train_acc=0.958 | val_loss=1.2407 val_acc=0.429
    fold acc=0.429 time=464.3s | running pooled acc=0.635

--- Fold 26/26 | test sub26 (16 test, 230 train) ---
      ep00 train_loss=1.6297 train_acc=0.300 | val_loss=1.0881 val_acc=0.562
      ep01 train_loss=1.2870 train_acc=0.570 | val_loss=2.0116 val_acc=0.188
      ep02 train_loss=1.1310 train_acc=0.661 | val_loss=1.5570 val_acc=0.250
      ep03 train_loss=1.1144 train_acc=0.635 | val_loss=1.5965 val_acc=0.312
      ep04 train_loss=0.9243 train_acc=0.739 | val_loss=1.2239 val_acc=0.375
      ep05 train_loss=0.9475 train_acc=0.735 | val_loss=1.9916 val_acc=0.188
      ep06 train_loss=0.8873 train_acc=0.774 | val_loss=0.8858 val_acc=0.438
      ep07 train_loss=0.8134 train_acc=0.804 | val_loss=1.4776 val_acc=0.312
      ep08 train_loss=0.7767 train_acc=0.870 | val_loss=0.7506 val_acc=0.750
      ep09 train_loss=0.7022 train_acc=0.891 | val_loss=1.7726 val_acc=0.312
      ep10 train_loss=0.7257 train_acc=0.891 | val_loss=0.8960 val_acc=0.625
      ep11 train_loss=0.7195 train_acc=0.883 | val_loss=1.1165 val_acc=0.438
      ep12 train_loss=0.7162 train_acc=0.909 | val_loss=0.9496 val_acc=0.562
      ep13 train_loss=0.6767 train_acc=0.922 | val_loss=1.0865 val_acc=0.562
      ep14 train_loss=0.6727 train_acc=0.926 | val_loss=1.7266 val_acc=0.375
      ep15 train_loss=0.6607 train_acc=0.939 | val_loss=1.1687 val_acc=0.438
      ep16 train_loss=0.6510 train_acc=0.943 | val_loss=1.2687 val_acc=0.438
      ep17 train_loss=0.6831 train_acc=0.922 | val_loss=1.4093 val_acc=0.500
      ep18 train_loss=0.6377 train_acc=0.943 | val_loss=1.3644 val_acc=0.438
      ep19 train_loss=0.6239 train_acc=0.948 | val_loss=1.1962 val_acc=0.438
      ep20 train_loss=0.6477 train_acc=0.965 | val_loss=1.2793 val_acc=0.562
      ep21 train_loss=0.6429 train_acc=0.961 | val_loss=1.4110 val_acc=0.438
      ep22 train_loss=0.6290 train_acc=0.952 | val_loss=1.3308 val_acc=0.500
      ep23 train_loss=0.6035 train_acc=0.970 | val_loss=1.3196 val_acc=0.438
      ep24 train_loss=0.6581 train_acc=0.961 | val_loss=1.1543 val_acc=0.562
    fold acc=0.500 time=452.9s | running pooled acc=0.626

=== FINAL (pooled LOSO) ===
UF1 = 0.6390
UAR = 0.6587
ACC = 0.6260
per-class F1: happiness=0.580, disgust=0.567, repression=0.561, surprise=0.852, others=0.635
per-class recall: happiness=0.625, disgust=0.540, repression=0.593, surprise=0.920, others=0.616
confusion matrix (rows=true):
        happin disgus repres surpri others
happine     20      1      2      2      7
disgust      2     34      4      3     20
repress      7      0     16      0      4
surpris      0      0      1     23      1
 others      8     22      7      1     61

saved to D:\AI-Projects\casmeII-new-from-sequence-model\experiments\iter_04
elapsed 12071.4s
