=== EXPERIMENT obj6_r3d ===
time: 2026-07-16T02:10:38.174125
device: cuda (NVIDIA GeForce RTX 3060)
platform: Windows-10-10.0.26200-SP0 | torch 2.6.0+cu124
config:
{
  "seed": 42,
  "T": 16,
  "img_size": 128,
  "base_size": 144,
  "input_mode": "rgb",
  "backbone": "r3d_18",
  "pretrained": true,
  "dropout": 0.5,
  "epochs": 25,
  "lr": 0.0001,
  "weight_decay": 0.001,
  "batch_size": 6,
  "class_weighting": true,
  "label_smoothing": 0.1,
  "hflip": true,
  "color_jitter": 0.0,
  "temporal_jitter": true,
  "amp": true,
  "eval_last_k": 3,
  "tta": 5,
  "cache_dir": "cache/flow144",
  "index": "cache/index_objective.csv",
  "class_names": [
    "obj1",
    "obj2",
    "obj3",
    "obj4",
    "obj5",
    "obj7"
  ],
  "name": "obj6_r3d_res128",
  "modality": "flow",
  "temporal_span": "onset_offset",
  "flow_clip": 3.0,
  "manifest_name": "manifest_obj6.csv"
}
samples: 254 | classes: 6 ['obj1', 'obj2', 'obj3', 'obj4', 'obj5', 'obj7']
loading arrays into RAM...
loaded 254 arrays

--- Fold 1/26 | test sub01 (9 test, 245 train) ---
      ep00 train_loss=1.8935 train_acc=0.273 | val_loss=1.0188 val_acc=0.667
      ep01 train_loss=1.5548 train_acc=0.490 | val_loss=0.7984 val_acc=0.778
      ep02 train_loss=1.3486 train_acc=0.596 | val_loss=0.6537 val_acc=0.889
      ep03 train_loss=1.3761 train_acc=0.686 | val_loss=0.5905 val_acc=0.667
      ep04 train_loss=1.1925 train_acc=0.678 | val_loss=0.5401 val_acc=0.889
      ep05 train_loss=1.2266 train_acc=0.706 | val_loss=0.5646 val_acc=0.778
      ep06 train_loss=1.0554 train_acc=0.792 | val_loss=0.6261 val_acc=0.667
      ep07 train_loss=1.0397 train_acc=0.829 | val_loss=0.7625 val_acc=0.667
      ep08 train_loss=1.0090 train_acc=0.845 | val_loss=0.5614 val_acc=0.667
      ep09 train_loss=0.9207 train_acc=0.857 | val_loss=0.5336 val_acc=0.778
      ep10 train_loss=1.0126 train_acc=0.849 | val_loss=0.7287 val_acc=0.778
      ep11 train_loss=0.9249 train_acc=0.841 | val_loss=0.7176 val_acc=0.667
      ep12 train_loss=0.8844 train_acc=0.898 | val_loss=0.6128 val_acc=0.778
      ep13 train_loss=0.8646 train_acc=0.894 | val_loss=0.6784 val_acc=0.778
      ep14 train_loss=0.8636 train_acc=0.898 | val_loss=0.5942 val_acc=0.778
      ep15 train_loss=0.8916 train_acc=0.902 | val_loss=0.6069 val_acc=0.667
      ep16 train_loss=0.7951 train_acc=0.951 | val_loss=0.5887 val_acc=0.667
      ep17 train_loss=0.7764 train_acc=0.963 | val_loss=0.5447 val_acc=0.778
      ep18 train_loss=0.7788 train_acc=0.967 | val_loss=0.5296 val_acc=0.889
      ep19 train_loss=0.7829 train_acc=0.935 | val_loss=0.5967 val_acc=0.778
      ep20 train_loss=0.7491 train_acc=0.976 | val_loss=0.5486 val_acc=0.889
      ep21 train_loss=0.7487 train_acc=0.971 | val_loss=0.5632 val_acc=0.889
      ep22 train_loss=0.7778 train_acc=0.955 | val_loss=0.5633 val_acc=0.778
      ep23 train_loss=0.7760 train_acc=0.976 | val_loss=0.5485 val_acc=0.889
      ep24 train_loss=0.7498 train_acc=0.976 | val_loss=0.5872 val_acc=0.778
    fold acc=0.667 time=231.3s | running pooled acc=0.667

--- Fold 2/26 | test sub02 (13 test, 241 train) ---
      ep00 train_loss=1.9815 train_acc=0.270 | val_loss=1.2081 val_acc=0.692
      ep01 train_loss=1.5699 train_acc=0.502 | val_loss=1.1999 val_acc=0.538
      ep02 train_loss=1.4516 train_acc=0.593 | val_loss=1.4178 val_acc=0.385
      ep03 train_loss=1.3740 train_acc=0.685 | val_loss=1.3265 val_acc=0.462
      ep04 train_loss=1.2050 train_acc=0.730 | val_loss=1.3018 val_acc=0.462
      ep05 train_loss=1.1871 train_acc=0.714 | val_loss=1.8055 val_acc=0.538
      ep06 train_loss=1.0713 train_acc=0.838 | val_loss=1.4694 val_acc=0.538
      ep07 train_loss=1.0663 train_acc=0.793 | val_loss=1.6884 val_acc=0.538
      ep08 train_loss=0.9814 train_acc=0.851 | val_loss=1.3956 val_acc=0.462
      ep09 train_loss=0.9920 train_acc=0.851 | val_loss=1.0968 val_acc=0.538
      ep10 train_loss=0.9105 train_acc=0.876 | val_loss=1.2883 val_acc=0.615
      ep11 train_loss=0.9300 train_acc=0.871 | val_loss=1.3087 val_acc=0.538
      ep12 train_loss=0.9109 train_acc=0.905 | val_loss=1.3866 val_acc=0.538
      ep13 train_loss=0.9253 train_acc=0.880 | val_loss=1.0104 val_acc=0.692
      ep14 train_loss=0.8845 train_acc=0.938 | val_loss=1.1607 val_acc=0.538
      ep15 train_loss=0.8782 train_acc=0.917 | val_loss=1.3095 val_acc=0.538
      ep16 train_loss=0.8387 train_acc=0.934 | val_loss=1.3374 val_acc=0.538
      ep17 train_loss=0.8111 train_acc=0.975 | val_loss=1.2982 val_acc=0.538
      ep18 train_loss=0.8011 train_acc=0.959 | val_loss=1.4766 val_acc=0.462
      ep19 train_loss=0.7861 train_acc=0.963 | val_loss=1.4006 val_acc=0.538
      ep20 train_loss=0.7800 train_acc=0.959 | val_loss=1.4664 val_acc=0.538
      ep21 train_loss=0.8111 train_acc=0.967 | val_loss=1.5107 val_acc=0.538
      ep22 train_loss=0.7934 train_acc=0.971 | val_loss=1.3878 val_acc=0.538
      ep23 train_loss=0.7939 train_acc=0.954 | val_loss=1.3612 val_acc=0.538
      ep24 train_loss=0.8310 train_acc=0.971 | val_loss=1.4427 val_acc=0.538
    fold acc=0.615 time=230.5s | running pooled acc=0.636

--- Fold 3/26 | test sub03 (7 test, 247 train) ---
      ep00 train_loss=1.8417 train_acc=0.275 | val_loss=1.7548 val_acc=0.286
      ep01 train_loss=1.5278 train_acc=0.555 | val_loss=1.4555 val_acc=0.429
      ep02 train_loss=1.3370 train_acc=0.632 | val_loss=1.8397 val_acc=0.143
      ep03 train_loss=1.2249 train_acc=0.664 | val_loss=1.8807 val_acc=0.286
      ep04 train_loss=1.2759 train_acc=0.692 | val_loss=2.0327 val_acc=0.429
      ep05 train_loss=1.1522 train_acc=0.749 | val_loss=1.4355 val_acc=0.571
      ep06 train_loss=1.0843 train_acc=0.789 | val_loss=1.8845 val_acc=0.286
      ep07 train_loss=1.0216 train_acc=0.818 | val_loss=1.8460 val_acc=0.429
      ep08 train_loss=1.0388 train_acc=0.810 | val_loss=2.3055 val_acc=0.429
      ep09 train_loss=0.8703 train_acc=0.899 | val_loss=1.8347 val_acc=0.429
      ep10 train_loss=0.9235 train_acc=0.879 | val_loss=1.6629 val_acc=0.429
      ep11 train_loss=0.9050 train_acc=0.927 | val_loss=1.4815 val_acc=0.429
      ep12 train_loss=0.8583 train_acc=0.923 | val_loss=1.5691 val_acc=0.429
      ep13 train_loss=0.7880 train_acc=0.960 | val_loss=1.8953 val_acc=0.429
      ep14 train_loss=0.8171 train_acc=0.915 | val_loss=1.6651 val_acc=0.429
      ep15 train_loss=0.8683 train_acc=0.907 | val_loss=1.6141 val_acc=0.571
      ep16 train_loss=0.8238 train_acc=0.943 | val_loss=1.0579 val_acc=0.571
      ep17 train_loss=0.7666 train_acc=0.955 | val_loss=1.1923 val_acc=0.714
      ep18 train_loss=0.7815 train_acc=0.968 | val_loss=1.3117 val_acc=0.571
      ep19 train_loss=0.7530 train_acc=0.968 | val_loss=1.4722 val_acc=0.571
      ep20 train_loss=0.7940 train_acc=0.964 | val_loss=1.2694 val_acc=0.571
      ep21 train_loss=0.7937 train_acc=0.976 | val_loss=1.5588 val_acc=0.429
      ep22 train_loss=0.8394 train_acc=0.931 | val_loss=1.4804 val_acc=0.429
      ep23 train_loss=0.8053 train_acc=0.968 | val_loss=1.3262 val_acc=0.571
      ep24 train_loss=0.7945 train_acc=0.960 | val_loss=1.3731 val_acc=0.571
    fold acc=0.571 time=233.6s | running pooled acc=0.621

--- Fold 4/26 | test sub04 (5 test, 249 train) ---
      ep00 train_loss=1.8068 train_acc=0.321 | val_loss=1.4849 val_acc=0.200
      ep01 train_loss=1.5182 train_acc=0.498 | val_loss=1.4737 val_acc=0.600
      ep02 train_loss=1.4151 train_acc=0.586 | val_loss=1.6761 val_acc=0.400
      ep03 train_loss=1.1943 train_acc=0.683 | val_loss=2.3400 val_acc=0.400
      ep04 train_loss=1.2670 train_acc=0.699 | val_loss=1.5422 val_acc=0.600
      ep05 train_loss=1.1125 train_acc=0.783 | val_loss=1.6115 val_acc=0.600
      ep06 train_loss=1.0362 train_acc=0.807 | val_loss=1.5283 val_acc=0.400
      ep07 train_loss=1.0402 train_acc=0.811 | val_loss=2.0602 val_acc=0.400
      ep08 train_loss=1.0090 train_acc=0.851 | val_loss=1.5363 val_acc=0.400
      ep09 train_loss=0.9427 train_acc=0.859 | val_loss=1.1774 val_acc=0.800
      ep10 train_loss=0.8503 train_acc=0.900 | val_loss=1.7655 val_acc=0.400
      ep11 train_loss=0.8558 train_acc=0.892 | val_loss=1.8373 val_acc=0.400
      ep12 train_loss=0.8303 train_acc=0.912 | val_loss=1.3584 val_acc=0.600
      ep13 train_loss=0.7992 train_acc=0.932 | val_loss=2.0133 val_acc=0.400
      ep14 train_loss=0.7816 train_acc=0.936 | val_loss=1.9625 val_acc=0.600
      ep15 train_loss=0.8689 train_acc=0.928 | val_loss=1.8910 val_acc=0.400
      ep16 train_loss=0.8202 train_acc=0.932 | val_loss=2.3041 val_acc=0.400
      ep17 train_loss=0.7670 train_acc=0.964 | val_loss=1.8594 val_acc=0.400
      ep18 train_loss=0.7539 train_acc=0.964 | val_loss=1.5150 val_acc=0.400
      ep19 train_loss=0.7317 train_acc=0.980 | val_loss=1.3531 val_acc=0.600
      ep20 train_loss=0.7402 train_acc=0.972 | val_loss=1.5536 val_acc=0.400
      ep21 train_loss=0.7730 train_acc=0.952 | val_loss=1.9950 val_acc=0.400
      ep22 train_loss=0.7687 train_acc=0.972 | val_loss=1.3824 val_acc=0.600
      ep23 train_loss=0.7530 train_acc=0.964 | val_loss=1.5960 val_acc=0.400
      ep24 train_loss=0.7575 train_acc=0.972 | val_loss=1.8498 val_acc=0.400
    fold acc=0.600 time=232.9s | running pooled acc=0.618

--- Fold 5/26 | test sub05 (19 test, 235 train) ---
      ep00 train_loss=2.0091 train_acc=0.260 | val_loss=1.2512 val_acc=0.579
      ep01 train_loss=1.5351 train_acc=0.545 | val_loss=1.1512 val_acc=0.632
      ep02 train_loss=1.3315 train_acc=0.617 | val_loss=1.1900 val_acc=0.579
      ep03 train_loss=1.2558 train_acc=0.711 | val_loss=1.3250 val_acc=0.579
      ep04 train_loss=1.1678 train_acc=0.694 | val_loss=0.9892 val_acc=0.684
      ep05 train_loss=1.0741 train_acc=0.796 | val_loss=0.8521 val_acc=0.579
      ep06 train_loss=1.0482 train_acc=0.809 | val_loss=1.0448 val_acc=0.526
      ep07 train_loss=1.0055 train_acc=0.877 | val_loss=1.0454 val_acc=0.632
      ep08 train_loss=1.0186 train_acc=0.864 | val_loss=1.8489 val_acc=0.632
      ep09 train_loss=0.9681 train_acc=0.872 | val_loss=1.0379 val_acc=0.579
      ep10 train_loss=0.9996 train_acc=0.830 | val_loss=1.0148 val_acc=0.684
      ep11 train_loss=0.9781 train_acc=0.855 | val_loss=0.8122 val_acc=0.737
      ep12 train_loss=0.8963 train_acc=0.885 | val_loss=0.9669 val_acc=0.684
      ep13 train_loss=0.8130 train_acc=0.953 | val_loss=0.7679 val_acc=0.684
      ep14 train_loss=0.8570 train_acc=0.923 | val_loss=0.8898 val_acc=0.737
      ep15 train_loss=0.8365 train_acc=0.915 | val_loss=0.9231 val_acc=0.684
      ep16 train_loss=0.8230 train_acc=0.945 | val_loss=1.1288 val_acc=0.684
      ep17 train_loss=0.8175 train_acc=0.949 | val_loss=1.0466 val_acc=0.684
      ep18 train_loss=0.7825 train_acc=0.962 | val_loss=0.8146 val_acc=0.842
      ep19 train_loss=0.8019 train_acc=0.962 | val_loss=1.1100 val_acc=0.684
      ep20 train_loss=0.7755 train_acc=0.936 | val_loss=1.0608 val_acc=0.632
      ep21 train_loss=0.7842 train_acc=0.962 | val_loss=0.9223 val_acc=0.684
      ep22 train_loss=0.7521 train_acc=0.953 | val_loss=1.0776 val_acc=0.632
      ep23 train_loss=0.7750 train_acc=0.957 | val_loss=1.0545 val_acc=0.684
      ep24 train_loss=0.7517 train_acc=0.970 | val_loss=1.0264 val_acc=0.632
    fold acc=0.684 time=230.7s | running pooled acc=0.642

--- Fold 6/26 | test sub06 (5 test, 249 train) ---
      ep00 train_loss=1.8745 train_acc=0.293 | val_loss=1.4999 val_acc=0.400
      ep01 train_loss=1.5762 train_acc=0.470 | val_loss=1.3213 val_acc=0.400
      ep02 train_loss=1.3966 train_acc=0.622 | val_loss=1.6478 val_acc=0.200
      ep03 train_loss=1.2651 train_acc=0.659 | val_loss=1.8250 val_acc=0.200
      ep04 train_loss=1.2403 train_acc=0.695 | val_loss=1.1519 val_acc=0.400
      ep05 train_loss=1.1964 train_acc=0.731 | val_loss=1.4857 val_acc=0.400
      ep06 train_loss=1.1245 train_acc=0.767 | val_loss=1.5866 val_acc=0.200
      ep07 train_loss=1.0669 train_acc=0.799 | val_loss=1.2715 val_acc=0.400
      ep08 train_loss=1.0285 train_acc=0.835 | val_loss=1.2323 val_acc=0.200
      ep09 train_loss=0.9414 train_acc=0.863 | val_loss=1.6550 val_acc=0.400
      ep10 train_loss=0.8941 train_acc=0.863 | val_loss=1.3895 val_acc=0.400
      ep11 train_loss=0.8509 train_acc=0.916 | val_loss=1.0804 val_acc=0.400
      ep12 train_loss=0.8399 train_acc=0.924 | val_loss=1.4262 val_acc=0.400
      ep13 train_loss=0.8440 train_acc=0.912 | val_loss=1.7533 val_acc=0.400
      ep14 train_loss=0.8606 train_acc=0.904 | val_loss=1.7333 val_acc=0.200
      ep15 train_loss=0.8357 train_acc=0.936 | val_loss=1.4318 val_acc=0.400
      ep16 train_loss=0.8513 train_acc=0.908 | val_loss=1.5320 val_acc=0.200
      ep17 train_loss=0.7744 train_acc=0.960 | val_loss=1.5461 val_acc=0.200
      ep18 train_loss=0.7657 train_acc=0.984 | val_loss=1.7593 val_acc=0.200
      ep19 train_loss=0.7457 train_acc=0.960 | val_loss=1.7320 val_acc=0.400
      ep20 train_loss=0.7741 train_acc=0.968 | val_loss=1.6726 val_acc=0.400
      ep21 train_loss=0.8306 train_acc=0.940 | val_loss=1.5382 val_acc=0.400
      ep22 train_loss=0.8070 train_acc=0.952 | val_loss=1.6429 val_acc=0.400
      ep23 train_loss=0.7805 train_acc=0.960 | val_loss=1.5220 val_acc=0.400
      ep24 train_loss=0.7745 train_acc=0.972 | val_loss=1.3623 val_acc=0.400
    fold acc=0.400 time=232.9s | running pooled acc=0.621

--- Fold 7/26 | test sub07 (9 test, 245 train) ---
      ep00 train_loss=1.9043 train_acc=0.265 | val_loss=1.4124 val_acc=0.222
      ep01 train_loss=1.6232 train_acc=0.490 | val_loss=1.5678 val_acc=0.444
      ep02 train_loss=1.3050 train_acc=0.620 | val_loss=1.8206 val_acc=0.333
      ep03 train_loss=1.3798 train_acc=0.665 | val_loss=1.8492 val_acc=0.444
      ep04 train_loss=1.2695 train_acc=0.682 | val_loss=1.7959 val_acc=0.333
      ep05 train_loss=1.2051 train_acc=0.739 | val_loss=1.7692 val_acc=0.333
      ep06 train_loss=1.0613 train_acc=0.755 | val_loss=1.5690 val_acc=0.556
      ep07 train_loss=1.0971 train_acc=0.776 | val_loss=1.6630 val_acc=0.444
      ep08 train_loss=1.0254 train_acc=0.833 | val_loss=1.7697 val_acc=0.444
      ep09 train_loss=0.9693 train_acc=0.849 | val_loss=1.6729 val_acc=0.556
      ep10 train_loss=0.9258 train_acc=0.886 | val_loss=1.6614 val_acc=0.333
      ep11 train_loss=0.9014 train_acc=0.882 | val_loss=1.4597 val_acc=0.556
      ep12 train_loss=0.9179 train_acc=0.922 | val_loss=1.5009 val_acc=0.556
      ep13 train_loss=0.8348 train_acc=0.906 | val_loss=1.7220 val_acc=0.444
      ep14 train_loss=0.8381 train_acc=0.931 | val_loss=1.6450 val_acc=0.556
      ep15 train_loss=0.8817 train_acc=0.951 | val_loss=1.6624 val_acc=0.444
      ep16 train_loss=0.8213 train_acc=0.947 | val_loss=1.8764 val_acc=0.444
      ep17 train_loss=0.7919 train_acc=0.967 | val_loss=1.9093 val_acc=0.556
      ep18 train_loss=0.7825 train_acc=0.976 | val_loss=1.8764 val_acc=0.556
      ep19 train_loss=0.8249 train_acc=0.939 | val_loss=1.8423 val_acc=0.556
      ep20 train_loss=0.7714 train_acc=0.959 | val_loss=2.1293 val_acc=0.444
      ep21 train_loss=0.7919 train_acc=0.935 | val_loss=1.9992 val_acc=0.556
      ep22 train_loss=0.7840 train_acc=0.980 | val_loss=1.8660 val_acc=0.444
      ep23 train_loss=0.7930 train_acc=0.967 | val_loss=1.9500 val_acc=0.444
      ep24 train_loss=0.7619 train_acc=0.963 | val_loss=2.0124 val_acc=0.444
    fold acc=0.444 time=231.4s | running pooled acc=0.597

--- Fold 8/26 | test sub08 (3 test, 251 train) ---
      ep00 train_loss=1.9271 train_acc=0.275 | val_loss=0.6778 val_acc=1.000
      ep01 train_loss=1.4859 train_acc=0.570 | val_loss=1.1828 val_acc=0.667
      ep02 train_loss=1.3720 train_acc=0.625 | val_loss=0.8482 val_acc=0.667
      ep03 train_loss=1.2824 train_acc=0.697 | val_loss=0.5791 val_acc=0.667
      ep04 train_loss=1.1889 train_acc=0.721 | val_loss=0.5628 val_acc=1.000
      ep05 train_loss=1.1300 train_acc=0.757 | val_loss=0.5108 val_acc=1.000
      ep06 train_loss=1.0453 train_acc=0.785 | val_loss=1.0809 val_acc=0.333
      ep07 train_loss=1.0176 train_acc=0.821 | val_loss=0.4183 val_acc=1.000
      ep08 train_loss=1.0484 train_acc=0.817 | val_loss=1.2449 val_acc=0.333
      ep09 train_loss=0.9150 train_acc=0.869 | val_loss=0.4027 val_acc=1.000
      ep10 train_loss=0.8935 train_acc=0.888 | val_loss=0.6899 val_acc=0.667
      ep11 train_loss=0.8578 train_acc=0.884 | val_loss=1.0154 val_acc=0.667
      ep12 train_loss=0.8238 train_acc=0.952 | val_loss=0.6279 val_acc=0.667
      ep13 train_loss=0.8331 train_acc=0.920 | val_loss=0.6393 val_acc=0.667
      ep14 train_loss=0.8459 train_acc=0.924 | val_loss=0.6390 val_acc=0.667
      ep15 train_loss=0.8046 train_acc=0.932 | val_loss=0.8082 val_acc=0.667
      ep16 train_loss=0.7673 train_acc=0.988 | val_loss=0.8246 val_acc=0.667
      ep17 train_loss=0.7869 train_acc=0.956 | val_loss=0.6937 val_acc=0.667
      ep18 train_loss=0.7772 train_acc=0.956 | val_loss=0.7954 val_acc=0.667
      ep19 train_loss=0.7588 train_acc=0.968 | val_loss=0.6459 val_acc=0.667
      ep20 train_loss=0.7484 train_acc=0.952 | val_loss=0.8030 val_acc=0.667
      ep21 train_loss=0.7802 train_acc=0.964 | val_loss=0.8376 val_acc=0.667
      ep22 train_loss=0.8067 train_acc=0.964 | val_loss=0.6933 val_acc=0.667
      ep23 train_loss=0.7358 train_acc=0.968 | val_loss=0.6841 val_acc=0.667
      ep24 train_loss=0.7730 train_acc=0.964 | val_loss=0.6865 val_acc=0.667
    fold acc=0.667 time=232.0s | running pooled acc=0.600

--- Fold 9/26 | test sub09 (13 test, 241 train) ---
      ep00 train_loss=1.9259 train_acc=0.274 | val_loss=1.4051 val_acc=0.385
      ep01 train_loss=1.5526 train_acc=0.552 | val_loss=1.1349 val_acc=0.538
      ep02 train_loss=1.4682 train_acc=0.618 | val_loss=0.8144 val_acc=0.846
      ep03 train_loss=1.3846 train_acc=0.672 | val_loss=1.4214 val_acc=0.462
      ep04 train_loss=1.1941 train_acc=0.726 | val_loss=1.0847 val_acc=0.692
      ep05 train_loss=1.1838 train_acc=0.734 | val_loss=0.6931 val_acc=0.846
      ep06 train_loss=1.1050 train_acc=0.797 | val_loss=1.1607 val_acc=0.615
      ep07 train_loss=1.0587 train_acc=0.830 | val_loss=1.0231 val_acc=0.692
      ep08 train_loss=1.0541 train_acc=0.801 | val_loss=1.2538 val_acc=0.538
      ep09 train_loss=1.0041 train_acc=0.846 | val_loss=0.9023 val_acc=0.769
      ep10 train_loss=0.9228 train_acc=0.846 | val_loss=1.3368 val_acc=0.615
      ep11 train_loss=0.9353 train_acc=0.921 | val_loss=1.2851 val_acc=0.615
      ep12 train_loss=0.9046 train_acc=0.892 | val_loss=0.9794 val_acc=0.692
      ep13 train_loss=0.8293 train_acc=0.929 | val_loss=0.7643 val_acc=0.769
      ep14 train_loss=0.8858 train_acc=0.929 | val_loss=0.8114 val_acc=0.846
      ep15 train_loss=0.8623 train_acc=0.934 | val_loss=0.9086 val_acc=0.692
      ep16 train_loss=0.9039 train_acc=0.892 | val_loss=0.9194 val_acc=0.769
      ep17 train_loss=0.8160 train_acc=0.954 | val_loss=0.8512 val_acc=0.769
      ep18 train_loss=0.7971 train_acc=0.954 | val_loss=0.9507 val_acc=0.769
      ep19 train_loss=0.7724 train_acc=0.967 | val_loss=0.8838 val_acc=0.692
      ep20 train_loss=0.7894 train_acc=0.963 | val_loss=0.8927 val_acc=0.769
      ep21 train_loss=0.8056 train_acc=0.979 | val_loss=0.9260 val_acc=0.692
      ep22 train_loss=0.8251 train_acc=0.942 | val_loss=0.9794 val_acc=0.692
      ep23 train_loss=0.8059 train_acc=0.950 | val_loss=0.9402 val_acc=0.769
      ep24 train_loss=0.8217 train_acc=0.967 | val_loss=0.9608 val_acc=0.692
    fold acc=0.769 time=230.9s | running pooled acc=0.627

--- Fold 10/26 | test sub10 (14 test, 240 train) ---
      ep00 train_loss=1.8981 train_acc=0.296 | val_loss=0.4377 val_acc=0.929
      ep01 train_loss=1.5309 train_acc=0.463 | val_loss=1.1068 val_acc=0.643
      ep02 train_loss=1.3568 train_acc=0.617 | val_loss=0.6831 val_acc=0.857
      ep03 train_loss=1.2852 train_acc=0.617 | val_loss=0.4759 val_acc=0.929
      ep04 train_loss=1.2228 train_acc=0.725 | val_loss=0.3264 val_acc=1.000
      ep05 train_loss=1.1573 train_acc=0.692 | val_loss=0.4715 val_acc=0.857
      ep06 train_loss=1.0411 train_acc=0.800 | val_loss=0.5997 val_acc=0.786
      ep07 train_loss=0.9818 train_acc=0.821 | val_loss=0.4397 val_acc=1.000
      ep08 train_loss=0.9782 train_acc=0.850 | val_loss=0.3675 val_acc=1.000
      ep09 train_loss=0.9942 train_acc=0.825 | val_loss=0.4671 val_acc=1.000
      ep10 train_loss=0.9627 train_acc=0.833 | val_loss=0.5376 val_acc=1.000
      ep11 train_loss=0.9166 train_acc=0.858 | val_loss=0.3814 val_acc=1.000
      ep12 train_loss=0.8166 train_acc=0.925 | val_loss=0.4043 val_acc=1.000
      ep13 train_loss=0.8129 train_acc=0.929 | val_loss=0.5222 val_acc=0.929
      ep14 train_loss=0.8246 train_acc=0.929 | val_loss=0.3428 val_acc=1.000
      ep15 train_loss=0.8067 train_acc=0.954 | val_loss=0.4412 val_acc=1.000
      ep16 train_loss=0.7952 train_acc=0.933 | val_loss=0.4086 val_acc=1.000
      ep17 train_loss=0.7661 train_acc=0.963 | val_loss=0.3650 val_acc=1.000
      ep18 train_loss=0.7671 train_acc=0.958 | val_loss=0.4122 val_acc=1.000
      ep19 train_loss=0.7513 train_acc=0.971 | val_loss=0.3688 val_acc=1.000
      ep20 train_loss=0.7754 train_acc=0.958 | val_loss=0.3643 val_acc=1.000
      ep21 train_loss=0.7401 train_acc=0.963 | val_loss=0.3331 val_acc=1.000
      ep22 train_loss=0.7254 train_acc=0.971 | val_loss=0.3879 val_acc=1.000
      ep23 train_loss=0.7904 train_acc=0.954 | val_loss=0.3709 val_acc=1.000
      ep24 train_loss=0.8102 train_acc=0.933 | val_loss=0.3980 val_acc=1.000
    fold acc=1.000 time=229.4s | running pooled acc=0.680

--- Fold 11/26 | test sub11 (10 test, 244 train) ---
      ep00 train_loss=1.7810 train_acc=0.303 | val_loss=0.9382 val_acc=0.700
      ep01 train_loss=1.4877 train_acc=0.475 | val_loss=0.8218 val_acc=0.700
      ep02 train_loss=1.3360 train_acc=0.594 | val_loss=0.6060 val_acc=0.900
      ep03 train_loss=1.3053 train_acc=0.643 | val_loss=0.9877 val_acc=0.600
      ep04 train_loss=1.1856 train_acc=0.713 | val_loss=0.5731 val_acc=0.800
      ep05 train_loss=1.1242 train_acc=0.758 | val_loss=0.4882 val_acc=0.800
      ep06 train_loss=1.1103 train_acc=0.799 | val_loss=0.7268 val_acc=0.700
      ep07 train_loss=1.0619 train_acc=0.803 | val_loss=0.5303 val_acc=0.900
      ep08 train_loss=1.0006 train_acc=0.844 | val_loss=0.5761 val_acc=0.800
      ep09 train_loss=0.9028 train_acc=0.877 | val_loss=0.5642 val_acc=0.900
      ep10 train_loss=0.9182 train_acc=0.852 | val_loss=0.4763 val_acc=0.800
      ep11 train_loss=0.8389 train_acc=0.902 | val_loss=0.7726 val_acc=0.800
      ep12 train_loss=0.8533 train_acc=0.881 | val_loss=0.5571 val_acc=0.800
      ep13 train_loss=0.8722 train_acc=0.906 | val_loss=0.5930 val_acc=0.900
      ep14 train_loss=0.7790 train_acc=0.967 | val_loss=0.5622 val_acc=0.800
      ep15 train_loss=0.8180 train_acc=0.910 | val_loss=0.6402 val_acc=0.800
      ep16 train_loss=0.7974 train_acc=0.951 | val_loss=0.7218 val_acc=0.800
      ep17 train_loss=0.7887 train_acc=0.947 | val_loss=0.7102 val_acc=0.800
      ep18 train_loss=0.7684 train_acc=0.951 | val_loss=0.7187 val_acc=0.800
      ep19 train_loss=0.7869 train_acc=0.951 | val_loss=0.6654 val_acc=0.900
      ep20 train_loss=0.7715 train_acc=0.963 | val_loss=0.6551 val_acc=0.900
      ep21 train_loss=0.7438 train_acc=0.975 | val_loss=0.6591 val_acc=0.900
      ep22 train_loss=0.7446 train_acc=0.967 | val_loss=0.6428 val_acc=0.900
      ep23 train_loss=0.7581 train_acc=0.975 | val_loss=0.6599 val_acc=0.900
      ep24 train_loss=0.7540 train_acc=0.980 | val_loss=0.5998 val_acc=0.900
    fold acc=0.900 time=229.4s | running pooled acc=0.701

--- Fold 12/26 | test sub12 (12 test, 242 train) ---
      ep00 train_loss=1.9008 train_acc=0.326 | val_loss=1.3258 val_acc=0.417
      ep01 train_loss=1.5599 train_acc=0.504 | val_loss=0.8870 val_acc=0.667
      ep02 train_loss=1.4517 train_acc=0.562 | val_loss=0.7972 val_acc=0.667
      ep03 train_loss=1.4474 train_acc=0.624 | val_loss=1.1337 val_acc=0.417
      ep04 train_loss=1.2256 train_acc=0.682 | val_loss=0.9237 val_acc=0.583
      ep05 train_loss=1.1606 train_acc=0.781 | val_loss=2.2463 val_acc=0.333
      ep06 train_loss=1.2295 train_acc=0.744 | val_loss=1.0798 val_acc=0.500
      ep07 train_loss=1.0551 train_acc=0.818 | val_loss=1.6359 val_acc=0.417
      ep08 train_loss=1.0068 train_acc=0.843 | val_loss=1.8105 val_acc=0.417
      ep09 train_loss=1.0119 train_acc=0.888 | val_loss=1.1697 val_acc=0.583
      ep10 train_loss=0.9699 train_acc=0.855 | val_loss=1.1730 val_acc=0.500
      ep11 train_loss=0.9225 train_acc=0.905 | val_loss=1.1310 val_acc=0.583
      ep12 train_loss=0.8772 train_acc=0.930 | val_loss=0.9436 val_acc=0.667
      ep13 train_loss=0.9304 train_acc=0.860 | val_loss=0.9787 val_acc=0.583
      ep14 train_loss=0.8671 train_acc=0.921 | val_loss=1.0771 val_acc=0.500
      ep15 train_loss=0.9053 train_acc=0.917 | val_loss=1.2073 val_acc=0.500
      ep16 train_loss=0.8793 train_acc=0.926 | val_loss=1.3379 val_acc=0.500
      ep17 train_loss=0.8361 train_acc=0.950 | val_loss=1.1556 val_acc=0.500
      ep18 train_loss=0.8349 train_acc=0.963 | val_loss=1.1855 val_acc=0.500
      ep19 train_loss=0.8266 train_acc=0.967 | val_loss=1.1308 val_acc=0.667
      ep20 train_loss=0.8502 train_acc=0.942 | val_loss=0.9359 val_acc=0.667
      ep21 train_loss=0.8030 train_acc=0.971 | val_loss=0.8590 val_acc=0.667
      ep22 train_loss=0.8094 train_acc=0.955 | val_loss=0.9556 val_acc=0.667
      ep23 train_loss=0.8604 train_acc=0.955 | val_loss=0.9358 val_acc=0.667
      ep24 train_loss=0.8529 train_acc=0.942 | val_loss=0.8623 val_acc=0.667
    fold acc=0.583 time=228.9s | running pooled acc=0.689

--- Fold 13/26 | test sub13 (8 test, 246 train) ---
      ep00 train_loss=1.8618 train_acc=0.276 | val_loss=0.9162 val_acc=0.500
      ep01 train_loss=1.5266 train_acc=0.488 | val_loss=0.9936 val_acc=0.750
      ep02 train_loss=1.4085 train_acc=0.585 | val_loss=0.7559 val_acc=0.750
      ep03 train_loss=1.2356 train_acc=0.638 | val_loss=0.6888 val_acc=0.750
      ep04 train_loss=1.1578 train_acc=0.736 | val_loss=0.4866 val_acc=0.875
      ep05 train_loss=1.0840 train_acc=0.740 | val_loss=0.6361 val_acc=0.875
      ep06 train_loss=1.0453 train_acc=0.797 | val_loss=0.6359 val_acc=0.750
      ep07 train_loss=1.0383 train_acc=0.789 | val_loss=1.0613 val_acc=0.625
      ep08 train_loss=1.0635 train_acc=0.789 | val_loss=0.8369 val_acc=0.750
      ep09 train_loss=0.9141 train_acc=0.837 | val_loss=0.7540 val_acc=0.750
      ep10 train_loss=0.8736 train_acc=0.894 | val_loss=0.5964 val_acc=0.750
      ep11 train_loss=0.8312 train_acc=0.959 | val_loss=0.6933 val_acc=0.750
      ep12 train_loss=0.8286 train_acc=0.919 | val_loss=0.6401 val_acc=0.750
      ep13 train_loss=0.7986 train_acc=0.915 | val_loss=0.5133 val_acc=0.750
      ep14 train_loss=0.7928 train_acc=0.939 | val_loss=0.5981 val_acc=0.750
      ep15 train_loss=0.8080 train_acc=0.955 | val_loss=0.6775 val_acc=0.750
      ep16 train_loss=0.7929 train_acc=0.931 | val_loss=0.6691 val_acc=0.750
      ep17 train_loss=0.7783 train_acc=0.963 | val_loss=0.6735 val_acc=0.750
      ep18 train_loss=0.7716 train_acc=0.951 | val_loss=0.6058 val_acc=0.750
      ep19 train_loss=0.7796 train_acc=0.967 | val_loss=0.5151 val_acc=0.750
      ep20 train_loss=0.7510 train_acc=0.972 | val_loss=0.6020 val_acc=0.750
      ep21 train_loss=0.7507 train_acc=0.959 | val_loss=0.5888 val_acc=0.750
      ep22 train_loss=0.8241 train_acc=0.951 | val_loss=0.6195 val_acc=0.750
      ep23 train_loss=0.7652 train_acc=0.967 | val_loss=0.5442 val_acc=0.750
      ep24 train_loss=0.7615 train_acc=0.963 | val_loss=0.5430 val_acc=0.750
    fold acc=0.750 time=228.9s | running pooled acc=0.693

--- Fold 14/26 | test sub14 (4 test, 250 train) ---
      ep00 train_loss=1.9295 train_acc=0.228 | val_loss=1.2410 val_acc=0.750
      ep01 train_loss=1.5475 train_acc=0.524 | val_loss=1.0198 val_acc=0.500
      ep02 train_loss=1.4175 train_acc=0.592 | val_loss=1.0944 val_acc=0.500
      ep03 train_loss=1.3200 train_acc=0.688 | val_loss=1.7428 val_acc=0.250
      ep04 train_loss=1.2462 train_acc=0.676 | val_loss=1.4792 val_acc=0.250
      ep05 train_loss=1.1515 train_acc=0.756 | val_loss=1.2323 val_acc=0.250
      ep06 train_loss=1.0722 train_acc=0.804 | val_loss=1.3314 val_acc=0.500
      ep07 train_loss=1.0556 train_acc=0.820 | val_loss=1.5818 val_acc=0.250
      ep08 train_loss=1.0208 train_acc=0.800 | val_loss=0.7998 val_acc=0.750
      ep09 train_loss=0.9807 train_acc=0.848 | val_loss=1.1526 val_acc=0.500
      ep10 train_loss=0.9352 train_acc=0.876 | val_loss=0.9335 val_acc=0.750
      ep11 train_loss=0.8813 train_acc=0.872 | val_loss=0.8671 val_acc=0.500
      ep12 train_loss=0.8608 train_acc=0.908 | val_loss=0.9311 val_acc=0.250
      ep13 train_loss=0.8157 train_acc=0.932 | val_loss=0.8565 val_acc=0.750
      ep14 train_loss=0.8355 train_acc=0.932 | val_loss=0.5924 val_acc=1.000
      ep15 train_loss=0.8080 train_acc=0.944 | val_loss=0.5992 val_acc=1.000
      ep16 train_loss=0.7978 train_acc=0.944 | val_loss=0.8269 val_acc=0.500
      ep17 train_loss=0.8189 train_acc=0.924 | val_loss=0.6960 val_acc=1.000
      ep18 train_loss=0.7724 train_acc=0.964 | val_loss=0.7019 val_acc=1.000
      ep19 train_loss=0.7611 train_acc=0.972 | val_loss=0.7601 val_acc=0.750
      ep20 train_loss=0.7527 train_acc=0.972 | val_loss=0.6949 val_acc=1.000
      ep21 train_loss=0.7611 train_acc=0.984 | val_loss=0.6244 val_acc=0.750
      ep22 train_loss=0.7825 train_acc=0.948 | val_loss=0.7636 val_acc=0.750
      ep23 train_loss=0.7593 train_acc=0.956 | val_loss=0.6862 val_acc=0.750
      ep24 train_loss=0.7279 train_acc=0.992 | val_loss=0.7019 val_acc=1.000
    fold acc=0.750 time=229.5s | running pooled acc=0.695

--- Fold 15/26 | test sub15 (3 test, 251 train) ---
      ep00 train_loss=1.9475 train_acc=0.271 | val_loss=1.9281 val_acc=0.333
      ep01 train_loss=1.5213 train_acc=0.522 | val_loss=1.7962 val_acc=0.333
      ep02 train_loss=1.4109 train_acc=0.602 | val_loss=1.0906 val_acc=0.667
      ep03 train_loss=1.2723 train_acc=0.665 | val_loss=1.6454 val_acc=0.333
      ep04 train_loss=1.1491 train_acc=0.733 | val_loss=1.9339 val_acc=0.000
      ep05 train_loss=1.1791 train_acc=0.741 | val_loss=1.3363 val_acc=0.333
      ep06 train_loss=1.0473 train_acc=0.801 | val_loss=1.5649 val_acc=0.333
      ep07 train_loss=0.9777 train_acc=0.845 | val_loss=2.1884 val_acc=0.333
      ep08 train_loss=1.0728 train_acc=0.797 | val_loss=1.7639 val_acc=0.333
      ep09 train_loss=0.9386 train_acc=0.833 | val_loss=1.6599 val_acc=0.000
      ep10 train_loss=0.9239 train_acc=0.865 | val_loss=1.4265 val_acc=0.000
      ep11 train_loss=0.8963 train_acc=0.873 | val_loss=1.6102 val_acc=0.333
      ep12 train_loss=0.8730 train_acc=0.936 | val_loss=1.6172 val_acc=0.333
      ep13 train_loss=0.8400 train_acc=0.940 | val_loss=1.3333 val_acc=0.333
      ep14 train_loss=0.8208 train_acc=0.948 | val_loss=1.3460 val_acc=0.000
      ep15 train_loss=0.8233 train_acc=0.936 | val_loss=1.3802 val_acc=0.333
      ep16 train_loss=0.8274 train_acc=0.948 | val_loss=1.2947 val_acc=0.333
      ep17 train_loss=0.8360 train_acc=0.948 | val_loss=1.4250 val_acc=0.333
      ep18 train_loss=0.7429 train_acc=0.972 | val_loss=1.6660 val_acc=0.333
      ep19 train_loss=0.7707 train_acc=0.984 | val_loss=1.4383 val_acc=0.333
      ep20 train_loss=0.7871 train_acc=0.944 | val_loss=1.5488 val_acc=0.333
      ep21 train_loss=0.8275 train_acc=0.944 | val_loss=1.7732 val_acc=0.000
      ep22 train_loss=0.7742 train_acc=0.988 | val_loss=1.6544 val_acc=0.000
      ep23 train_loss=0.7698 train_acc=0.988 | val_loss=1.2854 val_acc=0.667
      ep24 train_loss=0.8068 train_acc=0.960 | val_loss=1.7039 val_acc=0.000
    fold acc=0.333 time=229.5s | running pooled acc=0.687

--- Fold 16/26 | test sub16 (4 test, 250 train) ---
      ep00 train_loss=1.9512 train_acc=0.252 | val_loss=2.4323 val_acc=0.000
      ep01 train_loss=1.5562 train_acc=0.516 | val_loss=2.0375 val_acc=0.500
      ep02 train_loss=1.4093 train_acc=0.576 | val_loss=2.7889 val_acc=0.250
      ep03 train_loss=1.3261 train_acc=0.676 | val_loss=2.6159 val_acc=0.250
      ep04 train_loss=1.2414 train_acc=0.704 | val_loss=2.5675 val_acc=0.250
      ep05 train_loss=1.2065 train_acc=0.732 | val_loss=2.6980 val_acc=0.500
      ep06 train_loss=1.0838 train_acc=0.772 | val_loss=2.4453 val_acc=0.250
      ep07 train_loss=1.0786 train_acc=0.796 | val_loss=2.0143 val_acc=0.250
      ep08 train_loss=1.0102 train_acc=0.792 | val_loss=2.3651 val_acc=0.250
      ep09 train_loss=1.0313 train_acc=0.840 | val_loss=2.5877 val_acc=0.250
      ep10 train_loss=0.9452 train_acc=0.864 | val_loss=3.0892 val_acc=0.250
      ep11 train_loss=0.9045 train_acc=0.876 | val_loss=2.4931 val_acc=0.250
      ep12 train_loss=0.8688 train_acc=0.908 | val_loss=3.1869 val_acc=0.500
      ep13 train_loss=0.8454 train_acc=0.920 | val_loss=2.3673 val_acc=0.500
      ep14 train_loss=0.8076 train_acc=0.948 | val_loss=2.6763 val_acc=0.500
      ep15 train_loss=0.8135 train_acc=0.948 | val_loss=2.4223 val_acc=0.500
      ep16 train_loss=0.7952 train_acc=0.952 | val_loss=2.6163 val_acc=0.500
      ep17 train_loss=0.7981 train_acc=0.956 | val_loss=2.8232 val_acc=0.500
      ep18 train_loss=0.8000 train_acc=0.952 | val_loss=2.9910 val_acc=0.500
      ep19 train_loss=0.7701 train_acc=0.976 | val_loss=2.8039 val_acc=0.500
      ep20 train_loss=0.7795 train_acc=0.968 | val_loss=2.8796 val_acc=0.500
      ep21 train_loss=0.7706 train_acc=0.968 | val_loss=2.6747 val_acc=0.500
      ep22 train_loss=0.8055 train_acc=0.956 | val_loss=2.7751 val_acc=0.500
      ep23 train_loss=0.7608 train_acc=0.964 | val_loss=3.0050 val_acc=0.500
      ep24 train_loss=0.7326 train_acc=0.984 | val_loss=2.8700 val_acc=0.500
    fold acc=0.500 time=229.5s | running pooled acc=0.681

--- Fold 17/26 | test sub17 (36 test, 218 train) ---
      ep00 train_loss=1.8932 train_acc=0.243 | val_loss=1.3073 val_acc=0.417
      ep01 train_loss=1.5251 train_acc=0.500 | val_loss=1.0780 val_acc=0.611
      ep02 train_loss=1.3558 train_acc=0.647 | val_loss=1.1759 val_acc=0.472
      ep03 train_loss=1.3543 train_acc=0.619 | val_loss=1.0362 val_acc=0.611
      ep04 train_loss=1.1644 train_acc=0.743 | val_loss=1.1639 val_acc=0.556
      ep05 train_loss=1.1055 train_acc=0.789 | val_loss=1.1189 val_acc=0.611
      ep06 train_loss=1.0381 train_acc=0.761 | val_loss=1.3646 val_acc=0.667
      ep07 train_loss=1.0034 train_acc=0.812 | val_loss=1.0476 val_acc=0.611
      ep08 train_loss=0.9958 train_acc=0.821 | val_loss=1.2407 val_acc=0.667
      ep09 train_loss=0.9268 train_acc=0.881 | val_loss=0.9358 val_acc=0.694
      ep10 train_loss=0.9083 train_acc=0.890 | val_loss=1.0369 val_acc=0.667
      ep11 train_loss=0.8998 train_acc=0.849 | val_loss=0.9979 val_acc=0.694
      ep12 train_loss=0.8338 train_acc=0.927 | val_loss=1.1578 val_acc=0.583
      ep13 train_loss=0.8001 train_acc=0.940 | val_loss=1.0618 val_acc=0.639
      ep14 train_loss=0.7866 train_acc=0.950 | val_loss=1.0379 val_acc=0.694
      ep15 train_loss=0.8192 train_acc=0.917 | val_loss=0.9809 val_acc=0.611
      ep16 train_loss=0.7672 train_acc=0.968 | val_loss=1.0459 val_acc=0.667
      ep17 train_loss=0.7856 train_acc=0.950 | val_loss=0.9753 val_acc=0.694
      ep18 train_loss=0.7875 train_acc=0.963 | val_loss=0.9368 val_acc=0.639
      ep19 train_loss=0.7424 train_acc=0.972 | val_loss=0.9929 val_acc=0.611
      ep20 train_loss=0.7281 train_acc=0.982 | val_loss=0.9834 val_acc=0.667
      ep21 train_loss=0.7734 train_acc=0.954 | val_loss=0.9795 val_acc=0.639
      ep22 train_loss=0.7975 train_acc=0.963 | val_loss=1.0472 val_acc=0.667
      ep23 train_loss=0.7657 train_acc=0.963 | val_loss=1.0025 val_acc=0.639
      ep24 train_loss=0.7582 train_acc=0.972 | val_loss=0.9771 val_acc=0.583
    fold acc=0.694 time=226.6s | running pooled acc=0.684

--- Fold 18/26 | test sub18 (3 test, 251 train) ---
      ep00 train_loss=1.9373 train_acc=0.259 | val_loss=1.0112 val_acc=1.000
      ep01 train_loss=1.5564 train_acc=0.474 | val_loss=0.8917 val_acc=1.000
      ep02 train_loss=1.4159 train_acc=0.610 | val_loss=1.0381 val_acc=0.667
      ep03 train_loss=1.3093 train_acc=0.645 | val_loss=1.1454 val_acc=0.667
      ep04 train_loss=1.1749 train_acc=0.705 | val_loss=0.6722 val_acc=1.000
      ep05 train_loss=1.1044 train_acc=0.737 | val_loss=1.0747 val_acc=0.667
      ep06 train_loss=1.0338 train_acc=0.765 | val_loss=0.8430 val_acc=1.000
      ep07 train_loss=1.0272 train_acc=0.809 | val_loss=0.5581 val_acc=1.000
      ep08 train_loss=1.0297 train_acc=0.769 | val_loss=0.5476 val_acc=1.000
      ep09 train_loss=0.9332 train_acc=0.837 | val_loss=0.4612 val_acc=1.000
      ep10 train_loss=0.9087 train_acc=0.865 | val_loss=0.6391 val_acc=1.000
      ep11 train_loss=0.8497 train_acc=0.908 | val_loss=0.4450 val_acc=1.000
      ep12 train_loss=0.8279 train_acc=0.944 | val_loss=0.6024 val_acc=1.000
      ep13 train_loss=0.8027 train_acc=0.940 | val_loss=0.4236 val_acc=1.000
      ep14 train_loss=0.7991 train_acc=0.940 | val_loss=0.2842 val_acc=1.000
      ep15 train_loss=0.8175 train_acc=0.944 | val_loss=0.3694 val_acc=1.000
      ep16 train_loss=0.8429 train_acc=0.932 | val_loss=0.3921 val_acc=1.000
      ep17 train_loss=0.7636 train_acc=0.960 | val_loss=0.3519 val_acc=1.000
      ep18 train_loss=0.7408 train_acc=0.976 | val_loss=0.4536 val_acc=1.000
      ep19 train_loss=0.7645 train_acc=0.972 | val_loss=0.3797 val_acc=1.000
      ep20 train_loss=0.7590 train_acc=0.952 | val_loss=0.3603 val_acc=1.000
      ep21 train_loss=0.7782 train_acc=0.952 | val_loss=0.4698 val_acc=1.000
      ep22 train_loss=0.7764 train_acc=0.988 | val_loss=0.3609 val_acc=1.000
      ep23 train_loss=0.7515 train_acc=0.988 | val_loss=0.4141 val_acc=1.000
      ep24 train_loss=0.7999 train_acc=0.960 | val_loss=0.4024 val_acc=1.000
    fold acc=1.000 time=229.6s | running pooled acc=0.689

--- Fold 19/26 | test sub19 (16 test, 238 train) ---
      ep00 train_loss=1.9158 train_acc=0.277 | val_loss=1.2924 val_acc=0.500
      ep01 train_loss=1.5880 train_acc=0.559 | val_loss=1.1958 val_acc=0.562
      ep02 train_loss=1.4514 train_acc=0.622 | val_loss=1.3065 val_acc=0.375
      ep03 train_loss=1.3880 train_acc=0.630 | val_loss=1.0695 val_acc=0.438
      ep04 train_loss=1.2731 train_acc=0.685 | val_loss=1.3404 val_acc=0.312
      ep05 train_loss=1.1769 train_acc=0.735 | val_loss=1.0483 val_acc=0.500
      ep06 train_loss=1.1815 train_acc=0.782 | val_loss=1.2527 val_acc=0.312
      ep07 train_loss=1.1577 train_acc=0.782 | val_loss=1.1510 val_acc=0.625
      ep08 train_loss=1.0786 train_acc=0.824 | val_loss=0.9189 val_acc=0.750
      ep09 train_loss=0.9687 train_acc=0.861 | val_loss=0.8869 val_acc=0.438
      ep10 train_loss=0.9857 train_acc=0.836 | val_loss=0.9889 val_acc=0.438
      ep11 train_loss=0.9187 train_acc=0.866 | val_loss=0.9847 val_acc=0.500
      ep12 train_loss=0.9600 train_acc=0.895 | val_loss=1.0064 val_acc=0.500
      ep13 train_loss=0.9113 train_acc=0.912 | val_loss=1.0613 val_acc=0.438
      ep14 train_loss=0.9081 train_acc=0.908 | val_loss=1.2152 val_acc=0.438
      ep15 train_loss=0.8508 train_acc=0.954 | val_loss=1.1435 val_acc=0.375
      ep16 train_loss=0.8573 train_acc=0.941 | val_loss=1.1032 val_acc=0.438
      ep17 train_loss=0.9343 train_acc=0.937 | val_loss=1.1507 val_acc=0.312
      ep18 train_loss=0.8720 train_acc=0.954 | val_loss=1.1341 val_acc=0.312
      ep19 train_loss=0.8089 train_acc=0.975 | val_loss=1.1622 val_acc=0.312
      ep20 train_loss=0.8717 train_acc=0.966 | val_loss=1.1261 val_acc=0.312
      ep21 train_loss=0.8531 train_acc=0.958 | val_loss=1.0828 val_acc=0.375
      ep22 train_loss=0.8529 train_acc=0.962 | val_loss=1.0848 val_acc=0.375
      ep23 train_loss=0.9163 train_acc=0.941 | val_loss=1.1588 val_acc=0.375
      ep24 train_loss=0.8146 train_acc=0.954 | val_loss=1.1198 val_acc=0.312
    fold acc=0.438 time=228.6s | running pooled acc=0.668

--- Fold 20/26 | test sub20 (11 test, 243 train) ---
      ep00 train_loss=1.8629 train_acc=0.267 | val_loss=1.1477 val_acc=0.545
      ep01 train_loss=1.4294 train_acc=0.572 | val_loss=0.9280 val_acc=0.727
      ep02 train_loss=1.3399 train_acc=0.621 | val_loss=0.8507 val_acc=0.727
      ep03 train_loss=1.2319 train_acc=0.704 | val_loss=0.9283 val_acc=0.727
      ep04 train_loss=1.1698 train_acc=0.700 | val_loss=1.0515 val_acc=0.545
      ep05 train_loss=1.0477 train_acc=0.802 | val_loss=1.5258 val_acc=0.364
      ep06 train_loss=1.0641 train_acc=0.774 | val_loss=0.8329 val_acc=0.727
      ep07 train_loss=1.0342 train_acc=0.798 | val_loss=0.7941 val_acc=0.818
      ep08 train_loss=0.9624 train_acc=0.848 | val_loss=0.8820 val_acc=0.727
      ep09 train_loss=0.9329 train_acc=0.848 | val_loss=0.7353 val_acc=0.636
      ep10 train_loss=0.8978 train_acc=0.872 | val_loss=0.7690 val_acc=0.727
      ep11 train_loss=0.8890 train_acc=0.860 | val_loss=1.0408 val_acc=0.636
      ep12 train_loss=0.8096 train_acc=0.942 | val_loss=0.7405 val_acc=0.727
      ep13 train_loss=0.8182 train_acc=0.947 | val_loss=0.7587 val_acc=0.727
      ep14 train_loss=0.7847 train_acc=0.909 | val_loss=0.6472 val_acc=0.727
      ep15 train_loss=0.7788 train_acc=0.942 | val_loss=0.7560 val_acc=0.727
      ep16 train_loss=0.7953 train_acc=0.951 | val_loss=0.6795 val_acc=0.727
      ep17 train_loss=0.7958 train_acc=0.930 | val_loss=0.5768 val_acc=0.818
      ep18 train_loss=0.7714 train_acc=0.942 | val_loss=0.5607 val_acc=0.909
      ep19 train_loss=0.7066 train_acc=0.984 | val_loss=0.6596 val_acc=0.818
      ep20 train_loss=0.7345 train_acc=0.984 | val_loss=0.6812 val_acc=0.818
      ep21 train_loss=0.7497 train_acc=0.963 | val_loss=0.5696 val_acc=0.909
      ep22 train_loss=0.7739 train_acc=0.967 | val_loss=0.7407 val_acc=0.727
      ep23 train_loss=0.7564 train_acc=0.971 | val_loss=0.6315 val_acc=0.818
      ep24 train_loss=0.7309 train_acc=0.971 | val_loss=0.8864 val_acc=0.727
    fold acc=0.818 time=230.7s | running pooled acc=0.676

--- Fold 21/26 | test sub21 (2 test, 252 train) ---
      ep00 train_loss=1.9254 train_acc=0.270 | val_loss=1.5828 val_acc=0.000
      ep01 train_loss=1.5939 train_acc=0.492 | val_loss=1.1596 val_acc=0.500
      ep02 train_loss=1.3780 train_acc=0.571 | val_loss=1.7417 val_acc=0.500
      ep03 train_loss=1.2687 train_acc=0.679 | val_loss=1.5368 val_acc=0.500
      ep04 train_loss=1.1836 train_acc=0.675 | val_loss=3.0087 val_acc=0.500
      ep05 train_loss=1.1788 train_acc=0.754 | val_loss=1.6894 val_acc=0.500
      ep06 train_loss=1.1624 train_acc=0.754 | val_loss=2.1894 val_acc=0.500
      ep07 train_loss=0.9785 train_acc=0.821 | val_loss=2.6408 val_acc=0.500
      ep08 train_loss=0.9860 train_acc=0.837 | val_loss=2.8241 val_acc=0.500
      ep09 train_loss=0.9285 train_acc=0.861 | val_loss=2.0250 val_acc=0.500
      ep10 train_loss=0.9633 train_acc=0.857 | val_loss=1.4763 val_acc=0.000
      ep11 train_loss=0.8828 train_acc=0.917 | val_loss=2.2075 val_acc=0.500
      ep12 train_loss=0.8840 train_acc=0.905 | val_loss=2.6214 val_acc=0.500
      ep13 train_loss=0.8653 train_acc=0.921 | val_loss=2.5463 val_acc=0.500
      ep14 train_loss=0.8218 train_acc=0.937 | val_loss=2.8182 val_acc=0.500
      ep15 train_loss=0.8571 train_acc=0.913 | val_loss=2.6193 val_acc=0.500
      ep16 train_loss=0.8176 train_acc=0.937 | val_loss=2.6992 val_acc=0.500
      ep17 train_loss=0.7895 train_acc=0.960 | val_loss=2.7517 val_acc=0.500
      ep18 train_loss=0.7699 train_acc=0.968 | val_loss=2.5221 val_acc=0.500
      ep19 train_loss=0.8427 train_acc=0.921 | val_loss=2.8434 val_acc=0.500
      ep20 train_loss=0.8141 train_acc=0.956 | val_loss=2.8794 val_acc=0.500
      ep21 train_loss=0.7864 train_acc=0.976 | val_loss=2.5976 val_acc=0.500
      ep22 train_loss=0.7476 train_acc=0.960 | val_loss=2.7037 val_acc=0.500
      ep23 train_loss=0.7849 train_acc=0.964 | val_loss=2.7380 val_acc=0.500
      ep24 train_loss=0.7886 train_acc=0.968 | val_loss=2.6898 val_acc=0.500
    fold acc=0.500 time=230.9s | running pooled acc=0.675

--- Fold 22/26 | test sub22 (2 test, 252 train) ---
      ep00 train_loss=1.9407 train_acc=0.246 | val_loss=1.4809 val_acc=0.000
      ep01 train_loss=1.6300 train_acc=0.484 | val_loss=0.9299 val_acc=1.000
      ep02 train_loss=1.3783 train_acc=0.591 | val_loss=0.7330 val_acc=0.500
      ep03 train_loss=1.2929 train_acc=0.706 | val_loss=0.9532 val_acc=0.500
      ep04 train_loss=1.2381 train_acc=0.675 | val_loss=0.8182 val_acc=0.500
      ep05 train_loss=1.2488 train_acc=0.702 | val_loss=1.1423 val_acc=0.500
      ep06 train_loss=1.1666 train_acc=0.786 | val_loss=0.6764 val_acc=1.000
      ep07 train_loss=0.9667 train_acc=0.825 | val_loss=0.0666 val_acc=1.000
      ep08 train_loss=0.9859 train_acc=0.865 | val_loss=0.2109 val_acc=1.000
      ep09 train_loss=0.9180 train_acc=0.853 | val_loss=0.0408 val_acc=1.000
      ep10 train_loss=0.9771 train_acc=0.861 | val_loss=0.6707 val_acc=1.000
      ep11 train_loss=0.8919 train_acc=0.909 | val_loss=1.2318 val_acc=0.500
      ep12 train_loss=0.9050 train_acc=0.881 | val_loss=0.4842 val_acc=1.000
      ep13 train_loss=0.8896 train_acc=0.917 | val_loss=0.5480 val_acc=1.000
      ep14 train_loss=0.8270 train_acc=0.933 | val_loss=0.2275 val_acc=1.000
      ep15 train_loss=0.8497 train_acc=0.940 | val_loss=0.3877 val_acc=1.000
      ep16 train_loss=0.8597 train_acc=0.925 | val_loss=0.2179 val_acc=1.000
      ep17 train_loss=0.8027 train_acc=0.972 | val_loss=0.4465 val_acc=1.000
      ep18 train_loss=0.7982 train_acc=0.956 | val_loss=0.3595 val_acc=1.000
      ep19 train_loss=0.8590 train_acc=0.933 | val_loss=0.3338 val_acc=1.000
      ep20 train_loss=0.8172 train_acc=0.948 | val_loss=0.4191 val_acc=1.000
      ep21 train_loss=0.7981 train_acc=0.976 | val_loss=0.2510 val_acc=1.000
      ep22 train_loss=0.7617 train_acc=0.964 | val_loss=0.2458 val_acc=1.000
      ep23 train_loss=0.8118 train_acc=0.933 | val_loss=0.2325 val_acc=1.000
      ep24 train_loss=0.7982 train_acc=0.948 | val_loss=0.3007 val_acc=1.000
    fold acc=1.000 time=231.7s | running pooled acc=0.678

--- Fold 23/26 | test sub23 (12 test, 242 train) ---
      ep00 train_loss=1.7882 train_acc=0.322 | val_loss=1.1262 val_acc=0.417
      ep01 train_loss=1.5301 train_acc=0.463 | val_loss=1.2008 val_acc=0.667
      ep02 train_loss=1.3802 train_acc=0.566 | val_loss=1.1187 val_acc=0.667
      ep03 train_loss=1.3200 train_acc=0.636 | val_loss=0.6288 val_acc=0.833
      ep04 train_loss=1.1837 train_acc=0.682 | val_loss=0.9006 val_acc=0.583
      ep05 train_loss=1.1486 train_acc=0.740 | val_loss=0.9129 val_acc=0.583
      ep06 train_loss=1.1464 train_acc=0.760 | val_loss=0.6917 val_acc=0.750
      ep07 train_loss=0.9991 train_acc=0.793 | val_loss=0.7774 val_acc=0.750
      ep08 train_loss=1.0043 train_acc=0.810 | val_loss=1.1569 val_acc=0.667
      ep09 train_loss=0.9303 train_acc=0.876 | val_loss=1.4319 val_acc=0.417
      ep10 train_loss=0.9347 train_acc=0.888 | val_loss=1.2751 val_acc=0.667
      ep11 train_loss=0.9617 train_acc=0.872 | val_loss=1.7746 val_acc=0.417
      ep12 train_loss=0.9605 train_acc=0.855 | val_loss=1.3798 val_acc=0.500
      ep13 train_loss=0.8752 train_acc=0.868 | val_loss=1.2205 val_acc=0.583
      ep14 train_loss=0.7964 train_acc=0.934 | val_loss=1.1328 val_acc=0.583
      ep15 train_loss=0.8408 train_acc=0.926 | val_loss=1.2742 val_acc=0.500
      ep16 train_loss=0.8286 train_acc=0.901 | val_loss=1.1274 val_acc=0.667
      ep17 train_loss=0.8310 train_acc=0.959 | val_loss=1.0711 val_acc=0.667
      ep18 train_loss=0.8234 train_acc=0.938 | val_loss=1.1503 val_acc=0.583
      ep19 train_loss=0.7987 train_acc=0.950 | val_loss=1.0002 val_acc=0.667
      ep20 train_loss=0.7606 train_acc=0.971 | val_loss=1.2161 val_acc=0.583
      ep21 train_loss=0.7962 train_acc=0.959 | val_loss=1.1782 val_acc=0.667
      ep22 train_loss=0.8188 train_acc=0.946 | val_loss=1.1579 val_acc=0.583
      ep23 train_loss=0.7965 train_acc=0.963 | val_loss=1.2463 val_acc=0.583
      ep24 train_loss=0.8036 train_acc=0.942 | val_loss=1.1646 val_acc=0.667
    fold acc=0.667 time=230.8s | running pooled acc=0.677

--- Fold 24/26 | test sub24 (10 test, 244 train) ---
      ep00 train_loss=1.8710 train_acc=0.332 | val_loss=1.7637 val_acc=0.500
      ep01 train_loss=1.4814 train_acc=0.561 | val_loss=1.6047 val_acc=0.300
      ep02 train_loss=1.4150 train_acc=0.643 | val_loss=1.4620 val_acc=0.400
      ep03 train_loss=1.2686 train_acc=0.693 | val_loss=1.4259 val_acc=0.500
      ep04 train_loss=1.2282 train_acc=0.734 | val_loss=1.4166 val_acc=0.300
      ep05 train_loss=1.1135 train_acc=0.795 | val_loss=1.3596 val_acc=0.400
      ep06 train_loss=1.0915 train_acc=0.734 | val_loss=1.7100 val_acc=0.400
      ep07 train_loss=1.0887 train_acc=0.803 | val_loss=1.3938 val_acc=0.400
      ep08 train_loss=1.0414 train_acc=0.807 | val_loss=1.3166 val_acc=0.500
      ep09 train_loss=0.9146 train_acc=0.893 | val_loss=1.2473 val_acc=0.600
      ep10 train_loss=0.8855 train_acc=0.906 | val_loss=1.2359 val_acc=0.500
      ep11 train_loss=0.8246 train_acc=0.930 | val_loss=1.4719 val_acc=0.400
      ep12 train_loss=0.8583 train_acc=0.914 | val_loss=1.3010 val_acc=0.500
      ep13 train_loss=0.8737 train_acc=0.910 | val_loss=1.4533 val_acc=0.500
      ep14 train_loss=0.8335 train_acc=0.934 | val_loss=1.2396 val_acc=0.600
      ep15 train_loss=0.8440 train_acc=0.902 | val_loss=1.3396 val_acc=0.600
      ep16 train_loss=0.8424 train_acc=0.943 | val_loss=1.3320 val_acc=0.600
      ep17 train_loss=0.8243 train_acc=0.959 | val_loss=1.2822 val_acc=0.600
      ep18 train_loss=0.7818 train_acc=0.975 | val_loss=1.2891 val_acc=0.600
      ep19 train_loss=0.8025 train_acc=0.963 | val_loss=1.2711 val_acc=0.600
      ep20 train_loss=0.7843 train_acc=0.971 | val_loss=1.2979 val_acc=0.500
      ep21 train_loss=0.7509 train_acc=0.971 | val_loss=1.2640 val_acc=0.600
      ep22 train_loss=0.7932 train_acc=0.980 | val_loss=1.2865 val_acc=0.600
      ep23 train_loss=0.7646 train_acc=0.963 | val_loss=1.3067 val_acc=0.600
      ep24 train_loss=0.7443 train_acc=0.988 | val_loss=1.3003 val_acc=0.600
    fold acc=0.500 time=237.4s | running pooled acc=0.670

--- Fold 25/26 | test sub25 (7 test, 247 train) ---
      ep00 train_loss=1.9766 train_acc=0.267 | val_loss=1.7692 val_acc=0.000
      ep01 train_loss=1.5635 train_acc=0.494 | val_loss=1.3692 val_acc=0.429
      ep02 train_loss=1.4621 train_acc=0.543 | val_loss=1.2430 val_acc=0.571
      ep03 train_loss=1.2795 train_acc=0.664 | val_loss=1.4023 val_acc=0.429
      ep04 train_loss=1.2390 train_acc=0.676 | val_loss=0.8294 val_acc=0.714
      ep05 train_loss=1.1687 train_acc=0.729 | val_loss=0.9237 val_acc=0.571
      ep06 train_loss=1.0688 train_acc=0.777 | val_loss=0.9305 val_acc=0.571
      ep07 train_loss=1.0319 train_acc=0.830 | val_loss=1.2693 val_acc=0.571
      ep08 train_loss=1.0311 train_acc=0.798 | val_loss=1.0232 val_acc=0.714
      ep09 train_loss=1.0310 train_acc=0.814 | val_loss=1.7302 val_acc=0.429
      ep10 train_loss=0.9605 train_acc=0.858 | val_loss=1.4935 val_acc=0.714
      ep11 train_loss=0.9137 train_acc=0.887 | val_loss=0.8282 val_acc=0.571
      ep12 train_loss=0.9049 train_acc=0.874 | val_loss=0.9204 val_acc=0.714
      ep13 train_loss=0.8607 train_acc=0.915 | val_loss=1.3308 val_acc=0.714
      ep14 train_loss=0.9131 train_acc=0.923 | val_loss=0.7543 val_acc=0.714
      ep15 train_loss=0.8000 train_acc=0.923 | val_loss=0.9899 val_acc=0.714
      ep16 train_loss=0.7778 train_acc=0.964 | val_loss=1.0228 val_acc=0.714
      ep17 train_loss=0.7907 train_acc=0.947 | val_loss=0.9487 val_acc=0.714
      ep18 train_loss=0.7301 train_acc=0.976 | val_loss=0.8873 val_acc=0.714
      ep19 train_loss=0.7895 train_acc=0.960 | val_loss=0.8188 val_acc=0.714
      ep20 train_loss=0.7472 train_acc=0.976 | val_loss=1.0405 val_acc=0.714
      ep21 train_loss=0.7315 train_acc=0.980 | val_loss=0.8449 val_acc=0.714
      ep22 train_loss=0.8031 train_acc=0.943 | val_loss=0.9800 val_acc=0.714
      ep23 train_loss=0.7901 train_acc=0.943 | val_loss=1.0880 val_acc=0.714
      ep24 train_loss=0.7466 train_acc=0.972 | val_loss=1.0501 val_acc=0.714
    fold acc=0.571 time=232.2s | running pooled acc=0.667

--- Fold 26/26 | test sub26 (17 test, 237 train) ---
      ep00 train_loss=1.8746 train_acc=0.262 | val_loss=1.2959 val_acc=0.588
      ep01 train_loss=1.5686 train_acc=0.498 | val_loss=0.8369 val_acc=0.706
      ep02 train_loss=1.3740 train_acc=0.586 | val_loss=0.8849 val_acc=0.765
      ep03 train_loss=1.2841 train_acc=0.629 | val_loss=0.8544 val_acc=0.706
      ep04 train_loss=1.2038 train_acc=0.705 | val_loss=1.3544 val_acc=0.471
      ep05 train_loss=1.1607 train_acc=0.759 | val_loss=1.0636 val_acc=0.588
      ep06 train_loss=1.0313 train_acc=0.785 | val_loss=0.9914 val_acc=0.647
      ep07 train_loss=1.0074 train_acc=0.806 | val_loss=0.9742 val_acc=0.647
      ep08 train_loss=0.9322 train_acc=0.899 | val_loss=0.7827 val_acc=0.765
      ep09 train_loss=0.9017 train_acc=0.873 | val_loss=1.1040 val_acc=0.588
      ep10 train_loss=0.9353 train_acc=0.890 | val_loss=0.8496 val_acc=0.706
      ep11 train_loss=0.9212 train_acc=0.878 | val_loss=0.9438 val_acc=0.765
      ep12 train_loss=0.8233 train_acc=0.924 | val_loss=0.7625 val_acc=0.824
      ep13 train_loss=0.8126 train_acc=0.911 | val_loss=0.7208 val_acc=0.824
      ep14 train_loss=0.8515 train_acc=0.916 | val_loss=0.7086 val_acc=0.706
      ep15 train_loss=0.7902 train_acc=0.937 | val_loss=0.8560 val_acc=0.706
      ep16 train_loss=0.7720 train_acc=0.932 | val_loss=0.7503 val_acc=0.765
      ep17 train_loss=0.8020 train_acc=0.945 | val_loss=0.7869 val_acc=0.824
      ep18 train_loss=0.7422 train_acc=0.975 | val_loss=0.8474 val_acc=0.765
      ep19 train_loss=0.7925 train_acc=0.945 | val_loss=0.8127 val_acc=0.765
      ep20 train_loss=0.7440 train_acc=0.975 | val_loss=0.7605 val_acc=0.765
      ep21 train_loss=0.8012 train_acc=0.954 | val_loss=0.8277 val_acc=0.765
      ep22 train_loss=0.7404 train_acc=0.966 | val_loss=0.7794 val_acc=0.824
      ep23 train_loss=0.7775 train_acc=0.962 | val_loss=0.8262 val_acc=0.824
      ep24 train_loss=0.7119 train_acc=0.983 | val_loss=0.7573 val_acc=0.824
    fold acc=0.824 time=230.1s | running pooled acc=0.677

=== FINAL (pooled LOSO) ===
UF1 = 0.5574
UAR = 0.5599
ACC = 0.6772
per-class F1: obj1=0.453, obj2=0.452, obj3=0.879, obj4=0.465, obj5=0.444, obj7=0.651
per-class recall: obj1=0.480, obj2=0.467, obj3=0.919, obj4=0.385, obj5=0.500, obj7=0.609
confusion matrix (rows=true):
          obj1   obj2   obj3   obj4   obj5   obj7
   obj1     12      0      0      3      0     10
   obj2      1      7      0      0      6      1
   obj3      1      1     91      3      0      3
   obj4      3      0     13     10      0      0
   obj5      0      6      0      0     10      4
   obj7     11      2      4      1      9     42

saved to D:\AI-Projects\casmeII-new-from-sequence-model\experiments\obj6_r3d
elapsed 6001.1s
