=== EXPERIMENT iter_05 ===
time: 2026-07-14T02:02:24.975203
device: cuda (NVIDIA GeForce RTX 3060)
platform: Windows-10-10.0.26200-SP0 | torch 2.6.0+cu124
config:
{
  "seed": 42,
  "T": 16,
  "img_size": 112,
  "base_size": 128,
  "input_mode": "rgb",
  "backbone": "r2plus1d_18",
  "pretrained": true,
  "dropout": 0.5,
  "epochs": 25,
  "lr": 0.0001,
  "weight_decay": 0.001,
  "batch_size": 8,
  "class_weighting": true,
  "label_smoothing": 0.1,
  "hflip": true,
  "color_jitter": 0.0,
  "temporal_jitter": true,
  "amp": true,
  "eval_last_k": 3,
  "tta": 10,
  "cache_dir": "cache/flow128",
  "index": "cache/index_emotion.csv",
  "class_names": [
    "happiness",
    "disgust",
    "repression",
    "surprise",
    "others"
  ],
  "name": "iter_05_flow_apex_tta",
  "modality": "flow",
  "temporal_span": "onset_apex",
  "flow_clip": 3.0
}
samples: 246 | classes: 5 ['happiness', 'disgust', 'repression', 'surprise', 'others']
loading arrays into RAM...
loaded 246 arrays

--- Fold 1/26 | test sub01 (9 test, 237 train) ---
      ep00 train_loss=1.6073 train_acc=0.371 | val_loss=1.5375 val_acc=0.333
      ep01 train_loss=1.1661 train_acc=0.586 | val_loss=0.9148 val_acc=0.667
      ep02 train_loss=1.0426 train_acc=0.658 | val_loss=0.6933 val_acc=0.667
      ep03 train_loss=0.9810 train_acc=0.747 | val_loss=0.7855 val_acc=0.778
      ep04 train_loss=0.9904 train_acc=0.679 | val_loss=0.6901 val_acc=0.778
      ep05 train_loss=0.8318 train_acc=0.810 | val_loss=0.6436 val_acc=0.667
      ep06 train_loss=0.8486 train_acc=0.785 | val_loss=0.5453 val_acc=0.778
      ep07 train_loss=0.8124 train_acc=0.835 | val_loss=0.4482 val_acc=1.000
      ep08 train_loss=0.7988 train_acc=0.865 | val_loss=0.5129 val_acc=0.889
      ep09 train_loss=0.7437 train_acc=0.878 | val_loss=0.5782 val_acc=0.778
      ep10 train_loss=0.7432 train_acc=0.886 | val_loss=0.4506 val_acc=0.778
      ep11 train_loss=0.6722 train_acc=0.911 | val_loss=0.5353 val_acc=0.889
      ep12 train_loss=0.6631 train_acc=0.903 | val_loss=0.4042 val_acc=1.000
      ep13 train_loss=0.7740 train_acc=0.857 | val_loss=0.3463 val_acc=1.000
      ep14 train_loss=0.6200 train_acc=0.954 | val_loss=0.2927 val_acc=1.000
      ep15 train_loss=0.6485 train_acc=0.949 | val_loss=0.3737 val_acc=0.778
      ep16 train_loss=0.6174 train_acc=0.941 | val_loss=0.2506 val_acc=1.000
      ep17 train_loss=0.6361 train_acc=0.941 | val_loss=0.2988 val_acc=1.000
      ep18 train_loss=0.6070 train_acc=0.966 | val_loss=0.3248 val_acc=1.000
      ep19 train_loss=0.6149 train_acc=0.975 | val_loss=0.2781 val_acc=1.000
      ep20 train_loss=0.5828 train_acc=0.975 | val_loss=0.2119 val_acc=1.000
      ep21 train_loss=0.6062 train_acc=0.954 | val_loss=0.2813 val_acc=1.000
      ep22 train_loss=0.5957 train_acc=0.970 | val_loss=0.2632 val_acc=1.000
      ep23 train_loss=0.5855 train_acc=0.992 | val_loss=0.2541 val_acc=1.000
      ep24 train_loss=0.5984 train_acc=0.975 | val_loss=0.2617 val_acc=1.000
    fold acc=0.667 time=220.2s | running pooled acc=0.667

--- Fold 2/26 | test sub02 (13 test, 233 train) ---
      ep00 train_loss=1.6467 train_acc=0.369 | val_loss=1.2487 val_acc=0.385
      ep01 train_loss=1.1898 train_acc=0.588 | val_loss=1.6406 val_acc=0.462
      ep02 train_loss=1.0200 train_acc=0.678 | val_loss=1.5958 val_acc=0.385
      ep03 train_loss=0.9852 train_acc=0.678 | val_loss=1.7364 val_acc=0.385
      ep04 train_loss=0.9824 train_acc=0.725 | val_loss=1.3493 val_acc=0.462
      ep05 train_loss=0.8270 train_acc=0.803 | val_loss=1.6877 val_acc=0.385
      ep06 train_loss=0.8169 train_acc=0.850 | val_loss=1.6585 val_acc=0.462
      ep07 train_loss=0.8548 train_acc=0.828 | val_loss=1.2807 val_acc=0.538
      ep08 train_loss=0.8112 train_acc=0.833 | val_loss=1.4237 val_acc=0.462
      ep09 train_loss=0.8010 train_acc=0.850 | val_loss=1.4943 val_acc=0.462
      ep10 train_loss=0.7355 train_acc=0.910 | val_loss=1.1814 val_acc=0.538
      ep11 train_loss=0.7211 train_acc=0.893 | val_loss=1.0361 val_acc=0.538
      ep12 train_loss=0.7601 train_acc=0.876 | val_loss=1.3168 val_acc=0.538
      ep13 train_loss=0.6914 train_acc=0.923 | val_loss=1.4567 val_acc=0.462
      ep14 train_loss=0.6610 train_acc=0.948 | val_loss=1.4573 val_acc=0.385
      ep15 train_loss=0.6537 train_acc=0.944 | val_loss=1.5298 val_acc=0.385
      ep16 train_loss=0.6741 train_acc=0.948 | val_loss=1.3005 val_acc=0.615
      ep17 train_loss=0.6904 train_acc=0.961 | val_loss=1.1502 val_acc=0.615
      ep18 train_loss=0.6303 train_acc=0.970 | val_loss=1.2847 val_acc=0.615
      ep19 train_loss=0.6886 train_acc=0.961 | val_loss=1.2716 val_acc=0.538
      ep20 train_loss=0.6245 train_acc=0.970 | val_loss=1.2497 val_acc=0.462
      ep21 train_loss=0.6742 train_acc=0.953 | val_loss=1.2954 val_acc=0.462
      ep22 train_loss=0.6128 train_acc=0.966 | val_loss=1.2219 val_acc=0.615
      ep23 train_loss=0.6627 train_acc=0.948 | val_loss=1.2321 val_acc=0.615
      ep24 train_loss=0.6209 train_acc=0.983 | val_loss=1.4811 val_acc=0.462
    fold acc=0.154 time=222.2s | running pooled acc=0.364

--- Fold 3/26 | test sub03 (7 test, 239 train) ---
      ep00 train_loss=1.6572 train_acc=0.335 | val_loss=1.1483 val_acc=0.571
      ep01 train_loss=1.1735 train_acc=0.527 | val_loss=1.1179 val_acc=0.714
      ep02 train_loss=1.0281 train_acc=0.678 | val_loss=1.0565 val_acc=0.429
      ep03 train_loss=0.9590 train_acc=0.703 | val_loss=1.2450 val_acc=0.286
      ep04 train_loss=0.9091 train_acc=0.787 | val_loss=1.1419 val_acc=0.571
      ep05 train_loss=0.8303 train_acc=0.808 | val_loss=1.0814 val_acc=0.571
      ep06 train_loss=0.8746 train_acc=0.812 | val_loss=1.4877 val_acc=0.286
      ep07 train_loss=0.7828 train_acc=0.820 | val_loss=1.2984 val_acc=0.571
      ep08 train_loss=0.7909 train_acc=0.845 | val_loss=1.0693 val_acc=0.571
      ep09 train_loss=0.6695 train_acc=0.929 | val_loss=1.3045 val_acc=0.429
      ep10 train_loss=0.7399 train_acc=0.874 | val_loss=1.1116 val_acc=0.571
      ep11 train_loss=0.6645 train_acc=0.946 | val_loss=1.4001 val_acc=0.571
      ep12 train_loss=0.6633 train_acc=0.937 | val_loss=1.3587 val_acc=0.571
      ep13 train_loss=0.6317 train_acc=0.962 | val_loss=1.2562 val_acc=0.571
      ep14 train_loss=0.6080 train_acc=0.971 | val_loss=1.3839 val_acc=0.571
      ep15 train_loss=0.6297 train_acc=0.967 | val_loss=1.2382 val_acc=0.571
      ep16 train_loss=0.6168 train_acc=0.979 | val_loss=1.3308 val_acc=0.571
      ep17 train_loss=0.6479 train_acc=0.941 | val_loss=1.2432 val_acc=0.571
      ep18 train_loss=0.5781 train_acc=0.979 | val_loss=1.2773 val_acc=0.571
      ep19 train_loss=0.6472 train_acc=0.958 | val_loss=1.2060 val_acc=0.571
      ep20 train_loss=0.6076 train_acc=0.967 | val_loss=1.2216 val_acc=0.571
      ep21 train_loss=0.6144 train_acc=0.967 | val_loss=1.2593 val_acc=0.571
      ep22 train_loss=0.6323 train_acc=0.962 | val_loss=1.2311 val_acc=0.571
      ep23 train_loss=0.5777 train_acc=0.971 | val_loss=1.3503 val_acc=0.571
      ep24 train_loss=0.5856 train_acc=0.983 | val_loss=1.4040 val_acc=0.571
    fold acc=0.571 time=221.5s | running pooled acc=0.414

--- Fold 4/26 | test sub04 (5 test, 241 train) ---
      ep00 train_loss=1.6095 train_acc=0.369 | val_loss=0.8124 val_acc=0.800
      ep01 train_loss=1.2272 train_acc=0.552 | val_loss=0.2329 val_acc=1.000
      ep02 train_loss=1.0987 train_acc=0.651 | val_loss=0.5859 val_acc=0.800
      ep03 train_loss=1.0387 train_acc=0.705 | val_loss=0.9100 val_acc=0.600
      ep04 train_loss=0.9258 train_acc=0.751 | val_loss=0.4850 val_acc=0.800
      ep05 train_loss=0.9302 train_acc=0.763 | val_loss=0.7161 val_acc=0.800
      ep06 train_loss=0.8037 train_acc=0.809 | val_loss=0.8212 val_acc=0.600
      ep07 train_loss=0.8374 train_acc=0.822 | val_loss=0.2517 val_acc=1.000
      ep08 train_loss=0.7977 train_acc=0.813 | val_loss=0.4230 val_acc=1.000
      ep09 train_loss=0.7094 train_acc=0.880 | val_loss=0.3578 val_acc=1.000
      ep10 train_loss=0.7023 train_acc=0.913 | val_loss=0.3940 val_acc=0.800
      ep11 train_loss=0.7286 train_acc=0.888 | val_loss=0.0920 val_acc=1.000
      ep12 train_loss=0.6571 train_acc=0.929 | val_loss=0.2208 val_acc=1.000
      ep13 train_loss=0.6332 train_acc=0.959 | val_loss=0.1740 val_acc=1.000
      ep14 train_loss=0.6416 train_acc=0.950 | val_loss=0.2457 val_acc=1.000
      ep15 train_loss=0.6532 train_acc=0.959 | val_loss=0.2514 val_acc=1.000
      ep16 train_loss=0.6312 train_acc=0.946 | val_loss=0.2167 val_acc=1.000
      ep17 train_loss=0.6437 train_acc=0.946 | val_loss=0.1503 val_acc=1.000
      ep18 train_loss=0.6002 train_acc=0.979 | val_loss=0.1469 val_acc=1.000
      ep19 train_loss=0.6192 train_acc=0.967 | val_loss=0.1725 val_acc=1.000
      ep20 train_loss=0.6124 train_acc=0.971 | val_loss=0.2152 val_acc=1.000
      ep21 train_loss=0.6338 train_acc=0.946 | val_loss=0.2829 val_acc=1.000
      ep22 train_loss=0.6219 train_acc=0.967 | val_loss=0.2227 val_acc=1.000
      ep23 train_loss=0.6010 train_acc=0.967 | val_loss=0.1449 val_acc=1.000
      ep24 train_loss=0.6119 train_acc=0.975 | val_loss=0.2806 val_acc=1.000
    fold acc=0.600 time=224.0s | running pooled acc=0.441

--- Fold 5/26 | test sub05 (19 test, 227 train) ---
      ep00 train_loss=1.6482 train_acc=0.366 | val_loss=1.7462 val_acc=0.263
      ep01 train_loss=1.1529 train_acc=0.590 | val_loss=1.2977 val_acc=0.526
      ep02 train_loss=1.0459 train_acc=0.634 | val_loss=1.7443 val_acc=0.526
      ep03 train_loss=0.9902 train_acc=0.705 | val_loss=1.3101 val_acc=0.474
      ep04 train_loss=1.0112 train_acc=0.687 | val_loss=2.4069 val_acc=0.421
      ep05 train_loss=0.8607 train_acc=0.793 | val_loss=1.3037 val_acc=0.474
      ep06 train_loss=0.8167 train_acc=0.824 | val_loss=2.0979 val_acc=0.579
      ep07 train_loss=0.7944 train_acc=0.855 | val_loss=2.0334 val_acc=0.526
      ep08 train_loss=0.7904 train_acc=0.841 | val_loss=2.1544 val_acc=0.474
      ep09 train_loss=0.7158 train_acc=0.899 | val_loss=1.8202 val_acc=0.526
      ep10 train_loss=0.6727 train_acc=0.916 | val_loss=2.3399 val_acc=0.421
      ep11 train_loss=0.6797 train_acc=0.903 | val_loss=2.0025 val_acc=0.474
      ep12 train_loss=0.6812 train_acc=0.907 | val_loss=2.0717 val_acc=0.526
      ep13 train_loss=0.6343 train_acc=0.956 | val_loss=1.9923 val_acc=0.474
      ep14 train_loss=0.6477 train_acc=0.952 | val_loss=2.1239 val_acc=0.526
      ep15 train_loss=0.6778 train_acc=0.903 | val_loss=2.0234 val_acc=0.526
      ep16 train_loss=0.6098 train_acc=0.969 | val_loss=1.8536 val_acc=0.526
      ep17 train_loss=0.6408 train_acc=0.960 | val_loss=1.6991 val_acc=0.526
      ep18 train_loss=0.6000 train_acc=0.982 | val_loss=1.9210 val_acc=0.526
      ep19 train_loss=0.6342 train_acc=0.974 | val_loss=2.1590 val_acc=0.526
      ep20 train_loss=0.6041 train_acc=0.974 | val_loss=1.8940 val_acc=0.526
      ep21 train_loss=0.6328 train_acc=0.965 | val_loss=2.0392 val_acc=0.526
      ep22 train_loss=0.6516 train_acc=0.952 | val_loss=2.0565 val_acc=0.474
      ep23 train_loss=0.5982 train_acc=0.974 | val_loss=1.9723 val_acc=0.526
      ep24 train_loss=0.6091 train_acc=0.965 | val_loss=2.0472 val_acc=0.526
    fold acc=0.316 time=222.9s | running pooled acc=0.396

--- Fold 6/26 | test sub06 (5 test, 241 train) ---
      ep00 train_loss=1.6722 train_acc=0.349 | val_loss=1.8579 val_acc=0.200
      ep01 train_loss=1.2694 train_acc=0.535 | val_loss=0.8761 val_acc=0.800
      ep02 train_loss=1.0800 train_acc=0.668 | val_loss=0.8962 val_acc=0.600
      ep03 train_loss=1.0265 train_acc=0.676 | val_loss=0.8615 val_acc=0.600
      ep04 train_loss=0.9570 train_acc=0.710 | val_loss=0.7231 val_acc=0.800
      ep05 train_loss=0.8966 train_acc=0.793 | val_loss=0.6116 val_acc=0.800
      ep06 train_loss=0.7951 train_acc=0.859 | val_loss=0.7549 val_acc=0.800
      ep07 train_loss=0.7941 train_acc=0.855 | val_loss=0.5502 val_acc=0.800
      ep08 train_loss=0.8217 train_acc=0.822 | val_loss=0.5336 val_acc=0.800
      ep09 train_loss=0.7167 train_acc=0.913 | val_loss=0.8709 val_acc=0.800
      ep10 train_loss=0.7095 train_acc=0.892 | val_loss=1.0328 val_acc=0.600
      ep11 train_loss=0.6800 train_acc=0.929 | val_loss=0.9341 val_acc=0.600
      ep12 train_loss=0.6743 train_acc=0.934 | val_loss=0.9246 val_acc=0.600
      ep13 train_loss=0.6482 train_acc=0.950 | val_loss=0.7792 val_acc=0.600
      ep14 train_loss=0.6304 train_acc=0.979 | val_loss=0.9410 val_acc=0.600
      ep15 train_loss=0.6409 train_acc=0.967 | val_loss=0.8963 val_acc=0.600
      ep16 train_loss=0.6478 train_acc=0.954 | val_loss=1.1735 val_acc=0.600
      ep17 train_loss=0.6428 train_acc=0.963 | val_loss=1.1676 val_acc=0.600
      ep18 train_loss=0.6253 train_acc=0.983 | val_loss=0.8013 val_acc=0.600
      ep19 train_loss=0.6173 train_acc=0.971 | val_loss=0.8832 val_acc=0.600
      ep20 train_loss=0.6321 train_acc=0.967 | val_loss=1.1327 val_acc=0.600
      ep21 train_loss=0.6529 train_acc=0.954 | val_loss=0.8746 val_acc=0.600
      ep22 train_loss=0.6370 train_acc=0.967 | val_loss=0.9572 val_acc=0.600
      ep23 train_loss=0.6103 train_acc=0.971 | val_loss=0.9082 val_acc=0.600
      ep24 train_loss=0.6187 train_acc=0.979 | val_loss=0.8778 val_acc=0.600
    fold acc=0.400 time=218.8s | running pooled acc=0.397

--- Fold 7/26 | test sub07 (9 test, 237 train) ---
      ep00 train_loss=1.5817 train_acc=0.346 | val_loss=1.3677 val_acc=0.222
      ep01 train_loss=1.1814 train_acc=0.549 | val_loss=1.3058 val_acc=0.667
      ep02 train_loss=1.0187 train_acc=0.650 | val_loss=1.1026 val_acc=0.556
      ep03 train_loss=0.9450 train_acc=0.705 | val_loss=1.1771 val_acc=0.333
      ep04 train_loss=0.9273 train_acc=0.743 | val_loss=1.1308 val_acc=0.556
      ep05 train_loss=0.8436 train_acc=0.810 | val_loss=1.4526 val_acc=0.444
      ep06 train_loss=0.8312 train_acc=0.814 | val_loss=1.3752 val_acc=0.556
      ep07 train_loss=0.8038 train_acc=0.840 | val_loss=1.6199 val_acc=0.556
      ep08 train_loss=0.8108 train_acc=0.844 | val_loss=1.6196 val_acc=0.444
      ep09 train_loss=0.7677 train_acc=0.865 | val_loss=1.1606 val_acc=0.444
      ep10 train_loss=0.6812 train_acc=0.903 | val_loss=1.4549 val_acc=0.556
      ep11 train_loss=0.6622 train_acc=0.937 | val_loss=1.2189 val_acc=0.556
      ep12 train_loss=0.6442 train_acc=0.937 | val_loss=1.3790 val_acc=0.444
      ep13 train_loss=0.6496 train_acc=0.958 | val_loss=1.3350 val_acc=0.667
      ep14 train_loss=0.6156 train_acc=0.954 | val_loss=1.4671 val_acc=0.556
      ep15 train_loss=0.6316 train_acc=0.962 | val_loss=1.4070 val_acc=0.556
      ep16 train_loss=0.6280 train_acc=0.962 | val_loss=1.2994 val_acc=0.556
      ep17 train_loss=0.6281 train_acc=0.970 | val_loss=1.3091 val_acc=0.556
      ep18 train_loss=0.6205 train_acc=0.962 | val_loss=1.3573 val_acc=0.667
      ep19 train_loss=0.6017 train_acc=0.975 | val_loss=1.3573 val_acc=0.556
      ep20 train_loss=0.5747 train_acc=0.975 | val_loss=1.3023 val_acc=0.556
      ep21 train_loss=0.6024 train_acc=0.970 | val_loss=1.3769 val_acc=0.667
      ep22 train_loss=0.5728 train_acc=0.987 | val_loss=1.2806 val_acc=0.778
      ep23 train_loss=0.5810 train_acc=0.979 | val_loss=1.2465 val_acc=0.778
      ep24 train_loss=0.6098 train_acc=0.962 | val_loss=1.3418 val_acc=0.667
    fold acc=0.556 time=217.3s | running pooled acc=0.418

--- Fold 8/26 | test sub08 (3 test, 243 train) ---
      ep00 train_loss=1.6009 train_acc=0.374 | val_loss=1.2602 val_acc=0.333
      ep01 train_loss=1.1625 train_acc=0.510 | val_loss=1.7159 val_acc=0.333
      ep02 train_loss=1.0282 train_acc=0.695 | val_loss=1.8254 val_acc=0.333
      ep03 train_loss=1.0675 train_acc=0.679 | val_loss=0.9724 val_acc=0.667
      ep04 train_loss=0.9297 train_acc=0.695 | val_loss=1.0736 val_acc=0.667
      ep05 train_loss=0.9120 train_acc=0.782 | val_loss=1.0826 val_acc=0.667
      ep06 train_loss=0.7912 train_acc=0.844 | val_loss=0.5027 val_acc=0.667
      ep07 train_loss=0.8379 train_acc=0.811 | val_loss=0.9096 val_acc=0.667
      ep08 train_loss=0.7611 train_acc=0.872 | val_loss=1.5550 val_acc=0.333
      ep09 train_loss=0.7638 train_acc=0.868 | val_loss=1.9865 val_acc=0.667
      ep10 train_loss=0.6661 train_acc=0.930 | val_loss=0.7987 val_acc=0.667
      ep11 train_loss=0.7520 train_acc=0.893 | val_loss=1.3540 val_acc=0.333
      ep12 train_loss=0.6782 train_acc=0.922 | val_loss=0.4537 val_acc=1.000
      ep13 train_loss=0.6615 train_acc=0.942 | val_loss=0.3310 val_acc=1.000
      ep14 train_loss=0.6375 train_acc=0.955 | val_loss=0.3879 val_acc=1.000
      ep15 train_loss=0.6380 train_acc=0.938 | val_loss=0.9563 val_acc=0.667
      ep16 train_loss=0.6280 train_acc=0.963 | val_loss=0.5928 val_acc=0.667
      ep17 train_loss=0.6151 train_acc=0.967 | val_loss=0.8429 val_acc=0.667
      ep18 train_loss=0.6196 train_acc=0.984 | val_loss=0.6169 val_acc=0.667
      ep19 train_loss=0.6030 train_acc=0.967 | val_loss=0.7869 val_acc=0.667
      ep20 train_loss=0.5914 train_acc=0.979 | val_loss=0.8087 val_acc=0.667
      ep21 train_loss=0.5972 train_acc=0.979 | val_loss=0.5503 val_acc=1.000
      ep22 train_loss=0.5996 train_acc=0.963 | val_loss=0.8437 val_acc=0.667
      ep23 train_loss=0.6267 train_acc=0.951 | val_loss=0.6713 val_acc=0.667
      ep24 train_loss=0.6121 train_acc=0.975 | val_loss=1.0634 val_acc=0.667
    fold acc=0.667 time=219.8s | running pooled acc=0.429

--- Fold 9/26 | test sub09 (13 test, 233 train) ---
      ep00 train_loss=1.6971 train_acc=0.348 | val_loss=1.1819 val_acc=0.615
      ep01 train_loss=1.2460 train_acc=0.545 | val_loss=0.6799 val_acc=0.769
      ep02 train_loss=1.1000 train_acc=0.622 | val_loss=0.8535 val_acc=0.846
      ep03 train_loss=0.9786 train_acc=0.738 | val_loss=0.6235 val_acc=0.846
      ep04 train_loss=1.0361 train_acc=0.734 | val_loss=0.8012 val_acc=0.769
      ep05 train_loss=0.8904 train_acc=0.751 | val_loss=1.0210 val_acc=0.692
      ep06 train_loss=0.9004 train_acc=0.803 | val_loss=0.5350 val_acc=0.846
      ep07 train_loss=0.8323 train_acc=0.824 | val_loss=0.8326 val_acc=0.769
      ep08 train_loss=0.7901 train_acc=0.845 | val_loss=0.6804 val_acc=0.769
      ep09 train_loss=0.8429 train_acc=0.863 | val_loss=0.9136 val_acc=0.769
      ep10 train_loss=0.7457 train_acc=0.884 | val_loss=0.9617 val_acc=0.692
      ep11 train_loss=0.6974 train_acc=0.914 | val_loss=1.1272 val_acc=0.615
      ep12 train_loss=0.7240 train_acc=0.888 | val_loss=1.3602 val_acc=0.615
      ep13 train_loss=0.6941 train_acc=0.927 | val_loss=0.9686 val_acc=0.692
      ep14 train_loss=0.6932 train_acc=0.918 | val_loss=0.7873 val_acc=0.692
      ep15 train_loss=0.6513 train_acc=0.940 | val_loss=0.8361 val_acc=0.692
      ep16 train_loss=0.6786 train_acc=0.927 | val_loss=0.9260 val_acc=0.615
      ep17 train_loss=0.6470 train_acc=0.957 | val_loss=0.8122 val_acc=0.692
      ep18 train_loss=0.6610 train_acc=0.961 | val_loss=0.9102 val_acc=0.692
      ep19 train_loss=0.6370 train_acc=0.961 | val_loss=0.9608 val_acc=0.692
      ep20 train_loss=0.6571 train_acc=0.966 | val_loss=0.8071 val_acc=0.692
      ep21 train_loss=0.6504 train_acc=0.966 | val_loss=0.8572 val_acc=0.692
      ep22 train_loss=0.6161 train_acc=0.983 | val_loss=0.8626 val_acc=0.692
      ep23 train_loss=0.6599 train_acc=0.957 | val_loss=0.6906 val_acc=0.769
      ep24 train_loss=0.6208 train_acc=0.974 | val_loss=0.7749 val_acc=0.692
    fold acc=0.231 time=216.6s | running pooled acc=0.398

--- Fold 10/26 | test sub10 (13 test, 233 train) ---
      ep00 train_loss=1.6505 train_acc=0.352 | val_loss=1.2936 val_acc=0.077
      ep01 train_loss=1.1896 train_acc=0.554 | val_loss=1.0883 val_acc=0.769
      ep02 train_loss=1.0579 train_acc=0.618 | val_loss=1.4831 val_acc=0.231
      ep03 train_loss=0.9472 train_acc=0.721 | val_loss=0.6667 val_acc=0.846
      ep04 train_loss=0.9728 train_acc=0.738 | val_loss=0.8828 val_acc=0.462
      ep05 train_loss=0.8972 train_acc=0.790 | val_loss=0.7190 val_acc=0.769
      ep06 train_loss=0.8871 train_acc=0.798 | val_loss=0.6736 val_acc=0.846
      ep07 train_loss=0.7729 train_acc=0.828 | val_loss=0.4826 val_acc=0.846
      ep08 train_loss=0.7516 train_acc=0.850 | val_loss=0.5772 val_acc=0.769
      ep09 train_loss=0.7603 train_acc=0.876 | val_loss=0.4877 val_acc=0.846
      ep10 train_loss=0.7200 train_acc=0.897 | val_loss=0.5053 val_acc=0.846
      ep11 train_loss=0.6271 train_acc=0.940 | val_loss=0.5068 val_acc=0.846
      ep12 train_loss=0.6568 train_acc=0.936 | val_loss=0.7050 val_acc=0.692
      ep13 train_loss=0.6733 train_acc=0.914 | val_loss=0.3783 val_acc=0.923
      ep14 train_loss=0.6060 train_acc=0.961 | val_loss=0.6962 val_acc=0.846
      ep15 train_loss=0.6069 train_acc=0.961 | val_loss=0.5818 val_acc=0.846
      ep16 train_loss=0.6081 train_acc=0.936 | val_loss=0.7374 val_acc=0.846
      ep17 train_loss=0.5973 train_acc=0.970 | val_loss=0.6280 val_acc=0.846
      ep18 train_loss=0.5946 train_acc=0.970 | val_loss=0.6716 val_acc=0.846
      ep19 train_loss=0.6113 train_acc=0.957 | val_loss=0.5386 val_acc=0.923
      ep20 train_loss=0.5900 train_acc=0.970 | val_loss=0.5298 val_acc=0.923
      ep21 train_loss=0.5915 train_acc=0.966 | val_loss=0.6329 val_acc=0.846
      ep22 train_loss=0.5746 train_acc=0.991 | val_loss=0.4843 val_acc=0.846
      ep23 train_loss=0.6110 train_acc=0.957 | val_loss=0.4008 val_acc=0.923
      ep24 train_loss=0.5890 train_acc=0.979 | val_loss=0.4999 val_acc=0.923
    fold acc=1.000 time=217.0s | running pooled acc=0.479

--- Fold 11/26 | test sub11 (10 test, 236 train) ---
      ep00 train_loss=1.6674 train_acc=0.352 | val_loss=0.9746 val_acc=0.700
      ep01 train_loss=1.2474 train_acc=0.508 | val_loss=0.9336 val_acc=0.600
      ep02 train_loss=1.0683 train_acc=0.644 | val_loss=0.8187 val_acc=0.800
      ep03 train_loss=0.9485 train_acc=0.720 | val_loss=0.5772 val_acc=0.900
      ep04 train_loss=0.8816 train_acc=0.754 | val_loss=0.7038 val_acc=0.700
      ep05 train_loss=0.8278 train_acc=0.826 | val_loss=0.5026 val_acc=0.800
      ep06 train_loss=0.8398 train_acc=0.805 | val_loss=0.6977 val_acc=0.700
      ep07 train_loss=0.8230 train_acc=0.843 | val_loss=0.3377 val_acc=0.900
      ep08 train_loss=0.7233 train_acc=0.877 | val_loss=0.3449 val_acc=0.800
      ep09 train_loss=0.7038 train_acc=0.911 | val_loss=0.2905 val_acc=1.000
      ep10 train_loss=0.6970 train_acc=0.903 | val_loss=0.3062 val_acc=1.000
      ep11 train_loss=0.7138 train_acc=0.869 | val_loss=0.3759 val_acc=0.900
      ep12 train_loss=0.6319 train_acc=0.945 | val_loss=0.3694 val_acc=0.900
      ep13 train_loss=0.6715 train_acc=0.936 | val_loss=0.5619 val_acc=0.800
      ep14 train_loss=0.6533 train_acc=0.958 | val_loss=0.4672 val_acc=0.900
      ep15 train_loss=0.6116 train_acc=0.966 | val_loss=0.3786 val_acc=0.900
      ep16 train_loss=0.6364 train_acc=0.932 | val_loss=0.4399 val_acc=0.900
      ep17 train_loss=0.6385 train_acc=0.949 | val_loss=0.4177 val_acc=0.900
      ep18 train_loss=0.6174 train_acc=0.953 | val_loss=0.3625 val_acc=0.900
      ep19 train_loss=0.6188 train_acc=0.966 | val_loss=0.3724 val_acc=0.900
      ep20 train_loss=0.6093 train_acc=0.983 | val_loss=0.3767 val_acc=0.900
      ep21 train_loss=0.5737 train_acc=0.987 | val_loss=0.3313 val_acc=0.900
      ep22 train_loss=0.5925 train_acc=0.966 | val_loss=0.3412 val_acc=0.900
      ep23 train_loss=0.6010 train_acc=0.975 | val_loss=0.3342 val_acc=0.900
      ep24 train_loss=0.5885 train_acc=0.987 | val_loss=0.3305 val_acc=0.900
    fold acc=0.600 time=217.1s | running pooled acc=0.491

--- Fold 12/26 | test sub12 (12 test, 234 train) ---
      ep00 train_loss=1.6649 train_acc=0.355 | val_loss=1.0292 val_acc=0.833
      ep01 train_loss=1.2406 train_acc=0.513 | val_loss=0.7934 val_acc=0.750
      ep02 train_loss=1.0592 train_acc=0.632 | val_loss=0.6520 val_acc=0.833
      ep03 train_loss=1.0372 train_acc=0.688 | val_loss=0.5963 val_acc=0.833
      ep04 train_loss=0.9610 train_acc=0.684 | val_loss=0.9476 val_acc=0.667
      ep05 train_loss=0.9013 train_acc=0.748 | val_loss=0.4050 val_acc=0.833
      ep06 train_loss=0.8820 train_acc=0.765 | val_loss=0.7271 val_acc=0.667
      ep07 train_loss=0.8417 train_acc=0.791 | val_loss=0.4446 val_acc=0.833
      ep08 train_loss=0.8673 train_acc=0.799 | val_loss=0.3813 val_acc=0.917
      ep09 train_loss=0.7069 train_acc=0.906 | val_loss=0.2563 val_acc=0.917
      ep10 train_loss=0.7404 train_acc=0.910 | val_loss=0.2192 val_acc=0.917
      ep11 train_loss=0.7328 train_acc=0.859 | val_loss=0.4818 val_acc=0.833
      ep12 train_loss=0.6893 train_acc=0.915 | val_loss=0.4575 val_acc=0.833
      ep13 train_loss=0.6718 train_acc=0.949 | val_loss=0.3598 val_acc=0.917
      ep14 train_loss=0.6267 train_acc=0.979 | val_loss=0.5317 val_acc=0.833
      ep15 train_loss=0.6554 train_acc=0.953 | val_loss=0.3205 val_acc=0.917
      ep16 train_loss=0.6505 train_acc=0.970 | val_loss=0.4414 val_acc=0.833
      ep17 train_loss=0.6407 train_acc=0.966 | val_loss=0.5419 val_acc=0.833
      ep18 train_loss=0.6317 train_acc=0.974 | val_loss=0.6377 val_acc=0.750
      ep19 train_loss=0.6203 train_acc=0.957 | val_loss=0.5619 val_acc=0.833
      ep20 train_loss=0.6252 train_acc=0.962 | val_loss=0.4861 val_acc=0.833
      ep21 train_loss=0.6218 train_acc=0.970 | val_loss=0.5072 val_acc=0.833
      ep22 train_loss=0.6329 train_acc=0.953 | val_loss=0.5341 val_acc=0.833
      ep23 train_loss=0.6468 train_acc=0.966 | val_loss=0.4739 val_acc=0.833
      ep24 train_loss=0.6395 train_acc=0.949 | val_loss=0.4576 val_acc=0.833
    fold acc=0.333 time=219.3s | running pooled acc=0.475

--- Fold 13/26 | test sub13 (8 test, 238 train) ---
      ep00 train_loss=1.6845 train_acc=0.345 | val_loss=1.3622 val_acc=0.250
      ep01 train_loss=1.2045 train_acc=0.601 | val_loss=1.8719 val_acc=0.125
      ep02 train_loss=1.0598 train_acc=0.630 | val_loss=1.3040 val_acc=0.625
      ep03 train_loss=1.0053 train_acc=0.714 | val_loss=1.3322 val_acc=0.500
      ep04 train_loss=0.9419 train_acc=0.714 | val_loss=0.9790 val_acc=0.500
      ep05 train_loss=0.8817 train_acc=0.782 | val_loss=0.6966 val_acc=0.750
      ep06 train_loss=0.8111 train_acc=0.824 | val_loss=0.7766 val_acc=0.750
      ep07 train_loss=0.7869 train_acc=0.845 | val_loss=0.6452 val_acc=0.875
      ep08 train_loss=0.8053 train_acc=0.845 | val_loss=1.1346 val_acc=0.625
      ep09 train_loss=0.7241 train_acc=0.882 | val_loss=0.8524 val_acc=0.750
      ep10 train_loss=0.6694 train_acc=0.916 | val_loss=0.7576 val_acc=0.875
      ep11 train_loss=0.6904 train_acc=0.929 | val_loss=0.7703 val_acc=0.625
      ep12 train_loss=0.6863 train_acc=0.916 | val_loss=0.8892 val_acc=0.875
      ep13 train_loss=0.6844 train_acc=0.945 | val_loss=0.4787 val_acc=0.875
      ep14 train_loss=0.6652 train_acc=0.929 | val_loss=0.4899 val_acc=0.875
      ep15 train_loss=0.5973 train_acc=0.966 | val_loss=0.4806 val_acc=0.875
      ep16 train_loss=0.6219 train_acc=0.941 | val_loss=0.4788 val_acc=0.875
      ep17 train_loss=0.6170 train_acc=0.962 | val_loss=0.5078 val_acc=0.875
      ep18 train_loss=0.5951 train_acc=0.962 | val_loss=0.4669 val_acc=0.875
      ep19 train_loss=0.5911 train_acc=0.979 | val_loss=0.4229 val_acc=0.875
      ep20 train_loss=0.6178 train_acc=0.954 | val_loss=0.4303 val_acc=0.875
      ep21 train_loss=0.5919 train_acc=0.987 | val_loss=0.5017 val_acc=0.875
      ep22 train_loss=0.6006 train_acc=0.966 | val_loss=0.5062 val_acc=0.875
      ep23 train_loss=0.5901 train_acc=0.992 | val_loss=0.4470 val_acc=0.875
      ep24 train_loss=0.5903 train_acc=0.979 | val_loss=0.4988 val_acc=0.875
    fold acc=0.625 time=218.1s | running pooled acc=0.484

--- Fold 14/26 | test sub14 (4 test, 242 train) ---
      ep00 train_loss=1.7216 train_acc=0.360 | val_loss=1.7002 val_acc=0.250
      ep01 train_loss=1.2548 train_acc=0.566 | val_loss=1.9874 val_acc=0.250
      ep02 train_loss=1.0827 train_acc=0.624 | val_loss=1.0297 val_acc=0.500
      ep03 train_loss=1.0261 train_acc=0.698 | val_loss=1.6213 val_acc=0.000
      ep04 train_loss=0.9563 train_acc=0.748 | val_loss=0.8525 val_acc=1.000
      ep05 train_loss=0.8447 train_acc=0.756 | val_loss=0.9273 val_acc=0.500
      ep06 train_loss=0.7877 train_acc=0.818 | val_loss=1.5725 val_acc=0.000
      ep07 train_loss=0.8264 train_acc=0.835 | val_loss=1.3988 val_acc=0.500
      ep08 train_loss=0.7541 train_acc=0.876 | val_loss=1.0930 val_acc=0.250
      ep09 train_loss=0.7322 train_acc=0.888 | val_loss=0.8254 val_acc=0.500
      ep10 train_loss=0.7180 train_acc=0.909 | val_loss=1.0614 val_acc=0.500
      ep11 train_loss=0.6792 train_acc=0.946 | val_loss=0.7355 val_acc=1.000
      ep12 train_loss=0.7219 train_acc=0.905 | val_loss=0.8687 val_acc=0.500
      ep13 train_loss=0.7398 train_acc=0.905 | val_loss=1.4156 val_acc=0.500
      ep14 train_loss=0.6698 train_acc=0.930 | val_loss=1.1434 val_acc=0.750
      ep15 train_loss=0.6973 train_acc=0.901 | val_loss=1.3681 val_acc=0.750
      ep16 train_loss=0.6631 train_acc=0.942 | val_loss=1.3120 val_acc=0.500
      ep17 train_loss=0.6909 train_acc=0.921 | val_loss=1.1197 val_acc=0.500
      ep18 train_loss=0.6425 train_acc=0.959 | val_loss=1.1605 val_acc=0.500
      ep19 train_loss=0.6103 train_acc=0.955 | val_loss=1.1241 val_acc=0.500
      ep20 train_loss=0.6277 train_acc=0.950 | val_loss=0.8835 val_acc=0.500
      ep21 train_loss=0.6458 train_acc=0.934 | val_loss=0.8515 val_acc=0.750
      ep22 train_loss=0.6164 train_acc=0.983 | val_loss=0.9023 val_acc=0.500
      ep23 train_loss=0.6246 train_acc=0.967 | val_loss=0.8679 val_acc=0.500
      ep24 train_loss=0.6197 train_acc=0.979 | val_loss=0.8647 val_acc=0.750
    fold acc=0.750 time=217.8s | running pooled acc=0.492

--- Fold 15/26 | test sub15 (3 test, 243 train) ---
      ep00 train_loss=1.5953 train_acc=0.362 | val_loss=1.2823 val_acc=0.333
      ep01 train_loss=1.1471 train_acc=0.556 | val_loss=1.1568 val_acc=0.333
      ep02 train_loss=1.0332 train_acc=0.646 | val_loss=0.3791 val_acc=1.000
      ep03 train_loss=0.9547 train_acc=0.733 | val_loss=0.5496 val_acc=1.000
      ep04 train_loss=0.9219 train_acc=0.716 | val_loss=0.7216 val_acc=0.667
      ep05 train_loss=0.9075 train_acc=0.765 | val_loss=0.7213 val_acc=0.667
      ep06 train_loss=0.7919 train_acc=0.840 | val_loss=0.2890 val_acc=1.000
      ep07 train_loss=0.8990 train_acc=0.794 | val_loss=0.3353 val_acc=1.000
      ep08 train_loss=0.8104 train_acc=0.835 | val_loss=0.3645 val_acc=1.000
      ep09 train_loss=0.7631 train_acc=0.885 | val_loss=0.5994 val_acc=1.000
      ep10 train_loss=0.6836 train_acc=0.909 | val_loss=0.3702 val_acc=1.000
      ep11 train_loss=0.7353 train_acc=0.909 | val_loss=0.4441 val_acc=1.000
      ep12 train_loss=0.7035 train_acc=0.909 | val_loss=0.4103 val_acc=0.667
      ep13 train_loss=0.6769 train_acc=0.938 | val_loss=0.4040 val_acc=1.000
      ep14 train_loss=0.6550 train_acc=0.942 | val_loss=0.3674 val_acc=1.000
      ep15 train_loss=0.6769 train_acc=0.942 | val_loss=0.4638 val_acc=1.000
      ep16 train_loss=0.6319 train_acc=0.942 | val_loss=0.3496 val_acc=1.000
      ep17 train_loss=0.6202 train_acc=0.963 | val_loss=0.3029 val_acc=1.000
      ep18 train_loss=0.6295 train_acc=0.984 | val_loss=0.2815 val_acc=1.000
      ep19 train_loss=0.6175 train_acc=0.959 | val_loss=0.4064 val_acc=1.000
      ep20 train_loss=0.6360 train_acc=0.963 | val_loss=0.4111 val_acc=1.000
      ep21 train_loss=0.6004 train_acc=0.975 | val_loss=0.5168 val_acc=0.667
      ep22 train_loss=0.6460 train_acc=0.938 | val_loss=0.5180 val_acc=1.000
      ep23 train_loss=0.6109 train_acc=0.984 | val_loss=0.5669 val_acc=1.000
      ep24 train_loss=0.6263 train_acc=0.963 | val_loss=0.4058 val_acc=1.000
    fold acc=0.333 time=218.4s | running pooled acc=0.489

--- Fold 16/26 | test sub16 (4 test, 242 train) ---
      ep00 train_loss=1.6956 train_acc=0.343 | val_loss=1.6277 val_acc=0.000
      ep01 train_loss=1.2306 train_acc=0.525 | val_loss=1.4329 val_acc=0.250
      ep02 train_loss=1.0593 train_acc=0.657 | val_loss=1.0040 val_acc=0.750
      ep03 train_loss=0.9925 train_acc=0.682 | val_loss=1.2753 val_acc=0.750
      ep04 train_loss=0.9245 train_acc=0.760 | val_loss=1.4761 val_acc=0.500
      ep05 train_loss=0.8793 train_acc=0.773 | val_loss=2.0850 val_acc=0.000
      ep06 train_loss=0.8128 train_acc=0.818 | val_loss=1.3625 val_acc=0.500
      ep07 train_loss=0.7847 train_acc=0.839 | val_loss=1.0341 val_acc=0.500
      ep08 train_loss=0.7643 train_acc=0.864 | val_loss=1.5952 val_acc=0.250
      ep09 train_loss=0.7257 train_acc=0.909 | val_loss=1.1041 val_acc=0.750
      ep10 train_loss=0.7343 train_acc=0.847 | val_loss=1.1517 val_acc=0.750
      ep11 train_loss=0.6758 train_acc=0.942 | val_loss=1.4644 val_acc=0.500
      ep12 train_loss=0.7241 train_acc=0.897 | val_loss=1.1162 val_acc=0.500
      ep13 train_loss=0.7172 train_acc=0.909 | val_loss=1.4500 val_acc=0.500
      ep14 train_loss=0.6355 train_acc=0.930 | val_loss=1.2126 val_acc=0.750
      ep15 train_loss=0.6761 train_acc=0.917 | val_loss=1.2261 val_acc=0.500
      ep16 train_loss=0.6503 train_acc=0.959 | val_loss=1.2627 val_acc=0.500
      ep17 train_loss=0.7006 train_acc=0.901 | val_loss=1.0288 val_acc=0.750
      ep18 train_loss=0.6423 train_acc=0.950 | val_loss=1.2877 val_acc=0.500
      ep19 train_loss=0.5962 train_acc=0.963 | val_loss=1.1016 val_acc=0.500
      ep20 train_loss=0.6285 train_acc=0.963 | val_loss=0.8919 val_acc=0.750
      ep21 train_loss=0.6321 train_acc=0.959 | val_loss=0.9721 val_acc=0.500
      ep22 train_loss=0.6176 train_acc=0.975 | val_loss=1.0394 val_acc=0.500
      ep23 train_loss=0.6299 train_acc=0.967 | val_loss=0.9988 val_acc=0.750
      ep24 train_loss=0.6219 train_acc=0.971 | val_loss=1.0976 val_acc=0.500
    fold acc=0.500 time=217.8s | running pooled acc=0.489

--- Fold 17/26 | test sub17 (34 test, 212 train) ---
      ep00 train_loss=1.7031 train_acc=0.302 | val_loss=1.3130 val_acc=0.441
      ep01 train_loss=1.2921 train_acc=0.533 | val_loss=1.0079 val_acc=0.618
      ep02 train_loss=1.0943 train_acc=0.566 | val_loss=0.8227 val_acc=0.647
      ep03 train_loss=1.1094 train_acc=0.613 | val_loss=1.0214 val_acc=0.588
      ep04 train_loss=0.9682 train_acc=0.778 | val_loss=0.8026 val_acc=0.735
      ep05 train_loss=0.9128 train_acc=0.759 | val_loss=0.7710 val_acc=0.706
      ep06 train_loss=0.8345 train_acc=0.802 | val_loss=0.9217 val_acc=0.676
      ep07 train_loss=0.7889 train_acc=0.849 | val_loss=0.9972 val_acc=0.676
      ep08 train_loss=0.8145 train_acc=0.863 | val_loss=0.7843 val_acc=0.735
      ep09 train_loss=0.7606 train_acc=0.910 | val_loss=0.8792 val_acc=0.765
      ep10 train_loss=0.8276 train_acc=0.854 | val_loss=0.8845 val_acc=0.676
      ep11 train_loss=0.6973 train_acc=0.910 | val_loss=0.8622 val_acc=0.794
      ep12 train_loss=0.7297 train_acc=0.910 | val_loss=0.8484 val_acc=0.735
      ep13 train_loss=0.7400 train_acc=0.910 | val_loss=1.0865 val_acc=0.559
      ep14 train_loss=0.7312 train_acc=0.906 | val_loss=0.8724 val_acc=0.706
      ep15 train_loss=0.7410 train_acc=0.920 | val_loss=0.7900 val_acc=0.765
      ep16 train_loss=0.6825 train_acc=0.953 | val_loss=0.8444 val_acc=0.735
      ep17 train_loss=0.6370 train_acc=0.976 | val_loss=0.8927 val_acc=0.706
      ep18 train_loss=0.6730 train_acc=0.972 | val_loss=0.7812 val_acc=0.794
      ep19 train_loss=0.6285 train_acc=0.967 | val_loss=0.8575 val_acc=0.735
      ep20 train_loss=0.6473 train_acc=0.962 | val_loss=0.8622 val_acc=0.735
      ep21 train_loss=0.6558 train_acc=0.962 | val_loss=0.8732 val_acc=0.706
      ep22 train_loss=0.6143 train_acc=0.967 | val_loss=0.8855 val_acc=0.676
      ep23 train_loss=0.6572 train_acc=0.976 | val_loss=0.8796 val_acc=0.706
      ep24 train_loss=0.6324 train_acc=0.976 | val_loss=0.9902 val_acc=0.676
    fold acc=0.118 time=214.4s | running pooled acc=0.415

--- Fold 18/26 | test sub18 (3 test, 243 train) ---
      ep00 train_loss=1.6322 train_acc=0.342 | val_loss=1.1834 val_acc=0.667
      ep01 train_loss=1.1605 train_acc=0.601 | val_loss=0.7933 val_acc=1.000
      ep02 train_loss=1.0282 train_acc=0.679 | val_loss=0.8344 val_acc=0.667
      ep03 train_loss=0.9812 train_acc=0.695 | val_loss=0.5667 val_acc=1.000
      ep04 train_loss=0.9537 train_acc=0.716 | val_loss=1.0253 val_acc=0.667
      ep05 train_loss=0.9413 train_acc=0.749 | val_loss=0.4488 val_acc=1.000
      ep06 train_loss=0.8183 train_acc=0.811 | val_loss=0.5438 val_acc=0.667
      ep07 train_loss=0.8584 train_acc=0.815 | val_loss=0.2174 val_acc=1.000
      ep08 train_loss=0.7732 train_acc=0.868 | val_loss=0.2424 val_acc=1.000
      ep09 train_loss=0.7278 train_acc=0.889 | val_loss=1.1546 val_acc=0.667
      ep10 train_loss=0.7114 train_acc=0.893 | val_loss=0.5143 val_acc=0.667
      ep11 train_loss=0.7256 train_acc=0.909 | val_loss=0.6416 val_acc=0.667
      ep12 train_loss=0.6746 train_acc=0.926 | val_loss=0.1983 val_acc=1.000
      ep13 train_loss=0.6619 train_acc=0.934 | val_loss=0.2800 val_acc=1.000
      ep14 train_loss=0.6293 train_acc=0.963 | val_loss=0.1348 val_acc=1.000
      ep15 train_loss=0.6165 train_acc=0.971 | val_loss=0.1740 val_acc=1.000
      ep16 train_loss=0.6290 train_acc=0.955 | val_loss=0.1275 val_acc=1.000
      ep17 train_loss=0.6040 train_acc=0.975 | val_loss=0.2423 val_acc=1.000
      ep18 train_loss=0.6163 train_acc=0.975 | val_loss=0.2269 val_acc=1.000
      ep19 train_loss=0.6179 train_acc=0.967 | val_loss=0.2912 val_acc=1.000
      ep20 train_loss=0.6267 train_acc=0.955 | val_loss=0.3325 val_acc=1.000
      ep21 train_loss=0.5945 train_acc=0.971 | val_loss=0.2560 val_acc=1.000
      ep22 train_loss=0.6361 train_acc=0.947 | val_loss=0.2628 val_acc=1.000
      ep23 train_loss=0.6116 train_acc=0.979 | val_loss=0.2611 val_acc=1.000
      ep24 train_loss=0.5932 train_acc=0.971 | val_loss=0.3676 val_acc=1.000
    fold acc=1.000 time=218.2s | running pooled acc=0.425

--- Fold 19/26 | test sub19 (15 test, 231 train) ---
      ep00 train_loss=1.6712 train_acc=0.385 | val_loss=1.6418 val_acc=0.133
      ep01 train_loss=1.2157 train_acc=0.563 | val_loss=0.9820 val_acc=0.667
      ep02 train_loss=1.0699 train_acc=0.615 | val_loss=0.8775 val_acc=0.600
      ep03 train_loss=0.9639 train_acc=0.680 | val_loss=0.6522 val_acc=0.733
      ep04 train_loss=0.8682 train_acc=0.771 | val_loss=1.0139 val_acc=0.600
      ep05 train_loss=0.9716 train_acc=0.723 | val_loss=0.7575 val_acc=0.667
      ep06 train_loss=0.8430 train_acc=0.823 | val_loss=0.6794 val_acc=0.800
      ep07 train_loss=0.8236 train_acc=0.840 | val_loss=0.6652 val_acc=0.867
      ep08 train_loss=0.7661 train_acc=0.874 | val_loss=0.5085 val_acc=0.867
      ep09 train_loss=0.7304 train_acc=0.909 | val_loss=0.8001 val_acc=0.800
      ep10 train_loss=0.7106 train_acc=0.874 | val_loss=0.6151 val_acc=0.800
      ep11 train_loss=0.7148 train_acc=0.900 | val_loss=0.5609 val_acc=0.867
      ep12 train_loss=0.7055 train_acc=0.913 | val_loss=0.6499 val_acc=0.667
      ep13 train_loss=0.6942 train_acc=0.922 | val_loss=0.4946 val_acc=0.867
      ep14 train_loss=0.6480 train_acc=0.961 | val_loss=0.6319 val_acc=0.867
      ep15 train_loss=0.6794 train_acc=0.939 | val_loss=0.5906 val_acc=0.800
      ep16 train_loss=0.6708 train_acc=0.939 | val_loss=0.5587 val_acc=0.800
      ep17 train_loss=0.6949 train_acc=0.948 | val_loss=0.6129 val_acc=0.667
      ep18 train_loss=0.6532 train_acc=0.961 | val_loss=0.5969 val_acc=0.733
      ep19 train_loss=0.6127 train_acc=0.983 | val_loss=0.5535 val_acc=0.867
      ep20 train_loss=0.6249 train_acc=0.978 | val_loss=0.5866 val_acc=0.733
      ep21 train_loss=0.6468 train_acc=0.961 | val_loss=0.5559 val_acc=0.733
      ep22 train_loss=0.6425 train_acc=0.970 | val_loss=0.5889 val_acc=0.867
      ep23 train_loss=0.6405 train_acc=0.961 | val_loss=0.5492 val_acc=0.800
      ep24 train_loss=0.6434 train_acc=0.965 | val_loss=0.5213 val_acc=0.867
    fold acc=0.467 time=223.1s | running pooled acc=0.429

--- Fold 20/26 | test sub20 (11 test, 235 train) ---
      ep00 train_loss=1.5678 train_acc=0.421 | val_loss=1.5868 val_acc=0.182
      ep01 train_loss=1.1778 train_acc=0.583 | val_loss=1.7391 val_acc=0.273
      ep02 train_loss=0.9904 train_acc=0.668 | val_loss=1.6638 val_acc=0.273
      ep03 train_loss=1.0161 train_acc=0.694 | val_loss=1.2807 val_acc=0.364
      ep04 train_loss=0.9721 train_acc=0.672 | val_loss=1.6974 val_acc=0.091
      ep05 train_loss=0.8754 train_acc=0.766 | val_loss=1.1667 val_acc=0.364
      ep06 train_loss=0.7541 train_acc=0.838 | val_loss=1.1769 val_acc=0.545
      ep07 train_loss=0.7996 train_acc=0.809 | val_loss=1.3287 val_acc=0.182
      ep08 train_loss=0.7996 train_acc=0.843 | val_loss=1.7067 val_acc=0.273
      ep09 train_loss=0.7765 train_acc=0.830 | val_loss=1.6125 val_acc=0.273
      ep10 train_loss=0.7073 train_acc=0.894 | val_loss=1.2484 val_acc=0.364
      ep11 train_loss=0.6295 train_acc=0.928 | val_loss=0.9601 val_acc=0.727
      ep12 train_loss=0.6738 train_acc=0.915 | val_loss=1.0731 val_acc=0.545
      ep13 train_loss=0.6255 train_acc=0.970 | val_loss=0.9811 val_acc=0.636
      ep14 train_loss=0.6038 train_acc=0.949 | val_loss=0.9651 val_acc=0.545
      ep15 train_loss=0.6430 train_acc=0.945 | val_loss=0.8936 val_acc=0.545
      ep16 train_loss=0.6305 train_acc=0.928 | val_loss=0.9924 val_acc=0.545
      ep17 train_loss=0.6173 train_acc=0.953 | val_loss=0.7218 val_acc=0.636
      ep18 train_loss=0.5997 train_acc=0.974 | val_loss=0.9349 val_acc=0.727
      ep19 train_loss=0.5835 train_acc=0.979 | val_loss=1.0974 val_acc=0.636
      ep20 train_loss=0.6134 train_acc=0.945 | val_loss=0.9787 val_acc=0.636
      ep21 train_loss=0.5882 train_acc=0.979 | val_loss=0.9742 val_acc=0.636
      ep22 train_loss=0.5833 train_acc=0.970 | val_loss=1.0703 val_acc=0.636
      ep23 train_loss=0.5831 train_acc=0.974 | val_loss=0.8869 val_acc=0.727
      ep24 train_loss=0.5832 train_acc=0.966 | val_loss=0.9526 val_acc=0.727
    fold acc=0.818 time=224.1s | running pooled acc=0.450

--- Fold 21/26 | test sub21 (2 test, 244 train) ---
      ep00 train_loss=1.6387 train_acc=0.361 | val_loss=1.6572 val_acc=0.000
      ep01 train_loss=1.1626 train_acc=0.570 | val_loss=1.8800 val_acc=0.000
      ep02 train_loss=1.0186 train_acc=0.680 | val_loss=2.2454 val_acc=0.500
      ep03 train_loss=0.9597 train_acc=0.701 | val_loss=2.6889 val_acc=0.000
      ep04 train_loss=0.9301 train_acc=0.701 | val_loss=2.7640 val_acc=0.500
      ep05 train_loss=0.9080 train_acc=0.746 | val_loss=2.5314 val_acc=0.500
      ep06 train_loss=0.8417 train_acc=0.799 | val_loss=2.7906 val_acc=0.500
      ep07 train_loss=0.7865 train_acc=0.857 | val_loss=2.2563 val_acc=0.500
      ep08 train_loss=0.7171 train_acc=0.902 | val_loss=2.3189 val_acc=0.500
      ep09 train_loss=0.7442 train_acc=0.873 | val_loss=2.6068 val_acc=0.500
      ep10 train_loss=0.6987 train_acc=0.914 | val_loss=1.9401 val_acc=0.500
      ep11 train_loss=0.6785 train_acc=0.914 | val_loss=2.1020 val_acc=0.500
      ep12 train_loss=0.6875 train_acc=0.893 | val_loss=2.2096 val_acc=0.500
      ep13 train_loss=0.6838 train_acc=0.939 | val_loss=1.9434 val_acc=0.500
      ep14 train_loss=0.6186 train_acc=0.943 | val_loss=2.1516 val_acc=0.500
      ep15 train_loss=0.6567 train_acc=0.951 | val_loss=2.4926 val_acc=0.500
      ep16 train_loss=0.6357 train_acc=0.951 | val_loss=2.5125 val_acc=0.500
      ep17 train_loss=0.6202 train_acc=0.959 | val_loss=2.6220 val_acc=0.500
      ep18 train_loss=0.6402 train_acc=0.943 | val_loss=2.4044 val_acc=0.500
      ep19 train_loss=0.6072 train_acc=0.975 | val_loss=2.4417 val_acc=0.500
      ep20 train_loss=0.5935 train_acc=0.971 | val_loss=2.3024 val_acc=0.500
      ep21 train_loss=0.6101 train_acc=0.984 | val_loss=2.4378 val_acc=0.500
      ep22 train_loss=0.6297 train_acc=0.951 | val_loss=2.3230 val_acc=0.500
      ep23 train_loss=0.6056 train_acc=0.984 | val_loss=2.4013 val_acc=0.500
      ep24 train_loss=0.5978 train_acc=0.980 | val_loss=2.4052 val_acc=0.500
    fold acc=0.000 time=217.8s | running pooled acc=0.446

--- Fold 22/26 | test sub22 (2 test, 244 train) ---
      ep00 train_loss=1.6531 train_acc=0.357 | val_loss=0.4616 val_acc=1.000
      ep01 train_loss=1.2068 train_acc=0.561 | val_loss=0.0645 val_acc=1.000
      ep02 train_loss=1.0585 train_acc=0.635 | val_loss=0.0542 val_acc=1.000
      ep03 train_loss=0.9574 train_acc=0.754 | val_loss=0.0908 val_acc=1.000
      ep04 train_loss=0.8698 train_acc=0.787 | val_loss=0.0558 val_acc=1.000
      ep05 train_loss=0.8903 train_acc=0.770 | val_loss=0.0168 val_acc=1.000
      ep06 train_loss=0.8606 train_acc=0.811 | val_loss=0.2487 val_acc=1.000
      ep07 train_loss=0.8507 train_acc=0.824 | val_loss=0.0292 val_acc=1.000
      ep08 train_loss=0.7507 train_acc=0.861 | val_loss=0.0047 val_acc=1.000
      ep09 train_loss=0.7149 train_acc=0.918 | val_loss=0.0016 val_acc=1.000
      ep10 train_loss=0.6762 train_acc=0.934 | val_loss=0.0077 val_acc=1.000
      ep11 train_loss=0.7081 train_acc=0.906 | val_loss=0.0041 val_acc=1.000
      ep12 train_loss=0.6892 train_acc=0.922 | val_loss=0.0885 val_acc=1.000
      ep13 train_loss=0.6779 train_acc=0.939 | val_loss=0.2433 val_acc=1.000
      ep14 train_loss=0.6347 train_acc=0.951 | val_loss=0.0493 val_acc=1.000
      ep15 train_loss=0.6623 train_acc=0.955 | val_loss=0.0537 val_acc=1.000
      ep16 train_loss=0.6554 train_acc=0.959 | val_loss=0.0171 val_acc=1.000
      ep17 train_loss=0.6104 train_acc=0.963 | val_loss=0.0254 val_acc=1.000
      ep18 train_loss=0.6294 train_acc=0.963 | val_loss=0.0308 val_acc=1.000
      ep19 train_loss=0.6103 train_acc=0.984 | val_loss=0.0418 val_acc=1.000
      ep20 train_loss=0.6038 train_acc=0.959 | val_loss=0.0423 val_acc=1.000
      ep21 train_loss=0.6247 train_acc=0.967 | val_loss=0.0229 val_acc=1.000
      ep22 train_loss=0.6303 train_acc=0.967 | val_loss=0.0449 val_acc=1.000
      ep23 train_loss=0.6169 train_acc=0.975 | val_loss=0.0495 val_acc=1.000
      ep24 train_loss=0.6019 train_acc=0.988 | val_loss=0.0489 val_acc=1.000
    fold acc=1.000 time=217.9s | running pooled acc=0.451

--- Fold 23/26 | test sub23 (12 test, 234 train) ---
      ep00 train_loss=1.6479 train_acc=0.376 | val_loss=1.1355 val_acc=0.500
      ep01 train_loss=1.2958 train_acc=0.479 | val_loss=0.7039 val_acc=0.750
      ep02 train_loss=1.0761 train_acc=0.645 | val_loss=0.4293 val_acc=1.000
      ep03 train_loss=0.9825 train_acc=0.684 | val_loss=0.6331 val_acc=0.750
      ep04 train_loss=0.9523 train_acc=0.671 | val_loss=0.4927 val_acc=0.750
      ep05 train_loss=0.8820 train_acc=0.782 | val_loss=0.3520 val_acc=1.000
      ep06 train_loss=0.8448 train_acc=0.786 | val_loss=0.4934 val_acc=0.917
      ep07 train_loss=0.7594 train_acc=0.821 | val_loss=0.3679 val_acc=0.917
      ep08 train_loss=0.7553 train_acc=0.872 | val_loss=0.4187 val_acc=1.000
      ep09 train_loss=0.7282 train_acc=0.885 | val_loss=0.3923 val_acc=0.917
      ep10 train_loss=0.6942 train_acc=0.885 | val_loss=0.2345 val_acc=1.000
      ep11 train_loss=0.6956 train_acc=0.876 | val_loss=0.3642 val_acc=0.917
      ep12 train_loss=0.7044 train_acc=0.893 | val_loss=0.3003 val_acc=0.917
      ep13 train_loss=0.6567 train_acc=0.932 | val_loss=0.5391 val_acc=0.917
      ep14 train_loss=0.6508 train_acc=0.957 | val_loss=0.3916 val_acc=0.917
      ep15 train_loss=0.6633 train_acc=0.936 | val_loss=0.3911 val_acc=0.833
      ep16 train_loss=0.6230 train_acc=0.957 | val_loss=0.4872 val_acc=0.917
      ep17 train_loss=0.6197 train_acc=0.979 | val_loss=0.3848 val_acc=1.000
      ep18 train_loss=0.6108 train_acc=0.962 | val_loss=0.4701 val_acc=1.000
      ep19 train_loss=0.6207 train_acc=0.962 | val_loss=0.3653 val_acc=1.000
      ep20 train_loss=0.6075 train_acc=0.966 | val_loss=0.4094 val_acc=0.917
      ep21 train_loss=0.6074 train_acc=0.962 | val_loss=0.4500 val_acc=0.917
      ep22 train_loss=0.6254 train_acc=0.962 | val_loss=0.4702 val_acc=1.000
      ep23 train_loss=0.6313 train_acc=0.957 | val_loss=0.4172 val_acc=0.917
      ep24 train_loss=0.6156 train_acc=0.966 | val_loss=0.3552 val_acc=1.000
    fold acc=0.333 time=223.8s | running pooled acc=0.444

--- Fold 24/26 | test sub24 (7 test, 239 train) ---
      ep00 train_loss=1.6504 train_acc=0.351 | val_loss=1.3634 val_acc=0.286
      ep01 train_loss=1.2135 train_acc=0.523 | val_loss=1.0673 val_acc=0.429
      ep02 train_loss=0.9959 train_acc=0.690 | val_loss=0.8039 val_acc=0.714
      ep03 train_loss=1.0024 train_acc=0.678 | val_loss=0.9050 val_acc=0.571
      ep04 train_loss=0.9821 train_acc=0.711 | val_loss=1.0806 val_acc=0.429
      ep05 train_loss=0.9455 train_acc=0.732 | val_loss=1.0314 val_acc=0.571
      ep06 train_loss=0.8798 train_acc=0.799 | val_loss=1.2315 val_acc=0.429
      ep07 train_loss=0.7998 train_acc=0.837 | val_loss=0.9027 val_acc=0.714
      ep08 train_loss=0.7493 train_acc=0.866 | val_loss=1.2515 val_acc=0.429
      ep09 train_loss=0.6887 train_acc=0.921 | val_loss=1.3746 val_acc=0.571
      ep10 train_loss=0.6914 train_acc=0.921 | val_loss=1.2491 val_acc=0.571
      ep11 train_loss=0.6923 train_acc=0.929 | val_loss=1.3050 val_acc=0.429
      ep12 train_loss=0.7089 train_acc=0.895 | val_loss=1.3328 val_acc=0.429
      ep13 train_loss=0.6436 train_acc=0.950 | val_loss=1.4189 val_acc=0.429
      ep14 train_loss=0.6505 train_acc=0.937 | val_loss=1.1441 val_acc=0.571
      ep15 train_loss=0.6569 train_acc=0.929 | val_loss=1.2595 val_acc=0.714
      ep16 train_loss=0.6305 train_acc=0.975 | val_loss=1.4738 val_acc=0.571
      ep17 train_loss=0.6237 train_acc=0.962 | val_loss=1.5590 val_acc=0.429
      ep18 train_loss=0.6115 train_acc=0.971 | val_loss=1.5227 val_acc=0.571
      ep19 train_loss=0.6207 train_acc=0.983 | val_loss=1.4254 val_acc=0.571
      ep20 train_loss=0.6208 train_acc=0.967 | val_loss=1.4690 val_acc=0.429
      ep21 train_loss=0.5848 train_acc=0.979 | val_loss=1.5123 val_acc=0.429
      ep22 train_loss=0.6012 train_acc=0.971 | val_loss=1.3860 val_acc=0.571
      ep23 train_loss=0.6302 train_acc=0.958 | val_loss=1.5128 val_acc=0.429
      ep24 train_loss=0.5968 train_acc=0.979 | val_loss=1.4011 val_acc=0.571
    fold acc=0.429 time=223.5s | running pooled acc=0.444

--- Fold 25/26 | test sub25 (7 test, 239 train) ---
      ep00 train_loss=1.6618 train_acc=0.368 | val_loss=1.3690 val_acc=0.429
      ep01 train_loss=1.2325 train_acc=0.527 | val_loss=1.2946 val_acc=0.286
      ep02 train_loss=0.9909 train_acc=0.682 | val_loss=1.2931 val_acc=0.571
      ep03 train_loss=1.0075 train_acc=0.690 | val_loss=1.0320 val_acc=0.429
      ep04 train_loss=0.9782 train_acc=0.715 | val_loss=1.6457 val_acc=0.286
      ep05 train_loss=0.9901 train_acc=0.728 | val_loss=1.6760 val_acc=0.286
      ep06 train_loss=0.8841 train_acc=0.795 | val_loss=0.7920 val_acc=0.714
      ep07 train_loss=0.8187 train_acc=0.828 | val_loss=1.3189 val_acc=0.286
      ep08 train_loss=0.7814 train_acc=0.833 | val_loss=0.8230 val_acc=0.714
      ep09 train_loss=0.7166 train_acc=0.891 | val_loss=1.4656 val_acc=0.286
      ep10 train_loss=0.7105 train_acc=0.908 | val_loss=1.1618 val_acc=0.571
      ep11 train_loss=0.6871 train_acc=0.921 | val_loss=1.2069 val_acc=0.429
      ep12 train_loss=0.6811 train_acc=0.912 | val_loss=1.1460 val_acc=0.429
      ep13 train_loss=0.6527 train_acc=0.933 | val_loss=0.8881 val_acc=0.571
      ep14 train_loss=0.6591 train_acc=0.946 | val_loss=1.1829 val_acc=0.429
      ep15 train_loss=0.6551 train_acc=0.962 | val_loss=1.0730 val_acc=0.571
      ep16 train_loss=0.6394 train_acc=0.962 | val_loss=1.1079 val_acc=0.429
      ep17 train_loss=0.6375 train_acc=0.946 | val_loss=1.0477 val_acc=0.571
      ep18 train_loss=0.6314 train_acc=0.950 | val_loss=1.1733 val_acc=0.571
      ep19 train_loss=0.6293 train_acc=0.971 | val_loss=1.1749 val_acc=0.571
      ep20 train_loss=0.6355 train_acc=0.958 | val_loss=1.3230 val_acc=0.429
      ep21 train_loss=0.5872 train_acc=0.992 | val_loss=1.3061 val_acc=0.429
      ep22 train_loss=0.6142 train_acc=0.975 | val_loss=1.2139 val_acc=0.429
      ep23 train_loss=0.6248 train_acc=0.962 | val_loss=1.1346 val_acc=0.571
      ep24 train_loss=0.5947 train_acc=0.996 | val_loss=1.2465 val_acc=0.571
    fold acc=0.286 time=216.9s | running pooled acc=0.439

--- Fold 26/26 | test sub26 (16 test, 230 train) ---
      ep00 train_loss=1.7617 train_acc=0.330 | val_loss=1.1296 val_acc=0.562
      ep01 train_loss=1.2136 train_acc=0.543 | val_loss=1.3802 val_acc=0.438
      ep02 train_loss=1.0352 train_acc=0.648 | val_loss=1.1565 val_acc=0.500
      ep03 train_loss=0.9365 train_acc=0.704 | val_loss=1.5944 val_acc=0.250
      ep04 train_loss=0.9049 train_acc=0.787 | val_loss=1.4872 val_acc=0.375
      ep05 train_loss=0.8815 train_acc=0.809 | val_loss=2.1545 val_acc=0.438
      ep06 train_loss=0.7514 train_acc=0.857 | val_loss=1.5935 val_acc=0.312
      ep07 train_loss=0.7397 train_acc=0.857 | val_loss=1.3965 val_acc=0.500
      ep08 train_loss=0.7596 train_acc=0.857 | val_loss=1.6551 val_acc=0.500
      ep09 train_loss=0.7266 train_acc=0.887 | val_loss=1.6923 val_acc=0.312
      ep10 train_loss=0.7197 train_acc=0.887 | val_loss=1.6249 val_acc=0.500
      ep11 train_loss=0.7121 train_acc=0.874 | val_loss=1.9731 val_acc=0.375
      ep12 train_loss=0.6684 train_acc=0.922 | val_loss=1.6436 val_acc=0.500
      ep13 train_loss=0.6238 train_acc=0.961 | val_loss=2.2297 val_acc=0.312
      ep14 train_loss=0.6275 train_acc=0.957 | val_loss=2.1458 val_acc=0.312
      ep15 train_loss=0.6016 train_acc=0.970 | val_loss=2.3191 val_acc=0.312
      ep16 train_loss=0.6524 train_acc=0.926 | val_loss=1.9908 val_acc=0.250
      ep17 train_loss=0.6193 train_acc=0.952 | val_loss=2.0993 val_acc=0.312
      ep18 train_loss=0.6157 train_acc=0.970 | val_loss=2.2360 val_acc=0.250
      ep19 train_loss=0.5740 train_acc=0.983 | val_loss=2.2633 val_acc=0.250
      ep20 train_loss=0.5889 train_acc=0.974 | val_loss=2.1254 val_acc=0.250
      ep21 train_loss=0.5905 train_acc=0.974 | val_loss=2.1263 val_acc=0.250
      ep22 train_loss=0.6014 train_acc=0.970 | val_loss=2.2933 val_acc=0.250
      ep23 train_loss=0.5857 train_acc=0.970 | val_loss=2.0856 val_acc=0.250
      ep24 train_loss=0.6094 train_acc=0.961 | val_loss=2.2152 val_acc=0.250
    fold acc=0.375 time=215.6s | running pooled acc=0.435

=== FINAL (pooled LOSO) ===
UF1 = 0.3581
UAR = 0.3587
ACC = 0.4350
per-class F1: happiness=0.292, disgust=0.353, repression=0.267, surprise=0.312, others=0.567
per-class recall: happiness=0.219, disgust=0.286, repression=0.222, surprise=0.400, others=0.667
confusion matrix (rows=true):
        happin disgus repres surpri others
happine      7      3      5      6     11
disgust      1     18      0      7     37
repress      2      1      6      5     13
surpris      1      6      1     10      7
 others      5     11      6     11     66

saved to D:\AI-Projects\casmeII-new-from-sequence-model\experiments\iter_05
elapsed 5705.1s
