=== EXPERIMENT iter_08 ===
time: 2026-07-14T10:25:35.821731
device: cuda (NVIDIA GeForce RTX 3060)
platform: Windows-10-10.0.26200-SP0 | torch 2.6.0+cu124
config:
{
  "seed": 42,
  "T": 24,
  "img_size": 112,
  "base_size": 128,
  "input_mode": "rgb",
  "backbone": "r2plus1d_18",
  "pretrained": true,
  "dropout": 0.5,
  "epochs": 25,
  "lr": 0.0001,
  "weight_decay": 0.001,
  "batch_size": 6,
  "class_weighting": true,
  "label_smoothing": 0.1,
  "hflip": true,
  "color_jitter": 0.0,
  "temporal_jitter": true,
  "amp": true,
  "eval_last_k": 3,
  "tta": 5,
  "cache_dir": "cache/flow128",
  "index": "cache/index_emotion.csv",
  "class_names": [
    "happiness",
    "disgust",
    "repression",
    "surprise",
    "others"
  ],
  "name": "iter_08_flow_T24",
  "modality": "flow",
  "temporal_span": "onset_offset",
  "flow_clip": 3.0
}
samples: 246 | classes: 5 ['happiness', 'disgust', 'repression', 'surprise', 'others']
loading arrays into RAM...
loaded 246 arrays

--- Fold 1/26 | test sub01 (9 test, 237 train) ---
      ep00 train_loss=1.6389 train_acc=0.346 | val_loss=1.0013 val_acc=0.444
      ep01 train_loss=1.2505 train_acc=0.549 | val_loss=0.8306 val_acc=0.778
      ep02 train_loss=1.1082 train_acc=0.612 | val_loss=0.6217 val_acc=0.889
      ep03 train_loss=1.0199 train_acc=0.671 | val_loss=1.1782 val_acc=0.778
      ep04 train_loss=1.0103 train_acc=0.675 | val_loss=0.8118 val_acc=0.667
      ep05 train_loss=0.9503 train_acc=0.734 | val_loss=0.6813 val_acc=0.667
      ep06 train_loss=0.9154 train_acc=0.793 | val_loss=0.8718 val_acc=0.444
      ep07 train_loss=0.8891 train_acc=0.810 | val_loss=0.5056 val_acc=1.000
      ep08 train_loss=0.8748 train_acc=0.810 | val_loss=0.8883 val_acc=0.889
      ep09 train_loss=0.8183 train_acc=0.827 | val_loss=0.6012 val_acc=0.778
      ep10 train_loss=0.8186 train_acc=0.857 | val_loss=0.6724 val_acc=0.889
      ep11 train_loss=0.7090 train_acc=0.903 | val_loss=0.4930 val_acc=0.889
      ep12 train_loss=0.7198 train_acc=0.873 | val_loss=0.6714 val_acc=0.778
      ep13 train_loss=0.7919 train_acc=0.852 | val_loss=0.7981 val_acc=0.667
      ep14 train_loss=0.6828 train_acc=0.911 | val_loss=0.6752 val_acc=0.889
      ep15 train_loss=0.6577 train_acc=0.937 | val_loss=0.5607 val_acc=0.778
      ep16 train_loss=0.6412 train_acc=0.954 | val_loss=0.5459 val_acc=0.778
      ep17 train_loss=0.6441 train_acc=0.962 | val_loss=0.6405 val_acc=0.778
      ep18 train_loss=0.6483 train_acc=0.958 | val_loss=0.6172 val_acc=0.889
      ep19 train_loss=0.6463 train_acc=0.979 | val_loss=0.6353 val_acc=0.778
      ep20 train_loss=0.6158 train_acc=0.937 | val_loss=0.5496 val_acc=0.778
      ep21 train_loss=0.6127 train_acc=0.983 | val_loss=0.6348 val_acc=0.889
      ep22 train_loss=0.6323 train_acc=0.937 | val_loss=0.5792 val_acc=0.889
      ep23 train_loss=0.6074 train_acc=0.975 | val_loss=0.5845 val_acc=0.778
      ep24 train_loss=0.6423 train_acc=0.941 | val_loss=0.5882 val_acc=0.778
    fold acc=0.778 time=397.0s | running pooled acc=0.778

--- Fold 2/26 | test sub02 (13 test, 233 train) ---
      ep00 train_loss=1.7016 train_acc=0.348 | val_loss=1.4438 val_acc=0.308
      ep01 train_loss=1.2712 train_acc=0.571 | val_loss=1.5910 val_acc=0.615
      ep02 train_loss=1.1611 train_acc=0.627 | val_loss=1.8453 val_acc=0.385
      ep03 train_loss=1.0869 train_acc=0.648 | val_loss=1.7799 val_acc=0.462
      ep04 train_loss=1.0259 train_acc=0.717 | val_loss=1.7476 val_acc=0.538
      ep05 train_loss=0.9775 train_acc=0.704 | val_loss=1.8730 val_acc=0.308
      ep06 train_loss=0.9413 train_acc=0.751 | val_loss=1.8412 val_acc=0.385
      ep07 train_loss=0.7900 train_acc=0.828 | val_loss=1.6248 val_acc=0.385
      ep08 train_loss=0.7940 train_acc=0.867 | val_loss=1.1739 val_acc=0.462
      ep09 train_loss=0.8089 train_acc=0.858 | val_loss=1.2154 val_acc=0.385
      ep10 train_loss=0.8007 train_acc=0.863 | val_loss=1.9668 val_acc=0.385
      ep11 train_loss=0.7563 train_acc=0.918 | val_loss=1.3928 val_acc=0.538
      ep12 train_loss=0.7681 train_acc=0.906 | val_loss=1.6215 val_acc=0.385
      ep13 train_loss=0.7227 train_acc=0.893 | val_loss=1.3399 val_acc=0.385
      ep14 train_loss=0.6799 train_acc=0.953 | val_loss=1.1877 val_acc=0.538
      ep15 train_loss=0.7097 train_acc=0.906 | val_loss=1.5271 val_acc=0.385
      ep16 train_loss=0.6733 train_acc=0.957 | val_loss=1.1906 val_acc=0.538
      ep17 train_loss=0.7005 train_acc=0.948 | val_loss=1.2291 val_acc=0.538
      ep18 train_loss=0.6398 train_acc=0.979 | val_loss=1.2055 val_acc=0.538
      ep19 train_loss=0.7528 train_acc=0.931 | val_loss=1.0932 val_acc=0.615
      ep20 train_loss=0.6804 train_acc=0.961 | val_loss=1.0882 val_acc=0.615
      ep21 train_loss=0.6671 train_acc=0.966 | val_loss=1.2286 val_acc=0.538
      ep22 train_loss=0.6346 train_acc=0.970 | val_loss=1.1400 val_acc=0.538
      ep23 train_loss=0.6497 train_acc=0.983 | val_loss=1.1914 val_acc=0.538
      ep24 train_loss=0.6373 train_acc=0.970 | val_loss=1.1905 val_acc=0.538
    fold acc=0.615 time=397.3s | running pooled acc=0.682

--- Fold 3/26 | test sub03 (7 test, 239 train) ---
      ep00 train_loss=1.7056 train_acc=0.314 | val_loss=1.2194 val_acc=0.571
      ep01 train_loss=1.2652 train_acc=0.577 | val_loss=1.3371 val_acc=0.429
      ep02 train_loss=1.1128 train_acc=0.640 | val_loss=1.2976 val_acc=0.286
      ep03 train_loss=0.9769 train_acc=0.711 | val_loss=1.3271 val_acc=0.714
      ep04 train_loss=1.1113 train_acc=0.657 | val_loss=1.2046 val_acc=0.571
      ep05 train_loss=0.9203 train_acc=0.753 | val_loss=1.2961 val_acc=0.571
      ep06 train_loss=0.9156 train_acc=0.770 | val_loss=1.1634 val_acc=0.571
      ep07 train_loss=0.8910 train_acc=0.795 | val_loss=1.1745 val_acc=0.571
      ep08 train_loss=0.8317 train_acc=0.816 | val_loss=1.1671 val_acc=0.714
      ep09 train_loss=0.7390 train_acc=0.883 | val_loss=1.1915 val_acc=0.714
      ep10 train_loss=0.7623 train_acc=0.858 | val_loss=1.2146 val_acc=0.429
      ep11 train_loss=0.7072 train_acc=0.900 | val_loss=1.3971 val_acc=0.429
      ep12 train_loss=0.7060 train_acc=0.941 | val_loss=1.1261 val_acc=0.571
      ep13 train_loss=0.6882 train_acc=0.925 | val_loss=1.3347 val_acc=0.714
      ep14 train_loss=0.6613 train_acc=0.921 | val_loss=1.3178 val_acc=0.571
      ep15 train_loss=0.6814 train_acc=0.929 | val_loss=1.2981 val_acc=0.571
      ep16 train_loss=0.6317 train_acc=0.962 | val_loss=1.5046 val_acc=0.429
      ep17 train_loss=0.6540 train_acc=0.950 | val_loss=1.5012 val_acc=0.286
      ep18 train_loss=0.6581 train_acc=0.958 | val_loss=1.3458 val_acc=0.429
      ep19 train_loss=0.6490 train_acc=0.958 | val_loss=1.4704 val_acc=0.571
      ep20 train_loss=0.6219 train_acc=0.946 | val_loss=1.3257 val_acc=0.571
      ep21 train_loss=0.6312 train_acc=0.954 | val_loss=1.2339 val_acc=0.714
      ep22 train_loss=0.6270 train_acc=0.962 | val_loss=1.3141 val_acc=0.714
      ep23 train_loss=0.6257 train_acc=0.975 | val_loss=1.4553 val_acc=0.571
      ep24 train_loss=0.6000 train_acc=0.979 | val_loss=1.2470 val_acc=0.714
    fold acc=0.429 time=436.4s | running pooled acc=0.621

--- Fold 4/26 | test sub04 (5 test, 241 train) ---
      ep00 train_loss=1.7384 train_acc=0.274 | val_loss=0.7491 val_acc=0.800
      ep01 train_loss=1.2957 train_acc=0.564 | val_loss=0.3921 val_acc=0.800
      ep02 train_loss=1.2297 train_acc=0.581 | val_loss=0.6886 val_acc=0.800
      ep03 train_loss=1.0984 train_acc=0.618 | val_loss=0.7041 val_acc=0.800
      ep04 train_loss=1.0506 train_acc=0.676 | val_loss=0.5401 val_acc=0.800
      ep05 train_loss=0.9169 train_acc=0.759 | val_loss=0.9119 val_acc=0.600
      ep06 train_loss=0.8907 train_acc=0.805 | val_loss=0.5423 val_acc=0.600
      ep07 train_loss=0.8548 train_acc=0.813 | val_loss=0.5552 val_acc=0.600
      ep08 train_loss=0.7933 train_acc=0.846 | val_loss=0.4457 val_acc=1.000
      ep09 train_loss=0.7582 train_acc=0.863 | val_loss=0.4331 val_acc=0.800
      ep10 train_loss=0.7408 train_acc=0.892 | val_loss=0.7211 val_acc=0.800
      ep11 train_loss=0.7835 train_acc=0.880 | val_loss=0.4329 val_acc=1.000
      ep12 train_loss=0.7266 train_acc=0.871 | val_loss=0.3371 val_acc=1.000
      ep13 train_loss=0.6812 train_acc=0.942 | val_loss=0.4551 val_acc=1.000
      ep14 train_loss=0.6628 train_acc=0.959 | val_loss=0.3347 val_acc=1.000
      ep15 train_loss=0.6363 train_acc=0.959 | val_loss=0.4556 val_acc=1.000
      ep16 train_loss=0.6476 train_acc=0.942 | val_loss=0.2954 val_acc=1.000
      ep17 train_loss=0.6577 train_acc=0.946 | val_loss=0.6531 val_acc=0.600
      ep18 train_loss=0.6138 train_acc=0.975 | val_loss=0.4029 val_acc=1.000
      ep19 train_loss=0.6326 train_acc=0.971 | val_loss=0.4755 val_acc=0.800
      ep20 train_loss=0.6354 train_acc=0.946 | val_loss=0.5179 val_acc=0.800
      ep21 train_loss=0.6750 train_acc=0.929 | val_loss=0.5045 val_acc=1.000
      ep22 train_loss=0.6535 train_acc=0.929 | val_loss=0.5373 val_acc=0.800
      ep23 train_loss=0.6227 train_acc=0.975 | val_loss=0.3494 val_acc=1.000
      ep24 train_loss=0.6248 train_acc=0.979 | val_loss=0.5851 val_acc=0.600
    fold acc=0.800 time=412.4s | running pooled acc=0.647

--- Fold 5/26 | test sub05 (19 test, 227 train) ---
      ep00 train_loss=1.6518 train_acc=0.366 | val_loss=1.6617 val_acc=0.263
      ep01 train_loss=1.2539 train_acc=0.559 | val_loss=1.7172 val_acc=0.368
      ep02 train_loss=1.0879 train_acc=0.626 | val_loss=2.0073 val_acc=0.316
      ep03 train_loss=1.0746 train_acc=0.652 | val_loss=1.2392 val_acc=0.526
      ep04 train_loss=1.0553 train_acc=0.709 | val_loss=1.6851 val_acc=0.526
      ep05 train_loss=0.9025 train_acc=0.789 | val_loss=1.6721 val_acc=0.474
      ep06 train_loss=0.8892 train_acc=0.797 | val_loss=2.4359 val_acc=0.421
      ep07 train_loss=0.9593 train_acc=0.797 | val_loss=1.4676 val_acc=0.474
      ep08 train_loss=0.8761 train_acc=0.767 | val_loss=2.0570 val_acc=0.474
      ep09 train_loss=0.7467 train_acc=0.872 | val_loss=1.6260 val_acc=0.474
      ep10 train_loss=0.7504 train_acc=0.863 | val_loss=1.8481 val_acc=0.526
      ep11 train_loss=0.7276 train_acc=0.894 | val_loss=1.8507 val_acc=0.474
      ep12 train_loss=0.7067 train_acc=0.903 | val_loss=1.8835 val_acc=0.474
      ep13 train_loss=0.6853 train_acc=0.916 | val_loss=1.4792 val_acc=0.526
      ep14 train_loss=0.6626 train_acc=0.956 | val_loss=2.0322 val_acc=0.474
      ep15 train_loss=0.6415 train_acc=0.943 | val_loss=1.9933 val_acc=0.474
      ep16 train_loss=0.6642 train_acc=0.943 | val_loss=1.5871 val_acc=0.474
      ep17 train_loss=0.6293 train_acc=0.965 | val_loss=1.6526 val_acc=0.474
      ep18 train_loss=0.6866 train_acc=0.952 | val_loss=1.9473 val_acc=0.526
      ep19 train_loss=0.6713 train_acc=0.952 | val_loss=1.9577 val_acc=0.474
      ep20 train_loss=0.6430 train_acc=0.956 | val_loss=1.9324 val_acc=0.474
      ep21 train_loss=0.6644 train_acc=0.938 | val_loss=1.8838 val_acc=0.474
      ep22 train_loss=0.6514 train_acc=0.974 | val_loss=1.8960 val_acc=0.474
      ep23 train_loss=0.6341 train_acc=0.965 | val_loss=1.8537 val_acc=0.474
      ep24 train_loss=0.6609 train_acc=0.930 | val_loss=1.9764 val_acc=0.474
    fold acc=0.474 time=408.4s | running pooled acc=0.585

--- Fold 6/26 | test sub06 (5 test, 241 train) ---
      ep00 train_loss=1.7226 train_acc=0.290 | val_loss=1.3445 val_acc=0.400
      ep01 train_loss=1.2604 train_acc=0.523 | val_loss=0.8575 val_acc=0.600
      ep02 train_loss=1.2440 train_acc=0.552 | val_loss=0.7517 val_acc=0.800
      ep03 train_loss=1.1201 train_acc=0.656 | val_loss=1.0578 val_acc=0.600
      ep04 train_loss=1.0373 train_acc=0.668 | val_loss=1.2783 val_acc=0.600
      ep05 train_loss=0.9210 train_acc=0.776 | val_loss=1.1177 val_acc=0.600
      ep06 train_loss=0.8929 train_acc=0.772 | val_loss=1.0171 val_acc=0.600
      ep07 train_loss=0.8817 train_acc=0.780 | val_loss=0.6400 val_acc=0.800
      ep08 train_loss=0.8753 train_acc=0.788 | val_loss=0.6535 val_acc=0.800
      ep09 train_loss=0.7894 train_acc=0.855 | val_loss=0.4939 val_acc=0.800
      ep10 train_loss=0.7620 train_acc=0.888 | val_loss=0.9491 val_acc=0.600
      ep11 train_loss=0.8015 train_acc=0.859 | val_loss=0.7961 val_acc=0.800
      ep12 train_loss=0.7414 train_acc=0.880 | val_loss=0.7537 val_acc=0.800
      ep13 train_loss=0.6992 train_acc=0.929 | val_loss=0.4612 val_acc=0.800
      ep14 train_loss=0.6815 train_acc=0.929 | val_loss=0.6597 val_acc=0.800
      ep15 train_loss=0.6485 train_acc=0.963 | val_loss=0.6631 val_acc=0.800
      ep16 train_loss=0.6667 train_acc=0.938 | val_loss=0.6002 val_acc=0.800
      ep17 train_loss=0.6758 train_acc=0.925 | val_loss=0.7488 val_acc=0.800
      ep18 train_loss=0.6345 train_acc=0.975 | val_loss=0.8280 val_acc=0.800
      ep19 train_loss=0.6447 train_acc=0.959 | val_loss=0.7486 val_acc=0.800
      ep20 train_loss=0.6391 train_acc=0.946 | val_loss=0.7703 val_acc=0.800
      ep21 train_loss=0.6796 train_acc=0.938 | val_loss=0.8133 val_acc=0.800
      ep22 train_loss=0.6571 train_acc=0.946 | val_loss=0.8280 val_acc=0.800
      ep23 train_loss=0.6673 train_acc=0.946 | val_loss=0.8253 val_acc=0.800
      ep24 train_loss=0.6299 train_acc=0.983 | val_loss=0.8850 val_acc=0.800
    fold acc=0.800 time=438.0s | running pooled acc=0.603

--- Fold 7/26 | test sub07 (9 test, 237 train) ---
      ep00 train_loss=1.6363 train_acc=0.371 | val_loss=1.0568 val_acc=0.444
      ep01 train_loss=1.2198 train_acc=0.536 | val_loss=1.2459 val_acc=0.444
      ep02 train_loss=1.1359 train_acc=0.608 | val_loss=1.0036 val_acc=0.667
      ep03 train_loss=1.0281 train_acc=0.692 | val_loss=1.3367 val_acc=0.444
      ep04 train_loss=1.0194 train_acc=0.705 | val_loss=1.3585 val_acc=0.333
      ep05 train_loss=0.9311 train_acc=0.751 | val_loss=1.3237 val_acc=0.444
      ep06 train_loss=0.9358 train_acc=0.747 | val_loss=1.2941 val_acc=0.333
      ep07 train_loss=0.9157 train_acc=0.776 | val_loss=1.6849 val_acc=0.111
      ep08 train_loss=0.8754 train_acc=0.819 | val_loss=1.5232 val_acc=0.444
      ep09 train_loss=0.7964 train_acc=0.835 | val_loss=1.0539 val_acc=0.556
      ep10 train_loss=0.7914 train_acc=0.835 | val_loss=1.3053 val_acc=0.444
      ep11 train_loss=0.6971 train_acc=0.886 | val_loss=1.4187 val_acc=0.333
      ep12 train_loss=0.6904 train_acc=0.903 | val_loss=1.4847 val_acc=0.444
      ep13 train_loss=0.7173 train_acc=0.903 | val_loss=1.2721 val_acc=0.444
      ep14 train_loss=0.6799 train_acc=0.899 | val_loss=1.6961 val_acc=0.333
      ep15 train_loss=0.6710 train_acc=0.916 | val_loss=1.3511 val_acc=0.444
      ep16 train_loss=0.6304 train_acc=0.966 | val_loss=1.4137 val_acc=0.556
      ep17 train_loss=0.6438 train_acc=0.958 | val_loss=1.3889 val_acc=0.556
      ep18 train_loss=0.6265 train_acc=0.958 | val_loss=1.4978 val_acc=0.556
      ep19 train_loss=0.6306 train_acc=0.962 | val_loss=1.4430 val_acc=0.556
      ep20 train_loss=0.6112 train_acc=0.970 | val_loss=1.4580 val_acc=0.444
      ep21 train_loss=0.6178 train_acc=0.975 | val_loss=1.4540 val_acc=0.556
      ep22 train_loss=0.6070 train_acc=0.962 | val_loss=1.3455 val_acc=0.556
      ep23 train_loss=0.6341 train_acc=0.958 | val_loss=1.4961 val_acc=0.444
      ep24 train_loss=0.6289 train_acc=0.954 | val_loss=1.5093 val_acc=0.333
    fold acc=0.556 time=417.0s | running pooled acc=0.597

--- Fold 8/26 | test sub08 (3 test, 243 train) ---
      ep00 train_loss=1.6828 train_acc=0.337 | val_loss=0.8765 val_acc=1.000
      ep01 train_loss=1.2728 train_acc=0.502 | val_loss=1.2734 val_acc=0.333
      ep02 train_loss=1.1538 train_acc=0.605 | val_loss=0.9988 val_acc=0.333
      ep03 train_loss=1.0918 train_acc=0.621 | val_loss=2.0966 val_acc=0.333
      ep04 train_loss=1.0003 train_acc=0.704 | val_loss=1.6079 val_acc=0.333
      ep05 train_loss=0.9226 train_acc=0.790 | val_loss=1.6702 val_acc=0.333
      ep06 train_loss=0.9132 train_acc=0.757 | val_loss=5.4102 val_acc=0.000
      ep07 train_loss=0.9532 train_acc=0.765 | val_loss=1.2872 val_acc=0.333
      ep08 train_loss=0.8058 train_acc=0.844 | val_loss=1.8770 val_acc=0.333
      ep09 train_loss=0.8128 train_acc=0.852 | val_loss=2.7091 val_acc=0.000
      ep10 train_loss=0.7227 train_acc=0.889 | val_loss=2.8959 val_acc=0.000
      ep11 train_loss=0.7299 train_acc=0.877 | val_loss=2.0247 val_acc=0.000
      ep12 train_loss=0.7265 train_acc=0.872 | val_loss=2.2618 val_acc=0.333
      ep13 train_loss=0.7312 train_acc=0.918 | val_loss=2.0609 val_acc=0.000
      ep14 train_loss=0.6680 train_acc=0.934 | val_loss=1.6318 val_acc=0.000
      ep15 train_loss=0.6861 train_acc=0.922 | val_loss=1.8878 val_acc=0.333
      ep16 train_loss=0.7159 train_acc=0.926 | val_loss=2.2987 val_acc=0.333
      ep17 train_loss=0.6384 train_acc=0.955 | val_loss=2.2463 val_acc=0.000
      ep18 train_loss=0.6364 train_acc=0.967 | val_loss=1.7739 val_acc=0.333
      ep19 train_loss=0.6557 train_acc=0.942 | val_loss=1.6786 val_acc=0.333
      ep20 train_loss=0.6292 train_acc=0.979 | val_loss=1.7782 val_acc=0.333
      ep21 train_loss=0.6473 train_acc=0.963 | val_loss=1.4168 val_acc=0.333
      ep22 train_loss=0.6078 train_acc=0.971 | val_loss=1.3207 val_acc=0.667
      ep23 train_loss=0.6673 train_acc=0.934 | val_loss=1.6441 val_acc=0.333
      ep24 train_loss=0.6505 train_acc=0.967 | val_loss=1.9645 val_acc=0.333
    fold acc=0.333 time=390.9s | running pooled acc=0.586

--- Fold 9/26 | test sub09 (13 test, 233 train) ---
      ep00 train_loss=1.6970 train_acc=0.386 | val_loss=1.0973 val_acc=0.692
      ep01 train_loss=1.3441 train_acc=0.481 | val_loss=0.9793 val_acc=0.538
      ep02 train_loss=1.2320 train_acc=0.575 | val_loss=0.8138 val_acc=0.692
      ep03 train_loss=1.0155 train_acc=0.712 | val_loss=1.0400 val_acc=0.615
      ep04 train_loss=1.1275 train_acc=0.661 | val_loss=1.0937 val_acc=0.615
      ep05 train_loss=1.0100 train_acc=0.674 | val_loss=1.0424 val_acc=0.615
      ep06 train_loss=1.0341 train_acc=0.734 | val_loss=0.6852 val_acc=0.692
      ep07 train_loss=0.8883 train_acc=0.803 | val_loss=0.6839 val_acc=0.769
      ep08 train_loss=0.8296 train_acc=0.828 | val_loss=0.6526 val_acc=0.846
      ep09 train_loss=0.8523 train_acc=0.850 | val_loss=1.1702 val_acc=0.692
      ep10 train_loss=0.7821 train_acc=0.850 | val_loss=1.0867 val_acc=0.692
      ep11 train_loss=0.7304 train_acc=0.884 | val_loss=1.1332 val_acc=0.615
      ep12 train_loss=0.7339 train_acc=0.931 | val_loss=0.8723 val_acc=0.692
      ep13 train_loss=0.7288 train_acc=0.927 | val_loss=0.9374 val_acc=0.615
      ep14 train_loss=0.7262 train_acc=0.923 | val_loss=1.0768 val_acc=0.615
      ep15 train_loss=0.7296 train_acc=0.897 | val_loss=0.8874 val_acc=0.692
      ep16 train_loss=0.6988 train_acc=0.931 | val_loss=0.7712 val_acc=0.692
      ep17 train_loss=0.6797 train_acc=0.944 | val_loss=0.8330 val_acc=0.692
      ep18 train_loss=0.6667 train_acc=0.961 | val_loss=0.8856 val_acc=0.538
      ep19 train_loss=0.7036 train_acc=0.923 | val_loss=0.8063 val_acc=0.692
      ep20 train_loss=0.6398 train_acc=0.970 | val_loss=0.7388 val_acc=0.769
      ep21 train_loss=0.6892 train_acc=0.940 | val_loss=0.8283 val_acc=0.692
      ep22 train_loss=0.6229 train_acc=0.983 | val_loss=0.7700 val_acc=0.692
      ep23 train_loss=0.6952 train_acc=0.953 | val_loss=0.6648 val_acc=0.769
      ep24 train_loss=0.6419 train_acc=0.983 | val_loss=0.7965 val_acc=0.692
    fold acc=0.692 time=378.1s | running pooled acc=0.602

--- Fold 10/26 | test sub10 (13 test, 233 train) ---
      ep00 train_loss=1.6594 train_acc=0.399 | val_loss=0.6537 val_acc=0.846
      ep01 train_loss=1.3015 train_acc=0.485 | val_loss=0.8760 val_acc=0.769
      ep02 train_loss=1.1401 train_acc=0.601 | val_loss=0.6602 val_acc=0.769
      ep03 train_loss=0.9911 train_acc=0.682 | val_loss=1.0229 val_acc=0.462
      ep04 train_loss=1.0960 train_acc=0.674 | val_loss=1.2729 val_acc=0.538
      ep05 train_loss=0.9537 train_acc=0.657 | val_loss=1.0510 val_acc=0.462
      ep06 train_loss=0.9802 train_acc=0.742 | val_loss=0.8404 val_acc=0.846
      ep07 train_loss=0.8134 train_acc=0.828 | val_loss=0.7067 val_acc=0.846
      ep08 train_loss=0.7731 train_acc=0.893 | val_loss=0.5255 val_acc=0.846
      ep09 train_loss=0.8262 train_acc=0.841 | val_loss=0.4649 val_acc=0.846
      ep10 train_loss=0.7983 train_acc=0.815 | val_loss=0.5702 val_acc=0.846
      ep11 train_loss=0.7098 train_acc=0.910 | val_loss=0.7723 val_acc=0.846
      ep12 train_loss=0.6840 train_acc=0.923 | val_loss=0.6137 val_acc=0.769
      ep13 train_loss=0.7233 train_acc=0.901 | val_loss=0.7181 val_acc=0.769
      ep14 train_loss=0.6410 train_acc=0.953 | val_loss=0.6158 val_acc=0.769
      ep15 train_loss=0.6551 train_acc=0.940 | val_loss=0.4031 val_acc=0.846
      ep16 train_loss=0.6617 train_acc=0.931 | val_loss=0.4816 val_acc=0.846
      ep17 train_loss=0.6292 train_acc=0.961 | val_loss=0.4461 val_acc=0.846
      ep18 train_loss=0.6137 train_acc=0.961 | val_loss=0.6641 val_acc=0.692
      ep19 train_loss=0.6630 train_acc=0.927 | val_loss=0.5353 val_acc=0.846
      ep20 train_loss=0.5969 train_acc=0.983 | val_loss=0.4932 val_acc=0.846
      ep21 train_loss=0.6278 train_acc=0.931 | val_loss=0.5596 val_acc=0.846
      ep22 train_loss=0.5860 train_acc=0.974 | val_loss=0.5171 val_acc=0.846
      ep23 train_loss=0.6568 train_acc=0.957 | val_loss=0.5705 val_acc=0.846
      ep24 train_loss=0.6026 train_acc=0.979 | val_loss=0.6487 val_acc=0.846
    fold acc=0.846 time=369.8s | running pooled acc=0.635

--- Fold 11/26 | test sub11 (10 test, 236 train) ---
      ep00 train_loss=1.6672 train_acc=0.331 | val_loss=0.9871 val_acc=0.600
      ep01 train_loss=1.3048 train_acc=0.530 | val_loss=1.0121 val_acc=0.500
      ep02 train_loss=1.0972 train_acc=0.644 | val_loss=0.9394 val_acc=0.500
      ep03 train_loss=1.0326 train_acc=0.678 | val_loss=1.0727 val_acc=0.700
      ep04 train_loss=1.0120 train_acc=0.699 | val_loss=0.8587 val_acc=0.600
      ep05 train_loss=0.9588 train_acc=0.737 | val_loss=0.8557 val_acc=0.800
      ep06 train_loss=0.9053 train_acc=0.733 | val_loss=0.9004 val_acc=0.600
      ep07 train_loss=0.9415 train_acc=0.729 | val_loss=0.8724 val_acc=0.600
      ep08 train_loss=0.7997 train_acc=0.805 | val_loss=0.5713 val_acc=0.700
      ep09 train_loss=0.7835 train_acc=0.856 | val_loss=0.8414 val_acc=0.600
      ep10 train_loss=0.7813 train_acc=0.831 | val_loss=0.6366 val_acc=0.800
      ep11 train_loss=0.7306 train_acc=0.886 | val_loss=0.7216 val_acc=0.700
      ep12 train_loss=0.6365 train_acc=0.970 | val_loss=0.5038 val_acc=0.900
      ep13 train_loss=0.7013 train_acc=0.919 | val_loss=0.6002 val_acc=0.800
      ep14 train_loss=0.6685 train_acc=0.949 | val_loss=0.7372 val_acc=0.800
      ep15 train_loss=0.6654 train_acc=0.936 | val_loss=0.7048 val_acc=0.600
      ep16 train_loss=0.6572 train_acc=0.932 | val_loss=0.9413 val_acc=0.600
      ep17 train_loss=0.6659 train_acc=0.953 | val_loss=0.8695 val_acc=0.600
      ep18 train_loss=0.6157 train_acc=0.975 | val_loss=0.6655 val_acc=0.600
      ep19 train_loss=0.6306 train_acc=0.958 | val_loss=0.8401 val_acc=0.600
      ep20 train_loss=0.6636 train_acc=0.941 | val_loss=0.7065 val_acc=0.600
      ep21 train_loss=0.6265 train_acc=0.958 | val_loss=0.6299 val_acc=0.800
      ep22 train_loss=0.5862 train_acc=0.996 | val_loss=0.6590 val_acc=0.600
      ep23 train_loss=0.5888 train_acc=0.983 | val_loss=0.7657 val_acc=0.600
      ep24 train_loss=0.6213 train_acc=0.975 | val_loss=0.7005 val_acc=0.600
    fold acc=0.800 time=373.5s | running pooled acc=0.651

--- Fold 12/26 | test sub12 (12 test, 234 train) ---
      ep00 train_loss=1.7284 train_acc=0.346 | val_loss=0.6815 val_acc=0.667
      ep01 train_loss=1.2991 train_acc=0.462 | val_loss=0.7746 val_acc=0.750
      ep02 train_loss=1.1468 train_acc=0.615 | val_loss=0.8983 val_acc=0.750
      ep03 train_loss=1.1142 train_acc=0.658 | val_loss=0.7079 val_acc=0.750
      ep04 train_loss=1.0251 train_acc=0.735 | val_loss=0.6895 val_acc=0.750
      ep05 train_loss=1.0130 train_acc=0.726 | val_loss=0.5809 val_acc=0.833
      ep06 train_loss=0.8790 train_acc=0.846 | val_loss=0.5046 val_acc=0.833
      ep07 train_loss=0.8676 train_acc=0.791 | val_loss=0.5830 val_acc=0.833
      ep08 train_loss=0.8684 train_acc=0.769 | val_loss=0.7227 val_acc=0.833
      ep09 train_loss=0.7625 train_acc=0.859 | val_loss=0.4840 val_acc=0.833
      ep10 train_loss=0.7584 train_acc=0.863 | val_loss=0.6849 val_acc=0.833
      ep11 train_loss=0.7434 train_acc=0.889 | val_loss=0.5388 val_acc=0.833
      ep12 train_loss=0.7435 train_acc=0.897 | val_loss=0.6899 val_acc=0.750
      ep13 train_loss=0.6999 train_acc=0.923 | val_loss=0.6408 val_acc=0.833
      ep14 train_loss=0.6896 train_acc=0.949 | val_loss=0.5804 val_acc=0.833
      ep15 train_loss=0.6768 train_acc=0.957 | val_loss=0.5120 val_acc=0.917
      ep16 train_loss=0.6644 train_acc=0.962 | val_loss=0.5301 val_acc=0.917
      ep17 train_loss=0.7035 train_acc=0.932 | val_loss=0.5672 val_acc=0.833
      ep18 train_loss=0.6583 train_acc=0.966 | val_loss=0.5644 val_acc=0.833
      ep19 train_loss=0.6518 train_acc=0.970 | val_loss=0.5812 val_acc=0.833
      ep20 train_loss=0.6149 train_acc=0.974 | val_loss=0.4565 val_acc=0.917
      ep21 train_loss=0.6341 train_acc=0.974 | val_loss=0.4203 val_acc=0.917
      ep22 train_loss=0.6245 train_acc=0.974 | val_loss=0.4953 val_acc=0.833
      ep23 train_loss=0.6514 train_acc=0.974 | val_loss=0.4923 val_acc=0.833
      ep24 train_loss=0.6307 train_acc=0.983 | val_loss=0.4623 val_acc=0.833
    fold acc=0.917 time=367.3s | running pooled acc=0.678

--- Fold 13/26 | test sub13 (8 test, 238 train) ---
      ep00 train_loss=1.7178 train_acc=0.332 | val_loss=1.6282 val_acc=0.375
      ep01 train_loss=1.2731 train_acc=0.508 | val_loss=1.4111 val_acc=0.250
      ep02 train_loss=1.1214 train_acc=0.643 | val_loss=1.2768 val_acc=0.375
      ep03 train_loss=1.1064 train_acc=0.626 | val_loss=1.3561 val_acc=0.250
      ep04 train_loss=0.9882 train_acc=0.744 | val_loss=0.7692 val_acc=0.500
      ep05 train_loss=0.9461 train_acc=0.748 | val_loss=0.4964 val_acc=1.000
      ep06 train_loss=0.8740 train_acc=0.794 | val_loss=0.6288 val_acc=0.625
      ep07 train_loss=0.9042 train_acc=0.790 | val_loss=0.5282 val_acc=0.625
      ep08 train_loss=0.8569 train_acc=0.845 | val_loss=0.7802 val_acc=0.500
      ep09 train_loss=0.8389 train_acc=0.782 | val_loss=0.9606 val_acc=0.625
      ep10 train_loss=0.7191 train_acc=0.895 | val_loss=0.9339 val_acc=0.500
      ep11 train_loss=0.7351 train_acc=0.895 | val_loss=0.6175 val_acc=0.875
      ep12 train_loss=0.7014 train_acc=0.941 | val_loss=0.7721 val_acc=0.750
      ep13 train_loss=0.7075 train_acc=0.916 | val_loss=0.8386 val_acc=0.750
      ep14 train_loss=0.6954 train_acc=0.924 | val_loss=0.8519 val_acc=0.750
      ep15 train_loss=0.6372 train_acc=0.941 | val_loss=0.5916 val_acc=0.750
      ep16 train_loss=0.6287 train_acc=0.958 | val_loss=0.7049 val_acc=0.750
      ep17 train_loss=0.6267 train_acc=0.958 | val_loss=0.6825 val_acc=0.750
      ep18 train_loss=0.6131 train_acc=0.987 | val_loss=0.6998 val_acc=0.750
      ep19 train_loss=0.6528 train_acc=0.941 | val_loss=0.6979 val_acc=0.625
      ep20 train_loss=0.6435 train_acc=0.929 | val_loss=0.6567 val_acc=0.750
      ep21 train_loss=0.6192 train_acc=0.979 | val_loss=0.6845 val_acc=0.750
      ep22 train_loss=0.6388 train_acc=0.962 | val_loss=0.6021 val_acc=0.625
      ep23 train_loss=0.6261 train_acc=0.962 | val_loss=0.6505 val_acc=0.625
      ep24 train_loss=0.6059 train_acc=0.987 | val_loss=0.5558 val_acc=0.875
    fold acc=0.750 time=359.6s | running pooled acc=0.683

--- Fold 14/26 | test sub14 (4 test, 242 train) ---
      ep00 train_loss=1.6528 train_acc=0.368 | val_loss=1.6205 val_acc=0.250
      ep01 train_loss=1.3259 train_acc=0.550 | val_loss=1.7208 val_acc=0.250
      ep02 train_loss=1.1442 train_acc=0.620 | val_loss=2.3086 val_acc=0.250
      ep03 train_loss=1.1455 train_acc=0.678 | val_loss=1.4705 val_acc=0.250
      ep04 train_loss=1.0345 train_acc=0.723 | val_loss=2.2525 val_acc=0.250
      ep05 train_loss=0.9571 train_acc=0.736 | val_loss=1.2274 val_acc=0.500
      ep06 train_loss=0.8439 train_acc=0.831 | val_loss=1.9145 val_acc=0.250
      ep07 train_loss=0.8458 train_acc=0.810 | val_loss=1.8436 val_acc=0.250
      ep08 train_loss=0.8598 train_acc=0.843 | val_loss=0.7634 val_acc=0.750
      ep09 train_loss=0.7366 train_acc=0.851 | val_loss=2.0269 val_acc=0.250
      ep10 train_loss=0.7542 train_acc=0.839 | val_loss=1.1900 val_acc=0.500
      ep11 train_loss=0.7215 train_acc=0.893 | val_loss=1.9231 val_acc=0.250
      ep12 train_loss=0.7855 train_acc=0.864 | val_loss=1.7198 val_acc=0.500
      ep13 train_loss=0.6967 train_acc=0.934 | val_loss=1.6828 val_acc=0.250
      ep14 train_loss=0.6979 train_acc=0.913 | val_loss=1.7160 val_acc=0.250
      ep15 train_loss=0.7263 train_acc=0.917 | val_loss=2.1394 val_acc=0.250
      ep16 train_loss=0.6614 train_acc=0.946 | val_loss=1.5181 val_acc=0.000
      ep17 train_loss=0.7199 train_acc=0.913 | val_loss=1.9334 val_acc=0.000
      ep18 train_loss=0.6705 train_acc=0.946 | val_loss=1.7470 val_acc=0.250
      ep19 train_loss=0.6403 train_acc=0.946 | val_loss=1.6612 val_acc=0.250
      ep20 train_loss=0.6374 train_acc=0.975 | val_loss=1.4608 val_acc=0.250
      ep21 train_loss=0.6539 train_acc=0.959 | val_loss=1.3534 val_acc=0.500
      ep22 train_loss=0.6398 train_acc=0.959 | val_loss=1.4206 val_acc=0.250
      ep23 train_loss=0.6169 train_acc=0.979 | val_loss=1.4297 val_acc=0.250
      ep24 train_loss=0.6538 train_acc=0.950 | val_loss=1.3077 val_acc=0.250
    fold acc=0.250 time=361.1s | running pooled acc=0.669

--- Fold 15/26 | test sub15 (3 test, 243 train) ---
      ep00 train_loss=1.6575 train_acc=0.354 | val_loss=1.2071 val_acc=0.667
      ep01 train_loss=1.2266 train_acc=0.543 | val_loss=1.7258 val_acc=0.667
      ep02 train_loss=1.1725 train_acc=0.588 | val_loss=0.8291 val_acc=0.667
      ep03 train_loss=1.0962 train_acc=0.667 | val_loss=1.6265 val_acc=0.667
      ep04 train_loss=0.9946 train_acc=0.691 | val_loss=0.4413 val_acc=1.000
      ep05 train_loss=0.9034 train_acc=0.786 | val_loss=1.0139 val_acc=0.667
      ep06 train_loss=0.8695 train_acc=0.790 | val_loss=0.3755 val_acc=1.000
      ep07 train_loss=0.9435 train_acc=0.786 | val_loss=1.0294 val_acc=0.333
      ep08 train_loss=0.8577 train_acc=0.811 | val_loss=0.9079 val_acc=0.667
      ep09 train_loss=0.8029 train_acc=0.840 | val_loss=0.6695 val_acc=0.333
      ep10 train_loss=0.7101 train_acc=0.909 | val_loss=0.7218 val_acc=0.333
      ep11 train_loss=0.7245 train_acc=0.905 | val_loss=0.2970 val_acc=1.000
      ep12 train_loss=0.7247 train_acc=0.893 | val_loss=0.6880 val_acc=0.667
      ep13 train_loss=0.7463 train_acc=0.909 | val_loss=0.8030 val_acc=0.333
      ep14 train_loss=0.6795 train_acc=0.951 | val_loss=0.5540 val_acc=0.667
      ep15 train_loss=0.6968 train_acc=0.918 | val_loss=0.7736 val_acc=0.667
      ep16 train_loss=0.6959 train_acc=0.922 | val_loss=1.0776 val_acc=0.667
      ep17 train_loss=0.6343 train_acc=0.963 | val_loss=0.8707 val_acc=0.667
      ep18 train_loss=0.6501 train_acc=0.971 | val_loss=0.5316 val_acc=1.000
      ep19 train_loss=0.6767 train_acc=0.938 | val_loss=0.5149 val_acc=1.000
      ep20 train_loss=0.6443 train_acc=0.967 | val_loss=0.6582 val_acc=0.667
      ep21 train_loss=0.6229 train_acc=0.971 | val_loss=0.6787 val_acc=0.667
      ep22 train_loss=0.6231 train_acc=0.971 | val_loss=0.7272 val_acc=0.667
      ep23 train_loss=0.6650 train_acc=0.951 | val_loss=0.5912 val_acc=0.667
      ep24 train_loss=0.6632 train_acc=0.963 | val_loss=0.8080 val_acc=0.667
    fold acc=0.667 time=359.5s | running pooled acc=0.669

--- Fold 16/26 | test sub16 (4 test, 242 train) ---
      ep00 train_loss=1.6505 train_acc=0.360 | val_loss=1.5477 val_acc=0.250
      ep01 train_loss=1.3367 train_acc=0.525 | val_loss=1.2978 val_acc=0.500
      ep02 train_loss=1.1682 train_acc=0.599 | val_loss=1.7603 val_acc=0.250
      ep03 train_loss=1.0978 train_acc=0.674 | val_loss=1.8325 val_acc=0.000
      ep04 train_loss=1.0115 train_acc=0.719 | val_loss=1.1426 val_acc=0.500
      ep05 train_loss=0.9401 train_acc=0.748 | val_loss=1.1781 val_acc=0.250
      ep06 train_loss=0.8465 train_acc=0.810 | val_loss=1.2818 val_acc=0.250
      ep07 train_loss=0.8380 train_acc=0.793 | val_loss=2.1653 val_acc=0.250
      ep08 train_loss=0.8595 train_acc=0.818 | val_loss=1.1071 val_acc=0.500
      ep09 train_loss=0.8036 train_acc=0.864 | val_loss=1.4246 val_acc=0.500
      ep10 train_loss=0.7991 train_acc=0.835 | val_loss=1.3561 val_acc=0.500
      ep11 train_loss=0.7475 train_acc=0.901 | val_loss=1.2359 val_acc=0.500
      ep12 train_loss=0.7682 train_acc=0.884 | val_loss=1.4919 val_acc=0.250
      ep13 train_loss=0.7027 train_acc=0.909 | val_loss=1.5002 val_acc=0.500
      ep14 train_loss=0.7124 train_acc=0.901 | val_loss=1.0623 val_acc=0.500
      ep15 train_loss=0.7240 train_acc=0.921 | val_loss=0.9729 val_acc=0.500
      ep16 train_loss=0.6640 train_acc=0.955 | val_loss=1.1984 val_acc=0.500
      ep17 train_loss=0.6967 train_acc=0.942 | val_loss=1.0144 val_acc=0.750
      ep18 train_loss=0.6539 train_acc=0.959 | val_loss=1.5181 val_acc=0.250
      ep19 train_loss=0.6238 train_acc=0.975 | val_loss=1.2084 val_acc=0.500
      ep20 train_loss=0.6560 train_acc=0.955 | val_loss=1.0862 val_acc=0.500
      ep21 train_loss=0.6496 train_acc=0.959 | val_loss=1.1122 val_acc=0.250
      ep22 train_loss=0.6379 train_acc=0.959 | val_loss=1.2403 val_acc=0.250
      ep23 train_loss=0.6113 train_acc=0.967 | val_loss=1.0361 val_acc=0.500
      ep24 train_loss=0.6525 train_acc=0.959 | val_loss=1.1098 val_acc=0.500
    fold acc=0.500 time=355.0s | running pooled acc=0.664

--- Fold 17/26 | test sub17 (34 test, 212 train) ---
      ep00 train_loss=1.6975 train_acc=0.335 | val_loss=1.1965 val_acc=0.500
      ep01 train_loss=1.3211 train_acc=0.509 | val_loss=1.1036 val_acc=0.618
      ep02 train_loss=1.1308 train_acc=0.637 | val_loss=1.0198 val_acc=0.588
      ep03 train_loss=1.1661 train_acc=0.613 | val_loss=0.9827 val_acc=0.618
      ep04 train_loss=0.9922 train_acc=0.769 | val_loss=0.9848 val_acc=0.529
      ep05 train_loss=1.0075 train_acc=0.698 | val_loss=0.9058 val_acc=0.647
      ep06 train_loss=0.8686 train_acc=0.778 | val_loss=1.2219 val_acc=0.500
      ep07 train_loss=0.8977 train_acc=0.811 | val_loss=1.3804 val_acc=0.500
      ep08 train_loss=0.8498 train_acc=0.825 | val_loss=0.9678 val_acc=0.706
      ep09 train_loss=0.8737 train_acc=0.825 | val_loss=1.2354 val_acc=0.500
      ep10 train_loss=0.8607 train_acc=0.830 | val_loss=1.0700 val_acc=0.559
      ep11 train_loss=0.7181 train_acc=0.896 | val_loss=1.3163 val_acc=0.500
      ep12 train_loss=0.8105 train_acc=0.882 | val_loss=1.3981 val_acc=0.441
      ep13 train_loss=0.7803 train_acc=0.868 | val_loss=1.0499 val_acc=0.529
      ep14 train_loss=0.7881 train_acc=0.901 | val_loss=1.1010 val_acc=0.529
      ep15 train_loss=0.7237 train_acc=0.925 | val_loss=0.9484 val_acc=0.647
      ep16 train_loss=0.7179 train_acc=0.925 | val_loss=1.1550 val_acc=0.529
      ep17 train_loss=0.7053 train_acc=0.929 | val_loss=1.0781 val_acc=0.500
      ep18 train_loss=0.6775 train_acc=0.962 | val_loss=0.8204 val_acc=0.676
      ep19 train_loss=0.7175 train_acc=0.948 | val_loss=0.9671 val_acc=0.676
      ep20 train_loss=0.6565 train_acc=0.972 | val_loss=0.9971 val_acc=0.618
      ep21 train_loss=0.7089 train_acc=0.925 | val_loss=0.9596 val_acc=0.618
      ep22 train_loss=0.6652 train_acc=0.967 | val_loss=1.1352 val_acc=0.588
      ep23 train_loss=0.6806 train_acc=0.958 | val_loss=1.0327 val_acc=0.588
      ep24 train_loss=0.6806 train_acc=0.958 | val_loss=0.9635 val_acc=0.618
    fold acc=0.647 time=337.7s | running pooled acc=0.661

--- Fold 18/26 | test sub18 (3 test, 243 train) ---
      ep00 train_loss=1.6388 train_acc=0.370 | val_loss=1.8187 val_acc=0.333
      ep01 train_loss=1.2015 train_acc=0.572 | val_loss=0.8809 val_acc=1.000
      ep02 train_loss=1.1501 train_acc=0.617 | val_loss=1.5526 val_acc=0.333
      ep03 train_loss=1.1358 train_acc=0.671 | val_loss=0.6110 val_acc=0.667
      ep04 train_loss=1.0261 train_acc=0.663 | val_loss=0.9303 val_acc=1.000
      ep05 train_loss=0.8747 train_acc=0.802 | val_loss=0.4393 val_acc=1.000
      ep06 train_loss=0.8774 train_acc=0.844 | val_loss=2.0059 val_acc=0.667
      ep07 train_loss=0.9059 train_acc=0.774 | val_loss=0.8771 val_acc=0.333
      ep08 train_loss=0.8144 train_acc=0.856 | val_loss=1.6734 val_acc=0.667
      ep09 train_loss=0.7908 train_acc=0.852 | val_loss=0.6605 val_acc=0.667
      ep10 train_loss=0.7585 train_acc=0.881 | val_loss=0.5060 val_acc=0.667
      ep11 train_loss=0.6766 train_acc=0.922 | val_loss=0.8425 val_acc=0.667
      ep12 train_loss=0.6998 train_acc=0.897 | val_loss=0.5734 val_acc=0.667
      ep13 train_loss=0.7299 train_acc=0.901 | val_loss=0.5761 val_acc=0.667
      ep14 train_loss=0.6766 train_acc=0.951 | val_loss=0.5319 val_acc=0.667
      ep15 train_loss=0.6736 train_acc=0.955 | val_loss=0.7658 val_acc=0.667
      ep16 train_loss=0.6557 train_acc=0.930 | val_loss=0.5829 val_acc=0.667
      ep17 train_loss=0.6217 train_acc=0.971 | val_loss=0.4678 val_acc=0.667
      ep18 train_loss=0.6226 train_acc=0.975 | val_loss=0.5873 val_acc=0.667
      ep19 train_loss=0.6507 train_acc=0.955 | val_loss=0.6873 val_acc=0.667
      ep20 train_loss=0.6248 train_acc=0.967 | val_loss=0.5337 val_acc=0.667
      ep21 train_loss=0.6171 train_acc=0.963 | val_loss=0.6431 val_acc=0.667
      ep22 train_loss=0.6241 train_acc=0.971 | val_loss=0.7237 val_acc=0.667
      ep23 train_loss=0.6852 train_acc=0.938 | val_loss=0.6745 val_acc=0.667
      ep24 train_loss=0.6312 train_acc=0.963 | val_loss=0.6354 val_acc=0.667
    fold acc=0.667 time=350.0s | running pooled acc=0.661

--- Fold 19/26 | test sub19 (15 test, 231 train) ---
      ep00 train_loss=1.6214 train_acc=0.424 | val_loss=1.3942 val_acc=0.333
      ep01 train_loss=1.3122 train_acc=0.532 | val_loss=0.8753 val_acc=0.733
      ep02 train_loss=1.1703 train_acc=0.623 | val_loss=0.8236 val_acc=0.600
      ep03 train_loss=1.0431 train_acc=0.693 | val_loss=0.7870 val_acc=0.667
      ep04 train_loss=1.0155 train_acc=0.684 | val_loss=0.6158 val_acc=0.867
      ep05 train_loss=1.0441 train_acc=0.710 | val_loss=0.9256 val_acc=0.800
      ep06 train_loss=0.8907 train_acc=0.810 | val_loss=1.0163 val_acc=0.733
      ep07 train_loss=0.8792 train_acc=0.823 | val_loss=0.8369 val_acc=0.667
      ep08 train_loss=0.8344 train_acc=0.835 | val_loss=0.6056 val_acc=0.800
      ep09 train_loss=0.7602 train_acc=0.905 | val_loss=0.8956 val_acc=0.733
      ep10 train_loss=0.7798 train_acc=0.874 | val_loss=0.8094 val_acc=0.800
      ep11 train_loss=0.7560 train_acc=0.861 | val_loss=0.7353 val_acc=0.867
      ep12 train_loss=0.7229 train_acc=0.931 | val_loss=0.9550 val_acc=0.600
      ep13 train_loss=0.7537 train_acc=0.870 | val_loss=0.8963 val_acc=0.600
      ep14 train_loss=0.6964 train_acc=0.939 | val_loss=0.9261 val_acc=0.667
      ep15 train_loss=0.6791 train_acc=0.961 | val_loss=1.0160 val_acc=0.733
      ep16 train_loss=0.6711 train_acc=0.952 | val_loss=1.1312 val_acc=0.667
      ep17 train_loss=0.7359 train_acc=0.913 | val_loss=1.1532 val_acc=0.733
      ep18 train_loss=0.6667 train_acc=0.944 | val_loss=0.9573 val_acc=0.667
      ep19 train_loss=0.6749 train_acc=0.952 | val_loss=0.8158 val_acc=0.733
      ep20 train_loss=0.6718 train_acc=0.948 | val_loss=0.9684 val_acc=0.733
      ep21 train_loss=0.6755 train_acc=0.965 | val_loss=0.9811 val_acc=0.600
      ep22 train_loss=0.6676 train_acc=0.957 | val_loss=0.9734 val_acc=0.733
      ep23 train_loss=0.6856 train_acc=0.965 | val_loss=0.9220 val_acc=0.733
      ep24 train_loss=0.6815 train_acc=0.957 | val_loss=0.8499 val_acc=0.600
    fold acc=0.667 time=345.9s | running pooled acc=0.661

--- Fold 20/26 | test sub20 (11 test, 235 train) ---
      ep00 train_loss=1.6589 train_acc=0.379 | val_loss=1.1695 val_acc=0.364
      ep01 train_loss=1.2103 train_acc=0.557 | val_loss=1.1906 val_acc=0.455
      ep02 train_loss=1.1077 train_acc=0.634 | val_loss=1.5721 val_acc=0.273
      ep03 train_loss=1.0487 train_acc=0.681 | val_loss=1.0827 val_acc=0.636
      ep04 train_loss=1.0093 train_acc=0.668 | val_loss=1.6926 val_acc=0.364
      ep05 train_loss=0.9355 train_acc=0.715 | val_loss=1.4912 val_acc=0.273
      ep06 train_loss=0.9292 train_acc=0.719 | val_loss=1.2159 val_acc=0.545
      ep07 train_loss=0.8139 train_acc=0.796 | val_loss=1.4019 val_acc=0.364
      ep08 train_loss=0.7866 train_acc=0.851 | val_loss=1.7641 val_acc=0.455
      ep09 train_loss=0.7730 train_acc=0.868 | val_loss=1.0893 val_acc=0.636
      ep10 train_loss=0.7136 train_acc=0.889 | val_loss=1.7664 val_acc=0.455
      ep11 train_loss=0.6652 train_acc=0.915 | val_loss=1.5448 val_acc=0.545
      ep12 train_loss=0.7803 train_acc=0.864 | val_loss=1.0344 val_acc=0.636
      ep13 train_loss=0.6760 train_acc=0.919 | val_loss=1.4058 val_acc=0.455
      ep14 train_loss=0.6961 train_acc=0.894 | val_loss=1.1186 val_acc=0.636
      ep15 train_loss=0.6816 train_acc=0.902 | val_loss=0.7657 val_acc=0.727
      ep16 train_loss=0.6764 train_acc=0.906 | val_loss=1.1827 val_acc=0.636
      ep17 train_loss=0.6271 train_acc=0.953 | val_loss=0.7433 val_acc=0.636
      ep18 train_loss=0.6790 train_acc=0.936 | val_loss=0.9833 val_acc=0.636
      ep19 train_loss=0.6371 train_acc=0.953 | val_loss=1.1846 val_acc=0.545
      ep20 train_loss=0.6048 train_acc=0.979 | val_loss=1.1321 val_acc=0.545
      ep21 train_loss=0.6436 train_acc=0.945 | val_loss=1.1184 val_acc=0.636
      ep22 train_loss=0.6165 train_acc=0.962 | val_loss=1.2316 val_acc=0.636
      ep23 train_loss=0.6463 train_acc=0.957 | val_loss=1.1781 val_acc=0.545
      ep24 train_loss=0.6231 train_acc=0.957 | val_loss=0.9242 val_acc=0.727
    fold acc=0.545 time=349.2s | running pooled acc=0.655

--- Fold 21/26 | test sub21 (2 test, 244 train) ---
      ep00 train_loss=1.6690 train_acc=0.361 | val_loss=0.9898 val_acc=0.500
      ep01 train_loss=1.2180 train_acc=0.537 | val_loss=1.3352 val_acc=0.500
      ep02 train_loss=1.0546 train_acc=0.656 | val_loss=2.5349 val_acc=0.500
      ep03 train_loss=1.0070 train_acc=0.697 | val_loss=2.2399 val_acc=0.500
      ep04 train_loss=1.0231 train_acc=0.721 | val_loss=2.1770 val_acc=0.500
      ep05 train_loss=1.0706 train_acc=0.676 | val_loss=2.2301 val_acc=0.500
      ep06 train_loss=0.9368 train_acc=0.766 | val_loss=2.6809 val_acc=0.500
      ep07 train_loss=0.8548 train_acc=0.824 | val_loss=3.2522 val_acc=0.500
      ep08 train_loss=0.7828 train_acc=0.848 | val_loss=2.3675 val_acc=0.500
      ep09 train_loss=0.7510 train_acc=0.898 | val_loss=1.9091 val_acc=0.500
      ep10 train_loss=0.7057 train_acc=0.914 | val_loss=2.2233 val_acc=0.500
      ep11 train_loss=0.7415 train_acc=0.873 | val_loss=2.9467 val_acc=0.500
      ep12 train_loss=0.7548 train_acc=0.877 | val_loss=2.3163 val_acc=0.500
      ep13 train_loss=0.7377 train_acc=0.902 | val_loss=2.9907 val_acc=0.500
      ep14 train_loss=0.6546 train_acc=0.930 | val_loss=2.4036 val_acc=0.500
      ep15 train_loss=0.6798 train_acc=0.939 | val_loss=2.8628 val_acc=0.500
      ep16 train_loss=0.6601 train_acc=0.943 | val_loss=2.4362 val_acc=0.500
      ep17 train_loss=0.6672 train_acc=0.959 | val_loss=2.7813 val_acc=0.500
      ep18 train_loss=0.6518 train_acc=0.947 | val_loss=2.4724 val_acc=0.500
      ep19 train_loss=0.5982 train_acc=0.975 | val_loss=2.8043 val_acc=0.500
      ep20 train_loss=0.6179 train_acc=0.959 | val_loss=2.7211 val_acc=0.500
      ep21 train_loss=0.6453 train_acc=0.934 | val_loss=2.9300 val_acc=0.500
      ep22 train_loss=0.6738 train_acc=0.951 | val_loss=2.6698 val_acc=0.500
      ep23 train_loss=0.6147 train_acc=0.984 | val_loss=2.7399 val_acc=0.500
      ep24 train_loss=0.6088 train_acc=0.988 | val_loss=2.7493 val_acc=0.500
    fold acc=0.500 time=350.2s | running pooled acc=0.653

--- Fold 22/26 | test sub22 (2 test, 244 train) ---
      ep00 train_loss=1.6943 train_acc=0.352 | val_loss=0.7073 val_acc=1.000
      ep01 train_loss=1.2434 train_acc=0.549 | val_loss=0.7935 val_acc=1.000
      ep02 train_loss=1.0756 train_acc=0.656 | val_loss=0.0337 val_acc=1.000
      ep03 train_loss=1.0211 train_acc=0.689 | val_loss=0.0777 val_acc=1.000
      ep04 train_loss=1.0599 train_acc=0.697 | val_loss=0.3326 val_acc=1.000
      ep05 train_loss=1.0753 train_acc=0.713 | val_loss=0.0074 val_acc=1.000
      ep06 train_loss=0.9321 train_acc=0.766 | val_loss=0.0132 val_acc=1.000
      ep07 train_loss=0.8694 train_acc=0.799 | val_loss=0.0139 val_acc=1.000
      ep08 train_loss=0.7825 train_acc=0.820 | val_loss=0.4051 val_acc=1.000
      ep09 train_loss=0.7882 train_acc=0.869 | val_loss=0.0174 val_acc=1.000
      ep10 train_loss=0.7224 train_acc=0.881 | val_loss=0.0129 val_acc=1.000
      ep11 train_loss=0.7537 train_acc=0.869 | val_loss=0.0065 val_acc=1.000
      ep12 train_loss=0.7274 train_acc=0.910 | val_loss=0.0158 val_acc=1.000
      ep13 train_loss=0.7545 train_acc=0.910 | val_loss=0.0222 val_acc=1.000
      ep14 train_loss=0.6536 train_acc=0.934 | val_loss=0.0808 val_acc=1.000
      ep15 train_loss=0.7001 train_acc=0.951 | val_loss=0.1199 val_acc=1.000
      ep16 train_loss=0.6594 train_acc=0.967 | val_loss=0.0214 val_acc=1.000
      ep17 train_loss=0.6763 train_acc=0.955 | val_loss=0.0093 val_acc=1.000
      ep18 train_loss=0.6783 train_acc=0.926 | val_loss=0.0186 val_acc=1.000
      ep19 train_loss=0.6058 train_acc=0.975 | val_loss=0.0184 val_acc=1.000
      ep20 train_loss=0.6226 train_acc=0.963 | val_loss=0.0233 val_acc=1.000
      ep21 train_loss=0.6590 train_acc=0.959 | val_loss=0.0156 val_acc=1.000
      ep22 train_loss=0.6769 train_acc=0.926 | val_loss=0.0432 val_acc=1.000
      ep23 train_loss=0.6409 train_acc=0.967 | val_loss=0.0264 val_acc=1.000
      ep24 train_loss=0.6241 train_acc=0.984 | val_loss=0.0298 val_acc=1.000
    fold acc=1.000 time=350.3s | running pooled acc=0.657

--- Fold 23/26 | test sub23 (12 test, 234 train) ---
      ep00 train_loss=1.6802 train_acc=0.380 | val_loss=1.0037 val_acc=0.583
      ep01 train_loss=1.3195 train_acc=0.487 | val_loss=0.6018 val_acc=0.833
      ep02 train_loss=1.1574 train_acc=0.632 | val_loss=0.6407 val_acc=1.000
      ep03 train_loss=0.9854 train_acc=0.688 | val_loss=0.6761 val_acc=0.750
      ep04 train_loss=0.9913 train_acc=0.714 | val_loss=0.6771 val_acc=0.667
      ep05 train_loss=0.9487 train_acc=0.774 | val_loss=0.4959 val_acc=0.917
      ep06 train_loss=0.9453 train_acc=0.722 | val_loss=0.5887 val_acc=0.833
      ep07 train_loss=0.8289 train_acc=0.799 | val_loss=0.4297 val_acc=0.917
      ep08 train_loss=0.7814 train_acc=0.868 | val_loss=0.7259 val_acc=0.667
      ep09 train_loss=0.8155 train_acc=0.863 | val_loss=0.5824 val_acc=0.917
      ep10 train_loss=0.7779 train_acc=0.855 | val_loss=0.7583 val_acc=0.667
      ep11 train_loss=0.7276 train_acc=0.906 | val_loss=0.6381 val_acc=0.917
      ep12 train_loss=0.7107 train_acc=0.919 | val_loss=0.6199 val_acc=0.750
      ep13 train_loss=0.6808 train_acc=0.940 | val_loss=0.6427 val_acc=0.917
      ep14 train_loss=0.6786 train_acc=0.953 | val_loss=0.7391 val_acc=0.583
      ep15 train_loss=0.6733 train_acc=0.936 | val_loss=0.4870 val_acc=0.750
      ep16 train_loss=0.6483 train_acc=0.944 | val_loss=0.3903 val_acc=0.833
      ep17 train_loss=0.6693 train_acc=0.940 | val_loss=0.5301 val_acc=0.750
      ep18 train_loss=0.6075 train_acc=0.962 | val_loss=0.5758 val_acc=0.750
      ep19 train_loss=0.6408 train_acc=0.957 | val_loss=0.6081 val_acc=0.833
      ep20 train_loss=0.6313 train_acc=0.970 | val_loss=0.5585 val_acc=0.833
      ep21 train_loss=0.5935 train_acc=0.991 | val_loss=0.5358 val_acc=0.833
      ep22 train_loss=0.6376 train_acc=0.949 | val_loss=0.5075 val_acc=0.833
      ep23 train_loss=0.6369 train_acc=0.966 | val_loss=0.5637 val_acc=0.833
      ep24 train_loss=0.6978 train_acc=0.932 | val_loss=0.5212 val_acc=0.833
    fold acc=0.917 time=346.2s | running pooled acc=0.671

--- Fold 24/26 | test sub24 (7 test, 239 train) ---
      ep00 train_loss=1.6753 train_acc=0.339 | val_loss=1.3218 val_acc=0.429
      ep01 train_loss=1.2581 train_acc=0.515 | val_loss=1.1018 val_acc=0.571
      ep02 train_loss=1.0576 train_acc=0.653 | val_loss=1.0445 val_acc=0.429
      ep03 train_loss=1.0146 train_acc=0.678 | val_loss=1.0372 val_acc=0.714
      ep04 train_loss=1.0625 train_acc=0.695 | val_loss=1.2213 val_acc=0.571
      ep05 train_loss=0.9576 train_acc=0.753 | val_loss=1.3272 val_acc=0.714
      ep06 train_loss=0.9194 train_acc=0.762 | val_loss=1.3815 val_acc=0.571
      ep07 train_loss=0.8634 train_acc=0.824 | val_loss=1.0783 val_acc=0.571
      ep08 train_loss=0.8075 train_acc=0.828 | val_loss=1.3674 val_acc=0.571
      ep09 train_loss=0.7682 train_acc=0.870 | val_loss=1.2249 val_acc=0.571
      ep10 train_loss=0.7226 train_acc=0.912 | val_loss=1.4089 val_acc=0.571
      ep11 train_loss=0.7050 train_acc=0.887 | val_loss=1.4445 val_acc=0.571
      ep12 train_loss=0.7010 train_acc=0.912 | val_loss=1.4692 val_acc=0.571
      ep13 train_loss=0.6715 train_acc=0.925 | val_loss=1.2930 val_acc=0.429
      ep14 train_loss=0.6426 train_acc=0.954 | val_loss=1.2969 val_acc=0.429
      ep15 train_loss=0.6550 train_acc=0.925 | val_loss=0.9617 val_acc=0.571
      ep16 train_loss=0.6521 train_acc=0.946 | val_loss=1.2216 val_acc=0.571
      ep17 train_loss=0.6655 train_acc=0.921 | val_loss=1.2396 val_acc=0.571
      ep18 train_loss=0.6371 train_acc=0.950 | val_loss=1.2090 val_acc=0.571
      ep19 train_loss=0.6222 train_acc=0.958 | val_loss=1.1412 val_acc=0.571
      ep20 train_loss=0.6537 train_acc=0.958 | val_loss=1.2044 val_acc=0.571
      ep21 train_loss=0.6063 train_acc=0.971 | val_loss=1.2588 val_acc=0.571
      ep22 train_loss=0.6322 train_acc=0.962 | val_loss=1.2150 val_acc=0.571
      ep23 train_loss=0.6476 train_acc=0.975 | val_loss=1.2797 val_acc=0.571
      ep24 train_loss=0.6290 train_acc=0.967 | val_loss=1.2082 val_acc=0.571
    fold acc=0.571 time=348.4s | running pooled acc=0.668

--- Fold 25/26 | test sub25 (7 test, 239 train) ---
      ep00 train_loss=1.6919 train_acc=0.331 | val_loss=1.2383 val_acc=0.286
      ep01 train_loss=1.2822 train_acc=0.519 | val_loss=1.4184 val_acc=0.429
      ep02 train_loss=1.1109 train_acc=0.603 | val_loss=1.1537 val_acc=0.571
      ep03 train_loss=1.0109 train_acc=0.690 | val_loss=1.3520 val_acc=0.286
      ep04 train_loss=1.0214 train_acc=0.690 | val_loss=1.6937 val_acc=0.286
      ep05 train_loss=0.9694 train_acc=0.736 | val_loss=1.2505 val_acc=0.429
      ep06 train_loss=0.9332 train_acc=0.745 | val_loss=0.9742 val_acc=0.571
      ep07 train_loss=0.8901 train_acc=0.816 | val_loss=1.0379 val_acc=0.571
      ep08 train_loss=0.7736 train_acc=0.858 | val_loss=1.0739 val_acc=0.429
      ep09 train_loss=0.7825 train_acc=0.879 | val_loss=1.0497 val_acc=0.571
      ep10 train_loss=0.7736 train_acc=0.866 | val_loss=1.6757 val_acc=0.286
      ep11 train_loss=0.7073 train_acc=0.921 | val_loss=1.0520 val_acc=0.571
      ep12 train_loss=0.7004 train_acc=0.916 | val_loss=0.8285 val_acc=0.571
      ep13 train_loss=0.6672 train_acc=0.916 | val_loss=0.8848 val_acc=0.429
      ep14 train_loss=0.6640 train_acc=0.958 | val_loss=0.6962 val_acc=0.857
      ep15 train_loss=0.6337 train_acc=0.962 | val_loss=0.7592 val_acc=0.571
      ep16 train_loss=0.6657 train_acc=0.946 | val_loss=0.8998 val_acc=0.571
      ep17 train_loss=0.6713 train_acc=0.950 | val_loss=0.8263 val_acc=0.571
      ep18 train_loss=0.6296 train_acc=0.971 | val_loss=0.7713 val_acc=0.571
      ep19 train_loss=0.6319 train_acc=0.975 | val_loss=0.6484 val_acc=0.857
      ep20 train_loss=0.6684 train_acc=0.967 | val_loss=0.7317 val_acc=0.571
      ep21 train_loss=0.6220 train_acc=0.967 | val_loss=0.7418 val_acc=0.857
      ep22 train_loss=0.6384 train_acc=0.958 | val_loss=0.7189 val_acc=0.857
      ep23 train_loss=0.6525 train_acc=0.958 | val_loss=0.6328 val_acc=0.714
      ep24 train_loss=0.6283 train_acc=0.971 | val_loss=0.6373 val_acc=0.857
    fold acc=0.714 time=368.2s | running pooled acc=0.670

--- Fold 26/26 | test sub26 (16 test, 230 train) ---
      ep00 train_loss=1.6438 train_acc=0.352 | val_loss=1.0647 val_acc=0.562
      ep01 train_loss=1.2874 train_acc=0.513 | val_loss=1.6093 val_acc=0.312
      ep02 train_loss=1.1191 train_acc=0.648 | val_loss=1.0597 val_acc=0.500
      ep03 train_loss=1.0476 train_acc=0.691 | val_loss=1.3974 val_acc=0.375
      ep04 train_loss=0.9694 train_acc=0.717 | val_loss=1.2408 val_acc=0.562
      ep05 train_loss=0.9837 train_acc=0.739 | val_loss=2.3400 val_acc=0.188
      ep06 train_loss=0.8524 train_acc=0.796 | val_loss=1.3046 val_acc=0.375
      ep07 train_loss=0.8534 train_acc=0.826 | val_loss=2.1784 val_acc=0.188
      ep08 train_loss=0.7980 train_acc=0.830 | val_loss=1.7181 val_acc=0.312
      ep09 train_loss=0.7427 train_acc=0.900 | val_loss=1.9210 val_acc=0.375
      ep10 train_loss=0.8177 train_acc=0.800 | val_loss=2.1774 val_acc=0.250
      ep11 train_loss=0.7182 train_acc=0.891 | val_loss=1.8673 val_acc=0.375
      ep12 train_loss=0.7277 train_acc=0.887 | val_loss=1.5245 val_acc=0.312
      ep13 train_loss=0.6957 train_acc=0.913 | val_loss=1.7270 val_acc=0.250
      ep14 train_loss=0.6905 train_acc=0.922 | val_loss=1.6757 val_acc=0.188
      ep15 train_loss=0.6662 train_acc=0.939 | val_loss=1.7249 val_acc=0.312
      ep16 train_loss=0.7075 train_acc=0.900 | val_loss=1.3909 val_acc=0.375
      ep17 train_loss=0.6160 train_acc=0.965 | val_loss=1.6502 val_acc=0.188
      ep18 train_loss=0.6460 train_acc=0.961 | val_loss=1.5836 val_acc=0.375
      ep19 train_loss=0.6227 train_acc=0.983 | val_loss=2.1120 val_acc=0.250
      ep20 train_loss=0.6262 train_acc=0.952 | val_loss=1.7816 val_acc=0.250
      ep21 train_loss=0.6504 train_acc=0.970 | val_loss=1.5872 val_acc=0.250
      ep22 train_loss=0.5928 train_acc=0.965 | val_loss=1.9756 val_acc=0.312
      ep23 train_loss=0.6018 train_acc=0.987 | val_loss=1.7954 val_acc=0.188
      ep24 train_loss=0.6064 train_acc=0.974 | val_loss=1.8951 val_acc=0.312
    fold acc=0.250 time=370.2s | running pooled acc=0.642

=== FINAL (pooled LOSO) ===
UF1 = 0.6711
UAR = 0.6924
ACC = 0.6423
per-class F1: happiness=0.580, disgust=0.622, repression=0.644, surprise=0.906, others=0.604
per-class recall: happiness=0.625, disgust=0.587, repression=0.704, surprise=0.960, others=0.586
confusion matrix (rows=true):
        happin disgus repres surpri others
happine     20      1      2      2      7
disgust      3     37      1      0     22
repress      2      0     19      0      6
surpris      0      0      1     24      0
 others     12     18      9      2     58

saved to D:\AI-Projects\casmeII-new-from-sequence-model\experiments\iter_08
elapsed 9740.1s
