=== EXPERIMENT iter_37_r3d_diff_evalshift ===
time: 2026-07-20T16:53:05.787118
device: cuda (NVIDIA GeForce RTX 3060)
platform: Windows-10-10.0.26200-SP0 | torch 2.6.0+cu124
config:
{
  "seed": 42,
  "T": 16,
  "img_size": 112,
  "base_size": 128,
  "input_mode": "diff",
  "backbone": "r3d_18",
  "pretrained": true,
  "dropout": 0.5,
  "epochs": 25,
  "lr": 0.0001,
  "weight_decay": 0.001,
  "batch_size": 6,
  "class_weighting": true,
  "label_smoothing": 0.1,
  "hflip": true,
  "color_jitter": 0.0,
  "temporal_jitter": true,
  "amp": true,
  "eval_last_k": 3,
  "tta": 5,
  "cache_dir": "cache/frames128",
  "index": "cache/index_emotion.csv",
  "class_names": [
    "happiness",
    "disgust",
    "repression",
    "surprise",
    "others"
  ],
  "name": "iter_37_r3d_diff_evalshift",
  "modality": "rgb",
  "temporal_span": "onset_offset",
  "eval_rand_start": true,
  "random_erase": 0.1
}
samples: 246 | classes: 5 ['happiness', 'disgust', 'repression', 'surprise', 'others']
loading arrays into RAM...
loaded 246 arrays

--- Fold 1/26 | test sub01 (9 test, 237 train) ---
      ep00 train_loss=1.7255 train_acc=0.304 | val_loss=2.0293 val_acc=0.111
      ep01 train_loss=1.5975 train_acc=0.325 | val_loss=1.3020 val_acc=0.667
      ep02 train_loss=1.5110 train_acc=0.363 | val_loss=1.4312 val_acc=0.556
      ep03 train_loss=1.4124 train_acc=0.418 | val_loss=1.4860 val_acc=0.111
      ep04 train_loss=1.3528 train_acc=0.451 | val_loss=1.2308 val_acc=0.667
      ep05 train_loss=1.1818 train_acc=0.553 | val_loss=1.3174 val_acc=0.556
      ep06 train_loss=1.1898 train_acc=0.553 | val_loss=1.2222 val_acc=0.333
      ep07 train_loss=1.1026 train_acc=0.641 | val_loss=0.9617 val_acc=0.556
      ep08 train_loss=1.1411 train_acc=0.549 | val_loss=0.9880 val_acc=0.667
      ep09 train_loss=1.0764 train_acc=0.692 | val_loss=1.2591 val_acc=0.444
      ep10 train_loss=1.0461 train_acc=0.684 | val_loss=1.3475 val_acc=0.222
      ep11 train_loss=0.9607 train_acc=0.747 | val_loss=1.1401 val_acc=0.556
      ep12 train_loss=1.0000 train_acc=0.688 | val_loss=1.2260 val_acc=0.333
      ep13 train_loss=0.9031 train_acc=0.759 | val_loss=1.0948 val_acc=0.556
      ep14 train_loss=0.8897 train_acc=0.785 | val_loss=1.4879 val_acc=0.333
      ep15 train_loss=0.8696 train_acc=0.785 | val_loss=1.0939 val_acc=0.444
      ep16 train_loss=0.9000 train_acc=0.793 | val_loss=1.2951 val_acc=0.444
      ep17 train_loss=0.8420 train_acc=0.785 | val_loss=1.3081 val_acc=0.333
      ep18 train_loss=0.8464 train_acc=0.793 | val_loss=0.9634 val_acc=0.444
      ep19 train_loss=0.8059 train_acc=0.827 | val_loss=1.3100 val_acc=0.444
      ep20 train_loss=0.7852 train_acc=0.840 | val_loss=1.2466 val_acc=0.444
      ep21 train_loss=0.7971 train_acc=0.827 | val_loss=1.0439 val_acc=0.444
      ep22 train_loss=0.7666 train_acc=0.835 | val_loss=1.2272 val_acc=0.444
      ep23 train_loss=0.7897 train_acc=0.823 | val_loss=1.2190 val_acc=0.556
      ep24 train_loss=0.7903 train_acc=0.844 | val_loss=1.2608 val_acc=0.333
    fold acc=0.444 time=192.2s | running pooled acc=0.444

--- Fold 2/26 | test sub02 (13 test, 233 train) ---
      ep00 train_loss=1.7961 train_acc=0.227 | val_loss=2.1081 val_acc=0.231
      ep01 train_loss=1.5421 train_acc=0.382 | val_loss=1.4021 val_acc=0.231
      ep02 train_loss=1.4891 train_acc=0.369 | val_loss=1.4870 val_acc=0.231
      ep03 train_loss=1.3887 train_acc=0.451 | val_loss=1.3401 val_acc=0.538
      ep04 train_loss=1.3123 train_acc=0.494 | val_loss=1.8254 val_acc=0.385
      ep05 train_loss=1.2425 train_acc=0.575 | val_loss=1.4502 val_acc=0.308
      ep06 train_loss=1.2031 train_acc=0.554 | val_loss=1.5082 val_acc=0.385
      ep07 train_loss=1.1030 train_acc=0.639 | val_loss=1.1040 val_acc=0.462
      ep08 train_loss=1.1066 train_acc=0.601 | val_loss=1.5533 val_acc=0.462
      ep09 train_loss=1.0827 train_acc=0.661 | val_loss=1.2742 val_acc=0.538
      ep10 train_loss=1.0624 train_acc=0.687 | val_loss=1.8081 val_acc=0.231
      ep11 train_loss=1.0017 train_acc=0.695 | val_loss=2.1348 val_acc=0.154
      ep12 train_loss=0.8974 train_acc=0.777 | val_loss=1.3313 val_acc=0.462
      ep13 train_loss=0.9628 train_acc=0.760 | val_loss=2.0032 val_acc=0.308
      ep14 train_loss=0.9016 train_acc=0.803 | val_loss=1.7234 val_acc=0.308
      ep15 train_loss=0.8726 train_acc=0.798 | val_loss=2.0859 val_acc=0.385
      ep16 train_loss=0.8702 train_acc=0.790 | val_loss=1.3459 val_acc=0.462
      ep17 train_loss=0.8389 train_acc=0.794 | val_loss=1.5512 val_acc=0.385
      ep18 train_loss=0.8413 train_acc=0.828 | val_loss=1.5486 val_acc=0.385
      ep19 train_loss=0.8302 train_acc=0.790 | val_loss=1.5694 val_acc=0.308
      ep20 train_loss=0.8617 train_acc=0.781 | val_loss=1.0399 val_acc=0.615
      ep21 train_loss=0.8377 train_acc=0.858 | val_loss=1.3860 val_acc=0.462
      ep22 train_loss=0.8760 train_acc=0.845 | val_loss=2.2365 val_acc=0.385
      ep23 train_loss=0.7892 train_acc=0.858 | val_loss=1.8805 val_acc=0.308
      ep24 train_loss=0.8533 train_acc=0.807 | val_loss=1.7354 val_acc=0.462
    fold acc=0.462 time=186.7s | running pooled acc=0.455

--- Fold 3/26 | test sub03 (7 test, 239 train) ---
      ep00 train_loss=1.7627 train_acc=0.209 | val_loss=1.6655 val_acc=0.143
      ep01 train_loss=1.5476 train_acc=0.377 | val_loss=1.4877 val_acc=0.143
      ep02 train_loss=1.4831 train_acc=0.414 | val_loss=1.9549 val_acc=0.286
      ep03 train_loss=1.3585 train_acc=0.481 | val_loss=1.6510 val_acc=0.143
      ep04 train_loss=1.3377 train_acc=0.548 | val_loss=1.0892 val_acc=0.571
      ep05 train_loss=1.1769 train_acc=0.556 | val_loss=1.1336 val_acc=0.429
      ep06 train_loss=1.1870 train_acc=0.590 | val_loss=1.5416 val_acc=0.429
      ep07 train_loss=1.2257 train_acc=0.561 | val_loss=1.3203 val_acc=0.429
      ep08 train_loss=1.1745 train_acc=0.594 | val_loss=1.4557 val_acc=0.571
      ep09 train_loss=1.0892 train_acc=0.649 | val_loss=1.1100 val_acc=0.714
      ep10 train_loss=1.0378 train_acc=0.690 | val_loss=1.4281 val_acc=0.286
      ep11 train_loss=0.9807 train_acc=0.736 | val_loss=1.4605 val_acc=0.286
      ep12 train_loss=0.9640 train_acc=0.728 | val_loss=1.2105 val_acc=0.429
      ep13 train_loss=0.9021 train_acc=0.753 | val_loss=1.2829 val_acc=0.429
      ep14 train_loss=0.9750 train_acc=0.720 | val_loss=1.2539 val_acc=0.286
      ep15 train_loss=0.9469 train_acc=0.724 | val_loss=1.5269 val_acc=0.286
      ep16 train_loss=0.8810 train_acc=0.770 | val_loss=1.6840 val_acc=0.286
      ep17 train_loss=0.8440 train_acc=0.820 | val_loss=1.3710 val_acc=0.429
      ep18 train_loss=0.7967 train_acc=0.828 | val_loss=1.2584 val_acc=0.429
      ep19 train_loss=0.7861 train_acc=0.849 | val_loss=1.2990 val_acc=0.429
      ep20 train_loss=0.8287 train_acc=0.828 | val_loss=1.7334 val_acc=0.286
      ep21 train_loss=0.7499 train_acc=0.866 | val_loss=1.5066 val_acc=0.143
      ep22 train_loss=0.8112 train_acc=0.820 | val_loss=1.5428 val_acc=0.143
      ep23 train_loss=0.8178 train_acc=0.841 | val_loss=1.4887 val_acc=0.286
      ep24 train_loss=0.7743 train_acc=0.858 | val_loss=1.6477 val_acc=0.143
    fold acc=0.429 time=185.9s | running pooled acc=0.448

--- Fold 4/26 | test sub04 (5 test, 241 train) ---
      ep00 train_loss=1.7366 train_acc=0.274 | val_loss=2.1929 val_acc=0.000
      ep01 train_loss=1.5437 train_acc=0.369 | val_loss=2.0935 val_acc=0.000
      ep02 train_loss=1.5269 train_acc=0.369 | val_loss=1.6916 val_acc=0.000
      ep03 train_loss=1.4464 train_acc=0.432 | val_loss=1.3596 val_acc=0.200
      ep04 train_loss=1.2991 train_acc=0.469 | val_loss=2.6051 val_acc=0.000
      ep05 train_loss=1.2736 train_acc=0.469 | val_loss=1.7653 val_acc=0.400
      ep06 train_loss=1.1697 train_acc=0.598 | val_loss=1.5236 val_acc=0.400
      ep07 train_loss=1.2039 train_acc=0.535 | val_loss=0.9114 val_acc=0.600
      ep08 train_loss=1.0825 train_acc=0.664 | val_loss=0.9706 val_acc=0.800
      ep09 train_loss=1.1140 train_acc=0.635 | val_loss=0.9389 val_acc=0.600
      ep10 train_loss=1.0058 train_acc=0.647 | val_loss=1.3664 val_acc=0.400
      ep11 train_loss=0.8977 train_acc=0.710 | val_loss=0.9801 val_acc=0.600
      ep12 train_loss=0.9323 train_acc=0.730 | val_loss=1.3973 val_acc=0.400
      ep13 train_loss=0.9407 train_acc=0.768 | val_loss=1.6033 val_acc=0.000
      ep14 train_loss=0.9475 train_acc=0.755 | val_loss=1.7243 val_acc=0.200
      ep15 train_loss=0.8458 train_acc=0.784 | val_loss=1.8823 val_acc=0.000
      ep16 train_loss=0.8181 train_acc=0.809 | val_loss=1.3246 val_acc=0.400
      ep17 train_loss=0.8112 train_acc=0.817 | val_loss=2.1126 val_acc=0.400
      ep18 train_loss=0.8695 train_acc=0.813 | val_loss=1.0324 val_acc=0.800
      ep19 train_loss=0.8290 train_acc=0.809 | val_loss=1.3910 val_acc=0.600
      ep20 train_loss=0.8137 train_acc=0.826 | val_loss=1.4210 val_acc=0.400
      ep21 train_loss=0.7554 train_acc=0.846 | val_loss=1.4077 val_acc=0.400
      ep22 train_loss=0.7827 train_acc=0.851 | val_loss=2.0435 val_acc=0.200
      ep23 train_loss=0.8405 train_acc=0.809 | val_loss=2.5742 val_acc=0.200
      ep24 train_loss=0.8002 train_acc=0.813 | val_loss=1.6961 val_acc=0.600
    fold acc=1.000 time=187.0s | running pooled acc=0.529

--- Fold 5/26 | test sub05 (19 test, 227 train) ---
      ep00 train_loss=1.6727 train_acc=0.264 | val_loss=2.0249 val_acc=0.158
      ep01 train_loss=1.5233 train_acc=0.427 | val_loss=1.7553 val_acc=0.263
      ep02 train_loss=1.4394 train_acc=0.396 | val_loss=1.6294 val_acc=0.105
      ep03 train_loss=1.4237 train_acc=0.463 | val_loss=1.7227 val_acc=0.368
      ep04 train_loss=1.3303 train_acc=0.515 | val_loss=1.6107 val_acc=0.421
      ep05 train_loss=1.2861 train_acc=0.498 | val_loss=1.8680 val_acc=0.316
      ep06 train_loss=1.2318 train_acc=0.621 | val_loss=1.9947 val_acc=0.105
      ep07 train_loss=1.1584 train_acc=0.595 | val_loss=1.5456 val_acc=0.368
      ep08 train_loss=1.1778 train_acc=0.617 | val_loss=1.4236 val_acc=0.368
      ep09 train_loss=1.0315 train_acc=0.683 | val_loss=1.8405 val_acc=0.316
      ep10 train_loss=1.0138 train_acc=0.736 | val_loss=1.4036 val_acc=0.421
      ep11 train_loss=0.9784 train_acc=0.731 | val_loss=1.6763 val_acc=0.368
      ep12 train_loss=0.9256 train_acc=0.762 | val_loss=1.8892 val_acc=0.158
      ep13 train_loss=0.9692 train_acc=0.731 | val_loss=1.7881 val_acc=0.368
      ep14 train_loss=0.9044 train_acc=0.797 | val_loss=1.8822 val_acc=0.158
      ep15 train_loss=0.9055 train_acc=0.758 | val_loss=1.7480 val_acc=0.421
      ep16 train_loss=0.9095 train_acc=0.793 | val_loss=1.8706 val_acc=0.368
      ep17 train_loss=0.8245 train_acc=0.828 | val_loss=1.7444 val_acc=0.263
      ep18 train_loss=0.8737 train_acc=0.828 | val_loss=1.9085 val_acc=0.158
      ep19 train_loss=0.8681 train_acc=0.815 | val_loss=1.8439 val_acc=0.158
      ep20 train_loss=0.8406 train_acc=0.837 | val_loss=1.9338 val_acc=0.421
      ep21 train_loss=0.7979 train_acc=0.855 | val_loss=1.8333 val_acc=0.421
      ep22 train_loss=0.8113 train_acc=0.868 | val_loss=1.7523 val_acc=0.474
      ep23 train_loss=0.7988 train_acc=0.828 | val_loss=2.0928 val_acc=0.263
      ep24 train_loss=0.8208 train_acc=0.819 | val_loss=1.5705 val_acc=0.421
    fold acc=0.421 time=185.0s | running pooled acc=0.491

--- Fold 6/26 | test sub06 (5 test, 241 train) ---
      ep00 train_loss=1.7393 train_acc=0.266 | val_loss=1.8612 val_acc=0.400
      ep01 train_loss=1.5503 train_acc=0.365 | val_loss=1.2885 val_acc=0.400
      ep02 train_loss=1.5153 train_acc=0.365 | val_loss=1.2357 val_acc=0.600
      ep03 train_loss=1.4176 train_acc=0.456 | val_loss=1.3437 val_acc=0.400
      ep04 train_loss=1.3679 train_acc=0.440 | val_loss=1.2115 val_acc=0.600
      ep05 train_loss=1.2356 train_acc=0.539 | val_loss=1.3935 val_acc=0.400
      ep06 train_loss=1.1324 train_acc=0.618 | val_loss=0.7061 val_acc=0.800
      ep07 train_loss=1.2078 train_acc=0.552 | val_loss=1.3490 val_acc=0.400
      ep08 train_loss=1.0559 train_acc=0.643 | val_loss=0.9117 val_acc=0.600
      ep09 train_loss=1.1122 train_acc=0.589 | val_loss=0.9920 val_acc=0.800
      ep10 train_loss=1.0473 train_acc=0.660 | val_loss=1.3199 val_acc=0.600
      ep11 train_loss=0.9599 train_acc=0.714 | val_loss=1.0363 val_acc=0.600
      ep12 train_loss=0.9549 train_acc=0.743 | val_loss=1.0672 val_acc=0.600
      ep13 train_loss=0.9808 train_acc=0.710 | val_loss=1.4342 val_acc=0.200
      ep14 train_loss=0.9677 train_acc=0.763 | val_loss=0.8283 val_acc=0.600
      ep15 train_loss=0.9105 train_acc=0.739 | val_loss=0.7338 val_acc=0.600
      ep16 train_loss=0.8111 train_acc=0.846 | val_loss=0.9259 val_acc=0.600
      ep17 train_loss=0.8017 train_acc=0.838 | val_loss=1.1472 val_acc=0.600
      ep18 train_loss=0.8920 train_acc=0.817 | val_loss=0.9441 val_acc=0.800
      ep19 train_loss=0.8337 train_acc=0.834 | val_loss=1.0179 val_acc=0.600
      ep20 train_loss=0.8732 train_acc=0.813 | val_loss=0.8434 val_acc=0.800
      ep21 train_loss=0.7944 train_acc=0.822 | val_loss=0.6183 val_acc=0.800
      ep22 train_loss=0.8230 train_acc=0.842 | val_loss=1.0289 val_acc=0.600
      ep23 train_loss=0.8899 train_acc=0.809 | val_loss=0.5352 val_acc=1.000
      ep24 train_loss=0.8275 train_acc=0.830 | val_loss=0.9187 val_acc=0.800
    fold acc=0.800 time=187.8s | running pooled acc=0.517

--- Fold 7/26 | test sub07 (9 test, 237 train) ---
      ep00 train_loss=1.7174 train_acc=0.308 | val_loss=3.1094 val_acc=0.000
      ep01 train_loss=1.6185 train_acc=0.363 | val_loss=1.6110 val_acc=0.333
      ep02 train_loss=1.3949 train_acc=0.443 | val_loss=1.8450 val_acc=0.000
      ep03 train_loss=1.3559 train_acc=0.468 | val_loss=1.2455 val_acc=0.333
      ep04 train_loss=1.3159 train_acc=0.553 | val_loss=1.9312 val_acc=0.000
      ep05 train_loss=1.2129 train_acc=0.603 | val_loss=1.8477 val_acc=0.000
      ep06 train_loss=1.1238 train_acc=0.603 | val_loss=1.2117 val_acc=0.333
      ep07 train_loss=1.0994 train_acc=0.629 | val_loss=1.7904 val_acc=0.333
      ep08 train_loss=1.1593 train_acc=0.591 | val_loss=1.0275 val_acc=0.556
      ep09 train_loss=1.1774 train_acc=0.608 | val_loss=1.0946 val_acc=0.556
      ep10 train_loss=0.9947 train_acc=0.679 | val_loss=1.1609 val_acc=0.667
      ep11 train_loss=0.9520 train_acc=0.726 | val_loss=1.2608 val_acc=0.111
      ep12 train_loss=0.9257 train_acc=0.755 | val_loss=1.3697 val_acc=0.444
      ep13 train_loss=0.8535 train_acc=0.776 | val_loss=1.5643 val_acc=0.333
      ep14 train_loss=0.8526 train_acc=0.797 | val_loss=1.4492 val_acc=0.333
      ep15 train_loss=0.9088 train_acc=0.751 | val_loss=1.6683 val_acc=0.111
      ep16 train_loss=0.8601 train_acc=0.810 | val_loss=1.6114 val_acc=0.111
      ep17 train_loss=0.9201 train_acc=0.768 | val_loss=1.4366 val_acc=0.444
      ep18 train_loss=0.8478 train_acc=0.806 | val_loss=1.4177 val_acc=0.222
      ep19 train_loss=0.7942 train_acc=0.827 | val_loss=1.4007 val_acc=0.222
      ep20 train_loss=0.8160 train_acc=0.823 | val_loss=1.0292 val_acc=0.667
      ep21 train_loss=0.8220 train_acc=0.823 | val_loss=1.2882 val_acc=0.444
      ep22 train_loss=0.7661 train_acc=0.835 | val_loss=1.1315 val_acc=0.667
      ep23 train_loss=0.7641 train_acc=0.848 | val_loss=1.0258 val_acc=0.556
      ep24 train_loss=0.8173 train_acc=0.840 | val_loss=1.1181 val_acc=0.556
    fold acc=0.556 time=186.7s | running pooled acc=0.522

--- Fold 8/26 | test sub08 (3 test, 243 train) ---
      ep00 train_loss=1.7798 train_acc=0.239 | val_loss=2.4068 val_acc=0.000
      ep01 train_loss=1.6678 train_acc=0.251 | val_loss=1.3525 val_acc=0.333
      ep02 train_loss=1.4485 train_acc=0.412 | val_loss=1.5304 val_acc=0.333
      ep03 train_loss=1.4439 train_acc=0.399 | val_loss=1.3161 val_acc=0.000
      ep04 train_loss=1.4145 train_acc=0.461 | val_loss=1.2364 val_acc=0.667
      ep05 train_loss=1.2877 train_acc=0.465 | val_loss=1.4768 val_acc=0.000
      ep06 train_loss=1.1818 train_acc=0.588 | val_loss=0.8454 val_acc=0.667
      ep07 train_loss=1.1506 train_acc=0.605 | val_loss=1.3109 val_acc=0.000
      ep08 train_loss=1.1412 train_acc=0.613 | val_loss=1.6478 val_acc=0.333
      ep09 train_loss=1.0543 train_acc=0.654 | val_loss=1.8219 val_acc=0.000
      ep10 train_loss=1.1136 train_acc=0.650 | val_loss=1.5888 val_acc=0.000
      ep11 train_loss=0.9880 train_acc=0.683 | val_loss=1.8740 val_acc=0.000
      ep12 train_loss=0.9257 train_acc=0.757 | val_loss=2.1807 val_acc=0.000
      ep13 train_loss=1.0200 train_acc=0.700 | val_loss=2.2727 val_acc=0.000
      ep14 train_loss=0.8556 train_acc=0.802 | val_loss=2.1269 val_acc=0.000
      ep15 train_loss=0.8804 train_acc=0.774 | val_loss=1.5343 val_acc=0.333
      ep16 train_loss=0.9133 train_acc=0.778 | val_loss=1.4518 val_acc=0.000
      ep17 train_loss=0.8529 train_acc=0.778 | val_loss=1.7972 val_acc=0.000
      ep18 train_loss=0.8319 train_acc=0.831 | val_loss=2.6135 val_acc=0.000
      ep19 train_loss=0.8102 train_acc=0.840 | val_loss=2.2044 val_acc=0.000
      ep20 train_loss=0.8535 train_acc=0.807 | val_loss=1.7274 val_acc=0.000
      ep21 train_loss=0.8162 train_acc=0.827 | val_loss=1.7495 val_acc=0.000
      ep22 train_loss=0.7819 train_acc=0.860 | val_loss=2.0784 val_acc=0.000
      ep23 train_loss=0.8194 train_acc=0.815 | val_loss=2.2447 val_acc=0.000
      ep24 train_loss=0.8746 train_acc=0.823 | val_loss=1.6076 val_acc=0.000
    fold acc=0.000 time=186.6s | running pooled acc=0.500

--- Fold 9/26 | test sub09 (13 test, 233 train) ---
      ep00 train_loss=1.8026 train_acc=0.266 | val_loss=2.3553 val_acc=0.000
      ep01 train_loss=1.5495 train_acc=0.395 | val_loss=1.3557 val_acc=0.231
      ep02 train_loss=1.5108 train_acc=0.356 | val_loss=1.3188 val_acc=0.538
      ep03 train_loss=1.3597 train_acc=0.433 | val_loss=1.5328 val_acc=0.615
      ep04 train_loss=1.3321 train_acc=0.506 | val_loss=1.2769 val_acc=0.462
      ep05 train_loss=1.2789 train_acc=0.519 | val_loss=0.9387 val_acc=0.538
      ep06 train_loss=1.2180 train_acc=0.571 | val_loss=1.0588 val_acc=0.538
      ep07 train_loss=1.1662 train_acc=0.575 | val_loss=0.9939 val_acc=0.769
      ep08 train_loss=1.0920 train_acc=0.584 | val_loss=0.7646 val_acc=0.769
      ep09 train_loss=1.0040 train_acc=0.721 | val_loss=1.2594 val_acc=0.462
      ep10 train_loss=0.9573 train_acc=0.755 | val_loss=0.8243 val_acc=0.692
      ep11 train_loss=1.1178 train_acc=0.678 | val_loss=0.9272 val_acc=0.769
      ep12 train_loss=0.9903 train_acc=0.742 | val_loss=0.8267 val_acc=0.615
      ep13 train_loss=1.0266 train_acc=0.734 | val_loss=0.8561 val_acc=0.692
      ep14 train_loss=0.8660 train_acc=0.803 | val_loss=1.0839 val_acc=0.462
      ep15 train_loss=0.9212 train_acc=0.773 | val_loss=1.1682 val_acc=0.538
      ep16 train_loss=0.8265 train_acc=0.815 | val_loss=0.9881 val_acc=0.615
      ep17 train_loss=0.8102 train_acc=0.845 | val_loss=0.8597 val_acc=0.538
      ep18 train_loss=0.8854 train_acc=0.803 | val_loss=1.2874 val_acc=0.538
      ep19 train_loss=0.8449 train_acc=0.785 | val_loss=1.2371 val_acc=0.462
      ep20 train_loss=0.8509 train_acc=0.815 | val_loss=0.7200 val_acc=0.769
      ep21 train_loss=0.8254 train_acc=0.824 | val_loss=0.5923 val_acc=0.692
      ep22 train_loss=0.8696 train_acc=0.824 | val_loss=1.2300 val_acc=0.538
      ep23 train_loss=0.7968 train_acc=0.858 | val_loss=1.0939 val_acc=0.615
      ep24 train_loss=0.8222 train_acc=0.876 | val_loss=1.0065 val_acc=0.615
    fold acc=0.769 time=185.5s | running pooled acc=0.542

--- Fold 10/26 | test sub10 (13 test, 233 train) ---
      ep00 train_loss=1.7559 train_acc=0.279 | val_loss=1.8814 val_acc=0.000
      ep01 train_loss=1.6370 train_acc=0.343 | val_loss=1.3590 val_acc=0.538
      ep02 train_loss=1.4731 train_acc=0.326 | val_loss=1.1929 val_acc=0.615
      ep03 train_loss=1.3632 train_acc=0.476 | val_loss=0.9794 val_acc=0.769
      ep04 train_loss=1.2895 train_acc=0.511 | val_loss=1.1422 val_acc=0.615
      ep05 train_loss=1.2552 train_acc=0.541 | val_loss=1.0403 val_acc=0.846
      ep06 train_loss=1.1710 train_acc=0.549 | val_loss=1.4082 val_acc=0.154
      ep07 train_loss=1.0739 train_acc=0.618 | val_loss=0.7841 val_acc=0.846
      ep08 train_loss=0.9851 train_acc=0.674 | val_loss=1.8474 val_acc=0.385
      ep09 train_loss=0.9555 train_acc=0.725 | val_loss=1.0252 val_acc=0.692
      ep10 train_loss=0.9716 train_acc=0.730 | val_loss=1.1946 val_acc=0.692
      ep11 train_loss=1.0076 train_acc=0.687 | val_loss=0.9691 val_acc=0.769
      ep12 train_loss=0.9088 train_acc=0.751 | val_loss=0.8793 val_acc=0.692
      ep13 train_loss=0.9635 train_acc=0.717 | val_loss=1.2624 val_acc=0.385
      ep14 train_loss=0.8672 train_acc=0.768 | val_loss=0.7558 val_acc=0.846
      ep15 train_loss=0.8325 train_acc=0.777 | val_loss=1.1531 val_acc=0.538
      ep16 train_loss=0.7733 train_acc=0.850 | val_loss=0.7918 val_acc=0.769
      ep17 train_loss=0.7736 train_acc=0.845 | val_loss=0.7724 val_acc=0.846
      ep18 train_loss=0.8376 train_acc=0.811 | val_loss=1.1086 val_acc=0.385
      ep19 train_loss=0.7783 train_acc=0.811 | val_loss=0.7816 val_acc=0.769
      ep20 train_loss=0.8510 train_acc=0.794 | val_loss=0.6832 val_acc=0.923
      ep21 train_loss=0.7453 train_acc=0.880 | val_loss=0.6889 val_acc=0.846
      ep22 train_loss=0.7993 train_acc=0.845 | val_loss=0.9196 val_acc=0.615
      ep23 train_loss=0.7466 train_acc=0.876 | val_loss=0.7890 val_acc=0.769
      ep24 train_loss=0.7688 train_acc=0.863 | val_loss=0.8555 val_acc=0.769
    fold acc=0.769 time=186.1s | running pooled acc=0.573

--- Fold 11/26 | test sub11 (10 test, 236 train) ---
      ep00 train_loss=1.7197 train_acc=0.263 | val_loss=1.3336 val_acc=0.500
      ep01 train_loss=1.6417 train_acc=0.288 | val_loss=1.2787 val_acc=0.400
      ep02 train_loss=1.4834 train_acc=0.415 | val_loss=1.3334 val_acc=0.300
      ep03 train_loss=1.4556 train_acc=0.390 | val_loss=1.4419 val_acc=0.400
      ep04 train_loss=1.3219 train_acc=0.492 | val_loss=1.6926 val_acc=0.400
      ep05 train_loss=1.2079 train_acc=0.576 | val_loss=1.6114 val_acc=0.300
      ep06 train_loss=1.1353 train_acc=0.631 | val_loss=1.2373 val_acc=0.400
      ep07 train_loss=1.0655 train_acc=0.636 | val_loss=1.1092 val_acc=0.500
      ep08 train_loss=1.0521 train_acc=0.627 | val_loss=1.3969 val_acc=0.300
      ep09 train_loss=0.9691 train_acc=0.725 | val_loss=1.2423 val_acc=0.500
      ep10 train_loss=1.0481 train_acc=0.661 | val_loss=1.7192 val_acc=0.400
      ep11 train_loss=0.9756 train_acc=0.665 | val_loss=1.5167 val_acc=0.500
      ep12 train_loss=0.9771 train_acc=0.712 | val_loss=1.3938 val_acc=0.400
      ep13 train_loss=0.9080 train_acc=0.758 | val_loss=1.0626 val_acc=0.600
      ep14 train_loss=0.8745 train_acc=0.780 | val_loss=1.4326 val_acc=0.300
      ep15 train_loss=0.9120 train_acc=0.771 | val_loss=1.7589 val_acc=0.300
      ep16 train_loss=0.8164 train_acc=0.801 | val_loss=1.4757 val_acc=0.400
      ep17 train_loss=0.8378 train_acc=0.797 | val_loss=1.7612 val_acc=0.400
      ep18 train_loss=0.8278 train_acc=0.814 | val_loss=1.9371 val_acc=0.400
      ep19 train_loss=0.7972 train_acc=0.856 | val_loss=1.9001 val_acc=0.300
      ep20 train_loss=0.8052 train_acc=0.835 | val_loss=1.4882 val_acc=0.400
      ep21 train_loss=0.7778 train_acc=0.831 | val_loss=1.3449 val_acc=0.600
      ep22 train_loss=0.8546 train_acc=0.818 | val_loss=1.6590 val_acc=0.400
      ep23 train_loss=0.7688 train_acc=0.847 | val_loss=1.3044 val_acc=0.300
      ep24 train_loss=0.7841 train_acc=0.843 | val_loss=1.6073 val_acc=0.500
    fold acc=0.600 time=187.9s | running pooled acc=0.575

--- Fold 12/26 | test sub12 (12 test, 234 train) ---
      ep00 train_loss=1.7212 train_acc=0.282 | val_loss=1.5078 val_acc=0.167
      ep01 train_loss=1.6208 train_acc=0.372 | val_loss=1.5409 val_acc=0.250
      ep02 train_loss=1.5958 train_acc=0.350 | val_loss=1.1039 val_acc=0.667
      ep03 train_loss=1.4714 train_acc=0.444 | val_loss=1.2593 val_acc=0.500
      ep04 train_loss=1.3956 train_acc=0.491 | val_loss=1.1996 val_acc=0.500
      ep05 train_loss=1.3397 train_acc=0.526 | val_loss=1.3840 val_acc=0.417
      ep06 train_loss=1.2036 train_acc=0.577 | val_loss=1.3127 val_acc=0.333
      ep07 train_loss=1.1985 train_acc=0.513 | val_loss=1.3772 val_acc=0.583
      ep08 train_loss=1.0931 train_acc=0.641 | val_loss=1.3581 val_acc=0.333
      ep09 train_loss=1.0257 train_acc=0.679 | val_loss=1.1317 val_acc=0.500
      ep10 train_loss=1.1023 train_acc=0.645 | val_loss=1.2986 val_acc=0.333
      ep11 train_loss=1.0056 train_acc=0.688 | val_loss=0.9305 val_acc=0.500
      ep12 train_loss=0.9646 train_acc=0.714 | val_loss=0.9647 val_acc=0.333
      ep13 train_loss=0.9606 train_acc=0.726 | val_loss=0.9458 val_acc=0.667
      ep14 train_loss=0.9368 train_acc=0.795 | val_loss=0.9760 val_acc=0.667
      ep15 train_loss=0.9624 train_acc=0.756 | val_loss=1.4126 val_acc=0.417
      ep16 train_loss=0.8817 train_acc=0.786 | val_loss=1.3877 val_acc=0.417
      ep17 train_loss=0.8817 train_acc=0.821 | val_loss=1.3330 val_acc=0.333
      ep18 train_loss=0.8574 train_acc=0.791 | val_loss=1.1975 val_acc=0.583
      ep19 train_loss=0.8689 train_acc=0.786 | val_loss=1.3690 val_acc=0.333
      ep20 train_loss=0.8811 train_acc=0.774 | val_loss=1.0756 val_acc=0.500
      ep21 train_loss=0.8823 train_acc=0.765 | val_loss=1.1435 val_acc=0.583
      ep22 train_loss=0.8393 train_acc=0.803 | val_loss=1.2672 val_acc=0.417
      ep23 train_loss=0.8438 train_acc=0.774 | val_loss=1.0990 val_acc=0.500
      ep24 train_loss=0.8306 train_acc=0.803 | val_loss=1.2193 val_acc=0.583
    fold acc=0.750 time=185.7s | running pooled acc=0.593

--- Fold 13/26 | test sub13 (8 test, 238 train) ---
      ep00 train_loss=1.7125 train_acc=0.286 | val_loss=2.1281 val_acc=0.000
      ep01 train_loss=1.5536 train_acc=0.395 | val_loss=1.1553 val_acc=0.625
      ep02 train_loss=1.4369 train_acc=0.387 | val_loss=1.4845 val_acc=0.375
      ep03 train_loss=1.3474 train_acc=0.458 | val_loss=1.7095 val_acc=0.125
      ep04 train_loss=1.3902 train_acc=0.429 | val_loss=1.1466 val_acc=0.625
      ep05 train_loss=1.2479 train_acc=0.525 | val_loss=1.3458 val_acc=0.375
      ep06 train_loss=1.1903 train_acc=0.580 | val_loss=1.2590 val_acc=0.500
      ep07 train_loss=1.1605 train_acc=0.576 | val_loss=0.7864 val_acc=0.875
      ep08 train_loss=1.0611 train_acc=0.605 | val_loss=0.9538 val_acc=0.625
      ep09 train_loss=1.0594 train_acc=0.681 | val_loss=0.9423 val_acc=0.625
      ep10 train_loss=1.0420 train_acc=0.697 | val_loss=0.9531 val_acc=0.500
      ep11 train_loss=0.9941 train_acc=0.727 | val_loss=0.6529 val_acc=0.875
      ep12 train_loss=0.8945 train_acc=0.777 | val_loss=1.0103 val_acc=0.625
      ep13 train_loss=0.9367 train_acc=0.765 | val_loss=1.2534 val_acc=0.250
      ep14 train_loss=0.8903 train_acc=0.786 | val_loss=0.8665 val_acc=0.750
      ep15 train_loss=0.9076 train_acc=0.769 | val_loss=1.3201 val_acc=0.375
      ep16 train_loss=0.8654 train_acc=0.819 | val_loss=0.7960 val_acc=0.625
      ep17 train_loss=0.8998 train_acc=0.777 | val_loss=0.7070 val_acc=0.750
      ep18 train_loss=0.8355 train_acc=0.824 | val_loss=1.1236 val_acc=0.625
      ep19 train_loss=0.8298 train_acc=0.786 | val_loss=0.9062 val_acc=0.625
      ep20 train_loss=0.8274 train_acc=0.819 | val_loss=0.8738 val_acc=0.750
      ep21 train_loss=0.8057 train_acc=0.866 | val_loss=0.8321 val_acc=0.750
      ep22 train_loss=0.7849 train_acc=0.845 | val_loss=0.7421 val_acc=0.625
      ep23 train_loss=0.8402 train_acc=0.803 | val_loss=1.0053 val_acc=0.625
      ep24 train_loss=0.7903 train_acc=0.845 | val_loss=0.7847 val_acc=0.875
    fold acc=0.625 time=186.9s | running pooled acc=0.595

--- Fold 14/26 | test sub14 (4 test, 242 train) ---
      ep00 train_loss=1.7625 train_acc=0.273 | val_loss=2.3572 val_acc=0.000
      ep01 train_loss=1.5707 train_acc=0.351 | val_loss=1.5497 val_acc=0.250
      ep02 train_loss=1.5041 train_acc=0.380 | val_loss=1.9896 val_acc=0.250
      ep03 train_loss=1.3764 train_acc=0.421 | val_loss=1.7589 val_acc=0.000
      ep04 train_loss=1.3921 train_acc=0.446 | val_loss=1.8285 val_acc=0.000
      ep05 train_loss=1.2205 train_acc=0.570 | val_loss=3.9937 val_acc=0.000
      ep06 train_loss=1.1789 train_acc=0.587 | val_loss=1.8393 val_acc=0.250
      ep07 train_loss=1.1915 train_acc=0.620 | val_loss=1.3172 val_acc=0.500
      ep08 train_loss=1.0516 train_acc=0.616 | val_loss=1.7090 val_acc=0.250
      ep09 train_loss=1.1211 train_acc=0.636 | val_loss=2.2763 val_acc=0.000
      ep10 train_loss=1.0031 train_acc=0.707 | val_loss=1.1594 val_acc=0.500
      ep11 train_loss=0.9617 train_acc=0.678 | val_loss=1.4037 val_acc=0.500
      ep12 train_loss=1.0017 train_acc=0.665 | val_loss=2.4252 val_acc=0.000
      ep13 train_loss=0.9847 train_acc=0.711 | val_loss=2.1984 val_acc=0.000
      ep14 train_loss=0.9349 train_acc=0.773 | val_loss=1.9512 val_acc=0.000
      ep15 train_loss=0.9129 train_acc=0.748 | val_loss=3.8813 val_acc=0.000
      ep16 train_loss=0.8784 train_acc=0.789 | val_loss=1.3071 val_acc=0.500
      ep17 train_loss=0.9404 train_acc=0.744 | val_loss=1.8255 val_acc=0.250
      ep18 train_loss=0.8012 train_acc=0.826 | val_loss=2.3400 val_acc=0.000
      ep19 train_loss=0.8213 train_acc=0.818 | val_loss=2.5938 val_acc=0.000
      ep20 train_loss=0.8576 train_acc=0.798 | val_loss=1.8368 val_acc=0.250
      ep21 train_loss=0.8254 train_acc=0.835 | val_loss=2.4412 val_acc=0.000
      ep22 train_loss=0.7950 train_acc=0.835 | val_loss=1.6206 val_acc=0.250
      ep23 train_loss=0.8151 train_acc=0.826 | val_loss=2.8247 val_acc=0.000
      ep24 train_loss=0.7684 train_acc=0.876 | val_loss=1.2340 val_acc=0.500
    fold acc=0.500 time=185.9s | running pooled acc=0.592

--- Fold 15/26 | test sub15 (3 test, 243 train) ---
      ep00 train_loss=1.7681 train_acc=0.243 | val_loss=1.6333 val_acc=0.000
      ep01 train_loss=1.6336 train_acc=0.276 | val_loss=2.2377 val_acc=0.333
      ep02 train_loss=1.4740 train_acc=0.391 | val_loss=1.6706 val_acc=0.333
      ep03 train_loss=1.4111 train_acc=0.416 | val_loss=1.4774 val_acc=0.333
      ep04 train_loss=1.3285 train_acc=0.477 | val_loss=1.1661 val_acc=0.333
      ep05 train_loss=1.2794 train_acc=0.535 | val_loss=1.1941 val_acc=0.000
      ep06 train_loss=1.1684 train_acc=0.588 | val_loss=1.6171 val_acc=0.333
      ep07 train_loss=1.1264 train_acc=0.580 | val_loss=1.4390 val_acc=0.333
      ep08 train_loss=1.2164 train_acc=0.576 | val_loss=1.2332 val_acc=0.333
      ep09 train_loss=1.1344 train_acc=0.650 | val_loss=1.1658 val_acc=0.667
      ep10 train_loss=1.1059 train_acc=0.621 | val_loss=1.4169 val_acc=0.667
      ep11 train_loss=1.0118 train_acc=0.716 | val_loss=1.7716 val_acc=0.333
      ep12 train_loss=0.9367 train_acc=0.749 | val_loss=1.1519 val_acc=0.667
      ep13 train_loss=0.9698 train_acc=0.712 | val_loss=2.1303 val_acc=0.333
      ep14 train_loss=0.8781 train_acc=0.774 | val_loss=0.9492 val_acc=0.667
      ep15 train_loss=0.8227 train_acc=0.815 | val_loss=1.1814 val_acc=0.333
      ep16 train_loss=0.8306 train_acc=0.815 | val_loss=1.4942 val_acc=0.333
      ep17 train_loss=0.8231 train_acc=0.786 | val_loss=1.2242 val_acc=0.333
      ep18 train_loss=0.8183 train_acc=0.840 | val_loss=1.0361 val_acc=0.333
      ep19 train_loss=0.8271 train_acc=0.835 | val_loss=0.9554 val_acc=0.333
      ep20 train_loss=0.8155 train_acc=0.819 | val_loss=1.4924 val_acc=0.000
      ep21 train_loss=0.8109 train_acc=0.807 | val_loss=1.3442 val_acc=0.333
      ep22 train_loss=0.7907 train_acc=0.815 | val_loss=1.3095 val_acc=0.333
      ep23 train_loss=0.7609 train_acc=0.856 | val_loss=1.7419 val_acc=0.333
      ep24 train_loss=0.8411 train_acc=0.827 | val_loss=0.8106 val_acc=0.667
    fold acc=0.333 time=186.4s | running pooled acc=0.586

--- Fold 16/26 | test sub16 (4 test, 242 train) ---
      ep00 train_loss=1.7641 train_acc=0.260 | val_loss=2.2924 val_acc=0.000
      ep01 train_loss=1.5545 train_acc=0.364 | val_loss=1.2626 val_acc=0.500
      ep02 train_loss=1.5143 train_acc=0.376 | val_loss=2.0224 val_acc=0.250
      ep03 train_loss=1.3716 train_acc=0.413 | val_loss=1.4399 val_acc=0.250
      ep04 train_loss=1.3964 train_acc=0.492 | val_loss=1.4409 val_acc=0.250
      ep05 train_loss=1.3006 train_acc=0.533 | val_loss=1.3998 val_acc=0.250
      ep06 train_loss=1.1661 train_acc=0.595 | val_loss=1.7808 val_acc=0.500
      ep07 train_loss=1.1421 train_acc=0.616 | val_loss=1.5774 val_acc=0.250
      ep08 train_loss=1.0227 train_acc=0.661 | val_loss=1.4206 val_acc=0.500
      ep09 train_loss=1.1279 train_acc=0.640 | val_loss=1.5143 val_acc=0.500
      ep10 train_loss=1.0110 train_acc=0.698 | val_loss=1.1434 val_acc=0.750
      ep11 train_loss=0.9144 train_acc=0.715 | val_loss=1.6554 val_acc=0.500
      ep12 train_loss=1.0131 train_acc=0.723 | val_loss=1.5964 val_acc=0.250
      ep13 train_loss=0.9688 train_acc=0.731 | val_loss=1.8057 val_acc=0.500
      ep14 train_loss=0.9053 train_acc=0.748 | val_loss=1.4228 val_acc=0.500
      ep15 train_loss=0.8782 train_acc=0.789 | val_loss=1.4307 val_acc=0.750
      ep16 train_loss=0.8728 train_acc=0.777 | val_loss=1.2383 val_acc=0.750
      ep17 train_loss=0.9030 train_acc=0.781 | val_loss=1.1448 val_acc=0.750
      ep18 train_loss=0.8010 train_acc=0.851 | val_loss=1.5984 val_acc=0.500
      ep19 train_loss=0.7941 train_acc=0.835 | val_loss=1.3281 val_acc=0.500
      ep20 train_loss=0.8551 train_acc=0.822 | val_loss=1.3375 val_acc=0.500
      ep21 train_loss=0.8440 train_acc=0.802 | val_loss=1.2585 val_acc=0.750
      ep22 train_loss=0.8147 train_acc=0.814 | val_loss=1.3019 val_acc=0.750
      ep23 train_loss=0.7822 train_acc=0.872 | val_loss=1.2738 val_acc=0.750
      ep24 train_loss=0.7672 train_acc=0.876 | val_loss=1.1296 val_acc=0.750
    fold acc=0.500 time=186.1s | running pooled acc=0.584

--- Fold 17/26 | test sub17 (34 test, 212 train) ---
      ep00 train_loss=1.7057 train_acc=0.259 | val_loss=1.8733 val_acc=0.353
      ep01 train_loss=1.6215 train_acc=0.396 | val_loss=1.6196 val_acc=0.235
      ep02 train_loss=1.5941 train_acc=0.358 | val_loss=1.7402 val_acc=0.265
      ep03 train_loss=1.4609 train_acc=0.415 | val_loss=1.5476 val_acc=0.382
      ep04 train_loss=1.3800 train_acc=0.439 | val_loss=1.5707 val_acc=0.353
      ep05 train_loss=1.3638 train_acc=0.486 | val_loss=1.6787 val_acc=0.324
      ep06 train_loss=1.2684 train_acc=0.538 | val_loss=1.5772 val_acc=0.324
      ep07 train_loss=1.2613 train_acc=0.590 | val_loss=1.6005 val_acc=0.324
      ep08 train_loss=1.2181 train_acc=0.571 | val_loss=1.5845 val_acc=0.324
      ep09 train_loss=1.0672 train_acc=0.651 | val_loss=1.6881 val_acc=0.294
      ep10 train_loss=1.1296 train_acc=0.627 | val_loss=1.9569 val_acc=0.265
      ep11 train_loss=1.0170 train_acc=0.712 | val_loss=1.9980 val_acc=0.176
      ep12 train_loss=1.0488 train_acc=0.703 | val_loss=1.6325 val_acc=0.324
      ep13 train_loss=0.9335 train_acc=0.764 | val_loss=1.7375 val_acc=0.265
      ep14 train_loss=0.9616 train_acc=0.736 | val_loss=1.5952 val_acc=0.324
      ep15 train_loss=0.9413 train_acc=0.778 | val_loss=1.5807 val_acc=0.235
      ep16 train_loss=0.9879 train_acc=0.755 | val_loss=2.0526 val_acc=0.235
      ep17 train_loss=0.9704 train_acc=0.759 | val_loss=2.0239 val_acc=0.265
      ep18 train_loss=0.8875 train_acc=0.792 | val_loss=2.0193 val_acc=0.147
      ep19 train_loss=0.9150 train_acc=0.797 | val_loss=1.6954 val_acc=0.265
      ep20 train_loss=0.8775 train_acc=0.783 | val_loss=1.7481 val_acc=0.265
      ep21 train_loss=0.8224 train_acc=0.830 | val_loss=1.5794 val_acc=0.265
      ep22 train_loss=0.8459 train_acc=0.825 | val_loss=1.7390 val_acc=0.353
      ep23 train_loss=0.8573 train_acc=0.811 | val_loss=1.6958 val_acc=0.265
      ep24 train_loss=0.8633 train_acc=0.778 | val_loss=1.7054 val_acc=0.294
    fold acc=0.441 time=185.9s | running pooled acc=0.556

--- Fold 18/26 | test sub18 (3 test, 243 train) ---
      ep00 train_loss=1.7305 train_acc=0.243 | val_loss=1.9713 val_acc=0.000
      ep01 train_loss=1.5611 train_acc=0.305 | val_loss=0.9451 val_acc=1.000
      ep02 train_loss=1.4069 train_acc=0.403 | val_loss=1.8351 val_acc=0.333
      ep03 train_loss=1.3333 train_acc=0.465 | val_loss=1.2173 val_acc=0.667
      ep04 train_loss=1.2868 train_acc=0.481 | val_loss=1.7844 val_acc=0.000
      ep05 train_loss=1.2585 train_acc=0.547 | val_loss=1.1679 val_acc=0.667
      ep06 train_loss=1.2054 train_acc=0.580 | val_loss=1.3529 val_acc=0.333
      ep07 train_loss=1.0330 train_acc=0.675 | val_loss=1.4037 val_acc=0.667
      ep08 train_loss=1.1175 train_acc=0.646 | val_loss=1.0747 val_acc=0.333
      ep09 train_loss=1.0946 train_acc=0.650 | val_loss=1.4510 val_acc=0.333
      ep10 train_loss=1.0047 train_acc=0.720 | val_loss=2.0421 val_acc=0.000
      ep11 train_loss=0.9714 train_acc=0.745 | val_loss=1.7658 val_acc=0.667
      ep12 train_loss=0.9325 train_acc=0.737 | val_loss=1.3022 val_acc=0.333
      ep13 train_loss=0.9471 train_acc=0.761 | val_loss=1.6418 val_acc=0.333
      ep14 train_loss=0.8942 train_acc=0.782 | val_loss=1.6872 val_acc=0.667
      ep15 train_loss=0.8579 train_acc=0.778 | val_loss=1.4867 val_acc=0.333
      ep16 train_loss=0.8044 train_acc=0.844 | val_loss=1.3601 val_acc=0.333
      ep17 train_loss=0.8171 train_acc=0.798 | val_loss=2.2946 val_acc=0.000
      ep18 train_loss=0.7965 train_acc=0.823 | val_loss=1.6206 val_acc=0.333
      ep19 train_loss=0.8090 train_acc=0.856 | val_loss=2.2857 val_acc=0.000
      ep20 train_loss=0.7901 train_acc=0.840 | val_loss=1.4554 val_acc=0.333
      ep21 train_loss=0.7655 train_acc=0.864 | val_loss=1.7164 val_acc=0.333
      ep22 train_loss=0.8042 train_acc=0.860 | val_loss=1.2603 val_acc=0.333
      ep23 train_loss=0.7567 train_acc=0.893 | val_loss=1.9604 val_acc=0.333
      ep24 train_loss=0.8688 train_acc=0.819 | val_loss=1.3140 val_acc=0.667
    fold acc=0.333 time=186.2s | running pooled acc=0.552

--- Fold 19/26 | test sub19 (15 test, 231 train) ---
      ep00 train_loss=1.6942 train_acc=0.303 | val_loss=1.4932 val_acc=0.267
      ep01 train_loss=1.5834 train_acc=0.355 | val_loss=1.5526 val_acc=0.267
      ep02 train_loss=1.4302 train_acc=0.485 | val_loss=1.3488 val_acc=0.533
      ep03 train_loss=1.4000 train_acc=0.472 | val_loss=1.5920 val_acc=0.200
      ep04 train_loss=1.3206 train_acc=0.524 | val_loss=1.5580 val_acc=0.267
      ep05 train_loss=1.2920 train_acc=0.554 | val_loss=1.9324 val_acc=0.333
      ep06 train_loss=1.1435 train_acc=0.623 | val_loss=1.6486 val_acc=0.467
      ep07 train_loss=1.1514 train_acc=0.615 | val_loss=1.4097 val_acc=0.333
      ep08 train_loss=1.0773 train_acc=0.636 | val_loss=1.6128 val_acc=0.200
      ep09 train_loss=1.1076 train_acc=0.649 | val_loss=1.6924 val_acc=0.400
      ep10 train_loss=1.0238 train_acc=0.719 | val_loss=1.4297 val_acc=0.333
      ep11 train_loss=0.9635 train_acc=0.727 | val_loss=1.6471 val_acc=0.400
      ep12 train_loss=1.0493 train_acc=0.719 | val_loss=1.6492 val_acc=0.333
      ep13 train_loss=0.9750 train_acc=0.693 | val_loss=1.7159 val_acc=0.400
      ep14 train_loss=0.9665 train_acc=0.710 | val_loss=1.6254 val_acc=0.333
      ep15 train_loss=0.8922 train_acc=0.766 | val_loss=2.1261 val_acc=0.200
      ep16 train_loss=0.9267 train_acc=0.771 | val_loss=1.8138 val_acc=0.267
      ep17 train_loss=0.8981 train_acc=0.758 | val_loss=1.7020 val_acc=0.333
      ep18 train_loss=0.8384 train_acc=0.827 | val_loss=1.5708 val_acc=0.333
      ep19 train_loss=0.8890 train_acc=0.814 | val_loss=1.6198 val_acc=0.200
      ep20 train_loss=0.7945 train_acc=0.861 | val_loss=1.3673 val_acc=0.533
      ep21 train_loss=0.8706 train_acc=0.818 | val_loss=1.5138 val_acc=0.400
      ep22 train_loss=0.8352 train_acc=0.810 | val_loss=2.0718 val_acc=0.267
      ep23 train_loss=0.8154 train_acc=0.848 | val_loss=1.5995 val_acc=0.333
      ep24 train_loss=0.8356 train_acc=0.848 | val_loss=1.5151 val_acc=0.467
    fold acc=0.533 time=186.3s | running pooled acc=0.550

--- Fold 20/26 | test sub20 (11 test, 235 train) ---
      ep00 train_loss=1.7083 train_acc=0.272 | val_loss=1.5400 val_acc=0.000
      ep01 train_loss=1.5738 train_acc=0.353 | val_loss=1.2963 val_acc=0.545
      ep02 train_loss=1.4592 train_acc=0.387 | val_loss=1.3995 val_acc=0.455
      ep03 train_loss=1.4228 train_acc=0.417 | val_loss=1.6690 val_acc=0.273
      ep04 train_loss=1.3469 train_acc=0.460 | val_loss=1.5343 val_acc=0.364
      ep05 train_loss=1.1985 train_acc=0.545 | val_loss=1.7599 val_acc=0.364
      ep06 train_loss=1.1861 train_acc=0.566 | val_loss=1.5462 val_acc=0.182
      ep07 train_loss=1.1113 train_acc=0.600 | val_loss=1.5017 val_acc=0.364
      ep08 train_loss=1.0702 train_acc=0.643 | val_loss=1.5050 val_acc=0.091
      ep09 train_loss=0.9836 train_acc=0.677 | val_loss=1.9816 val_acc=0.091
      ep10 train_loss=0.9898 train_acc=0.732 | val_loss=1.6215 val_acc=0.182
      ep11 train_loss=0.9887 train_acc=0.740 | val_loss=2.0447 val_acc=0.091
      ep12 train_loss=0.9256 train_acc=0.723 | val_loss=1.7108 val_acc=0.182
      ep13 train_loss=1.0506 train_acc=0.677 | val_loss=1.8393 val_acc=0.091
      ep14 train_loss=0.9111 train_acc=0.749 | val_loss=1.6023 val_acc=0.091
      ep15 train_loss=0.8520 train_acc=0.783 | val_loss=1.6794 val_acc=0.182
      ep16 train_loss=0.8706 train_acc=0.821 | val_loss=1.6061 val_acc=0.273
      ep17 train_loss=0.9011 train_acc=0.774 | val_loss=1.4266 val_acc=0.545
      ep18 train_loss=0.8507 train_acc=0.821 | val_loss=1.6104 val_acc=0.455
      ep19 train_loss=0.7626 train_acc=0.834 | val_loss=1.4615 val_acc=0.455
      ep20 train_loss=0.7879 train_acc=0.834 | val_loss=1.6157 val_acc=0.091
      ep21 train_loss=0.8425 train_acc=0.800 | val_loss=1.4488 val_acc=0.636
      ep22 train_loss=0.8105 train_acc=0.809 | val_loss=1.6662 val_acc=0.273
      ep23 train_loss=0.7904 train_acc=0.851 | val_loss=1.6106 val_acc=0.364
      ep24 train_loss=0.8278 train_acc=0.843 | val_loss=1.6435 val_acc=0.364
    fold acc=0.364 time=185.0s | running pooled acc=0.540

--- Fold 21/26 | test sub21 (2 test, 244 train) ---
      ep00 train_loss=1.7534 train_acc=0.246 | val_loss=2.1948 val_acc=0.000
      ep01 train_loss=1.6041 train_acc=0.340 | val_loss=1.5401 val_acc=0.000
      ep02 train_loss=1.4567 train_acc=0.398 | val_loss=1.2517 val_acc=0.500
      ep03 train_loss=1.4085 train_acc=0.443 | val_loss=0.9775 val_acc=0.500
      ep04 train_loss=1.3437 train_acc=0.484 | val_loss=1.3677 val_acc=0.500
      ep05 train_loss=1.1722 train_acc=0.586 | val_loss=2.8138 val_acc=0.500
      ep06 train_loss=1.0766 train_acc=0.598 | val_loss=1.6883 val_acc=0.500
      ep07 train_loss=1.0644 train_acc=0.635 | val_loss=1.0064 val_acc=0.500
      ep08 train_loss=1.1089 train_acc=0.631 | val_loss=1.2864 val_acc=0.500
      ep09 train_loss=0.9941 train_acc=0.717 | val_loss=1.4223 val_acc=0.500
      ep10 train_loss=1.0116 train_acc=0.680 | val_loss=1.9779 val_acc=0.500
      ep11 train_loss=1.0107 train_acc=0.738 | val_loss=1.0534 val_acc=1.000
      ep12 train_loss=0.9892 train_acc=0.734 | val_loss=0.6275 val_acc=1.000
      ep13 train_loss=0.9208 train_acc=0.770 | val_loss=1.4440 val_acc=0.000
      ep14 train_loss=0.8998 train_acc=0.746 | val_loss=1.5315 val_acc=0.500
      ep15 train_loss=0.8842 train_acc=0.795 | val_loss=1.2136 val_acc=0.500
      ep16 train_loss=0.8082 train_acc=0.852 | val_loss=0.7719 val_acc=0.500
      ep17 train_loss=0.8926 train_acc=0.779 | val_loss=1.0590 val_acc=0.500
      ep18 train_loss=0.8434 train_acc=0.795 | val_loss=1.3585 val_acc=0.500
      ep19 train_loss=0.7661 train_acc=0.852 | val_loss=0.3416 val_acc=1.000
      ep20 train_loss=0.8197 train_acc=0.832 | val_loss=1.5643 val_acc=0.500
      ep21 train_loss=0.8432 train_acc=0.840 | val_loss=1.9975 val_acc=0.500
      ep22 train_loss=0.7940 train_acc=0.857 | val_loss=1.0730 val_acc=0.500
      ep23 train_loss=0.8250 train_acc=0.795 | val_loss=1.4845 val_acc=0.000
      ep24 train_loss=0.7589 train_acc=0.865 | val_loss=2.0682 val_acc=0.500
    fold acc=0.500 time=186.9s | running pooled acc=0.540

--- Fold 22/26 | test sub22 (2 test, 244 train) ---
      ep00 train_loss=1.7551 train_acc=0.225 | val_loss=2.5636 val_acc=0.000
      ep01 train_loss=1.5864 train_acc=0.336 | val_loss=0.3987 val_acc=1.000
      ep02 train_loss=1.4900 train_acc=0.406 | val_loss=0.3976 val_acc=1.000
      ep03 train_loss=1.4305 train_acc=0.447 | val_loss=0.1697 val_acc=1.000
      ep04 train_loss=1.3702 train_acc=0.484 | val_loss=0.1839 val_acc=1.000
      ep05 train_loss=1.2482 train_acc=0.549 | val_loss=0.4248 val_acc=1.000
      ep06 train_loss=1.1409 train_acc=0.586 | val_loss=0.0027 val_acc=1.000
      ep07 train_loss=1.1376 train_acc=0.590 | val_loss=0.1618 val_acc=1.000
      ep08 train_loss=1.1352 train_acc=0.611 | val_loss=0.1849 val_acc=1.000
      ep09 train_loss=1.0176 train_acc=0.656 | val_loss=0.0386 val_acc=1.000
      ep10 train_loss=1.0030 train_acc=0.684 | val_loss=0.0321 val_acc=1.000
      ep11 train_loss=1.0066 train_acc=0.709 | val_loss=0.0078 val_acc=1.000
      ep12 train_loss=0.9714 train_acc=0.721 | val_loss=0.1943 val_acc=1.000
      ep13 train_loss=0.9386 train_acc=0.758 | val_loss=0.1964 val_acc=1.000
      ep14 train_loss=0.8802 train_acc=0.766 | val_loss=0.0525 val_acc=1.000
      ep15 train_loss=0.9105 train_acc=0.787 | val_loss=0.0193 val_acc=1.000
      ep16 train_loss=0.8630 train_acc=0.811 | val_loss=0.0366 val_acc=1.000
      ep17 train_loss=0.9394 train_acc=0.734 | val_loss=0.0267 val_acc=1.000
      ep18 train_loss=0.8342 train_acc=0.807 | val_loss=0.0365 val_acc=1.000
      ep19 train_loss=0.7930 train_acc=0.857 | val_loss=0.0047 val_acc=1.000
      ep20 train_loss=0.8364 train_acc=0.836 | val_loss=0.0506 val_acc=1.000
      ep21 train_loss=0.8500 train_acc=0.811 | val_loss=0.0093 val_acc=1.000
      ep22 train_loss=0.8317 train_acc=0.836 | val_loss=0.0129 val_acc=1.000
      ep23 train_loss=0.8018 train_acc=0.844 | val_loss=0.1283 val_acc=1.000
      ep24 train_loss=0.7743 train_acc=0.861 | val_loss=0.0048 val_acc=1.000
    fold acc=1.000 time=185.3s | running pooled acc=0.544

--- Fold 23/26 | test sub23 (12 test, 234 train) ---
      ep00 train_loss=1.7713 train_acc=0.261 | val_loss=1.8885 val_acc=0.333
      ep01 train_loss=1.6127 train_acc=0.299 | val_loss=1.5924 val_acc=0.083
      ep02 train_loss=1.5044 train_acc=0.393 | val_loss=1.3439 val_acc=0.500
      ep03 train_loss=1.3632 train_acc=0.500 | val_loss=1.5626 val_acc=0.250
      ep04 train_loss=1.3607 train_acc=0.449 | val_loss=1.5684 val_acc=0.417
      ep05 train_loss=1.2489 train_acc=0.513 | val_loss=1.9935 val_acc=0.250
      ep06 train_loss=1.2431 train_acc=0.585 | val_loss=1.8485 val_acc=0.250
      ep07 train_loss=1.1241 train_acc=0.590 | val_loss=1.3449 val_acc=0.417
      ep08 train_loss=1.0464 train_acc=0.697 | val_loss=1.8050 val_acc=0.250
      ep09 train_loss=1.0225 train_acc=0.667 | val_loss=1.6903 val_acc=0.250
      ep10 train_loss=0.9894 train_acc=0.709 | val_loss=1.9094 val_acc=0.500
      ep11 train_loss=1.0010 train_acc=0.731 | val_loss=2.1069 val_acc=0.250
      ep12 train_loss=0.9065 train_acc=0.769 | val_loss=1.6447 val_acc=0.250
      ep13 train_loss=0.9564 train_acc=0.765 | val_loss=1.3430 val_acc=0.417
      ep14 train_loss=0.9027 train_acc=0.799 | val_loss=2.2670 val_acc=0.167
      ep15 train_loss=0.8900 train_acc=0.786 | val_loss=2.1717 val_acc=0.250
      ep16 train_loss=0.8556 train_acc=0.799 | val_loss=2.1753 val_acc=0.333
      ep17 train_loss=0.8971 train_acc=0.761 | val_loss=1.8184 val_acc=0.250
      ep18 train_loss=0.8652 train_acc=0.786 | val_loss=1.8382 val_acc=0.250
      ep19 train_loss=0.8142 train_acc=0.825 | val_loss=1.7459 val_acc=0.167
      ep20 train_loss=0.7964 train_acc=0.850 | val_loss=1.7284 val_acc=0.333
      ep21 train_loss=0.8144 train_acc=0.821 | val_loss=1.9177 val_acc=0.167
      ep22 train_loss=0.8699 train_acc=0.803 | val_loss=1.7236 val_acc=0.333
      ep23 train_loss=0.7843 train_acc=0.859 | val_loss=2.0957 val_acc=0.333
      ep24 train_loss=0.7631 train_acc=0.842 | val_loss=2.0840 val_acc=0.250
    fold acc=0.667 time=185.3s | running pooled acc=0.551

--- Fold 24/26 | test sub24 (7 test, 239 train) ---
      ep00 train_loss=1.7186 train_acc=0.305 | val_loss=1.3362 val_acc=0.286
      ep01 train_loss=1.4926 train_acc=0.381 | val_loss=1.3374 val_acc=0.571
      ep02 train_loss=1.4147 train_acc=0.410 | val_loss=2.0425 val_acc=0.000
      ep03 train_loss=1.4329 train_acc=0.431 | val_loss=0.9199 val_acc=0.714
      ep04 train_loss=1.3262 train_acc=0.498 | val_loss=1.2954 val_acc=0.714
      ep05 train_loss=1.2182 train_acc=0.565 | val_loss=1.1712 val_acc=0.714
      ep06 train_loss=1.1458 train_acc=0.603 | val_loss=1.0935 val_acc=0.714
      ep07 train_loss=1.1502 train_acc=0.598 | val_loss=1.0843 val_acc=0.571
      ep08 train_loss=1.0712 train_acc=0.661 | val_loss=1.3093 val_acc=0.714
      ep09 train_loss=0.9676 train_acc=0.720 | val_loss=2.0859 val_acc=0.000
      ep10 train_loss=1.0160 train_acc=0.711 | val_loss=1.9254 val_acc=0.286
      ep11 train_loss=1.0291 train_acc=0.665 | val_loss=1.5445 val_acc=0.143
      ep12 train_loss=0.9375 train_acc=0.741 | val_loss=0.7404 val_acc=0.857
      ep13 train_loss=0.9193 train_acc=0.745 | val_loss=1.2940 val_acc=0.286
      ep14 train_loss=0.8762 train_acc=0.799 | val_loss=0.9446 val_acc=0.714
      ep15 train_loss=0.8575 train_acc=0.782 | val_loss=0.9880 val_acc=0.571
      ep16 train_loss=0.8770 train_acc=0.745 | val_loss=1.0192 val_acc=0.571
      ep17 train_loss=0.8263 train_acc=0.787 | val_loss=1.2496 val_acc=0.286
      ep18 train_loss=0.7969 train_acc=0.849 | val_loss=1.2055 val_acc=0.714
      ep19 train_loss=0.7946 train_acc=0.858 | val_loss=0.9441 val_acc=0.571
      ep20 train_loss=0.8214 train_acc=0.828 | val_loss=1.5349 val_acc=0.286
      ep21 train_loss=0.7814 train_acc=0.845 | val_loss=1.5159 val_acc=0.286
      ep22 train_loss=0.7386 train_acc=0.908 | val_loss=0.8910 val_acc=0.714
      ep23 train_loss=0.7879 train_acc=0.845 | val_loss=1.3029 val_acc=0.286
      ep24 train_loss=0.7939 train_acc=0.808 | val_loss=1.2303 val_acc=0.429
    fold acc=0.571 time=185.0s | running pooled acc=0.552

--- Fold 25/26 | test sub25 (7 test, 239 train) ---
      ep00 train_loss=1.7328 train_acc=0.331 | val_loss=1.2829 val_acc=0.429
      ep01 train_loss=1.4888 train_acc=0.402 | val_loss=1.5820 val_acc=0.286
      ep02 train_loss=1.4585 train_acc=0.427 | val_loss=2.1604 val_acc=0.143
      ep03 train_loss=1.4177 train_acc=0.485 | val_loss=1.8523 val_acc=0.000
      ep04 train_loss=1.2616 train_acc=0.548 | val_loss=1.7003 val_acc=0.000
      ep05 train_loss=1.1713 train_acc=0.569 | val_loss=1.2623 val_acc=0.429
      ep06 train_loss=1.1238 train_acc=0.607 | val_loss=1.2267 val_acc=0.571
      ep07 train_loss=1.0906 train_acc=0.657 | val_loss=1.3947 val_acc=0.429
      ep08 train_loss=1.1053 train_acc=0.678 | val_loss=1.4148 val_acc=0.571
      ep09 train_loss=1.0143 train_acc=0.695 | val_loss=1.6043 val_acc=0.429
      ep10 train_loss=1.0837 train_acc=0.636 | val_loss=1.1487 val_acc=0.714
      ep11 train_loss=1.0814 train_acc=0.665 | val_loss=1.4746 val_acc=0.571
      ep12 train_loss=0.9638 train_acc=0.703 | val_loss=1.2833 val_acc=0.571
      ep13 train_loss=0.9649 train_acc=0.715 | val_loss=1.3293 val_acc=0.571
      ep14 train_loss=0.8500 train_acc=0.791 | val_loss=0.8416 val_acc=0.714
      ep15 train_loss=0.8672 train_acc=0.782 | val_loss=1.3395 val_acc=0.571
      ep16 train_loss=0.8747 train_acc=0.791 | val_loss=1.2699 val_acc=0.571
      ep17 train_loss=0.8575 train_acc=0.745 | val_loss=1.1795 val_acc=0.714
      ep18 train_loss=0.8269 train_acc=0.799 | val_loss=1.1549 val_acc=0.714
      ep19 train_loss=0.8179 train_acc=0.837 | val_loss=0.8877 val_acc=0.714
      ep20 train_loss=0.8110 train_acc=0.833 | val_loss=1.3215 val_acc=0.714
      ep21 train_loss=0.7914 train_acc=0.816 | val_loss=1.2883 val_acc=0.714
      ep22 train_loss=0.7645 train_acc=0.866 | val_loss=1.0234 val_acc=0.571
      ep23 train_loss=0.8088 train_acc=0.845 | val_loss=1.0818 val_acc=0.571
      ep24 train_loss=0.8310 train_acc=0.795 | val_loss=1.2140 val_acc=0.714
    fold acc=0.857 time=186.3s | running pooled acc=0.561

--- Fold 26/26 | test sub26 (16 test, 230 train) ---
      ep00 train_loss=1.8045 train_acc=0.222 | val_loss=1.8017 val_acc=0.000
      ep01 train_loss=1.5971 train_acc=0.357 | val_loss=1.4015 val_acc=0.625
      ep02 train_loss=1.5038 train_acc=0.335 | val_loss=1.8709 val_acc=0.188
      ep03 train_loss=1.3197 train_acc=0.439 | val_loss=1.7155 val_acc=0.500
      ep04 train_loss=1.3934 train_acc=0.443 | val_loss=1.1877 val_acc=0.438
      ep05 train_loss=1.2962 train_acc=0.543 | val_loss=1.3636 val_acc=0.438
      ep06 train_loss=1.1636 train_acc=0.622 | val_loss=1.4683 val_acc=0.375
      ep07 train_loss=1.1366 train_acc=0.604 | val_loss=1.1597 val_acc=0.500
      ep08 train_loss=1.0118 train_acc=0.709 | val_loss=1.6174 val_acc=0.500
      ep09 train_loss=1.0639 train_acc=0.652 | val_loss=1.2334 val_acc=0.438
      ep10 train_loss=1.0385 train_acc=0.691 | val_loss=1.3484 val_acc=0.562
      ep11 train_loss=0.9996 train_acc=0.700 | val_loss=1.2370 val_acc=0.250
      ep12 train_loss=0.9062 train_acc=0.752 | val_loss=1.1584 val_acc=0.500
      ep13 train_loss=0.8877 train_acc=0.761 | val_loss=1.2721 val_acc=0.312
      ep14 train_loss=0.8883 train_acc=0.791 | val_loss=1.4579 val_acc=0.312
      ep15 train_loss=0.9075 train_acc=0.743 | val_loss=1.3750 val_acc=0.312
      ep16 train_loss=0.8382 train_acc=0.857 | val_loss=1.5213 val_acc=0.312
      ep17 train_loss=0.8110 train_acc=0.804 | val_loss=1.4183 val_acc=0.250
      ep18 train_loss=0.8082 train_acc=0.826 | val_loss=1.0728 val_acc=0.562
      ep19 train_loss=0.8524 train_acc=0.787 | val_loss=1.2339 val_acc=0.438
      ep20 train_loss=0.8422 train_acc=0.813 | val_loss=1.2310 val_acc=0.500
      ep21 train_loss=0.8229 train_acc=0.822 | val_loss=1.0279 val_acc=0.562
      ep22 train_loss=0.8075 train_acc=0.809 | val_loss=1.3197 val_acc=0.312
      ep23 train_loss=0.8213 train_acc=0.791 | val_loss=1.0793 val_acc=0.750
      ep24 train_loss=0.7597 train_acc=0.857 | val_loss=1.1306 val_acc=0.500
    fold acc=0.500 time=185.6s | running pooled acc=0.557

=== FINAL (pooled LOSO) ===
UF1 = 0.5773
UAR = 0.5884
ACC = 0.5569
per-class F1: happiness=0.481, disgust=0.547, repression=0.458, surprise=0.863, others=0.538
per-class recall: happiness=0.594, disgust=0.556, repression=0.407, surprise=0.880, others=0.505
confusion matrix (rows=true):
        happin disgus repres surpri others
happine     19      4      1      1      7
disgust      5     35      0      2     21
repress      7      1     11      0      8
surpris      0      1      1     22      1
 others     16     24      8      1     50

saved to D:\AI-Projects\casmeII-new-from-sequence-model\experiments\iter_37_r3d_diff_evalshift
elapsed 4847.0s
