=== EXPERIMENT iter_30_vivit_rgb_qsmoke ===
time: 2026-07-18T22:48:57.312279
device: cuda (NVIDIA GeForce RTX 3060)
platform: Windows-10-10.0.26200-SP0 | torch 2.6.0+cu124
config:
{
  "seed": 42,
  "T": 32,
  "img_size": 128,
  "base_size": 128,
  "input_mode": "rgb",
  "backbone": "vivit",
  "pretrained": true,
  "dropout": 0.3,
  "epochs": 20,
  "lr": 2e-05,
  "weight_decay": 0.05,
  "batch_size": 8,
  "class_weighting": true,
  "label_smoothing": 0.0,
  "hflip": true,
  "color_jitter": 0.1,
  "temporal_jitter": true,
  "amp": true,
  "eval_last_k": 3,
  "tta": 5,
  "cache_dir": "cache/frames128",
  "index": "cache/index_emotion.csv",
  "class_names": [
    "happiness",
    "disgust",
    "repression",
    "surprise",
    "others"
  ],
  "name": "iter_30_vivit_rgb",
  "resize_to": 224,
  "modality": "rgb",
  "temporal_span": "onset_offset",
  "grad_checkpoint": true,
  "head_lr": 0.001,
  "llrd_decay": 0.7,
  "warmup_epochs": 3,
  "freeze_epochs": 2,
  "grad_accum": 1,
  "loss": "focal",
  "focal_gamma": 2.0,
  "random_erase": 0.25
}
samples: 246 | classes: 5 ['happiness', 'disgust', 'repression', 'surprise', 'others']
loading arrays into RAM...
loaded 246 arrays
[SMOKE] limiting to 2 folds: [1, 2]

--- Fold 1/2 | test sub01 (9 test, 237 train) ---
      ep00 train_loss=1.1805 train_acc=0.139 | val_loss=1.7864 val_acc=0.111
      ep01 train_loss=1.0574 train_acc=0.278 | val_loss=1.4590 val_acc=0.222
      [unfreeze] backbone unfrozen at epoch 2
      ep02 train_loss=1.0315 train_acc=0.308 | val_loss=1.5206 val_acc=0.111
      ep03 train_loss=1.0841 train_acc=0.257 | val_loss=1.9470 val_acc=0.000
      ep04 train_loss=0.9159 train_acc=0.388 | val_loss=1.8718 val_acc=0.111
      ep05 train_loss=0.8435 train_acc=0.430 | val_loss=1.6494 val_acc=0.000
      ep06 train_loss=0.7976 train_acc=0.409 | val_loss=1.5278 val_acc=0.111
      ep07 train_loss=0.8431 train_acc=0.430 | val_loss=1.6255 val_acc=0.000
      ep08 train_loss=0.7141 train_acc=0.464 | val_loss=1.5897 val_acc=0.111
      ep09 train_loss=0.7387 train_acc=0.485 | val_loss=1.8465 val_acc=0.111
      ep10 train_loss=0.6990 train_acc=0.481 | val_loss=1.9299 val_acc=0.333
      ep11 train_loss=0.6870 train_acc=0.502 | val_loss=1.8093 val_acc=0.333
      ep12 train_loss=0.6660 train_acc=0.532 | val_loss=1.7338 val_acc=0.333
      ep13 train_loss=0.5707 train_acc=0.540 | val_loss=1.6927 val_acc=0.333
      ep14 train_loss=0.6531 train_acc=0.532 | val_loss=1.7228 val_acc=0.333
      ep15 train_loss=0.5944 train_acc=0.506 | val_loss=1.6975 val_acc=0.333
      ep16 train_loss=0.6111 train_acc=0.506 | val_loss=1.6708 val_acc=0.333
      ep17 train_loss=0.5830 train_acc=0.553 | val_loss=1.6541 val_acc=0.333
      ep18 train_loss=0.6205 train_acc=0.557 | val_loss=1.6327 val_acc=0.333
      ep19 train_loss=0.5835 train_acc=0.540 | val_loss=1.6365 val_acc=0.333
    fold acc=0.333 time=2007.3s | running pooled acc=0.333

--- Fold 2/2 | test sub02 (13 test, 233 train) ---
      ep00 train_loss=1.1668 train_acc=0.120 | val_loss=1.7365 val_acc=0.000
      ep01 train_loss=1.0926 train_acc=0.266 | val_loss=1.7283 val_acc=0.000
      [unfreeze] backbone unfrozen at epoch 2
      ep02 train_loss=1.0762 train_acc=0.236 | val_loss=1.6565 val_acc=0.000
      ep03 train_loss=1.0626 train_acc=0.275 | val_loss=1.5787 val_acc=0.308
      ep04 train_loss=0.9741 train_acc=0.275 | val_loss=1.6652 val_acc=0.000
      ep05 train_loss=0.8582 train_acc=0.369 | val_loss=1.5688 val_acc=0.308
      ep06 train_loss=0.8022 train_acc=0.421 | val_loss=1.5295 val_acc=0.308
      ep07 train_loss=0.8600 train_acc=0.369 | val_loss=1.5116 val_acc=0.231
      ep08 train_loss=0.7898 train_acc=0.412 | val_loss=1.5325 val_acc=0.385
      ep09 train_loss=0.7011 train_acc=0.459 | val_loss=1.6124 val_acc=0.308
      ep10 train_loss=0.7256 train_acc=0.472 | val_loss=1.5475 val_acc=0.231
      ep11 train_loss=0.6713 train_acc=0.451 | val_loss=1.5335 val_acc=0.231
      ep12 train_loss=0.7009 train_acc=0.485 | val_loss=1.4783 val_acc=0.231
      ep13 train_loss=0.6187 train_acc=0.494 | val_loss=1.4904 val_acc=0.154
      ep14 train_loss=0.6014 train_acc=0.498 | val_loss=1.5482 val_acc=0.308
      ep15 train_loss=0.6212 train_acc=0.545 | val_loss=1.5628 val_acc=0.154
      ep16 train_loss=0.5969 train_acc=0.524 | val_loss=1.5603 val_acc=0.308
      ep17 train_loss=0.5819 train_acc=0.528 | val_loss=1.5461 val_acc=0.231
      ep18 train_loss=0.6010 train_acc=0.489 | val_loss=1.5450 val_acc=0.308
      ep19 train_loss=0.5773 train_acc=0.485 | val_loss=1.5454 val_acc=0.308
    fold acc=0.231 time=1975.7s | running pooled acc=0.273

=== FINAL (pooled LOSO) ===
UF1 = 0.2965
UAR = 0.3800
ACC = 0.2727
per-class F1: happiness=0.222, disgust=0.800, repression=0.250, surprise=0.000, others=0.211
per-class recall: happiness=0.500, disgust=1.000, repression=0.200, surprise=0.000, others=0.200
confusion matrix (rows=true):
        happin disgus repres surpri others
happine      1      0      0      0      1
disgust      0      2      0      0      0
repress      1      0      1      0      3
surpris      0      0      0      0      3
 others      5      1      2      0      2

saved to D:\AI-Projects\casmeII-new-from-sequence-model\experiments\iter_30_vivit_rgb_qsmoke
elapsed 3987.2s
