=== APEX apex_shallowcnn === 2026-07-15T21:37:17.739406 device=cuda
config:
{
  "seed": 42,
  "img_size": 64,
  "crop": 112,
  "base_size": 128,
  "flow_clip": 3.0,
  "strain_clip": 0.3,
  "shallow": "shallowcnn",
  "in_channels": 3,
  "dropout": 0.5,
  "epochs": 80,
  "lr": 0.001,
  "weight_decay": 0.001,
  "batch_size": 32,
  "class_weighting": true,
  "label_smoothing": 0.1,
  "hflip": true,
  "loss": "ce",
  "focal_gamma": 2.0,
  "tta": 10,
  "eval_last_k": 5,
  "cache_dir": "cache/flow128",
  "manifest_name": "manifest.csv",
  "index": "cache/index_emotion.csv",
  "class_names": [
    "happiness",
    "disgust",
    "repression",
    "surprise",
    "others"
  ],
  "name": "apex_shallowcnn",
  "width": 32
}
fold 1/26 sub01 acc=0.667 | pooled acc=0.667 (17s)
fold 2/26 sub02 acc=0.538 | pooled acc=0.591 (35s)
fold 3/26 sub03 acc=0.429 | pooled acc=0.552 (52s)
fold 4/26 sub04 acc=0.600 | pooled acc=0.559 (69s)
fold 5/26 sub05 acc=0.421 | pooled acc=0.509 (91s)
fold 6/26 sub06 acc=0.800 | pooled acc=0.534 (111s)
fold 7/26 sub07 acc=0.667 | pooled acc=0.552 (134s)
fold 8/26 sub08 acc=0.667 | pooled acc=0.557 (152s)
fold 9/26 sub09 acc=0.538 | pooled acc=0.554 (169s)
fold 10/26 sub10 acc=0.462 | pooled acc=0.542 (186s)
fold 11/26 sub11 acc=0.500 | pooled acc=0.538 (204s)
fold 12/26 sub12 acc=0.583 | pooled acc=0.542 (221s)
fold 13/26 sub13 acc=0.375 | pooled acc=0.532 (238s)
fold 14/26 sub14 acc=0.250 | pooled acc=0.523 (255s)
fold 15/26 sub15 acc=1.000 | pooled acc=0.534 (271s)
fold 16/26 sub16 acc=0.250 | pooled acc=0.526 (288s)
fold 17/26 sub17 acc=0.588 | pooled acc=0.538 (304s)
fold 18/26 sub18 acc=0.667 | pooled acc=0.540 (322s)
fold 19/26 sub19 acc=0.533 | pooled acc=0.540 (339s)
fold 20/26 sub20 acc=0.364 | pooled acc=0.530 (355s)
fold 21/26 sub21 acc=0.500 | pooled acc=0.530 (373s)
fold 22/26 sub22 acc=1.000 | pooled acc=0.534 (390s)
fold 23/26 sub23 acc=0.750 | pooled acc=0.546 (407s)
fold 24/26 sub24 acc=0.429 | pooled acc=0.543 (424s)
fold 25/26 sub25 acc=0.286 | pooled acc=0.535 (441s)
fold 26/26 sub26 acc=0.312 | pooled acc=0.520 (458s)

=== APEX FINAL ===
UF1 = 0.5455
UAR = 0.5679
ACC = 0.5203
per-class F1: happiness=0.320, disgust=0.586, repression=0.406, surprise=0.941, others=0.473
happine     12      2      9      2      7
disgust      5     39      1      0     18
repress      8      1     13      0      5
surpris      0      0      1     24      0
 others     18     28     13      0     40

saved -> D:\AI-Projects\casmeII-new-from-sequence-model\experiments\apex_shallowcnn  elapsed 458.7s
