=== EXPERIMENT obj6_focal ===
time: 2026-07-16T05:35:27.511973
device: cuda (NVIDIA GeForce RTX 3060)
platform: Windows-10-10.0.26200-SP0 | torch 2.6.0+cu124
config:
{
  "seed": 42,
  "T": 16,
  "img_size": 128,
  "base_size": 144,
  "input_mode": "rgb",
  "backbone": "r3d_18",
  "pretrained": true,
  "dropout": 0.5,
  "epochs": 25,
  "lr": 0.0001,
  "weight_decay": 0.001,
  "batch_size": 6,
  "class_weighting": true,
  "label_smoothing": 0.0,
  "hflip": true,
  "color_jitter": 0.0,
  "temporal_jitter": true,
  "amp": true,
  "eval_last_k": 3,
  "tta": 5,
  "cache_dir": "cache/flow144",
  "index": "cache/index_objective.csv",
  "class_names": [
    "obj1",
    "obj2",
    "obj3",
    "obj4",
    "obj5",
    "obj7"
  ],
  "name": "obj6_focal",
  "modality": "flow",
  "temporal_span": "onset_offset",
  "flow_clip": 3.0,
  "manifest_name": "manifest_obj6.csv",
  "loss": "focal",
  "focal_gamma": 2.0
}
samples: 254 | classes: 6 ['obj1', 'obj2', 'obj3', 'obj4', 'obj5', 'obj7']
loading arrays into RAM...
loaded 254 arrays

--- Fold 1/26 | test sub01 (9 test, 245 train) ---
      ep00 train_loss=1.2045 train_acc=0.282 | val_loss=0.8724 val_acc=0.667
      ep01 train_loss=0.7716 train_acc=0.478 | val_loss=0.6955 val_acc=0.778
      ep02 train_loss=0.5698 train_acc=0.584 | val_loss=0.6552 val_acc=0.889
      ep03 train_loss=0.5791 train_acc=0.588 | val_loss=0.5753 val_acc=0.889
      ep04 train_loss=0.4430 train_acc=0.633 | val_loss=0.6040 val_acc=0.889
      ep05 train_loss=0.5075 train_acc=0.657 | val_loss=0.7021 val_acc=0.778
      ep06 train_loss=0.3449 train_acc=0.751 | val_loss=0.5443 val_acc=0.778
      ep07 train_loss=0.2959 train_acc=0.788 | val_loss=0.5918 val_acc=0.667
      ep08 train_loss=0.1979 train_acc=0.824 | val_loss=0.6046 val_acc=0.778
      ep09 train_loss=0.1638 train_acc=0.837 | val_loss=0.5080 val_acc=0.889
      ep10 train_loss=0.2084 train_acc=0.833 | val_loss=0.5586 val_acc=0.778
      ep11 train_loss=0.1483 train_acc=0.820 | val_loss=0.5040 val_acc=0.889
      ep12 train_loss=0.1589 train_acc=0.869 | val_loss=0.6553 val_acc=0.556
      ep13 train_loss=0.1459 train_acc=0.873 | val_loss=0.5587 val_acc=0.778
      ep14 train_loss=0.1245 train_acc=0.882 | val_loss=0.6760 val_acc=0.667
      ep15 train_loss=0.1696 train_acc=0.841 | val_loss=0.6588 val_acc=0.778
      ep16 train_loss=0.0979 train_acc=0.918 | val_loss=0.6251 val_acc=0.667
      ep17 train_loss=0.0464 train_acc=0.963 | val_loss=0.6209 val_acc=0.667
      ep18 train_loss=0.0436 train_acc=0.980 | val_loss=0.5741 val_acc=0.667
      ep19 train_loss=0.0683 train_acc=0.914 | val_loss=0.6052 val_acc=0.667
      ep20 train_loss=0.0676 train_acc=0.963 | val_loss=0.5739 val_acc=0.667
      ep21 train_loss=0.0506 train_acc=0.943 | val_loss=0.5743 val_acc=0.667
      ep22 train_loss=0.0629 train_acc=0.939 | val_loss=0.6068 val_acc=0.667
      ep23 train_loss=0.0535 train_acc=0.963 | val_loss=0.5617 val_acc=0.667
      ep24 train_loss=0.0421 train_acc=0.947 | val_loss=0.6098 val_acc=0.667
    fold acc=0.667 time=233.6s | running pooled acc=0.667

--- Fold 2/26 | test sub02 (13 test, 241 train) ---
      ep00 train_loss=1.3200 train_acc=0.207 | val_loss=1.2906 val_acc=0.615
      ep01 train_loss=0.7550 train_acc=0.440 | val_loss=1.1434 val_acc=0.462
      ep02 train_loss=0.5539 train_acc=0.618 | val_loss=1.2912 val_acc=0.308
      ep03 train_loss=0.4754 train_acc=0.651 | val_loss=1.0019 val_acc=0.385
      ep04 train_loss=0.3711 train_acc=0.718 | val_loss=1.5713 val_acc=0.538
      ep05 train_loss=0.3957 train_acc=0.676 | val_loss=1.2748 val_acc=0.462
      ep06 train_loss=0.2564 train_acc=0.784 | val_loss=0.9287 val_acc=0.692
      ep07 train_loss=0.2196 train_acc=0.776 | val_loss=1.1835 val_acc=0.385
      ep08 train_loss=0.1995 train_acc=0.830 | val_loss=1.0159 val_acc=0.615
      ep09 train_loss=0.2100 train_acc=0.842 | val_loss=1.1510 val_acc=0.462
      ep10 train_loss=0.1805 train_acc=0.838 | val_loss=1.2174 val_acc=0.538
      ep11 train_loss=0.1801 train_acc=0.855 | val_loss=1.2546 val_acc=0.538
      ep12 train_loss=0.1509 train_acc=0.855 | val_loss=1.0786 val_acc=0.692
      ep13 train_loss=0.1597 train_acc=0.855 | val_loss=0.8085 val_acc=0.615
      ep14 train_loss=0.1215 train_acc=0.884 | val_loss=0.8076 val_acc=0.615
      ep15 train_loss=0.1223 train_acc=0.905 | val_loss=1.3014 val_acc=0.538
      ep16 train_loss=0.0986 train_acc=0.892 | val_loss=1.2899 val_acc=0.538
      ep17 train_loss=0.0691 train_acc=0.934 | val_loss=1.0779 val_acc=0.462
      ep18 train_loss=0.0620 train_acc=0.946 | val_loss=1.0724 val_acc=0.538
      ep19 train_loss=0.0355 train_acc=0.967 | val_loss=1.0052 val_acc=0.462
      ep20 train_loss=0.0630 train_acc=0.946 | val_loss=1.0926 val_acc=0.538
      ep21 train_loss=0.0733 train_acc=0.913 | val_loss=1.0898 val_acc=0.538
      ep22 train_loss=0.0489 train_acc=0.942 | val_loss=1.0257 val_acc=0.538
      ep23 train_loss=0.0734 train_acc=0.942 | val_loss=1.0004 val_acc=0.538
      ep24 train_loss=0.0524 train_acc=0.959 | val_loss=1.0801 val_acc=0.538
    fold acc=0.538 time=234.3s | running pooled acc=0.591

--- Fold 3/26 | test sub03 (7 test, 247 train) ---
      ep00 train_loss=1.1635 train_acc=0.243 | val_loss=1.8097 val_acc=0.143
      ep01 train_loss=0.7026 train_acc=0.530 | val_loss=1.3895 val_acc=0.429
      ep02 train_loss=0.5420 train_acc=0.599 | val_loss=2.2581 val_acc=0.000
      ep03 train_loss=0.3973 train_acc=0.680 | val_loss=1.9501 val_acc=0.286
      ep04 train_loss=0.3990 train_acc=0.713 | val_loss=1.9583 val_acc=0.286
      ep05 train_loss=0.3972 train_acc=0.700 | val_loss=1.4576 val_acc=0.429
      ep06 train_loss=0.2459 train_acc=0.785 | val_loss=1.9724 val_acc=0.286
      ep07 train_loss=0.2585 train_acc=0.806 | val_loss=1.6988 val_acc=0.286
      ep08 train_loss=0.2590 train_acc=0.777 | val_loss=2.0889 val_acc=0.286
      ep09 train_loss=0.2002 train_acc=0.830 | val_loss=1.5916 val_acc=0.286
      ep10 train_loss=0.1814 train_acc=0.802 | val_loss=1.9699 val_acc=0.143
      ep11 train_loss=0.1156 train_acc=0.891 | val_loss=1.4884 val_acc=0.429
      ep12 train_loss=0.0999 train_acc=0.911 | val_loss=1.6613 val_acc=0.143
      ep13 train_loss=0.0858 train_acc=0.931 | val_loss=1.8713 val_acc=0.143
      ep14 train_loss=0.0997 train_acc=0.907 | val_loss=1.9061 val_acc=0.286
      ep15 train_loss=0.1127 train_acc=0.899 | val_loss=1.9496 val_acc=0.143
      ep16 train_loss=0.1038 train_acc=0.915 | val_loss=1.4952 val_acc=0.286
      ep17 train_loss=0.0473 train_acc=0.939 | val_loss=1.7653 val_acc=0.286
      ep18 train_loss=0.0472 train_acc=0.935 | val_loss=1.8912 val_acc=0.286
      ep19 train_loss=0.0413 train_acc=0.968 | val_loss=2.1196 val_acc=0.429
      ep20 train_loss=0.0505 train_acc=0.964 | val_loss=1.5016 val_acc=0.571
      ep21 train_loss=0.0480 train_acc=0.943 | val_loss=1.8821 val_acc=0.286
      ep22 train_loss=0.1149 train_acc=0.891 | val_loss=1.9492 val_acc=0.286
      ep23 train_loss=0.0660 train_acc=0.947 | val_loss=1.5763 val_acc=0.429
      ep24 train_loss=0.0643 train_acc=0.931 | val_loss=1.5816 val_acc=0.571
    fold acc=0.429 time=234.2s | running pooled acc=0.552

--- Fold 4/26 | test sub04 (5 test, 249 train) ---
      ep00 train_loss=1.0907 train_acc=0.309 | val_loss=1.6360 val_acc=0.200
      ep01 train_loss=0.7693 train_acc=0.478 | val_loss=1.4766 val_acc=0.200
      ep02 train_loss=0.5931 train_acc=0.598 | val_loss=1.6303 val_acc=0.400
      ep03 train_loss=0.3903 train_acc=0.683 | val_loss=2.0380 val_acc=0.400
      ep04 train_loss=0.4450 train_acc=0.679 | val_loss=1.5807 val_acc=0.600
      ep05 train_loss=0.3278 train_acc=0.719 | val_loss=1.4113 val_acc=0.600
      ep06 train_loss=0.2675 train_acc=0.779 | val_loss=1.2298 val_acc=0.600
      ep07 train_loss=0.3145 train_acc=0.735 | val_loss=1.2872 val_acc=0.400
      ep08 train_loss=0.2179 train_acc=0.815 | val_loss=0.9063 val_acc=0.600
      ep09 train_loss=0.2194 train_acc=0.831 | val_loss=1.0573 val_acc=0.600
      ep10 train_loss=0.1476 train_acc=0.871 | val_loss=0.9820 val_acc=0.600
      ep11 train_loss=0.1468 train_acc=0.880 | val_loss=1.5080 val_acc=0.600
      ep12 train_loss=0.1522 train_acc=0.863 | val_loss=0.8779 val_acc=0.600
      ep13 train_loss=0.0961 train_acc=0.924 | val_loss=1.4195 val_acc=0.600
      ep14 train_loss=0.1406 train_acc=0.904 | val_loss=1.4584 val_acc=0.600
      ep15 train_loss=0.1134 train_acc=0.888 | val_loss=1.4384 val_acc=0.600
      ep16 train_loss=0.0837 train_acc=0.908 | val_loss=1.4402 val_acc=0.400
      ep17 train_loss=0.0523 train_acc=0.964 | val_loss=1.4556 val_acc=0.600
      ep18 train_loss=0.0549 train_acc=0.940 | val_loss=1.3096 val_acc=0.600
      ep19 train_loss=0.0466 train_acc=0.956 | val_loss=1.1643 val_acc=0.600
      ep20 train_loss=0.0603 train_acc=0.940 | val_loss=1.1580 val_acc=0.600
      ep21 train_loss=0.0500 train_acc=0.940 | val_loss=1.3546 val_acc=0.600
      ep22 train_loss=0.0543 train_acc=0.948 | val_loss=0.9833 val_acc=0.600
      ep23 train_loss=0.0633 train_acc=0.928 | val_loss=1.2419 val_acc=0.600
      ep24 train_loss=0.0450 train_acc=0.968 | val_loss=1.4371 val_acc=0.600
    fold acc=0.600 time=234.6s | running pooled acc=0.559

--- Fold 5/26 | test sub05 (19 test, 235 train) ---
      ep00 train_loss=1.3797 train_acc=0.247 | val_loss=1.3348 val_acc=0.526
      ep01 train_loss=0.7471 train_acc=0.485 | val_loss=1.1005 val_acc=0.632
      ep02 train_loss=0.5052 train_acc=0.591 | val_loss=1.2502 val_acc=0.579
      ep03 train_loss=0.4408 train_acc=0.711 | val_loss=1.3335 val_acc=0.632
      ep04 train_loss=0.3458 train_acc=0.685 | val_loss=0.9453 val_acc=0.632
      ep05 train_loss=0.2600 train_acc=0.753 | val_loss=1.0643 val_acc=0.632
      ep06 train_loss=0.2495 train_acc=0.813 | val_loss=0.9584 val_acc=0.684
      ep07 train_loss=0.2113 train_acc=0.838 | val_loss=1.1168 val_acc=0.632
      ep08 train_loss=0.2851 train_acc=0.804 | val_loss=1.4152 val_acc=0.579
      ep09 train_loss=0.2051 train_acc=0.821 | val_loss=1.1014 val_acc=0.684
      ep10 train_loss=0.1823 train_acc=0.809 | val_loss=1.1132 val_acc=0.579
      ep11 train_loss=0.1888 train_acc=0.813 | val_loss=1.1705 val_acc=0.579
      ep12 train_loss=0.1818 train_acc=0.813 | val_loss=1.1099 val_acc=0.632
      ep13 train_loss=0.1301 train_acc=0.898 | val_loss=1.0097 val_acc=0.579
      ep14 train_loss=0.1919 train_acc=0.881 | val_loss=1.3085 val_acc=0.526
      ep15 train_loss=0.1126 train_acc=0.885 | val_loss=1.1560 val_acc=0.632
      ep16 train_loss=0.0821 train_acc=0.915 | val_loss=1.2183 val_acc=0.632
      ep17 train_loss=0.0887 train_acc=0.902 | val_loss=1.1104 val_acc=0.632
      ep18 train_loss=0.0689 train_acc=0.945 | val_loss=0.9640 val_acc=0.632
      ep19 train_loss=0.0542 train_acc=0.932 | val_loss=0.9765 val_acc=0.632
      ep20 train_loss=0.0578 train_acc=0.919 | val_loss=0.9703 val_acc=0.632
      ep21 train_loss=0.0560 train_acc=0.957 | val_loss=0.9051 val_acc=0.737
      ep22 train_loss=0.0688 train_acc=0.949 | val_loss=1.0228 val_acc=0.579
      ep23 train_loss=0.0551 train_acc=0.957 | val_loss=1.0266 val_acc=0.579
      ep24 train_loss=0.0580 train_acc=0.936 | val_loss=1.0032 val_acc=0.579
    fold acc=0.632 time=233.0s | running pooled acc=0.585

--- Fold 6/26 | test sub06 (5 test, 249 train) ---
      ep00 train_loss=1.1762 train_acc=0.261 | val_loss=1.4951 val_acc=0.200
      ep01 train_loss=0.7989 train_acc=0.466 | val_loss=1.3931 val_acc=0.400
      ep02 train_loss=0.5551 train_acc=0.598 | val_loss=1.4642 val_acc=0.400
      ep03 train_loss=0.3942 train_acc=0.699 | val_loss=1.4016 val_acc=0.400
      ep04 train_loss=0.4709 train_acc=0.675 | val_loss=1.0803 val_acc=0.600
      ep05 train_loss=0.3354 train_acc=0.715 | val_loss=1.2725 val_acc=0.800
      ep06 train_loss=0.2775 train_acc=0.763 | val_loss=1.1718 val_acc=0.400
      ep07 train_loss=0.2849 train_acc=0.791 | val_loss=1.3531 val_acc=0.400
      ep08 train_loss=0.2652 train_acc=0.767 | val_loss=0.7391 val_acc=0.600
      ep09 train_loss=0.2236 train_acc=0.799 | val_loss=1.1222 val_acc=0.400
      ep10 train_loss=0.1762 train_acc=0.839 | val_loss=1.0350 val_acc=0.600
      ep11 train_loss=0.1978 train_acc=0.811 | val_loss=1.0404 val_acc=0.600
      ep12 train_loss=0.1557 train_acc=0.839 | val_loss=1.4319 val_acc=0.600
      ep13 train_loss=0.1212 train_acc=0.884 | val_loss=1.2943 val_acc=0.600
      ep14 train_loss=0.1334 train_acc=0.884 | val_loss=1.0970 val_acc=0.600
      ep15 train_loss=0.1414 train_acc=0.884 | val_loss=1.2721 val_acc=0.600
      ep16 train_loss=0.0833 train_acc=0.912 | val_loss=1.1719 val_acc=0.600
      ep17 train_loss=0.0478 train_acc=0.952 | val_loss=1.2674 val_acc=0.600
      ep18 train_loss=0.0578 train_acc=0.952 | val_loss=1.3797 val_acc=0.600
      ep19 train_loss=0.0401 train_acc=0.952 | val_loss=1.2559 val_acc=0.600
      ep20 train_loss=0.0676 train_acc=0.936 | val_loss=1.3182 val_acc=0.600
      ep21 train_loss=0.0785 train_acc=0.920 | val_loss=1.1719 val_acc=0.600
      ep22 train_loss=0.0621 train_acc=0.920 | val_loss=1.2743 val_acc=0.600
      ep23 train_loss=0.0574 train_acc=0.932 | val_loss=1.2125 val_acc=0.600
      ep24 train_loss=0.0514 train_acc=0.944 | val_loss=1.1541 val_acc=0.600
    fold acc=0.600 time=234.6s | running pooled acc=0.586

--- Fold 7/26 | test sub07 (9 test, 245 train) ---
      ep00 train_loss=1.1832 train_acc=0.257 | val_loss=1.4823 val_acc=0.222
      ep01 train_loss=0.8181 train_acc=0.457 | val_loss=1.4612 val_acc=0.333
      ep02 train_loss=0.5092 train_acc=0.600 | val_loss=1.5617 val_acc=0.333
      ep03 train_loss=0.5224 train_acc=0.673 | val_loss=1.5035 val_acc=0.444
      ep04 train_loss=0.4805 train_acc=0.661 | val_loss=1.3927 val_acc=0.444
      ep05 train_loss=0.3781 train_acc=0.735 | val_loss=1.6675 val_acc=0.333
      ep06 train_loss=0.2596 train_acc=0.780 | val_loss=1.3031 val_acc=0.556
      ep07 train_loss=0.2650 train_acc=0.771 | val_loss=1.6644 val_acc=0.222
      ep08 train_loss=0.2388 train_acc=0.816 | val_loss=1.5977 val_acc=0.444
      ep09 train_loss=0.2236 train_acc=0.841 | val_loss=1.5359 val_acc=0.222
      ep10 train_loss=0.1896 train_acc=0.849 | val_loss=1.6439 val_acc=0.222
      ep11 train_loss=0.1461 train_acc=0.869 | val_loss=1.4913 val_acc=0.444
      ep12 train_loss=0.1592 train_acc=0.890 | val_loss=1.6254 val_acc=0.444
      ep13 train_loss=0.1316 train_acc=0.869 | val_loss=1.6700 val_acc=0.556
      ep14 train_loss=0.1100 train_acc=0.882 | val_loss=1.7733 val_acc=0.444
      ep15 train_loss=0.1299 train_acc=0.898 | val_loss=1.7802 val_acc=0.556
      ep16 train_loss=0.0693 train_acc=0.939 | val_loss=1.9054 val_acc=0.444
      ep17 train_loss=0.0747 train_acc=0.935 | val_loss=1.9773 val_acc=0.444
      ep18 train_loss=0.0504 train_acc=0.951 | val_loss=1.9010 val_acc=0.556
      ep19 train_loss=0.0851 train_acc=0.890 | val_loss=1.7491 val_acc=0.444
      ep20 train_loss=0.0480 train_acc=0.967 | val_loss=1.9114 val_acc=0.556
      ep21 train_loss=0.0528 train_acc=0.943 | val_loss=1.8677 val_acc=0.556
      ep22 train_loss=0.0519 train_acc=0.967 | val_loss=1.7164 val_acc=0.444
      ep23 train_loss=0.0586 train_acc=0.963 | val_loss=1.8185 val_acc=0.556
      ep24 train_loss=0.0382 train_acc=0.955 | val_loss=1.8137 val_acc=0.556
    fold acc=0.333 time=234.8s | running pooled acc=0.552

--- Fold 8/26 | test sub08 (3 test, 251 train) ---
      ep00 train_loss=1.2543 train_acc=0.275 | val_loss=0.6422 val_acc=1.000
      ep01 train_loss=0.6981 train_acc=0.542 | val_loss=1.1663 val_acc=0.667
      ep02 train_loss=0.5892 train_acc=0.542 | val_loss=0.9716 val_acc=0.667
      ep03 train_loss=0.3744 train_acc=0.701 | val_loss=0.9686 val_acc=0.333
      ep04 train_loss=0.3719 train_acc=0.737 | val_loss=0.7527 val_acc=0.333
      ep05 train_loss=0.3036 train_acc=0.741 | val_loss=1.1621 val_acc=0.333
      ep06 train_loss=0.2471 train_acc=0.797 | val_loss=0.9432 val_acc=0.667
      ep07 train_loss=0.2131 train_acc=0.813 | val_loss=0.8352 val_acc=0.333
      ep08 train_loss=0.2720 train_acc=0.789 | val_loss=1.1467 val_acc=0.333
      ep09 train_loss=0.1914 train_acc=0.829 | val_loss=0.5043 val_acc=0.667
      ep10 train_loss=0.1829 train_acc=0.865 | val_loss=0.6235 val_acc=0.667
      ep11 train_loss=0.1119 train_acc=0.888 | val_loss=0.7980 val_acc=0.667
      ep12 train_loss=0.1218 train_acc=0.896 | val_loss=0.5559 val_acc=1.000
      ep13 train_loss=0.1228 train_acc=0.884 | val_loss=0.6154 val_acc=0.667
      ep14 train_loss=0.1102 train_acc=0.888 | val_loss=0.7938 val_acc=0.333
      ep15 train_loss=0.0985 train_acc=0.908 | val_loss=0.7286 val_acc=0.667
      ep16 train_loss=0.0486 train_acc=0.964 | val_loss=0.8429 val_acc=0.667
      ep17 train_loss=0.0684 train_acc=0.936 | val_loss=0.5090 val_acc=1.000
      ep18 train_loss=0.0587 train_acc=0.932 | val_loss=0.5031 val_acc=1.000
      ep19 train_loss=0.0508 train_acc=0.952 | val_loss=0.7235 val_acc=0.333
      ep20 train_loss=0.0526 train_acc=0.924 | val_loss=0.6915 val_acc=0.333
      ep21 train_loss=0.0575 train_acc=0.932 | val_loss=0.7975 val_acc=0.333
      ep22 train_loss=0.0550 train_acc=0.948 | val_loss=0.6151 val_acc=0.667
      ep23 train_loss=0.0414 train_acc=0.960 | val_loss=0.5970 val_acc=0.667
      ep24 train_loss=0.0609 train_acc=0.948 | val_loss=0.7068 val_acc=0.333
    fold acc=0.667 time=235.6s | running pooled acc=0.557

--- Fold 9/26 | test sub09 (13 test, 241 train) ---
      ep00 train_loss=1.2792 train_acc=0.245 | val_loss=1.3384 val_acc=0.462
      ep01 train_loss=0.7138 train_acc=0.498 | val_loss=1.1448 val_acc=0.615
      ep02 train_loss=0.5587 train_acc=0.656 | val_loss=0.9215 val_acc=0.769
      ep03 train_loss=0.4870 train_acc=0.627 | val_loss=1.6710 val_acc=0.462
      ep04 train_loss=0.3807 train_acc=0.701 | val_loss=1.4171 val_acc=0.462
      ep05 train_loss=0.3566 train_acc=0.730 | val_loss=0.9099 val_acc=0.538
      ep06 train_loss=0.2547 train_acc=0.788 | val_loss=1.3267 val_acc=0.462
      ep07 train_loss=0.2277 train_acc=0.809 | val_loss=1.0770 val_acc=0.538
      ep08 train_loss=0.2423 train_acc=0.809 | val_loss=1.4053 val_acc=0.462
      ep09 train_loss=0.2155 train_acc=0.822 | val_loss=0.9125 val_acc=0.462
      ep10 train_loss=0.1815 train_acc=0.859 | val_loss=1.0695 val_acc=0.615
      ep11 train_loss=0.1407 train_acc=0.884 | val_loss=1.1480 val_acc=0.538
      ep12 train_loss=0.1097 train_acc=0.884 | val_loss=1.1799 val_acc=0.538
      ep13 train_loss=0.1124 train_acc=0.867 | val_loss=0.8471 val_acc=0.615
      ep14 train_loss=0.1067 train_acc=0.900 | val_loss=0.9442 val_acc=0.462
      ep15 train_loss=0.1810 train_acc=0.896 | val_loss=0.8899 val_acc=0.692
      ep16 train_loss=0.1536 train_acc=0.871 | val_loss=0.8209 val_acc=0.615
      ep17 train_loss=0.0953 train_acc=0.909 | val_loss=0.9559 val_acc=0.615
      ep18 train_loss=0.0613 train_acc=0.929 | val_loss=0.9849 val_acc=0.538
      ep19 train_loss=0.0728 train_acc=0.929 | val_loss=1.0503 val_acc=0.462
      ep20 train_loss=0.0843 train_acc=0.950 | val_loss=1.0535 val_acc=0.462
      ep21 train_loss=0.0720 train_acc=0.921 | val_loss=1.1109 val_acc=0.462
      ep22 train_loss=0.0939 train_acc=0.938 | val_loss=1.1097 val_acc=0.462
      ep23 train_loss=0.0817 train_acc=0.950 | val_loss=1.0512 val_acc=0.538
      ep24 train_loss=0.0696 train_acc=0.929 | val_loss=1.0529 val_acc=0.462
    fold acc=0.615 time=234.9s | running pooled acc=0.566

--- Fold 10/26 | test sub10 (14 test, 240 train) ---
      ep00 train_loss=1.1897 train_acc=0.300 | val_loss=0.4600 val_acc=0.929
      ep01 train_loss=0.7041 train_acc=0.458 | val_loss=1.0121 val_acc=0.786
      ep02 train_loss=0.5285 train_acc=0.600 | val_loss=0.7560 val_acc=0.714
      ep03 train_loss=0.4826 train_acc=0.600 | val_loss=0.5024 val_acc=0.929
      ep04 train_loss=0.4499 train_acc=0.692 | val_loss=0.3538 val_acc=1.000
      ep05 train_loss=0.3504 train_acc=0.667 | val_loss=0.3750 val_acc=0.929
      ep06 train_loss=0.2821 train_acc=0.775 | val_loss=0.4399 val_acc=0.929
      ep07 train_loss=0.2702 train_acc=0.783 | val_loss=0.3605 val_acc=0.929
      ep08 train_loss=0.2199 train_acc=0.804 | val_loss=0.3365 val_acc=0.929
      ep09 train_loss=0.2843 train_acc=0.767 | val_loss=0.3728 val_acc=1.000
      ep10 train_loss=0.2238 train_acc=0.796 | val_loss=0.4411 val_acc=0.929
      ep11 train_loss=0.1524 train_acc=0.842 | val_loss=0.2632 val_acc=1.000
      ep12 train_loss=0.1178 train_acc=0.892 | val_loss=0.2602 val_acc=1.000
      ep13 train_loss=0.0969 train_acc=0.908 | val_loss=0.2607 val_acc=1.000
      ep14 train_loss=0.0762 train_acc=0.912 | val_loss=0.2570 val_acc=1.000
      ep15 train_loss=0.0770 train_acc=0.946 | val_loss=0.2613 val_acc=1.000
      ep16 train_loss=0.1037 train_acc=0.921 | val_loss=0.2934 val_acc=1.000
      ep17 train_loss=0.0469 train_acc=0.950 | val_loss=0.2471 val_acc=1.000
      ep18 train_loss=0.0800 train_acc=0.933 | val_loss=0.2837 val_acc=1.000
      ep19 train_loss=0.0619 train_acc=0.950 | val_loss=0.2568 val_acc=1.000
      ep20 train_loss=0.0616 train_acc=0.954 | val_loss=0.2427 val_acc=1.000
      ep21 train_loss=0.0628 train_acc=0.942 | val_loss=0.2196 val_acc=1.000
      ep22 train_loss=0.0399 train_acc=0.963 | val_loss=0.2603 val_acc=1.000
      ep23 train_loss=0.0684 train_acc=0.925 | val_loss=0.2552 val_acc=1.000
      ep24 train_loss=0.1295 train_acc=0.917 | val_loss=0.2555 val_acc=1.000
    fold acc=1.000 time=234.2s | running pooled acc=0.629

--- Fold 11/26 | test sub11 (10 test, 244 train) ---
      ep00 train_loss=1.1334 train_acc=0.266 | val_loss=1.1080 val_acc=0.600
      ep01 train_loss=0.7275 train_acc=0.480 | val_loss=0.7768 val_acc=0.900
      ep02 train_loss=0.5516 train_acc=0.594 | val_loss=0.3768 val_acc=0.900
      ep03 train_loss=0.5192 train_acc=0.631 | val_loss=0.7268 val_acc=0.700
      ep04 train_loss=0.3533 train_acc=0.697 | val_loss=0.5883 val_acc=0.800
      ep05 train_loss=0.3213 train_acc=0.766 | val_loss=0.5878 val_acc=0.900
      ep06 train_loss=0.3128 train_acc=0.738 | val_loss=0.5427 val_acc=0.800
      ep07 train_loss=0.2879 train_acc=0.758 | val_loss=0.4173 val_acc=1.000
      ep08 train_loss=0.2332 train_acc=0.770 | val_loss=0.5491 val_acc=0.900
      ep09 train_loss=0.1766 train_acc=0.824 | val_loss=0.5173 val_acc=0.800
      ep10 train_loss=0.1942 train_acc=0.816 | val_loss=0.5457 val_acc=0.700
      ep11 train_loss=0.1171 train_acc=0.881 | val_loss=0.6341 val_acc=0.700
      ep12 train_loss=0.1154 train_acc=0.869 | val_loss=0.7298 val_acc=0.700
      ep13 train_loss=0.1249 train_acc=0.873 | val_loss=0.8555 val_acc=0.600
      ep14 train_loss=0.0770 train_acc=0.910 | val_loss=0.4378 val_acc=0.900
      ep15 train_loss=0.0838 train_acc=0.922 | val_loss=0.6958 val_acc=0.800
      ep16 train_loss=0.0673 train_acc=0.943 | val_loss=0.6980 val_acc=0.700
      ep17 train_loss=0.0881 train_acc=0.906 | val_loss=0.6943 val_acc=0.800
      ep18 train_loss=0.0524 train_acc=0.955 | val_loss=0.6374 val_acc=0.800
      ep19 train_loss=0.0587 train_acc=0.943 | val_loss=0.5267 val_acc=0.700
      ep20 train_loss=0.0554 train_acc=0.959 | val_loss=0.6706 val_acc=0.700
      ep21 train_loss=0.0387 train_acc=0.955 | val_loss=0.6510 val_acc=0.700
      ep22 train_loss=0.0519 train_acc=0.934 | val_loss=0.6149 val_acc=0.800
      ep23 train_loss=0.0414 train_acc=0.959 | val_loss=0.6680 val_acc=0.700
      ep24 train_loss=0.0442 train_acc=0.980 | val_loss=0.6785 val_acc=0.700
    fold acc=0.700 time=235.5s | running pooled acc=0.636

--- Fold 12/26 | test sub12 (12 test, 242 train) ---
      ep00 train_loss=1.1726 train_acc=0.343 | val_loss=1.4219 val_acc=0.417
      ep01 train_loss=0.7874 train_acc=0.471 | val_loss=0.9715 val_acc=0.583
      ep02 train_loss=0.6475 train_acc=0.500 | val_loss=0.6716 val_acc=0.583
      ep03 train_loss=0.6296 train_acc=0.587 | val_loss=1.0143 val_acc=0.333
      ep04 train_loss=0.4223 train_acc=0.674 | val_loss=1.0491 val_acc=0.750
      ep05 train_loss=0.3136 train_acc=0.719 | val_loss=1.2884 val_acc=0.333
      ep06 train_loss=0.3670 train_acc=0.719 | val_loss=0.9095 val_acc=0.417
      ep07 train_loss=0.2499 train_acc=0.793 | val_loss=1.2677 val_acc=0.500
      ep08 train_loss=0.2559 train_acc=0.818 | val_loss=1.0939 val_acc=0.417
      ep09 train_loss=0.1725 train_acc=0.847 | val_loss=0.8657 val_acc=0.750
      ep10 train_loss=0.1677 train_acc=0.835 | val_loss=1.1801 val_acc=0.417
      ep11 train_loss=0.1892 train_acc=0.835 | val_loss=1.1036 val_acc=0.417
      ep12 train_loss=0.1796 train_acc=0.822 | val_loss=0.8010 val_acc=0.667
      ep13 train_loss=0.1956 train_acc=0.822 | val_loss=1.4383 val_acc=0.417
      ep14 train_loss=0.1078 train_acc=0.868 | val_loss=1.1020 val_acc=0.500
      ep15 train_loss=0.1172 train_acc=0.893 | val_loss=1.3122 val_acc=0.500
      ep16 train_loss=0.0798 train_acc=0.926 | val_loss=1.4511 val_acc=0.500
      ep17 train_loss=0.0850 train_acc=0.926 | val_loss=1.2878 val_acc=0.417
      ep18 train_loss=0.0357 train_acc=0.955 | val_loss=1.2869 val_acc=0.417
      ep19 train_loss=0.0524 train_acc=0.946 | val_loss=1.2752 val_acc=0.417
      ep20 train_loss=0.0589 train_acc=0.921 | val_loss=1.0726 val_acc=0.417
      ep21 train_loss=0.0464 train_acc=0.946 | val_loss=1.0266 val_acc=0.417
      ep22 train_loss=0.0752 train_acc=0.938 | val_loss=1.0227 val_acc=0.583
      ep23 train_loss=0.0657 train_acc=0.930 | val_loss=1.1064 val_acc=0.500
      ep24 train_loss=0.0654 train_acc=0.921 | val_loss=1.0446 val_acc=0.417
    fold acc=0.500 time=236.7s | running pooled acc=0.622

--- Fold 13/26 | test sub13 (8 test, 246 train) ---
      ep00 train_loss=1.1668 train_acc=0.276 | val_loss=1.0641 val_acc=0.375
      ep01 train_loss=0.7872 train_acc=0.451 | val_loss=0.9755 val_acc=0.625
      ep02 train_loss=0.6157 train_acc=0.618 | val_loss=0.5215 val_acc=0.875
      ep03 train_loss=0.4073 train_acc=0.646 | val_loss=0.7055 val_acc=0.625
      ep04 train_loss=0.3442 train_acc=0.715 | val_loss=0.3941 val_acc=0.875
      ep05 train_loss=0.3364 train_acc=0.728 | val_loss=0.6669 val_acc=0.750
      ep06 train_loss=0.2573 train_acc=0.793 | val_loss=0.6027 val_acc=0.750
      ep07 train_loss=0.2931 train_acc=0.764 | val_loss=0.7209 val_acc=0.750
      ep08 train_loss=0.3093 train_acc=0.699 | val_loss=0.6879 val_acc=0.625
      ep09 train_loss=0.1834 train_acc=0.821 | val_loss=0.7650 val_acc=0.625
      ep10 train_loss=0.1605 train_acc=0.850 | val_loss=0.6805 val_acc=0.750
      ep11 train_loss=0.1392 train_acc=0.878 | val_loss=0.8015 val_acc=0.625
      ep12 train_loss=0.1168 train_acc=0.886 | val_loss=0.4792 val_acc=0.875
      ep13 train_loss=0.0950 train_acc=0.890 | val_loss=0.4071 val_acc=0.875
      ep14 train_loss=0.0661 train_acc=0.915 | val_loss=0.6158 val_acc=0.750
      ep15 train_loss=0.0934 train_acc=0.923 | val_loss=0.6220 val_acc=0.750
      ep16 train_loss=0.0535 train_acc=0.955 | val_loss=0.5414 val_acc=0.750
      ep17 train_loss=0.0550 train_acc=0.947 | val_loss=0.4837 val_acc=0.750
      ep18 train_loss=0.0643 train_acc=0.931 | val_loss=0.4735 val_acc=0.875
      ep19 train_loss=0.0485 train_acc=0.939 | val_loss=0.4615 val_acc=0.750
      ep20 train_loss=0.0439 train_acc=0.955 | val_loss=0.4962 val_acc=0.750
      ep21 train_loss=0.0508 train_acc=0.935 | val_loss=0.5013 val_acc=0.750
      ep22 train_loss=0.1000 train_acc=0.919 | val_loss=0.5508 val_acc=0.750
      ep23 train_loss=0.0614 train_acc=0.935 | val_loss=0.4648 val_acc=0.875
      ep24 train_loss=0.0626 train_acc=0.931 | val_loss=0.4983 val_acc=0.750
    fold acc=0.875 time=236.7s | running pooled acc=0.638

--- Fold 14/26 | test sub14 (4 test, 250 train) ---
      ep00 train_loss=1.2469 train_acc=0.204 | val_loss=1.1585 val_acc=0.500
      ep01 train_loss=0.7168 train_acc=0.480 | val_loss=1.1236 val_acc=0.500
      ep02 train_loss=0.5991 train_acc=0.564 | val_loss=0.9292 val_acc=0.750
      ep03 train_loss=0.5063 train_acc=0.624 | val_loss=1.6117 val_acc=0.000
      ep04 train_loss=0.3753 train_acc=0.680 | val_loss=0.9673 val_acc=0.750
      ep05 train_loss=0.3371 train_acc=0.700 | val_loss=0.7660 val_acc=1.000
      ep06 train_loss=0.2421 train_acc=0.788 | val_loss=1.1534 val_acc=0.750
      ep07 train_loss=0.2426 train_acc=0.812 | val_loss=1.3444 val_acc=0.250
      ep08 train_loss=0.2365 train_acc=0.808 | val_loss=1.0536 val_acc=0.750
      ep09 train_loss=0.1643 train_acc=0.856 | val_loss=0.9140 val_acc=0.500
      ep10 train_loss=0.1762 train_acc=0.860 | val_loss=0.9167 val_acc=0.500
      ep11 train_loss=0.2050 train_acc=0.800 | val_loss=0.9928 val_acc=0.750
      ep12 train_loss=0.2365 train_acc=0.868 | val_loss=0.4691 val_acc=0.750
      ep13 train_loss=0.1453 train_acc=0.884 | val_loss=0.8695 val_acc=0.500
      ep14 train_loss=0.1267 train_acc=0.900 | val_loss=0.8639 val_acc=0.500
      ep15 train_loss=0.0745 train_acc=0.916 | val_loss=0.7671 val_acc=0.750
      ep16 train_loss=0.0671 train_acc=0.932 | val_loss=0.9083 val_acc=0.750
      ep17 train_loss=0.0780 train_acc=0.928 | val_loss=0.7397 val_acc=0.750
      ep18 train_loss=0.0569 train_acc=0.928 | val_loss=0.7745 val_acc=0.500
      ep19 train_loss=0.0575 train_acc=0.948 | val_loss=0.8167 val_acc=0.500
      ep20 train_loss=0.0662 train_acc=0.952 | val_loss=0.7027 val_acc=0.750
      ep21 train_loss=0.0462 train_acc=0.964 | val_loss=0.6733 val_acc=0.750
      ep22 train_loss=0.0612 train_acc=0.944 | val_loss=0.7612 val_acc=0.500
      ep23 train_loss=0.0490 train_acc=0.948 | val_loss=0.7409 val_acc=0.500
      ep24 train_loss=0.0397 train_acc=0.976 | val_loss=0.7493 val_acc=0.500
    fold acc=0.500 time=237.2s | running pooled acc=0.634

--- Fold 15/26 | test sub15 (3 test, 251 train) ---
      ep00 train_loss=1.2835 train_acc=0.271 | val_loss=1.5392 val_acc=0.667
      ep01 train_loss=0.6614 train_acc=0.542 | val_loss=1.5221 val_acc=0.333
      ep02 train_loss=0.5785 train_acc=0.574 | val_loss=0.8498 val_acc=0.667
      ep03 train_loss=0.4401 train_acc=0.657 | val_loss=1.5820 val_acc=0.333
      ep04 train_loss=0.3369 train_acc=0.721 | val_loss=1.3842 val_acc=0.667
      ep05 train_loss=0.3284 train_acc=0.733 | val_loss=1.4119 val_acc=0.333
      ep06 train_loss=0.2355 train_acc=0.805 | val_loss=1.7942 val_acc=0.333
      ep07 train_loss=0.1981 train_acc=0.853 | val_loss=1.9792 val_acc=0.333
      ep08 train_loss=0.2529 train_acc=0.817 | val_loss=2.1500 val_acc=0.000
      ep09 train_loss=0.1762 train_acc=0.841 | val_loss=2.4100 val_acc=0.333
      ep10 train_loss=0.2275 train_acc=0.833 | val_loss=2.0442 val_acc=0.000
      ep11 train_loss=0.1260 train_acc=0.876 | val_loss=1.7341 val_acc=0.333
      ep12 train_loss=0.1537 train_acc=0.873 | val_loss=1.7551 val_acc=0.000
      ep13 train_loss=0.1096 train_acc=0.924 | val_loss=1.4957 val_acc=0.333
      ep14 train_loss=0.1100 train_acc=0.928 | val_loss=1.1345 val_acc=0.667
      ep15 train_loss=0.1150 train_acc=0.888 | val_loss=1.2496 val_acc=0.333
      ep16 train_loss=0.0707 train_acc=0.936 | val_loss=1.0279 val_acc=0.667
      ep17 train_loss=0.0769 train_acc=0.932 | val_loss=1.1261 val_acc=0.333
      ep18 train_loss=0.0410 train_acc=0.940 | val_loss=1.2565 val_acc=0.333
      ep19 train_loss=0.0396 train_acc=0.976 | val_loss=1.3049 val_acc=0.000
      ep20 train_loss=0.0495 train_acc=0.956 | val_loss=1.3446 val_acc=0.000
      ep21 train_loss=0.0791 train_acc=0.936 | val_loss=1.6917 val_acc=0.000
      ep22 train_loss=0.0353 train_acc=0.980 | val_loss=1.3913 val_acc=0.000
      ep23 train_loss=0.0416 train_acc=0.948 | val_loss=1.2193 val_acc=0.333
      ep24 train_loss=0.0683 train_acc=0.928 | val_loss=1.2485 val_acc=0.667
    fold acc=0.333 time=237.6s | running pooled acc=0.627

--- Fold 16/26 | test sub16 (4 test, 250 train) ---
      ep00 train_loss=1.3016 train_acc=0.204 | val_loss=2.3852 val_acc=0.250
      ep01 train_loss=0.7249 train_acc=0.500 | val_loss=2.2656 val_acc=0.250
      ep02 train_loss=0.5541 train_acc=0.584 | val_loss=2.5782 val_acc=0.000
      ep03 train_loss=0.4962 train_acc=0.636 | val_loss=2.9289 val_acc=0.000
      ep04 train_loss=0.3639 train_acc=0.700 | val_loss=2.8650 val_acc=0.250
      ep05 train_loss=0.3400 train_acc=0.716 | val_loss=2.1014 val_acc=0.500
      ep06 train_loss=0.2309 train_acc=0.804 | val_loss=2.3432 val_acc=0.500
      ep07 train_loss=0.2873 train_acc=0.776 | val_loss=2.5786 val_acc=0.500
      ep08 train_loss=0.2125 train_acc=0.800 | val_loss=2.4862 val_acc=0.250
      ep09 train_loss=0.1832 train_acc=0.832 | val_loss=2.9454 val_acc=0.500
      ep10 train_loss=0.1984 train_acc=0.844 | val_loss=3.7027 val_acc=0.500
      ep11 train_loss=0.1966 train_acc=0.824 | val_loss=3.4936 val_acc=0.500
      ep12 train_loss=0.1416 train_acc=0.884 | val_loss=3.5032 val_acc=0.250
      ep13 train_loss=0.1128 train_acc=0.900 | val_loss=3.5039 val_acc=0.500
      ep14 train_loss=0.0954 train_acc=0.928 | val_loss=3.6446 val_acc=0.500
      ep15 train_loss=0.0697 train_acc=0.924 | val_loss=3.3695 val_acc=0.500
      ep16 train_loss=0.0521 train_acc=0.932 | val_loss=3.8005 val_acc=0.500
      ep17 train_loss=0.0673 train_acc=0.940 | val_loss=3.5623 val_acc=0.500
      ep18 train_loss=0.0628 train_acc=0.952 | val_loss=3.9265 val_acc=0.500
      ep19 train_loss=0.0483 train_acc=0.964 | val_loss=3.2877 val_acc=0.500
      ep20 train_loss=0.0486 train_acc=0.952 | val_loss=3.4808 val_acc=0.500
      ep21 train_loss=0.0360 train_acc=0.972 | val_loss=3.1475 val_acc=0.500
      ep22 train_loss=0.0809 train_acc=0.932 | val_loss=3.3151 val_acc=0.500
      ep23 train_loss=0.0548 train_acc=0.956 | val_loss=3.6068 val_acc=0.500
      ep24 train_loss=0.0317 train_acc=0.976 | val_loss=3.5018 val_acc=0.500
    fold acc=0.500 time=238.0s | running pooled acc=0.623

--- Fold 17/26 | test sub17 (36 test, 218 train) ---
      ep00 train_loss=1.2106 train_acc=0.243 | val_loss=1.3150 val_acc=0.500
      ep01 train_loss=0.7543 train_acc=0.450 | val_loss=1.1276 val_acc=0.556
      ep02 train_loss=0.6660 train_acc=0.578 | val_loss=0.9465 val_acc=0.500
      ep03 train_loss=0.5925 train_acc=0.633 | val_loss=1.1512 val_acc=0.444
      ep04 train_loss=0.4059 train_acc=0.688 | val_loss=1.0760 val_acc=0.583
      ep05 train_loss=0.3459 train_acc=0.752 | val_loss=0.9851 val_acc=0.611
      ep06 train_loss=0.2638 train_acc=0.771 | val_loss=1.0793 val_acc=0.639
      ep07 train_loss=0.2671 train_acc=0.789 | val_loss=0.9878 val_acc=0.611
      ep08 train_loss=0.2356 train_acc=0.798 | val_loss=0.9596 val_acc=0.639
      ep09 train_loss=0.2238 train_acc=0.830 | val_loss=0.9283 val_acc=0.667
      ep10 train_loss=0.1823 train_acc=0.844 | val_loss=0.9310 val_acc=0.667
      ep11 train_loss=0.1744 train_acc=0.858 | val_loss=1.0088 val_acc=0.667
      ep12 train_loss=0.1354 train_acc=0.862 | val_loss=0.9450 val_acc=0.694
      ep13 train_loss=0.1104 train_acc=0.904 | val_loss=0.8846 val_acc=0.722
      ep14 train_loss=0.0908 train_acc=0.904 | val_loss=0.8825 val_acc=0.667
      ep15 train_loss=0.1223 train_acc=0.894 | val_loss=0.9761 val_acc=0.583
      ep16 train_loss=0.0844 train_acc=0.917 | val_loss=0.9661 val_acc=0.639
      ep17 train_loss=0.0751 train_acc=0.917 | val_loss=0.9239 val_acc=0.639
      ep18 train_loss=0.0780 train_acc=0.931 | val_loss=0.8717 val_acc=0.639
      ep19 train_loss=0.0654 train_acc=0.963 | val_loss=0.9029 val_acc=0.667
      ep20 train_loss=0.0325 train_acc=0.982 | val_loss=0.9348 val_acc=0.667
      ep21 train_loss=0.0713 train_acc=0.940 | val_loss=0.9241 val_acc=0.611
      ep22 train_loss=0.0778 train_acc=0.917 | val_loss=0.9633 val_acc=0.583
      ep23 train_loss=0.0690 train_acc=0.959 | val_loss=0.9288 val_acc=0.639
      ep24 train_loss=0.0541 train_acc=0.931 | val_loss=0.8950 val_acc=0.639
    fold acc=0.694 time=235.4s | running pooled acc=0.638

--- Fold 18/26 | test sub18 (3 test, 251 train) ---
      ep00 train_loss=1.2863 train_acc=0.247 | val_loss=0.9606 val_acc=1.000
      ep01 train_loss=0.7611 train_acc=0.474 | val_loss=0.7781 val_acc=1.000
      ep02 train_loss=0.5776 train_acc=0.578 | val_loss=0.8052 val_acc=0.667
      ep03 train_loss=0.4510 train_acc=0.657 | val_loss=1.0719 val_acc=0.667
      ep04 train_loss=0.3130 train_acc=0.725 | val_loss=0.4904 val_acc=1.000
      ep05 train_loss=0.3071 train_acc=0.721 | val_loss=0.6250 val_acc=1.000
      ep06 train_loss=0.2650 train_acc=0.753 | val_loss=0.9805 val_acc=0.667
      ep07 train_loss=0.2617 train_acc=0.785 | val_loss=0.6835 val_acc=1.000
      ep08 train_loss=0.3051 train_acc=0.757 | val_loss=0.6462 val_acc=1.000
      ep09 train_loss=0.2026 train_acc=0.785 | val_loss=0.3108 val_acc=1.000
      ep10 train_loss=0.2335 train_acc=0.857 | val_loss=0.8416 val_acc=0.667
      ep11 train_loss=0.1465 train_acc=0.849 | val_loss=0.5056 val_acc=1.000
      ep12 train_loss=0.1348 train_acc=0.896 | val_loss=0.6217 val_acc=1.000
      ep13 train_loss=0.1119 train_acc=0.896 | val_loss=0.5703 val_acc=1.000
      ep14 train_loss=0.0934 train_acc=0.948 | val_loss=0.2737 val_acc=1.000
      ep15 train_loss=0.1155 train_acc=0.873 | val_loss=0.3781 val_acc=1.000
      ep16 train_loss=0.0720 train_acc=0.896 | val_loss=0.3496 val_acc=1.000
      ep17 train_loss=0.0550 train_acc=0.952 | val_loss=0.2608 val_acc=1.000
      ep18 train_loss=0.0437 train_acc=0.956 | val_loss=0.2722 val_acc=1.000
      ep19 train_loss=0.0486 train_acc=0.944 | val_loss=0.2869 val_acc=1.000
      ep20 train_loss=0.0612 train_acc=0.944 | val_loss=0.3402 val_acc=1.000
      ep21 train_loss=0.0659 train_acc=0.932 | val_loss=0.3780 val_acc=1.000
      ep22 train_loss=0.0358 train_acc=0.964 | val_loss=0.2707 val_acc=1.000
      ep23 train_loss=0.0499 train_acc=0.968 | val_loss=0.3440 val_acc=1.000
      ep24 train_loss=0.0755 train_acc=0.944 | val_loss=0.2956 val_acc=1.000
    fold acc=1.000 time=238.6s | running pooled acc=0.644

--- Fold 19/26 | test sub19 (16 test, 238 train) ---
      ep00 train_loss=1.1892 train_acc=0.235 | val_loss=1.3525 val_acc=0.500
      ep01 train_loss=0.7251 train_acc=0.521 | val_loss=1.2502 val_acc=0.438
      ep02 train_loss=0.6016 train_acc=0.597 | val_loss=1.1729 val_acc=0.562
      ep03 train_loss=0.5248 train_acc=0.630 | val_loss=1.0551 val_acc=0.500
      ep04 train_loss=0.3503 train_acc=0.702 | val_loss=1.2503 val_acc=0.438
      ep05 train_loss=0.3060 train_acc=0.735 | val_loss=0.9978 val_acc=0.562
      ep06 train_loss=0.2552 train_acc=0.782 | val_loss=1.0659 val_acc=0.438
      ep07 train_loss=0.2899 train_acc=0.782 | val_loss=1.2066 val_acc=0.312
      ep08 train_loss=0.2577 train_acc=0.777 | val_loss=1.0547 val_acc=0.625
      ep09 train_loss=0.1638 train_acc=0.845 | val_loss=1.0544 val_acc=0.438
      ep10 train_loss=0.1676 train_acc=0.861 | val_loss=1.1612 val_acc=0.562
      ep11 train_loss=0.1617 train_acc=0.853 | val_loss=1.1953 val_acc=0.500
      ep12 train_loss=0.1029 train_acc=0.887 | val_loss=1.1234 val_acc=0.562
      ep13 train_loss=0.0851 train_acc=0.920 | val_loss=0.9695 val_acc=0.562
      ep14 train_loss=0.0892 train_acc=0.916 | val_loss=1.0910 val_acc=0.438
      ep15 train_loss=0.0518 train_acc=0.945 | val_loss=1.2175 val_acc=0.500
      ep16 train_loss=0.0893 train_acc=0.920 | val_loss=1.1840 val_acc=0.562
      ep17 train_loss=0.1109 train_acc=0.878 | val_loss=1.2681 val_acc=0.500
      ep18 train_loss=0.0580 train_acc=0.941 | val_loss=1.1721 val_acc=0.438
      ep19 train_loss=0.0476 train_acc=0.966 | val_loss=1.2391 val_acc=0.438
      ep20 train_loss=0.1215 train_acc=0.929 | val_loss=1.2564 val_acc=0.438
      ep21 train_loss=0.0478 train_acc=0.945 | val_loss=1.1846 val_acc=0.438
      ep22 train_loss=0.0634 train_acc=0.945 | val_loss=1.1538 val_acc=0.438
      ep23 train_loss=0.1070 train_acc=0.920 | val_loss=1.2409 val_acc=0.438
      ep24 train_loss=0.0434 train_acc=0.941 | val_loss=1.1900 val_acc=0.438
    fold acc=0.375 time=237.3s | running pooled acc=0.622

--- Fold 20/26 | test sub20 (11 test, 243 train) ---
      ep00 train_loss=1.1776 train_acc=0.284 | val_loss=1.0890 val_acc=0.727
      ep01 train_loss=0.6787 train_acc=0.531 | val_loss=0.8368 val_acc=0.545
      ep02 train_loss=0.5574 train_acc=0.613 | val_loss=1.2773 val_acc=0.455
      ep03 train_loss=0.4593 train_acc=0.687 | val_loss=1.0309 val_acc=0.545
      ep04 train_loss=0.3727 train_acc=0.708 | val_loss=1.0702 val_acc=0.636
      ep05 train_loss=0.3109 train_acc=0.778 | val_loss=1.5166 val_acc=0.364
      ep06 train_loss=0.3275 train_acc=0.720 | val_loss=1.0678 val_acc=0.636
      ep07 train_loss=0.2773 train_acc=0.770 | val_loss=0.8252 val_acc=0.636
      ep08 train_loss=0.2599 train_acc=0.790 | val_loss=1.1864 val_acc=0.455
      ep09 train_loss=0.1579 train_acc=0.868 | val_loss=1.0107 val_acc=0.636
      ep10 train_loss=0.1684 train_acc=0.844 | val_loss=1.1914 val_acc=0.545
      ep11 train_loss=0.1366 train_acc=0.856 | val_loss=0.9840 val_acc=0.545
      ep12 train_loss=0.0833 train_acc=0.909 | val_loss=1.0528 val_acc=0.727
      ep13 train_loss=0.1080 train_acc=0.889 | val_loss=0.5128 val_acc=0.636
      ep14 train_loss=0.0669 train_acc=0.942 | val_loss=0.6197 val_acc=0.636
      ep15 train_loss=0.0759 train_acc=0.955 | val_loss=0.8116 val_acc=0.545
      ep16 train_loss=0.0786 train_acc=0.967 | val_loss=0.8277 val_acc=0.545
      ep17 train_loss=0.0804 train_acc=0.922 | val_loss=0.6744 val_acc=0.636
      ep18 train_loss=0.0548 train_acc=0.938 | val_loss=0.6224 val_acc=0.727
      ep19 train_loss=0.0607 train_acc=0.979 | val_loss=0.7576 val_acc=0.636
      ep20 train_loss=0.0390 train_acc=0.979 | val_loss=0.7835 val_acc=0.727
      ep21 train_loss=0.0594 train_acc=0.947 | val_loss=0.5812 val_acc=0.636
      ep22 train_loss=0.0480 train_acc=0.938 | val_loss=0.8530 val_acc=0.636
      ep23 train_loss=0.0381 train_acc=0.951 | val_loss=0.6553 val_acc=0.636
      ep24 train_loss=0.0384 train_acc=0.959 | val_loss=0.8583 val_acc=0.636
    fold acc=0.727 time=237.8s | running pooled acc=0.627

--- Fold 21/26 | test sub21 (2 test, 252 train) ---
      ep00 train_loss=1.2563 train_acc=0.250 | val_loss=1.3163 val_acc=0.500
      ep01 train_loss=0.7640 train_acc=0.488 | val_loss=1.2902 val_acc=0.500
      ep02 train_loss=0.6012 train_acc=0.571 | val_loss=0.9513 val_acc=0.500
      ep03 train_loss=0.4506 train_acc=0.702 | val_loss=1.2138 val_acc=0.500
      ep04 train_loss=0.4102 train_acc=0.631 | val_loss=2.0384 val_acc=0.500
      ep05 train_loss=0.3660 train_acc=0.714 | val_loss=0.7916 val_acc=0.500
      ep06 train_loss=0.3262 train_acc=0.722 | val_loss=1.3969 val_acc=0.500
      ep07 train_loss=0.1916 train_acc=0.821 | val_loss=1.6225 val_acc=0.500
      ep08 train_loss=0.2224 train_acc=0.806 | val_loss=1.7784 val_acc=0.500
      ep09 train_loss=0.1984 train_acc=0.813 | val_loss=1.6703 val_acc=0.500
      ep10 train_loss=0.1989 train_acc=0.798 | val_loss=1.5996 val_acc=0.500
      ep11 train_loss=0.1368 train_acc=0.869 | val_loss=1.4900 val_acc=0.500
      ep12 train_loss=0.1245 train_acc=0.853 | val_loss=2.1810 val_acc=0.500
      ep13 train_loss=0.1196 train_acc=0.885 | val_loss=2.2364 val_acc=0.500
      ep14 train_loss=0.0897 train_acc=0.909 | val_loss=2.3802 val_acc=0.500
      ep15 train_loss=0.1055 train_acc=0.893 | val_loss=2.3884 val_acc=0.500
      ep16 train_loss=0.1153 train_acc=0.905 | val_loss=1.9046 val_acc=0.500
      ep17 train_loss=0.0695 train_acc=0.940 | val_loss=2.0748 val_acc=0.500
      ep18 train_loss=0.0676 train_acc=0.933 | val_loss=2.0070 val_acc=0.500
      ep19 train_loss=0.0762 train_acc=0.905 | val_loss=2.4241 val_acc=0.500
      ep20 train_loss=0.0794 train_acc=0.937 | val_loss=2.3420 val_acc=0.500
      ep21 train_loss=0.0518 train_acc=0.952 | val_loss=2.2037 val_acc=0.500
      ep22 train_loss=0.0595 train_acc=0.952 | val_loss=2.2575 val_acc=0.500
      ep23 train_loss=0.0786 train_acc=0.940 | val_loss=2.1421 val_acc=0.500
      ep24 train_loss=0.0685 train_acc=0.933 | val_loss=2.2370 val_acc=0.500
    fold acc=0.500 time=238.7s | running pooled acc=0.626

--- Fold 22/26 | test sub22 (2 test, 252 train) ---
      ep00 train_loss=1.2605 train_acc=0.246 | val_loss=1.4929 val_acc=0.000
      ep01 train_loss=0.7833 train_acc=0.484 | val_loss=0.7837 val_acc=1.000
      ep02 train_loss=0.6077 train_acc=0.552 | val_loss=0.7775 val_acc=1.000
      ep03 train_loss=0.4864 train_acc=0.687 | val_loss=1.1958 val_acc=0.000
      ep04 train_loss=0.4135 train_acc=0.631 | val_loss=0.6978 val_acc=1.000
      ep05 train_loss=0.3441 train_acc=0.671 | val_loss=0.5533 val_acc=1.000
      ep06 train_loss=0.3529 train_acc=0.706 | val_loss=1.9430 val_acc=0.000
      ep07 train_loss=0.1923 train_acc=0.817 | val_loss=0.3122 val_acc=1.000
      ep08 train_loss=0.1988 train_acc=0.817 | val_loss=0.6982 val_acc=1.000
      ep09 train_loss=0.1671 train_acc=0.833 | val_loss=0.3807 val_acc=1.000
      ep10 train_loss=0.1769 train_acc=0.825 | val_loss=0.7319 val_acc=1.000
      ep11 train_loss=0.1120 train_acc=0.909 | val_loss=0.2513 val_acc=1.000
      ep12 train_loss=0.1670 train_acc=0.857 | val_loss=0.3760 val_acc=1.000
      ep13 train_loss=0.1300 train_acc=0.861 | val_loss=0.5791 val_acc=1.000
      ep14 train_loss=0.0937 train_acc=0.913 | val_loss=0.3479 val_acc=1.000
      ep15 train_loss=0.1159 train_acc=0.889 | val_loss=0.2157 val_acc=1.000
      ep16 train_loss=0.1257 train_acc=0.897 | val_loss=0.1100 val_acc=1.000
      ep17 train_loss=0.0763 train_acc=0.937 | val_loss=0.2196 val_acc=1.000
      ep18 train_loss=0.0617 train_acc=0.948 | val_loss=0.1878 val_acc=1.000
      ep19 train_loss=0.0766 train_acc=0.921 | val_loss=0.1570 val_acc=1.000
      ep20 train_loss=0.0843 train_acc=0.925 | val_loss=0.2330 val_acc=1.000
      ep21 train_loss=0.0551 train_acc=0.956 | val_loss=0.1415 val_acc=1.000
      ep22 train_loss=0.0599 train_acc=0.944 | val_loss=0.1752 val_acc=1.000
      ep23 train_loss=0.0704 train_acc=0.940 | val_loss=0.2141 val_acc=1.000
      ep24 train_loss=0.0543 train_acc=0.956 | val_loss=0.2283 val_acc=1.000
    fold acc=1.000 time=238.9s | running pooled acc=0.630

--- Fold 23/26 | test sub23 (12 test, 242 train) ---
      ep00 train_loss=1.0530 train_acc=0.310 | val_loss=1.1016 val_acc=0.417
      ep01 train_loss=0.7263 train_acc=0.488 | val_loss=1.1351 val_acc=0.667
      ep02 train_loss=0.5900 train_acc=0.554 | val_loss=0.7929 val_acc=0.750
      ep03 train_loss=0.5499 train_acc=0.616 | val_loss=0.5610 val_acc=0.833
      ep04 train_loss=0.4616 train_acc=0.657 | val_loss=0.7977 val_acc=0.667
      ep05 train_loss=0.3101 train_acc=0.769 | val_loss=0.7611 val_acc=0.750
      ep06 train_loss=0.3168 train_acc=0.756 | val_loss=0.5105 val_acc=0.917
      ep07 train_loss=0.2491 train_acc=0.781 | val_loss=0.7854 val_acc=0.750
      ep08 train_loss=0.2271 train_acc=0.806 | val_loss=0.6613 val_acc=0.750
      ep09 train_loss=0.1949 train_acc=0.814 | val_loss=1.0248 val_acc=0.750
      ep10 train_loss=0.1969 train_acc=0.855 | val_loss=0.9608 val_acc=0.667
      ep11 train_loss=0.2088 train_acc=0.851 | val_loss=0.8317 val_acc=0.667
      ep12 train_loss=0.2069 train_acc=0.839 | val_loss=0.7285 val_acc=0.750
      ep13 train_loss=0.1824 train_acc=0.835 | val_loss=1.0486 val_acc=0.667
      ep14 train_loss=0.0963 train_acc=0.888 | val_loss=0.8918 val_acc=0.750
      ep15 train_loss=0.1060 train_acc=0.893 | val_loss=0.9997 val_acc=0.500
      ep16 train_loss=0.0688 train_acc=0.917 | val_loss=0.9742 val_acc=0.583
      ep17 train_loss=0.0918 train_acc=0.917 | val_loss=0.8497 val_acc=0.750
      ep18 train_loss=0.0713 train_acc=0.934 | val_loss=0.9720 val_acc=0.583
      ep19 train_loss=0.0577 train_acc=0.946 | val_loss=0.8414 val_acc=0.583
      ep20 train_loss=0.0560 train_acc=0.938 | val_loss=0.9738 val_acc=0.667
      ep21 train_loss=0.0616 train_acc=0.955 | val_loss=0.8789 val_acc=0.667
      ep22 train_loss=0.0788 train_acc=0.934 | val_loss=0.8983 val_acc=0.667
      ep23 train_loss=0.0663 train_acc=0.942 | val_loss=1.0013 val_acc=0.583
      ep24 train_loss=0.0719 train_acc=0.926 | val_loss=0.8694 val_acc=0.667
    fold acc=0.583 time=237.2s | running pooled acc=0.627

--- Fold 24/26 | test sub24 (10 test, 244 train) ---
      ep00 train_loss=1.1119 train_acc=0.311 | val_loss=1.6753 val_acc=0.500
      ep01 train_loss=0.6995 train_acc=0.508 | val_loss=1.4414 val_acc=0.300
      ep02 train_loss=0.5066 train_acc=0.643 | val_loss=1.4186 val_acc=0.400
      ep03 train_loss=0.4343 train_acc=0.668 | val_loss=1.1416 val_acc=0.500
      ep04 train_loss=0.3686 train_acc=0.680 | val_loss=1.4522 val_acc=0.400
      ep05 train_loss=0.3071 train_acc=0.803 | val_loss=1.1396 val_acc=0.500
      ep06 train_loss=0.3417 train_acc=0.725 | val_loss=1.3254 val_acc=0.400
      ep07 train_loss=0.2921 train_acc=0.742 | val_loss=1.1285 val_acc=0.500
      ep08 train_loss=0.2900 train_acc=0.734 | val_loss=1.2384 val_acc=0.600
      ep09 train_loss=0.1698 train_acc=0.844 | val_loss=1.0087 val_acc=0.600
      ep10 train_loss=0.1442 train_acc=0.844 | val_loss=0.9830 val_acc=0.500
      ep11 train_loss=0.0906 train_acc=0.898 | val_loss=0.9799 val_acc=0.700
      ep12 train_loss=0.1476 train_acc=0.885 | val_loss=1.1987 val_acc=0.500
      ep13 train_loss=0.1136 train_acc=0.902 | val_loss=1.2325 val_acc=0.500
      ep14 train_loss=0.0979 train_acc=0.930 | val_loss=1.0339 val_acc=0.500
      ep15 train_loss=0.0693 train_acc=0.922 | val_loss=1.0684 val_acc=0.600
      ep16 train_loss=0.0801 train_acc=0.922 | val_loss=1.1084 val_acc=0.600
      ep17 train_loss=0.0708 train_acc=0.910 | val_loss=1.0260 val_acc=0.700
      ep18 train_loss=0.0718 train_acc=0.955 | val_loss=0.9026 val_acc=0.600
      ep19 train_loss=0.0504 train_acc=0.955 | val_loss=0.9736 val_acc=0.700
      ep20 train_loss=0.0562 train_acc=0.955 | val_loss=1.0848 val_acc=0.600
      ep21 train_loss=0.0465 train_acc=0.947 | val_loss=1.0217 val_acc=0.600
      ep22 train_loss=0.0575 train_acc=0.939 | val_loss=1.0258 val_acc=0.700
      ep23 train_loss=0.0471 train_acc=0.959 | val_loss=1.0106 val_acc=0.600
      ep24 train_loss=0.0299 train_acc=0.971 | val_loss=1.0204 val_acc=0.700
    fold acc=0.500 time=237.8s | running pooled acc=0.622

--- Fold 25/26 | test sub25 (7 test, 247 train) ---
      ep00 train_loss=1.2998 train_acc=0.279 | val_loss=1.5098 val_acc=0.286
      ep01 train_loss=0.7866 train_acc=0.445 | val_loss=1.4581 val_acc=0.286
      ep02 train_loss=0.6341 train_acc=0.567 | val_loss=1.0188 val_acc=0.571
      ep03 train_loss=0.5140 train_acc=0.632 | val_loss=0.9552 val_acc=0.429
      ep04 train_loss=0.4179 train_acc=0.632 | val_loss=0.8901 val_acc=0.571
      ep05 train_loss=0.3746 train_acc=0.713 | val_loss=1.0842 val_acc=0.429
      ep06 train_loss=0.2992 train_acc=0.733 | val_loss=1.4020 val_acc=0.286
      ep07 train_loss=0.2941 train_acc=0.757 | val_loss=1.0192 val_acc=0.571
      ep08 train_loss=0.3198 train_acc=0.737 | val_loss=1.0337 val_acc=0.714
      ep09 train_loss=0.2295 train_acc=0.794 | val_loss=1.0870 val_acc=0.571
      ep10 train_loss=0.2193 train_acc=0.806 | val_loss=1.0050 val_acc=0.571
      ep11 train_loss=0.2156 train_acc=0.822 | val_loss=0.9445 val_acc=0.714
      ep12 train_loss=0.1354 train_acc=0.858 | val_loss=0.8001 val_acc=0.571
      ep13 train_loss=0.1191 train_acc=0.915 | val_loss=1.2550 val_acc=0.571
      ep14 train_loss=0.1682 train_acc=0.850 | val_loss=0.9487 val_acc=0.714
      ep15 train_loss=0.1017 train_acc=0.915 | val_loss=1.0453 val_acc=0.714
      ep16 train_loss=0.1031 train_acc=0.915 | val_loss=1.0441 val_acc=0.714
      ep17 train_loss=0.0980 train_acc=0.874 | val_loss=1.0020 val_acc=0.714
      ep18 train_loss=0.0458 train_acc=0.939 | val_loss=0.9591 val_acc=0.571
      ep19 train_loss=0.0591 train_acc=0.943 | val_loss=0.9172 val_acc=0.571
      ep20 train_loss=0.0562 train_acc=0.943 | val_loss=0.9653 val_acc=0.571
      ep21 train_loss=0.0459 train_acc=0.951 | val_loss=0.9062 val_acc=0.571
      ep22 train_loss=0.0961 train_acc=0.931 | val_loss=0.9552 val_acc=0.571
      ep23 train_loss=0.0979 train_acc=0.931 | val_loss=1.1145 val_acc=0.571
      ep24 train_loss=0.0455 train_acc=0.960 | val_loss=1.0904 val_acc=0.571
    fold acc=0.571 time=238.0s | running pooled acc=0.620

--- Fold 26/26 | test sub26 (17 test, 237 train) ---
      ep00 train_loss=1.2076 train_acc=0.270 | val_loss=1.3700 val_acc=0.353
      ep01 train_loss=0.8025 train_acc=0.451 | val_loss=0.9699 val_acc=0.529
      ep02 train_loss=0.5644 train_acc=0.591 | val_loss=0.8481 val_acc=0.647
      ep03 train_loss=0.4792 train_acc=0.603 | val_loss=0.8902 val_acc=0.588
      ep04 train_loss=0.3698 train_acc=0.709 | val_loss=1.0947 val_acc=0.471
      ep05 train_loss=0.3648 train_acc=0.705 | val_loss=1.0579 val_acc=0.529
      ep06 train_loss=0.2520 train_acc=0.789 | val_loss=0.8737 val_acc=0.706
      ep07 train_loss=0.2651 train_acc=0.772 | val_loss=0.9200 val_acc=0.647
      ep08 train_loss=0.2361 train_acc=0.806 | val_loss=0.7456 val_acc=0.765
      ep09 train_loss=0.1650 train_acc=0.835 | val_loss=0.7363 val_acc=0.706
      ep10 train_loss=0.1193 train_acc=0.878 | val_loss=0.8813 val_acc=0.647
      ep11 train_loss=0.1635 train_acc=0.861 | val_loss=0.8635 val_acc=0.529
      ep12 train_loss=0.1203 train_acc=0.899 | val_loss=0.6557 val_acc=0.706
      ep13 train_loss=0.1017 train_acc=0.899 | val_loss=0.7237 val_acc=0.706
      ep14 train_loss=0.1029 train_acc=0.882 | val_loss=0.6395 val_acc=0.882
      ep15 train_loss=0.0816 train_acc=0.916 | val_loss=0.6675 val_acc=0.824
      ep16 train_loss=0.0699 train_acc=0.937 | val_loss=0.6160 val_acc=0.824
      ep17 train_loss=0.0845 train_acc=0.932 | val_loss=0.7185 val_acc=0.706
      ep18 train_loss=0.0367 train_acc=0.975 | val_loss=0.7773 val_acc=0.706
      ep19 train_loss=0.0807 train_acc=0.924 | val_loss=0.7406 val_acc=0.706
      ep20 train_loss=0.0403 train_acc=0.949 | val_loss=0.7181 val_acc=0.706
      ep21 train_loss=0.0837 train_acc=0.924 | val_loss=0.8212 val_acc=0.647
      ep22 train_loss=0.0463 train_acc=0.949 | val_loss=0.7299 val_acc=0.765
      ep23 train_loss=0.0625 train_acc=0.932 | val_loss=0.7927 val_acc=0.647
      ep24 train_loss=0.0359 train_acc=0.958 | val_loss=0.7314 val_acc=0.706
    fold acc=0.765 time=240.9s | running pooled acc=0.630

=== FINAL (pooled LOSO) ===
UF1 = 0.4907
UAR = 0.4916
ACC = 0.6299
per-class F1: obj1=0.417, obj2=0.375, obj3=0.851, obj4=0.348, obj5=0.326, obj7=0.628
per-class recall: obj1=0.400, obj2=0.400, obj3=0.869, obj4=0.308, obj5=0.350, obj7=0.623
confusion matrix (rows=true):
          obj1   obj2   obj3   obj4   obj5   obj7
   obj1     10      0      0      3      1     11
   obj2      0      6      1      0      6      2
   obj3      0      1     86      8      0      4
   obj4      3      0     12      8      0      3
   obj5      0      8      0      0      7      5
   obj7     10      2      4      1      9     43

saved to D:\AI-Projects\casmeII-new-from-sequence-model\experiments\obj6_focal
elapsed 6147.4s
