=== EXPERIMENT smoke_smoke ===
time: 2026-07-13T17:29:20.895832
device: cuda (NVIDIA GeForce RTX 3060)
platform: Windows-10-10.0.26200-SP0 | torch 2.6.0+cu124
config:
{
  "seed": 42,
  "T": 16,
  "img_size": 112,
  "base_size": 128,
  "input_mode": "rgb",
  "backbone": "r2plus1d_18",
  "pretrained": true,
  "dropout": 0.5,
  "epochs": 3,
  "lr": 0.0001,
  "weight_decay": 0.001,
  "batch_size": 8,
  "class_weighting": true,
  "label_smoothing": 0.1,
  "hflip": true,
  "color_jitter": 0.1,
  "temporal_jitter": true,
  "amp": true,
  "eval_last_k": 1,
  "tta": 1,
  "cache_dir": "cache/frames128",
  "index": "cache/index_emotion.csv",
  "class_names": [
    "happiness",
    "disgust",
    "repression",
    "surprise",
    "others"
  ],
  "name": "smoke"
}
samples: 246 | classes: 5 ['happiness', 'disgust', 'repression', 'surprise', 'others']
loading arrays into RAM...
loaded 246 arrays
[SMOKE] limiting to 2 folds: [1, 2]

--- Fold 1/2 | test sub01 (9 test, 237 train) ---
      ep00 loss=1.7800 acc=0.316
      ep01 loss=1.5420 acc=0.401
      ep02 loss=1.3900 acc=0.464
    fold acc=0.111 time=29.6s | running pooled acc=0.111

--- Fold 2/2 | test sub02 (13 test, 233 train) ---
      ep00 loss=1.8369 acc=0.335
      ep01 loss=1.5370 acc=0.408
      ep02 loss=1.4316 acc=0.459
    fold acc=0.154 time=29.1s | running pooled acc=0.136

=== FINAL (pooled LOSO) ===
UF1 = 0.1476
UAR = 0.2333
ACC = 0.1364
per-class F1: happiness=0.167, disgust=0.000, repression=0.000, surprise=0.571, others=0.000
per-class recall: happiness=0.500, disgust=0.000, repression=0.000, surprise=0.667, others=0.000
confusion matrix (rows=true):
        happin disgus repres surpri others
happine      1      1      0      0      0
disgust      2      0      0      0      0
repress      1      3      0      1      0
surpris      0      1      0      2      0
 others      6      3      0      1      0

saved to D:\AI-Projects\casmeII-new-from-sequence-model\experiments\smoke_smoke
elapsed 59.6s
