=== EXPERIMENT iter_06 ===
time: 2026-07-14T03:38:49.544508
device: cuda (NVIDIA GeForce RTX 3060)
platform: Windows-10-10.0.26200-SP0 | torch 2.6.0+cu124
config:
{
  "seed": 42,
  "T": 16,
  "img_size": 112,
  "base_size": 128,
  "input_mode": "rgb",
  "backbone": "r2plus1d_18",
  "pretrained": true,
  "dropout": 0.5,
  "epochs": 28,
  "lr": 0.0001,
  "weight_decay": 0.001,
  "batch_size": 8,
  "class_weighting": true,
  "label_smoothing": 0.1,
  "hflip": true,
  "color_jitter": 0.0,
  "temporal_jitter": true,
  "amp": true,
  "eval_last_k": 5,
  "tta": 8,
  "cache_dir": "cache/flow128",
  "index": "cache/index_emotion.csv",
  "class_names": [
    "happiness",
    "disgust",
    "repression",
    "surprise",
    "others"
  ],
  "name": "iter_06_flow_tta_lastk",
  "modality": "flow",
  "temporal_span": "onset_offset",
  "flow_clip": 3.0
}
samples: 246 | classes: 5 ['happiness', 'disgust', 'repression', 'surprise', 'others']
loading arrays into RAM...
loaded 246 arrays

--- Fold 1/26 | test sub01 (9 test, 237 train) ---
      ep00 train_loss=1.6363 train_acc=0.350 | val_loss=1.6583 val_acc=0.222
      ep01 train_loss=1.2287 train_acc=0.523 | val_loss=0.9738 val_acc=0.667
      ep02 train_loss=1.0982 train_acc=0.620 | val_loss=0.7357 val_acc=1.000
      ep03 train_loss=1.0327 train_acc=0.684 | val_loss=1.2278 val_acc=0.556
      ep04 train_loss=1.0111 train_acc=0.679 | val_loss=0.7392 val_acc=0.556
      ep05 train_loss=0.8393 train_acc=0.793 | val_loss=1.0640 val_acc=0.556
      ep06 train_loss=0.8423 train_acc=0.814 | val_loss=0.4014 val_acc=1.000
      ep07 train_loss=0.8127 train_acc=0.789 | val_loss=0.6136 val_acc=0.667
      ep08 train_loss=0.8007 train_acc=0.840 | val_loss=0.8379 val_acc=0.667
      ep09 train_loss=0.7263 train_acc=0.903 | val_loss=0.8868 val_acc=0.556
      ep10 train_loss=0.7603 train_acc=0.886 | val_loss=0.8552 val_acc=0.778
      ep11 train_loss=0.6799 train_acc=0.916 | val_loss=0.5551 val_acc=0.778
      ep12 train_loss=0.6449 train_acc=0.941 | val_loss=0.5550 val_acc=0.667
      ep13 train_loss=0.7407 train_acc=0.899 | val_loss=0.7272 val_acc=0.778
      ep14 train_loss=0.6292 train_acc=0.945 | val_loss=0.8021 val_acc=0.778
      ep15 train_loss=0.6499 train_acc=0.945 | val_loss=0.6523 val_acc=0.778
      ep16 train_loss=0.6335 train_acc=0.949 | val_loss=0.4574 val_acc=0.778
      ep17 train_loss=0.6384 train_acc=0.958 | val_loss=0.6272 val_acc=0.778
      ep18 train_loss=0.6064 train_acc=0.966 | val_loss=0.6695 val_acc=0.778
      ep19 train_loss=0.6276 train_acc=0.962 | val_loss=0.6028 val_acc=0.778
      ep20 train_loss=0.5903 train_acc=0.975 | val_loss=0.4084 val_acc=0.889
      ep21 train_loss=0.6131 train_acc=0.958 | val_loss=0.6982 val_acc=0.778
      ep22 train_loss=0.5897 train_acc=0.975 | val_loss=0.5425 val_acc=0.778
      ep23 train_loss=0.5870 train_acc=0.983 | val_loss=0.5288 val_acc=0.778
      ep24 train_loss=0.6185 train_acc=0.979 | val_loss=0.5525 val_acc=0.778
      ep25 train_loss=0.5893 train_acc=0.975 | val_loss=0.5996 val_acc=0.778
      ep26 train_loss=0.5918 train_acc=0.975 | val_loss=0.6388 val_acc=0.778
      ep27 train_loss=0.5967 train_acc=0.979 | val_loss=0.6318 val_acc=0.778
    fold acc=0.667 time=250.4s | running pooled acc=0.667

--- Fold 2/26 | test sub02 (13 test, 233 train) ---
      ep00 train_loss=1.7463 train_acc=0.348 | val_loss=1.3456 val_acc=0.615
      ep01 train_loss=1.2609 train_acc=0.515 | val_loss=1.5132 val_acc=0.538
      ep02 train_loss=1.1087 train_acc=0.627 | val_loss=1.6944 val_acc=0.385
      ep03 train_loss=1.0561 train_acc=0.652 | val_loss=1.8065 val_acc=0.385
      ep04 train_loss=0.9879 train_acc=0.717 | val_loss=2.2012 val_acc=0.231
      ep05 train_loss=0.8886 train_acc=0.781 | val_loss=1.5132 val_acc=0.462
      ep06 train_loss=0.8376 train_acc=0.828 | val_loss=2.1016 val_acc=0.308
      ep07 train_loss=0.8312 train_acc=0.828 | val_loss=1.8836 val_acc=0.385
      ep08 train_loss=0.7725 train_acc=0.863 | val_loss=1.7547 val_acc=0.385
      ep09 train_loss=0.8152 train_acc=0.867 | val_loss=1.5218 val_acc=0.462
      ep10 train_loss=0.7453 train_acc=0.910 | val_loss=1.0662 val_acc=0.692
      ep11 train_loss=0.7441 train_acc=0.888 | val_loss=1.5929 val_acc=0.385
      ep12 train_loss=0.7727 train_acc=0.884 | val_loss=1.6014 val_acc=0.462
      ep13 train_loss=0.6790 train_acc=0.918 | val_loss=1.6797 val_acc=0.615
      ep14 train_loss=0.6866 train_acc=0.923 | val_loss=1.4515 val_acc=0.538
      ep15 train_loss=0.6659 train_acc=0.953 | val_loss=1.4155 val_acc=0.462
      ep16 train_loss=0.6876 train_acc=0.940 | val_loss=1.4441 val_acc=0.538
      ep17 train_loss=0.7035 train_acc=0.944 | val_loss=1.2701 val_acc=0.462
      ep18 train_loss=0.6273 train_acc=0.970 | val_loss=1.2013 val_acc=0.538
      ep19 train_loss=0.7035 train_acc=0.918 | val_loss=1.1511 val_acc=0.538
      ep20 train_loss=0.6444 train_acc=0.974 | val_loss=1.1421 val_acc=0.538
      ep21 train_loss=0.6673 train_acc=0.957 | val_loss=1.2230 val_acc=0.538
      ep22 train_loss=0.6316 train_acc=0.953 | val_loss=1.3389 val_acc=0.538
      ep23 train_loss=0.6384 train_acc=0.979 | val_loss=1.4564 val_acc=0.462
      ep24 train_loss=0.6299 train_acc=0.961 | val_loss=1.3765 val_acc=0.538
      ep25 train_loss=0.6454 train_acc=0.957 | val_loss=1.5415 val_acc=0.462
      ep26 train_loss=0.6543 train_acc=0.953 | val_loss=1.3349 val_acc=0.538
      ep27 train_loss=0.6595 train_acc=0.957 | val_loss=1.3247 val_acc=0.538
    fold acc=0.154 time=250.4s | running pooled acc=0.364

--- Fold 3/26 | test sub03 (7 test, 239 train) ---
      ep00 train_loss=1.6960 train_acc=0.339 | val_loss=1.2168 val_acc=0.571
      ep01 train_loss=1.2373 train_acc=0.477 | val_loss=1.4661 val_acc=0.429
      ep02 train_loss=1.0636 train_acc=0.628 | val_loss=1.3620 val_acc=0.429
      ep03 train_loss=1.0272 train_acc=0.640 | val_loss=1.0999 val_acc=0.429
      ep04 train_loss=0.9797 train_acc=0.711 | val_loss=1.2787 val_acc=0.429
      ep05 train_loss=0.8281 train_acc=0.799 | val_loss=1.1212 val_acc=0.571
      ep06 train_loss=0.9014 train_acc=0.770 | val_loss=1.2733 val_acc=0.429
      ep07 train_loss=0.7978 train_acc=0.816 | val_loss=0.6317 val_acc=0.714
      ep08 train_loss=0.7417 train_acc=0.874 | val_loss=0.9188 val_acc=0.571
      ep09 train_loss=0.6887 train_acc=0.879 | val_loss=0.8481 val_acc=0.571
      ep10 train_loss=0.7253 train_acc=0.883 | val_loss=0.8584 val_acc=0.714
      ep11 train_loss=0.6687 train_acc=0.929 | val_loss=1.0606 val_acc=0.429
      ep12 train_loss=0.6937 train_acc=0.925 | val_loss=1.1976 val_acc=0.429
      ep13 train_loss=0.6531 train_acc=0.941 | val_loss=1.2275 val_acc=0.714
      ep14 train_loss=0.6402 train_acc=0.950 | val_loss=1.0983 val_acc=0.714
      ep15 train_loss=0.6303 train_acc=0.958 | val_loss=0.8136 val_acc=0.571
      ep16 train_loss=0.6289 train_acc=0.954 | val_loss=0.8763 val_acc=0.571
      ep17 train_loss=0.6565 train_acc=0.954 | val_loss=0.9046 val_acc=0.429
      ep18 train_loss=0.6018 train_acc=0.983 | val_loss=1.0025 val_acc=0.429
      ep19 train_loss=0.6451 train_acc=0.958 | val_loss=1.0548 val_acc=0.714
      ep20 train_loss=0.6029 train_acc=0.975 | val_loss=1.0621 val_acc=0.571
      ep21 train_loss=0.6179 train_acc=0.967 | val_loss=1.2330 val_acc=0.571
      ep22 train_loss=0.6271 train_acc=0.954 | val_loss=1.0986 val_acc=0.429
      ep23 train_loss=0.6087 train_acc=0.958 | val_loss=1.1867 val_acc=0.571
      ep24 train_loss=0.6163 train_acc=0.971 | val_loss=1.1184 val_acc=0.429
      ep25 train_loss=0.6024 train_acc=0.962 | val_loss=1.2262 val_acc=0.429
      ep26 train_loss=0.5986 train_acc=0.971 | val_loss=1.1133 val_acc=0.714
      ep27 train_loss=0.5687 train_acc=0.983 | val_loss=1.2275 val_acc=0.571
    fold acc=0.571 time=249.7s | running pooled acc=0.414

--- Fold 4/26 | test sub04 (5 test, 241 train) ---
      ep00 train_loss=1.6507 train_acc=0.357 | val_loss=1.0504 val_acc=0.600
      ep01 train_loss=1.2985 train_acc=0.535 | val_loss=0.7711 val_acc=0.800
      ep02 train_loss=1.0914 train_acc=0.635 | val_loss=0.8782 val_acc=0.600
      ep03 train_loss=1.0502 train_acc=0.664 | val_loss=0.5694 val_acc=0.800
      ep04 train_loss=0.9732 train_acc=0.710 | val_loss=0.5872 val_acc=0.800
      ep05 train_loss=0.9502 train_acc=0.751 | val_loss=0.5964 val_acc=0.800
      ep06 train_loss=0.8304 train_acc=0.805 | val_loss=0.8632 val_acc=0.600
      ep07 train_loss=0.8802 train_acc=0.780 | val_loss=0.3415 val_acc=1.000
      ep08 train_loss=0.8443 train_acc=0.826 | val_loss=0.3616 val_acc=1.000
      ep09 train_loss=0.7250 train_acc=0.880 | val_loss=0.3040 val_acc=1.000
      ep10 train_loss=0.6943 train_acc=0.888 | val_loss=0.4984 val_acc=1.000
      ep11 train_loss=0.7333 train_acc=0.905 | val_loss=0.3222 val_acc=1.000
      ep12 train_loss=0.6720 train_acc=0.896 | val_loss=0.5578 val_acc=0.800
      ep13 train_loss=0.6394 train_acc=0.946 | val_loss=0.3432 val_acc=1.000
      ep14 train_loss=0.6465 train_acc=0.942 | val_loss=0.3264 val_acc=0.800
      ep15 train_loss=0.6598 train_acc=0.938 | val_loss=0.3982 val_acc=1.000
      ep16 train_loss=0.6448 train_acc=0.942 | val_loss=0.2934 val_acc=1.000
      ep17 train_loss=0.6475 train_acc=0.950 | val_loss=0.4456 val_acc=1.000
      ep18 train_loss=0.6079 train_acc=0.979 | val_loss=0.4014 val_acc=1.000
      ep19 train_loss=0.6230 train_acc=0.963 | val_loss=0.6004 val_acc=0.800
      ep20 train_loss=0.6216 train_acc=0.963 | val_loss=0.4303 val_acc=1.000
      ep21 train_loss=0.6217 train_acc=0.963 | val_loss=0.3159 val_acc=1.000
      ep22 train_loss=0.6076 train_acc=0.967 | val_loss=0.3926 val_acc=1.000
      ep23 train_loss=0.6009 train_acc=0.971 | val_loss=0.3873 val_acc=1.000
      ep24 train_loss=0.6235 train_acc=0.967 | val_loss=0.3283 val_acc=1.000
      ep25 train_loss=0.6339 train_acc=0.946 | val_loss=0.3285 val_acc=1.000
      ep26 train_loss=0.6037 train_acc=0.979 | val_loss=0.3334 val_acc=1.000
      ep27 train_loss=0.6145 train_acc=0.975 | val_loss=0.3452 val_acc=1.000
    fold acc=0.800 time=250.6s | running pooled acc=0.471

--- Fold 5/26 | test sub05 (19 test, 227 train) ---
      ep00 train_loss=1.7959 train_acc=0.322 | val_loss=1.7119 val_acc=0.158
      ep01 train_loss=1.2940 train_acc=0.507 | val_loss=1.3948 val_acc=0.421
      ep02 train_loss=1.0882 train_acc=0.608 | val_loss=1.6469 val_acc=0.474
      ep03 train_loss=1.1300 train_acc=0.648 | val_loss=1.3879 val_acc=0.421
      ep04 train_loss=1.0284 train_acc=0.670 | val_loss=1.7917 val_acc=0.368
      ep05 train_loss=0.9428 train_acc=0.749 | val_loss=1.4234 val_acc=0.474
      ep06 train_loss=0.8760 train_acc=0.780 | val_loss=2.4937 val_acc=0.368
      ep07 train_loss=0.8828 train_acc=0.828 | val_loss=1.3416 val_acc=0.526
      ep08 train_loss=0.7786 train_acc=0.815 | val_loss=2.5469 val_acc=0.526
      ep09 train_loss=0.7556 train_acc=0.859 | val_loss=1.8949 val_acc=0.526
      ep10 train_loss=0.7313 train_acc=0.885 | val_loss=1.5840 val_acc=0.421
      ep11 train_loss=0.6971 train_acc=0.899 | val_loss=1.5382 val_acc=0.421
      ep12 train_loss=0.6999 train_acc=0.921 | val_loss=2.1666 val_acc=0.474
      ep13 train_loss=0.6572 train_acc=0.930 | val_loss=2.3719 val_acc=0.421
      ep14 train_loss=0.6543 train_acc=0.956 | val_loss=2.3585 val_acc=0.368
      ep15 train_loss=0.6783 train_acc=0.925 | val_loss=2.3676 val_acc=0.421
      ep16 train_loss=0.6309 train_acc=0.969 | val_loss=2.1728 val_acc=0.421
      ep17 train_loss=0.6326 train_acc=0.974 | val_loss=1.7500 val_acc=0.421
      ep18 train_loss=0.6126 train_acc=0.991 | val_loss=2.0080 val_acc=0.421
      ep19 train_loss=0.6467 train_acc=0.956 | val_loss=2.1515 val_acc=0.421
      ep20 train_loss=0.6200 train_acc=0.974 | val_loss=1.9825 val_acc=0.421
      ep21 train_loss=0.6282 train_acc=0.956 | val_loss=1.9619 val_acc=0.421
      ep22 train_loss=0.6571 train_acc=0.965 | val_loss=2.0349 val_acc=0.421
      ep23 train_loss=0.6178 train_acc=0.960 | val_loss=1.8293 val_acc=0.421
      ep24 train_loss=0.6287 train_acc=0.974 | val_loss=2.1321 val_acc=0.421
      ep25 train_loss=0.5933 train_acc=0.982 | val_loss=1.8449 val_acc=0.421
      ep26 train_loss=0.6127 train_acc=0.978 | val_loss=2.0737 val_acc=0.421
      ep27 train_loss=0.6357 train_acc=0.982 | val_loss=1.8754 val_acc=0.421
    fold acc=0.421 time=250.2s | running pooled acc=0.453

--- Fold 6/26 | test sub06 (5 test, 241 train) ---
      ep00 train_loss=1.7100 train_acc=0.349 | val_loss=1.4113 val_acc=0.400
      ep01 train_loss=1.3219 train_acc=0.535 | val_loss=1.0085 val_acc=0.800
      ep02 train_loss=1.1197 train_acc=0.610 | val_loss=0.7964 val_acc=0.800
      ep03 train_loss=1.0336 train_acc=0.676 | val_loss=0.8546 val_acc=0.800
      ep04 train_loss=0.9595 train_acc=0.701 | val_loss=1.1826 val_acc=0.800
      ep05 train_loss=0.9639 train_acc=0.730 | val_loss=0.8370 val_acc=0.600
      ep06 train_loss=0.8383 train_acc=0.797 | val_loss=1.3556 val_acc=0.600
      ep07 train_loss=0.8713 train_acc=0.780 | val_loss=1.2939 val_acc=0.800
      ep08 train_loss=0.8526 train_acc=0.801 | val_loss=0.9281 val_acc=0.600
      ep09 train_loss=0.7398 train_acc=0.884 | val_loss=0.6558 val_acc=0.800
      ep10 train_loss=0.7307 train_acc=0.888 | val_loss=1.0156 val_acc=0.600
      ep11 train_loss=0.7101 train_acc=0.909 | val_loss=1.3835 val_acc=0.800
      ep12 train_loss=0.7081 train_acc=0.884 | val_loss=0.9592 val_acc=0.800
      ep13 train_loss=0.6802 train_acc=0.942 | val_loss=0.7477 val_acc=0.600
      ep14 train_loss=0.6550 train_acc=0.946 | val_loss=1.0130 val_acc=0.800
      ep15 train_loss=0.6529 train_acc=0.946 | val_loss=0.8955 val_acc=0.800
      ep16 train_loss=0.6502 train_acc=0.925 | val_loss=1.0391 val_acc=0.800
      ep17 train_loss=0.6585 train_acc=0.954 | val_loss=0.6844 val_acc=0.800
      ep18 train_loss=0.6219 train_acc=0.975 | val_loss=0.7181 val_acc=0.800
      ep19 train_loss=0.6295 train_acc=0.959 | val_loss=0.8265 val_acc=0.800
      ep20 train_loss=0.6273 train_acc=0.954 | val_loss=0.8262 val_acc=0.800
      ep21 train_loss=0.6590 train_acc=0.946 | val_loss=0.9542 val_acc=0.800
      ep22 train_loss=0.6318 train_acc=0.959 | val_loss=0.9182 val_acc=0.800
      ep23 train_loss=0.6085 train_acc=0.983 | val_loss=0.7487 val_acc=0.800
      ep24 train_loss=0.6347 train_acc=0.946 | val_loss=0.6744 val_acc=0.800
      ep25 train_loss=0.6311 train_acc=0.975 | val_loss=0.8025 val_acc=0.800
      ep26 train_loss=0.6221 train_acc=0.979 | val_loss=0.9848 val_acc=0.800
      ep27 train_loss=0.6513 train_acc=0.942 | val_loss=0.7546 val_acc=0.800
    fold acc=0.600 time=251.4s | running pooled acc=0.466

--- Fold 7/26 | test sub07 (9 test, 237 train) ---
      ep00 train_loss=1.6476 train_acc=0.350 | val_loss=1.0131 val_acc=0.444
      ep01 train_loss=1.2070 train_acc=0.527 | val_loss=1.1007 val_acc=0.333
      ep02 train_loss=1.0661 train_acc=0.646 | val_loss=1.2708 val_acc=0.444
      ep03 train_loss=1.0380 train_acc=0.662 | val_loss=1.1965 val_acc=0.333
      ep04 train_loss=1.0030 train_acc=0.662 | val_loss=1.0105 val_acc=0.556
      ep05 train_loss=0.8447 train_acc=0.797 | val_loss=1.7126 val_acc=0.333
      ep06 train_loss=0.8318 train_acc=0.814 | val_loss=1.2625 val_acc=0.444
      ep07 train_loss=0.8355 train_acc=0.806 | val_loss=1.1888 val_acc=0.556
      ep08 train_loss=0.7828 train_acc=0.835 | val_loss=1.4333 val_acc=0.444
      ep09 train_loss=0.7505 train_acc=0.890 | val_loss=1.2872 val_acc=0.444
      ep10 train_loss=0.7076 train_acc=0.903 | val_loss=1.5071 val_acc=0.333
      ep11 train_loss=0.6997 train_acc=0.899 | val_loss=1.3613 val_acc=0.444
      ep12 train_loss=0.6817 train_acc=0.890 | val_loss=1.3546 val_acc=0.333
      ep13 train_loss=0.6814 train_acc=0.920 | val_loss=1.1709 val_acc=0.556
      ep14 train_loss=0.6209 train_acc=0.954 | val_loss=1.4072 val_acc=0.444
      ep15 train_loss=0.6531 train_acc=0.937 | val_loss=1.3584 val_acc=0.556
      ep16 train_loss=0.6387 train_acc=0.958 | val_loss=1.4434 val_acc=0.333
      ep17 train_loss=0.6535 train_acc=0.937 | val_loss=1.2646 val_acc=0.444
      ep18 train_loss=0.6122 train_acc=0.962 | val_loss=1.3787 val_acc=0.333
      ep19 train_loss=0.6039 train_acc=0.970 | val_loss=1.3701 val_acc=0.444
      ep20 train_loss=0.5910 train_acc=0.962 | val_loss=1.4359 val_acc=0.444
      ep21 train_loss=0.6058 train_acc=0.962 | val_loss=1.3712 val_acc=0.556
      ep22 train_loss=0.5763 train_acc=0.979 | val_loss=1.3709 val_acc=0.444
      ep23 train_loss=0.5994 train_acc=0.992 | val_loss=1.3508 val_acc=0.556
      ep24 train_loss=0.6061 train_acc=0.975 | val_loss=1.4489 val_acc=0.444
      ep25 train_loss=0.5812 train_acc=0.992 | val_loss=1.4428 val_acc=0.444
      ep26 train_loss=0.5895 train_acc=0.983 | val_loss=1.3491 val_acc=0.556
      ep27 train_loss=0.5915 train_acc=0.983 | val_loss=1.4443 val_acc=0.444
    fold acc=0.556 time=250.0s | running pooled acc=0.478

--- Fold 8/26 | test sub08 (3 test, 243 train) ---
      ep00 train_loss=1.6733 train_acc=0.325 | val_loss=1.3197 val_acc=0.333
      ep01 train_loss=1.2610 train_acc=0.498 | val_loss=1.4294 val_acc=0.333
      ep02 train_loss=1.1528 train_acc=0.593 | val_loss=1.5280 val_acc=0.333
      ep03 train_loss=1.1147 train_acc=0.663 | val_loss=1.0924 val_acc=0.667
      ep04 train_loss=0.9440 train_acc=0.757 | val_loss=1.8257 val_acc=0.667
      ep05 train_loss=0.9554 train_acc=0.765 | val_loss=1.0686 val_acc=0.667
      ep06 train_loss=0.8200 train_acc=0.827 | val_loss=1.8582 val_acc=0.333
      ep07 train_loss=0.8634 train_acc=0.802 | val_loss=0.9817 val_acc=0.333
      ep08 train_loss=0.7624 train_acc=0.872 | val_loss=1.3793 val_acc=0.667
      ep09 train_loss=0.7985 train_acc=0.831 | val_loss=2.0877 val_acc=0.667
      ep10 train_loss=0.7340 train_acc=0.872 | val_loss=1.3804 val_acc=0.667
      ep11 train_loss=0.8030 train_acc=0.840 | val_loss=1.4756 val_acc=0.667
      ep12 train_loss=0.7150 train_acc=0.901 | val_loss=1.8836 val_acc=0.333
      ep13 train_loss=0.6708 train_acc=0.930 | val_loss=1.4140 val_acc=0.667
      ep14 train_loss=0.6543 train_acc=0.942 | val_loss=2.0129 val_acc=0.667
      ep15 train_loss=0.6411 train_acc=0.947 | val_loss=1.7473 val_acc=0.667
      ep16 train_loss=0.6542 train_acc=0.938 | val_loss=1.3899 val_acc=0.667
      ep17 train_loss=0.6409 train_acc=0.975 | val_loss=1.5997 val_acc=0.667
      ep18 train_loss=0.6477 train_acc=0.963 | val_loss=0.8985 val_acc=0.667
      ep19 train_loss=0.6147 train_acc=0.959 | val_loss=1.4460 val_acc=0.667
      ep20 train_loss=0.5991 train_acc=0.979 | val_loss=1.2040 val_acc=0.667
      ep21 train_loss=0.5938 train_acc=0.971 | val_loss=1.0567 val_acc=0.667
      ep22 train_loss=0.6020 train_acc=0.979 | val_loss=1.3876 val_acc=0.667
      ep23 train_loss=0.5946 train_acc=0.988 | val_loss=1.2788 val_acc=0.667
      ep24 train_loss=0.6590 train_acc=0.934 | val_loss=1.3483 val_acc=0.667
      ep25 train_loss=0.6260 train_acc=0.979 | val_loss=1.4557 val_acc=0.667
      ep26 train_loss=0.6147 train_acc=0.979 | val_loss=1.0859 val_acc=0.667
      ep27 train_loss=0.6056 train_acc=0.975 | val_loss=1.2928 val_acc=0.667
    fold acc=0.000 time=250.8s | running pooled acc=0.457

--- Fold 9/26 | test sub09 (13 test, 233 train) ---
      ep00 train_loss=1.7483 train_acc=0.318 | val_loss=1.2716 val_acc=0.385
      ep01 train_loss=1.2709 train_acc=0.515 | val_loss=0.8817 val_acc=0.769
      ep02 train_loss=1.1579 train_acc=0.584 | val_loss=0.6936 val_acc=0.692
      ep03 train_loss=0.9957 train_acc=0.700 | val_loss=0.5256 val_acc=0.923
      ep04 train_loss=1.0139 train_acc=0.700 | val_loss=0.9801 val_acc=0.769
      ep05 train_loss=0.9014 train_acc=0.751 | val_loss=0.8325 val_acc=0.692
      ep06 train_loss=0.9369 train_acc=0.768 | val_loss=0.6817 val_acc=0.846
      ep07 train_loss=0.8620 train_acc=0.781 | val_loss=0.8709 val_acc=0.538
      ep08 train_loss=0.7922 train_acc=0.850 | val_loss=0.4399 val_acc=0.846
      ep09 train_loss=0.8646 train_acc=0.811 | val_loss=0.7816 val_acc=0.692
      ep10 train_loss=0.7805 train_acc=0.863 | val_loss=0.8866 val_acc=0.692
      ep11 train_loss=0.7127 train_acc=0.931 | val_loss=0.6521 val_acc=0.846
      ep12 train_loss=0.7453 train_acc=0.901 | val_loss=0.5353 val_acc=0.769
      ep13 train_loss=0.6824 train_acc=0.944 | val_loss=0.4662 val_acc=0.846
      ep14 train_loss=0.7076 train_acc=0.931 | val_loss=0.5673 val_acc=0.846
      ep15 train_loss=0.6836 train_acc=0.931 | val_loss=0.6072 val_acc=0.769
      ep16 train_loss=0.6873 train_acc=0.923 | val_loss=0.5273 val_acc=0.846
      ep17 train_loss=0.6455 train_acc=0.961 | val_loss=0.5201 val_acc=0.923
      ep18 train_loss=0.6647 train_acc=0.966 | val_loss=0.5329 val_acc=0.923
      ep19 train_loss=0.6386 train_acc=0.979 | val_loss=0.5824 val_acc=0.846
      ep20 train_loss=0.6735 train_acc=0.936 | val_loss=0.4252 val_acc=0.846
      ep21 train_loss=0.6520 train_acc=0.983 | val_loss=0.5121 val_acc=0.769
      ep22 train_loss=0.6281 train_acc=0.970 | val_loss=0.5376 val_acc=0.846
      ep23 train_loss=0.6610 train_acc=0.970 | val_loss=0.3501 val_acc=0.923
      ep24 train_loss=0.6519 train_acc=0.966 | val_loss=0.4233 val_acc=0.846
      ep25 train_loss=0.6440 train_acc=0.957 | val_loss=0.4666 val_acc=0.923
      ep26 train_loss=0.6886 train_acc=0.923 | val_loss=0.4058 val_acc=0.846
      ep27 train_loss=0.6304 train_acc=0.979 | val_loss=0.5226 val_acc=0.846
    fold acc=0.308 time=251.5s | running pooled acc=0.434

--- Fold 10/26 | test sub10 (13 test, 233 train) ---
      ep00 train_loss=1.7207 train_acc=0.335 | val_loss=1.2661 val_acc=0.154
      ep01 train_loss=1.2355 train_acc=0.519 | val_loss=1.0452 val_acc=0.538
      ep02 train_loss=1.0762 train_acc=0.618 | val_loss=1.1000 val_acc=0.692
      ep03 train_loss=0.9639 train_acc=0.687 | val_loss=0.2860 val_acc=0.923
      ep04 train_loss=0.9579 train_acc=0.717 | val_loss=0.9520 val_acc=0.615
      ep05 train_loss=0.8540 train_acc=0.777 | val_loss=0.6979 val_acc=0.769
      ep06 train_loss=0.8958 train_acc=0.764 | val_loss=0.6159 val_acc=0.769
      ep07 train_loss=0.8235 train_acc=0.807 | val_loss=0.6225 val_acc=0.846
      ep08 train_loss=0.7577 train_acc=0.845 | val_loss=0.5413 val_acc=0.769
      ep09 train_loss=0.7971 train_acc=0.841 | val_loss=0.5936 val_acc=0.846
      ep10 train_loss=0.7412 train_acc=0.876 | val_loss=0.4676 val_acc=0.769
      ep11 train_loss=0.6753 train_acc=0.918 | val_loss=0.6359 val_acc=0.846
      ep12 train_loss=0.6993 train_acc=0.906 | val_loss=0.7546 val_acc=0.692
      ep13 train_loss=0.6534 train_acc=0.940 | val_loss=0.6303 val_acc=0.846
      ep14 train_loss=0.6370 train_acc=0.940 | val_loss=0.7164 val_acc=0.846
      ep15 train_loss=0.6184 train_acc=0.940 | val_loss=0.7168 val_acc=0.769
      ep16 train_loss=0.6120 train_acc=0.966 | val_loss=0.8102 val_acc=0.769
      ep17 train_loss=0.6048 train_acc=0.966 | val_loss=0.8448 val_acc=0.692
      ep18 train_loss=0.6097 train_acc=0.966 | val_loss=0.6275 val_acc=0.769
      ep19 train_loss=0.6107 train_acc=0.961 | val_loss=0.5197 val_acc=0.846
      ep20 train_loss=0.6068 train_acc=0.961 | val_loss=0.7211 val_acc=0.769
      ep21 train_loss=0.5957 train_acc=0.974 | val_loss=0.8459 val_acc=0.692
      ep22 train_loss=0.5934 train_acc=0.979 | val_loss=0.6121 val_acc=0.846
      ep23 train_loss=0.6016 train_acc=0.979 | val_loss=0.7025 val_acc=0.846
      ep24 train_loss=0.6067 train_acc=0.974 | val_loss=0.6023 val_acc=0.846
      ep25 train_loss=0.5819 train_acc=0.974 | val_loss=0.6591 val_acc=0.846
      ep26 train_loss=0.6338 train_acc=0.936 | val_loss=0.5586 val_acc=0.846
      ep27 train_loss=0.5859 train_acc=0.974 | val_loss=0.5771 val_acc=0.846
    fold acc=1.000 time=250.6s | running pooled acc=0.510

--- Fold 11/26 | test sub11 (10 test, 236 train) ---
      ep00 train_loss=1.7264 train_acc=0.297 | val_loss=1.1992 val_acc=0.500
      ep01 train_loss=1.2629 train_acc=0.521 | val_loss=1.1606 val_acc=0.400
      ep02 train_loss=1.1209 train_acc=0.640 | val_loss=0.9961 val_acc=0.500
      ep03 train_loss=1.0154 train_acc=0.691 | val_loss=1.1417 val_acc=0.500
      ep04 train_loss=0.9145 train_acc=0.737 | val_loss=0.8929 val_acc=0.700
      ep05 train_loss=0.8595 train_acc=0.788 | val_loss=0.6751 val_acc=0.700
      ep06 train_loss=0.8916 train_acc=0.767 | val_loss=0.8849 val_acc=0.700
      ep07 train_loss=0.8459 train_acc=0.792 | val_loss=0.8530 val_acc=0.700
      ep08 train_loss=0.7676 train_acc=0.843 | val_loss=0.4221 val_acc=0.900
      ep09 train_loss=0.7496 train_acc=0.873 | val_loss=0.7497 val_acc=0.800
      ep10 train_loss=0.7671 train_acc=0.852 | val_loss=0.7641 val_acc=0.700
      ep11 train_loss=0.7369 train_acc=0.864 | val_loss=0.5693 val_acc=0.800
      ep12 train_loss=0.6381 train_acc=0.949 | val_loss=0.5645 val_acc=0.800
      ep13 train_loss=0.6661 train_acc=0.941 | val_loss=0.4598 val_acc=0.900
      ep14 train_loss=0.6378 train_acc=0.949 | val_loss=0.6686 val_acc=0.700
      ep15 train_loss=0.6161 train_acc=0.953 | val_loss=0.5293 val_acc=0.900
      ep16 train_loss=0.6453 train_acc=0.936 | val_loss=0.6534 val_acc=0.800
      ep17 train_loss=0.6684 train_acc=0.945 | val_loss=0.6816 val_acc=0.800
      ep18 train_loss=0.6360 train_acc=0.970 | val_loss=0.6437 val_acc=0.800
      ep19 train_loss=0.6420 train_acc=0.936 | val_loss=0.6226 val_acc=0.800
      ep20 train_loss=0.6081 train_acc=0.975 | val_loss=0.6488 val_acc=0.800
      ep21 train_loss=0.5751 train_acc=0.987 | val_loss=0.6186 val_acc=0.800
      ep22 train_loss=0.5930 train_acc=0.987 | val_loss=0.7093 val_acc=0.700
      ep23 train_loss=0.6020 train_acc=0.975 | val_loss=0.6411 val_acc=0.800
      ep24 train_loss=0.6016 train_acc=0.970 | val_loss=0.6482 val_acc=0.800
      ep25 train_loss=0.5773 train_acc=0.983 | val_loss=0.6535 val_acc=0.800
      ep26 train_loss=0.5864 train_acc=0.979 | val_loss=0.6108 val_acc=0.800
      ep27 train_loss=0.5962 train_acc=0.983 | val_loss=0.7341 val_acc=0.700
    fold acc=0.600 time=252.7s | running pooled acc=0.519

--- Fold 12/26 | test sub12 (12 test, 234 train) ---
      ep00 train_loss=1.7354 train_acc=0.286 | val_loss=1.1378 val_acc=0.667
      ep01 train_loss=1.3655 train_acc=0.444 | val_loss=0.7691 val_acc=0.833
      ep02 train_loss=1.0851 train_acc=0.598 | val_loss=0.7449 val_acc=0.750
      ep03 train_loss=1.0689 train_acc=0.641 | val_loss=0.5813 val_acc=0.667
      ep04 train_loss=1.0318 train_acc=0.675 | val_loss=0.7502 val_acc=0.750
      ep05 train_loss=0.9382 train_acc=0.722 | val_loss=0.4314 val_acc=0.750
      ep06 train_loss=0.8249 train_acc=0.782 | val_loss=0.5110 val_acc=0.750
      ep07 train_loss=0.8243 train_acc=0.821 | val_loss=0.6101 val_acc=0.750
      ep08 train_loss=0.8469 train_acc=0.803 | val_loss=0.6704 val_acc=0.750
      ep09 train_loss=0.7293 train_acc=0.889 | val_loss=0.4998 val_acc=0.750
      ep10 train_loss=0.7531 train_acc=0.889 | val_loss=0.3975 val_acc=0.750
      ep11 train_loss=0.7566 train_acc=0.889 | val_loss=0.4644 val_acc=0.750
      ep12 train_loss=0.7088 train_acc=0.906 | val_loss=0.4134 val_acc=0.833
      ep13 train_loss=0.6527 train_acc=0.962 | val_loss=0.4553 val_acc=0.833
      ep14 train_loss=0.6631 train_acc=0.940 | val_loss=0.3977 val_acc=0.833
      ep15 train_loss=0.6689 train_acc=0.962 | val_loss=0.2106 val_acc=1.000
      ep16 train_loss=0.6511 train_acc=0.962 | val_loss=0.3360 val_acc=0.833
      ep17 train_loss=0.6350 train_acc=0.953 | val_loss=0.3162 val_acc=0.833
      ep18 train_loss=0.6233 train_acc=0.974 | val_loss=0.4868 val_acc=0.833
      ep19 train_loss=0.6289 train_acc=0.957 | val_loss=0.4822 val_acc=0.833
      ep20 train_loss=0.6393 train_acc=0.940 | val_loss=0.2984 val_acc=0.917
      ep21 train_loss=0.6256 train_acc=0.953 | val_loss=0.3839 val_acc=0.917
      ep22 train_loss=0.6163 train_acc=0.966 | val_loss=0.4778 val_acc=0.833
      ep23 train_loss=0.6421 train_acc=0.953 | val_loss=0.4022 val_acc=0.833
      ep24 train_loss=0.6083 train_acc=0.974 | val_loss=0.3798 val_acc=0.833
      ep25 train_loss=0.5912 train_acc=0.987 | val_loss=0.4133 val_acc=0.833
      ep26 train_loss=0.6082 train_acc=0.970 | val_loss=0.4380 val_acc=0.833
      ep27 train_loss=0.6197 train_acc=0.987 | val_loss=0.4339 val_acc=0.833
    fold acc=0.333 time=243.8s | running pooled acc=0.500

--- Fold 13/26 | test sub13 (8 test, 238 train) ---
      ep00 train_loss=1.7172 train_acc=0.340 | val_loss=1.5633 val_acc=0.125
      ep01 train_loss=1.3417 train_acc=0.508 | val_loss=1.6740 val_acc=0.125
      ep02 train_loss=1.0881 train_acc=0.597 | val_loss=1.2830 val_acc=0.500
      ep03 train_loss=1.0152 train_acc=0.697 | val_loss=1.4610 val_acc=0.375
      ep04 train_loss=0.9228 train_acc=0.735 | val_loss=0.8384 val_acc=0.750
      ep05 train_loss=0.9013 train_acc=0.777 | val_loss=0.6887 val_acc=0.750
      ep06 train_loss=0.7865 train_acc=0.836 | val_loss=0.6274 val_acc=0.750
      ep07 train_loss=0.8271 train_acc=0.836 | val_loss=1.1028 val_acc=0.750
      ep08 train_loss=0.8009 train_acc=0.870 | val_loss=0.6670 val_acc=0.625
      ep09 train_loss=0.7462 train_acc=0.874 | val_loss=1.0205 val_acc=0.625
      ep10 train_loss=0.6872 train_acc=0.908 | val_loss=0.9514 val_acc=0.750
      ep11 train_loss=0.6903 train_acc=0.920 | val_loss=0.7994 val_acc=0.750
      ep12 train_loss=0.7208 train_acc=0.891 | val_loss=0.7583 val_acc=0.750
      ep13 train_loss=0.6538 train_acc=0.924 | val_loss=0.7028 val_acc=0.750
      ep14 train_loss=0.6724 train_acc=0.937 | val_loss=0.7745 val_acc=0.750
      ep15 train_loss=0.6067 train_acc=0.950 | val_loss=0.9326 val_acc=0.625
      ep16 train_loss=0.6199 train_acc=0.962 | val_loss=0.9035 val_acc=0.750
      ep17 train_loss=0.6050 train_acc=0.966 | val_loss=0.6494 val_acc=0.750
      ep18 train_loss=0.5903 train_acc=0.983 | val_loss=0.7355 val_acc=0.750
      ep19 train_loss=0.5858 train_acc=0.983 | val_loss=0.4994 val_acc=0.750
      ep20 train_loss=0.6148 train_acc=0.954 | val_loss=0.4239 val_acc=0.875
      ep21 train_loss=0.5953 train_acc=0.975 | val_loss=0.5724 val_acc=0.750
      ep22 train_loss=0.5957 train_acc=0.992 | val_loss=0.4982 val_acc=0.750
      ep23 train_loss=0.5747 train_acc=0.992 | val_loss=0.4854 val_acc=0.750
      ep24 train_loss=0.6105 train_acc=0.987 | val_loss=0.5799 val_acc=0.750
      ep25 train_loss=0.5918 train_acc=0.979 | val_loss=0.4359 val_acc=0.750
      ep26 train_loss=0.5779 train_acc=0.983 | val_loss=0.4227 val_acc=0.875
      ep27 train_loss=0.5834 train_acc=0.979 | val_loss=0.4495 val_acc=0.625
    fold acc=0.750 time=251.0s | running pooled acc=0.516

--- Fold 14/26 | test sub14 (4 test, 242 train) ---
      ep00 train_loss=1.7999 train_acc=0.302 | val_loss=1.7599 val_acc=0.000
      ep01 train_loss=1.3116 train_acc=0.500 | val_loss=1.6681 val_acc=0.250
      ep02 train_loss=1.0899 train_acc=0.624 | val_loss=1.1254 val_acc=0.500
      ep03 train_loss=1.0425 train_acc=0.669 | val_loss=1.6242 val_acc=0.250
      ep04 train_loss=0.9525 train_acc=0.744 | val_loss=1.0217 val_acc=0.250
      ep05 train_loss=0.9032 train_acc=0.731 | val_loss=1.6315 val_acc=0.500
      ep06 train_loss=0.8222 train_acc=0.814 | val_loss=1.7771 val_acc=0.250
      ep07 train_loss=0.8214 train_acc=0.835 | val_loss=1.5225 val_acc=0.500
      ep08 train_loss=0.7760 train_acc=0.847 | val_loss=1.9587 val_acc=0.250
      ep09 train_loss=0.7407 train_acc=0.868 | val_loss=1.0319 val_acc=0.500
      ep10 train_loss=0.7317 train_acc=0.884 | val_loss=1.1584 val_acc=0.500
      ep11 train_loss=0.7072 train_acc=0.921 | val_loss=1.1625 val_acc=0.500
      ep12 train_loss=0.7925 train_acc=0.847 | val_loss=1.7484 val_acc=0.500
      ep13 train_loss=0.6811 train_acc=0.934 | val_loss=2.2042 val_acc=0.250
      ep14 train_loss=0.6566 train_acc=0.917 | val_loss=1.7381 val_acc=0.500
      ep15 train_loss=0.6828 train_acc=0.938 | val_loss=1.4072 val_acc=0.500
      ep16 train_loss=0.6645 train_acc=0.946 | val_loss=1.7351 val_acc=0.250
      ep17 train_loss=0.7049 train_acc=0.938 | val_loss=2.4399 val_acc=0.250
      ep18 train_loss=0.6566 train_acc=0.942 | val_loss=2.2385 val_acc=0.500
      ep19 train_loss=0.6287 train_acc=0.971 | val_loss=2.1754 val_acc=0.500
      ep20 train_loss=0.6383 train_acc=0.946 | val_loss=1.9589 val_acc=0.500
      ep21 train_loss=0.6264 train_acc=0.959 | val_loss=1.8358 val_acc=0.500
      ep22 train_loss=0.6298 train_acc=0.963 | val_loss=1.6614 val_acc=0.500
      ep23 train_loss=0.6365 train_acc=0.975 | val_loss=1.8937 val_acc=0.500
      ep24 train_loss=0.6047 train_acc=0.971 | val_loss=1.9334 val_acc=0.500
      ep25 train_loss=0.6031 train_acc=0.975 | val_loss=2.2275 val_acc=0.500
      ep26 train_loss=0.6274 train_acc=0.971 | val_loss=1.4148 val_acc=0.500
      ep27 train_loss=0.6158 train_acc=0.971 | val_loss=1.8127 val_acc=0.500
    fold acc=0.750 time=251.6s | running pooled acc=0.523

--- Fold 15/26 | test sub15 (3 test, 243 train) ---
      ep00 train_loss=1.6692 train_acc=0.313 | val_loss=1.4262 val_acc=0.333
      ep01 train_loss=1.2608 train_acc=0.469 | val_loss=1.5026 val_acc=0.333
      ep02 train_loss=1.0724 train_acc=0.630 | val_loss=0.6668 val_acc=1.000
      ep03 train_loss=1.0664 train_acc=0.675 | val_loss=1.5381 val_acc=0.000
      ep04 train_loss=0.8722 train_acc=0.765 | val_loss=1.4170 val_acc=0.333
      ep05 train_loss=0.9423 train_acc=0.786 | val_loss=1.3381 val_acc=0.333
      ep06 train_loss=0.8145 train_acc=0.823 | val_loss=1.8199 val_acc=0.333
      ep07 train_loss=0.9169 train_acc=0.749 | val_loss=1.5894 val_acc=0.667
      ep08 train_loss=0.7885 train_acc=0.840 | val_loss=1.7126 val_acc=0.333
      ep09 train_loss=0.7586 train_acc=0.864 | val_loss=1.3857 val_acc=0.333
      ep10 train_loss=0.6901 train_acc=0.897 | val_loss=1.2756 val_acc=0.333
      ep11 train_loss=0.7604 train_acc=0.877 | val_loss=0.9304 val_acc=0.333
      ep12 train_loss=0.7263 train_acc=0.864 | val_loss=1.7749 val_acc=0.000
      ep13 train_loss=0.7078 train_acc=0.889 | val_loss=1.4894 val_acc=0.333
      ep14 train_loss=0.6813 train_acc=0.938 | val_loss=1.3696 val_acc=0.333
      ep15 train_loss=0.6833 train_acc=0.909 | val_loss=1.4126 val_acc=0.333
      ep16 train_loss=0.6358 train_acc=0.951 | val_loss=1.4576 val_acc=0.333
      ep17 train_loss=0.6213 train_acc=0.975 | val_loss=1.2146 val_acc=0.333
      ep18 train_loss=0.6414 train_acc=0.967 | val_loss=1.2296 val_acc=0.333
      ep19 train_loss=0.6266 train_acc=0.942 | val_loss=1.4733 val_acc=0.333
      ep20 train_loss=0.6280 train_acc=0.975 | val_loss=1.6624 val_acc=0.333
      ep21 train_loss=0.6109 train_acc=0.967 | val_loss=1.7982 val_acc=0.333
      ep22 train_loss=0.6366 train_acc=0.959 | val_loss=1.7495 val_acc=0.333
      ep23 train_loss=0.6019 train_acc=0.992 | val_loss=1.6287 val_acc=0.333
      ep24 train_loss=0.6341 train_acc=0.963 | val_loss=1.5028 val_acc=0.333
      ep25 train_loss=0.6132 train_acc=0.971 | val_loss=1.5258 val_acc=0.333
      ep26 train_loss=0.6173 train_acc=0.971 | val_loss=1.6752 val_acc=0.333
      ep27 train_loss=0.6132 train_acc=0.988 | val_loss=1.6777 val_acc=0.333
    fold acc=0.333 time=251.9s | running pooled acc=0.519

--- Fold 16/26 | test sub16 (4 test, 242 train) ---
      ep00 train_loss=1.7700 train_acc=0.302 | val_loss=2.1621 val_acc=0.000
      ep01 train_loss=1.3134 train_acc=0.471 | val_loss=1.8033 val_acc=0.250
      ep02 train_loss=1.1264 train_acc=0.612 | val_loss=1.7200 val_acc=0.250
      ep03 train_loss=0.9981 train_acc=0.711 | val_loss=2.0231 val_acc=0.000
      ep04 train_loss=0.9780 train_acc=0.740 | val_loss=1.9575 val_acc=0.000
      ep05 train_loss=0.9108 train_acc=0.740 | val_loss=1.8507 val_acc=0.000
      ep06 train_loss=0.8120 train_acc=0.818 | val_loss=1.4723 val_acc=0.250
      ep07 train_loss=0.8037 train_acc=0.831 | val_loss=1.1342 val_acc=0.500
      ep08 train_loss=0.7717 train_acc=0.876 | val_loss=0.9128 val_acc=0.750
      ep09 train_loss=0.7191 train_acc=0.888 | val_loss=1.2036 val_acc=0.500
      ep10 train_loss=0.7402 train_acc=0.876 | val_loss=1.5098 val_acc=0.500
      ep11 train_loss=0.7115 train_acc=0.905 | val_loss=1.3166 val_acc=0.500
      ep12 train_loss=0.7889 train_acc=0.851 | val_loss=1.3846 val_acc=0.500
      ep13 train_loss=0.6920 train_acc=0.930 | val_loss=1.2934 val_acc=0.500
      ep14 train_loss=0.6449 train_acc=0.946 | val_loss=1.2923 val_acc=0.500
      ep15 train_loss=0.6818 train_acc=0.938 | val_loss=1.0233 val_acc=0.500
      ep16 train_loss=0.6459 train_acc=0.959 | val_loss=1.0079 val_acc=0.250
      ep17 train_loss=0.7063 train_acc=0.934 | val_loss=1.1064 val_acc=0.250
      ep18 train_loss=0.6543 train_acc=0.959 | val_loss=1.4014 val_acc=0.250
      ep19 train_loss=0.6008 train_acc=0.971 | val_loss=1.1978 val_acc=0.250
      ep20 train_loss=0.6404 train_acc=0.946 | val_loss=1.0639 val_acc=0.250
      ep21 train_loss=0.6372 train_acc=0.950 | val_loss=0.9900 val_acc=0.500
      ep22 train_loss=0.6186 train_acc=0.975 | val_loss=1.1502 val_acc=0.500
      ep23 train_loss=0.6353 train_acc=0.975 | val_loss=1.1166 val_acc=0.250
      ep24 train_loss=0.6078 train_acc=0.975 | val_loss=1.0912 val_acc=0.500
      ep25 train_loss=0.6190 train_acc=0.975 | val_loss=1.1968 val_acc=0.250
      ep26 train_loss=0.6303 train_acc=0.975 | val_loss=1.1923 val_acc=0.500
      ep27 train_loss=0.6254 train_acc=0.963 | val_loss=1.2448 val_acc=0.500
    fold acc=0.250 time=252.5s | running pooled acc=0.511

--- Fold 17/26 | test sub17 (34 test, 212 train) ---
      ep00 train_loss=1.7998 train_acc=0.269 | val_loss=1.1868 val_acc=0.500
      ep01 train_loss=1.3917 train_acc=0.434 | val_loss=0.9078 val_acc=0.706
      ep02 train_loss=1.1458 train_acc=0.547 | val_loss=0.8352 val_acc=0.647
      ep03 train_loss=1.1168 train_acc=0.642 | val_loss=1.0368 val_acc=0.500
      ep04 train_loss=1.0031 train_acc=0.736 | val_loss=0.6805 val_acc=0.647
      ep05 train_loss=0.9630 train_acc=0.726 | val_loss=0.9118 val_acc=0.559
      ep06 train_loss=0.8716 train_acc=0.778 | val_loss=1.0019 val_acc=0.559
      ep07 train_loss=0.8426 train_acc=0.811 | val_loss=1.1690 val_acc=0.529
      ep08 train_loss=0.8071 train_acc=0.849 | val_loss=1.1961 val_acc=0.500
      ep09 train_loss=0.7949 train_acc=0.882 | val_loss=1.0472 val_acc=0.559
      ep10 train_loss=0.7921 train_acc=0.863 | val_loss=1.0666 val_acc=0.588
      ep11 train_loss=0.7253 train_acc=0.915 | val_loss=0.9802 val_acc=0.588
      ep12 train_loss=0.7532 train_acc=0.906 | val_loss=1.0014 val_acc=0.559
      ep13 train_loss=0.7511 train_acc=0.910 | val_loss=1.0801 val_acc=0.500
      ep14 train_loss=0.7363 train_acc=0.915 | val_loss=1.0781 val_acc=0.529
      ep15 train_loss=0.7625 train_acc=0.896 | val_loss=1.1145 val_acc=0.559
      ep16 train_loss=0.6820 train_acc=0.962 | val_loss=1.0391 val_acc=0.588
      ep17 train_loss=0.6580 train_acc=0.962 | val_loss=1.1023 val_acc=0.500
      ep18 train_loss=0.6801 train_acc=0.967 | val_loss=0.9648 val_acc=0.618
      ep19 train_loss=0.6493 train_acc=0.967 | val_loss=1.1118 val_acc=0.500
      ep20 train_loss=0.6483 train_acc=0.967 | val_loss=1.1693 val_acc=0.500
      ep21 train_loss=0.6560 train_acc=0.972 | val_loss=1.1066 val_acc=0.500
      ep22 train_loss=0.6159 train_acc=0.962 | val_loss=1.2297 val_acc=0.500
      ep23 train_loss=0.6541 train_acc=0.958 | val_loss=1.1113 val_acc=0.559
      ep24 train_loss=0.6317 train_acc=0.981 | val_loss=1.1446 val_acc=0.529
      ep25 train_loss=0.7414 train_acc=0.910 | val_loss=1.1304 val_acc=0.471
      ep26 train_loss=0.6838 train_acc=0.943 | val_loss=1.2675 val_acc=0.500
      ep27 train_loss=0.6427 train_acc=0.976 | val_loss=1.1371 val_acc=0.529
    fold acc=0.088 time=252.0s | running pooled acc=0.427

--- Fold 18/26 | test sub18 (3 test, 243 train) ---
      ep00 train_loss=1.6906 train_acc=0.350 | val_loss=1.0593 val_acc=0.667
      ep01 train_loss=1.2416 train_acc=0.519 | val_loss=0.8771 val_acc=0.667
      ep02 train_loss=1.0925 train_acc=0.638 | val_loss=1.2643 val_acc=0.667
      ep03 train_loss=1.0707 train_acc=0.626 | val_loss=1.0047 val_acc=0.667
      ep04 train_loss=0.9241 train_acc=0.724 | val_loss=1.1855 val_acc=0.667
      ep05 train_loss=0.9383 train_acc=0.753 | val_loss=0.6606 val_acc=1.000
      ep06 train_loss=0.8326 train_acc=0.823 | val_loss=1.2293 val_acc=0.667
      ep07 train_loss=0.8650 train_acc=0.802 | val_loss=0.8875 val_acc=0.667
      ep08 train_loss=0.8153 train_acc=0.860 | val_loss=1.0621 val_acc=0.667
      ep09 train_loss=0.7432 train_acc=0.868 | val_loss=0.7800 val_acc=0.667
      ep10 train_loss=0.7804 train_acc=0.856 | val_loss=0.6387 val_acc=0.667
      ep11 train_loss=0.7296 train_acc=0.897 | val_loss=0.5873 val_acc=0.667
      ep12 train_loss=0.7372 train_acc=0.889 | val_loss=0.6625 val_acc=0.667
      ep13 train_loss=0.6852 train_acc=0.914 | val_loss=0.8578 val_acc=1.000
      ep14 train_loss=0.6538 train_acc=0.934 | val_loss=0.4175 val_acc=1.000
      ep15 train_loss=0.6395 train_acc=0.942 | val_loss=0.3539 val_acc=1.000
      ep16 train_loss=0.6606 train_acc=0.947 | val_loss=0.4150 val_acc=1.000
      ep17 train_loss=0.6258 train_acc=0.971 | val_loss=0.7984 val_acc=0.667
      ep18 train_loss=0.6226 train_acc=0.979 | val_loss=0.5655 val_acc=1.000
      ep19 train_loss=0.6237 train_acc=0.955 | val_loss=0.8243 val_acc=0.667
      ep20 train_loss=0.6407 train_acc=0.938 | val_loss=0.6152 val_acc=1.000
      ep21 train_loss=0.6058 train_acc=0.971 | val_loss=0.6231 val_acc=0.667
      ep22 train_loss=0.6282 train_acc=0.955 | val_loss=0.5225 val_acc=1.000
      ep23 train_loss=0.5998 train_acc=0.984 | val_loss=0.5086 val_acc=1.000
      ep24 train_loss=0.6458 train_acc=0.947 | val_loss=0.6812 val_acc=0.667
      ep25 train_loss=0.6210 train_acc=0.975 | val_loss=0.5818 val_acc=0.667
      ep26 train_loss=0.6041 train_acc=0.971 | val_loss=0.5691 val_acc=1.000
      ep27 train_loss=0.5942 train_acc=0.975 | val_loss=0.5098 val_acc=1.000
    fold acc=1.000 time=252.0s | running pooled acc=0.437

--- Fold 19/26 | test sub19 (15 test, 231 train) ---
      ep00 train_loss=1.7395 train_acc=0.351 | val_loss=1.6203 val_acc=0.333
      ep01 train_loss=1.2776 train_acc=0.563 | val_loss=0.9794 val_acc=0.533
      ep02 train_loss=1.1188 train_acc=0.597 | val_loss=0.8925 val_acc=0.600
      ep03 train_loss=0.9784 train_acc=0.714 | val_loss=0.6351 val_acc=0.800
      ep04 train_loss=0.9266 train_acc=0.693 | val_loss=1.0199 val_acc=0.600
      ep05 train_loss=0.9747 train_acc=0.740 | val_loss=0.6158 val_acc=0.800
      ep06 train_loss=0.8402 train_acc=0.797 | val_loss=0.7762 val_acc=0.867
      ep07 train_loss=0.9225 train_acc=0.792 | val_loss=0.6782 val_acc=0.800
      ep08 train_loss=0.8099 train_acc=0.844 | val_loss=0.8068 val_acc=0.800
      ep09 train_loss=0.7737 train_acc=0.870 | val_loss=0.7672 val_acc=0.800
      ep10 train_loss=0.7319 train_acc=0.879 | val_loss=0.6710 val_acc=0.800
      ep11 train_loss=0.7709 train_acc=0.874 | val_loss=0.7852 val_acc=0.800
      ep12 train_loss=0.7180 train_acc=0.913 | val_loss=0.6755 val_acc=0.867
      ep13 train_loss=0.7077 train_acc=0.905 | val_loss=0.5512 val_acc=0.733
      ep14 train_loss=0.6949 train_acc=0.931 | val_loss=0.4955 val_acc=0.933
      ep15 train_loss=0.6768 train_acc=0.935 | val_loss=0.4567 val_acc=0.933
      ep16 train_loss=0.6685 train_acc=0.944 | val_loss=0.7704 val_acc=0.733
      ep17 train_loss=0.7134 train_acc=0.926 | val_loss=0.6104 val_acc=0.733
      ep18 train_loss=0.6795 train_acc=0.952 | val_loss=0.7043 val_acc=0.667
      ep19 train_loss=0.6162 train_acc=0.970 | val_loss=0.5910 val_acc=0.733
      ep20 train_loss=0.6075 train_acc=0.983 | val_loss=0.7048 val_acc=0.733
      ep21 train_loss=0.6631 train_acc=0.961 | val_loss=0.6781 val_acc=0.667
      ep22 train_loss=0.6288 train_acc=0.983 | val_loss=0.7137 val_acc=0.667
      ep23 train_loss=0.6781 train_acc=0.939 | val_loss=0.6957 val_acc=0.733
      ep24 train_loss=0.6240 train_acc=0.978 | val_loss=0.7179 val_acc=0.667
      ep25 train_loss=0.6240 train_acc=0.970 | val_loss=0.7269 val_acc=0.667
      ep26 train_loss=0.6121 train_acc=0.978 | val_loss=0.6565 val_acc=0.733
      ep27 train_loss=0.6101 train_acc=0.983 | val_loss=0.6501 val_acc=0.733
    fold acc=0.200 time=251.4s | running pooled acc=0.418

--- Fold 20/26 | test sub20 (11 test, 235 train) ---
      ep00 train_loss=1.6348 train_acc=0.383 | val_loss=1.2722 val_acc=0.364
      ep01 train_loss=1.2357 train_acc=0.557 | val_loss=1.4944 val_acc=0.364
      ep02 train_loss=1.1500 train_acc=0.591 | val_loss=1.6079 val_acc=0.182
      ep03 train_loss=1.0322 train_acc=0.651 | val_loss=1.2558 val_acc=0.545
      ep04 train_loss=0.9090 train_acc=0.728 | val_loss=1.6380 val_acc=0.364
      ep05 train_loss=0.8784 train_acc=0.740 | val_loss=1.1324 val_acc=0.545
      ep06 train_loss=0.7904 train_acc=0.843 | val_loss=1.3779 val_acc=0.364
      ep07 train_loss=0.7991 train_acc=0.834 | val_loss=1.2033 val_acc=0.364
      ep08 train_loss=0.7950 train_acc=0.821 | val_loss=1.3396 val_acc=0.455
      ep09 train_loss=0.8032 train_acc=0.787 | val_loss=1.3579 val_acc=0.636
      ep10 train_loss=0.7449 train_acc=0.877 | val_loss=1.3743 val_acc=0.455
      ep11 train_loss=0.6626 train_acc=0.915 | val_loss=1.1198 val_acc=0.636
      ep12 train_loss=0.6594 train_acc=0.911 | val_loss=1.1330 val_acc=0.545
      ep13 train_loss=0.6424 train_acc=0.940 | val_loss=1.4828 val_acc=0.545
      ep14 train_loss=0.6245 train_acc=0.945 | val_loss=1.0318 val_acc=0.636
      ep15 train_loss=0.6493 train_acc=0.911 | val_loss=1.1783 val_acc=0.545
      ep16 train_loss=0.6329 train_acc=0.923 | val_loss=1.5415 val_acc=0.545
      ep17 train_loss=0.6517 train_acc=0.936 | val_loss=1.0405 val_acc=0.545
      ep18 train_loss=0.6293 train_acc=0.945 | val_loss=1.2317 val_acc=0.545
      ep19 train_loss=0.5917 train_acc=0.962 | val_loss=1.2669 val_acc=0.727
      ep20 train_loss=0.6100 train_acc=0.962 | val_loss=1.0247 val_acc=0.636
      ep21 train_loss=0.5849 train_acc=0.979 | val_loss=1.1080 val_acc=0.727
      ep22 train_loss=0.5867 train_acc=0.970 | val_loss=1.0832 val_acc=0.727
      ep23 train_loss=0.5826 train_acc=0.996 | val_loss=0.9883 val_acc=0.636
      ep24 train_loss=0.6170 train_acc=0.962 | val_loss=1.1492 val_acc=0.636
      ep25 train_loss=0.6012 train_acc=0.983 | val_loss=0.9945 val_acc=0.727
      ep26 train_loss=0.5975 train_acc=0.970 | val_loss=1.0155 val_acc=0.727
      ep27 train_loss=0.5794 train_acc=0.974 | val_loss=1.1294 val_acc=0.727
    fold acc=0.818 time=252.0s | running pooled acc=0.440

--- Fold 21/26 | test sub21 (2 test, 244 train) ---
      ep00 train_loss=1.7193 train_acc=0.336 | val_loss=1.5235 val_acc=0.000
      ep01 train_loss=1.2809 train_acc=0.520 | val_loss=1.4191 val_acc=0.500
      ep02 train_loss=1.0745 train_acc=0.623 | val_loss=2.0846 val_acc=0.500
      ep03 train_loss=0.9962 train_acc=0.697 | val_loss=3.1085 val_acc=0.000
      ep04 train_loss=0.9826 train_acc=0.684 | val_loss=2.4943 val_acc=0.500
      ep05 train_loss=0.9788 train_acc=0.701 | val_loss=2.9176 val_acc=0.500
      ep06 train_loss=0.8773 train_acc=0.787 | val_loss=2.6067 val_acc=0.500
      ep07 train_loss=0.7881 train_acc=0.852 | val_loss=2.9545 val_acc=0.500
      ep08 train_loss=0.7458 train_acc=0.844 | val_loss=3.3332 val_acc=0.500
      ep09 train_loss=0.7614 train_acc=0.889 | val_loss=3.5194 val_acc=0.500
      ep10 train_loss=0.7071 train_acc=0.906 | val_loss=2.8350 val_acc=0.500
      ep11 train_loss=0.7516 train_acc=0.836 | val_loss=3.8174 val_acc=0.500
      ep12 train_loss=0.7124 train_acc=0.873 | val_loss=3.5416 val_acc=0.500
      ep13 train_loss=0.7392 train_acc=0.893 | val_loss=3.2413 val_acc=0.500
      ep14 train_loss=0.6457 train_acc=0.943 | val_loss=3.5852 val_acc=0.500
      ep15 train_loss=0.6881 train_acc=0.955 | val_loss=3.4240 val_acc=0.500
      ep16 train_loss=0.6722 train_acc=0.939 | val_loss=3.1690 val_acc=0.500
      ep17 train_loss=0.6300 train_acc=0.943 | val_loss=3.3247 val_acc=0.500
      ep18 train_loss=0.6376 train_acc=0.955 | val_loss=3.2216 val_acc=0.500
      ep19 train_loss=0.6084 train_acc=0.951 | val_loss=3.3876 val_acc=0.500
      ep20 train_loss=0.6010 train_acc=0.975 | val_loss=3.0673 val_acc=0.500
      ep21 train_loss=0.6331 train_acc=0.967 | val_loss=3.1003 val_acc=0.500
      ep22 train_loss=0.6313 train_acc=0.967 | val_loss=2.9115 val_acc=0.500
      ep23 train_loss=0.6173 train_acc=0.992 | val_loss=2.9856 val_acc=0.500
      ep24 train_loss=0.5887 train_acc=0.980 | val_loss=3.1623 val_acc=0.500
      ep25 train_loss=0.6181 train_acc=0.984 | val_loss=3.2398 val_acc=0.500
      ep26 train_loss=0.6036 train_acc=0.975 | val_loss=3.4327 val_acc=0.500
      ep27 train_loss=0.5947 train_acc=0.980 | val_loss=3.2325 val_acc=0.500
    fold acc=0.000 time=251.3s | running pooled acc=0.436

--- Fold 22/26 | test sub22 (2 test, 244 train) ---
      ep00 train_loss=1.7357 train_acc=0.336 | val_loss=0.7181 val_acc=1.000
      ep01 train_loss=1.2898 train_acc=0.508 | val_loss=0.0661 val_acc=1.000
      ep02 train_loss=1.0827 train_acc=0.631 | val_loss=0.0290 val_acc=1.000
      ep03 train_loss=1.0138 train_acc=0.701 | val_loss=0.0185 val_acc=1.000
      ep04 train_loss=1.0018 train_acc=0.693 | val_loss=0.0794 val_acc=1.000
      ep05 train_loss=0.9981 train_acc=0.705 | val_loss=0.0015 val_acc=1.000
      ep06 train_loss=0.8988 train_acc=0.750 | val_loss=0.0572 val_acc=1.000
      ep07 train_loss=0.8582 train_acc=0.811 | val_loss=0.0093 val_acc=1.000
      ep08 train_loss=0.7589 train_acc=0.848 | val_loss=0.0157 val_acc=1.000
      ep09 train_loss=0.7510 train_acc=0.885 | val_loss=0.7458 val_acc=0.500
      ep10 train_loss=0.7157 train_acc=0.885 | val_loss=0.0552 val_acc=1.000
      ep11 train_loss=0.7642 train_acc=0.844 | val_loss=0.0046 val_acc=1.000
      ep12 train_loss=0.7169 train_acc=0.885 | val_loss=0.0033 val_acc=1.000
      ep13 train_loss=0.7331 train_acc=0.902 | val_loss=0.0107 val_acc=1.000
      ep14 train_loss=0.6513 train_acc=0.930 | val_loss=0.0263 val_acc=1.000
      ep15 train_loss=0.6918 train_acc=0.951 | val_loss=0.0123 val_acc=1.000
      ep16 train_loss=0.6654 train_acc=0.947 | val_loss=0.0324 val_acc=1.000
      ep17 train_loss=0.6334 train_acc=0.955 | val_loss=0.0222 val_acc=1.000
      ep18 train_loss=0.6468 train_acc=0.955 | val_loss=0.0242 val_acc=1.000
      ep19 train_loss=0.6229 train_acc=0.955 | val_loss=0.0341 val_acc=1.000
      ep20 train_loss=0.6008 train_acc=0.984 | val_loss=0.0261 val_acc=1.000
      ep21 train_loss=0.6369 train_acc=0.967 | val_loss=0.0089 val_acc=1.000
      ep22 train_loss=0.6420 train_acc=0.963 | val_loss=0.0414 val_acc=1.000
      ep23 train_loss=0.6248 train_acc=0.980 | val_loss=0.0207 val_acc=1.000
      ep24 train_loss=0.5954 train_acc=0.988 | val_loss=0.0254 val_acc=1.000
      ep25 train_loss=0.6111 train_acc=0.996 | val_loss=0.0293 val_acc=1.000
      ep26 train_loss=0.6162 train_acc=0.967 | val_loss=0.0370 val_acc=1.000
      ep27 train_loss=0.5956 train_acc=0.980 | val_loss=0.0330 val_acc=1.000
    fold acc=1.000 time=251.7s | running pooled acc=0.441

--- Fold 23/26 | test sub23 (12 test, 234 train) ---
      ep00 train_loss=1.6896 train_acc=0.329 | val_loss=1.1574 val_acc=0.500
      ep01 train_loss=1.3651 train_acc=0.436 | val_loss=0.6375 val_acc=0.833
      ep02 train_loss=1.1088 train_acc=0.650 | val_loss=0.5086 val_acc=0.917
      ep03 train_loss=0.9840 train_acc=0.692 | val_loss=0.6374 val_acc=0.833
      ep04 train_loss=0.9460 train_acc=0.705 | val_loss=0.4900 val_acc=0.917
      ep05 train_loss=0.9291 train_acc=0.756 | val_loss=0.8612 val_acc=0.667
      ep06 train_loss=0.8421 train_acc=0.791 | val_loss=0.5392 val_acc=0.833
      ep07 train_loss=0.7808 train_acc=0.808 | val_loss=0.5059 val_acc=0.833
      ep08 train_loss=0.7810 train_acc=0.850 | val_loss=0.6348 val_acc=0.750
      ep09 train_loss=0.7311 train_acc=0.897 | val_loss=0.4196 val_acc=0.833
      ep10 train_loss=0.7342 train_acc=0.889 | val_loss=0.3321 val_acc=0.833
      ep11 train_loss=0.7051 train_acc=0.880 | val_loss=0.4171 val_acc=0.917
      ep12 train_loss=0.7335 train_acc=0.872 | val_loss=0.4775 val_acc=0.833
      ep13 train_loss=0.6832 train_acc=0.919 | val_loss=0.3001 val_acc=1.000
      ep14 train_loss=0.6904 train_acc=0.923 | val_loss=0.6876 val_acc=0.667
      ep15 train_loss=0.6699 train_acc=0.944 | val_loss=0.3328 val_acc=0.917
      ep16 train_loss=0.6379 train_acc=0.949 | val_loss=0.3357 val_acc=0.917
      ep17 train_loss=0.6265 train_acc=0.970 | val_loss=0.3795 val_acc=0.917
      ep18 train_loss=0.6062 train_acc=0.970 | val_loss=0.3615 val_acc=1.000
      ep19 train_loss=0.6308 train_acc=0.953 | val_loss=0.3878 val_acc=0.917
      ep20 train_loss=0.6166 train_acc=0.962 | val_loss=0.3055 val_acc=1.000
      ep21 train_loss=0.6153 train_acc=0.962 | val_loss=0.3564 val_acc=1.000
      ep22 train_loss=0.6256 train_acc=0.974 | val_loss=0.3395 val_acc=0.917
      ep23 train_loss=0.6253 train_acc=0.966 | val_loss=0.3265 val_acc=1.000
      ep24 train_loss=0.6293 train_acc=0.953 | val_loss=0.3874 val_acc=0.917
      ep25 train_loss=0.5915 train_acc=0.987 | val_loss=0.3153 val_acc=1.000
      ep26 train_loss=0.6273 train_acc=0.957 | val_loss=0.3120 val_acc=0.917
      ep27 train_loss=0.6143 train_acc=0.983 | val_loss=0.3362 val_acc=0.917
    fold acc=0.250 time=251.8s | running pooled acc=0.431

--- Fold 24/26 | test sub24 (7 test, 239 train) ---
      ep00 train_loss=1.7608 train_acc=0.331 | val_loss=1.3554 val_acc=0.143
      ep01 train_loss=1.2587 train_acc=0.464 | val_loss=0.9715 val_acc=0.571
      ep02 train_loss=1.0464 train_acc=0.649 | val_loss=1.0975 val_acc=0.286
      ep03 train_loss=1.0691 train_acc=0.653 | val_loss=0.9615 val_acc=0.714
      ep04 train_loss=0.9072 train_acc=0.736 | val_loss=1.2133 val_acc=0.429
      ep05 train_loss=0.9609 train_acc=0.736 | val_loss=1.0725 val_acc=0.714
      ep06 train_loss=0.8421 train_acc=0.816 | val_loss=1.0538 val_acc=0.714
      ep07 train_loss=0.7982 train_acc=0.849 | val_loss=0.8799 val_acc=0.714
      ep08 train_loss=0.7584 train_acc=0.870 | val_loss=1.3622 val_acc=0.571
      ep09 train_loss=0.6938 train_acc=0.908 | val_loss=1.1285 val_acc=0.571
      ep10 train_loss=0.7071 train_acc=0.904 | val_loss=1.3412 val_acc=0.571
      ep11 train_loss=0.6705 train_acc=0.937 | val_loss=1.2756 val_acc=0.714
      ep12 train_loss=0.7035 train_acc=0.908 | val_loss=1.2186 val_acc=0.571
      ep13 train_loss=0.6415 train_acc=0.946 | val_loss=1.1002 val_acc=0.571
      ep14 train_loss=0.6246 train_acc=0.937 | val_loss=1.0919 val_acc=0.571
      ep15 train_loss=0.6508 train_acc=0.937 | val_loss=1.0537 val_acc=0.714
      ep16 train_loss=0.6354 train_acc=0.958 | val_loss=1.0991 val_acc=0.571
      ep17 train_loss=0.6265 train_acc=0.962 | val_loss=1.1176 val_acc=0.714
      ep18 train_loss=0.6089 train_acc=0.958 | val_loss=1.1434 val_acc=0.714
      ep19 train_loss=0.6151 train_acc=0.983 | val_loss=1.0338 val_acc=0.714
      ep20 train_loss=0.6286 train_acc=0.954 | val_loss=1.0556 val_acc=0.571
      ep21 train_loss=0.5909 train_acc=0.971 | val_loss=1.1019 val_acc=0.571
      ep22 train_loss=0.5881 train_acc=0.983 | val_loss=1.0068 val_acc=0.571
      ep23 train_loss=0.6030 train_acc=0.967 | val_loss=1.0310 val_acc=0.571
      ep24 train_loss=0.5883 train_acc=0.987 | val_loss=1.0222 val_acc=0.571
      ep25 train_loss=0.6014 train_acc=0.971 | val_loss=1.0232 val_acc=0.571
      ep26 train_loss=0.5975 train_acc=0.971 | val_loss=1.0248 val_acc=0.571
      ep27 train_loss=0.6030 train_acc=0.971 | val_loss=1.0925 val_acc=0.571
    fold acc=0.571 time=250.8s | running pooled acc=0.435

--- Fold 25/26 | test sub25 (7 test, 239 train) ---
      ep00 train_loss=1.7757 train_acc=0.322 | val_loss=1.3823 val_acc=0.286
      ep01 train_loss=1.2732 train_acc=0.469 | val_loss=1.3484 val_acc=0.429
      ep02 train_loss=1.0518 train_acc=0.640 | val_loss=1.1841 val_acc=0.429
      ep03 train_loss=1.0466 train_acc=0.665 | val_loss=1.1783 val_acc=0.429
      ep04 train_loss=0.9576 train_acc=0.720 | val_loss=1.2973 val_acc=0.286
      ep05 train_loss=0.9642 train_acc=0.732 | val_loss=1.4694 val_acc=0.286
      ep06 train_loss=0.8547 train_acc=0.791 | val_loss=1.0618 val_acc=0.429
      ep07 train_loss=0.8050 train_acc=0.833 | val_loss=1.3875 val_acc=0.429
      ep08 train_loss=0.7610 train_acc=0.858 | val_loss=1.3561 val_acc=0.286
      ep09 train_loss=0.7016 train_acc=0.900 | val_loss=1.4339 val_acc=0.286
      ep10 train_loss=0.7255 train_acc=0.870 | val_loss=1.0119 val_acc=0.429
      ep11 train_loss=0.6772 train_acc=0.941 | val_loss=1.3529 val_acc=0.429
      ep12 train_loss=0.7012 train_acc=0.904 | val_loss=1.0761 val_acc=0.571
      ep13 train_loss=0.6490 train_acc=0.950 | val_loss=0.9387 val_acc=0.714
      ep14 train_loss=0.6391 train_acc=0.946 | val_loss=1.1434 val_acc=0.571
      ep15 train_loss=0.6585 train_acc=0.941 | val_loss=1.1525 val_acc=0.571
      ep16 train_loss=0.6293 train_acc=0.967 | val_loss=1.1498 val_acc=0.571
      ep17 train_loss=0.6329 train_acc=0.954 | val_loss=1.1898 val_acc=0.429
      ep18 train_loss=0.6329 train_acc=0.967 | val_loss=1.0498 val_acc=0.571
      ep19 train_loss=0.6219 train_acc=0.971 | val_loss=0.8572 val_acc=0.571
      ep20 train_loss=0.6552 train_acc=0.958 | val_loss=0.8781 val_acc=0.571
      ep21 train_loss=0.6000 train_acc=0.983 | val_loss=0.8887 val_acc=0.571
      ep22 train_loss=0.6099 train_acc=0.979 | val_loss=0.8064 val_acc=0.571
      ep23 train_loss=0.6104 train_acc=0.979 | val_loss=0.9397 val_acc=0.571
      ep24 train_loss=0.5907 train_acc=0.987 | val_loss=0.9272 val_acc=0.571
      ep25 train_loss=0.5979 train_acc=0.983 | val_loss=0.9960 val_acc=0.571
      ep26 train_loss=0.6016 train_acc=0.987 | val_loss=0.8394 val_acc=0.714
      ep27 train_loss=0.6005 train_acc=0.979 | val_loss=0.9582 val_acc=0.571
    fold acc=0.286 time=251.1s | running pooled acc=0.430

--- Fold 26/26 | test sub26 (16 test, 230 train) ---
      ep00 train_loss=1.7605 train_acc=0.335 | val_loss=1.0312 val_acc=0.625
      ep01 train_loss=1.2939 train_acc=0.491 | val_loss=1.3714 val_acc=0.438
      ep02 train_loss=1.0792 train_acc=0.639 | val_loss=1.1990 val_acc=0.438
      ep03 train_loss=1.0072 train_acc=0.687 | val_loss=1.5581 val_acc=0.312
      ep04 train_loss=0.9651 train_acc=0.743 | val_loss=1.4152 val_acc=0.438
      ep05 train_loss=0.9605 train_acc=0.735 | val_loss=2.1425 val_acc=0.312
      ep06 train_loss=0.7768 train_acc=0.861 | val_loss=1.6189 val_acc=0.375
      ep07 train_loss=0.7308 train_acc=0.857 | val_loss=1.5734 val_acc=0.312
      ep08 train_loss=0.7854 train_acc=0.830 | val_loss=1.1514 val_acc=0.625
      ep09 train_loss=0.7142 train_acc=0.843 | val_loss=1.7955 val_acc=0.375
      ep10 train_loss=0.7140 train_acc=0.883 | val_loss=1.5790 val_acc=0.312
      ep11 train_loss=0.6989 train_acc=0.904 | val_loss=1.9269 val_acc=0.250
      ep12 train_loss=0.6944 train_acc=0.917 | val_loss=1.7309 val_acc=0.438
      ep13 train_loss=0.6140 train_acc=0.983 | val_loss=1.7697 val_acc=0.375
      ep14 train_loss=0.6568 train_acc=0.913 | val_loss=1.9610 val_acc=0.312
      ep15 train_loss=0.5893 train_acc=0.970 | val_loss=1.9757 val_acc=0.312
      ep16 train_loss=0.6858 train_acc=0.909 | val_loss=1.9087 val_acc=0.375
      ep17 train_loss=0.6389 train_acc=0.952 | val_loss=1.7801 val_acc=0.312
      ep18 train_loss=0.6005 train_acc=0.965 | val_loss=1.8542 val_acc=0.312
      ep19 train_loss=0.5734 train_acc=0.978 | val_loss=1.7882 val_acc=0.250
      ep20 train_loss=0.5815 train_acc=0.978 | val_loss=1.7386 val_acc=0.375
      ep21 train_loss=0.6064 train_acc=0.961 | val_loss=1.7117 val_acc=0.312
      ep22 train_loss=0.5972 train_acc=0.957 | val_loss=1.9373 val_acc=0.312
      ep23 train_loss=0.5878 train_acc=0.970 | val_loss=1.7408 val_acc=0.312
      ep24 train_loss=0.6323 train_acc=0.970 | val_loss=1.8857 val_acc=0.312
      ep25 train_loss=0.5774 train_acc=0.987 | val_loss=1.7428 val_acc=0.250
      ep26 train_loss=0.5720 train_acc=0.991 | val_loss=1.7092 val_acc=0.250
      ep27 train_loss=0.5687 train_acc=0.987 | val_loss=1.7692 val_acc=0.250
    fold acc=0.375 time=251.2s | running pooled acc=0.427

=== FINAL (pooled LOSO) ===
UF1 = 0.3317
UAR = 0.3421
ACC = 0.4268
per-class F1: happiness=0.196, disgust=0.301, repression=0.222, surprise=0.361, others=0.579
per-class recall: happiness=0.156, disgust=0.222, repression=0.185, surprise=0.440, others=0.707
confusion matrix (rows=true):
        happin disgus repres surpri others
happine      5      2      4      4     17
disgust      3     14      1      7     38
repress      2      3      5      5     12
surpris      4      2      2     11      6
 others      5      9      6      9     70

saved to D:\AI-Projects\casmeII-new-from-sequence-model\experiments\iter_06
elapsed 6525.4s
