=== EXPERIMENT iter_13_4ch ===
time: 2026-07-15T09:17:54.373942
device: cuda (NVIDIA GeForce RTX 3060)
platform: Windows-10-10.0.26200-SP0 | torch 2.6.0+cu124
config:
{
  "seed": 42,
  "T": 16,
  "img_size": 128,
  "base_size": 144,
  "input_mode": "rgb",
  "backbone": "r2plus1d_18",
  "pretrained": true,
  "dropout": 0.5,
  "epochs": 25,
  "lr": 0.0001,
  "weight_decay": 0.001,
  "batch_size": 6,
  "class_weighting": true,
  "label_smoothing": 0.1,
  "hflip": true,
  "color_jitter": 0.0,
  "temporal_jitter": true,
  "amp": true,
  "eval_last_k": 3,
  "tta": 5,
  "cache_dir": "cache/flow144",
  "index": "cache/index_emotion.csv",
  "class_names": [
    "happiness",
    "disgust",
    "repression",
    "surprise",
    "others"
  ],
  "name": "iter_13_flow_4ch_res128",
  "modality": "flow",
  "temporal_span": "onset_offset",
  "flow_clip": 3.0,
  "flow_third": "both",
  "in_channels": 4,
  "strain_clip": 0.3
}
samples: 246 | classes: 5 ['happiness', 'disgust', 'repression', 'surprise', 'others']
loading arrays into RAM...
loaded 246 arrays

--- Fold 1/26 | test sub01 (9 test, 237 train) ---
      ep00 train_loss=1.6377 train_acc=0.338 | val_loss=1.5402 val_acc=0.667
      ep01 train_loss=1.2536 train_acc=0.536 | val_loss=0.7795 val_acc=0.778
      ep02 train_loss=0.9980 train_acc=0.654 | val_loss=0.8595 val_acc=0.667
      ep03 train_loss=1.0698 train_acc=0.679 | val_loss=0.5428 val_acc=0.889
      ep04 train_loss=0.9276 train_acc=0.764 | val_loss=1.2132 val_acc=0.667
      ep05 train_loss=0.8054 train_acc=0.827 | val_loss=0.5889 val_acc=0.889
      ep06 train_loss=0.8057 train_acc=0.848 | val_loss=0.7942 val_acc=0.667
      ep07 train_loss=0.7766 train_acc=0.857 | val_loss=0.7166 val_acc=0.778
      ep08 train_loss=0.7465 train_acc=0.890 | val_loss=0.4951 val_acc=1.000
      ep09 train_loss=0.7901 train_acc=0.890 | val_loss=1.0915 val_acc=0.556
      ep10 train_loss=0.7103 train_acc=0.903 | val_loss=0.6699 val_acc=0.778
      ep11 train_loss=0.7009 train_acc=0.916 | val_loss=0.9289 val_acc=0.778
      ep12 train_loss=0.6953 train_acc=0.920 | val_loss=0.5689 val_acc=0.778
      ep13 train_loss=0.6911 train_acc=0.911 | val_loss=0.4779 val_acc=0.667
      ep14 train_loss=0.6599 train_acc=0.941 | val_loss=0.6811 val_acc=0.667
      ep15 train_loss=0.6414 train_acc=0.937 | val_loss=0.2816 val_acc=1.000
      ep16 train_loss=0.6427 train_acc=0.958 | val_loss=0.4772 val_acc=0.667
      ep17 train_loss=0.6241 train_acc=0.979 | val_loss=0.5075 val_acc=0.667
      ep18 train_loss=0.6216 train_acc=0.949 | val_loss=0.4062 val_acc=0.889
      ep19 train_loss=0.6344 train_acc=0.958 | val_loss=0.3062 val_acc=0.889
      ep20 train_loss=0.6080 train_acc=0.979 | val_loss=0.2924 val_acc=0.889
      ep21 train_loss=0.6196 train_acc=0.966 | val_loss=0.3624 val_acc=0.889
      ep22 train_loss=0.6421 train_acc=0.966 | val_loss=0.3103 val_acc=0.889
      ep23 train_loss=0.6455 train_acc=0.958 | val_loss=0.4268 val_acc=0.778
      ep24 train_loss=0.6045 train_acc=0.970 | val_loss=0.3100 val_acc=1.000
    fold acc=1.000 time=364.0s | running pooled acc=1.000

--- Fold 2/26 | test sub02 (13 test, 233 train) ---
      ep00 train_loss=1.7058 train_acc=0.322 | val_loss=1.0428 val_acc=0.692
      ep01 train_loss=1.2629 train_acc=0.549 | val_loss=1.4743 val_acc=0.462
      ep02 train_loss=1.1673 train_acc=0.631 | val_loss=1.3475 val_acc=0.462
      ep03 train_loss=1.0324 train_acc=0.682 | val_loss=1.3230 val_acc=0.615
      ep04 train_loss=0.9812 train_acc=0.708 | val_loss=1.9362 val_acc=0.462
      ep05 train_loss=0.9069 train_acc=0.803 | val_loss=1.6543 val_acc=0.538
      ep06 train_loss=0.8436 train_acc=0.811 | val_loss=2.0859 val_acc=0.462
      ep07 train_loss=0.8877 train_acc=0.824 | val_loss=1.4726 val_acc=0.615
      ep08 train_loss=0.8118 train_acc=0.863 | val_loss=1.6385 val_acc=0.385
      ep09 train_loss=0.7846 train_acc=0.880 | val_loss=1.6145 val_acc=0.385
      ep10 train_loss=0.7389 train_acc=0.901 | val_loss=1.5463 val_acc=0.385
      ep11 train_loss=0.7151 train_acc=0.918 | val_loss=1.3601 val_acc=0.538
      ep12 train_loss=0.7568 train_acc=0.910 | val_loss=1.4350 val_acc=0.538
      ep13 train_loss=0.6971 train_acc=0.948 | val_loss=1.3493 val_acc=0.538
      ep14 train_loss=0.6849 train_acc=0.957 | val_loss=1.3465 val_acc=0.538
      ep15 train_loss=0.7060 train_acc=0.927 | val_loss=1.3451 val_acc=0.615
      ep16 train_loss=0.6871 train_acc=0.961 | val_loss=1.3117 val_acc=0.615
      ep17 train_loss=0.6962 train_acc=0.940 | val_loss=1.1756 val_acc=0.615
      ep18 train_loss=0.6781 train_acc=0.953 | val_loss=1.3427 val_acc=0.615
      ep19 train_loss=0.6482 train_acc=0.974 | val_loss=1.2684 val_acc=0.538
      ep20 train_loss=0.6389 train_acc=0.979 | val_loss=1.2046 val_acc=0.615
      ep21 train_loss=0.6268 train_acc=0.987 | val_loss=1.1426 val_acc=0.615
      ep22 train_loss=0.6730 train_acc=0.953 | val_loss=1.2167 val_acc=0.538
      ep23 train_loss=0.6429 train_acc=0.979 | val_loss=1.2964 val_acc=0.462
      ep24 train_loss=0.6117 train_acc=0.987 | val_loss=1.2165 val_acc=0.538
    fold acc=0.538 time=363.2s | running pooled acc=0.727

--- Fold 3/26 | test sub03 (7 test, 239 train) ---
      ep00 train_loss=1.7023 train_acc=0.326 | val_loss=1.5830 val_acc=0.286
      ep01 train_loss=1.2218 train_acc=0.556 | val_loss=1.3946 val_acc=0.429
      ep02 train_loss=1.1256 train_acc=0.619 | val_loss=1.5101 val_acc=0.143
      ep03 train_loss=1.0488 train_acc=0.686 | val_loss=1.6231 val_acc=0.286
      ep04 train_loss=0.9158 train_acc=0.770 | val_loss=1.1996 val_acc=0.714
      ep05 train_loss=0.8690 train_acc=0.803 | val_loss=0.9749 val_acc=0.571
      ep06 train_loss=0.8370 train_acc=0.812 | val_loss=1.8846 val_acc=0.714
      ep07 train_loss=0.7460 train_acc=0.874 | val_loss=1.4163 val_acc=0.571
      ep08 train_loss=0.7429 train_acc=0.887 | val_loss=1.6390 val_acc=0.429
      ep09 train_loss=0.7131 train_acc=0.891 | val_loss=1.2563 val_acc=0.714
      ep10 train_loss=0.7261 train_acc=0.900 | val_loss=1.1038 val_acc=0.571
      ep11 train_loss=0.6677 train_acc=0.929 | val_loss=0.8832 val_acc=0.714
      ep12 train_loss=0.6880 train_acc=0.921 | val_loss=1.1087 val_acc=0.571
      ep13 train_loss=0.6602 train_acc=0.946 | val_loss=0.9251 val_acc=0.714
      ep14 train_loss=0.6221 train_acc=0.971 | val_loss=1.0301 val_acc=0.714
      ep15 train_loss=0.6524 train_acc=0.971 | val_loss=1.1845 val_acc=0.429
      ep16 train_loss=0.6804 train_acc=0.912 | val_loss=1.0086 val_acc=0.714
      ep17 train_loss=0.5986 train_acc=0.967 | val_loss=1.0885 val_acc=0.429
      ep18 train_loss=0.6378 train_acc=0.987 | val_loss=0.9316 val_acc=0.714
      ep19 train_loss=0.6495 train_acc=0.958 | val_loss=1.0133 val_acc=0.714
      ep20 train_loss=0.5977 train_acc=0.967 | val_loss=0.9364 val_acc=0.714
      ep21 train_loss=0.6127 train_acc=0.967 | val_loss=1.1147 val_acc=0.714
      ep22 train_loss=0.6834 train_acc=0.941 | val_loss=1.1154 val_acc=0.714
      ep23 train_loss=0.5979 train_acc=0.996 | val_loss=1.0760 val_acc=0.714
      ep24 train_loss=0.6127 train_acc=0.962 | val_loss=1.0941 val_acc=0.714
    fold acc=0.571 time=369.4s | running pooled acc=0.690

--- Fold 4/26 | test sub04 (5 test, 241 train) ---
      ep00 train_loss=1.6362 train_acc=0.332 | val_loss=0.6399 val_acc=0.800
      ep01 train_loss=1.1909 train_acc=0.556 | val_loss=0.5626 val_acc=0.800
      ep02 train_loss=1.0910 train_acc=0.647 | val_loss=0.6753 val_acc=0.800
      ep03 train_loss=1.0137 train_acc=0.718 | val_loss=0.6894 val_acc=0.600
      ep04 train_loss=0.9446 train_acc=0.784 | val_loss=0.8901 val_acc=0.600
      ep05 train_loss=0.8904 train_acc=0.759 | val_loss=0.9246 val_acc=0.600
      ep06 train_loss=0.8054 train_acc=0.842 | val_loss=1.1972 val_acc=0.400
      ep07 train_loss=0.8122 train_acc=0.805 | val_loss=0.4093 val_acc=0.800
      ep08 train_loss=0.7474 train_acc=0.876 | val_loss=0.9182 val_acc=0.800
      ep09 train_loss=0.6854 train_acc=0.892 | val_loss=1.5257 val_acc=0.400
      ep10 train_loss=0.7208 train_acc=0.909 | val_loss=1.0363 val_acc=0.800
      ep11 train_loss=0.7022 train_acc=0.934 | val_loss=0.8455 val_acc=0.800
      ep12 train_loss=0.6747 train_acc=0.946 | val_loss=0.6464 val_acc=0.800
      ep13 train_loss=0.6571 train_acc=0.946 | val_loss=0.7729 val_acc=0.800
      ep14 train_loss=0.6336 train_acc=0.963 | val_loss=0.6891 val_acc=0.800
      ep15 train_loss=0.6344 train_acc=0.942 | val_loss=0.6264 val_acc=0.800
      ep16 train_loss=0.6579 train_acc=0.934 | val_loss=0.9167 val_acc=0.800
      ep17 train_loss=0.6620 train_acc=0.950 | val_loss=0.9370 val_acc=0.800
      ep18 train_loss=0.6248 train_acc=0.954 | val_loss=0.9023 val_acc=0.800
      ep19 train_loss=0.6089 train_acc=0.963 | val_loss=0.7428 val_acc=0.800
      ep20 train_loss=0.6307 train_acc=0.975 | val_loss=0.8167 val_acc=0.800
      ep21 train_loss=0.6160 train_acc=0.975 | val_loss=0.8610 val_acc=0.800
      ep22 train_loss=0.6575 train_acc=0.946 | val_loss=0.7037 val_acc=0.800
      ep23 train_loss=0.6607 train_acc=0.938 | val_loss=0.8322 val_acc=0.800
      ep24 train_loss=0.5883 train_acc=0.983 | val_loss=0.8992 val_acc=0.800
    fold acc=0.800 time=358.8s | running pooled acc=0.706

--- Fold 5/26 | test sub05 (19 test, 227 train) ---
      ep00 train_loss=1.7177 train_acc=0.278 | val_loss=1.4964 val_acc=0.316
      ep01 train_loss=1.2010 train_acc=0.595 | val_loss=1.5929 val_acc=0.421
      ep02 train_loss=1.0688 train_acc=0.683 | val_loss=1.7973 val_acc=0.474
      ep03 train_loss=0.9784 train_acc=0.700 | val_loss=1.6967 val_acc=0.421
      ep04 train_loss=0.9421 train_acc=0.758 | val_loss=1.7725 val_acc=0.474
      ep05 train_loss=0.8490 train_acc=0.802 | val_loss=1.4894 val_acc=0.474
      ep06 train_loss=0.8409 train_acc=0.811 | val_loss=1.9875 val_acc=0.526
      ep07 train_loss=0.7973 train_acc=0.872 | val_loss=1.4325 val_acc=0.474
      ep08 train_loss=0.7594 train_acc=0.907 | val_loss=1.5645 val_acc=0.526
      ep09 train_loss=0.7496 train_acc=0.863 | val_loss=1.8282 val_acc=0.368
      ep10 train_loss=0.6588 train_acc=0.930 | val_loss=1.4128 val_acc=0.632
      ep11 train_loss=0.7804 train_acc=0.903 | val_loss=2.1107 val_acc=0.474
      ep12 train_loss=0.7264 train_acc=0.899 | val_loss=1.2731 val_acc=0.632
      ep13 train_loss=0.6691 train_acc=0.934 | val_loss=2.0820 val_acc=0.474
      ep14 train_loss=0.6873 train_acc=0.925 | val_loss=2.0602 val_acc=0.474
      ep15 train_loss=0.6965 train_acc=0.938 | val_loss=1.8234 val_acc=0.474
      ep16 train_loss=0.7271 train_acc=0.903 | val_loss=1.6966 val_acc=0.526
      ep17 train_loss=0.6375 train_acc=0.960 | val_loss=2.0067 val_acc=0.474
      ep18 train_loss=0.6197 train_acc=0.974 | val_loss=1.8436 val_acc=0.526
      ep19 train_loss=0.6312 train_acc=0.965 | val_loss=1.6528 val_acc=0.579
      ep20 train_loss=0.6205 train_acc=0.969 | val_loss=1.7331 val_acc=0.526
      ep21 train_loss=0.6137 train_acc=0.987 | val_loss=1.6685 val_acc=0.526
      ep22 train_loss=0.6117 train_acc=0.965 | val_loss=1.5039 val_acc=0.579
      ep23 train_loss=0.6148 train_acc=0.987 | val_loss=1.5993 val_acc=0.579
      ep24 train_loss=0.6042 train_acc=0.978 | val_loss=1.6289 val_acc=0.526
    fold acc=0.579 time=365.3s | running pooled acc=0.660

--- Fold 6/26 | test sub06 (5 test, 241 train) ---
      ep00 train_loss=1.6538 train_acc=0.320 | val_loss=0.8888 val_acc=0.800
      ep01 train_loss=1.2220 train_acc=0.556 | val_loss=1.1659 val_acc=0.600
      ep02 train_loss=1.1006 train_acc=0.631 | val_loss=1.2297 val_acc=0.600
      ep03 train_loss=0.9992 train_acc=0.714 | val_loss=1.4717 val_acc=0.400
      ep04 train_loss=0.9235 train_acc=0.768 | val_loss=0.8564 val_acc=0.800
      ep05 train_loss=0.8635 train_acc=0.817 | val_loss=1.0244 val_acc=0.600
      ep06 train_loss=0.8731 train_acc=0.822 | val_loss=1.0095 val_acc=0.800
      ep07 train_loss=0.8100 train_acc=0.846 | val_loss=0.9264 val_acc=0.800
      ep08 train_loss=0.7362 train_acc=0.880 | val_loss=0.6734 val_acc=0.800
      ep09 train_loss=0.6980 train_acc=0.917 | val_loss=0.9220 val_acc=0.800
      ep10 train_loss=0.7327 train_acc=0.896 | val_loss=0.8482 val_acc=0.800
      ep11 train_loss=0.7385 train_acc=0.913 | val_loss=0.7954 val_acc=0.600
      ep12 train_loss=0.6924 train_acc=0.934 | val_loss=0.5288 val_acc=0.800
      ep13 train_loss=0.6680 train_acc=0.946 | val_loss=0.7408 val_acc=0.800
      ep14 train_loss=0.6718 train_acc=0.942 | val_loss=0.6627 val_acc=0.800
      ep15 train_loss=0.6620 train_acc=0.938 | val_loss=0.6761 val_acc=0.800
      ep16 train_loss=0.6756 train_acc=0.929 | val_loss=0.6170 val_acc=0.800
      ep17 train_loss=0.6751 train_acc=0.938 | val_loss=0.5455 val_acc=0.800
      ep18 train_loss=0.6500 train_acc=0.934 | val_loss=0.5897 val_acc=0.800
      ep19 train_loss=0.6278 train_acc=0.967 | val_loss=0.5843 val_acc=0.800
      ep20 train_loss=0.6602 train_acc=0.946 | val_loss=0.5624 val_acc=0.800
      ep21 train_loss=0.6697 train_acc=0.950 | val_loss=0.6075 val_acc=0.800
      ep22 train_loss=0.7019 train_acc=0.938 | val_loss=0.6772 val_acc=0.800
      ep23 train_loss=0.6792 train_acc=0.946 | val_loss=0.6311 val_acc=0.800
      ep24 train_loss=0.6370 train_acc=0.975 | val_loss=0.5192 val_acc=0.800
    fold acc=0.800 time=358.5s | running pooled acc=0.672

--- Fold 7/26 | test sub07 (9 test, 237 train) ---
      ep00 train_loss=1.6303 train_acc=0.333 | val_loss=1.0486 val_acc=0.444
      ep01 train_loss=1.2724 train_acc=0.527 | val_loss=1.3455 val_acc=0.111
      ep02 train_loss=1.1102 train_acc=0.616 | val_loss=1.3069 val_acc=0.333
      ep03 train_loss=0.9899 train_acc=0.671 | val_loss=1.2310 val_acc=0.667
      ep04 train_loss=0.9382 train_acc=0.768 | val_loss=1.6866 val_acc=0.222
      ep05 train_loss=0.7986 train_acc=0.806 | val_loss=1.8601 val_acc=0.333
      ep06 train_loss=0.7397 train_acc=0.869 | val_loss=1.2278 val_acc=0.556
      ep07 train_loss=0.7389 train_acc=0.899 | val_loss=1.5474 val_acc=0.444
      ep08 train_loss=0.7571 train_acc=0.895 | val_loss=1.7249 val_acc=0.556
      ep09 train_loss=0.7179 train_acc=0.916 | val_loss=1.2695 val_acc=0.667
      ep10 train_loss=0.6534 train_acc=0.928 | val_loss=1.2319 val_acc=0.667
      ep11 train_loss=0.7250 train_acc=0.907 | val_loss=1.2480 val_acc=0.556
      ep12 train_loss=0.6835 train_acc=0.928 | val_loss=1.1410 val_acc=0.667
      ep13 train_loss=0.6555 train_acc=0.928 | val_loss=1.1840 val_acc=0.444
      ep14 train_loss=0.6580 train_acc=0.941 | val_loss=1.5444 val_acc=0.444
      ep15 train_loss=0.6719 train_acc=0.941 | val_loss=1.3429 val_acc=0.444
      ep16 train_loss=0.6269 train_acc=0.970 | val_loss=1.2558 val_acc=0.667
      ep17 train_loss=0.6359 train_acc=0.958 | val_loss=1.2977 val_acc=0.556
      ep18 train_loss=0.6029 train_acc=0.983 | val_loss=1.3930 val_acc=0.667
      ep19 train_loss=0.6193 train_acc=0.979 | val_loss=1.3935 val_acc=0.667
      ep20 train_loss=0.5810 train_acc=0.979 | val_loss=1.3167 val_acc=0.667
      ep21 train_loss=0.6156 train_acc=0.962 | val_loss=1.3084 val_acc=0.667
      ep22 train_loss=0.6110 train_acc=0.983 | val_loss=1.3643 val_acc=0.667
      ep23 train_loss=0.6108 train_acc=0.966 | val_loss=1.5139 val_acc=0.556
      ep24 train_loss=0.5924 train_acc=0.983 | val_loss=1.3095 val_acc=0.667
    fold acc=0.556 time=343.3s | running pooled acc=0.657

--- Fold 8/26 | test sub08 (3 test, 243 train) ---
      ep00 train_loss=1.7451 train_acc=0.370 | val_loss=1.1947 val_acc=0.333
      ep01 train_loss=1.1773 train_acc=0.576 | val_loss=1.4209 val_acc=0.333
      ep02 train_loss=1.0999 train_acc=0.613 | val_loss=0.9881 val_acc=0.667
      ep03 train_loss=1.0745 train_acc=0.683 | val_loss=1.7459 val_acc=0.333
      ep04 train_loss=1.0133 train_acc=0.716 | val_loss=1.7025 val_acc=0.333
      ep05 train_loss=0.9202 train_acc=0.807 | val_loss=1.7967 val_acc=0.333
      ep06 train_loss=0.8569 train_acc=0.827 | val_loss=1.6123 val_acc=0.667
      ep07 train_loss=0.8256 train_acc=0.835 | val_loss=2.2116 val_acc=0.333
      ep08 train_loss=0.8031 train_acc=0.835 | val_loss=1.2217 val_acc=0.667
      ep09 train_loss=0.7855 train_acc=0.844 | val_loss=0.6991 val_acc=0.667
      ep10 train_loss=0.7113 train_acc=0.909 | val_loss=1.4574 val_acc=0.667
      ep11 train_loss=0.6758 train_acc=0.922 | val_loss=1.9430 val_acc=0.667
      ep12 train_loss=0.6974 train_acc=0.926 | val_loss=2.6264 val_acc=0.667
      ep13 train_loss=0.6558 train_acc=0.955 | val_loss=2.0108 val_acc=0.667
      ep14 train_loss=0.7115 train_acc=0.930 | val_loss=1.9771 val_acc=0.667
      ep15 train_loss=0.6868 train_acc=0.930 | val_loss=1.8182 val_acc=0.667
      ep16 train_loss=0.6442 train_acc=0.963 | val_loss=1.9412 val_acc=0.667
      ep17 train_loss=0.6387 train_acc=0.959 | val_loss=2.1564 val_acc=0.667
      ep18 train_loss=0.6089 train_acc=0.967 | val_loss=2.3303 val_acc=0.667
      ep19 train_loss=0.6549 train_acc=0.963 | val_loss=2.2808 val_acc=0.667
      ep20 train_loss=0.6524 train_acc=0.971 | val_loss=2.2652 val_acc=0.667
      ep21 train_loss=0.6290 train_acc=0.984 | val_loss=1.9716 val_acc=0.667
      ep22 train_loss=0.6275 train_acc=0.963 | val_loss=1.9679 val_acc=0.667
      ep23 train_loss=0.6191 train_acc=0.959 | val_loss=2.1167 val_acc=0.667
      ep24 train_loss=0.5933 train_acc=0.984 | val_loss=2.1132 val_acc=0.667
    fold acc=0.667 time=344.9s | running pooled acc=0.657

--- Fold 9/26 | test sub09 (13 test, 233 train) ---
      ep00 train_loss=1.6803 train_acc=0.378 | val_loss=1.0582 val_acc=0.615
      ep01 train_loss=1.2656 train_acc=0.571 | val_loss=0.8618 val_acc=0.846
      ep02 train_loss=1.1045 train_acc=0.631 | val_loss=0.6292 val_acc=0.846
      ep03 train_loss=1.0717 train_acc=0.665 | val_loss=0.7321 val_acc=0.692
      ep04 train_loss=1.0315 train_acc=0.687 | val_loss=0.9046 val_acc=0.692
      ep05 train_loss=1.0024 train_acc=0.747 | val_loss=0.4502 val_acc=0.846
      ep06 train_loss=0.8457 train_acc=0.841 | val_loss=0.4932 val_acc=0.846
      ep07 train_loss=0.8738 train_acc=0.828 | val_loss=1.1057 val_acc=0.769
      ep08 train_loss=0.7747 train_acc=0.867 | val_loss=0.6322 val_acc=0.846
      ep09 train_loss=0.8444 train_acc=0.867 | val_loss=0.9630 val_acc=0.692
      ep10 train_loss=0.7782 train_acc=0.884 | val_loss=0.7553 val_acc=0.769
      ep11 train_loss=0.7234 train_acc=0.910 | val_loss=0.8736 val_acc=0.769
      ep12 train_loss=0.7630 train_acc=0.910 | val_loss=0.4917 val_acc=0.769
      ep13 train_loss=0.6870 train_acc=0.931 | val_loss=0.6457 val_acc=0.846
      ep14 train_loss=0.6724 train_acc=0.931 | val_loss=0.4835 val_acc=0.846
      ep15 train_loss=0.6539 train_acc=0.974 | val_loss=0.6750 val_acc=0.846
      ep16 train_loss=0.6668 train_acc=0.953 | val_loss=0.5434 val_acc=0.769
      ep17 train_loss=0.6804 train_acc=0.940 | val_loss=0.4755 val_acc=0.846
      ep18 train_loss=0.6604 train_acc=0.961 | val_loss=0.4867 val_acc=0.846
      ep19 train_loss=0.6430 train_acc=0.970 | val_loss=0.5161 val_acc=0.769
      ep20 train_loss=0.6238 train_acc=0.979 | val_loss=0.5254 val_acc=0.846
      ep21 train_loss=0.6372 train_acc=0.987 | val_loss=0.4212 val_acc=0.846
      ep22 train_loss=0.6590 train_acc=0.961 | val_loss=0.3996 val_acc=0.846
      ep23 train_loss=0.6242 train_acc=0.983 | val_loss=0.4952 val_acc=0.846
      ep24 train_loss=0.6919 train_acc=0.944 | val_loss=0.4941 val_acc=0.846
    fold acc=0.769 time=342.4s | running pooled acc=0.675

--- Fold 10/26 | test sub10 (13 test, 233 train) ---
      ep00 train_loss=1.6241 train_acc=0.386 | val_loss=0.7829 val_acc=0.692
      ep01 train_loss=1.2015 train_acc=0.541 | val_loss=0.8905 val_acc=0.615
      ep02 train_loss=1.0432 train_acc=0.639 | val_loss=0.8766 val_acc=0.538
      ep03 train_loss=1.0420 train_acc=0.704 | val_loss=0.5546 val_acc=1.000
      ep04 train_loss=1.0313 train_acc=0.657 | val_loss=1.0053 val_acc=0.692
      ep05 train_loss=0.9798 train_acc=0.738 | val_loss=0.3267 val_acc=0.846
      ep06 train_loss=0.8428 train_acc=0.824 | val_loss=0.5746 val_acc=0.769
      ep07 train_loss=0.8196 train_acc=0.845 | val_loss=0.2635 val_acc=1.000
      ep08 train_loss=0.7573 train_acc=0.880 | val_loss=0.5851 val_acc=0.923
      ep09 train_loss=0.7757 train_acc=0.858 | val_loss=0.8111 val_acc=0.769
      ep10 train_loss=0.7335 train_acc=0.854 | val_loss=0.4244 val_acc=0.923
      ep11 train_loss=0.7051 train_acc=0.867 | val_loss=0.4429 val_acc=0.923
      ep12 train_loss=0.7349 train_acc=0.871 | val_loss=0.2459 val_acc=1.000
      ep13 train_loss=0.6550 train_acc=0.927 | val_loss=0.3662 val_acc=0.846
      ep14 train_loss=0.6322 train_acc=0.936 | val_loss=0.2627 val_acc=1.000
      ep15 train_loss=0.6234 train_acc=0.948 | val_loss=0.2270 val_acc=1.000
      ep16 train_loss=0.6208 train_acc=0.961 | val_loss=0.1861 val_acc=1.000
      ep17 train_loss=0.6676 train_acc=0.910 | val_loss=0.2994 val_acc=1.000
      ep18 train_loss=0.6099 train_acc=0.961 | val_loss=0.3204 val_acc=1.000
      ep19 train_loss=0.5923 train_acc=0.987 | val_loss=0.2789 val_acc=1.000
      ep20 train_loss=0.5956 train_acc=0.974 | val_loss=0.3066 val_acc=1.000
      ep21 train_loss=0.6043 train_acc=0.970 | val_loss=0.2412 val_acc=1.000
      ep22 train_loss=0.5932 train_acc=0.974 | val_loss=0.2189 val_acc=1.000
      ep23 train_loss=0.5857 train_acc=0.987 | val_loss=0.3113 val_acc=1.000
      ep24 train_loss=0.6093 train_acc=0.979 | val_loss=0.2659 val_acc=1.000
    fold acc=1.000 time=341.4s | running pooled acc=0.719

--- Fold 11/26 | test sub11 (10 test, 236 train) ---
      ep00 train_loss=1.6647 train_acc=0.373 | val_loss=1.0145 val_acc=0.600
      ep01 train_loss=1.2816 train_acc=0.521 | val_loss=1.1638 val_acc=0.500
      ep02 train_loss=1.1326 train_acc=0.572 | val_loss=1.1200 val_acc=0.700
      ep03 train_loss=1.0149 train_acc=0.678 | val_loss=1.3964 val_acc=0.600
      ep04 train_loss=0.9393 train_acc=0.708 | val_loss=0.7486 val_acc=0.800
      ep05 train_loss=0.9281 train_acc=0.767 | val_loss=0.8807 val_acc=0.600
      ep06 train_loss=0.8906 train_acc=0.775 | val_loss=0.5767 val_acc=1.000
      ep07 train_loss=0.7413 train_acc=0.860 | val_loss=0.7949 val_acc=0.800
      ep08 train_loss=0.7525 train_acc=0.894 | val_loss=0.6735 val_acc=0.800
      ep09 train_loss=0.7412 train_acc=0.907 | val_loss=0.5252 val_acc=0.800
      ep10 train_loss=0.7263 train_acc=0.886 | val_loss=0.3643 val_acc=1.000
      ep11 train_loss=0.7506 train_acc=0.903 | val_loss=0.5542 val_acc=0.900
      ep12 train_loss=0.6793 train_acc=0.911 | val_loss=0.5452 val_acc=0.800
      ep13 train_loss=0.6717 train_acc=0.924 | val_loss=0.2837 val_acc=1.000
      ep14 train_loss=0.6392 train_acc=0.962 | val_loss=0.3726 val_acc=0.800
      ep15 train_loss=0.6299 train_acc=0.958 | val_loss=0.3054 val_acc=1.000
      ep16 train_loss=0.6487 train_acc=0.958 | val_loss=0.3574 val_acc=0.800
      ep17 train_loss=0.6360 train_acc=0.953 | val_loss=0.2975 val_acc=0.900
      ep18 train_loss=0.6348 train_acc=0.966 | val_loss=0.3351 val_acc=0.900
      ep19 train_loss=0.6017 train_acc=0.970 | val_loss=0.3691 val_acc=0.800
      ep20 train_loss=0.6368 train_acc=0.970 | val_loss=0.3822 val_acc=0.900
      ep21 train_loss=0.6138 train_acc=0.970 | val_loss=0.3463 val_acc=0.900
      ep22 train_loss=0.5921 train_acc=0.970 | val_loss=0.3485 val_acc=0.900
      ep23 train_loss=0.5864 train_acc=0.979 | val_loss=0.3981 val_acc=0.900
      ep24 train_loss=0.5857 train_acc=0.983 | val_loss=0.3352 val_acc=0.900
    fold acc=0.900 time=342.4s | running pooled acc=0.736

--- Fold 12/26 | test sub12 (12 test, 234 train) ---
      ep00 train_loss=1.7988 train_acc=0.329 | val_loss=0.9027 val_acc=0.667
      ep01 train_loss=1.2583 train_acc=0.543 | val_loss=0.6106 val_acc=0.750
      ep02 train_loss=1.2204 train_acc=0.607 | val_loss=0.4197 val_acc=0.833
      ep03 train_loss=0.9857 train_acc=0.739 | val_loss=0.6336 val_acc=0.750
      ep04 train_loss=0.9240 train_acc=0.786 | val_loss=0.5713 val_acc=0.833
      ep05 train_loss=0.9243 train_acc=0.799 | val_loss=0.4378 val_acc=0.917
      ep06 train_loss=0.8211 train_acc=0.803 | val_loss=0.5992 val_acc=0.833
      ep07 train_loss=0.8691 train_acc=0.855 | val_loss=0.3452 val_acc=0.917
      ep08 train_loss=0.7538 train_acc=0.893 | val_loss=0.7530 val_acc=0.667
      ep09 train_loss=0.7910 train_acc=0.893 | val_loss=0.4957 val_acc=0.917
      ep10 train_loss=0.7493 train_acc=0.889 | val_loss=0.4416 val_acc=0.917
      ep11 train_loss=0.6821 train_acc=0.923 | val_loss=0.4252 val_acc=0.917
      ep12 train_loss=0.6582 train_acc=0.957 | val_loss=0.4046 val_acc=0.917
      ep13 train_loss=0.7045 train_acc=0.944 | val_loss=0.6973 val_acc=0.833
      ep14 train_loss=0.6703 train_acc=0.932 | val_loss=0.4922 val_acc=0.917
      ep15 train_loss=0.6677 train_acc=0.936 | val_loss=0.4592 val_acc=0.917
      ep16 train_loss=0.6638 train_acc=0.944 | val_loss=0.5362 val_acc=0.833
      ep17 train_loss=0.6690 train_acc=0.970 | val_loss=0.5211 val_acc=0.917
      ep18 train_loss=0.6640 train_acc=0.953 | val_loss=0.6219 val_acc=0.750
      ep19 train_loss=0.6659 train_acc=0.944 | val_loss=0.5874 val_acc=0.750
      ep20 train_loss=0.6473 train_acc=0.957 | val_loss=0.5266 val_acc=0.917
      ep21 train_loss=0.6649 train_acc=0.949 | val_loss=0.5092 val_acc=0.917
      ep22 train_loss=0.6480 train_acc=0.974 | val_loss=0.5842 val_acc=0.917
      ep23 train_loss=0.6520 train_acc=0.974 | val_loss=0.5018 val_acc=0.917
      ep24 train_loss=0.6265 train_acc=0.983 | val_loss=0.4974 val_acc=0.917
    fold acc=0.833 time=341.9s | running pooled acc=0.746

--- Fold 13/26 | test sub13 (8 test, 238 train) ---
      ep00 train_loss=1.6284 train_acc=0.361 | val_loss=1.4169 val_acc=0.125
      ep01 train_loss=1.2009 train_acc=0.588 | val_loss=1.5251 val_acc=0.375
      ep02 train_loss=1.1057 train_acc=0.664 | val_loss=1.4698 val_acc=0.500
      ep03 train_loss=1.0236 train_acc=0.710 | val_loss=1.5072 val_acc=0.250
      ep04 train_loss=0.9143 train_acc=0.756 | val_loss=1.7393 val_acc=0.250
      ep05 train_loss=0.8900 train_acc=0.803 | val_loss=0.8709 val_acc=0.500
      ep06 train_loss=0.7926 train_acc=0.853 | val_loss=1.2441 val_acc=0.500
      ep07 train_loss=0.8108 train_acc=0.845 | val_loss=0.9831 val_acc=0.625
      ep08 train_loss=0.7212 train_acc=0.895 | val_loss=0.9132 val_acc=0.750
      ep09 train_loss=0.7211 train_acc=0.866 | val_loss=0.8962 val_acc=0.750
      ep10 train_loss=0.7192 train_acc=0.891 | val_loss=0.8619 val_acc=0.625
      ep11 train_loss=0.6788 train_acc=0.903 | val_loss=1.0257 val_acc=0.625
      ep12 train_loss=0.6652 train_acc=0.916 | val_loss=1.0545 val_acc=0.625
      ep13 train_loss=0.6836 train_acc=0.941 | val_loss=0.7047 val_acc=0.750
      ep14 train_loss=0.6405 train_acc=0.962 | val_loss=0.8868 val_acc=0.750
      ep15 train_loss=0.6118 train_acc=0.983 | val_loss=0.8732 val_acc=0.750
      ep16 train_loss=0.6313 train_acc=0.958 | val_loss=0.9810 val_acc=0.750
      ep17 train_loss=0.6298 train_acc=0.966 | val_loss=0.9094 val_acc=0.750
      ep18 train_loss=0.6177 train_acc=0.966 | val_loss=0.8436 val_acc=0.750
      ep19 train_loss=0.6118 train_acc=0.979 | val_loss=0.9814 val_acc=0.750
      ep20 train_loss=0.5937 train_acc=0.992 | val_loss=0.9557 val_acc=0.500
      ep21 train_loss=0.6287 train_acc=0.966 | val_loss=1.0464 val_acc=0.625
      ep22 train_loss=0.6120 train_acc=0.979 | val_loss=0.9382 val_acc=0.750
      ep23 train_loss=0.6230 train_acc=0.962 | val_loss=0.9708 val_acc=0.625
      ep24 train_loss=0.6078 train_acc=0.983 | val_loss=1.0324 val_acc=0.750
    fold acc=0.500 time=342.9s | running pooled acc=0.730

--- Fold 14/26 | test sub14 (4 test, 242 train) ---
      ep00 train_loss=1.7431 train_acc=0.368 | val_loss=1.6635 val_acc=0.500
      ep01 train_loss=1.2229 train_acc=0.533 | val_loss=1.7055 val_acc=0.000
      ep02 train_loss=1.1411 train_acc=0.628 | val_loss=1.5478 val_acc=0.250
      ep03 train_loss=0.9590 train_acc=0.715 | val_loss=0.8270 val_acc=0.750
      ep04 train_loss=0.9314 train_acc=0.773 | val_loss=2.0040 val_acc=0.000
      ep05 train_loss=0.8951 train_acc=0.810 | val_loss=0.8854 val_acc=0.250
      ep06 train_loss=0.8785 train_acc=0.847 | val_loss=0.9365 val_acc=0.750
      ep07 train_loss=0.7912 train_acc=0.843 | val_loss=1.1566 val_acc=0.750
      ep08 train_loss=0.7888 train_acc=0.855 | val_loss=1.0871 val_acc=0.500
      ep09 train_loss=0.7623 train_acc=0.893 | val_loss=1.2025 val_acc=0.500
      ep10 train_loss=0.7638 train_acc=0.893 | val_loss=0.7388 val_acc=0.750
      ep11 train_loss=0.7493 train_acc=0.860 | val_loss=0.8598 val_acc=0.750
      ep12 train_loss=0.7158 train_acc=0.934 | val_loss=0.5934 val_acc=1.000
      ep13 train_loss=0.6816 train_acc=0.921 | val_loss=0.8144 val_acc=0.750
      ep14 train_loss=0.6618 train_acc=0.959 | val_loss=0.7982 val_acc=0.750
      ep15 train_loss=0.6929 train_acc=0.921 | val_loss=0.7471 val_acc=0.750
      ep16 train_loss=0.6727 train_acc=0.959 | val_loss=0.7848 val_acc=0.750
      ep17 train_loss=0.6991 train_acc=0.921 | val_loss=1.0645 val_acc=0.500
      ep18 train_loss=0.6648 train_acc=0.959 | val_loss=0.7229 val_acc=0.500
      ep19 train_loss=0.6883 train_acc=0.930 | val_loss=0.9689 val_acc=0.500
      ep20 train_loss=0.6479 train_acc=0.959 | val_loss=0.7651 val_acc=0.750
      ep21 train_loss=0.6453 train_acc=0.955 | val_loss=0.8703 val_acc=0.750
      ep22 train_loss=0.6177 train_acc=0.975 | val_loss=0.8621 val_acc=0.500
      ep23 train_loss=0.6404 train_acc=0.959 | val_loss=0.9380 val_acc=0.500
      ep24 train_loss=0.6327 train_acc=0.975 | val_loss=0.9950 val_acc=0.750
    fold acc=0.250 time=345.7s | running pooled acc=0.715

--- Fold 15/26 | test sub15 (3 test, 243 train) ---
      ep00 train_loss=1.7161 train_acc=0.362 | val_loss=0.7784 val_acc=0.667
      ep01 train_loss=1.2348 train_acc=0.539 | val_loss=0.4757 val_acc=1.000
      ep02 train_loss=1.1118 train_acc=0.597 | val_loss=0.5211 val_acc=1.000
      ep03 train_loss=1.0582 train_acc=0.695 | val_loss=0.7217 val_acc=0.667
      ep04 train_loss=1.0128 train_acc=0.704 | val_loss=0.6427 val_acc=1.000
      ep05 train_loss=0.9062 train_acc=0.774 | val_loss=0.6958 val_acc=0.667
      ep06 train_loss=0.8100 train_acc=0.798 | val_loss=0.6251 val_acc=0.667
      ep07 train_loss=0.7920 train_acc=0.868 | val_loss=0.7654 val_acc=0.333
      ep08 train_loss=0.8321 train_acc=0.840 | val_loss=0.6212 val_acc=1.000
      ep09 train_loss=0.7487 train_acc=0.868 | val_loss=0.8758 val_acc=0.667
      ep10 train_loss=0.7412 train_acc=0.868 | val_loss=0.8791 val_acc=0.667
      ep11 train_loss=0.6985 train_acc=0.893 | val_loss=0.9290 val_acc=0.667
      ep12 train_loss=0.7265 train_acc=0.901 | val_loss=0.8079 val_acc=0.667
      ep13 train_loss=0.6532 train_acc=0.947 | val_loss=0.9334 val_acc=0.667
      ep14 train_loss=0.7402 train_acc=0.885 | val_loss=0.8493 val_acc=0.667
      ep15 train_loss=0.7053 train_acc=0.934 | val_loss=1.0065 val_acc=0.667
      ep16 train_loss=0.6565 train_acc=0.930 | val_loss=0.7270 val_acc=0.667
      ep17 train_loss=0.6633 train_acc=0.955 | val_loss=1.1199 val_acc=0.667
      ep18 train_loss=0.6327 train_acc=0.955 | val_loss=1.1887 val_acc=0.667
      ep19 train_loss=0.6458 train_acc=0.963 | val_loss=1.0991 val_acc=0.667
      ep20 train_loss=0.6463 train_acc=0.959 | val_loss=0.8422 val_acc=0.667
      ep21 train_loss=0.6985 train_acc=0.942 | val_loss=0.9943 val_acc=0.667
      ep22 train_loss=0.6278 train_acc=0.955 | val_loss=1.0885 val_acc=0.667
      ep23 train_loss=0.6185 train_acc=0.975 | val_loss=1.0029 val_acc=0.667
      ep24 train_loss=0.5939 train_acc=0.988 | val_loss=0.8161 val_acc=0.667
    fold acc=0.667 time=345.1s | running pooled acc=0.714

--- Fold 16/26 | test sub16 (4 test, 242 train) ---
      ep00 train_loss=1.7353 train_acc=0.384 | val_loss=1.9822 val_acc=0.250
      ep01 train_loss=1.1909 train_acc=0.537 | val_loss=1.4504 val_acc=0.250
      ep02 train_loss=1.1313 train_acc=0.620 | val_loss=1.3083 val_acc=0.500
      ep03 train_loss=1.0128 train_acc=0.669 | val_loss=1.9645 val_acc=0.250
      ep04 train_loss=0.9715 train_acc=0.781 | val_loss=1.6006 val_acc=0.500
      ep05 train_loss=0.9284 train_acc=0.781 | val_loss=1.7703 val_acc=0.250
      ep06 train_loss=0.8524 train_acc=0.839 | val_loss=1.6172 val_acc=0.250
      ep07 train_loss=0.7570 train_acc=0.868 | val_loss=1.5326 val_acc=0.500
      ep08 train_loss=0.7787 train_acc=0.860 | val_loss=1.7826 val_acc=0.500
      ep09 train_loss=0.7379 train_acc=0.872 | val_loss=1.8502 val_acc=0.500
      ep10 train_loss=0.7517 train_acc=0.917 | val_loss=1.2768 val_acc=0.250
      ep11 train_loss=0.7325 train_acc=0.888 | val_loss=1.3781 val_acc=0.250
      ep12 train_loss=0.7144 train_acc=0.942 | val_loss=1.2839 val_acc=0.250
      ep13 train_loss=0.6861 train_acc=0.930 | val_loss=1.4164 val_acc=0.500
      ep14 train_loss=0.6726 train_acc=0.934 | val_loss=1.5428 val_acc=0.500
      ep15 train_loss=0.6721 train_acc=0.917 | val_loss=1.1556 val_acc=0.500
      ep16 train_loss=0.6722 train_acc=0.942 | val_loss=1.0811 val_acc=0.500
      ep17 train_loss=0.6828 train_acc=0.938 | val_loss=1.1506 val_acc=0.750
      ep18 train_loss=0.6366 train_acc=0.975 | val_loss=1.2648 val_acc=0.500
      ep19 train_loss=0.6817 train_acc=0.946 | val_loss=1.1587 val_acc=0.500
      ep20 train_loss=0.6369 train_acc=0.979 | val_loss=0.9866 val_acc=0.500
      ep21 train_loss=0.6517 train_acc=0.975 | val_loss=1.1284 val_acc=0.500
      ep22 train_loss=0.6240 train_acc=0.975 | val_loss=0.9860 val_acc=0.750
      ep23 train_loss=0.6402 train_acc=0.963 | val_loss=1.1678 val_acc=0.500
      ep24 train_loss=0.6340 train_acc=0.983 | val_loss=1.0761 val_acc=0.500
    fold acc=0.500 time=345.4s | running pooled acc=0.708

--- Fold 17/26 | test sub17 (34 test, 212 train) ---
      ep00 train_loss=1.7364 train_acc=0.335 | val_loss=1.0290 val_acc=0.588
      ep01 train_loss=1.2681 train_acc=0.509 | val_loss=0.8417 val_acc=0.676
      ep02 train_loss=1.1143 train_acc=0.656 | val_loss=0.9876 val_acc=0.618
      ep03 train_loss=1.0876 train_acc=0.651 | val_loss=0.9110 val_acc=0.588
      ep04 train_loss=0.9261 train_acc=0.778 | val_loss=1.1177 val_acc=0.471
      ep05 train_loss=0.8705 train_acc=0.783 | val_loss=1.2760 val_acc=0.471
      ep06 train_loss=0.9092 train_acc=0.807 | val_loss=1.3351 val_acc=0.382
      ep07 train_loss=0.8994 train_acc=0.802 | val_loss=0.9643 val_acc=0.559
      ep08 train_loss=0.7995 train_acc=0.858 | val_loss=1.1025 val_acc=0.529
      ep09 train_loss=0.7901 train_acc=0.873 | val_loss=1.3271 val_acc=0.412
      ep10 train_loss=0.7906 train_acc=0.868 | val_loss=1.2370 val_acc=0.471
      ep11 train_loss=0.7974 train_acc=0.882 | val_loss=1.0851 val_acc=0.588
      ep12 train_loss=0.7597 train_acc=0.858 | val_loss=1.6183 val_acc=0.353
      ep13 train_loss=0.7533 train_acc=0.892 | val_loss=1.2837 val_acc=0.500
      ep14 train_loss=0.7237 train_acc=0.929 | val_loss=1.7294 val_acc=0.412
      ep15 train_loss=0.6786 train_acc=0.948 | val_loss=1.3241 val_acc=0.382
      ep16 train_loss=0.7087 train_acc=0.925 | val_loss=1.6022 val_acc=0.353
      ep17 train_loss=0.7061 train_acc=0.948 | val_loss=1.3202 val_acc=0.471
      ep18 train_loss=0.6936 train_acc=0.939 | val_loss=1.5673 val_acc=0.382
      ep19 train_loss=0.7014 train_acc=0.953 | val_loss=1.4533 val_acc=0.441
      ep20 train_loss=0.6669 train_acc=0.967 | val_loss=1.5389 val_acc=0.412
      ep21 train_loss=0.6617 train_acc=0.967 | val_loss=1.3546 val_acc=0.441
      ep22 train_loss=0.6473 train_acc=0.986 | val_loss=1.3837 val_acc=0.471
      ep23 train_loss=0.6754 train_acc=0.967 | val_loss=1.3797 val_acc=0.441
      ep24 train_loss=0.6679 train_acc=0.958 | val_loss=1.3640 val_acc=0.471
    fold acc=0.412 time=339.3s | running pooled acc=0.649

--- Fold 18/26 | test sub18 (3 test, 243 train) ---
      ep00 train_loss=1.6932 train_acc=0.354 | val_loss=1.2344 val_acc=0.333
      ep01 train_loss=1.2630 train_acc=0.502 | val_loss=0.6721 val_acc=1.000
      ep02 train_loss=1.1489 train_acc=0.560 | val_loss=1.1081 val_acc=0.667
      ep03 train_loss=1.0241 train_acc=0.708 | val_loss=0.8842 val_acc=0.667
      ep04 train_loss=1.0565 train_acc=0.691 | val_loss=0.3138 val_acc=1.000
      ep05 train_loss=0.9609 train_acc=0.733 | val_loss=0.4238 val_acc=1.000
      ep06 train_loss=0.8798 train_acc=0.757 | val_loss=0.7703 val_acc=1.000
      ep07 train_loss=0.7523 train_acc=0.885 | val_loss=0.5046 val_acc=1.000
      ep08 train_loss=0.7882 train_acc=0.872 | val_loss=0.2799 val_acc=1.000
      ep09 train_loss=0.7354 train_acc=0.860 | val_loss=0.6144 val_acc=1.000
      ep10 train_loss=0.7216 train_acc=0.901 | val_loss=0.4473 val_acc=1.000
      ep11 train_loss=0.6966 train_acc=0.926 | val_loss=0.1830 val_acc=1.000
      ep12 train_loss=0.7022 train_acc=0.909 | val_loss=0.3073 val_acc=1.000
      ep13 train_loss=0.6491 train_acc=0.951 | val_loss=0.3386 val_acc=1.000
      ep14 train_loss=0.7707 train_acc=0.889 | val_loss=0.2761 val_acc=1.000
      ep15 train_loss=0.7209 train_acc=0.901 | val_loss=0.4389 val_acc=1.000
      ep16 train_loss=0.6160 train_acc=0.971 | val_loss=0.3076 val_acc=1.000
      ep17 train_loss=0.6983 train_acc=0.947 | val_loss=0.2261 val_acc=1.000
      ep18 train_loss=0.6423 train_acc=0.967 | val_loss=0.2004 val_acc=1.000
      ep19 train_loss=0.6192 train_acc=0.967 | val_loss=0.1974 val_acc=1.000
      ep20 train_loss=0.6500 train_acc=0.959 | val_loss=0.2605 val_acc=1.000
      ep21 train_loss=0.6639 train_acc=0.951 | val_loss=0.2149 val_acc=1.000
      ep22 train_loss=0.6160 train_acc=0.967 | val_loss=0.2512 val_acc=1.000
      ep23 train_loss=0.6056 train_acc=0.975 | val_loss=0.2273 val_acc=1.000
      ep24 train_loss=0.5860 train_acc=0.996 | val_loss=0.3050 val_acc=1.000
    fold acc=1.000 time=349.9s | running pooled acc=0.655

--- Fold 19/26 | test sub19 (15 test, 231 train) ---
      ep00 train_loss=1.7032 train_acc=0.325 | val_loss=0.9937 val_acc=0.533
      ep01 train_loss=1.2369 train_acc=0.515 | val_loss=0.8675 val_acc=0.800
      ep02 train_loss=1.2426 train_acc=0.636 | val_loss=1.0366 val_acc=0.600
      ep03 train_loss=1.0391 train_acc=0.710 | val_loss=0.7322 val_acc=0.667
      ep04 train_loss=0.9741 train_acc=0.736 | val_loss=0.7642 val_acc=0.733
      ep05 train_loss=0.8777 train_acc=0.792 | val_loss=1.0872 val_acc=0.600
      ep06 train_loss=0.8599 train_acc=0.753 | val_loss=0.9137 val_acc=0.733
      ep07 train_loss=0.7710 train_acc=0.874 | val_loss=1.2015 val_acc=0.667
      ep08 train_loss=0.7981 train_acc=0.827 | val_loss=0.8497 val_acc=0.800
      ep09 train_loss=0.7631 train_acc=0.909 | val_loss=0.9080 val_acc=0.667
      ep10 train_loss=0.7616 train_acc=0.909 | val_loss=0.5931 val_acc=0.800
      ep11 train_loss=0.7522 train_acc=0.866 | val_loss=0.6197 val_acc=0.667
      ep12 train_loss=0.6822 train_acc=0.944 | val_loss=0.6739 val_acc=0.733
      ep13 train_loss=0.6861 train_acc=0.922 | val_loss=0.7034 val_acc=0.733
      ep14 train_loss=0.7018 train_acc=0.939 | val_loss=0.8081 val_acc=0.733
      ep15 train_loss=0.6631 train_acc=0.948 | val_loss=0.7162 val_acc=0.800
      ep16 train_loss=0.6551 train_acc=0.935 | val_loss=0.7709 val_acc=0.733
      ep17 train_loss=0.6666 train_acc=0.970 | val_loss=0.8432 val_acc=0.733
      ep18 train_loss=0.6440 train_acc=0.957 | val_loss=0.7362 val_acc=0.733
      ep19 train_loss=0.6453 train_acc=0.961 | val_loss=0.6914 val_acc=0.800
      ep20 train_loss=0.6311 train_acc=0.970 | val_loss=0.7218 val_acc=0.733
      ep21 train_loss=0.6885 train_acc=0.944 | val_loss=0.7614 val_acc=0.733
      ep22 train_loss=0.6584 train_acc=0.965 | val_loss=0.7604 val_acc=0.800
      ep23 train_loss=0.6408 train_acc=0.970 | val_loss=0.7655 val_acc=0.733
      ep24 train_loss=0.6666 train_acc=0.948 | val_loss=0.7930 val_acc=0.733
    fold acc=0.800 time=335.1s | running pooled acc=0.667

--- Fold 20/26 | test sub20 (11 test, 235 train) ---
      ep00 train_loss=1.7190 train_acc=0.353 | val_loss=1.1517 val_acc=0.545
      ep01 train_loss=1.2471 train_acc=0.557 | val_loss=1.2233 val_acc=0.455
      ep02 train_loss=1.1163 train_acc=0.609 | val_loss=0.7727 val_acc=0.818
      ep03 train_loss=0.9537 train_acc=0.719 | val_loss=1.2039 val_acc=0.273
      ep04 train_loss=0.9252 train_acc=0.736 | val_loss=0.8233 val_acc=0.636
      ep05 train_loss=0.8512 train_acc=0.813 | val_loss=1.5126 val_acc=0.364
      ep06 train_loss=0.8843 train_acc=0.800 | val_loss=1.2886 val_acc=0.273
      ep07 train_loss=0.8009 train_acc=0.838 | val_loss=1.0837 val_acc=0.455
      ep08 train_loss=0.8043 train_acc=0.843 | val_loss=1.7751 val_acc=0.273
      ep09 train_loss=0.7160 train_acc=0.868 | val_loss=1.0536 val_acc=0.545
      ep10 train_loss=0.7695 train_acc=0.877 | val_loss=1.1070 val_acc=0.545
      ep11 train_loss=0.6886 train_acc=0.923 | val_loss=1.1171 val_acc=0.636
      ep12 train_loss=0.7113 train_acc=0.902 | val_loss=1.3727 val_acc=0.545
      ep13 train_loss=0.7000 train_acc=0.936 | val_loss=1.2640 val_acc=0.545
      ep14 train_loss=0.6661 train_acc=0.928 | val_loss=1.2979 val_acc=0.727
      ep15 train_loss=0.6186 train_acc=0.957 | val_loss=1.6617 val_acc=0.364
      ep16 train_loss=0.6178 train_acc=0.974 | val_loss=1.3373 val_acc=0.636
      ep17 train_loss=0.6092 train_acc=0.970 | val_loss=1.3175 val_acc=0.636
      ep18 train_loss=0.6392 train_acc=0.962 | val_loss=1.8126 val_acc=0.455
      ep19 train_loss=0.6146 train_acc=0.966 | val_loss=1.0447 val_acc=0.727
      ep20 train_loss=0.6191 train_acc=0.983 | val_loss=1.4065 val_acc=0.545
      ep21 train_loss=0.6024 train_acc=0.970 | val_loss=1.2036 val_acc=0.455
      ep22 train_loss=0.5967 train_acc=0.983 | val_loss=1.1916 val_acc=0.545
      ep23 train_loss=0.5985 train_acc=0.974 | val_loss=1.0989 val_acc=0.545
      ep24 train_loss=0.5979 train_acc=0.970 | val_loss=1.4642 val_acc=0.455
    fold acc=0.455 time=355.7s | running pooled acc=0.655

--- Fold 21/26 | test sub21 (2 test, 244 train) ---
      ep00 train_loss=1.7331 train_acc=0.328 | val_loss=1.1520 val_acc=0.500
      ep01 train_loss=1.2838 train_acc=0.557 | val_loss=1.2985 val_acc=0.500
      ep02 train_loss=1.1798 train_acc=0.582 | val_loss=1.1358 val_acc=0.500
      ep03 train_loss=1.0111 train_acc=0.721 | val_loss=1.8057 val_acc=0.500
      ep04 train_loss=0.9262 train_acc=0.734 | val_loss=2.4158 val_acc=0.500
      ep05 train_loss=0.8775 train_acc=0.787 | val_loss=1.3214 val_acc=0.500
      ep06 train_loss=0.8686 train_acc=0.807 | val_loss=2.4041 val_acc=0.500
      ep07 train_loss=0.8220 train_acc=0.848 | val_loss=2.2538 val_acc=0.500
      ep08 train_loss=0.7383 train_acc=0.898 | val_loss=2.6059 val_acc=0.500
      ep09 train_loss=0.7314 train_acc=0.898 | val_loss=2.8755 val_acc=0.500
      ep10 train_loss=0.7355 train_acc=0.893 | val_loss=2.8285 val_acc=0.500
      ep11 train_loss=0.6766 train_acc=0.906 | val_loss=2.4795 val_acc=0.500
      ep12 train_loss=0.7228 train_acc=0.898 | val_loss=2.5335 val_acc=0.500
      ep13 train_loss=0.7002 train_acc=0.939 | val_loss=2.6703 val_acc=0.500
      ep14 train_loss=0.6768 train_acc=0.934 | val_loss=3.0899 val_acc=0.500
      ep15 train_loss=0.6938 train_acc=0.939 | val_loss=2.8339 val_acc=0.500
      ep16 train_loss=0.6631 train_acc=0.955 | val_loss=2.7958 val_acc=0.500
      ep17 train_loss=0.6425 train_acc=0.959 | val_loss=2.3612 val_acc=0.500
      ep18 train_loss=0.6070 train_acc=0.984 | val_loss=2.6252 val_acc=0.500
      ep19 train_loss=0.6142 train_acc=0.971 | val_loss=2.3754 val_acc=0.500
      ep20 train_loss=0.6189 train_acc=0.963 | val_loss=2.3432 val_acc=0.500
      ep21 train_loss=0.6005 train_acc=0.980 | val_loss=2.7786 val_acc=0.500
      ep22 train_loss=0.6312 train_acc=0.975 | val_loss=2.4231 val_acc=0.500
      ep23 train_loss=0.6147 train_acc=0.967 | val_loss=2.3720 val_acc=0.500
      ep24 train_loss=0.6008 train_acc=0.984 | val_loss=2.6802 val_acc=0.500
    fold acc=0.500 time=341.4s | running pooled acc=0.653

--- Fold 22/26 | test sub22 (2 test, 244 train) ---
      ep00 train_loss=1.7246 train_acc=0.303 | val_loss=0.4619 val_acc=1.000
      ep01 train_loss=1.2957 train_acc=0.533 | val_loss=0.0972 val_acc=1.000
      ep02 train_loss=1.1725 train_acc=0.598 | val_loss=0.3089 val_acc=1.000
      ep03 train_loss=1.0464 train_acc=0.693 | val_loss=0.0188 val_acc=1.000
      ep04 train_loss=0.9478 train_acc=0.746 | val_loss=0.0037 val_acc=1.000
      ep05 train_loss=0.9478 train_acc=0.742 | val_loss=0.1784 val_acc=1.000
      ep06 train_loss=0.8906 train_acc=0.799 | val_loss=0.0801 val_acc=1.000
      ep07 train_loss=0.8115 train_acc=0.844 | val_loss=0.0038 val_acc=1.000
      ep08 train_loss=0.7498 train_acc=0.877 | val_loss=0.0005 val_acc=1.000
      ep09 train_loss=0.7658 train_acc=0.861 | val_loss=0.0019 val_acc=1.000
      ep10 train_loss=0.7217 train_acc=0.922 | val_loss=0.0211 val_acc=1.000
      ep11 train_loss=0.6855 train_acc=0.926 | val_loss=0.0306 val_acc=1.000
      ep12 train_loss=0.7231 train_acc=0.910 | val_loss=0.0540 val_acc=1.000
      ep13 train_loss=0.7123 train_acc=0.934 | val_loss=0.0651 val_acc=1.000
      ep14 train_loss=0.6864 train_acc=0.930 | val_loss=0.0116 val_acc=1.000
      ep15 train_loss=0.7037 train_acc=0.930 | val_loss=0.0070 val_acc=1.000
      ep16 train_loss=0.7021 train_acc=0.943 | val_loss=0.0149 val_acc=1.000
      ep17 train_loss=0.6580 train_acc=0.943 | val_loss=0.0046 val_acc=1.000
      ep18 train_loss=0.6195 train_acc=0.967 | val_loss=0.0096 val_acc=1.000
      ep19 train_loss=0.6417 train_acc=0.959 | val_loss=0.0051 val_acc=1.000
      ep20 train_loss=0.6314 train_acc=0.971 | val_loss=0.0074 val_acc=1.000
      ep21 train_loss=0.6131 train_acc=0.963 | val_loss=0.0108 val_acc=1.000
      ep22 train_loss=0.6444 train_acc=0.967 | val_loss=0.0037 val_acc=1.000
      ep23 train_loss=0.6196 train_acc=0.967 | val_loss=0.0033 val_acc=1.000
      ep24 train_loss=0.6060 train_acc=0.975 | val_loss=0.0065 val_acc=1.000
    fold acc=1.000 time=353.3s | running pooled acc=0.657

--- Fold 23/26 | test sub23 (12 test, 234 train) ---
      ep00 train_loss=1.6730 train_acc=0.329 | val_loss=1.4030 val_acc=0.417
      ep01 train_loss=1.3023 train_acc=0.474 | val_loss=0.9044 val_acc=0.833
      ep02 train_loss=1.1867 train_acc=0.585 | val_loss=0.8000 val_acc=0.667
      ep03 train_loss=1.0018 train_acc=0.748 | val_loss=0.8024 val_acc=0.667
      ep04 train_loss=0.9679 train_acc=0.739 | val_loss=0.6583 val_acc=0.667
      ep05 train_loss=0.9459 train_acc=0.752 | val_loss=0.3487 val_acc=1.000
      ep06 train_loss=0.8398 train_acc=0.786 | val_loss=0.7005 val_acc=0.667
      ep07 train_loss=0.8067 train_acc=0.859 | val_loss=0.6631 val_acc=0.667
      ep08 train_loss=0.8300 train_acc=0.859 | val_loss=0.5118 val_acc=0.750
      ep09 train_loss=0.7705 train_acc=0.855 | val_loss=0.3292 val_acc=0.833
      ep10 train_loss=0.7227 train_acc=0.915 | val_loss=0.3939 val_acc=0.833
      ep11 train_loss=0.7039 train_acc=0.932 | val_loss=0.4728 val_acc=0.750
      ep12 train_loss=0.6564 train_acc=0.927 | val_loss=0.3968 val_acc=0.917
      ep13 train_loss=0.6797 train_acc=0.940 | val_loss=0.5111 val_acc=0.750
      ep14 train_loss=0.6371 train_acc=0.957 | val_loss=0.4031 val_acc=0.917
      ep15 train_loss=0.6434 train_acc=0.953 | val_loss=0.3896 val_acc=0.833
      ep16 train_loss=0.6267 train_acc=0.966 | val_loss=0.4628 val_acc=0.750
      ep17 train_loss=0.6217 train_acc=0.962 | val_loss=0.3235 val_acc=0.917
      ep18 train_loss=0.6390 train_acc=0.949 | val_loss=0.2768 val_acc=0.917
      ep19 train_loss=0.6485 train_acc=0.974 | val_loss=0.3423 val_acc=0.917
      ep20 train_loss=0.6207 train_acc=0.974 | val_loss=0.3676 val_acc=0.917
      ep21 train_loss=0.6278 train_acc=0.974 | val_loss=0.3687 val_acc=0.917
      ep22 train_loss=0.6147 train_acc=0.983 | val_loss=0.3494 val_acc=0.917
      ep23 train_loss=0.6238 train_acc=0.979 | val_loss=0.3471 val_acc=0.917
      ep24 train_loss=0.5965 train_acc=0.991 | val_loss=0.3903 val_acc=0.917
    fold acc=0.917 time=425.8s | running pooled acc=0.671

--- Fold 24/26 | test sub24 (7 test, 239 train) ---
      ep00 train_loss=1.7036 train_acc=0.343 | val_loss=1.3483 val_acc=0.429
      ep01 train_loss=1.2426 train_acc=0.561 | val_loss=1.2191 val_acc=0.571
      ep02 train_loss=1.1129 train_acc=0.649 | val_loss=0.7837 val_acc=0.571
      ep03 train_loss=1.0541 train_acc=0.682 | val_loss=1.0459 val_acc=0.571
      ep04 train_loss=0.9780 train_acc=0.745 | val_loss=1.0655 val_acc=0.571
      ep05 train_loss=0.8428 train_acc=0.774 | val_loss=1.0502 val_acc=0.714
      ep06 train_loss=0.8041 train_acc=0.870 | val_loss=0.9130 val_acc=0.429
      ep07 train_loss=0.7848 train_acc=0.862 | val_loss=0.9576 val_acc=0.429
      ep08 train_loss=0.7678 train_acc=0.862 | val_loss=1.0702 val_acc=0.429
      ep09 train_loss=0.6884 train_acc=0.921 | val_loss=0.9341 val_acc=0.571
      ep10 train_loss=0.6791 train_acc=0.921 | val_loss=1.0261 val_acc=0.571
      ep11 train_loss=0.6789 train_acc=0.929 | val_loss=0.8049 val_acc=0.714
      ep12 train_loss=0.6659 train_acc=0.937 | val_loss=0.9813 val_acc=0.571
      ep13 train_loss=0.6361 train_acc=0.950 | val_loss=0.8060 val_acc=0.714
      ep14 train_loss=0.6175 train_acc=0.971 | val_loss=0.8478 val_acc=0.714
      ep15 train_loss=0.6947 train_acc=0.937 | val_loss=0.9776 val_acc=0.429
      ep16 train_loss=0.5987 train_acc=0.979 | val_loss=0.9530 val_acc=0.571
      ep17 train_loss=0.6628 train_acc=0.946 | val_loss=0.9447 val_acc=0.571
      ep18 train_loss=0.6012 train_acc=0.979 | val_loss=1.0751 val_acc=0.571
      ep19 train_loss=0.6234 train_acc=0.962 | val_loss=0.9425 val_acc=0.571
      ep20 train_loss=0.5921 train_acc=0.987 | val_loss=0.9504 val_acc=0.571
      ep21 train_loss=0.6069 train_acc=0.975 | val_loss=1.0042 val_acc=0.571
      ep22 train_loss=0.6424 train_acc=0.962 | val_loss=0.9756 val_acc=0.571
      ep23 train_loss=0.5887 train_acc=0.992 | val_loss=0.9738 val_acc=0.571
      ep24 train_loss=0.6220 train_acc=0.950 | val_loss=1.0254 val_acc=0.571
    fold acc=0.571 time=425.4s | running pooled acc=0.668

--- Fold 25/26 | test sub25 (7 test, 239 train) ---
      ep00 train_loss=1.6961 train_acc=0.335 | val_loss=1.1299 val_acc=0.571
      ep01 train_loss=1.2212 train_acc=0.527 | val_loss=1.3746 val_acc=0.286
      ep02 train_loss=1.1298 train_acc=0.640 | val_loss=1.4481 val_acc=0.286
      ep03 train_loss=1.0784 train_acc=0.669 | val_loss=1.4549 val_acc=0.286
      ep04 train_loss=0.9756 train_acc=0.766 | val_loss=1.3088 val_acc=0.429
      ep05 train_loss=0.8771 train_acc=0.770 | val_loss=1.5323 val_acc=0.429
      ep06 train_loss=0.8457 train_acc=0.845 | val_loss=1.1490 val_acc=0.571
      ep07 train_loss=0.8164 train_acc=0.854 | val_loss=1.5996 val_acc=0.429
      ep08 train_loss=0.8760 train_acc=0.782 | val_loss=1.2922 val_acc=0.429
      ep09 train_loss=0.7731 train_acc=0.879 | val_loss=0.5801 val_acc=0.714
      ep10 train_loss=0.6905 train_acc=0.912 | val_loss=0.9704 val_acc=0.571
      ep11 train_loss=0.7055 train_acc=0.908 | val_loss=0.9830 val_acc=0.571
      ep12 train_loss=0.7039 train_acc=0.925 | val_loss=1.0912 val_acc=0.571
      ep13 train_loss=0.6379 train_acc=0.962 | val_loss=0.5985 val_acc=0.714
      ep14 train_loss=0.6166 train_acc=0.971 | val_loss=0.8974 val_acc=0.571
      ep15 train_loss=0.6884 train_acc=0.941 | val_loss=0.8287 val_acc=0.571
      ep16 train_loss=0.6142 train_acc=0.979 | val_loss=0.9885 val_acc=0.429
      ep17 train_loss=0.6427 train_acc=0.979 | val_loss=0.7192 val_acc=0.714
      ep18 train_loss=0.6229 train_acc=0.975 | val_loss=0.7000 val_acc=0.571
      ep19 train_loss=0.6214 train_acc=0.962 | val_loss=0.7987 val_acc=0.571
      ep20 train_loss=0.6088 train_acc=0.975 | val_loss=0.6636 val_acc=0.714
      ep21 train_loss=0.6194 train_acc=0.954 | val_loss=0.7883 val_acc=0.571
      ep22 train_loss=0.6483 train_acc=0.958 | val_loss=0.8245 val_acc=0.571
      ep23 train_loss=0.6037 train_acc=0.975 | val_loss=0.7913 val_acc=0.571
      ep24 train_loss=0.6325 train_acc=0.967 | val_loss=0.8570 val_acc=0.571
    fold acc=0.571 time=402.5s | running pooled acc=0.665

--- Fold 26/26 | test sub26 (16 test, 230 train) ---
      ep00 train_loss=1.7131 train_acc=0.309 | val_loss=1.2494 val_acc=0.312
      ep01 train_loss=1.2416 train_acc=0.561 | val_loss=1.0357 val_acc=0.625
      ep02 train_loss=1.0730 train_acc=0.678 | val_loss=1.0780 val_acc=0.438
      ep03 train_loss=0.9947 train_acc=0.752 | val_loss=1.2065 val_acc=0.375
      ep04 train_loss=0.9341 train_acc=0.765 | val_loss=1.6452 val_acc=0.375
      ep05 train_loss=0.8831 train_acc=0.826 | val_loss=1.3478 val_acc=0.375
      ep06 train_loss=0.8330 train_acc=0.813 | val_loss=1.6975 val_acc=0.312
      ep07 train_loss=0.7999 train_acc=0.809 | val_loss=1.5478 val_acc=0.375
      ep08 train_loss=0.8601 train_acc=0.800 | val_loss=1.3253 val_acc=0.688
      ep09 train_loss=0.7695 train_acc=0.870 | val_loss=1.4841 val_acc=0.375
      ep10 train_loss=0.6886 train_acc=0.922 | val_loss=1.4605 val_acc=0.438
      ep11 train_loss=0.6705 train_acc=0.952 | val_loss=1.2463 val_acc=0.562
      ep12 train_loss=0.6820 train_acc=0.909 | val_loss=1.5081 val_acc=0.438
      ep13 train_loss=0.6499 train_acc=0.957 | val_loss=1.3812 val_acc=0.375
      ep14 train_loss=0.6435 train_acc=0.957 | val_loss=1.3289 val_acc=0.500
      ep15 train_loss=0.6483 train_acc=0.935 | val_loss=1.2925 val_acc=0.438
      ep16 train_loss=0.6264 train_acc=0.965 | val_loss=1.4234 val_acc=0.375
      ep17 train_loss=0.6373 train_acc=0.952 | val_loss=1.4487 val_acc=0.375
      ep18 train_loss=0.6268 train_acc=0.961 | val_loss=1.5508 val_acc=0.312
      ep19 train_loss=0.6327 train_acc=0.961 | val_loss=1.5624 val_acc=0.375
      ep20 train_loss=0.6455 train_acc=0.957 | val_loss=1.1871 val_acc=0.438
      ep21 train_loss=0.6011 train_acc=0.974 | val_loss=1.4037 val_acc=0.375
      ep22 train_loss=0.5938 train_acc=0.983 | val_loss=1.4336 val_acc=0.312
      ep23 train_loss=0.6113 train_acc=0.983 | val_loss=1.5619 val_acc=0.375
      ep24 train_loss=0.6156 train_acc=0.970 | val_loss=1.5110 val_acc=0.312
    fold acc=0.375 time=402.6s | running pooled acc=0.646

=== FINAL (pooled LOSO) ===
UF1 = 0.6737
UAR = 0.6736
ACC = 0.6463
per-class F1: happiness=0.646, disgust=0.586, repression=0.588, surprise=0.923, others=0.625
per-class recall: happiness=0.656, disgust=0.540, repression=0.556, surprise=0.960, others=0.657
confusion matrix (rows=true):
        happin disgus repres surpri others
happine     21      0      1      2      8
disgust      2     34      1      0     26
repress      3      0     15      0      9
surpris      0      0      0     24      1
 others      7     19      7      1     65

saved to D:\AI-Projects\casmeII-new-from-sequence-model\experiments\iter_13_4ch
elapsed 9348.1s
