=== EXPERIMENT iter_03 ===
time: 2026-07-13T20:58:11.356854
device: cuda (NVIDIA GeForce RTX 3060)
platform: Windows-10-10.0.26200-SP0 | torch 2.6.0+cu124
config:
{
  "seed": 42,
  "T": 16,
  "img_size": 112,
  "base_size": 128,
  "input_mode": "rgb",
  "backbone": "r2plus1d_18",
  "pretrained": true,
  "dropout": 0.5,
  "epochs": 25,
  "lr": 0.0001,
  "weight_decay": 0.001,
  "batch_size": 8,
  "class_weighting": true,
  "label_smoothing": 0.1,
  "hflip": true,
  "color_jitter": 0.0,
  "temporal_jitter": true,
  "amp": true,
  "eval_last_k": 3,
  "tta": 1,
  "cache_dir": "cache/flow128",
  "index": "cache/index_emotion.csv",
  "class_names": [
    "happiness",
    "disgust",
    "repression",
    "surprise",
    "others"
  ],
  "name": "iter_03_flow_r2plus1d",
  "modality": "flow",
  "flow_clip": 3.0
}
samples: 246 | classes: 5 ['happiness', 'disgust', 'repression', 'surprise', 'others']
loading arrays into RAM...
loaded 246 arrays

--- Fold 1/26 | test sub01 (9 test, 237 train) ---
      ep00 train_loss=1.6363 train_acc=0.350 | val_loss=1.6583 val_acc=0.222
      ep01 train_loss=1.2278 train_acc=0.523 | val_loss=0.9184 val_acc=0.667
      ep02 train_loss=1.0985 train_acc=0.624 | val_loss=0.7319 val_acc=0.778
      ep03 train_loss=1.0301 train_acc=0.679 | val_loss=1.2440 val_acc=0.556
      ep04 train_loss=1.0057 train_acc=0.696 | val_loss=0.8209 val_acc=0.556
      ep05 train_loss=0.8455 train_acc=0.772 | val_loss=1.2737 val_acc=0.556
      ep06 train_loss=0.8489 train_acc=0.802 | val_loss=0.4059 val_acc=0.889
      ep07 train_loss=0.8334 train_acc=0.781 | val_loss=0.6638 val_acc=0.556
      ep08 train_loss=0.8103 train_acc=0.831 | val_loss=0.9111 val_acc=0.667
      ep09 train_loss=0.7378 train_acc=0.882 | val_loss=0.8082 val_acc=0.556
      ep10 train_loss=0.7519 train_acc=0.899 | val_loss=0.7171 val_acc=0.667
      ep11 train_loss=0.6882 train_acc=0.903 | val_loss=0.7289 val_acc=0.667
      ep12 train_loss=0.6459 train_acc=0.932 | val_loss=0.5160 val_acc=1.000
      ep13 train_loss=0.7427 train_acc=0.899 | val_loss=1.1238 val_acc=0.556
      ep14 train_loss=0.6339 train_acc=0.941 | val_loss=0.9484 val_acc=0.667
      ep15 train_loss=0.6473 train_acc=0.937 | val_loss=0.9678 val_acc=0.778
      ep16 train_loss=0.6343 train_acc=0.945 | val_loss=0.6029 val_acc=0.889
      ep17 train_loss=0.6451 train_acc=0.937 | val_loss=0.6915 val_acc=0.778
      ep18 train_loss=0.6123 train_acc=0.958 | val_loss=0.8566 val_acc=0.667
      ep19 train_loss=0.6321 train_acc=0.954 | val_loss=0.6468 val_acc=0.667
      ep20 train_loss=0.5893 train_acc=0.966 | val_loss=0.5039 val_acc=0.889
      ep21 train_loss=0.6185 train_acc=0.958 | val_loss=0.6388 val_acc=0.667
      ep22 train_loss=0.5870 train_acc=0.983 | val_loss=0.5975 val_acc=0.667
      ep23 train_loss=0.5961 train_acc=0.979 | val_loss=0.5611 val_acc=0.667
      ep24 train_loss=0.6066 train_acc=0.966 | val_loss=0.6341 val_acc=0.667
    fold acc=0.667 time=217.3s | running pooled acc=0.667

--- Fold 2/26 | test sub02 (13 test, 233 train) ---
      ep00 train_loss=1.7463 train_acc=0.348 | val_loss=1.3456 val_acc=0.615
      ep01 train_loss=1.2595 train_acc=0.519 | val_loss=1.5182 val_acc=0.538
      ep02 train_loss=1.1119 train_acc=0.622 | val_loss=1.8168 val_acc=0.385
      ep03 train_loss=1.0582 train_acc=0.657 | val_loss=1.8788 val_acc=0.385
      ep04 train_loss=0.9998 train_acc=0.721 | val_loss=2.0645 val_acc=0.385
      ep05 train_loss=0.8896 train_acc=0.781 | val_loss=1.6189 val_acc=0.462
      ep06 train_loss=0.8205 train_acc=0.845 | val_loss=1.8724 val_acc=0.385
      ep07 train_loss=0.8196 train_acc=0.824 | val_loss=2.0099 val_acc=0.385
      ep08 train_loss=0.7777 train_acc=0.837 | val_loss=2.6564 val_acc=0.231
      ep09 train_loss=0.8284 train_acc=0.850 | val_loss=1.6014 val_acc=0.462
      ep10 train_loss=0.7398 train_acc=0.893 | val_loss=1.4292 val_acc=0.615
      ep11 train_loss=0.7278 train_acc=0.880 | val_loss=1.6384 val_acc=0.462
      ep12 train_loss=0.7505 train_acc=0.893 | val_loss=1.6945 val_acc=0.462
      ep13 train_loss=0.6709 train_acc=0.940 | val_loss=1.6320 val_acc=0.462
      ep14 train_loss=0.6917 train_acc=0.923 | val_loss=1.6512 val_acc=0.615
      ep15 train_loss=0.6654 train_acc=0.953 | val_loss=1.5356 val_acc=0.615
      ep16 train_loss=0.6766 train_acc=0.940 | val_loss=1.4232 val_acc=0.538
      ep17 train_loss=0.6869 train_acc=0.957 | val_loss=1.2387 val_acc=0.538
      ep18 train_loss=0.6260 train_acc=0.974 | val_loss=1.2577 val_acc=0.615
      ep19 train_loss=0.7015 train_acc=0.927 | val_loss=1.2731 val_acc=0.538
      ep20 train_loss=0.6406 train_acc=0.966 | val_loss=1.1937 val_acc=0.538
      ep21 train_loss=0.6695 train_acc=0.957 | val_loss=1.2548 val_acc=0.538
      ep22 train_loss=0.6232 train_acc=0.966 | val_loss=1.2333 val_acc=0.538
      ep23 train_loss=0.6485 train_acc=0.957 | val_loss=1.3832 val_acc=0.538
      ep24 train_loss=0.6276 train_acc=0.983 | val_loss=1.1955 val_acc=0.615
    fold acc=0.538 time=211.4s | running pooled acc=0.591

--- Fold 3/26 | test sub03 (7 test, 239 train) ---
      ep00 train_loss=1.6960 train_acc=0.339 | val_loss=1.2168 val_acc=0.571
      ep01 train_loss=1.2387 train_acc=0.477 | val_loss=1.4649 val_acc=0.286
      ep02 train_loss=1.0630 train_acc=0.644 | val_loss=1.3223 val_acc=0.429
      ep03 train_loss=1.0326 train_acc=0.636 | val_loss=1.0093 val_acc=0.429
      ep04 train_loss=0.9813 train_acc=0.703 | val_loss=1.1628 val_acc=0.571
      ep05 train_loss=0.8519 train_acc=0.757 | val_loss=1.0709 val_acc=0.571
      ep06 train_loss=0.8920 train_acc=0.795 | val_loss=1.3498 val_acc=0.429
      ep07 train_loss=0.7842 train_acc=0.833 | val_loss=0.8251 val_acc=0.571
      ep08 train_loss=0.7489 train_acc=0.883 | val_loss=1.0355 val_acc=0.571
      ep09 train_loss=0.6874 train_acc=0.900 | val_loss=0.8071 val_acc=0.571
      ep10 train_loss=0.7111 train_acc=0.916 | val_loss=0.8394 val_acc=0.714
      ep11 train_loss=0.6645 train_acc=0.937 | val_loss=0.8485 val_acc=0.429
      ep12 train_loss=0.6890 train_acc=0.921 | val_loss=0.8001 val_acc=0.714
      ep13 train_loss=0.6437 train_acc=0.946 | val_loss=0.8239 val_acc=0.714
      ep14 train_loss=0.6306 train_acc=0.967 | val_loss=0.8898 val_acc=0.714
      ep15 train_loss=0.6331 train_acc=0.950 | val_loss=0.7713 val_acc=0.857
      ep16 train_loss=0.6262 train_acc=0.950 | val_loss=0.7813 val_acc=0.714
      ep17 train_loss=0.6585 train_acc=0.950 | val_loss=0.9110 val_acc=0.714
      ep18 train_loss=0.5970 train_acc=0.967 | val_loss=0.8074 val_acc=0.714
      ep19 train_loss=0.6518 train_acc=0.958 | val_loss=0.8405 val_acc=0.714
      ep20 train_loss=0.6050 train_acc=0.971 | val_loss=0.8262 val_acc=0.714
      ep21 train_loss=0.6231 train_acc=0.954 | val_loss=0.8699 val_acc=0.714
      ep22 train_loss=0.6316 train_acc=0.950 | val_loss=0.7742 val_acc=0.714
      ep23 train_loss=0.6246 train_acc=0.971 | val_loss=0.8754 val_acc=0.571
      ep24 train_loss=0.6201 train_acc=0.950 | val_loss=0.8002 val_acc=0.714
    fold acc=0.714 time=213.7s | running pooled acc=0.621

--- Fold 4/26 | test sub04 (5 test, 241 train) ---
      ep00 train_loss=1.6507 train_acc=0.357 | val_loss=1.0504 val_acc=0.600
      ep01 train_loss=1.2984 train_acc=0.539 | val_loss=0.7414 val_acc=0.800
      ep02 train_loss=1.0909 train_acc=0.627 | val_loss=0.9478 val_acc=0.600
      ep03 train_loss=1.0454 train_acc=0.651 | val_loss=0.5789 val_acc=0.800
      ep04 train_loss=0.9700 train_acc=0.697 | val_loss=0.4634 val_acc=0.800
      ep05 train_loss=0.9214 train_acc=0.784 | val_loss=0.6044 val_acc=0.800
      ep06 train_loss=0.8214 train_acc=0.822 | val_loss=0.6084 val_acc=0.800
      ep07 train_loss=0.8733 train_acc=0.776 | val_loss=0.4038 val_acc=1.000
      ep08 train_loss=0.8619 train_acc=0.822 | val_loss=0.3274 val_acc=1.000
      ep09 train_loss=0.7308 train_acc=0.871 | val_loss=0.2666 val_acc=1.000
      ep10 train_loss=0.6893 train_acc=0.880 | val_loss=0.4643 val_acc=1.000
      ep11 train_loss=0.7389 train_acc=0.884 | val_loss=0.2454 val_acc=1.000
      ep12 train_loss=0.6755 train_acc=0.888 | val_loss=0.4219 val_acc=0.800
      ep13 train_loss=0.6373 train_acc=0.942 | val_loss=0.3563 val_acc=1.000
      ep14 train_loss=0.6382 train_acc=0.954 | val_loss=0.2801 val_acc=1.000
      ep15 train_loss=0.6489 train_acc=0.946 | val_loss=0.2944 val_acc=1.000
      ep16 train_loss=0.6397 train_acc=0.950 | val_loss=0.2964 val_acc=1.000
      ep17 train_loss=0.6460 train_acc=0.938 | val_loss=0.3351 val_acc=1.000
      ep18 train_loss=0.6063 train_acc=0.975 | val_loss=0.2900 val_acc=1.000
      ep19 train_loss=0.6178 train_acc=0.967 | val_loss=0.4574 val_acc=0.800
      ep20 train_loss=0.6161 train_acc=0.946 | val_loss=0.3318 val_acc=1.000
      ep21 train_loss=0.6278 train_acc=0.967 | val_loss=0.2849 val_acc=1.000
      ep22 train_loss=0.6063 train_acc=0.971 | val_loss=0.3526 val_acc=1.000
      ep23 train_loss=0.6034 train_acc=0.963 | val_loss=0.3930 val_acc=0.800
      ep24 train_loss=0.6040 train_acc=0.983 | val_loss=0.3672 val_acc=1.000
    fold acc=1.000 time=216.2s | running pooled acc=0.676

--- Fold 5/26 | test sub05 (19 test, 227 train) ---
      ep00 train_loss=1.7959 train_acc=0.322 | val_loss=1.7119 val_acc=0.158
      ep01 train_loss=1.2931 train_acc=0.507 | val_loss=1.4102 val_acc=0.421
      ep02 train_loss=1.0917 train_acc=0.604 | val_loss=1.6968 val_acc=0.474
      ep03 train_loss=1.1405 train_acc=0.652 | val_loss=1.4598 val_acc=0.474
      ep04 train_loss=1.0353 train_acc=0.652 | val_loss=1.5635 val_acc=0.368
      ep05 train_loss=0.9600 train_acc=0.740 | val_loss=1.4024 val_acc=0.474
      ep06 train_loss=0.8805 train_acc=0.758 | val_loss=2.0109 val_acc=0.368
      ep07 train_loss=0.8991 train_acc=0.824 | val_loss=1.2102 val_acc=0.526
      ep08 train_loss=0.7680 train_acc=0.833 | val_loss=2.1583 val_acc=0.474
      ep09 train_loss=0.7542 train_acc=0.872 | val_loss=1.7722 val_acc=0.474
      ep10 train_loss=0.7206 train_acc=0.907 | val_loss=1.5894 val_acc=0.421
      ep11 train_loss=0.6796 train_acc=0.925 | val_loss=1.5927 val_acc=0.421
      ep12 train_loss=0.6954 train_acc=0.916 | val_loss=2.0110 val_acc=0.421
      ep13 train_loss=0.6422 train_acc=0.947 | val_loss=2.1153 val_acc=0.368
      ep14 train_loss=0.6636 train_acc=0.934 | val_loss=2.1658 val_acc=0.368
      ep15 train_loss=0.6732 train_acc=0.938 | val_loss=2.1638 val_acc=0.421
      ep16 train_loss=0.6307 train_acc=0.969 | val_loss=1.9063 val_acc=0.474
      ep17 train_loss=0.6341 train_acc=0.974 | val_loss=1.7872 val_acc=0.421
      ep18 train_loss=0.6111 train_acc=0.991 | val_loss=1.9457 val_acc=0.421
      ep19 train_loss=0.6512 train_acc=0.952 | val_loss=1.9944 val_acc=0.421
      ep20 train_loss=0.6232 train_acc=0.974 | val_loss=2.0193 val_acc=0.421
      ep21 train_loss=0.6268 train_acc=0.974 | val_loss=2.0421 val_acc=0.421
      ep22 train_loss=0.6579 train_acc=0.960 | val_loss=2.0242 val_acc=0.421
      ep23 train_loss=0.6207 train_acc=0.947 | val_loss=1.9294 val_acc=0.421
      ep24 train_loss=0.5959 train_acc=0.987 | val_loss=1.9882 val_acc=0.421
    fold acc=0.421 time=209.2s | running pooled acc=0.585

--- Fold 6/26 | test sub06 (5 test, 241 train) ---
      ep00 train_loss=1.7100 train_acc=0.349 | val_loss=1.4113 val_acc=0.400
      ep01 train_loss=1.3208 train_acc=0.539 | val_loss=0.9756 val_acc=0.800
      ep02 train_loss=1.1208 train_acc=0.598 | val_loss=0.7695 val_acc=0.800
      ep03 train_loss=1.0353 train_acc=0.672 | val_loss=0.8001 val_acc=0.800
      ep04 train_loss=0.9447 train_acc=0.722 | val_loss=1.0087 val_acc=0.800
      ep05 train_loss=0.9402 train_acc=0.730 | val_loss=0.5197 val_acc=0.800
      ep06 train_loss=0.8236 train_acc=0.822 | val_loss=1.1998 val_acc=0.800
      ep07 train_loss=0.8751 train_acc=0.780 | val_loss=1.1889 val_acc=0.800
      ep08 train_loss=0.8686 train_acc=0.797 | val_loss=1.0443 val_acc=0.600
      ep09 train_loss=0.7425 train_acc=0.871 | val_loss=0.7320 val_acc=0.800
      ep10 train_loss=0.7333 train_acc=0.896 | val_loss=1.0174 val_acc=0.800
      ep11 train_loss=0.7111 train_acc=0.892 | val_loss=1.1629 val_acc=0.800
      ep12 train_loss=0.6960 train_acc=0.896 | val_loss=0.9479 val_acc=0.800
      ep13 train_loss=0.6729 train_acc=0.946 | val_loss=0.8460 val_acc=0.600
      ep14 train_loss=0.6450 train_acc=0.950 | val_loss=1.0668 val_acc=0.800
      ep15 train_loss=0.6478 train_acc=0.959 | val_loss=0.8086 val_acc=0.800
      ep16 train_loss=0.6459 train_acc=0.950 | val_loss=0.9431 val_acc=0.800
      ep17 train_loss=0.6516 train_acc=0.971 | val_loss=0.8004 val_acc=0.600
      ep18 train_loss=0.6221 train_acc=0.971 | val_loss=0.8500 val_acc=0.600
      ep19 train_loss=0.6253 train_acc=0.971 | val_loss=0.8755 val_acc=0.800
      ep20 train_loss=0.6358 train_acc=0.963 | val_loss=0.9717 val_acc=0.800
      ep21 train_loss=0.6568 train_acc=0.954 | val_loss=1.0181 val_acc=0.800
      ep22 train_loss=0.6342 train_acc=0.963 | val_loss=0.9969 val_acc=0.800
      ep23 train_loss=0.6093 train_acc=0.967 | val_loss=0.8312 val_acc=0.800
      ep24 train_loss=0.6255 train_acc=0.971 | val_loss=0.8943 val_acc=0.800
    fold acc=0.800 time=214.9s | running pooled acc=0.603

--- Fold 7/26 | test sub07 (9 test, 237 train) ---
      ep00 train_loss=1.6476 train_acc=0.350 | val_loss=1.0131 val_acc=0.444
      ep01 train_loss=1.2064 train_acc=0.519 | val_loss=1.1096 val_acc=0.333
      ep02 train_loss=1.0683 train_acc=0.650 | val_loss=1.2572 val_acc=0.444
      ep03 train_loss=1.0144 train_acc=0.646 | val_loss=1.2639 val_acc=0.222
      ep04 train_loss=1.0024 train_acc=0.671 | val_loss=1.2857 val_acc=0.444
      ep05 train_loss=0.8309 train_acc=0.802 | val_loss=1.5742 val_acc=0.444
      ep06 train_loss=0.8405 train_acc=0.806 | val_loss=1.1469 val_acc=0.444
      ep07 train_loss=0.8353 train_acc=0.797 | val_loss=1.1800 val_acc=0.556
      ep08 train_loss=0.7581 train_acc=0.861 | val_loss=1.4263 val_acc=0.444
      ep09 train_loss=0.7327 train_acc=0.861 | val_loss=1.4854 val_acc=0.444
      ep10 train_loss=0.6940 train_acc=0.899 | val_loss=1.3533 val_acc=0.444
      ep11 train_loss=0.6955 train_acc=0.903 | val_loss=1.3442 val_acc=0.333
      ep12 train_loss=0.6651 train_acc=0.899 | val_loss=1.4203 val_acc=0.333
      ep13 train_loss=0.6834 train_acc=0.924 | val_loss=1.3050 val_acc=0.444
      ep14 train_loss=0.6246 train_acc=0.945 | val_loss=1.5711 val_acc=0.333
      ep15 train_loss=0.6453 train_acc=0.941 | val_loss=1.3807 val_acc=0.333
      ep16 train_loss=0.6438 train_acc=0.970 | val_loss=1.3696 val_acc=0.333
      ep17 train_loss=0.6425 train_acc=0.949 | val_loss=1.3199 val_acc=0.333
      ep18 train_loss=0.6212 train_acc=0.949 | val_loss=1.4169 val_acc=0.333
      ep19 train_loss=0.6094 train_acc=0.966 | val_loss=1.2959 val_acc=0.333
      ep20 train_loss=0.5907 train_acc=0.966 | val_loss=1.4299 val_acc=0.333
      ep21 train_loss=0.6198 train_acc=0.949 | val_loss=1.4053 val_acc=0.444
      ep22 train_loss=0.5777 train_acc=0.979 | val_loss=1.3607 val_acc=0.333
      ep23 train_loss=0.6087 train_acc=0.987 | val_loss=1.3491 val_acc=0.333
      ep24 train_loss=0.6011 train_acc=0.983 | val_loss=1.4191 val_acc=0.333
    fold acc=0.333 time=212.6s | running pooled acc=0.567

--- Fold 8/26 | test sub08 (3 test, 243 train) ---
      ep00 train_loss=1.6733 train_acc=0.325 | val_loss=1.3197 val_acc=0.333
      ep01 train_loss=1.2601 train_acc=0.506 | val_loss=1.4400 val_acc=0.333
      ep02 train_loss=1.1503 train_acc=0.588 | val_loss=1.4869 val_acc=0.333
      ep03 train_loss=1.1206 train_acc=0.650 | val_loss=0.9604 val_acc=0.667
      ep04 train_loss=0.9454 train_acc=0.753 | val_loss=1.3310 val_acc=0.667
      ep05 train_loss=0.9524 train_acc=0.774 | val_loss=0.7177 val_acc=0.667
      ep06 train_loss=0.8218 train_acc=0.819 | val_loss=1.4960 val_acc=0.333
      ep07 train_loss=0.8844 train_acc=0.782 | val_loss=0.9466 val_acc=0.333
      ep08 train_loss=0.7712 train_acc=0.877 | val_loss=1.2550 val_acc=0.667
      ep09 train_loss=0.7789 train_acc=0.864 | val_loss=1.6789 val_acc=0.667
      ep10 train_loss=0.7053 train_acc=0.885 | val_loss=1.7619 val_acc=0.667
      ep11 train_loss=0.7741 train_acc=0.877 | val_loss=1.6065 val_acc=0.667
      ep12 train_loss=0.7074 train_acc=0.901 | val_loss=1.6001 val_acc=0.667
      ep13 train_loss=0.6585 train_acc=0.938 | val_loss=1.3466 val_acc=0.667
      ep14 train_loss=0.6453 train_acc=0.938 | val_loss=1.9933 val_acc=0.667
      ep15 train_loss=0.6425 train_acc=0.942 | val_loss=1.9143 val_acc=0.667
      ep16 train_loss=0.6512 train_acc=0.942 | val_loss=1.5499 val_acc=0.667
      ep17 train_loss=0.6465 train_acc=0.963 | val_loss=1.8928 val_acc=0.667
      ep18 train_loss=0.6424 train_acc=0.971 | val_loss=1.2383 val_acc=0.667
      ep19 train_loss=0.6106 train_acc=0.967 | val_loss=1.7797 val_acc=0.667
      ep20 train_loss=0.6006 train_acc=0.979 | val_loss=1.5512 val_acc=0.667
      ep21 train_loss=0.5911 train_acc=0.979 | val_loss=1.3940 val_acc=0.667
      ep22 train_loss=0.6059 train_acc=0.963 | val_loss=1.5641 val_acc=0.667
      ep23 train_loss=0.5988 train_acc=0.984 | val_loss=1.5126 val_acc=0.667
      ep24 train_loss=0.6167 train_acc=0.955 | val_loss=1.4358 val_acc=0.667
    fold acc=0.667 time=216.0s | running pooled acc=0.571

--- Fold 9/26 | test sub09 (13 test, 233 train) ---
      ep00 train_loss=1.7483 train_acc=0.318 | val_loss=1.2716 val_acc=0.385
      ep01 train_loss=1.2710 train_acc=0.511 | val_loss=0.9088 val_acc=0.769
      ep02 train_loss=1.1617 train_acc=0.579 | val_loss=0.6499 val_acc=0.769
      ep03 train_loss=1.0109 train_acc=0.691 | val_loss=0.5539 val_acc=0.923
      ep04 train_loss=1.0200 train_acc=0.712 | val_loss=0.9292 val_acc=0.769
      ep05 train_loss=0.8901 train_acc=0.755 | val_loss=0.7847 val_acc=0.538
      ep06 train_loss=0.9207 train_acc=0.760 | val_loss=0.7106 val_acc=0.769
      ep07 train_loss=0.8726 train_acc=0.785 | val_loss=1.1996 val_acc=0.538
      ep08 train_loss=0.8248 train_acc=0.811 | val_loss=0.7419 val_acc=0.846
      ep09 train_loss=0.8523 train_acc=0.837 | val_loss=0.8449 val_acc=0.615
      ep10 train_loss=0.7793 train_acc=0.845 | val_loss=0.8101 val_acc=0.769
      ep11 train_loss=0.7105 train_acc=0.914 | val_loss=0.8830 val_acc=0.538
      ep12 train_loss=0.7340 train_acc=0.914 | val_loss=0.8121 val_acc=0.615
      ep13 train_loss=0.6767 train_acc=0.961 | val_loss=0.6922 val_acc=0.615
      ep14 train_loss=0.7095 train_acc=0.927 | val_loss=0.5715 val_acc=0.769
      ep15 train_loss=0.6793 train_acc=0.940 | val_loss=0.8569 val_acc=0.692
      ep16 train_loss=0.6977 train_acc=0.936 | val_loss=0.6886 val_acc=0.769
      ep17 train_loss=0.6422 train_acc=0.974 | val_loss=0.6838 val_acc=0.769
      ep18 train_loss=0.6589 train_acc=0.970 | val_loss=0.7182 val_acc=0.769
      ep19 train_loss=0.6445 train_acc=0.970 | val_loss=0.7674 val_acc=0.769
      ep20 train_loss=0.6862 train_acc=0.931 | val_loss=0.6459 val_acc=0.769
      ep21 train_loss=0.6623 train_acc=0.979 | val_loss=0.7056 val_acc=0.615
      ep22 train_loss=0.6331 train_acc=0.974 | val_loss=0.7140 val_acc=0.769
      ep23 train_loss=0.6751 train_acc=0.957 | val_loss=0.5632 val_acc=0.692
      ep24 train_loss=0.6287 train_acc=0.961 | val_loss=0.5903 val_acc=0.769
    fold acc=0.846 time=210.7s | running pooled acc=0.614

--- Fold 10/26 | test sub10 (13 test, 233 train) ---
      ep00 train_loss=1.7207 train_acc=0.335 | val_loss=1.2661 val_acc=0.154
      ep01 train_loss=1.2351 train_acc=0.515 | val_loss=1.0469 val_acc=0.692
      ep02 train_loss=1.0773 train_acc=0.605 | val_loss=1.1792 val_acc=0.615
      ep03 train_loss=0.9750 train_acc=0.682 | val_loss=0.3666 val_acc=0.923
      ep04 train_loss=0.9597 train_acc=0.721 | val_loss=1.0007 val_acc=0.692
      ep05 train_loss=0.8519 train_acc=0.768 | val_loss=0.5677 val_acc=0.769
      ep06 train_loss=0.9106 train_acc=0.742 | val_loss=0.7315 val_acc=0.769
      ep07 train_loss=0.8208 train_acc=0.815 | val_loss=0.6900 val_acc=0.769
      ep08 train_loss=0.7745 train_acc=0.820 | val_loss=0.3144 val_acc=0.846
      ep09 train_loss=0.8372 train_acc=0.833 | val_loss=0.5453 val_acc=0.846
      ep10 train_loss=0.7507 train_acc=0.863 | val_loss=0.4098 val_acc=0.846
      ep11 train_loss=0.6791 train_acc=0.914 | val_loss=0.5557 val_acc=0.846
      ep12 train_loss=0.7007 train_acc=0.888 | val_loss=0.7116 val_acc=0.692
      ep13 train_loss=0.6506 train_acc=0.948 | val_loss=0.3724 val_acc=0.846
      ep14 train_loss=0.6271 train_acc=0.944 | val_loss=0.5956 val_acc=0.846
      ep15 train_loss=0.6278 train_acc=0.931 | val_loss=0.3451 val_acc=0.923
      ep16 train_loss=0.6178 train_acc=0.957 | val_loss=0.4126 val_acc=0.846
      ep17 train_loss=0.6079 train_acc=0.979 | val_loss=0.4198 val_acc=0.846
      ep18 train_loss=0.6128 train_acc=0.957 | val_loss=0.4317 val_acc=0.923
      ep19 train_loss=0.6106 train_acc=0.961 | val_loss=0.3636 val_acc=0.846
      ep20 train_loss=0.6082 train_acc=0.961 | val_loss=0.5648 val_acc=0.846
      ep21 train_loss=0.5989 train_acc=0.974 | val_loss=0.5956 val_acc=0.846
      ep22 train_loss=0.5966 train_acc=0.974 | val_loss=0.5199 val_acc=0.846
      ep23 train_loss=0.6225 train_acc=0.970 | val_loss=0.5669 val_acc=0.846
      ep24 train_loss=0.6094 train_acc=0.961 | val_loss=0.4754 val_acc=0.846
    fold acc=0.846 time=210.8s | running pooled acc=0.646

--- Fold 11/26 | test sub11 (10 test, 236 train) ---
      ep00 train_loss=1.7264 train_acc=0.297 | val_loss=1.1992 val_acc=0.500
      ep01 train_loss=1.2636 train_acc=0.513 | val_loss=1.1382 val_acc=0.400
      ep02 train_loss=1.1138 train_acc=0.636 | val_loss=1.0287 val_acc=0.600
      ep03 train_loss=1.0125 train_acc=0.703 | val_loss=1.0124 val_acc=0.600
      ep04 train_loss=0.9111 train_acc=0.725 | val_loss=0.9342 val_acc=0.700
      ep05 train_loss=0.8629 train_acc=0.775 | val_loss=0.7127 val_acc=0.700
      ep06 train_loss=0.8877 train_acc=0.758 | val_loss=0.8804 val_acc=0.600
      ep07 train_loss=0.8408 train_acc=0.792 | val_loss=1.0182 val_acc=0.600
      ep08 train_loss=0.7510 train_acc=0.826 | val_loss=0.5896 val_acc=0.800
      ep09 train_loss=0.7381 train_acc=0.886 | val_loss=0.7418 val_acc=0.700
      ep10 train_loss=0.7527 train_acc=0.843 | val_loss=0.8934 val_acc=0.800
      ep11 train_loss=0.7158 train_acc=0.898 | val_loss=0.6287 val_acc=0.800
      ep12 train_loss=0.6366 train_acc=0.949 | val_loss=0.6293 val_acc=0.800
      ep13 train_loss=0.6787 train_acc=0.945 | val_loss=0.6345 val_acc=0.700
      ep14 train_loss=0.6625 train_acc=0.932 | val_loss=0.6662 val_acc=0.700
      ep15 train_loss=0.6180 train_acc=0.962 | val_loss=0.5265 val_acc=0.800
      ep16 train_loss=0.6476 train_acc=0.945 | val_loss=0.7449 val_acc=0.700
      ep17 train_loss=0.6614 train_acc=0.953 | val_loss=0.6510 val_acc=0.700
      ep18 train_loss=0.6459 train_acc=0.949 | val_loss=0.6530 val_acc=0.700
      ep19 train_loss=0.6290 train_acc=0.966 | val_loss=0.5916 val_acc=0.800
      ep20 train_loss=0.6152 train_acc=0.966 | val_loss=0.6525 val_acc=0.700
      ep21 train_loss=0.5815 train_acc=0.979 | val_loss=0.6134 val_acc=0.700
      ep22 train_loss=0.5910 train_acc=0.979 | val_loss=0.6652 val_acc=0.700
      ep23 train_loss=0.6186 train_acc=0.953 | val_loss=0.6481 val_acc=0.700
      ep24 train_loss=0.6320 train_acc=0.962 | val_loss=0.6380 val_acc=0.700
    fold acc=0.700 time=211.7s | running pooled acc=0.651

--- Fold 12/26 | test sub12 (12 test, 234 train) ---
      ep00 train_loss=1.7354 train_acc=0.286 | val_loss=1.1378 val_acc=0.667
      ep01 train_loss=1.3649 train_acc=0.444 | val_loss=0.7618 val_acc=0.833
      ep02 train_loss=1.0820 train_acc=0.611 | val_loss=0.7367 val_acc=0.750
      ep03 train_loss=1.0732 train_acc=0.658 | val_loss=0.6163 val_acc=0.667
      ep04 train_loss=1.0175 train_acc=0.684 | val_loss=0.6269 val_acc=0.667
      ep05 train_loss=0.9301 train_acc=0.735 | val_loss=0.4332 val_acc=0.833
      ep06 train_loss=0.8310 train_acc=0.795 | val_loss=0.5413 val_acc=0.750
      ep07 train_loss=0.8099 train_acc=0.825 | val_loss=0.6198 val_acc=0.833
      ep08 train_loss=0.8554 train_acc=0.799 | val_loss=0.6268 val_acc=0.750
      ep09 train_loss=0.7230 train_acc=0.880 | val_loss=0.3897 val_acc=0.750
      ep10 train_loss=0.7497 train_acc=0.897 | val_loss=0.5038 val_acc=0.750
      ep11 train_loss=0.7407 train_acc=0.889 | val_loss=0.4379 val_acc=0.750
      ep12 train_loss=0.7040 train_acc=0.923 | val_loss=0.4013 val_acc=0.750
      ep13 train_loss=0.6684 train_acc=0.962 | val_loss=0.4367 val_acc=0.917
      ep14 train_loss=0.6680 train_acc=0.936 | val_loss=0.4067 val_acc=0.833
      ep15 train_loss=0.6605 train_acc=0.949 | val_loss=0.2560 val_acc=0.917
      ep16 train_loss=0.6583 train_acc=0.953 | val_loss=0.3256 val_acc=0.917
      ep17 train_loss=0.6414 train_acc=0.957 | val_loss=0.3756 val_acc=0.917
      ep18 train_loss=0.6376 train_acc=0.953 | val_loss=0.4202 val_acc=0.917
      ep19 train_loss=0.6331 train_acc=0.957 | val_loss=0.4104 val_acc=0.917
      ep20 train_loss=0.6439 train_acc=0.949 | val_loss=0.2911 val_acc=0.917
      ep21 train_loss=0.6366 train_acc=0.953 | val_loss=0.3345 val_acc=0.917
      ep22 train_loss=0.6210 train_acc=0.962 | val_loss=0.3800 val_acc=0.917
      ep23 train_loss=0.6620 train_acc=0.923 | val_loss=0.3390 val_acc=0.917
      ep24 train_loss=0.6273 train_acc=0.966 | val_loss=0.3210 val_acc=0.917
    fold acc=0.917 time=211.3s | running pooled acc=0.678

--- Fold 13/26 | test sub13 (8 test, 238 train) ---
      ep00 train_loss=1.7172 train_acc=0.340 | val_loss=1.5633 val_acc=0.125
      ep01 train_loss=1.3426 train_acc=0.508 | val_loss=1.6602 val_acc=0.250
      ep02 train_loss=1.0876 train_acc=0.605 | val_loss=1.2481 val_acc=0.500
      ep03 train_loss=1.0157 train_acc=0.693 | val_loss=1.4062 val_acc=0.375
      ep04 train_loss=0.9225 train_acc=0.731 | val_loss=0.7597 val_acc=0.750
      ep05 train_loss=0.8939 train_acc=0.790 | val_loss=0.6228 val_acc=0.875
      ep06 train_loss=0.8014 train_acc=0.828 | val_loss=0.5787 val_acc=0.875
      ep07 train_loss=0.8315 train_acc=0.832 | val_loss=0.8310 val_acc=0.750
      ep08 train_loss=0.8350 train_acc=0.853 | val_loss=0.5931 val_acc=0.750
      ep09 train_loss=0.7470 train_acc=0.882 | val_loss=0.9278 val_acc=0.625
      ep10 train_loss=0.6901 train_acc=0.903 | val_loss=0.9675 val_acc=0.625
      ep11 train_loss=0.6770 train_acc=0.924 | val_loss=0.7518 val_acc=0.750
      ep12 train_loss=0.7023 train_acc=0.899 | val_loss=0.6174 val_acc=0.750
      ep13 train_loss=0.6449 train_acc=0.937 | val_loss=0.5535 val_acc=0.750
      ep14 train_loss=0.6662 train_acc=0.941 | val_loss=0.5640 val_acc=0.875
      ep15 train_loss=0.6017 train_acc=0.954 | val_loss=0.7461 val_acc=0.750
      ep16 train_loss=0.6171 train_acc=0.966 | val_loss=0.6940 val_acc=0.750
      ep17 train_loss=0.6107 train_acc=0.954 | val_loss=0.5679 val_acc=0.750
      ep18 train_loss=0.5906 train_acc=0.983 | val_loss=0.6041 val_acc=0.750
      ep19 train_loss=0.5926 train_acc=0.979 | val_loss=0.5512 val_acc=0.750
      ep20 train_loss=0.6204 train_acc=0.937 | val_loss=0.4913 val_acc=0.750
      ep21 train_loss=0.5980 train_acc=0.983 | val_loss=0.5426 val_acc=0.750
      ep22 train_loss=0.6070 train_acc=0.971 | val_loss=0.5148 val_acc=0.750
      ep23 train_loss=0.5810 train_acc=0.983 | val_loss=0.5452 val_acc=0.750
      ep24 train_loss=0.6793 train_acc=0.941 | val_loss=0.4841 val_acc=0.750
    fold acc=0.750 time=213.1s | running pooled acc=0.683

--- Fold 14/26 | test sub14 (4 test, 242 train) ---
      ep00 train_loss=1.7999 train_acc=0.302 | val_loss=1.7599 val_acc=0.000
      ep01 train_loss=1.3103 train_acc=0.504 | val_loss=1.6213 val_acc=0.250
      ep02 train_loss=1.0836 train_acc=0.636 | val_loss=1.1041 val_acc=0.500
      ep03 train_loss=1.0437 train_acc=0.686 | val_loss=1.3554 val_acc=0.500
      ep04 train_loss=0.9585 train_acc=0.748 | val_loss=0.9489 val_acc=0.500
      ep05 train_loss=0.9095 train_acc=0.727 | val_loss=1.3445 val_acc=0.500
      ep06 train_loss=0.7994 train_acc=0.818 | val_loss=1.6024 val_acc=0.250
      ep07 train_loss=0.8075 train_acc=0.839 | val_loss=1.1519 val_acc=0.500
      ep08 train_loss=0.7412 train_acc=0.888 | val_loss=1.7410 val_acc=0.500
      ep09 train_loss=0.7154 train_acc=0.917 | val_loss=0.6655 val_acc=0.500
      ep10 train_loss=0.7108 train_acc=0.893 | val_loss=1.4932 val_acc=0.500
      ep11 train_loss=0.6910 train_acc=0.934 | val_loss=1.4331 val_acc=0.500
      ep12 train_loss=0.7930 train_acc=0.843 | val_loss=1.4271 val_acc=0.500
      ep13 train_loss=0.6799 train_acc=0.934 | val_loss=1.6937 val_acc=0.500
      ep14 train_loss=0.6637 train_acc=0.909 | val_loss=1.1990 val_acc=0.500
      ep15 train_loss=0.6778 train_acc=0.942 | val_loss=1.2729 val_acc=0.500
      ep16 train_loss=0.6511 train_acc=0.950 | val_loss=1.3505 val_acc=0.500
      ep17 train_loss=0.7084 train_acc=0.934 | val_loss=1.4754 val_acc=0.500
      ep18 train_loss=0.6576 train_acc=0.938 | val_loss=1.4727 val_acc=0.500
      ep19 train_loss=0.6241 train_acc=0.955 | val_loss=1.5627 val_acc=0.500
      ep20 train_loss=0.6427 train_acc=0.950 | val_loss=1.3574 val_acc=0.500
      ep21 train_loss=0.6291 train_acc=0.959 | val_loss=1.2919 val_acc=0.500
      ep22 train_loss=0.6317 train_acc=0.950 | val_loss=1.2526 val_acc=0.500
      ep23 train_loss=0.6428 train_acc=0.955 | val_loss=1.4723 val_acc=0.500
      ep24 train_loss=0.6110 train_acc=0.967 | val_loss=1.2638 val_acc=0.500
    fold acc=0.500 time=215.6s | running pooled acc=0.677

--- Fold 15/26 | test sub15 (3 test, 243 train) ---
      ep00 train_loss=1.6692 train_acc=0.313 | val_loss=1.4262 val_acc=0.333
      ep01 train_loss=1.2616 train_acc=0.469 | val_loss=1.5377 val_acc=0.333
      ep02 train_loss=1.0751 train_acc=0.638 | val_loss=0.6275 val_acc=1.000
      ep03 train_loss=1.0712 train_acc=0.650 | val_loss=1.5103 val_acc=0.333
      ep04 train_loss=0.8755 train_acc=0.765 | val_loss=1.4100 val_acc=0.333
      ep05 train_loss=0.9361 train_acc=0.786 | val_loss=1.1609 val_acc=0.333
      ep06 train_loss=0.8086 train_acc=0.823 | val_loss=1.6529 val_acc=0.000
      ep07 train_loss=0.9403 train_acc=0.778 | val_loss=2.0616 val_acc=0.333
      ep08 train_loss=0.8209 train_acc=0.823 | val_loss=1.3228 val_acc=0.667
      ep09 train_loss=0.7495 train_acc=0.885 | val_loss=0.8332 val_acc=0.667
      ep10 train_loss=0.6828 train_acc=0.922 | val_loss=0.8081 val_acc=0.667
      ep11 train_loss=0.7526 train_acc=0.877 | val_loss=0.7843 val_acc=0.333
      ep12 train_loss=0.6978 train_acc=0.897 | val_loss=1.3891 val_acc=0.333
      ep13 train_loss=0.6960 train_acc=0.918 | val_loss=1.1080 val_acc=0.667
      ep14 train_loss=0.6740 train_acc=0.938 | val_loss=0.8400 val_acc=0.667
      ep15 train_loss=0.6771 train_acc=0.938 | val_loss=1.0602 val_acc=0.333
      ep16 train_loss=0.6409 train_acc=0.951 | val_loss=1.1019 val_acc=0.667
      ep17 train_loss=0.6225 train_acc=0.975 | val_loss=0.9328 val_acc=0.667
      ep18 train_loss=0.6414 train_acc=0.971 | val_loss=0.8823 val_acc=0.667
      ep19 train_loss=0.6318 train_acc=0.959 | val_loss=0.9454 val_acc=0.667
      ep20 train_loss=0.6416 train_acc=0.959 | val_loss=0.9821 val_acc=0.667
      ep21 train_loss=0.6149 train_acc=0.971 | val_loss=1.0432 val_acc=0.333
      ep22 train_loss=0.6354 train_acc=0.955 | val_loss=1.0949 val_acc=0.333
      ep23 train_loss=0.6078 train_acc=0.992 | val_loss=1.0411 val_acc=0.333
      ep24 train_loss=0.6251 train_acc=0.947 | val_loss=1.1221 val_acc=0.667
    fold acc=0.333 time=217.1s | running pooled acc=0.669

--- Fold 16/26 | test sub16 (4 test, 242 train) ---
      ep00 train_loss=1.7700 train_acc=0.302 | val_loss=2.1621 val_acc=0.000
      ep01 train_loss=1.3133 train_acc=0.467 | val_loss=1.8573 val_acc=0.250
      ep02 train_loss=1.1341 train_acc=0.607 | val_loss=1.7914 val_acc=0.000
      ep03 train_loss=0.9948 train_acc=0.702 | val_loss=1.9354 val_acc=0.000
      ep04 train_loss=0.9597 train_acc=0.748 | val_loss=2.0535 val_acc=0.000
      ep05 train_loss=0.8899 train_acc=0.752 | val_loss=1.7662 val_acc=0.000
      ep06 train_loss=0.8195 train_acc=0.806 | val_loss=1.2037 val_acc=0.250
      ep07 train_loss=0.7955 train_acc=0.839 | val_loss=1.1511 val_acc=0.250
      ep08 train_loss=0.7819 train_acc=0.872 | val_loss=1.2389 val_acc=0.250
      ep09 train_loss=0.7116 train_acc=0.913 | val_loss=1.2493 val_acc=0.000
      ep10 train_loss=0.7345 train_acc=0.872 | val_loss=1.4091 val_acc=0.500
      ep11 train_loss=0.6950 train_acc=0.913 | val_loss=1.4358 val_acc=0.500
      ep12 train_loss=0.7779 train_acc=0.860 | val_loss=1.5442 val_acc=0.250
      ep13 train_loss=0.6835 train_acc=0.942 | val_loss=1.4735 val_acc=0.250
      ep14 train_loss=0.6580 train_acc=0.930 | val_loss=1.4614 val_acc=0.250
      ep15 train_loss=0.6707 train_acc=0.938 | val_loss=1.2815 val_acc=0.750
      ep16 train_loss=0.6399 train_acc=0.975 | val_loss=1.3945 val_acc=0.500
      ep17 train_loss=0.6867 train_acc=0.942 | val_loss=1.1972 val_acc=0.750
      ep18 train_loss=0.6575 train_acc=0.942 | val_loss=1.4357 val_acc=0.250
      ep19 train_loss=0.6016 train_acc=0.971 | val_loss=1.2790 val_acc=0.250
      ep20 train_loss=0.6462 train_acc=0.938 | val_loss=1.2698 val_acc=0.750
      ep21 train_loss=0.6310 train_acc=0.967 | val_loss=1.1618 val_acc=0.500
      ep22 train_loss=0.6297 train_acc=0.955 | val_loss=1.2117 val_acc=0.250
      ep23 train_loss=0.6386 train_acc=0.971 | val_loss=1.2779 val_acc=0.500
      ep24 train_loss=0.6191 train_acc=0.963 | val_loss=1.2222 val_acc=0.750
    fold acc=0.500 time=215.6s | running pooled acc=0.664

--- Fold 17/26 | test sub17 (34 test, 212 train) ---
      ep00 train_loss=1.7998 train_acc=0.269 | val_loss=1.1868 val_acc=0.500
      ep01 train_loss=1.3931 train_acc=0.434 | val_loss=0.8793 val_acc=0.706
      ep02 train_loss=1.1453 train_acc=0.557 | val_loss=0.8345 val_acc=0.706
      ep03 train_loss=1.1213 train_acc=0.637 | val_loss=1.0521 val_acc=0.529
      ep04 train_loss=1.0000 train_acc=0.745 | val_loss=0.7861 val_acc=0.647
      ep05 train_loss=0.9725 train_acc=0.712 | val_loss=0.9151 val_acc=0.559
      ep06 train_loss=0.8501 train_acc=0.811 | val_loss=1.0306 val_acc=0.559
      ep07 train_loss=0.8315 train_acc=0.830 | val_loss=1.1798 val_acc=0.500
      ep08 train_loss=0.8160 train_acc=0.877 | val_loss=1.1605 val_acc=0.500
      ep09 train_loss=0.8085 train_acc=0.882 | val_loss=0.9572 val_acc=0.647
      ep10 train_loss=0.8054 train_acc=0.877 | val_loss=0.8828 val_acc=0.618
      ep11 train_loss=0.7132 train_acc=0.939 | val_loss=0.8769 val_acc=0.647
      ep12 train_loss=0.7585 train_acc=0.896 | val_loss=0.8398 val_acc=0.588
      ep13 train_loss=0.7282 train_acc=0.929 | val_loss=1.1049 val_acc=0.500
      ep14 train_loss=0.7409 train_acc=0.896 | val_loss=1.0105 val_acc=0.559
      ep15 train_loss=0.7646 train_acc=0.906 | val_loss=1.0011 val_acc=0.588
      ep16 train_loss=0.6969 train_acc=0.953 | val_loss=1.0100 val_acc=0.588
      ep17 train_loss=0.6548 train_acc=0.962 | val_loss=1.0076 val_acc=0.559
      ep18 train_loss=0.6820 train_acc=0.962 | val_loss=0.9755 val_acc=0.618
      ep19 train_loss=0.6523 train_acc=0.967 | val_loss=1.0527 val_acc=0.588
      ep20 train_loss=0.6559 train_acc=0.948 | val_loss=1.0488 val_acc=0.529
      ep21 train_loss=0.6620 train_acc=0.958 | val_loss=1.0607 val_acc=0.500
      ep22 train_loss=0.6256 train_acc=0.953 | val_loss=1.1241 val_acc=0.500
      ep23 train_loss=0.6737 train_acc=0.943 | val_loss=1.0276 val_acc=0.618
      ep24 train_loss=0.6925 train_acc=0.953 | val_loss=0.9875 val_acc=0.588
    fold acc=0.559 time=200.0s | running pooled acc=0.643

--- Fold 18/26 | test sub18 (3 test, 243 train) ---
      ep00 train_loss=1.6906 train_acc=0.350 | val_loss=1.0593 val_acc=0.667
      ep01 train_loss=1.2418 train_acc=0.514 | val_loss=0.9027 val_acc=0.667
      ep02 train_loss=1.0916 train_acc=0.642 | val_loss=1.2211 val_acc=0.667
      ep03 train_loss=1.0692 train_acc=0.646 | val_loss=0.9542 val_acc=0.667
      ep04 train_loss=0.9260 train_acc=0.716 | val_loss=1.1658 val_acc=0.667
      ep05 train_loss=0.9383 train_acc=0.761 | val_loss=0.7283 val_acc=1.000
      ep06 train_loss=0.8135 train_acc=0.840 | val_loss=0.8517 val_acc=1.000
      ep07 train_loss=0.8796 train_acc=0.794 | val_loss=0.5109 val_acc=1.000
      ep08 train_loss=0.8073 train_acc=0.860 | val_loss=0.5892 val_acc=1.000
      ep09 train_loss=0.7329 train_acc=0.889 | val_loss=0.5327 val_acc=1.000
      ep10 train_loss=0.7470 train_acc=0.881 | val_loss=0.3380 val_acc=1.000
      ep11 train_loss=0.7300 train_acc=0.881 | val_loss=0.6758 val_acc=0.667
      ep12 train_loss=0.7165 train_acc=0.877 | val_loss=0.4542 val_acc=1.000
      ep13 train_loss=0.6772 train_acc=0.926 | val_loss=0.7927 val_acc=0.333
      ep14 train_loss=0.6554 train_acc=0.909 | val_loss=0.2800 val_acc=1.000
      ep15 train_loss=0.6309 train_acc=0.955 | val_loss=0.3281 val_acc=1.000
      ep16 train_loss=0.6463 train_acc=0.955 | val_loss=0.4511 val_acc=1.000
      ep17 train_loss=0.6253 train_acc=0.963 | val_loss=0.8304 val_acc=0.667
      ep18 train_loss=0.6211 train_acc=0.947 | val_loss=0.4724 val_acc=1.000
      ep19 train_loss=0.6396 train_acc=0.926 | val_loss=0.6055 val_acc=0.667
      ep20 train_loss=0.6375 train_acc=0.955 | val_loss=0.5688 val_acc=1.000
      ep21 train_loss=0.6120 train_acc=0.963 | val_loss=0.4823 val_acc=1.000
      ep22 train_loss=0.6335 train_acc=0.959 | val_loss=0.4799 val_acc=1.000
      ep23 train_loss=0.6018 train_acc=0.984 | val_loss=0.5119 val_acc=1.000
      ep24 train_loss=0.6222 train_acc=0.967 | val_loss=0.5427 val_acc=1.000
    fold acc=1.000 time=216.3s | running pooled acc=0.649

--- Fold 19/26 | test sub19 (15 test, 231 train) ---
      ep00 train_loss=1.7395 train_acc=0.351 | val_loss=1.6203 val_acc=0.333
      ep01 train_loss=1.2773 train_acc=0.558 | val_loss=0.9824 val_acc=0.667
      ep02 train_loss=1.1229 train_acc=0.584 | val_loss=0.8669 val_acc=0.600
      ep03 train_loss=0.9782 train_acc=0.719 | val_loss=0.6040 val_acc=0.800
      ep04 train_loss=0.9281 train_acc=0.719 | val_loss=0.9547 val_acc=0.667
      ep05 train_loss=0.9729 train_acc=0.736 | val_loss=0.6265 val_acc=0.800
      ep06 train_loss=0.8432 train_acc=0.801 | val_loss=0.8274 val_acc=0.800
      ep07 train_loss=0.9264 train_acc=0.771 | val_loss=0.8679 val_acc=0.733
      ep08 train_loss=0.8104 train_acc=0.831 | val_loss=0.8523 val_acc=0.800
      ep09 train_loss=0.7471 train_acc=0.879 | val_loss=0.8657 val_acc=0.867
      ep10 train_loss=0.7443 train_acc=0.883 | val_loss=0.8512 val_acc=0.800
      ep11 train_loss=0.7479 train_acc=0.883 | val_loss=0.8907 val_acc=0.800
      ep12 train_loss=0.7087 train_acc=0.918 | val_loss=0.7507 val_acc=0.867
      ep13 train_loss=0.6899 train_acc=0.939 | val_loss=0.6989 val_acc=0.800
      ep14 train_loss=0.6755 train_acc=0.944 | val_loss=0.6063 val_acc=0.800
      ep15 train_loss=0.6726 train_acc=0.970 | val_loss=0.5483 val_acc=0.867
      ep16 train_loss=0.6590 train_acc=0.957 | val_loss=0.6202 val_acc=0.733
      ep17 train_loss=0.7007 train_acc=0.957 | val_loss=0.6253 val_acc=0.800
      ep18 train_loss=0.6605 train_acc=0.974 | val_loss=0.6282 val_acc=0.733
      ep19 train_loss=0.6191 train_acc=0.974 | val_loss=0.6022 val_acc=0.800
      ep20 train_loss=0.6081 train_acc=0.978 | val_loss=0.6767 val_acc=0.800
      ep21 train_loss=0.6624 train_acc=0.957 | val_loss=0.6565 val_acc=0.733
      ep22 train_loss=0.6391 train_acc=0.952 | val_loss=0.6672 val_acc=0.733
      ep23 train_loss=0.6825 train_acc=0.939 | val_loss=0.7142 val_acc=0.800
      ep24 train_loss=0.6153 train_acc=0.965 | val_loss=0.6729 val_acc=0.800
    fold acc=0.733 time=209.0s | running pooled acc=0.656

--- Fold 20/26 | test sub20 (11 test, 235 train) ---
      ep00 train_loss=1.6348 train_acc=0.383 | val_loss=1.2722 val_acc=0.364
      ep01 train_loss=1.2367 train_acc=0.553 | val_loss=1.5034 val_acc=0.455
      ep02 train_loss=1.1417 train_acc=0.583 | val_loss=1.6024 val_acc=0.273
      ep03 train_loss=1.0184 train_acc=0.668 | val_loss=1.2793 val_acc=0.545
      ep04 train_loss=0.9064 train_acc=0.736 | val_loss=1.5844 val_acc=0.364
      ep05 train_loss=0.8714 train_acc=0.749 | val_loss=1.1974 val_acc=0.545
      ep06 train_loss=0.7900 train_acc=0.834 | val_loss=1.2739 val_acc=0.545
      ep07 train_loss=0.8277 train_acc=0.813 | val_loss=1.2842 val_acc=0.364
      ep08 train_loss=0.7819 train_acc=0.860 | val_loss=1.2405 val_acc=0.545
      ep09 train_loss=0.7794 train_acc=0.813 | val_loss=1.7917 val_acc=0.455
      ep10 train_loss=0.7436 train_acc=0.872 | val_loss=1.6469 val_acc=0.273
      ep11 train_loss=0.6446 train_acc=0.940 | val_loss=1.0297 val_acc=0.636
      ep12 train_loss=0.6682 train_acc=0.932 | val_loss=1.0341 val_acc=0.545
      ep13 train_loss=0.6490 train_acc=0.936 | val_loss=1.2188 val_acc=0.455
      ep14 train_loss=0.6242 train_acc=0.949 | val_loss=1.0257 val_acc=0.545
      ep15 train_loss=0.6461 train_acc=0.936 | val_loss=1.0312 val_acc=0.455
      ep16 train_loss=0.6451 train_acc=0.928 | val_loss=1.3114 val_acc=0.455
      ep17 train_loss=0.6403 train_acc=0.966 | val_loss=1.0221 val_acc=0.545
      ep18 train_loss=0.6252 train_acc=0.962 | val_loss=1.2276 val_acc=0.545
      ep19 train_loss=0.5915 train_acc=0.970 | val_loss=1.2850 val_acc=0.545
      ep20 train_loss=0.6120 train_acc=0.966 | val_loss=1.0739 val_acc=0.545
      ep21 train_loss=0.5838 train_acc=0.974 | val_loss=1.1618 val_acc=0.545
      ep22 train_loss=0.5900 train_acc=0.970 | val_loss=1.2240 val_acc=0.545
      ep23 train_loss=0.5943 train_acc=0.983 | val_loss=1.0507 val_acc=0.545
      ep24 train_loss=0.5742 train_acc=0.991 | val_loss=1.2677 val_acc=0.455
    fold acc=0.545 time=212.2s | running pooled acc=0.650

--- Fold 21/26 | test sub21 (2 test, 244 train) ---
      ep00 train_loss=1.7193 train_acc=0.336 | val_loss=1.5235 val_acc=0.000
      ep01 train_loss=1.2823 train_acc=0.516 | val_loss=1.4281 val_acc=0.500
      ep02 train_loss=1.0778 train_acc=0.615 | val_loss=1.8701 val_acc=0.500
      ep03 train_loss=0.9931 train_acc=0.689 | val_loss=3.1496 val_acc=0.000
      ep04 train_loss=0.9945 train_acc=0.709 | val_loss=2.2532 val_acc=0.500
      ep05 train_loss=0.9808 train_acc=0.705 | val_loss=3.3059 val_acc=0.500
      ep06 train_loss=0.8754 train_acc=0.787 | val_loss=2.7076 val_acc=0.500
      ep07 train_loss=0.8060 train_acc=0.836 | val_loss=3.0133 val_acc=0.500
      ep08 train_loss=0.7433 train_acc=0.857 | val_loss=3.5078 val_acc=0.500
      ep09 train_loss=0.7457 train_acc=0.881 | val_loss=3.3216 val_acc=0.500
      ep10 train_loss=0.6983 train_acc=0.893 | val_loss=3.1584 val_acc=0.500
      ep11 train_loss=0.7619 train_acc=0.832 | val_loss=3.2185 val_acc=0.500
      ep12 train_loss=0.7170 train_acc=0.857 | val_loss=3.0373 val_acc=0.500
      ep13 train_loss=0.7443 train_acc=0.881 | val_loss=2.8895 val_acc=0.500
      ep14 train_loss=0.6470 train_acc=0.934 | val_loss=3.2767 val_acc=0.500
      ep15 train_loss=0.6857 train_acc=0.951 | val_loss=3.1018 val_acc=0.500
      ep16 train_loss=0.6801 train_acc=0.943 | val_loss=3.0211 val_acc=0.500
      ep17 train_loss=0.6252 train_acc=0.959 | val_loss=3.1629 val_acc=0.500
      ep18 train_loss=0.6366 train_acc=0.951 | val_loss=3.0886 val_acc=0.500
      ep19 train_loss=0.6121 train_acc=0.947 | val_loss=3.0766 val_acc=0.500
      ep20 train_loss=0.6058 train_acc=0.967 | val_loss=2.8919 val_acc=0.500
      ep21 train_loss=0.6410 train_acc=0.963 | val_loss=2.9421 val_acc=0.500
      ep22 train_loss=0.6414 train_acc=0.955 | val_loss=2.8229 val_acc=0.500
      ep23 train_loss=0.6296 train_acc=0.984 | val_loss=2.8388 val_acc=0.500
      ep24 train_loss=0.6449 train_acc=0.947 | val_loss=2.9672 val_acc=0.500
    fold acc=0.500 time=216.2s | running pooled acc=0.649

--- Fold 22/26 | test sub22 (2 test, 244 train) ---
      ep00 train_loss=1.7357 train_acc=0.336 | val_loss=0.7181 val_acc=1.000
      ep01 train_loss=1.2897 train_acc=0.500 | val_loss=0.0677 val_acc=1.000
      ep02 train_loss=1.0832 train_acc=0.619 | val_loss=0.0239 val_acc=1.000
      ep03 train_loss=1.0149 train_acc=0.709 | val_loss=0.0272 val_acc=1.000
      ep04 train_loss=1.0072 train_acc=0.701 | val_loss=0.0411 val_acc=1.000
      ep05 train_loss=0.9793 train_acc=0.705 | val_loss=0.0011 val_acc=1.000
      ep06 train_loss=0.9026 train_acc=0.766 | val_loss=0.2590 val_acc=1.000
      ep07 train_loss=0.8460 train_acc=0.799 | val_loss=0.0087 val_acc=1.000
      ep08 train_loss=0.7444 train_acc=0.861 | val_loss=0.0193 val_acc=1.000
      ep09 train_loss=0.7501 train_acc=0.902 | val_loss=1.4171 val_acc=0.000
      ep10 train_loss=0.7247 train_acc=0.902 | val_loss=0.0384 val_acc=1.000
      ep11 train_loss=0.7586 train_acc=0.811 | val_loss=0.0187 val_acc=1.000
      ep12 train_loss=0.7098 train_acc=0.885 | val_loss=0.0129 val_acc=1.000
      ep13 train_loss=0.7399 train_acc=0.889 | val_loss=0.0570 val_acc=1.000
      ep14 train_loss=0.6407 train_acc=0.943 | val_loss=0.0272 val_acc=1.000
      ep15 train_loss=0.6879 train_acc=0.947 | val_loss=0.0485 val_acc=1.000
      ep16 train_loss=0.6717 train_acc=0.939 | val_loss=0.0785 val_acc=1.000
      ep17 train_loss=0.6408 train_acc=0.963 | val_loss=0.0647 val_acc=1.000
      ep18 train_loss=0.6473 train_acc=0.939 | val_loss=0.0602 val_acc=1.000
      ep19 train_loss=0.6148 train_acc=0.955 | val_loss=0.0767 val_acc=1.000
      ep20 train_loss=0.6063 train_acc=0.971 | val_loss=0.0974 val_acc=1.000
      ep21 train_loss=0.6405 train_acc=0.967 | val_loss=0.0405 val_acc=1.000
      ep22 train_loss=0.6464 train_acc=0.951 | val_loss=0.0827 val_acc=1.000
      ep23 train_loss=0.6268 train_acc=0.980 | val_loss=0.0688 val_acc=1.000
      ep24 train_loss=0.6417 train_acc=0.959 | val_loss=0.0893 val_acc=1.000
    fold acc=1.000 time=217.2s | running pooled acc=0.652

--- Fold 23/26 | test sub23 (12 test, 234 train) ---
      ep00 train_loss=1.6896 train_acc=0.329 | val_loss=1.1574 val_acc=0.500
      ep01 train_loss=1.3660 train_acc=0.444 | val_loss=0.6370 val_acc=0.833
      ep02 train_loss=1.1077 train_acc=0.641 | val_loss=0.5331 val_acc=0.917
      ep03 train_loss=0.9846 train_acc=0.709 | val_loss=0.7411 val_acc=0.750
      ep04 train_loss=0.9426 train_acc=0.705 | val_loss=0.4406 val_acc=0.917
      ep05 train_loss=0.9262 train_acc=0.769 | val_loss=0.8630 val_acc=0.750
      ep06 train_loss=0.8571 train_acc=0.774 | val_loss=0.5337 val_acc=0.833
      ep07 train_loss=0.7817 train_acc=0.829 | val_loss=0.3759 val_acc=1.000
      ep08 train_loss=0.7696 train_acc=0.842 | val_loss=0.5737 val_acc=0.917
      ep09 train_loss=0.7406 train_acc=0.897 | val_loss=0.5210 val_acc=0.667
      ep10 train_loss=0.7259 train_acc=0.880 | val_loss=0.3635 val_acc=0.917
      ep11 train_loss=0.6987 train_acc=0.902 | val_loss=0.6215 val_acc=0.667
      ep12 train_loss=0.7305 train_acc=0.868 | val_loss=0.6603 val_acc=0.667
      ep13 train_loss=0.6750 train_acc=0.949 | val_loss=0.4523 val_acc=0.917
      ep14 train_loss=0.6906 train_acc=0.936 | val_loss=0.8280 val_acc=0.667
      ep15 train_loss=0.6525 train_acc=0.944 | val_loss=0.4626 val_acc=0.833
      ep16 train_loss=0.6463 train_acc=0.944 | val_loss=0.4542 val_acc=0.917
      ep17 train_loss=0.6345 train_acc=0.957 | val_loss=0.5366 val_acc=0.750
      ep18 train_loss=0.6066 train_acc=0.966 | val_loss=0.5207 val_acc=0.750
      ep19 train_loss=0.6328 train_acc=0.949 | val_loss=0.4676 val_acc=0.750
      ep20 train_loss=0.6237 train_acc=0.957 | val_loss=0.4687 val_acc=0.750
      ep21 train_loss=0.6219 train_acc=0.949 | val_loss=0.4920 val_acc=0.750
      ep22 train_loss=0.6291 train_acc=0.962 | val_loss=0.5612 val_acc=0.750
      ep23 train_loss=0.6269 train_acc=0.966 | val_loss=0.5039 val_acc=0.750
      ep24 train_loss=0.6294 train_acc=0.979 | val_loss=0.4620 val_acc=0.833
    fold acc=0.750 time=211.4s | running pooled acc=0.657

--- Fold 24/26 | test sub24 (7 test, 239 train) ---
      ep00 train_loss=1.7608 train_acc=0.331 | val_loss=1.3554 val_acc=0.143
      ep01 train_loss=1.2589 train_acc=0.460 | val_loss=0.9676 val_acc=0.571
      ep02 train_loss=1.0442 train_acc=0.653 | val_loss=1.1083 val_acc=0.286
      ep03 train_loss=1.0718 train_acc=0.657 | val_loss=1.0569 val_acc=0.571
      ep04 train_loss=0.9155 train_acc=0.741 | val_loss=1.4161 val_acc=0.429
      ep05 train_loss=0.9685 train_acc=0.724 | val_loss=1.1502 val_acc=0.714
      ep06 train_loss=0.8600 train_acc=0.803 | val_loss=1.2660 val_acc=0.571
      ep07 train_loss=0.8110 train_acc=0.837 | val_loss=0.8880 val_acc=0.714
      ep08 train_loss=0.7389 train_acc=0.879 | val_loss=1.2814 val_acc=0.571
      ep09 train_loss=0.6983 train_acc=0.895 | val_loss=1.3216 val_acc=0.571
      ep10 train_loss=0.6964 train_acc=0.916 | val_loss=1.3512 val_acc=0.571
      ep11 train_loss=0.6693 train_acc=0.933 | val_loss=1.4642 val_acc=0.714
      ep12 train_loss=0.6901 train_acc=0.904 | val_loss=1.3430 val_acc=0.571
      ep13 train_loss=0.6491 train_acc=0.929 | val_loss=1.2031 val_acc=0.571
      ep14 train_loss=0.6286 train_acc=0.958 | val_loss=1.2420 val_acc=0.714
      ep15 train_loss=0.6563 train_acc=0.954 | val_loss=1.1845 val_acc=0.714
      ep16 train_loss=0.6355 train_acc=0.967 | val_loss=1.3325 val_acc=0.571
      ep17 train_loss=0.6286 train_acc=0.941 | val_loss=1.3391 val_acc=0.571
      ep18 train_loss=0.6139 train_acc=0.962 | val_loss=1.2583 val_acc=0.571
      ep19 train_loss=0.6244 train_acc=0.975 | val_loss=1.1831 val_acc=0.714
      ep20 train_loss=0.6389 train_acc=0.950 | val_loss=1.1951 val_acc=0.571
      ep21 train_loss=0.5935 train_acc=0.967 | val_loss=1.2522 val_acc=0.571
      ep22 train_loss=0.5989 train_acc=0.979 | val_loss=1.2121 val_acc=0.571
      ep23 train_loss=0.6037 train_acc=0.983 | val_loss=1.2131 val_acc=0.571
      ep24 train_loss=0.5910 train_acc=0.983 | val_loss=1.1975 val_acc=0.571
    fold acc=0.571 time=214.3s | running pooled acc=0.655

--- Fold 25/26 | test sub25 (7 test, 239 train) ---
      ep00 train_loss=1.7757 train_acc=0.322 | val_loss=1.3823 val_acc=0.286
      ep01 train_loss=1.2737 train_acc=0.469 | val_loss=1.3319 val_acc=0.429
      ep02 train_loss=1.0514 train_acc=0.649 | val_loss=1.1382 val_acc=0.429
      ep03 train_loss=1.0440 train_acc=0.674 | val_loss=1.1132 val_acc=0.571
      ep04 train_loss=0.9605 train_acc=0.720 | val_loss=1.1657 val_acc=0.429
      ep05 train_loss=0.9627 train_acc=0.736 | val_loss=1.2237 val_acc=0.429
      ep06 train_loss=0.8562 train_acc=0.795 | val_loss=1.0271 val_acc=0.429
      ep07 train_loss=0.7944 train_acc=0.845 | val_loss=0.9003 val_acc=0.714
      ep08 train_loss=0.7487 train_acc=0.879 | val_loss=1.0547 val_acc=0.429
      ep09 train_loss=0.7027 train_acc=0.916 | val_loss=1.1156 val_acc=0.429
      ep10 train_loss=0.7174 train_acc=0.887 | val_loss=0.7290 val_acc=0.714
      ep11 train_loss=0.6636 train_acc=0.946 | val_loss=1.1810 val_acc=0.571
      ep12 train_loss=0.6922 train_acc=0.912 | val_loss=0.9181 val_acc=0.714
      ep13 train_loss=0.6639 train_acc=0.921 | val_loss=0.9771 val_acc=0.714
      ep14 train_loss=0.6413 train_acc=0.954 | val_loss=0.9687 val_acc=0.571
      ep15 train_loss=0.6655 train_acc=0.954 | val_loss=1.2087 val_acc=0.429
      ep16 train_loss=0.6386 train_acc=0.958 | val_loss=1.1764 val_acc=0.429
      ep17 train_loss=0.6456 train_acc=0.954 | val_loss=1.1138 val_acc=0.429
      ep18 train_loss=0.6310 train_acc=0.954 | val_loss=0.9410 val_acc=0.714
      ep19 train_loss=0.6244 train_acc=0.962 | val_loss=0.9390 val_acc=0.714
      ep20 train_loss=0.6508 train_acc=0.950 | val_loss=0.9367 val_acc=0.571
      ep21 train_loss=0.6040 train_acc=0.975 | val_loss=0.8949 val_acc=0.571
      ep22 train_loss=0.6155 train_acc=0.967 | val_loss=0.8262 val_acc=0.714
      ep23 train_loss=0.6217 train_acc=0.962 | val_loss=0.8501 val_acc=0.714
      ep24 train_loss=0.6020 train_acc=0.975 | val_loss=0.8134 val_acc=0.571
    fold acc=0.714 time=214.0s | running pooled acc=0.657

--- Fold 26/26 | test sub26 (16 test, 230 train) ---
      ep00 train_loss=1.7605 train_acc=0.335 | val_loss=1.0312 val_acc=0.625
      ep01 train_loss=1.2941 train_acc=0.491 | val_loss=1.3470 val_acc=0.438
      ep02 train_loss=1.0773 train_acc=0.643 | val_loss=1.2265 val_acc=0.562
      ep03 train_loss=1.0024 train_acc=0.691 | val_loss=1.4772 val_acc=0.375
      ep04 train_loss=0.9530 train_acc=0.739 | val_loss=1.4158 val_acc=0.562
      ep05 train_loss=0.9455 train_acc=0.748 | val_loss=1.9758 val_acc=0.312
      ep06 train_loss=0.7864 train_acc=0.826 | val_loss=1.5598 val_acc=0.500
      ep07 train_loss=0.7318 train_acc=0.848 | val_loss=1.7340 val_acc=0.312
      ep08 train_loss=0.7839 train_acc=0.826 | val_loss=1.5469 val_acc=0.500
      ep09 train_loss=0.6975 train_acc=0.870 | val_loss=1.6273 val_acc=0.375
      ep10 train_loss=0.7002 train_acc=0.874 | val_loss=1.7826 val_acc=0.312
      ep11 train_loss=0.6851 train_acc=0.900 | val_loss=1.8417 val_acc=0.250
      ep12 train_loss=0.6785 train_acc=0.926 | val_loss=1.7618 val_acc=0.500
      ep13 train_loss=0.6113 train_acc=0.974 | val_loss=1.7860 val_acc=0.438
      ep14 train_loss=0.6535 train_acc=0.922 | val_loss=1.8870 val_acc=0.312
      ep15 train_loss=0.5841 train_acc=0.983 | val_loss=1.7784 val_acc=0.375
      ep16 train_loss=0.6789 train_acc=0.930 | val_loss=1.9474 val_acc=0.312
      ep17 train_loss=0.6355 train_acc=0.970 | val_loss=1.7062 val_acc=0.375
      ep18 train_loss=0.5987 train_acc=0.965 | val_loss=1.9206 val_acc=0.312
      ep19 train_loss=0.5748 train_acc=0.978 | val_loss=1.8556 val_acc=0.375
      ep20 train_loss=0.5813 train_acc=0.987 | val_loss=1.7166 val_acc=0.375
      ep21 train_loss=0.6115 train_acc=0.961 | val_loss=1.6719 val_acc=0.375
      ep22 train_loss=0.6022 train_acc=0.961 | val_loss=1.8963 val_acc=0.312
      ep23 train_loss=0.5970 train_acc=0.965 | val_loss=1.7222 val_acc=0.375
      ep24 train_loss=0.5739 train_acc=0.987 | val_loss=1.6442 val_acc=0.375
    fold acc=0.375 time=221.7s | running pooled acc=0.638

=== FINAL (pooled LOSO) ===
UF1 = 0.6601
UAR = 0.6753
ACC = 0.6382
per-class F1: happiness=0.528, disgust=0.638, repression=0.596, surprise=0.923, others=0.615
per-class recall: happiness=0.594, disgust=0.587, repression=0.630, surprise=0.960, others=0.606
confusion matrix (rows=true):
        happin disgus repres surpri others
happine     19      1      3      1      8
disgust      4     37      1      0     21
repress      4      0     17      0      6
surpris      0      0      0     24      1
 others     13     15      9      2     60

saved to D:\AI-Projects\casmeII-new-from-sequence-model\experiments\iter_03
elapsed 5550.3s
