=== EXPERIMENT iter_09 ===
time: 2026-07-14T13:09:00.839790
device: cuda (NVIDIA GeForce RTX 3060)
platform: Windows-10-10.0.26200-SP0 | torch 2.6.0+cu124
config:
{
  "seed": 42,
  "T": 16,
  "img_size": 128,
  "base_size": 144,
  "input_mode": "rgb",
  "backbone": "r2plus1d_18",
  "pretrained": true,
  "dropout": 0.5,
  "epochs": 25,
  "lr": 0.0001,
  "weight_decay": 0.001,
  "batch_size": 6,
  "class_weighting": true,
  "label_smoothing": 0.1,
  "hflip": true,
  "color_jitter": 0.0,
  "temporal_jitter": true,
  "amp": true,
  "eval_last_k": 3,
  "tta": 5,
  "cache_dir": "cache/flow144",
  "index": "cache/index_emotion.csv",
  "class_names": [
    "happiness",
    "disgust",
    "repression",
    "surprise",
    "others"
  ],
  "name": "iter_09_flow_res128",
  "modality": "flow",
  "temporal_span": "onset_offset",
  "flow_clip": 3.0
}
samples: 246 | classes: 5 ['happiness', 'disgust', 'repression', 'surprise', 'others']
loading arrays into RAM...
loaded 246 arrays

--- Fold 1/26 | test sub01 (9 test, 237 train) ---
      ep00 train_loss=1.6743 train_acc=0.308 | val_loss=1.3252 val_acc=0.222
      ep01 train_loss=1.2820 train_acc=0.557 | val_loss=0.9034 val_acc=0.778
      ep02 train_loss=1.0841 train_acc=0.620 | val_loss=0.5744 val_acc=0.778
      ep03 train_loss=0.9748 train_acc=0.696 | val_loss=0.9649 val_acc=0.778
      ep04 train_loss=0.9916 train_acc=0.709 | val_loss=0.8382 val_acc=0.556
      ep05 train_loss=0.9237 train_acc=0.730 | val_loss=0.8794 val_acc=0.556
      ep06 train_loss=0.9470 train_acc=0.717 | val_loss=0.5893 val_acc=0.889
      ep07 train_loss=0.9099 train_acc=0.793 | val_loss=0.6851 val_acc=0.889
      ep08 train_loss=0.8360 train_acc=0.814 | val_loss=0.6282 val_acc=0.889
      ep09 train_loss=0.8225 train_acc=0.840 | val_loss=0.9258 val_acc=0.667
      ep10 train_loss=0.7996 train_acc=0.848 | val_loss=0.5538 val_acc=1.000
      ep11 train_loss=0.6931 train_acc=0.932 | val_loss=0.3959 val_acc=1.000
      ep12 train_loss=0.7317 train_acc=0.869 | val_loss=0.4508 val_acc=1.000
      ep13 train_loss=0.7536 train_acc=0.911 | val_loss=0.5312 val_acc=0.889
      ep14 train_loss=0.6773 train_acc=0.924 | val_loss=0.4158 val_acc=0.889
      ep15 train_loss=0.6825 train_acc=0.895 | val_loss=0.4104 val_acc=0.889
      ep16 train_loss=0.6510 train_acc=0.958 | val_loss=0.4954 val_acc=0.889
      ep17 train_loss=0.6263 train_acc=0.962 | val_loss=0.5000 val_acc=0.889
      ep18 train_loss=0.6485 train_acc=0.966 | val_loss=0.4925 val_acc=0.889
      ep19 train_loss=0.6203 train_acc=0.979 | val_loss=0.5153 val_acc=0.889
      ep20 train_loss=0.6180 train_acc=0.958 | val_loss=0.4158 val_acc=0.889
      ep21 train_loss=0.6197 train_acc=0.970 | val_loss=0.4194 val_acc=1.000
      ep22 train_loss=0.6289 train_acc=0.941 | val_loss=0.4575 val_acc=0.889
      ep23 train_loss=0.6014 train_acc=0.975 | val_loss=0.4495 val_acc=0.889
      ep24 train_loss=0.6316 train_acc=0.962 | val_loss=0.4396 val_acc=0.889
    fold acc=0.889 time=324.5s | running pooled acc=0.889

--- Fold 2/26 | test sub02 (13 test, 233 train) ---
      ep00 train_loss=1.7203 train_acc=0.378 | val_loss=1.2818 val_acc=0.615
      ep01 train_loss=1.3140 train_acc=0.541 | val_loss=1.4104 val_acc=0.538
      ep02 train_loss=1.1918 train_acc=0.618 | val_loss=1.0926 val_acc=0.692
      ep03 train_loss=1.0707 train_acc=0.674 | val_loss=1.9293 val_acc=0.538
      ep04 train_loss=1.0079 train_acc=0.695 | val_loss=1.7897 val_acc=0.385
      ep05 train_loss=0.9511 train_acc=0.691 | val_loss=1.9469 val_acc=0.308
      ep06 train_loss=0.9090 train_acc=0.751 | val_loss=1.3219 val_acc=0.538
      ep07 train_loss=0.8027 train_acc=0.863 | val_loss=1.4222 val_acc=0.462
      ep08 train_loss=0.8114 train_acc=0.841 | val_loss=1.4263 val_acc=0.615
      ep09 train_loss=0.8278 train_acc=0.841 | val_loss=1.4635 val_acc=0.462
      ep10 train_loss=0.7756 train_acc=0.893 | val_loss=2.0364 val_acc=0.462
      ep11 train_loss=0.7376 train_acc=0.906 | val_loss=1.5357 val_acc=0.462
      ep12 train_loss=0.7617 train_acc=0.906 | val_loss=1.4203 val_acc=0.462
      ep13 train_loss=0.7042 train_acc=0.931 | val_loss=1.1897 val_acc=0.615
      ep14 train_loss=0.6905 train_acc=0.940 | val_loss=1.4525 val_acc=0.615
      ep15 train_loss=0.7135 train_acc=0.927 | val_loss=1.5958 val_acc=0.462
      ep16 train_loss=0.6804 train_acc=0.944 | val_loss=1.4972 val_acc=0.462
      ep17 train_loss=0.6922 train_acc=0.948 | val_loss=1.4688 val_acc=0.538
      ep18 train_loss=0.6438 train_acc=0.974 | val_loss=1.4453 val_acc=0.538
      ep19 train_loss=0.7473 train_acc=0.936 | val_loss=1.4124 val_acc=0.538
      ep20 train_loss=0.6819 train_acc=0.961 | val_loss=1.2593 val_acc=0.615
      ep21 train_loss=0.6593 train_acc=0.970 | val_loss=1.3584 val_acc=0.538
      ep22 train_loss=0.6247 train_acc=0.987 | val_loss=1.3557 val_acc=0.538
      ep23 train_loss=0.6648 train_acc=0.974 | val_loss=1.3089 val_acc=0.615
      ep24 train_loss=0.6383 train_acc=0.979 | val_loss=1.3007 val_acc=0.538
    fold acc=0.538 time=316.2s | running pooled acc=0.682

--- Fold 3/26 | test sub03 (7 test, 239 train) ---
      ep00 train_loss=1.7340 train_acc=0.314 | val_loss=1.0806 val_acc=0.714
      ep01 train_loss=1.2592 train_acc=0.565 | val_loss=1.5972 val_acc=0.286
      ep02 train_loss=1.0901 train_acc=0.653 | val_loss=1.5082 val_acc=0.286
      ep03 train_loss=1.0351 train_acc=0.678 | val_loss=0.8020 val_acc=0.714
      ep04 train_loss=1.0564 train_acc=0.636 | val_loss=0.7812 val_acc=0.714
      ep05 train_loss=0.9353 train_acc=0.745 | val_loss=0.7877 val_acc=0.571
      ep06 train_loss=0.9076 train_acc=0.766 | val_loss=1.1455 val_acc=0.571
      ep07 train_loss=0.8341 train_acc=0.841 | val_loss=1.1305 val_acc=0.429
      ep08 train_loss=0.7988 train_acc=0.862 | val_loss=1.3582 val_acc=0.429
      ep09 train_loss=0.6993 train_acc=0.883 | val_loss=1.0492 val_acc=0.571
      ep10 train_loss=0.7050 train_acc=0.895 | val_loss=0.9138 val_acc=0.571
      ep11 train_loss=0.7070 train_acc=0.904 | val_loss=1.1125 val_acc=0.571
      ep12 train_loss=0.6997 train_acc=0.891 | val_loss=1.0928 val_acc=0.571
      ep13 train_loss=0.6530 train_acc=0.946 | val_loss=1.1820 val_acc=0.429
      ep14 train_loss=0.6569 train_acc=0.925 | val_loss=1.1526 val_acc=0.429
      ep15 train_loss=0.6690 train_acc=0.925 | val_loss=1.2326 val_acc=0.429
      ep16 train_loss=0.6475 train_acc=0.950 | val_loss=1.3243 val_acc=0.429
      ep17 train_loss=0.6474 train_acc=0.946 | val_loss=1.4257 val_acc=0.429
      ep18 train_loss=0.6422 train_acc=0.975 | val_loss=1.2076 val_acc=0.429
      ep19 train_loss=0.6512 train_acc=0.950 | val_loss=1.3263 val_acc=0.429
      ep20 train_loss=0.6192 train_acc=0.962 | val_loss=1.2829 val_acc=0.429
      ep21 train_loss=0.6188 train_acc=0.962 | val_loss=1.1767 val_acc=0.429
      ep22 train_loss=0.6196 train_acc=0.958 | val_loss=1.0795 val_acc=0.429
      ep23 train_loss=0.6104 train_acc=0.967 | val_loss=1.2881 val_acc=0.429
      ep24 train_loss=0.5975 train_acc=0.967 | val_loss=1.1644 val_acc=0.429
    fold acc=0.571 time=317.0s | running pooled acc=0.655

--- Fold 4/26 | test sub04 (5 test, 241 train) ---
      ep00 train_loss=1.7193 train_acc=0.278 | val_loss=0.9601 val_acc=0.600
      ep01 train_loss=1.2793 train_acc=0.552 | val_loss=0.5514 val_acc=0.800
      ep02 train_loss=1.1834 train_acc=0.560 | val_loss=0.5652 val_acc=0.800
      ep03 train_loss=1.0811 train_acc=0.631 | val_loss=0.4603 val_acc=0.600
      ep04 train_loss=1.0024 train_acc=0.680 | val_loss=0.5072 val_acc=0.800
      ep05 train_loss=0.9114 train_acc=0.755 | val_loss=0.7102 val_acc=0.800
      ep06 train_loss=0.9145 train_acc=0.768 | val_loss=0.8931 val_acc=0.400
      ep07 train_loss=0.8942 train_acc=0.780 | val_loss=0.2986 val_acc=1.000
      ep08 train_loss=0.7973 train_acc=0.859 | val_loss=0.6877 val_acc=0.600
      ep09 train_loss=0.7713 train_acc=0.896 | val_loss=0.5066 val_acc=0.800
      ep10 train_loss=0.7495 train_acc=0.888 | val_loss=0.7778 val_acc=0.800
      ep11 train_loss=0.7908 train_acc=0.851 | val_loss=0.5666 val_acc=0.800
      ep12 train_loss=0.7163 train_acc=0.884 | val_loss=0.7137 val_acc=0.800
      ep13 train_loss=0.6709 train_acc=0.942 | val_loss=0.4331 val_acc=0.800
      ep14 train_loss=0.6600 train_acc=0.950 | val_loss=0.4313 val_acc=0.800
      ep15 train_loss=0.6571 train_acc=0.942 | val_loss=0.8185 val_acc=0.800
      ep16 train_loss=0.6382 train_acc=0.954 | val_loss=0.5151 val_acc=0.800
      ep17 train_loss=0.6564 train_acc=0.946 | val_loss=0.5821 val_acc=0.800
      ep18 train_loss=0.6078 train_acc=0.983 | val_loss=0.4713 val_acc=0.800
      ep19 train_loss=0.6284 train_acc=0.988 | val_loss=0.6366 val_acc=0.800
      ep20 train_loss=0.6251 train_acc=0.963 | val_loss=0.5951 val_acc=0.800
      ep21 train_loss=0.6688 train_acc=0.942 | val_loss=0.5769 val_acc=0.800
      ep22 train_loss=0.6354 train_acc=0.967 | val_loss=0.5966 val_acc=0.800
      ep23 train_loss=0.6340 train_acc=0.963 | val_loss=0.4325 val_acc=0.800
      ep24 train_loss=0.6297 train_acc=0.975 | val_loss=0.6249 val_acc=0.800
    fold acc=0.800 time=318.5s | running pooled acc=0.676

--- Fold 5/26 | test sub05 (19 test, 227 train) ---
      ep00 train_loss=1.7149 train_acc=0.326 | val_loss=1.5867 val_acc=0.211
      ep01 train_loss=1.2962 train_acc=0.568 | val_loss=1.5690 val_acc=0.474
      ep02 train_loss=1.1407 train_acc=0.621 | val_loss=1.8917 val_acc=0.474
      ep03 train_loss=1.1155 train_acc=0.608 | val_loss=1.3712 val_acc=0.632
      ep04 train_loss=1.0715 train_acc=0.714 | val_loss=1.6079 val_acc=0.474
      ep05 train_loss=0.9109 train_acc=0.767 | val_loss=2.2051 val_acc=0.526
      ep06 train_loss=0.8604 train_acc=0.793 | val_loss=2.0985 val_acc=0.474
      ep07 train_loss=0.8961 train_acc=0.850 | val_loss=1.9001 val_acc=0.421
      ep08 train_loss=0.8555 train_acc=0.806 | val_loss=1.6728 val_acc=0.526
      ep09 train_loss=0.7540 train_acc=0.881 | val_loss=1.7080 val_acc=0.526
      ep10 train_loss=0.7588 train_acc=0.868 | val_loss=1.5652 val_acc=0.526
      ep11 train_loss=0.6982 train_acc=0.916 | val_loss=1.6921 val_acc=0.421
      ep12 train_loss=0.6729 train_acc=0.912 | val_loss=2.0635 val_acc=0.474
      ep13 train_loss=0.6877 train_acc=0.921 | val_loss=1.8954 val_acc=0.474
      ep14 train_loss=0.6568 train_acc=0.943 | val_loss=2.0304 val_acc=0.421
      ep15 train_loss=0.6581 train_acc=0.934 | val_loss=2.1412 val_acc=0.526
      ep16 train_loss=0.6497 train_acc=0.952 | val_loss=2.0135 val_acc=0.526
      ep17 train_loss=0.6302 train_acc=0.965 | val_loss=1.7788 val_acc=0.526
      ep18 train_loss=0.6675 train_acc=0.952 | val_loss=2.2185 val_acc=0.526
      ep19 train_loss=0.6565 train_acc=0.960 | val_loss=2.0355 val_acc=0.526
      ep20 train_loss=0.6403 train_acc=0.960 | val_loss=1.8139 val_acc=0.526
      ep21 train_loss=0.6569 train_acc=0.965 | val_loss=1.8858 val_acc=0.526
      ep22 train_loss=0.6338 train_acc=0.982 | val_loss=1.9292 val_acc=0.526
      ep23 train_loss=0.6211 train_acc=0.969 | val_loss=1.8249 val_acc=0.526
      ep24 train_loss=0.6571 train_acc=0.947 | val_loss=1.9597 val_acc=0.526
    fold acc=0.474 time=305.7s | running pooled acc=0.604

--- Fold 6/26 | test sub06 (5 test, 241 train) ---
      ep00 train_loss=1.7554 train_acc=0.286 | val_loss=1.2337 val_acc=0.600
      ep01 train_loss=1.3071 train_acc=0.544 | val_loss=0.9648 val_acc=0.800
      ep02 train_loss=1.1549 train_acc=0.593 | val_loss=0.7263 val_acc=0.800
      ep03 train_loss=1.0992 train_acc=0.639 | val_loss=0.7089 val_acc=0.600
      ep04 train_loss=0.9993 train_acc=0.710 | val_loss=0.8261 val_acc=0.800
      ep05 train_loss=0.8992 train_acc=0.747 | val_loss=0.6849 val_acc=0.800
      ep06 train_loss=0.8799 train_acc=0.772 | val_loss=0.5414 val_acc=0.800
      ep07 train_loss=0.8480 train_acc=0.826 | val_loss=0.6572 val_acc=0.800
      ep08 train_loss=0.8512 train_acc=0.801 | val_loss=0.8552 val_acc=0.600
      ep09 train_loss=0.7840 train_acc=0.871 | val_loss=0.4560 val_acc=0.800
      ep10 train_loss=0.7837 train_acc=0.880 | val_loss=0.9134 val_acc=0.600
      ep11 train_loss=0.7968 train_acc=0.863 | val_loss=1.1247 val_acc=0.600
      ep12 train_loss=0.7318 train_acc=0.876 | val_loss=0.9168 val_acc=0.600
      ep13 train_loss=0.7071 train_acc=0.938 | val_loss=0.7612 val_acc=0.600
      ep14 train_loss=0.6816 train_acc=0.938 | val_loss=0.9349 val_acc=0.600
      ep15 train_loss=0.6510 train_acc=0.950 | val_loss=0.9112 val_acc=0.800
      ep16 train_loss=0.6608 train_acc=0.938 | val_loss=1.0518 val_acc=0.800
      ep17 train_loss=0.6696 train_acc=0.959 | val_loss=1.0903 val_acc=0.600
      ep18 train_loss=0.6214 train_acc=0.979 | val_loss=0.9795 val_acc=0.600
      ep19 train_loss=0.6470 train_acc=0.971 | val_loss=1.0888 val_acc=0.600
      ep20 train_loss=0.6420 train_acc=0.967 | val_loss=1.1426 val_acc=0.600
      ep21 train_loss=0.6896 train_acc=0.942 | val_loss=1.0774 val_acc=0.600
      ep22 train_loss=0.6538 train_acc=0.954 | val_loss=1.0575 val_acc=0.600
      ep23 train_loss=0.6674 train_acc=0.950 | val_loss=1.0569 val_acc=0.600
      ep24 train_loss=0.6475 train_acc=0.959 | val_loss=1.1877 val_acc=0.600
    fold acc=0.600 time=311.4s | running pooled acc=0.603

--- Fold 7/26 | test sub07 (9 test, 237 train) ---
      ep00 train_loss=1.6758 train_acc=0.316 | val_loss=1.3553 val_acc=0.333
      ep01 train_loss=1.2068 train_acc=0.519 | val_loss=1.2505 val_acc=0.222
      ep02 train_loss=1.0879 train_acc=0.650 | val_loss=1.1606 val_acc=0.556
      ep03 train_loss=1.0230 train_acc=0.688 | val_loss=1.0657 val_acc=0.444
      ep04 train_loss=1.0072 train_acc=0.671 | val_loss=1.4739 val_acc=0.111
      ep05 train_loss=0.8816 train_acc=0.776 | val_loss=1.5964 val_acc=0.222
      ep06 train_loss=0.8876 train_acc=0.781 | val_loss=1.3436 val_acc=0.333
      ep07 train_loss=0.9120 train_acc=0.776 | val_loss=1.0270 val_acc=0.556
      ep08 train_loss=0.8650 train_acc=0.823 | val_loss=1.4114 val_acc=0.444
      ep09 train_loss=0.7869 train_acc=0.861 | val_loss=1.3046 val_acc=0.444
      ep10 train_loss=0.7807 train_acc=0.895 | val_loss=1.5283 val_acc=0.444
      ep11 train_loss=0.7117 train_acc=0.895 | val_loss=1.3208 val_acc=0.333
      ep12 train_loss=0.6803 train_acc=0.907 | val_loss=1.4788 val_acc=0.333
      ep13 train_loss=0.6999 train_acc=0.932 | val_loss=1.2364 val_acc=0.556
      ep14 train_loss=0.6649 train_acc=0.924 | val_loss=1.6318 val_acc=0.333
      ep15 train_loss=0.6619 train_acc=0.932 | val_loss=1.3221 val_acc=0.556
      ep16 train_loss=0.6287 train_acc=0.983 | val_loss=1.3362 val_acc=0.556
      ep17 train_loss=0.6366 train_acc=0.937 | val_loss=1.3748 val_acc=0.556
      ep18 train_loss=0.6231 train_acc=0.958 | val_loss=1.3683 val_acc=0.556
      ep19 train_loss=0.6338 train_acc=0.954 | val_loss=1.3307 val_acc=0.556
      ep20 train_loss=0.5980 train_acc=0.975 | val_loss=1.3359 val_acc=0.556
      ep21 train_loss=0.6278 train_acc=0.958 | val_loss=1.3372 val_acc=0.556
      ep22 train_loss=0.6035 train_acc=0.975 | val_loss=1.2922 val_acc=0.556
      ep23 train_loss=0.6110 train_acc=0.975 | val_loss=1.3617 val_acc=0.556
      ep24 train_loss=0.6310 train_acc=0.954 | val_loss=1.4232 val_acc=0.556
    fold acc=0.667 time=308.9s | running pooled acc=0.612

--- Fold 8/26 | test sub08 (3 test, 243 train) ---
      ep00 train_loss=1.7417 train_acc=0.329 | val_loss=0.8543 val_acc=0.667
      ep01 train_loss=1.2541 train_acc=0.568 | val_loss=0.8019 val_acc=0.333
      ep02 train_loss=1.1240 train_acc=0.642 | val_loss=1.2644 val_acc=0.667
      ep03 train_loss=1.0766 train_acc=0.687 | val_loss=2.5229 val_acc=0.333
      ep04 train_loss=0.9991 train_acc=0.720 | val_loss=1.4083 val_acc=0.333
      ep05 train_loss=0.9830 train_acc=0.745 | val_loss=2.1012 val_acc=0.667
      ep06 train_loss=0.8808 train_acc=0.765 | val_loss=2.2991 val_acc=0.333
      ep07 train_loss=0.9511 train_acc=0.798 | val_loss=1.2284 val_acc=0.667
      ep08 train_loss=0.8082 train_acc=0.831 | val_loss=1.1933 val_acc=0.667
      ep09 train_loss=0.7984 train_acc=0.831 | val_loss=2.0099 val_acc=0.333
      ep10 train_loss=0.7268 train_acc=0.889 | val_loss=1.1945 val_acc=0.667
      ep11 train_loss=0.7242 train_acc=0.897 | val_loss=1.5326 val_acc=0.667
      ep12 train_loss=0.7823 train_acc=0.868 | val_loss=1.7821 val_acc=0.667
      ep13 train_loss=0.7554 train_acc=0.897 | val_loss=1.3796 val_acc=0.667
      ep14 train_loss=0.6578 train_acc=0.963 | val_loss=1.9371 val_acc=0.667
      ep15 train_loss=0.6880 train_acc=0.938 | val_loss=1.4438 val_acc=0.667
      ep16 train_loss=0.7026 train_acc=0.922 | val_loss=1.6610 val_acc=0.667
      ep17 train_loss=0.6415 train_acc=0.971 | val_loss=1.5109 val_acc=0.667
      ep18 train_loss=0.6343 train_acc=0.988 | val_loss=1.3276 val_acc=0.667
      ep19 train_loss=0.6440 train_acc=0.951 | val_loss=1.4635 val_acc=0.667
      ep20 train_loss=0.6253 train_acc=0.975 | val_loss=1.5776 val_acc=0.667
      ep21 train_loss=0.6336 train_acc=0.971 | val_loss=1.2971 val_acc=0.667
      ep22 train_loss=0.6010 train_acc=0.996 | val_loss=1.3806 val_acc=0.667
      ep23 train_loss=0.6617 train_acc=0.951 | val_loss=1.4896 val_acc=0.667
      ep24 train_loss=0.6481 train_acc=0.971 | val_loss=1.5256 val_acc=0.667
    fold acc=0.667 time=311.1s | running pooled acc=0.614

--- Fold 9/26 | test sub09 (13 test, 233 train) ---
      ep00 train_loss=1.7258 train_acc=0.330 | val_loss=1.1778 val_acc=0.462
      ep01 train_loss=1.3643 train_acc=0.511 | val_loss=0.5583 val_acc=0.846
      ep02 train_loss=1.1942 train_acc=0.627 | val_loss=0.8218 val_acc=0.692
      ep03 train_loss=1.0377 train_acc=0.682 | val_loss=0.6093 val_acc=0.692
      ep04 train_loss=1.1310 train_acc=0.652 | val_loss=1.2288 val_acc=0.538
      ep05 train_loss=0.9471 train_acc=0.704 | val_loss=1.1922 val_acc=0.538
      ep06 train_loss=0.9837 train_acc=0.777 | val_loss=0.7601 val_acc=0.538
      ep07 train_loss=0.8792 train_acc=0.807 | val_loss=1.0359 val_acc=0.615
      ep08 train_loss=0.8339 train_acc=0.858 | val_loss=0.8143 val_acc=0.538
      ep09 train_loss=0.8492 train_acc=0.828 | val_loss=1.0241 val_acc=0.615
      ep10 train_loss=0.8125 train_acc=0.854 | val_loss=0.8128 val_acc=0.769
      ep11 train_loss=0.7337 train_acc=0.880 | val_loss=0.9835 val_acc=0.692
      ep12 train_loss=0.7222 train_acc=0.910 | val_loss=0.9185 val_acc=0.769
      ep13 train_loss=0.7378 train_acc=0.910 | val_loss=1.0040 val_acc=0.615
      ep14 train_loss=0.7070 train_acc=0.936 | val_loss=0.8434 val_acc=0.769
      ep15 train_loss=0.7175 train_acc=0.910 | val_loss=0.7060 val_acc=0.769
      ep16 train_loss=0.6895 train_acc=0.940 | val_loss=0.6565 val_acc=0.769
      ep17 train_loss=0.6704 train_acc=0.953 | val_loss=0.5927 val_acc=0.692
      ep18 train_loss=0.6722 train_acc=0.953 | val_loss=0.6533 val_acc=0.692
      ep19 train_loss=0.6950 train_acc=0.944 | val_loss=0.6943 val_acc=0.615
      ep20 train_loss=0.6420 train_acc=0.974 | val_loss=0.7150 val_acc=0.692
      ep21 train_loss=0.6797 train_acc=0.944 | val_loss=0.7461 val_acc=0.615
      ep22 train_loss=0.6229 train_acc=0.979 | val_loss=0.7148 val_acc=0.692
      ep23 train_loss=0.6930 train_acc=0.953 | val_loss=0.6472 val_acc=0.692
      ep24 train_loss=0.6421 train_acc=0.966 | val_loss=0.8141 val_acc=0.615
    fold acc=0.692 time=308.8s | running pooled acc=0.627

--- Fold 10/26 | test sub10 (13 test, 233 train) ---
      ep00 train_loss=1.6752 train_acc=0.365 | val_loss=1.0755 val_acc=0.462
      ep01 train_loss=1.3436 train_acc=0.481 | val_loss=0.7180 val_acc=0.846
      ep02 train_loss=1.1244 train_acc=0.631 | val_loss=0.9727 val_acc=0.769
      ep03 train_loss=1.0046 train_acc=0.665 | val_loss=0.7888 val_acc=0.846
      ep04 train_loss=1.0995 train_acc=0.652 | val_loss=1.2625 val_acc=0.462
      ep05 train_loss=0.9678 train_acc=0.657 | val_loss=0.5814 val_acc=0.846
      ep06 train_loss=0.9635 train_acc=0.738 | val_loss=0.6972 val_acc=0.769
      ep07 train_loss=0.8178 train_acc=0.824 | val_loss=0.4690 val_acc=0.769
      ep08 train_loss=0.8010 train_acc=0.845 | val_loss=0.4530 val_acc=0.923
      ep09 train_loss=0.8145 train_acc=0.841 | val_loss=0.3868 val_acc=0.846
      ep10 train_loss=0.8100 train_acc=0.820 | val_loss=0.3740 val_acc=0.923
      ep11 train_loss=0.7042 train_acc=0.888 | val_loss=0.6071 val_acc=0.846
      ep12 train_loss=0.6566 train_acc=0.966 | val_loss=0.7065 val_acc=0.846
      ep13 train_loss=0.7361 train_acc=0.888 | val_loss=0.6562 val_acc=0.769
      ep14 train_loss=0.6287 train_acc=0.961 | val_loss=0.4017 val_acc=0.923
      ep15 train_loss=0.6563 train_acc=0.936 | val_loss=0.2655 val_acc=0.923
      ep16 train_loss=0.6709 train_acc=0.931 | val_loss=0.5450 val_acc=0.846
      ep17 train_loss=0.6225 train_acc=0.974 | val_loss=0.4719 val_acc=0.846
      ep18 train_loss=0.6174 train_acc=0.961 | val_loss=0.3314 val_acc=0.923
      ep19 train_loss=0.6532 train_acc=0.948 | val_loss=0.3181 val_acc=0.846
      ep20 train_loss=0.5911 train_acc=0.974 | val_loss=0.4555 val_acc=0.846
      ep21 train_loss=0.6223 train_acc=0.957 | val_loss=0.4279 val_acc=0.846
      ep22 train_loss=0.5830 train_acc=0.974 | val_loss=0.3750 val_acc=0.846
      ep23 train_loss=0.6511 train_acc=0.957 | val_loss=0.4728 val_acc=0.846
      ep24 train_loss=0.5917 train_acc=0.983 | val_loss=0.5337 val_acc=0.769
    fold acc=0.846 time=309.4s | running pooled acc=0.656

--- Fold 11/26 | test sub11 (10 test, 236 train) ---
      ep00 train_loss=1.7137 train_acc=0.309 | val_loss=1.2717 val_acc=0.300
      ep01 train_loss=1.2967 train_acc=0.525 | val_loss=1.1120 val_acc=0.400
      ep02 train_loss=1.1418 train_acc=0.636 | val_loss=0.9493 val_acc=0.400
      ep03 train_loss=1.0645 train_acc=0.653 | val_loss=0.7810 val_acc=0.700
      ep04 train_loss=1.0208 train_acc=0.682 | val_loss=0.8720 val_acc=0.700
      ep05 train_loss=0.9343 train_acc=0.750 | val_loss=0.8219 val_acc=0.700
      ep06 train_loss=0.8805 train_acc=0.775 | val_loss=0.8106 val_acc=0.600
      ep07 train_loss=0.8842 train_acc=0.775 | val_loss=0.9977 val_acc=0.700
      ep08 train_loss=0.8397 train_acc=0.801 | val_loss=0.5591 val_acc=0.900
      ep09 train_loss=0.7689 train_acc=0.877 | val_loss=0.8772 val_acc=0.600
      ep10 train_loss=0.7459 train_acc=0.856 | val_loss=0.5767 val_acc=0.800
      ep11 train_loss=0.7463 train_acc=0.881 | val_loss=0.8740 val_acc=0.700
      ep12 train_loss=0.6503 train_acc=0.945 | val_loss=0.4267 val_acc=0.900
      ep13 train_loss=0.7128 train_acc=0.898 | val_loss=0.5319 val_acc=0.800
      ep14 train_loss=0.6990 train_acc=0.911 | val_loss=0.6792 val_acc=0.700
      ep15 train_loss=0.6652 train_acc=0.949 | val_loss=0.5796 val_acc=0.800
      ep16 train_loss=0.6497 train_acc=0.932 | val_loss=0.9088 val_acc=0.700
      ep17 train_loss=0.6503 train_acc=0.958 | val_loss=0.8732 val_acc=0.800
      ep18 train_loss=0.6079 train_acc=0.970 | val_loss=0.6606 val_acc=0.700
      ep19 train_loss=0.6133 train_acc=0.975 | val_loss=0.7270 val_acc=0.800
      ep20 train_loss=0.6586 train_acc=0.949 | val_loss=0.6610 val_acc=0.700
      ep21 train_loss=0.6322 train_acc=0.949 | val_loss=0.6141 val_acc=0.700
      ep22 train_loss=0.6033 train_acc=0.970 | val_loss=0.5990 val_acc=0.800
      ep23 train_loss=0.5981 train_acc=0.975 | val_loss=0.7175 val_acc=0.700
      ep24 train_loss=0.6324 train_acc=0.949 | val_loss=0.5966 val_acc=0.800
    fold acc=0.900 time=311.1s | running pooled acc=0.679

--- Fold 12/26 | test sub12 (12 test, 234 train) ---
      ep00 train_loss=1.7560 train_acc=0.329 | val_loss=1.0682 val_acc=0.667
      ep01 train_loss=1.3481 train_acc=0.444 | val_loss=1.2072 val_acc=0.500
      ep02 train_loss=1.1183 train_acc=0.611 | val_loss=0.8475 val_acc=0.667
      ep03 train_loss=1.0533 train_acc=0.654 | val_loss=0.6506 val_acc=0.750
      ep04 train_loss=0.9560 train_acc=0.744 | val_loss=0.9210 val_acc=0.667
      ep05 train_loss=0.9526 train_acc=0.765 | val_loss=0.8103 val_acc=0.750
      ep06 train_loss=0.8337 train_acc=0.833 | val_loss=0.4852 val_acc=0.833
      ep07 train_loss=0.8126 train_acc=0.846 | val_loss=1.1565 val_acc=0.500
      ep08 train_loss=0.8181 train_acc=0.838 | val_loss=0.7291 val_acc=0.667
      ep09 train_loss=0.7547 train_acc=0.850 | val_loss=0.5125 val_acc=0.750
      ep10 train_loss=0.7517 train_acc=0.868 | val_loss=0.4857 val_acc=0.833
      ep11 train_loss=0.7433 train_acc=0.880 | val_loss=0.5922 val_acc=0.750
      ep12 train_loss=0.7334 train_acc=0.927 | val_loss=0.7954 val_acc=0.667
      ep13 train_loss=0.7073 train_acc=0.919 | val_loss=0.5743 val_acc=0.833
      ep14 train_loss=0.6887 train_acc=0.932 | val_loss=0.5445 val_acc=0.833
      ep15 train_loss=0.6796 train_acc=0.949 | val_loss=0.5823 val_acc=0.750
      ep16 train_loss=0.6685 train_acc=0.957 | val_loss=0.4578 val_acc=0.917
      ep17 train_loss=0.6925 train_acc=0.932 | val_loss=0.5563 val_acc=0.833
      ep18 train_loss=0.6636 train_acc=0.970 | val_loss=0.5423 val_acc=0.833
      ep19 train_loss=0.6488 train_acc=0.957 | val_loss=0.4866 val_acc=0.833
      ep20 train_loss=0.6348 train_acc=0.953 | val_loss=0.4149 val_acc=0.833
      ep21 train_loss=0.6279 train_acc=0.974 | val_loss=0.4431 val_acc=0.833
      ep22 train_loss=0.6292 train_acc=0.970 | val_loss=0.5057 val_acc=0.833
      ep23 train_loss=0.6566 train_acc=0.983 | val_loss=0.4825 val_acc=0.833
      ep24 train_loss=0.6358 train_acc=0.970 | val_loss=0.4558 val_acc=0.833
    fold acc=0.917 time=310.1s | running pooled acc=0.703

--- Fold 13/26 | test sub13 (8 test, 238 train) ---
      ep00 train_loss=1.7390 train_acc=0.324 | val_loss=1.2646 val_acc=0.500
      ep01 train_loss=1.2941 train_acc=0.513 | val_loss=1.6961 val_acc=0.375
      ep02 train_loss=1.1423 train_acc=0.634 | val_loss=1.3474 val_acc=0.500
      ep03 train_loss=1.1030 train_acc=0.651 | val_loss=1.1634 val_acc=0.375
      ep04 train_loss=0.9965 train_acc=0.735 | val_loss=1.0412 val_acc=0.500
      ep05 train_loss=0.9476 train_acc=0.761 | val_loss=0.6314 val_acc=0.875
      ep06 train_loss=0.8668 train_acc=0.765 | val_loss=0.8044 val_acc=0.500
      ep07 train_loss=0.8655 train_acc=0.769 | val_loss=1.0038 val_acc=0.500
      ep08 train_loss=0.8710 train_acc=0.832 | val_loss=0.7659 val_acc=0.625
      ep09 train_loss=0.8276 train_acc=0.811 | val_loss=0.7514 val_acc=0.625
      ep10 train_loss=0.7166 train_acc=0.903 | val_loss=0.9203 val_acc=0.500
      ep11 train_loss=0.7077 train_acc=0.916 | val_loss=1.0595 val_acc=0.500
      ep12 train_loss=0.6919 train_acc=0.912 | val_loss=0.7845 val_acc=0.875
      ep13 train_loss=0.6952 train_acc=0.933 | val_loss=0.6157 val_acc=0.625
      ep14 train_loss=0.6980 train_acc=0.937 | val_loss=0.5367 val_acc=0.875
      ep15 train_loss=0.6468 train_acc=0.950 | val_loss=0.6177 val_acc=0.625
      ep16 train_loss=0.6536 train_acc=0.941 | val_loss=0.7188 val_acc=0.625
      ep17 train_loss=0.6261 train_acc=0.975 | val_loss=0.5366 val_acc=0.750
      ep18 train_loss=0.6344 train_acc=0.950 | val_loss=0.6408 val_acc=0.625
      ep19 train_loss=0.6478 train_acc=0.929 | val_loss=0.5276 val_acc=0.750
      ep20 train_loss=0.6228 train_acc=0.958 | val_loss=0.5076 val_acc=0.750
      ep21 train_loss=0.6168 train_acc=0.992 | val_loss=0.6904 val_acc=0.625
      ep22 train_loss=0.6402 train_acc=0.966 | val_loss=0.6168 val_acc=0.625
      ep23 train_loss=0.6272 train_acc=0.958 | val_loss=0.5795 val_acc=0.750
      ep24 train_loss=0.6075 train_acc=0.983 | val_loss=0.5475 val_acc=0.750
    fold acc=1.000 time=313.0s | running pooled acc=0.722

--- Fold 14/26 | test sub14 (4 test, 242 train) ---
      ep00 train_loss=1.6512 train_acc=0.351 | val_loss=1.2649 val_acc=0.500
      ep01 train_loss=1.3031 train_acc=0.550 | val_loss=1.6933 val_acc=0.000
      ep02 train_loss=1.1417 train_acc=0.620 | val_loss=0.9881 val_acc=0.500
      ep03 train_loss=1.0446 train_acc=0.707 | val_loss=1.0834 val_acc=0.500
      ep04 train_loss=0.9931 train_acc=0.731 | val_loss=2.9954 val_acc=0.250
      ep05 train_loss=0.9013 train_acc=0.769 | val_loss=1.6091 val_acc=0.500
      ep06 train_loss=0.8274 train_acc=0.851 | val_loss=2.3512 val_acc=0.000
      ep07 train_loss=0.8009 train_acc=0.826 | val_loss=1.1323 val_acc=0.750
      ep08 train_loss=0.8650 train_acc=0.831 | val_loss=2.1509 val_acc=0.000
      ep09 train_loss=0.7665 train_acc=0.860 | val_loss=1.0212 val_acc=0.750
      ep10 train_loss=0.7450 train_acc=0.893 | val_loss=1.4109 val_acc=0.250
      ep11 train_loss=0.7040 train_acc=0.934 | val_loss=1.3072 val_acc=0.250
      ep12 train_loss=0.7765 train_acc=0.868 | val_loss=0.5910 val_acc=0.750
      ep13 train_loss=0.7162 train_acc=0.934 | val_loss=1.1549 val_acc=0.250
      ep14 train_loss=0.7033 train_acc=0.913 | val_loss=1.1796 val_acc=0.250
      ep15 train_loss=0.7097 train_acc=0.917 | val_loss=0.7134 val_acc=0.500
      ep16 train_loss=0.6576 train_acc=0.955 | val_loss=1.5923 val_acc=0.250
      ep17 train_loss=0.7153 train_acc=0.934 | val_loss=1.4132 val_acc=0.500
      ep18 train_loss=0.6674 train_acc=0.959 | val_loss=1.2578 val_acc=0.500
      ep19 train_loss=0.6410 train_acc=0.934 | val_loss=1.4416 val_acc=0.250
      ep20 train_loss=0.6500 train_acc=0.967 | val_loss=1.2991 val_acc=0.500
      ep21 train_loss=0.6645 train_acc=0.963 | val_loss=1.2305 val_acc=0.500
      ep22 train_loss=0.6379 train_acc=0.959 | val_loss=1.2768 val_acc=0.500
      ep23 train_loss=0.6113 train_acc=0.992 | val_loss=1.0769 val_acc=0.500
      ep24 train_loss=0.6556 train_acc=0.950 | val_loss=1.1047 val_acc=0.500
    fold acc=0.500 time=314.3s | running pooled acc=0.715

--- Fold 15/26 | test sub15 (3 test, 243 train) ---
      ep00 train_loss=1.7183 train_acc=0.317 | val_loss=1.3534 val_acc=0.333
      ep01 train_loss=1.2452 train_acc=0.506 | val_loss=1.4031 val_acc=0.667
      ep02 train_loss=1.1312 train_acc=0.634 | val_loss=0.9065 val_acc=0.333
      ep03 train_loss=1.0663 train_acc=0.704 | val_loss=1.7440 val_acc=0.000
      ep04 train_loss=1.0042 train_acc=0.671 | val_loss=0.8417 val_acc=1.000
      ep05 train_loss=0.9458 train_acc=0.778 | val_loss=0.6519 val_acc=1.000
      ep06 train_loss=0.8296 train_acc=0.840 | val_loss=0.5487 val_acc=1.000
      ep07 train_loss=0.8893 train_acc=0.807 | val_loss=0.6491 val_acc=1.000
      ep08 train_loss=0.8319 train_acc=0.860 | val_loss=1.2949 val_acc=0.333
      ep09 train_loss=0.7610 train_acc=0.893 | val_loss=0.9781 val_acc=0.667
      ep10 train_loss=0.6840 train_acc=0.951 | val_loss=1.2379 val_acc=0.333
      ep11 train_loss=0.7155 train_acc=0.893 | val_loss=1.0707 val_acc=0.000
      ep12 train_loss=0.7405 train_acc=0.901 | val_loss=1.1546 val_acc=0.333
      ep13 train_loss=0.7603 train_acc=0.877 | val_loss=1.1131 val_acc=0.333
      ep14 train_loss=0.6789 train_acc=0.938 | val_loss=1.2696 val_acc=0.333
      ep15 train_loss=0.7208 train_acc=0.897 | val_loss=0.9801 val_acc=0.667
      ep16 train_loss=0.6784 train_acc=0.942 | val_loss=0.8312 val_acc=0.667
      ep17 train_loss=0.6479 train_acc=0.959 | val_loss=0.7668 val_acc=0.667
      ep18 train_loss=0.6507 train_acc=0.967 | val_loss=0.7274 val_acc=0.667
      ep19 train_loss=0.6717 train_acc=0.951 | val_loss=0.8194 val_acc=0.667
      ep20 train_loss=0.6326 train_acc=0.979 | val_loss=0.8989 val_acc=0.667
      ep21 train_loss=0.6117 train_acc=0.967 | val_loss=0.9249 val_acc=0.667
      ep22 train_loss=0.6210 train_acc=0.967 | val_loss=0.9291 val_acc=0.667
      ep23 train_loss=0.6658 train_acc=0.955 | val_loss=0.6900 val_acc=0.667
      ep24 train_loss=0.6841 train_acc=0.938 | val_loss=1.2223 val_acc=0.333
    fold acc=0.333 time=314.2s | running pooled acc=0.707

--- Fold 16/26 | test sub16 (4 test, 242 train) ---
      ep00 train_loss=1.6390 train_acc=0.364 | val_loss=1.7197 val_acc=0.000
      ep01 train_loss=1.3468 train_acc=0.504 | val_loss=1.6675 val_acc=0.500
      ep02 train_loss=1.1726 train_acc=0.599 | val_loss=1.7445 val_acc=0.000
      ep03 train_loss=1.0515 train_acc=0.715 | val_loss=1.4878 val_acc=0.250
      ep04 train_loss=1.0252 train_acc=0.715 | val_loss=1.5072 val_acc=0.250
      ep05 train_loss=0.8900 train_acc=0.781 | val_loss=1.6705 val_acc=0.500
      ep06 train_loss=0.8414 train_acc=0.843 | val_loss=1.5387 val_acc=0.250
      ep07 train_loss=0.8165 train_acc=0.835 | val_loss=1.0796 val_acc=0.250
      ep08 train_loss=0.8546 train_acc=0.826 | val_loss=1.3008 val_acc=0.500
      ep09 train_loss=0.7344 train_acc=0.901 | val_loss=1.5857 val_acc=0.250
      ep10 train_loss=0.7457 train_acc=0.872 | val_loss=1.0780 val_acc=0.500
      ep11 train_loss=0.7025 train_acc=0.926 | val_loss=1.5239 val_acc=0.250
      ep12 train_loss=0.7596 train_acc=0.897 | val_loss=1.3922 val_acc=0.250
      ep13 train_loss=0.6952 train_acc=0.921 | val_loss=1.5396 val_acc=0.250
      ep14 train_loss=0.6894 train_acc=0.934 | val_loss=0.9308 val_acc=0.500
      ep15 train_loss=0.6960 train_acc=0.938 | val_loss=1.2932 val_acc=0.250
      ep16 train_loss=0.6384 train_acc=0.955 | val_loss=1.3112 val_acc=0.250
      ep17 train_loss=0.7109 train_acc=0.930 | val_loss=1.2349 val_acc=0.500
      ep18 train_loss=0.6489 train_acc=0.959 | val_loss=1.5318 val_acc=0.250
      ep19 train_loss=0.6177 train_acc=0.971 | val_loss=1.1581 val_acc=0.250
      ep20 train_loss=0.6373 train_acc=0.979 | val_loss=1.1679 val_acc=0.250
      ep21 train_loss=0.6662 train_acc=0.959 | val_loss=1.2409 val_acc=0.250
      ep22 train_loss=0.6320 train_acc=0.967 | val_loss=1.1691 val_acc=0.250
      ep23 train_loss=0.6002 train_acc=0.988 | val_loss=1.1418 val_acc=0.250
      ep24 train_loss=0.6456 train_acc=0.950 | val_loss=0.9138 val_acc=0.500
    fold acc=0.250 time=316.1s | running pooled acc=0.693

--- Fold 17/26 | test sub17 (34 test, 212 train) ---
      ep00 train_loss=1.7382 train_acc=0.321 | val_loss=1.0860 val_acc=0.559
      ep01 train_loss=1.3438 train_acc=0.509 | val_loss=1.2409 val_acc=0.471
      ep02 train_loss=1.1732 train_acc=0.575 | val_loss=1.1123 val_acc=0.500
      ep03 train_loss=1.1413 train_acc=0.670 | val_loss=1.1982 val_acc=0.441
      ep04 train_loss=1.0147 train_acc=0.764 | val_loss=0.9441 val_acc=0.559
      ep05 train_loss=1.0096 train_acc=0.722 | val_loss=0.7450 val_acc=0.735
      ep06 train_loss=0.9079 train_acc=0.788 | val_loss=1.2443 val_acc=0.412
      ep07 train_loss=0.9687 train_acc=0.778 | val_loss=1.2162 val_acc=0.412
      ep08 train_loss=0.8334 train_acc=0.840 | val_loss=0.9248 val_acc=0.706
      ep09 train_loss=0.8724 train_acc=0.825 | val_loss=0.7758 val_acc=0.706
      ep10 train_loss=0.8818 train_acc=0.811 | val_loss=1.0558 val_acc=0.588
      ep11 train_loss=0.7301 train_acc=0.877 | val_loss=0.9501 val_acc=0.618
      ep12 train_loss=0.8124 train_acc=0.877 | val_loss=0.9949 val_acc=0.618
      ep13 train_loss=0.7723 train_acc=0.896 | val_loss=0.8468 val_acc=0.735
      ep14 train_loss=0.7744 train_acc=0.920 | val_loss=1.2721 val_acc=0.441
      ep15 train_loss=0.7523 train_acc=0.920 | val_loss=0.8092 val_acc=0.706
      ep16 train_loss=0.7163 train_acc=0.910 | val_loss=0.8120 val_acc=0.735
      ep17 train_loss=0.7055 train_acc=0.910 | val_loss=0.9339 val_acc=0.618
      ep18 train_loss=0.6760 train_acc=0.948 | val_loss=0.7005 val_acc=0.735
      ep19 train_loss=0.7073 train_acc=0.901 | val_loss=0.8814 val_acc=0.676
      ep20 train_loss=0.6640 train_acc=0.939 | val_loss=0.9100 val_acc=0.647
      ep21 train_loss=0.7164 train_acc=0.939 | val_loss=0.7877 val_acc=0.735
      ep22 train_loss=0.6714 train_acc=0.929 | val_loss=1.0369 val_acc=0.559
      ep23 train_loss=0.6873 train_acc=0.976 | val_loss=1.0592 val_acc=0.618
      ep24 train_loss=0.6890 train_acc=0.976 | val_loss=0.8974 val_acc=0.647
    fold acc=0.588 time=303.1s | running pooled acc=0.673

--- Fold 18/26 | test sub18 (3 test, 243 train) ---
      ep00 train_loss=1.7000 train_acc=0.354 | val_loss=1.2952 val_acc=0.667
      ep01 train_loss=1.2105 train_acc=0.564 | val_loss=0.9868 val_acc=1.000
      ep02 train_loss=1.1117 train_acc=0.638 | val_loss=1.1020 val_acc=0.333
      ep03 train_loss=1.0955 train_acc=0.679 | val_loss=0.7014 val_acc=0.667
      ep04 train_loss=0.9907 train_acc=0.704 | val_loss=0.7608 val_acc=0.667
      ep05 train_loss=0.8957 train_acc=0.807 | val_loss=0.3293 val_acc=1.000
      ep06 train_loss=0.8433 train_acc=0.815 | val_loss=1.1343 val_acc=0.667
      ep07 train_loss=0.8638 train_acc=0.794 | val_loss=0.6042 val_acc=1.000
      ep08 train_loss=0.8162 train_acc=0.852 | val_loss=0.7146 val_acc=0.667
      ep09 train_loss=0.7585 train_acc=0.848 | val_loss=0.6806 val_acc=0.667
      ep10 train_loss=0.7569 train_acc=0.877 | val_loss=0.4632 val_acc=1.000
      ep11 train_loss=0.6835 train_acc=0.926 | val_loss=1.0562 val_acc=0.333
      ep12 train_loss=0.7309 train_acc=0.889 | val_loss=0.6835 val_acc=1.000
      ep13 train_loss=0.7440 train_acc=0.889 | val_loss=0.8440 val_acc=0.333
      ep14 train_loss=0.6730 train_acc=0.930 | val_loss=0.3493 val_acc=1.000
      ep15 train_loss=0.7041 train_acc=0.922 | val_loss=0.5075 val_acc=1.000
      ep16 train_loss=0.6775 train_acc=0.922 | val_loss=0.4526 val_acc=1.000
      ep17 train_loss=0.6347 train_acc=0.963 | val_loss=0.6740 val_acc=1.000
      ep18 train_loss=0.6341 train_acc=0.971 | val_loss=0.5882 val_acc=1.000
      ep19 train_loss=0.6734 train_acc=0.930 | val_loss=0.7515 val_acc=0.667
      ep20 train_loss=0.6305 train_acc=0.963 | val_loss=0.8053 val_acc=0.667
      ep21 train_loss=0.6194 train_acc=0.971 | val_loss=0.5872 val_acc=1.000
      ep22 train_loss=0.6407 train_acc=0.955 | val_loss=0.6519 val_acc=1.000
      ep23 train_loss=0.6749 train_acc=0.942 | val_loss=0.6843 val_acc=0.667
      ep24 train_loss=0.6404 train_acc=0.955 | val_loss=0.6654 val_acc=1.000
    fold acc=1.000 time=314.7s | running pooled acc=0.678

--- Fold 19/26 | test sub19 (15 test, 231 train) ---
      ep00 train_loss=1.7239 train_acc=0.377 | val_loss=1.3397 val_acc=0.267
      ep01 train_loss=1.3545 train_acc=0.459 | val_loss=0.9859 val_acc=0.667
      ep02 train_loss=1.1308 train_acc=0.615 | val_loss=0.9276 val_acc=0.667
      ep03 train_loss=1.0888 train_acc=0.649 | val_loss=0.7315 val_acc=0.733
      ep04 train_loss=0.9996 train_acc=0.667 | val_loss=0.8912 val_acc=0.667
      ep05 train_loss=0.9943 train_acc=0.688 | val_loss=0.8081 val_acc=0.867
      ep06 train_loss=0.8767 train_acc=0.792 | val_loss=0.7141 val_acc=0.867
      ep07 train_loss=0.8785 train_acc=0.818 | val_loss=0.7152 val_acc=0.800
      ep08 train_loss=0.8454 train_acc=0.823 | val_loss=0.6915 val_acc=0.800
      ep09 train_loss=0.7624 train_acc=0.840 | val_loss=0.9323 val_acc=0.733
      ep10 train_loss=0.7566 train_acc=0.883 | val_loss=0.8767 val_acc=0.667
      ep11 train_loss=0.7404 train_acc=0.883 | val_loss=0.8262 val_acc=0.733
      ep12 train_loss=0.7503 train_acc=0.900 | val_loss=0.9578 val_acc=0.667
      ep13 train_loss=0.7691 train_acc=0.879 | val_loss=1.0270 val_acc=0.600
      ep14 train_loss=0.6948 train_acc=0.948 | val_loss=0.9027 val_acc=0.733
      ep15 train_loss=0.6768 train_acc=0.957 | val_loss=0.9094 val_acc=0.800
      ep16 train_loss=0.6509 train_acc=0.970 | val_loss=0.9849 val_acc=0.800
      ep17 train_loss=0.7361 train_acc=0.926 | val_loss=0.7677 val_acc=0.800
      ep18 train_loss=0.6791 train_acc=0.957 | val_loss=0.7137 val_acc=0.733
      ep19 train_loss=0.6655 train_acc=0.961 | val_loss=0.6819 val_acc=0.867
      ep20 train_loss=0.6808 train_acc=0.970 | val_loss=0.7979 val_acc=0.733
      ep21 train_loss=0.6703 train_acc=0.961 | val_loss=0.7275 val_acc=0.733
      ep22 train_loss=0.6561 train_acc=0.965 | val_loss=0.6656 val_acc=0.800
      ep23 train_loss=0.6695 train_acc=0.961 | val_loss=0.7255 val_acc=0.800
      ep24 train_loss=0.6639 train_acc=0.952 | val_loss=0.6682 val_acc=0.800
    fold acc=0.800 time=310.2s | running pooled acc=0.688

--- Fold 20/26 | test sub20 (11 test, 235 train) ---
      ep00 train_loss=1.7085 train_acc=0.319 | val_loss=1.1861 val_acc=0.727
      ep01 train_loss=1.2128 train_acc=0.540 | val_loss=1.3561 val_acc=0.545
      ep02 train_loss=1.1517 train_acc=0.638 | val_loss=1.6094 val_acc=0.182
      ep03 train_loss=1.0339 train_acc=0.660 | val_loss=1.4099 val_acc=0.273
      ep04 train_loss=1.0373 train_acc=0.689 | val_loss=1.6101 val_acc=0.273
      ep05 train_loss=0.9426 train_acc=0.719 | val_loss=1.6733 val_acc=0.273
      ep06 train_loss=0.9176 train_acc=0.745 | val_loss=1.4272 val_acc=0.273
      ep07 train_loss=0.8429 train_acc=0.779 | val_loss=2.3756 val_acc=0.273
      ep08 train_loss=0.7732 train_acc=0.855 | val_loss=1.3524 val_acc=0.364
      ep09 train_loss=0.7559 train_acc=0.843 | val_loss=2.0279 val_acc=0.182
      ep10 train_loss=0.7402 train_acc=0.864 | val_loss=1.7098 val_acc=0.455
      ep11 train_loss=0.6611 train_acc=0.919 | val_loss=1.6192 val_acc=0.545
      ep12 train_loss=0.7894 train_acc=0.877 | val_loss=1.1359 val_acc=0.727
      ep13 train_loss=0.7002 train_acc=0.885 | val_loss=1.2260 val_acc=0.545
      ep14 train_loss=0.6848 train_acc=0.898 | val_loss=1.2133 val_acc=0.545
      ep15 train_loss=0.6614 train_acc=0.928 | val_loss=1.1636 val_acc=0.545
      ep16 train_loss=0.6711 train_acc=0.923 | val_loss=1.4641 val_acc=0.364
      ep17 train_loss=0.6428 train_acc=0.936 | val_loss=1.2370 val_acc=0.455
      ep18 train_loss=0.6787 train_acc=0.911 | val_loss=1.4577 val_acc=0.455
      ep19 train_loss=0.6381 train_acc=0.945 | val_loss=1.3877 val_acc=0.455
      ep20 train_loss=0.6337 train_acc=0.957 | val_loss=1.4127 val_acc=0.545
      ep21 train_loss=0.6236 train_acc=0.966 | val_loss=1.3206 val_acc=0.455
      ep22 train_loss=0.6181 train_acc=0.974 | val_loss=1.3696 val_acc=0.545
      ep23 train_loss=0.6295 train_acc=0.953 | val_loss=1.4664 val_acc=0.455
      ep24 train_loss=0.6201 train_acc=0.970 | val_loss=1.2207 val_acc=0.545
    fold acc=0.636 time=313.9s | running pooled acc=0.685

--- Fold 21/26 | test sub21 (2 test, 244 train) ---
      ep00 train_loss=1.7228 train_acc=0.324 | val_loss=1.4675 val_acc=0.000
      ep01 train_loss=1.2524 train_acc=0.520 | val_loss=1.5525 val_acc=0.500
      ep02 train_loss=1.0658 train_acc=0.631 | val_loss=1.4696 val_acc=0.500
      ep03 train_loss=0.9883 train_acc=0.709 | val_loss=1.9905 val_acc=0.000
      ep04 train_loss=0.9782 train_acc=0.717 | val_loss=2.4308 val_acc=0.500
      ep05 train_loss=0.9916 train_acc=0.705 | val_loss=2.7522 val_acc=0.500
      ep06 train_loss=0.9750 train_acc=0.697 | val_loss=2.2511 val_acc=0.500
      ep07 train_loss=0.8560 train_acc=0.811 | val_loss=3.0653 val_acc=0.500
      ep08 train_loss=0.7824 train_acc=0.811 | val_loss=2.3045 val_acc=0.500
      ep09 train_loss=0.7950 train_acc=0.865 | val_loss=2.8192 val_acc=0.500
      ep10 train_loss=0.7118 train_acc=0.914 | val_loss=2.8785 val_acc=0.500
      ep11 train_loss=0.7376 train_acc=0.885 | val_loss=3.4050 val_acc=0.500
      ep12 train_loss=0.7488 train_acc=0.881 | val_loss=2.6292 val_acc=0.500
      ep13 train_loss=0.7167 train_acc=0.934 | val_loss=2.9837 val_acc=0.500
      ep14 train_loss=0.6310 train_acc=0.951 | val_loss=2.8674 val_acc=0.500
      ep15 train_loss=0.6940 train_acc=0.939 | val_loss=3.1922 val_acc=0.500
      ep16 train_loss=0.6465 train_acc=0.959 | val_loss=2.5766 val_acc=0.500
      ep17 train_loss=0.6684 train_acc=0.943 | val_loss=2.8172 val_acc=0.500
      ep18 train_loss=0.6411 train_acc=0.963 | val_loss=2.7395 val_acc=0.500
      ep19 train_loss=0.5984 train_acc=0.980 | val_loss=2.8861 val_acc=0.500
      ep20 train_loss=0.6186 train_acc=0.971 | val_loss=2.9833 val_acc=0.500
      ep21 train_loss=0.6278 train_acc=0.975 | val_loss=3.0169 val_acc=0.500
      ep22 train_loss=0.6696 train_acc=0.947 | val_loss=2.7821 val_acc=0.500
      ep23 train_loss=0.6287 train_acc=0.992 | val_loss=2.8115 val_acc=0.500
      ep24 train_loss=0.6035 train_acc=0.996 | val_loss=2.9764 val_acc=0.500
    fold acc=0.500 time=315.4s | running pooled acc=0.683

--- Fold 22/26 | test sub22 (2 test, 244 train) ---
      ep00 train_loss=1.7474 train_acc=0.311 | val_loss=0.9031 val_acc=1.000
      ep01 train_loss=1.2635 train_acc=0.525 | val_loss=0.2265 val_acc=1.000
      ep02 train_loss=1.0767 train_acc=0.635 | val_loss=0.0405 val_acc=1.000
      ep03 train_loss=1.0379 train_acc=0.664 | val_loss=0.0047 val_acc=1.000
      ep04 train_loss=1.0212 train_acc=0.709 | val_loss=0.0524 val_acc=1.000
      ep05 train_loss=1.0182 train_acc=0.697 | val_loss=0.0120 val_acc=1.000
      ep06 train_loss=0.9110 train_acc=0.750 | val_loss=0.0315 val_acc=1.000
      ep07 train_loss=0.8433 train_acc=0.832 | val_loss=0.0610 val_acc=1.000
      ep08 train_loss=0.7891 train_acc=0.816 | val_loss=0.0725 val_acc=1.000
      ep09 train_loss=0.8092 train_acc=0.844 | val_loss=0.0480 val_acc=1.000
      ep10 train_loss=0.7153 train_acc=0.906 | val_loss=0.0619 val_acc=1.000
      ep11 train_loss=0.7425 train_acc=0.865 | val_loss=0.0057 val_acc=1.000
      ep12 train_loss=0.7482 train_acc=0.861 | val_loss=0.0307 val_acc=1.000
      ep13 train_loss=0.7218 train_acc=0.939 | val_loss=0.0387 val_acc=1.000
      ep14 train_loss=0.6443 train_acc=0.943 | val_loss=0.0237 val_acc=1.000
      ep15 train_loss=0.6945 train_acc=0.943 | val_loss=0.1305 val_acc=1.000
      ep16 train_loss=0.6572 train_acc=0.955 | val_loss=0.1565 val_acc=1.000
      ep17 train_loss=0.6766 train_acc=0.943 | val_loss=0.0449 val_acc=1.000
      ep18 train_loss=0.6687 train_acc=0.926 | val_loss=0.2435 val_acc=1.000
      ep19 train_loss=0.6026 train_acc=0.975 | val_loss=0.0743 val_acc=1.000
      ep20 train_loss=0.6230 train_acc=0.980 | val_loss=0.0936 val_acc=1.000
      ep21 train_loss=0.6389 train_acc=0.967 | val_loss=0.0374 val_acc=1.000
      ep22 train_loss=0.6816 train_acc=0.934 | val_loss=0.1556 val_acc=1.000
      ep23 train_loss=0.6383 train_acc=0.959 | val_loss=0.1112 val_acc=1.000
      ep24 train_loss=0.6079 train_acc=0.992 | val_loss=0.0617 val_acc=1.000
    fold acc=1.000 time=316.6s | running pooled acc=0.686

--- Fold 23/26 | test sub23 (12 test, 234 train) ---
      ep00 train_loss=1.7003 train_acc=0.342 | val_loss=1.3268 val_acc=0.500
      ep01 train_loss=1.3465 train_acc=0.483 | val_loss=0.7154 val_acc=0.917
      ep02 train_loss=1.1818 train_acc=0.607 | val_loss=0.6586 val_acc=0.750
      ep03 train_loss=0.9911 train_acc=0.722 | val_loss=0.8396 val_acc=0.500
      ep04 train_loss=0.9755 train_acc=0.709 | val_loss=0.7155 val_acc=0.750
      ep05 train_loss=0.9942 train_acc=0.744 | val_loss=1.0853 val_acc=0.500
      ep06 train_loss=0.9079 train_acc=0.752 | val_loss=0.4319 val_acc=0.917
      ep07 train_loss=0.8391 train_acc=0.803 | val_loss=0.4903 val_acc=0.750
      ep08 train_loss=0.8157 train_acc=0.846 | val_loss=0.4433 val_acc=0.833
      ep09 train_loss=0.7904 train_acc=0.859 | val_loss=0.4225 val_acc=0.917
      ep10 train_loss=0.7578 train_acc=0.876 | val_loss=0.4909 val_acc=0.917
      ep11 train_loss=0.7161 train_acc=0.880 | val_loss=0.8888 val_acc=0.750
      ep12 train_loss=0.7105 train_acc=0.893 | val_loss=0.7145 val_acc=0.833
      ep13 train_loss=0.6807 train_acc=0.940 | val_loss=0.8769 val_acc=0.667
      ep14 train_loss=0.6794 train_acc=0.949 | val_loss=0.5779 val_acc=0.833
      ep15 train_loss=0.6732 train_acc=0.940 | val_loss=0.4989 val_acc=0.750
      ep16 train_loss=0.6572 train_acc=0.957 | val_loss=0.3026 val_acc=0.917
      ep17 train_loss=0.6683 train_acc=0.953 | val_loss=0.4369 val_acc=0.833
      ep18 train_loss=0.6155 train_acc=0.949 | val_loss=0.4338 val_acc=0.833
      ep19 train_loss=0.6389 train_acc=0.987 | val_loss=0.4440 val_acc=0.917
      ep20 train_loss=0.6575 train_acc=0.936 | val_loss=0.4244 val_acc=0.917
      ep21 train_loss=0.6148 train_acc=0.983 | val_loss=0.4319 val_acc=0.833
      ep22 train_loss=0.6322 train_acc=0.962 | val_loss=0.4138 val_acc=0.917
      ep23 train_loss=0.6343 train_acc=0.974 | val_loss=0.3772 val_acc=0.917
      ep24 train_loss=0.6820 train_acc=0.936 | val_loss=0.4332 val_acc=0.917
    fold acc=0.917 time=309.4s | running pooled acc=0.699

--- Fold 24/26 | test sub24 (7 test, 239 train) ---
      ep00 train_loss=1.7582 train_acc=0.314 | val_loss=1.1644 val_acc=0.571
      ep01 train_loss=1.2931 train_acc=0.477 | val_loss=1.0230 val_acc=0.571
      ep02 train_loss=1.0695 train_acc=0.615 | val_loss=0.9772 val_acc=0.429
      ep03 train_loss=1.0050 train_acc=0.674 | val_loss=1.0663 val_acc=0.571
      ep04 train_loss=0.9460 train_acc=0.732 | val_loss=1.1804 val_acc=0.429
      ep05 train_loss=0.9851 train_acc=0.741 | val_loss=1.3084 val_acc=0.571
      ep06 train_loss=0.9295 train_acc=0.778 | val_loss=1.4684 val_acc=0.429
      ep07 train_loss=0.8807 train_acc=0.799 | val_loss=0.9501 val_acc=0.571
      ep08 train_loss=0.8080 train_acc=0.828 | val_loss=1.0961 val_acc=0.571
      ep09 train_loss=0.7459 train_acc=0.883 | val_loss=1.4048 val_acc=0.429
      ep10 train_loss=0.6986 train_acc=0.908 | val_loss=1.1897 val_acc=0.571
      ep11 train_loss=0.7022 train_acc=0.929 | val_loss=1.5339 val_acc=0.571
      ep12 train_loss=0.7015 train_acc=0.908 | val_loss=1.1441 val_acc=0.571
      ep13 train_loss=0.6746 train_acc=0.925 | val_loss=1.2369 val_acc=0.571
      ep14 train_loss=0.6381 train_acc=0.962 | val_loss=1.2597 val_acc=0.571
      ep15 train_loss=0.6513 train_acc=0.937 | val_loss=1.1850 val_acc=0.714
      ep16 train_loss=0.6426 train_acc=0.950 | val_loss=1.3158 val_acc=0.571
      ep17 train_loss=0.6480 train_acc=0.954 | val_loss=1.3464 val_acc=0.571
      ep18 train_loss=0.6460 train_acc=0.941 | val_loss=1.3228 val_acc=0.571
      ep19 train_loss=0.6318 train_acc=0.971 | val_loss=1.2132 val_acc=0.714
      ep20 train_loss=0.6394 train_acc=0.979 | val_loss=1.2419 val_acc=0.571
      ep21 train_loss=0.5967 train_acc=0.983 | val_loss=1.2970 val_acc=0.571
      ep22 train_loss=0.6259 train_acc=0.979 | val_loss=1.2405 val_acc=0.571
      ep23 train_loss=0.6570 train_acc=0.950 | val_loss=1.2968 val_acc=0.714
      ep24 train_loss=0.6265 train_acc=0.967 | val_loss=1.2883 val_acc=0.571
    fold acc=0.571 time=310.9s | running pooled acc=0.695

--- Fold 25/26 | test sub25 (7 test, 239 train) ---
      ep00 train_loss=1.7420 train_acc=0.297 | val_loss=1.2551 val_acc=0.286
      ep01 train_loss=1.2921 train_acc=0.502 | val_loss=1.1623 val_acc=0.429
      ep02 train_loss=1.0768 train_acc=0.640 | val_loss=0.8035 val_acc=0.571
      ep03 train_loss=1.0068 train_acc=0.686 | val_loss=0.9286 val_acc=0.714
      ep04 train_loss=0.9580 train_acc=0.715 | val_loss=0.8924 val_acc=0.429
      ep05 train_loss=0.9835 train_acc=0.736 | val_loss=0.6273 val_acc=0.857
      ep06 train_loss=0.9317 train_acc=0.753 | val_loss=0.5507 val_acc=0.714
      ep07 train_loss=0.8729 train_acc=0.828 | val_loss=0.6050 val_acc=0.714
      ep08 train_loss=0.8170 train_acc=0.837 | val_loss=0.5866 val_acc=0.714
      ep09 train_loss=0.7691 train_acc=0.887 | val_loss=1.0277 val_acc=0.429
      ep10 train_loss=0.7444 train_acc=0.904 | val_loss=0.9379 val_acc=0.714
      ep11 train_loss=0.7192 train_acc=0.925 | val_loss=1.2540 val_acc=0.571
      ep12 train_loss=0.6925 train_acc=0.925 | val_loss=0.7355 val_acc=0.714
      ep13 train_loss=0.6720 train_acc=0.937 | val_loss=0.9010 val_acc=0.714
      ep14 train_loss=0.6676 train_acc=0.929 | val_loss=0.7729 val_acc=0.714
      ep15 train_loss=0.6674 train_acc=0.941 | val_loss=0.8002 val_acc=0.714
      ep16 train_loss=0.6430 train_acc=0.958 | val_loss=0.8611 val_acc=0.714
      ep17 train_loss=0.6700 train_acc=0.933 | val_loss=1.0306 val_acc=0.571
      ep18 train_loss=0.6491 train_acc=0.950 | val_loss=0.8272 val_acc=0.714
      ep19 train_loss=0.6411 train_acc=0.975 | val_loss=0.8362 val_acc=0.714
      ep20 train_loss=0.6586 train_acc=0.971 | val_loss=1.0367 val_acc=0.571
      ep21 train_loss=0.6088 train_acc=0.975 | val_loss=1.0423 val_acc=0.571
      ep22 train_loss=0.6352 train_acc=0.954 | val_loss=0.9202 val_acc=0.714
      ep23 train_loss=0.6572 train_acc=0.954 | val_loss=0.8855 val_acc=0.714
      ep24 train_loss=0.6312 train_acc=0.967 | val_loss=0.9054 val_acc=0.714
    fold acc=0.714 time=311.1s | running pooled acc=0.696

--- Fold 26/26 | test sub26 (16 test, 230 train) ---
      ep00 train_loss=1.6685 train_acc=0.343 | val_loss=1.1587 val_acc=0.562
      ep01 train_loss=1.2886 train_acc=0.543 | val_loss=1.2060 val_acc=0.438
      ep02 train_loss=1.0995 train_acc=0.643 | val_loss=1.8357 val_acc=0.250
      ep03 train_loss=1.0364 train_acc=0.678 | val_loss=2.0966 val_acc=0.312
      ep04 train_loss=0.9351 train_acc=0.774 | val_loss=1.2655 val_acc=0.375
      ep05 train_loss=0.9833 train_acc=0.722 | val_loss=1.4537 val_acc=0.375
      ep06 train_loss=0.8285 train_acc=0.804 | val_loss=1.5314 val_acc=0.500
      ep07 train_loss=0.8242 train_acc=0.835 | val_loss=2.2228 val_acc=0.312
      ep08 train_loss=0.7662 train_acc=0.852 | val_loss=1.3490 val_acc=0.438
      ep09 train_loss=0.7464 train_acc=0.878 | val_loss=1.6662 val_acc=0.312
      ep10 train_loss=0.7761 train_acc=0.835 | val_loss=1.5956 val_acc=0.438
      ep11 train_loss=0.6960 train_acc=0.904 | val_loss=2.3919 val_acc=0.375
      ep12 train_loss=0.6781 train_acc=0.939 | val_loss=1.5127 val_acc=0.438
      ep13 train_loss=0.6746 train_acc=0.917 | val_loss=1.7250 val_acc=0.312
      ep14 train_loss=0.6555 train_acc=0.943 | val_loss=2.1682 val_acc=0.375
      ep15 train_loss=0.6700 train_acc=0.952 | val_loss=1.5850 val_acc=0.438
      ep16 train_loss=0.6749 train_acc=0.948 | val_loss=1.4729 val_acc=0.500
      ep17 train_loss=0.6299 train_acc=0.961 | val_loss=1.7216 val_acc=0.375
      ep18 train_loss=0.6541 train_acc=0.952 | val_loss=1.6386 val_acc=0.438
      ep19 train_loss=0.6103 train_acc=0.983 | val_loss=1.9926 val_acc=0.375
      ep20 train_loss=0.6201 train_acc=0.965 | val_loss=1.7094 val_acc=0.375
      ep21 train_loss=0.6559 train_acc=0.961 | val_loss=1.5502 val_acc=0.375
      ep22 train_loss=0.5835 train_acc=0.970 | val_loss=1.9098 val_acc=0.375
      ep23 train_loss=0.5961 train_acc=0.987 | val_loss=1.6525 val_acc=0.375
      ep24 train_loss=0.6205 train_acc=0.948 | val_loss=1.9734 val_acc=0.375
    fold acc=0.375 time=307.7s | running pooled acc=0.675

=== FINAL (pooled LOSO) ===
UF1 = 0.6908
UAR = 0.6964
ACC = 0.6748
per-class F1: happiness=0.585, disgust=0.661, repression=0.643, surprise=0.902, others=0.663
per-class recall: happiness=0.594, disgust=0.635, repression=0.667, surprise=0.920, others=0.667
confusion matrix (rows=true):
        happin disgus repres surpri others
happine     19      2      1      1      9
disgust      3     40      1      0     19
repress      3      0     18      0      6
surpris      1      0      1     23      0
 others      7     16      8      2     66

saved to D:\AI-Projects\casmeII-new-from-sequence-model\experiments\iter_09
elapsed 8124.4s
