=== EXPERIMENT iter_29_noweight_qsmoke ===
time: 2026-07-17T07:36:57.033600
device: cuda (NVIDIA GeForce RTX 3060)
platform: Windows-10-10.0.26200-SP0 | torch 2.6.0+cu124
config:
{
  "seed": 42,
  "T": 16,
  "img_size": 128,
  "base_size": 144,
  "input_mode": "rgb",
  "backbone": "r3d_18",
  "pretrained": true,
  "dropout": 0.5,
  "epochs": 25,
  "lr": 0.0001,
  "weight_decay": 0.001,
  "batch_size": 6,
  "class_weighting": false,
  "label_smoothing": 0.1,
  "hflip": true,
  "color_jitter": 0.0,
  "temporal_jitter": true,
  "amp": true,
  "eval_last_k": 3,
  "tta": 5,
  "cache_dir": "cache/flow144",
  "index": "cache/index_emotion.csv",
  "class_names": [
    "happiness",
    "disgust",
    "repression",
    "surprise",
    "others"
  ],
  "name": "iter_29_r3d_noweight",
  "modality": "flow",
  "temporal_span": "onset_offset",
  "flow_clip": 3.0,
  "ema": 0.998,
  "ema_start_epoch": 5
}
samples: 246 | classes: 5 ['happiness', 'disgust', 'repression', 'surprise', 'others']
loading arrays into RAM...
loaded 246 arrays
[SMOKE] limiting to 2 folds: [1, 2]

--- Fold 1/2 | test sub01 (9 test, 237 train) ---
      ep00 train_loss=1.5208 train_acc=0.329 | val_loss=0.8432 val_acc=0.778
      ep01 train_loss=1.1163 train_acc=0.629 | val_loss=0.7255 val_acc=0.778
      ep02 train_loss=1.0321 train_acc=0.675 | val_loss=0.7325 val_acc=0.667
      ep03 train_loss=0.9714 train_acc=0.688 | val_loss=0.8446 val_acc=0.667
      ep04 train_loss=0.8493 train_acc=0.789 | val_loss=0.5427 val_acc=0.778
      ep05 train_loss=0.7322 train_acc=0.827 | val_loss=0.6282 val_acc=0.556
      ep06 train_loss=0.6978 train_acc=0.865 | val_loss=0.8148 val_acc=0.667
      ep07 train_loss=0.6650 train_acc=0.899 | val_loss=0.5315 val_acc=0.778
      ep08 train_loss=0.7174 train_acc=0.861 | val_loss=0.8790 val_acc=0.556
      ep09 train_loss=0.6587 train_acc=0.869 | val_loss=0.4932 val_acc=0.778
      ep10 train_loss=0.6401 train_acc=0.907 | val_loss=0.4967 val_acc=0.889
      ep11 train_loss=0.5714 train_acc=0.962 | val_loss=0.5190 val_acc=0.889
      ep12 train_loss=0.5899 train_acc=0.937 | val_loss=0.4550 val_acc=0.889
      ep13 train_loss=0.5270 train_acc=0.983 | val_loss=0.5057 val_acc=0.889
      ep14 train_loss=0.5153 train_acc=0.970 | val_loss=0.4542 val_acc=0.889
      ep15 train_loss=0.5162 train_acc=0.975 | val_loss=0.5214 val_acc=0.667
      ep16 train_loss=0.5498 train_acc=0.937 | val_loss=0.4760 val_acc=0.778
      ep17 train_loss=0.5348 train_acc=0.970 | val_loss=0.6346 val_acc=0.778
      ep18 train_loss=0.5298 train_acc=0.958 | val_loss=0.6743 val_acc=0.667
      ep19 train_loss=0.5124 train_acc=0.970 | val_loss=0.6550 val_acc=0.667
      ep20 train_loss=0.5094 train_acc=0.970 | val_loss=0.6342 val_acc=0.667
      ep21 train_loss=0.5228 train_acc=0.966 | val_loss=0.6947 val_acc=0.556
      ep22 train_loss=0.4827 train_acc=0.983 | val_loss=0.6534 val_acc=0.667
      ep23 train_loss=0.5068 train_acc=0.979 | val_loss=0.6120 val_acc=0.667
      ep24 train_loss=0.4801 train_acc=0.996 | val_loss=0.6904 val_acc=0.667
    fold acc=0.778 time=232.9s | running pooled acc=0.778

--- Fold 2/2 | test sub02 (13 test, 233 train) ---
      ep00 train_loss=1.5097 train_acc=0.391 | val_loss=1.3475 val_acc=0.385
      ep01 train_loss=1.0757 train_acc=0.657 | val_loss=1.0998 val_acc=0.615
      ep02 train_loss=1.0365 train_acc=0.678 | val_loss=1.0018 val_acc=0.692
      ep03 train_loss=0.8789 train_acc=0.768 | val_loss=1.9548 val_acc=0.308
      ep04 train_loss=0.8118 train_acc=0.781 | val_loss=1.5504 val_acc=0.385
      ep05 train_loss=0.7531 train_acc=0.815 | val_loss=1.9717 val_acc=0.462
      ep06 train_loss=0.7416 train_acc=0.854 | val_loss=1.4062 val_acc=0.462
      ep07 train_loss=0.6323 train_acc=0.897 | val_loss=1.1526 val_acc=0.538
      ep08 train_loss=0.7111 train_acc=0.863 | val_loss=2.2636 val_acc=0.385
      ep09 train_loss=0.6209 train_acc=0.910 | val_loss=1.1786 val_acc=0.615
      ep10 train_loss=0.6048 train_acc=0.927 | val_loss=1.5843 val_acc=0.462
      ep11 train_loss=0.5899 train_acc=0.940 | val_loss=1.3330 val_acc=0.462
      ep12 train_loss=0.5543 train_acc=0.961 | val_loss=1.4611 val_acc=0.385
      ep13 train_loss=0.5240 train_acc=0.957 | val_loss=1.3910 val_acc=0.538
      ep14 train_loss=0.5357 train_acc=0.970 | val_loss=1.1069 val_acc=0.615
      ep15 train_loss=0.5111 train_acc=0.970 | val_loss=1.1168 val_acc=0.538
      ep16 train_loss=0.4981 train_acc=0.987 | val_loss=1.3727 val_acc=0.615
      ep17 train_loss=0.5032 train_acc=0.991 | val_loss=1.1190 val_acc=0.615
      ep18 train_loss=0.4851 train_acc=0.987 | val_loss=1.0379 val_acc=0.615
      ep19 train_loss=0.4846 train_acc=0.991 | val_loss=1.0706 val_acc=0.615
      ep20 train_loss=0.5170 train_acc=0.966 | val_loss=1.0434 val_acc=0.692
      ep21 train_loss=0.5002 train_acc=0.974 | val_loss=0.9762 val_acc=0.615
      ep22 train_loss=0.4938 train_acc=0.991 | val_loss=1.0173 val_acc=0.538
      ep23 train_loss=0.4719 train_acc=0.996 | val_loss=0.9784 val_acc=0.692
      ep24 train_loss=0.5286 train_acc=0.974 | val_loss=1.0038 val_acc=0.462
    fold acc=0.615 time=235.6s | running pooled acc=0.682

=== FINAL (pooled LOSO) ===
UF1 = 0.6270
UAR = 0.6600
ACC = 0.6818
per-class F1: happiness=0.333, disgust=0.500, repression=0.667, surprise=0.857, others=0.778
per-class recall: happiness=0.500, disgust=0.500, repression=0.600, surprise=1.000, others=0.700
confusion matrix (rows=true):
        happin disgus repres surpri others
happine      1      0      0      1      0
disgust      0      1      0      0      1
repress      2      0      3      0      0
surpris      0      0      0      3      0
 others      1      1      1      0      7

saved to D:\AI-Projects\casmeII-new-from-sequence-model\experiments\iter_29_noweight_qsmoke
elapsed 469.6s
