=== EXPERIMENT iter_26_erase ===
time: 2026-07-17T05:43:17.892494
device: cuda (NVIDIA GeForce RTX 3060)
platform: Windows-10-10.0.26200-SP0 | torch 2.6.0+cu124
config:
{
  "seed": 42,
  "T": 16,
  "img_size": 128,
  "base_size": 144,
  "input_mode": "rgb",
  "backbone": "r3d_18",
  "pretrained": true,
  "dropout": 0.5,
  "epochs": 25,
  "lr": 0.0001,
  "weight_decay": 0.001,
  "batch_size": 6,
  "class_weighting": true,
  "label_smoothing": 0.1,
  "hflip": true,
  "color_jitter": 0.0,
  "temporal_jitter": true,
  "amp": true,
  "eval_last_k": 3,
  "tta": 5,
  "cache_dir": "cache/flow144",
  "index": "cache/index_emotion.csv",
  "class_names": [
    "happiness",
    "disgust",
    "repression",
    "surprise",
    "others"
  ],
  "name": "iter_26_r3d_erase",
  "modality": "flow",
  "temporal_span": "onset_offset",
  "flow_clip": 3.0,
  "ema": 0.998,
  "ema_start_epoch": 5,
  "random_erase": 0.25
}
samples: 246 | classes: 5 ['happiness', 'disgust', 'repression', 'surprise', 'others']
loading arrays into RAM...
loaded 246 arrays

--- Fold 1/26 | test sub01 (9 test, 237 train) ---
      ep00 train_loss=1.6132 train_acc=0.346 | val_loss=1.1907 val_acc=0.556
      ep01 train_loss=1.2557 train_acc=0.540 | val_loss=0.8661 val_acc=0.667
      ep02 train_loss=1.0958 train_acc=0.671 | val_loss=0.8110 val_acc=0.556
      ep03 train_loss=1.0559 train_acc=0.650 | val_loss=0.8890 val_acc=0.667
      ep04 train_loss=0.9858 train_acc=0.751 | val_loss=0.7689 val_acc=0.778
      ep05 train_loss=0.8734 train_acc=0.776 | val_loss=0.6253 val_acc=0.889
      ep06 train_loss=0.8509 train_acc=0.802 | val_loss=0.7937 val_acc=0.778
      ep07 train_loss=0.8283 train_acc=0.852 | val_loss=0.6808 val_acc=0.778
      ep08 train_loss=0.8635 train_acc=0.772 | val_loss=0.9446 val_acc=0.667
      ep09 train_loss=0.7767 train_acc=0.882 | val_loss=1.0645 val_acc=0.556
      ep10 train_loss=0.7815 train_acc=0.865 | val_loss=0.8180 val_acc=0.778
      ep11 train_loss=0.7142 train_acc=0.907 | val_loss=0.8110 val_acc=0.667
      ep12 train_loss=0.7300 train_acc=0.907 | val_loss=0.8102 val_acc=0.667
      ep13 train_loss=0.6585 train_acc=0.920 | val_loss=0.8143 val_acc=0.667
      ep14 train_loss=0.6566 train_acc=0.937 | val_loss=0.7500 val_acc=0.778
      ep15 train_loss=0.6697 train_acc=0.924 | val_loss=0.6821 val_acc=0.778
      ep16 train_loss=0.6800 train_acc=0.941 | val_loss=0.7763 val_acc=0.667
      ep17 train_loss=0.6485 train_acc=0.962 | val_loss=0.8270 val_acc=0.667
      ep18 train_loss=0.6601 train_acc=0.920 | val_loss=0.7866 val_acc=0.667
      ep19 train_loss=0.6460 train_acc=0.937 | val_loss=0.8258 val_acc=0.667
      ep20 train_loss=0.6558 train_acc=0.928 | val_loss=0.8519 val_acc=0.667
      ep21 train_loss=0.6301 train_acc=0.962 | val_loss=0.8585 val_acc=0.778
      ep22 train_loss=0.6220 train_acc=0.949 | val_loss=0.7815 val_acc=0.778
      ep23 train_loss=0.6504 train_acc=0.941 | val_loss=0.8603 val_acc=0.667
      ep24 train_loss=0.6255 train_acc=0.970 | val_loss=0.8609 val_acc=0.667
    fold acc=0.667 time=235.9s | running pooled acc=0.667

--- Fold 2/26 | test sub02 (13 test, 233 train) ---
      ep00 train_loss=1.6612 train_acc=0.348 | val_loss=1.0269 val_acc=0.615
      ep01 train_loss=1.1524 train_acc=0.562 | val_loss=1.8118 val_acc=0.385
      ep02 train_loss=1.1196 train_acc=0.614 | val_loss=1.1906 val_acc=0.538
      ep03 train_loss=1.0454 train_acc=0.708 | val_loss=1.6579 val_acc=0.385
      ep04 train_loss=0.9437 train_acc=0.721 | val_loss=2.3298 val_acc=0.308
      ep05 train_loss=0.9229 train_acc=0.734 | val_loss=1.8942 val_acc=0.231
      ep06 train_loss=0.8941 train_acc=0.785 | val_loss=1.3466 val_acc=0.615
      ep07 train_loss=0.8165 train_acc=0.824 | val_loss=0.9407 val_acc=0.692
      ep08 train_loss=0.8197 train_acc=0.837 | val_loss=1.3394 val_acc=0.462
      ep09 train_loss=0.7779 train_acc=0.871 | val_loss=1.3060 val_acc=0.385
      ep10 train_loss=0.8396 train_acc=0.863 | val_loss=1.4607 val_acc=0.462
      ep11 train_loss=0.7715 train_acc=0.845 | val_loss=1.0725 val_acc=0.385
      ep12 train_loss=0.7274 train_acc=0.910 | val_loss=0.9055 val_acc=0.538
      ep13 train_loss=0.6995 train_acc=0.931 | val_loss=0.9341 val_acc=0.615
      ep14 train_loss=0.6959 train_acc=0.940 | val_loss=0.9150 val_acc=0.769
      ep15 train_loss=0.6782 train_acc=0.940 | val_loss=1.0272 val_acc=0.538
      ep16 train_loss=0.6764 train_acc=0.966 | val_loss=1.0140 val_acc=0.692
      ep17 train_loss=0.6593 train_acc=0.953 | val_loss=0.8820 val_acc=0.692
      ep18 train_loss=0.6660 train_acc=0.966 | val_loss=0.8855 val_acc=0.769
      ep19 train_loss=0.6331 train_acc=0.974 | val_loss=0.9708 val_acc=0.769
      ep20 train_loss=0.6819 train_acc=0.948 | val_loss=0.8629 val_acc=0.769
      ep21 train_loss=0.6669 train_acc=0.944 | val_loss=0.8747 val_acc=0.692
      ep22 train_loss=0.6770 train_acc=0.957 | val_loss=0.9950 val_acc=0.615
      ep23 train_loss=0.6445 train_acc=0.974 | val_loss=0.9230 val_acc=0.615
      ep24 train_loss=0.7123 train_acc=0.936 | val_loss=0.9433 val_acc=0.615
    fold acc=0.538 time=236.0s | running pooled acc=0.591

--- Fold 3/26 | test sub03 (7 test, 239 train) ---
      ep00 train_loss=1.5873 train_acc=0.372 | val_loss=1.4245 val_acc=0.286
      ep01 train_loss=1.1809 train_acc=0.565 | val_loss=0.9216 val_acc=0.714
      ep02 train_loss=1.1439 train_acc=0.603 | val_loss=1.1511 val_acc=0.429
      ep03 train_loss=1.0271 train_acc=0.678 | val_loss=0.9145 val_acc=0.571
      ep04 train_loss=1.0274 train_acc=0.715 | val_loss=0.9368 val_acc=0.571
      ep05 train_loss=0.8500 train_acc=0.791 | val_loss=1.0586 val_acc=0.571
      ep06 train_loss=0.8652 train_acc=0.828 | val_loss=0.9891 val_acc=0.714
      ep07 train_loss=0.9257 train_acc=0.774 | val_loss=0.8580 val_acc=0.714
      ep08 train_loss=0.7909 train_acc=0.833 | val_loss=0.9765 val_acc=0.714
      ep09 train_loss=0.7843 train_acc=0.883 | val_loss=0.8238 val_acc=0.857
      ep10 train_loss=0.7609 train_acc=0.879 | val_loss=0.6074 val_acc=0.714
      ep11 train_loss=0.6937 train_acc=0.891 | val_loss=0.7347 val_acc=0.857
      ep12 train_loss=0.7332 train_acc=0.891 | val_loss=0.8565 val_acc=0.714
      ep13 train_loss=0.6798 train_acc=0.929 | val_loss=0.9221 val_acc=0.571
      ep14 train_loss=0.6756 train_acc=0.950 | val_loss=0.6878 val_acc=0.571
      ep15 train_loss=0.6840 train_acc=0.933 | val_loss=0.6659 val_acc=0.571
      ep16 train_loss=0.6514 train_acc=0.967 | val_loss=0.7756 val_acc=0.571
      ep17 train_loss=0.6832 train_acc=0.916 | val_loss=0.6214 val_acc=0.714
      ep18 train_loss=0.6193 train_acc=0.971 | val_loss=0.7486 val_acc=0.571
      ep19 train_loss=0.6280 train_acc=0.958 | val_loss=0.6734 val_acc=0.571
      ep20 train_loss=0.6144 train_acc=0.975 | val_loss=0.7030 val_acc=0.714
      ep21 train_loss=0.6339 train_acc=0.962 | val_loss=0.7956 val_acc=0.714
      ep22 train_loss=0.6646 train_acc=0.937 | val_loss=0.7957 val_acc=0.571
      ep23 train_loss=0.6349 train_acc=0.958 | val_loss=0.7545 val_acc=0.571
      ep24 train_loss=0.6283 train_acc=0.958 | val_loss=0.7449 val_acc=0.714
    fold acc=0.857 time=237.2s | running pooled acc=0.655

--- Fold 4/26 | test sub04 (5 test, 241 train) ---
      ep00 train_loss=1.5825 train_acc=0.295 | val_loss=1.0350 val_acc=0.600
      ep01 train_loss=1.2874 train_acc=0.490 | val_loss=0.7926 val_acc=0.600
      ep02 train_loss=1.1880 train_acc=0.585 | val_loss=0.9255 val_acc=0.600
      ep03 train_loss=1.1057 train_acc=0.672 | val_loss=0.5336 val_acc=0.600
      ep04 train_loss=1.0056 train_acc=0.668 | val_loss=0.5821 val_acc=0.800
      ep05 train_loss=0.9198 train_acc=0.772 | val_loss=1.0408 val_acc=0.400
      ep06 train_loss=0.8162 train_acc=0.780 | val_loss=0.7867 val_acc=0.800
      ep07 train_loss=0.8340 train_acc=0.826 | val_loss=0.5341 val_acc=0.800
      ep08 train_loss=0.7282 train_acc=0.896 | val_loss=0.5998 val_acc=0.600
      ep09 train_loss=0.8095 train_acc=0.838 | val_loss=0.7350 val_acc=0.800
      ep10 train_loss=0.7155 train_acc=0.892 | val_loss=0.4058 val_acc=0.800
      ep11 train_loss=0.6912 train_acc=0.909 | val_loss=0.8823 val_acc=0.600
      ep12 train_loss=0.7469 train_acc=0.876 | val_loss=0.6770 val_acc=0.600
      ep13 train_loss=0.6826 train_acc=0.921 | val_loss=0.5619 val_acc=0.800
      ep14 train_loss=0.6872 train_acc=0.917 | val_loss=0.6300 val_acc=0.600
      ep15 train_loss=0.6829 train_acc=0.938 | val_loss=0.5755 val_acc=0.600
      ep16 train_loss=0.6501 train_acc=0.954 | val_loss=0.8736 val_acc=0.600
      ep17 train_loss=0.6455 train_acc=0.938 | val_loss=0.6707 val_acc=0.600
      ep18 train_loss=0.6887 train_acc=0.934 | val_loss=0.5683 val_acc=0.600
      ep19 train_loss=0.6486 train_acc=0.950 | val_loss=0.5294 val_acc=0.800
      ep20 train_loss=0.6592 train_acc=0.946 | val_loss=0.5645 val_acc=0.800
      ep21 train_loss=0.6134 train_acc=0.959 | val_loss=0.5170 val_acc=0.800
      ep22 train_loss=0.6018 train_acc=0.988 | val_loss=0.5543 val_acc=0.600
      ep23 train_loss=0.6527 train_acc=0.946 | val_loss=0.6716 val_acc=0.800
      ep24 train_loss=0.6228 train_acc=0.954 | val_loss=0.5552 val_acc=0.800
    fold acc=0.600 time=235.2s | running pooled acc=0.647

--- Fold 5/26 | test sub05 (19 test, 227 train) ---
      ep00 train_loss=1.5841 train_acc=0.300 | val_loss=1.3236 val_acc=0.421
      ep01 train_loss=1.1832 train_acc=0.568 | val_loss=1.3964 val_acc=0.368
      ep02 train_loss=1.0683 train_acc=0.665 | val_loss=1.7634 val_acc=0.368
      ep03 train_loss=1.0432 train_acc=0.705 | val_loss=2.0474 val_acc=0.421
      ep04 train_loss=0.9970 train_acc=0.727 | val_loss=1.3130 val_acc=0.421
      ep05 train_loss=0.8881 train_acc=0.771 | val_loss=1.5807 val_acc=0.421
      ep06 train_loss=0.8672 train_acc=0.841 | val_loss=1.7744 val_acc=0.421
      ep07 train_loss=0.8525 train_acc=0.828 | val_loss=1.5102 val_acc=0.421
      ep08 train_loss=0.8709 train_acc=0.833 | val_loss=1.9005 val_acc=0.421
      ep09 train_loss=0.8353 train_acc=0.855 | val_loss=1.6376 val_acc=0.474
      ep10 train_loss=0.7124 train_acc=0.881 | val_loss=1.8077 val_acc=0.421
      ep11 train_loss=0.7337 train_acc=0.863 | val_loss=1.7748 val_acc=0.474
      ep12 train_loss=0.7198 train_acc=0.903 | val_loss=1.7855 val_acc=0.474
      ep13 train_loss=0.7585 train_acc=0.872 | val_loss=2.0009 val_acc=0.368
      ep14 train_loss=0.7095 train_acc=0.921 | val_loss=1.7737 val_acc=0.474
      ep15 train_loss=0.6981 train_acc=0.947 | val_loss=1.4793 val_acc=0.526
      ep16 train_loss=0.7132 train_acc=0.930 | val_loss=1.7148 val_acc=0.421
      ep17 train_loss=0.6603 train_acc=0.974 | val_loss=1.7504 val_acc=0.421
      ep18 train_loss=0.6702 train_acc=0.947 | val_loss=1.7765 val_acc=0.368
      ep19 train_loss=0.6800 train_acc=0.947 | val_loss=1.8503 val_acc=0.368
      ep20 train_loss=0.6650 train_acc=0.960 | val_loss=1.7437 val_acc=0.421
      ep21 train_loss=0.6203 train_acc=0.974 | val_loss=1.6299 val_acc=0.474
      ep22 train_loss=0.6456 train_acc=0.960 | val_loss=1.6251 val_acc=0.421
      ep23 train_loss=0.6376 train_acc=0.965 | val_loss=1.6078 val_acc=0.421
      ep24 train_loss=0.6296 train_acc=0.974 | val_loss=1.6952 val_acc=0.421
    fold acc=0.474 time=233.4s | running pooled acc=0.585

--- Fold 6/26 | test sub06 (5 test, 241 train) ---
      ep00 train_loss=1.6029 train_acc=0.311 | val_loss=1.3204 val_acc=0.600
      ep01 train_loss=1.2420 train_acc=0.502 | val_loss=0.8913 val_acc=0.800
      ep02 train_loss=1.1475 train_acc=0.564 | val_loss=0.7625 val_acc=0.600
      ep03 train_loss=1.0637 train_acc=0.660 | val_loss=1.2658 val_acc=0.800
      ep04 train_loss=0.9893 train_acc=0.697 | val_loss=0.9794 val_acc=0.600
      ep05 train_loss=0.9272 train_acc=0.743 | val_loss=0.9914 val_acc=0.800
      ep06 train_loss=0.8447 train_acc=0.784 | val_loss=1.1687 val_acc=0.600
      ep07 train_loss=0.8641 train_acc=0.797 | val_loss=0.9164 val_acc=0.600
      ep08 train_loss=0.7898 train_acc=0.871 | val_loss=1.0562 val_acc=0.600
      ep09 train_loss=0.8290 train_acc=0.822 | val_loss=1.3564 val_acc=0.600
      ep10 train_loss=0.7351 train_acc=0.892 | val_loss=1.2093 val_acc=0.600
      ep11 train_loss=0.7212 train_acc=0.888 | val_loss=1.3567 val_acc=0.600
      ep12 train_loss=0.7442 train_acc=0.876 | val_loss=1.0496 val_acc=0.600
      ep13 train_loss=0.7141 train_acc=0.909 | val_loss=1.1910 val_acc=0.600
      ep14 train_loss=0.7081 train_acc=0.913 | val_loss=1.3688 val_acc=0.600
      ep15 train_loss=0.6859 train_acc=0.934 | val_loss=1.2917 val_acc=0.600
      ep16 train_loss=0.6404 train_acc=0.959 | val_loss=1.3471 val_acc=0.600
      ep17 train_loss=0.6319 train_acc=0.971 | val_loss=1.1647 val_acc=0.600
      ep18 train_loss=0.7059 train_acc=0.934 | val_loss=1.3200 val_acc=0.600
      ep19 train_loss=0.6506 train_acc=0.959 | val_loss=1.2020 val_acc=0.600
      ep20 train_loss=0.6636 train_acc=0.950 | val_loss=1.2677 val_acc=0.600
      ep21 train_loss=0.6260 train_acc=0.959 | val_loss=1.2979 val_acc=0.600
      ep22 train_loss=0.6297 train_acc=0.983 | val_loss=1.2656 val_acc=0.600
      ep23 train_loss=0.6798 train_acc=0.925 | val_loss=1.3844 val_acc=0.600
      ep24 train_loss=0.6330 train_acc=0.950 | val_loss=1.1907 val_acc=0.600
    fold acc=0.600 time=236.3s | running pooled acc=0.586

--- Fold 7/26 | test sub07 (9 test, 237 train) ---
      ep00 train_loss=1.5920 train_acc=0.367 | val_loss=1.3551 val_acc=0.333
      ep01 train_loss=1.1901 train_acc=0.549 | val_loss=1.0081 val_acc=0.667
      ep02 train_loss=1.0945 train_acc=0.641 | val_loss=1.2540 val_acc=0.444
      ep03 train_loss=1.0281 train_acc=0.700 | val_loss=1.2321 val_acc=0.444
      ep04 train_loss=0.9625 train_acc=0.730 | val_loss=1.3881 val_acc=0.556
      ep05 train_loss=0.9135 train_acc=0.759 | val_loss=1.2379 val_acc=0.556
      ep06 train_loss=0.8747 train_acc=0.802 | val_loss=1.6093 val_acc=0.333
      ep07 train_loss=0.8150 train_acc=0.835 | val_loss=1.6150 val_acc=0.444
      ep08 train_loss=0.8281 train_acc=0.823 | val_loss=1.4376 val_acc=0.667
      ep09 train_loss=0.8638 train_acc=0.852 | val_loss=1.6296 val_acc=0.556
      ep10 train_loss=0.7615 train_acc=0.869 | val_loss=1.8267 val_acc=0.444
      ep11 train_loss=0.6928 train_acc=0.928 | val_loss=1.4725 val_acc=0.556
      ep12 train_loss=0.7105 train_acc=0.916 | val_loss=1.3060 val_acc=0.667
      ep13 train_loss=0.6543 train_acc=0.924 | val_loss=1.4866 val_acc=0.667
      ep14 train_loss=0.6356 train_acc=0.941 | val_loss=1.5249 val_acc=0.667
      ep15 train_loss=0.6786 train_acc=0.958 | val_loss=1.5035 val_acc=0.667
      ep16 train_loss=0.6464 train_acc=0.945 | val_loss=1.5497 val_acc=0.556
      ep17 train_loss=0.6566 train_acc=0.945 | val_loss=1.7081 val_acc=0.556
      ep18 train_loss=0.6456 train_acc=0.937 | val_loss=1.6000 val_acc=0.667
      ep19 train_loss=0.6209 train_acc=0.975 | val_loss=1.7129 val_acc=0.667
      ep20 train_loss=0.6448 train_acc=0.949 | val_loss=1.6304 val_acc=0.556
      ep21 train_loss=0.6637 train_acc=0.937 | val_loss=1.7689 val_acc=0.444
      ep22 train_loss=0.6024 train_acc=0.970 | val_loss=1.5954 val_acc=0.556
      ep23 train_loss=0.6226 train_acc=0.966 | val_loss=1.6399 val_acc=0.667
      ep24 train_loss=0.6289 train_acc=0.966 | val_loss=1.6344 val_acc=0.444
    fold acc=0.556 time=237.0s | running pooled acc=0.582

--- Fold 8/26 | test sub08 (3 test, 243 train) ---
      ep00 train_loss=1.6412 train_acc=0.317 | val_loss=1.3895 val_acc=0.333
      ep01 train_loss=1.2635 train_acc=0.523 | val_loss=0.8747 val_acc=0.667
      ep02 train_loss=1.0704 train_acc=0.646 | val_loss=1.3405 val_acc=0.333
      ep03 train_loss=1.0619 train_acc=0.638 | val_loss=1.3782 val_acc=0.333
      ep04 train_loss=1.0248 train_acc=0.704 | val_loss=1.4261 val_acc=0.667
      ep05 train_loss=0.9683 train_acc=0.712 | val_loss=1.7209 val_acc=0.333
      ep06 train_loss=0.8390 train_acc=0.848 | val_loss=1.1518 val_acc=0.667
      ep07 train_loss=0.7859 train_acc=0.877 | val_loss=2.2908 val_acc=0.000
      ep08 train_loss=0.8068 train_acc=0.860 | val_loss=1.2677 val_acc=0.333
      ep09 train_loss=0.7435 train_acc=0.897 | val_loss=0.7306 val_acc=0.667
      ep10 train_loss=0.7836 train_acc=0.860 | val_loss=2.2545 val_acc=0.333
      ep11 train_loss=0.7136 train_acc=0.901 | val_loss=1.3708 val_acc=0.333
      ep12 train_loss=0.6926 train_acc=0.934 | val_loss=1.3269 val_acc=0.333
      ep13 train_loss=0.7084 train_acc=0.918 | val_loss=1.3903 val_acc=0.333
      ep14 train_loss=0.6580 train_acc=0.963 | val_loss=1.4053 val_acc=0.333
      ep15 train_loss=0.6634 train_acc=0.926 | val_loss=1.2548 val_acc=0.667
      ep16 train_loss=0.6440 train_acc=0.947 | val_loss=0.7719 val_acc=0.667
      ep17 train_loss=0.6743 train_acc=0.922 | val_loss=1.2997 val_acc=0.333
      ep18 train_loss=0.6274 train_acc=0.984 | val_loss=1.2707 val_acc=0.333
      ep19 train_loss=0.6441 train_acc=0.967 | val_loss=1.2297 val_acc=0.667
      ep20 train_loss=0.6813 train_acc=0.947 | val_loss=1.0585 val_acc=0.667
      ep21 train_loss=0.6399 train_acc=0.942 | val_loss=1.3130 val_acc=0.667
      ep22 train_loss=0.6254 train_acc=0.967 | val_loss=1.3906 val_acc=0.667
      ep23 train_loss=0.6441 train_acc=0.967 | val_loss=1.1462 val_acc=0.667
      ep24 train_loss=0.6565 train_acc=0.938 | val_loss=1.4091 val_acc=0.667
    fold acc=0.667 time=236.4s | running pooled acc=0.586

--- Fold 9/26 | test sub09 (13 test, 233 train) ---
      ep00 train_loss=1.6751 train_acc=0.343 | val_loss=1.0716 val_acc=0.769
      ep01 train_loss=1.3272 train_acc=0.528 | val_loss=0.8882 val_acc=0.615
      ep02 train_loss=1.1866 train_acc=0.597 | val_loss=0.5233 val_acc=0.692
      ep03 train_loss=0.9792 train_acc=0.734 | val_loss=0.4626 val_acc=0.923
      ep04 train_loss=1.0051 train_acc=0.687 | val_loss=0.6340 val_acc=0.769
      ep05 train_loss=0.9473 train_acc=0.785 | val_loss=0.3589 val_acc=0.923
      ep06 train_loss=0.9208 train_acc=0.760 | val_loss=0.4105 val_acc=0.846
      ep07 train_loss=0.8765 train_acc=0.815 | val_loss=0.5400 val_acc=0.846
      ep08 train_loss=0.8284 train_acc=0.858 | val_loss=0.4494 val_acc=0.846
      ep09 train_loss=0.7345 train_acc=0.893 | val_loss=0.6927 val_acc=0.769
      ep10 train_loss=0.7703 train_acc=0.867 | val_loss=0.4179 val_acc=0.923
      ep11 train_loss=0.8276 train_acc=0.833 | val_loss=0.3666 val_acc=1.000
      ep12 train_loss=0.7455 train_acc=0.906 | val_loss=0.4084 val_acc=0.923
      ep13 train_loss=0.7532 train_acc=0.931 | val_loss=0.3703 val_acc=0.923
      ep14 train_loss=0.6910 train_acc=0.927 | val_loss=0.4036 val_acc=0.923
      ep15 train_loss=0.6909 train_acc=0.961 | val_loss=0.3493 val_acc=1.000
      ep16 train_loss=0.6633 train_acc=0.961 | val_loss=0.3140 val_acc=1.000
      ep17 train_loss=0.6506 train_acc=0.961 | val_loss=0.2740 val_acc=1.000
      ep18 train_loss=0.6967 train_acc=0.944 | val_loss=0.3694 val_acc=0.923
      ep19 train_loss=0.6598 train_acc=0.948 | val_loss=0.3532 val_acc=1.000
      ep20 train_loss=0.6847 train_acc=0.948 | val_loss=0.3131 val_acc=1.000
      ep21 train_loss=0.6791 train_acc=0.948 | val_loss=0.2700 val_acc=1.000
      ep22 train_loss=0.6803 train_acc=0.961 | val_loss=0.3232 val_acc=1.000
      ep23 train_loss=0.6479 train_acc=0.970 | val_loss=0.3172 val_acc=1.000
      ep24 train_loss=0.6884 train_acc=0.961 | val_loss=0.2595 val_acc=1.000
    fold acc=0.846 time=233.6s | running pooled acc=0.627

--- Fold 10/26 | test sub10 (13 test, 233 train) ---
      ep00 train_loss=1.6497 train_acc=0.348 | val_loss=0.7378 val_acc=0.769
      ep01 train_loss=1.2946 train_acc=0.519 | val_loss=1.0433 val_acc=0.692
      ep02 train_loss=1.1277 train_acc=0.609 | val_loss=0.6115 val_acc=0.923
      ep03 train_loss=0.9440 train_acc=0.717 | val_loss=0.6496 val_acc=0.846
      ep04 train_loss=1.0040 train_acc=0.695 | val_loss=0.3277 val_acc=0.846
      ep05 train_loss=0.9166 train_acc=0.764 | val_loss=0.2660 val_acc=0.923
      ep06 train_loss=0.8323 train_acc=0.794 | val_loss=0.3581 val_acc=0.923
      ep07 train_loss=0.8389 train_acc=0.790 | val_loss=0.4576 val_acc=0.923
      ep08 train_loss=0.7945 train_acc=0.833 | val_loss=0.4723 val_acc=0.769
      ep09 train_loss=0.7044 train_acc=0.888 | val_loss=0.8277 val_acc=0.615
      ep10 train_loss=0.7515 train_acc=0.871 | val_loss=0.4699 val_acc=0.846
      ep11 train_loss=0.7557 train_acc=0.880 | val_loss=0.2489 val_acc=0.923
      ep12 train_loss=0.6942 train_acc=0.910 | val_loss=0.4375 val_acc=0.846
      ep13 train_loss=0.7058 train_acc=0.931 | val_loss=0.3794 val_acc=0.846
      ep14 train_loss=0.6511 train_acc=0.948 | val_loss=0.4733 val_acc=0.769
      ep15 train_loss=0.6340 train_acc=0.953 | val_loss=0.4753 val_acc=0.769
      ep16 train_loss=0.6261 train_acc=0.957 | val_loss=0.1741 val_acc=1.000
      ep17 train_loss=0.6092 train_acc=0.970 | val_loss=0.3879 val_acc=0.846
      ep18 train_loss=0.6530 train_acc=0.944 | val_loss=0.4193 val_acc=0.769
      ep19 train_loss=0.5966 train_acc=0.961 | val_loss=0.4028 val_acc=0.846
      ep20 train_loss=0.6373 train_acc=0.957 | val_loss=0.3901 val_acc=0.846
      ep21 train_loss=0.6222 train_acc=0.948 | val_loss=0.2937 val_acc=0.846
      ep22 train_loss=0.6254 train_acc=0.961 | val_loss=0.3276 val_acc=0.846
      ep23 train_loss=0.6008 train_acc=0.979 | val_loss=0.3345 val_acc=0.846
      ep24 train_loss=0.6345 train_acc=0.948 | val_loss=0.3265 val_acc=0.923
    fold acc=0.923 time=236.5s | running pooled acc=0.667

--- Fold 11/26 | test sub11 (10 test, 236 train) ---
      ep00 train_loss=1.6511 train_acc=0.267 | val_loss=1.3108 val_acc=0.300
      ep01 train_loss=1.2561 train_acc=0.521 | val_loss=1.0940 val_acc=0.400
      ep02 train_loss=1.0718 train_acc=0.665 | val_loss=0.8629 val_acc=0.700
      ep03 train_loss=1.0880 train_acc=0.653 | val_loss=0.6924 val_acc=0.700
      ep04 train_loss=0.9749 train_acc=0.691 | val_loss=0.7511 val_acc=0.800
      ep05 train_loss=0.9122 train_acc=0.758 | val_loss=0.8020 val_acc=0.700
      ep06 train_loss=0.8800 train_acc=0.763 | val_loss=0.6456 val_acc=0.700
      ep07 train_loss=0.8080 train_acc=0.818 | val_loss=0.7837 val_acc=0.700
      ep08 train_loss=0.7752 train_acc=0.847 | val_loss=0.9659 val_acc=0.700
      ep09 train_loss=0.7552 train_acc=0.869 | val_loss=0.6350 val_acc=0.800
      ep10 train_loss=0.7889 train_acc=0.852 | val_loss=0.9468 val_acc=0.500
      ep11 train_loss=0.7129 train_acc=0.911 | val_loss=0.6975 val_acc=0.700
      ep12 train_loss=0.7198 train_acc=0.890 | val_loss=0.8151 val_acc=0.700
      ep13 train_loss=0.6885 train_acc=0.911 | val_loss=0.8525 val_acc=0.700
      ep14 train_loss=0.6753 train_acc=0.911 | val_loss=0.7504 val_acc=0.600
      ep15 train_loss=0.6756 train_acc=0.928 | val_loss=0.7160 val_acc=0.700
      ep16 train_loss=0.6119 train_acc=0.975 | val_loss=0.6187 val_acc=0.700
      ep17 train_loss=0.6574 train_acc=0.919 | val_loss=0.8135 val_acc=0.700
      ep18 train_loss=0.6709 train_acc=0.936 | val_loss=0.8723 val_acc=0.700
      ep19 train_loss=0.6410 train_acc=0.949 | val_loss=0.7895 val_acc=0.800
      ep20 train_loss=0.6484 train_acc=0.936 | val_loss=0.7779 val_acc=0.800
      ep21 train_loss=0.6229 train_acc=0.949 | val_loss=0.7410 val_acc=0.800
      ep22 train_loss=0.6535 train_acc=0.949 | val_loss=0.7088 val_acc=0.800
      ep23 train_loss=0.6045 train_acc=0.975 | val_loss=0.8658 val_acc=0.800
      ep24 train_loss=0.6376 train_acc=0.941 | val_loss=0.6856 val_acc=0.800
    fold acc=0.800 time=237.6s | running pooled acc=0.679

--- Fold 12/26 | test sub12 (12 test, 234 train) ---
      ep00 train_loss=1.6753 train_acc=0.350 | val_loss=1.3615 val_acc=0.417
      ep01 train_loss=1.3105 train_acc=0.530 | val_loss=0.8687 val_acc=0.750
      ep02 train_loss=1.1744 train_acc=0.594 | val_loss=1.1592 val_acc=0.500
      ep03 train_loss=1.0978 train_acc=0.645 | val_loss=0.6898 val_acc=0.667
      ep04 train_loss=0.9890 train_acc=0.726 | val_loss=0.5301 val_acc=0.750
      ep05 train_loss=0.9869 train_acc=0.726 | val_loss=0.6526 val_acc=0.833
      ep06 train_loss=0.9448 train_acc=0.756 | val_loss=0.3712 val_acc=0.917
      ep07 train_loss=0.8818 train_acc=0.756 | val_loss=0.4828 val_acc=0.833
      ep08 train_loss=0.7990 train_acc=0.876 | val_loss=0.5350 val_acc=0.917
      ep09 train_loss=0.7690 train_acc=0.868 | val_loss=0.3185 val_acc=0.917
      ep10 train_loss=0.7782 train_acc=0.906 | val_loss=0.4139 val_acc=0.917
      ep11 train_loss=0.7368 train_acc=0.885 | val_loss=0.4985 val_acc=0.833
      ep12 train_loss=0.6975 train_acc=0.940 | val_loss=0.5810 val_acc=0.833
      ep13 train_loss=0.7270 train_acc=0.915 | val_loss=0.4487 val_acc=0.917
      ep14 train_loss=0.7030 train_acc=0.932 | val_loss=0.3964 val_acc=0.833
      ep15 train_loss=0.7255 train_acc=0.889 | val_loss=0.3545 val_acc=0.833
      ep16 train_loss=0.6917 train_acc=0.932 | val_loss=0.5415 val_acc=0.833
      ep17 train_loss=0.6927 train_acc=0.915 | val_loss=0.4185 val_acc=0.833
      ep18 train_loss=0.6650 train_acc=0.949 | val_loss=0.3974 val_acc=0.833
      ep19 train_loss=0.6931 train_acc=0.936 | val_loss=0.4561 val_acc=0.833
      ep20 train_loss=0.6599 train_acc=0.953 | val_loss=0.4242 val_acc=0.833
      ep21 train_loss=0.6677 train_acc=0.940 | val_loss=0.4370 val_acc=0.833
      ep22 train_loss=0.6513 train_acc=0.957 | val_loss=0.4264 val_acc=0.833
      ep23 train_loss=0.6714 train_acc=0.944 | val_loss=0.5264 val_acc=0.833
      ep24 train_loss=0.6531 train_acc=0.923 | val_loss=0.4695 val_acc=0.833
    fold acc=0.833 time=237.9s | running pooled acc=0.695

--- Fold 13/26 | test sub13 (8 test, 238 train) ---
      ep00 train_loss=1.5896 train_acc=0.378 | val_loss=1.3751 val_acc=0.375
      ep01 train_loss=1.2474 train_acc=0.567 | val_loss=1.4052 val_acc=0.375
      ep02 train_loss=1.0565 train_acc=0.643 | val_loss=1.5122 val_acc=0.500
      ep03 train_loss=0.9846 train_acc=0.681 | val_loss=1.3920 val_acc=0.500
      ep04 train_loss=1.0577 train_acc=0.681 | val_loss=1.0081 val_acc=0.500
      ep05 train_loss=0.8826 train_acc=0.828 | val_loss=0.8420 val_acc=0.625
      ep06 train_loss=0.8516 train_acc=0.782 | val_loss=1.0430 val_acc=0.500
      ep07 train_loss=0.8220 train_acc=0.824 | val_loss=0.6311 val_acc=0.750
      ep08 train_loss=0.7935 train_acc=0.824 | val_loss=0.7122 val_acc=0.625
      ep09 train_loss=0.8323 train_acc=0.840 | val_loss=1.0040 val_acc=0.625
      ep10 train_loss=0.7584 train_acc=0.866 | val_loss=0.9584 val_acc=0.625
      ep11 train_loss=0.7402 train_acc=0.891 | val_loss=0.6922 val_acc=0.750
      ep12 train_loss=0.6682 train_acc=0.908 | val_loss=0.6733 val_acc=0.750
      ep13 train_loss=0.7011 train_acc=0.933 | val_loss=0.6723 val_acc=0.750
      ep14 train_loss=0.6424 train_acc=0.945 | val_loss=0.6809 val_acc=0.750
      ep15 train_loss=0.6636 train_acc=0.945 | val_loss=0.7995 val_acc=0.750
      ep16 train_loss=0.6289 train_acc=0.950 | val_loss=0.6973 val_acc=0.750
      ep17 train_loss=0.6936 train_acc=0.941 | val_loss=0.6935 val_acc=0.750
      ep18 train_loss=0.6443 train_acc=0.945 | val_loss=0.6181 val_acc=0.875
      ep19 train_loss=0.6444 train_acc=0.941 | val_loss=0.7116 val_acc=0.750
      ep20 train_loss=0.6432 train_acc=0.954 | val_loss=0.7458 val_acc=0.750
      ep21 train_loss=0.6421 train_acc=0.966 | val_loss=0.6780 val_acc=0.750
      ep22 train_loss=0.6130 train_acc=0.971 | val_loss=0.6634 val_acc=0.750
      ep23 train_loss=0.6284 train_acc=0.962 | val_loss=0.6675 val_acc=0.750
      ep24 train_loss=0.6358 train_acc=0.958 | val_loss=0.6067 val_acc=0.875
    fold acc=0.750 time=236.9s | running pooled acc=0.698

--- Fold 14/26 | test sub14 (4 test, 242 train) ---
      ep00 train_loss=1.5036 train_acc=0.401 | val_loss=1.1233 val_acc=0.750
      ep01 train_loss=1.2036 train_acc=0.607 | val_loss=1.4335 val_acc=0.250
      ep02 train_loss=1.1163 train_acc=0.603 | val_loss=0.8783 val_acc=0.750
      ep03 train_loss=0.9541 train_acc=0.711 | val_loss=0.7209 val_acc=0.750
      ep04 train_loss=0.9583 train_acc=0.702 | val_loss=1.2764 val_acc=0.250
      ep05 train_loss=0.9285 train_acc=0.752 | val_loss=0.7378 val_acc=0.750
      ep06 train_loss=0.8212 train_acc=0.831 | val_loss=1.4549 val_acc=0.250
      ep07 train_loss=0.8525 train_acc=0.818 | val_loss=1.3368 val_acc=0.500
      ep08 train_loss=0.7768 train_acc=0.851 | val_loss=0.7841 val_acc=0.750
      ep09 train_loss=0.7812 train_acc=0.860 | val_loss=1.1590 val_acc=0.500
      ep10 train_loss=0.7617 train_acc=0.868 | val_loss=1.1257 val_acc=0.500
      ep11 train_loss=0.7204 train_acc=0.897 | val_loss=1.3881 val_acc=0.500
      ep12 train_loss=0.7642 train_acc=0.880 | val_loss=1.0789 val_acc=0.250
      ep13 train_loss=0.7362 train_acc=0.893 | val_loss=1.1603 val_acc=0.500
      ep14 train_loss=0.6786 train_acc=0.921 | val_loss=0.9374 val_acc=0.250
      ep15 train_loss=0.6974 train_acc=0.926 | val_loss=1.3875 val_acc=0.250
      ep16 train_loss=0.6889 train_acc=0.909 | val_loss=1.2203 val_acc=0.500
      ep17 train_loss=0.6612 train_acc=0.955 | val_loss=1.4500 val_acc=0.500
      ep18 train_loss=0.6327 train_acc=0.950 | val_loss=1.3843 val_acc=0.250
      ep19 train_loss=0.6510 train_acc=0.963 | val_loss=1.1129 val_acc=0.250
      ep20 train_loss=0.6564 train_acc=0.959 | val_loss=1.1962 val_acc=0.500
      ep21 train_loss=0.6693 train_acc=0.942 | val_loss=1.0967 val_acc=0.500
      ep22 train_loss=0.6360 train_acc=0.967 | val_loss=1.2428 val_acc=0.250
      ep23 train_loss=0.6359 train_acc=0.979 | val_loss=1.1550 val_acc=0.500
      ep24 train_loss=0.6259 train_acc=0.971 | val_loss=1.2719 val_acc=0.500
    fold acc=0.500 time=238.4s | running pooled acc=0.692

--- Fold 15/26 | test sub15 (3 test, 243 train) ---
      ep00 train_loss=1.6347 train_acc=0.337 | val_loss=0.6351 val_acc=1.000
      ep01 train_loss=1.2529 train_acc=0.551 | val_loss=0.7094 val_acc=1.000
      ep02 train_loss=1.0895 train_acc=0.646 | val_loss=0.9446 val_acc=0.667
      ep03 train_loss=1.0416 train_acc=0.663 | val_loss=0.6070 val_acc=0.667
      ep04 train_loss=1.0227 train_acc=0.724 | val_loss=0.4447 val_acc=1.000
      ep05 train_loss=0.9530 train_acc=0.733 | val_loss=0.5101 val_acc=1.000
      ep06 train_loss=0.8200 train_acc=0.831 | val_loss=0.4369 val_acc=1.000
      ep07 train_loss=0.7850 train_acc=0.823 | val_loss=1.2055 val_acc=0.667
      ep08 train_loss=0.8428 train_acc=0.811 | val_loss=1.3685 val_acc=0.667
      ep09 train_loss=0.7918 train_acc=0.868 | val_loss=0.6933 val_acc=0.667
      ep10 train_loss=0.7872 train_acc=0.868 | val_loss=0.6789 val_acc=0.667
      ep11 train_loss=0.7195 train_acc=0.914 | val_loss=0.6030 val_acc=0.667
      ep12 train_loss=0.6748 train_acc=0.930 | val_loss=0.5093 val_acc=1.000
      ep13 train_loss=0.7051 train_acc=0.905 | val_loss=0.5477 val_acc=1.000
      ep14 train_loss=0.6747 train_acc=0.955 | val_loss=0.4740 val_acc=1.000
      ep15 train_loss=0.6566 train_acc=0.951 | val_loss=0.4048 val_acc=1.000
      ep16 train_loss=0.6533 train_acc=0.942 | val_loss=0.5058 val_acc=1.000
      ep17 train_loss=0.6753 train_acc=0.930 | val_loss=0.5257 val_acc=1.000
      ep18 train_loss=0.6366 train_acc=0.971 | val_loss=0.4903 val_acc=1.000
      ep19 train_loss=0.6555 train_acc=0.955 | val_loss=0.4610 val_acc=1.000
      ep20 train_loss=0.6521 train_acc=0.955 | val_loss=0.6848 val_acc=0.667
      ep21 train_loss=0.6569 train_acc=0.947 | val_loss=0.5908 val_acc=0.667
      ep22 train_loss=0.6316 train_acc=0.967 | val_loss=0.5589 val_acc=0.667
      ep23 train_loss=0.6219 train_acc=0.963 | val_loss=0.5738 val_acc=1.000
      ep24 train_loss=0.6339 train_acc=0.963 | val_loss=0.4312 val_acc=1.000
    fold acc=1.000 time=235.8s | running pooled acc=0.699

--- Fold 16/26 | test sub16 (4 test, 242 train) ---
      ep00 train_loss=1.5104 train_acc=0.384 | val_loss=1.1945 val_acc=0.500
      ep01 train_loss=1.1948 train_acc=0.591 | val_loss=2.0037 val_acc=0.250
      ep02 train_loss=1.0878 train_acc=0.599 | val_loss=1.6685 val_acc=0.500
      ep03 train_loss=0.9492 train_acc=0.715 | val_loss=1.3418 val_acc=0.750
      ep04 train_loss=0.9721 train_acc=0.694 | val_loss=1.9290 val_acc=0.250
      ep05 train_loss=0.9453 train_acc=0.769 | val_loss=1.6961 val_acc=0.250
      ep06 train_loss=0.8590 train_acc=0.822 | val_loss=1.8258 val_acc=0.250
      ep07 train_loss=0.8540 train_acc=0.810 | val_loss=1.0987 val_acc=0.750
      ep08 train_loss=0.7949 train_acc=0.814 | val_loss=1.0743 val_acc=0.500
      ep09 train_loss=0.7597 train_acc=0.876 | val_loss=1.4414 val_acc=0.250
      ep10 train_loss=0.7357 train_acc=0.901 | val_loss=1.2678 val_acc=0.250
      ep11 train_loss=0.7296 train_acc=0.864 | val_loss=1.1484 val_acc=0.250
      ep12 train_loss=0.7470 train_acc=0.901 | val_loss=1.8133 val_acc=0.250
      ep13 train_loss=0.7609 train_acc=0.868 | val_loss=1.4744 val_acc=0.250
      ep14 train_loss=0.6720 train_acc=0.926 | val_loss=1.4707 val_acc=0.500
      ep15 train_loss=0.6805 train_acc=0.942 | val_loss=1.6494 val_acc=0.250
      ep16 train_loss=0.6695 train_acc=0.926 | val_loss=1.5195 val_acc=0.250
      ep17 train_loss=0.6477 train_acc=0.971 | val_loss=1.3976 val_acc=0.250
      ep18 train_loss=0.6483 train_acc=0.946 | val_loss=1.3868 val_acc=0.250
      ep19 train_loss=0.6595 train_acc=0.942 | val_loss=1.4537 val_acc=0.500
      ep20 train_loss=0.6720 train_acc=0.963 | val_loss=1.1924 val_acc=0.250
      ep21 train_loss=0.6865 train_acc=0.938 | val_loss=1.3615 val_acc=0.500
      ep22 train_loss=0.6461 train_acc=0.967 | val_loss=1.2016 val_acc=0.500
      ep23 train_loss=0.6392 train_acc=0.971 | val_loss=1.1848 val_acc=0.250
      ep24 train_loss=0.6293 train_acc=0.971 | val_loss=1.2727 val_acc=0.250
    fold acc=0.500 time=236.5s | running pooled acc=0.693

--- Fold 17/26 | test sub17 (34 test, 212 train) ---
      ep00 train_loss=1.5991 train_acc=0.368 | val_loss=1.5448 val_acc=0.382
      ep01 train_loss=1.3088 train_acc=0.528 | val_loss=1.4158 val_acc=0.353
      ep02 train_loss=1.1928 train_acc=0.608 | val_loss=1.0038 val_acc=0.500
      ep03 train_loss=1.0708 train_acc=0.665 | val_loss=1.1797 val_acc=0.529
      ep04 train_loss=1.0116 train_acc=0.708 | val_loss=1.2968 val_acc=0.618
      ep05 train_loss=0.9500 train_acc=0.816 | val_loss=1.1351 val_acc=0.500
      ep06 train_loss=0.9017 train_acc=0.783 | val_loss=1.2280 val_acc=0.471
      ep07 train_loss=0.9073 train_acc=0.792 | val_loss=1.5027 val_acc=0.500
      ep08 train_loss=0.7941 train_acc=0.844 | val_loss=1.2174 val_acc=0.529
      ep09 train_loss=0.8274 train_acc=0.821 | val_loss=1.5377 val_acc=0.441
      ep10 train_loss=0.7916 train_acc=0.877 | val_loss=1.6886 val_acc=0.353
      ep11 train_loss=0.7891 train_acc=0.873 | val_loss=1.2010 val_acc=0.647
      ep12 train_loss=0.7211 train_acc=0.948 | val_loss=1.2698 val_acc=0.588
      ep13 train_loss=0.7302 train_acc=0.934 | val_loss=1.3423 val_acc=0.500
      ep14 train_loss=0.7650 train_acc=0.915 | val_loss=1.1941 val_acc=0.647
      ep15 train_loss=0.7556 train_acc=0.887 | val_loss=1.2075 val_acc=0.500
      ep16 train_loss=0.6793 train_acc=0.953 | val_loss=1.0478 val_acc=0.647
      ep17 train_loss=0.7312 train_acc=0.943 | val_loss=1.1664 val_acc=0.529
      ep18 train_loss=0.6829 train_acc=0.958 | val_loss=1.0953 val_acc=0.588
      ep19 train_loss=0.7157 train_acc=0.943 | val_loss=1.1564 val_acc=0.559
      ep20 train_loss=0.6908 train_acc=0.943 | val_loss=1.2454 val_acc=0.471
      ep21 train_loss=0.6650 train_acc=0.943 | val_loss=1.2156 val_acc=0.471
      ep22 train_loss=0.6577 train_acc=0.962 | val_loss=1.0958 val_acc=0.647
      ep23 train_loss=0.6839 train_acc=0.962 | val_loss=1.1485 val_acc=0.529
      ep24 train_loss=0.7103 train_acc=0.910 | val_loss=1.2480 val_acc=0.559
    fold acc=0.588 time=231.8s | running pooled acc=0.673

--- Fold 18/26 | test sub18 (3 test, 243 train) ---
      ep00 train_loss=1.5964 train_acc=0.333 | val_loss=1.0583 val_acc=1.000
      ep01 train_loss=1.1902 train_acc=0.564 | val_loss=0.7199 val_acc=1.000
      ep02 train_loss=1.0576 train_acc=0.700 | val_loss=0.4251 val_acc=1.000
      ep03 train_loss=1.0146 train_acc=0.671 | val_loss=0.7612 val_acc=1.000
      ep04 train_loss=1.0305 train_acc=0.700 | val_loss=0.9123 val_acc=0.667
      ep05 train_loss=0.9898 train_acc=0.695 | val_loss=0.5516 val_acc=1.000
      ep06 train_loss=0.8458 train_acc=0.819 | val_loss=0.4809 val_acc=1.000
      ep07 train_loss=0.7737 train_acc=0.815 | val_loss=1.3551 val_acc=0.667
      ep08 train_loss=0.8378 train_acc=0.827 | val_loss=1.0276 val_acc=0.667
      ep09 train_loss=0.8118 train_acc=0.831 | val_loss=1.8561 val_acc=0.333
      ep10 train_loss=0.7630 train_acc=0.864 | val_loss=1.8572 val_acc=0.333
      ep11 train_loss=0.7166 train_acc=0.905 | val_loss=1.1767 val_acc=0.667
      ep12 train_loss=0.6687 train_acc=0.938 | val_loss=1.1036 val_acc=0.667
      ep13 train_loss=0.7008 train_acc=0.934 | val_loss=1.1401 val_acc=0.667
      ep14 train_loss=0.6826 train_acc=0.934 | val_loss=1.1356 val_acc=0.667
      ep15 train_loss=0.6665 train_acc=0.951 | val_loss=1.2363 val_acc=0.333
      ep16 train_loss=0.6493 train_acc=0.947 | val_loss=1.0305 val_acc=0.667
      ep17 train_loss=0.6377 train_acc=0.938 | val_loss=1.4279 val_acc=0.667
      ep18 train_loss=0.6341 train_acc=0.963 | val_loss=1.1634 val_acc=0.667
      ep19 train_loss=0.6308 train_acc=0.963 | val_loss=1.5229 val_acc=0.333
      ep20 train_loss=0.6349 train_acc=0.963 | val_loss=1.0591 val_acc=0.667
      ep21 train_loss=0.6209 train_acc=0.959 | val_loss=1.4292 val_acc=0.667
      ep22 train_loss=0.6357 train_acc=0.971 | val_loss=1.0619 val_acc=0.667
      ep23 train_loss=0.6112 train_acc=0.979 | val_loss=1.1974 val_acc=0.667
      ep24 train_loss=0.6517 train_acc=0.963 | val_loss=1.3735 val_acc=0.667
    fold acc=0.667 time=234.3s | running pooled acc=0.672

--- Fold 19/26 | test sub19 (15 test, 231 train) ---
      ep00 train_loss=1.6167 train_acc=0.346 | val_loss=1.1601 val_acc=0.333
      ep01 train_loss=1.2681 train_acc=0.537 | val_loss=0.8074 val_acc=0.600
      ep02 train_loss=1.0998 train_acc=0.645 | val_loss=0.7714 val_acc=0.733
      ep03 train_loss=1.0402 train_acc=0.680 | val_loss=0.8470 val_acc=0.667
      ep04 train_loss=0.9768 train_acc=0.727 | val_loss=1.1029 val_acc=0.533
      ep05 train_loss=0.8934 train_acc=0.788 | val_loss=0.9158 val_acc=0.667
      ep06 train_loss=0.8352 train_acc=0.831 | val_loss=1.0010 val_acc=0.600
      ep07 train_loss=0.8754 train_acc=0.792 | val_loss=0.8224 val_acc=0.800
      ep08 train_loss=0.7523 train_acc=0.857 | val_loss=0.9825 val_acc=0.667
      ep09 train_loss=0.8282 train_acc=0.853 | val_loss=0.9388 val_acc=0.667
      ep10 train_loss=0.7733 train_acc=0.870 | val_loss=0.8202 val_acc=0.667
      ep11 train_loss=0.7363 train_acc=0.931 | val_loss=1.0422 val_acc=0.733
      ep12 train_loss=0.7537 train_acc=0.905 | val_loss=0.8770 val_acc=0.667
      ep13 train_loss=0.7147 train_acc=0.918 | val_loss=1.0844 val_acc=0.667
      ep14 train_loss=0.6825 train_acc=0.970 | val_loss=1.0162 val_acc=0.667
      ep15 train_loss=0.6802 train_acc=0.944 | val_loss=0.9386 val_acc=0.667
      ep16 train_loss=0.6941 train_acc=0.935 | val_loss=0.9271 val_acc=0.600
      ep17 train_loss=0.6526 train_acc=0.965 | val_loss=1.0497 val_acc=0.667
      ep18 train_loss=0.6656 train_acc=0.978 | val_loss=1.0016 val_acc=0.667
      ep19 train_loss=0.6787 train_acc=0.965 | val_loss=1.0789 val_acc=0.667
      ep20 train_loss=0.6315 train_acc=0.978 | val_loss=1.1030 val_acc=0.667
      ep21 train_loss=0.6810 train_acc=0.965 | val_loss=1.0676 val_acc=0.667
      ep22 train_loss=0.6666 train_acc=0.965 | val_loss=1.0432 val_acc=0.667
      ep23 train_loss=0.6550 train_acc=0.974 | val_loss=1.0096 val_acc=0.667
      ep24 train_loss=0.6888 train_acc=0.948 | val_loss=1.0848 val_acc=0.667
    fold acc=0.667 time=236.2s | running pooled acc=0.672

--- Fold 20/26 | test sub20 (11 test, 235 train) ---
      ep00 train_loss=1.5827 train_acc=0.353 | val_loss=1.3650 val_acc=0.636
      ep01 train_loss=1.2741 train_acc=0.553 | val_loss=1.8191 val_acc=0.364
      ep02 train_loss=1.0497 train_acc=0.672 | val_loss=1.5105 val_acc=0.273
      ep03 train_loss=0.9648 train_acc=0.694 | val_loss=1.3477 val_acc=0.545
      ep04 train_loss=0.9116 train_acc=0.762 | val_loss=0.9631 val_acc=0.545
      ep05 train_loss=0.8897 train_acc=0.779 | val_loss=1.0546 val_acc=0.364
      ep06 train_loss=0.8513 train_acc=0.787 | val_loss=0.9895 val_acc=0.636
      ep07 train_loss=0.8150 train_acc=0.843 | val_loss=1.4103 val_acc=0.545
      ep08 train_loss=0.7649 train_acc=0.868 | val_loss=1.0721 val_acc=0.455
      ep09 train_loss=0.7261 train_acc=0.902 | val_loss=0.7823 val_acc=0.727
      ep10 train_loss=0.7029 train_acc=0.906 | val_loss=0.9673 val_acc=0.545
      ep11 train_loss=0.7049 train_acc=0.932 | val_loss=1.2421 val_acc=0.364
      ep12 train_loss=0.7020 train_acc=0.919 | val_loss=0.9180 val_acc=0.636
      ep13 train_loss=0.7251 train_acc=0.906 | val_loss=1.2399 val_acc=0.455
      ep14 train_loss=0.6490 train_acc=0.936 | val_loss=0.8975 val_acc=0.636
      ep15 train_loss=0.6382 train_acc=0.936 | val_loss=1.1472 val_acc=0.545
      ep16 train_loss=0.6754 train_acc=0.945 | val_loss=1.2299 val_acc=0.455
      ep17 train_loss=0.6689 train_acc=0.949 | val_loss=0.9893 val_acc=0.545
      ep18 train_loss=0.6431 train_acc=0.966 | val_loss=0.9957 val_acc=0.636
      ep19 train_loss=0.6013 train_acc=0.970 | val_loss=0.8299 val_acc=0.636
      ep20 train_loss=0.6118 train_acc=0.962 | val_loss=0.9194 val_acc=0.636
      ep21 train_loss=0.6574 train_acc=0.945 | val_loss=0.8131 val_acc=0.636
      ep22 train_loss=0.6332 train_acc=0.949 | val_loss=0.8468 val_acc=0.636
      ep23 train_loss=0.5972 train_acc=0.966 | val_loss=0.9942 val_acc=0.455
      ep24 train_loss=0.6470 train_acc=0.940 | val_loss=1.0343 val_acc=0.455
    fold acc=0.727 time=236.0s | running pooled acc=0.675

--- Fold 21/26 | test sub21 (2 test, 244 train) ---
      ep00 train_loss=1.5934 train_acc=0.377 | val_loss=1.8524 val_acc=0.000
      ep01 train_loss=1.2076 train_acc=0.602 | val_loss=2.3146 val_acc=0.500
      ep02 train_loss=1.0307 train_acc=0.717 | val_loss=3.1537 val_acc=0.500
      ep03 train_loss=1.0192 train_acc=0.717 | val_loss=3.3083 val_acc=0.500
      ep04 train_loss=1.0007 train_acc=0.713 | val_loss=1.4542 val_acc=0.000
      ep05 train_loss=0.9116 train_acc=0.754 | val_loss=3.5791 val_acc=0.000
      ep06 train_loss=0.8198 train_acc=0.828 | val_loss=3.8724 val_acc=0.500
      ep07 train_loss=0.7690 train_acc=0.852 | val_loss=3.0994 val_acc=0.500
      ep08 train_loss=0.8053 train_acc=0.852 | val_loss=2.4476 val_acc=0.500
      ep09 train_loss=0.7173 train_acc=0.910 | val_loss=3.4285 val_acc=0.000
      ep10 train_loss=0.7252 train_acc=0.889 | val_loss=2.4539 val_acc=0.500
      ep11 train_loss=0.7581 train_acc=0.881 | val_loss=2.4787 val_acc=0.500
      ep12 train_loss=0.6990 train_acc=0.926 | val_loss=3.0992 val_acc=0.000
      ep13 train_loss=0.6872 train_acc=0.926 | val_loss=3.2432 val_acc=0.500
      ep14 train_loss=0.6642 train_acc=0.963 | val_loss=2.5936 val_acc=0.500
      ep15 train_loss=0.6556 train_acc=0.951 | val_loss=2.5176 val_acc=0.500
      ep16 train_loss=0.6451 train_acc=0.955 | val_loss=2.6055 val_acc=0.500
      ep17 train_loss=0.6838 train_acc=0.939 | val_loss=2.4194 val_acc=0.500
      ep18 train_loss=0.6621 train_acc=0.926 | val_loss=2.7860 val_acc=0.500
      ep19 train_loss=0.6314 train_acc=0.959 | val_loss=2.3620 val_acc=0.500
      ep20 train_loss=0.6536 train_acc=0.971 | val_loss=2.3107 val_acc=0.500
      ep21 train_loss=0.6510 train_acc=0.951 | val_loss=2.4664 val_acc=0.500
      ep22 train_loss=0.6386 train_acc=0.951 | val_loss=2.6530 val_acc=0.500
      ep23 train_loss=0.6498 train_acc=0.951 | val_loss=2.2864 val_acc=0.500
      ep24 train_loss=0.6247 train_acc=0.955 | val_loss=2.7293 val_acc=0.500
    fold acc=0.500 time=237.1s | running pooled acc=0.673

--- Fold 22/26 | test sub22 (2 test, 244 train) ---
      ep00 train_loss=1.6220 train_acc=0.361 | val_loss=0.2256 val_acc=1.000
      ep01 train_loss=1.2621 train_acc=0.578 | val_loss=0.0316 val_acc=1.000
      ep02 train_loss=1.0979 train_acc=0.676 | val_loss=0.0297 val_acc=1.000
      ep03 train_loss=1.0552 train_acc=0.713 | val_loss=0.0151 val_acc=1.000
      ep04 train_loss=1.0267 train_acc=0.697 | val_loss=0.0202 val_acc=1.000
      ep05 train_loss=0.9436 train_acc=0.758 | val_loss=0.0367 val_acc=1.000
      ep06 train_loss=0.7859 train_acc=0.857 | val_loss=0.0299 val_acc=1.000
      ep07 train_loss=0.8083 train_acc=0.832 | val_loss=0.0209 val_acc=1.000
      ep08 train_loss=0.8332 train_acc=0.844 | val_loss=0.0596 val_acc=1.000
      ep09 train_loss=0.7376 train_acc=0.918 | val_loss=0.0769 val_acc=1.000
      ep10 train_loss=0.7293 train_acc=0.889 | val_loss=0.0086 val_acc=1.000
      ep11 train_loss=0.7692 train_acc=0.848 | val_loss=0.0083 val_acc=1.000
      ep12 train_loss=0.7013 train_acc=0.926 | val_loss=0.0567 val_acc=1.000
      ep13 train_loss=0.6704 train_acc=0.951 | val_loss=0.0226 val_acc=1.000
      ep14 train_loss=0.6756 train_acc=0.955 | val_loss=0.1193 val_acc=1.000
      ep15 train_loss=0.6601 train_acc=0.951 | val_loss=0.0022 val_acc=1.000
      ep16 train_loss=0.6536 train_acc=0.951 | val_loss=0.0145 val_acc=1.000
      ep17 train_loss=0.6748 train_acc=0.943 | val_loss=0.0082 val_acc=1.000
      ep18 train_loss=0.6591 train_acc=0.934 | val_loss=0.0066 val_acc=1.000
      ep19 train_loss=0.6410 train_acc=0.975 | val_loss=0.0028 val_acc=1.000
      ep20 train_loss=0.6618 train_acc=0.971 | val_loss=0.0084 val_acc=1.000
      ep21 train_loss=0.6606 train_acc=0.959 | val_loss=0.0114 val_acc=1.000
      ep22 train_loss=0.6490 train_acc=0.959 | val_loss=0.0104 val_acc=1.000
      ep23 train_loss=0.6446 train_acc=0.955 | val_loss=0.0113 val_acc=1.000
      ep24 train_loss=0.6314 train_acc=0.967 | val_loss=0.0143 val_acc=1.000
    fold acc=1.000 time=238.1s | running pooled acc=0.676

--- Fold 23/26 | test sub23 (12 test, 234 train) ---
      ep00 train_loss=1.6623 train_acc=0.355 | val_loss=0.9597 val_acc=0.750
      ep01 train_loss=1.2998 train_acc=0.530 | val_loss=0.7721 val_acc=0.750
      ep02 train_loss=1.1062 train_acc=0.628 | val_loss=0.6177 val_acc=0.917
      ep03 train_loss=1.0374 train_acc=0.675 | val_loss=0.5005 val_acc=1.000
      ep04 train_loss=0.9674 train_acc=0.705 | val_loss=0.5749 val_acc=0.917
      ep05 train_loss=0.9139 train_acc=0.761 | val_loss=0.9725 val_acc=0.667
      ep06 train_loss=0.8404 train_acc=0.791 | val_loss=0.5718 val_acc=0.750
      ep07 train_loss=0.8489 train_acc=0.795 | val_loss=0.4399 val_acc=0.917
      ep08 train_loss=0.7792 train_acc=0.812 | val_loss=0.8353 val_acc=0.667
      ep09 train_loss=0.8235 train_acc=0.821 | val_loss=0.8120 val_acc=0.667
      ep10 train_loss=0.7779 train_acc=0.893 | val_loss=0.6675 val_acc=0.750
      ep11 train_loss=0.7333 train_acc=0.893 | val_loss=0.6173 val_acc=0.917
      ep12 train_loss=0.6808 train_acc=0.923 | val_loss=0.5670 val_acc=0.750
      ep13 train_loss=0.6797 train_acc=0.932 | val_loss=0.3848 val_acc=0.917
      ep14 train_loss=0.6854 train_acc=0.932 | val_loss=0.4741 val_acc=0.917
      ep15 train_loss=0.6699 train_acc=0.936 | val_loss=0.3691 val_acc=0.917
      ep16 train_loss=0.6482 train_acc=0.970 | val_loss=0.4839 val_acc=0.917
      ep17 train_loss=0.6587 train_acc=0.949 | val_loss=0.3622 val_acc=1.000
      ep18 train_loss=0.6227 train_acc=0.974 | val_loss=0.3849 val_acc=0.917
      ep19 train_loss=0.6474 train_acc=0.927 | val_loss=0.3708 val_acc=0.917
      ep20 train_loss=0.6291 train_acc=0.966 | val_loss=0.3863 val_acc=0.917
      ep21 train_loss=0.6557 train_acc=0.949 | val_loss=0.3913 val_acc=0.917
      ep22 train_loss=0.6362 train_acc=0.974 | val_loss=0.3956 val_acc=0.917
      ep23 train_loss=0.6265 train_acc=0.970 | val_loss=0.4264 val_acc=0.917
      ep24 train_loss=0.6349 train_acc=0.962 | val_loss=0.4224 val_acc=0.917
    fold acc=0.917 time=236.2s | running pooled acc=0.690

--- Fold 24/26 | test sub24 (7 test, 239 train) ---
      ep00 train_loss=1.5597 train_acc=0.322 | val_loss=1.4206 val_acc=0.429
      ep01 train_loss=1.2116 train_acc=0.556 | val_loss=1.2499 val_acc=0.571
      ep02 train_loss=1.1160 train_acc=0.640 | val_loss=1.0161 val_acc=0.571
      ep03 train_loss=1.0439 train_acc=0.695 | val_loss=1.2824 val_acc=0.571
      ep04 train_loss=0.9601 train_acc=0.715 | val_loss=0.9456 val_acc=0.571
      ep05 train_loss=0.8146 train_acc=0.799 | val_loss=1.1995 val_acc=0.571
      ep06 train_loss=0.8770 train_acc=0.787 | val_loss=1.4314 val_acc=0.571
      ep07 train_loss=0.7880 train_acc=0.870 | val_loss=1.1778 val_acc=0.571
      ep08 train_loss=0.8228 train_acc=0.866 | val_loss=1.5426 val_acc=0.429
      ep09 train_loss=0.7471 train_acc=0.870 | val_loss=1.1699 val_acc=0.571
      ep10 train_loss=0.7555 train_acc=0.883 | val_loss=1.3602 val_acc=0.571
      ep11 train_loss=0.8034 train_acc=0.858 | val_loss=1.2851 val_acc=0.714
      ep12 train_loss=0.7319 train_acc=0.908 | val_loss=1.0535 val_acc=0.714
      ep13 train_loss=0.6825 train_acc=0.929 | val_loss=1.1331 val_acc=0.714
      ep14 train_loss=0.6584 train_acc=0.941 | val_loss=1.2144 val_acc=0.571
      ep15 train_loss=0.6590 train_acc=0.937 | val_loss=1.0716 val_acc=0.714
      ep16 train_loss=0.6447 train_acc=0.967 | val_loss=1.1698 val_acc=0.714
      ep17 train_loss=0.6434 train_acc=0.962 | val_loss=1.2348 val_acc=0.714
      ep18 train_loss=0.6715 train_acc=0.941 | val_loss=1.2593 val_acc=0.714
      ep19 train_loss=0.6233 train_acc=0.971 | val_loss=1.3469 val_acc=0.714
      ep20 train_loss=0.6300 train_acc=0.975 | val_loss=1.4249 val_acc=0.714
      ep21 train_loss=0.6299 train_acc=0.954 | val_loss=1.4317 val_acc=0.571
      ep22 train_loss=0.6051 train_acc=0.987 | val_loss=1.3475 val_acc=0.714
      ep23 train_loss=0.6393 train_acc=0.967 | val_loss=1.3316 val_acc=0.714
      ep24 train_loss=0.6374 train_acc=0.975 | val_loss=1.3615 val_acc=0.714
    fold acc=0.714 time=237.4s | running pooled acc=0.691

--- Fold 25/26 | test sub25 (7 test, 239 train) ---
      ep00 train_loss=1.5682 train_acc=0.347 | val_loss=1.4976 val_acc=0.286
      ep01 train_loss=1.2089 train_acc=0.577 | val_loss=0.9637 val_acc=0.714
      ep02 train_loss=1.1179 train_acc=0.623 | val_loss=1.0101 val_acc=0.429
      ep03 train_loss=1.0446 train_acc=0.707 | val_loss=1.1229 val_acc=0.571
      ep04 train_loss=0.9540 train_acc=0.728 | val_loss=0.9941 val_acc=0.714
      ep05 train_loss=0.8120 train_acc=0.820 | val_loss=1.2837 val_acc=0.286
      ep06 train_loss=0.8489 train_acc=0.816 | val_loss=0.8614 val_acc=0.571
      ep07 train_loss=0.8059 train_acc=0.874 | val_loss=1.7563 val_acc=0.571
      ep08 train_loss=0.8046 train_acc=0.854 | val_loss=0.8358 val_acc=0.857
      ep09 train_loss=0.7224 train_acc=0.879 | val_loss=0.7360 val_acc=0.714
      ep10 train_loss=0.7478 train_acc=0.883 | val_loss=1.1115 val_acc=0.571
      ep11 train_loss=0.8190 train_acc=0.824 | val_loss=1.6876 val_acc=0.429
      ep12 train_loss=0.7408 train_acc=0.883 | val_loss=1.0877 val_acc=0.571
      ep13 train_loss=0.7187 train_acc=0.904 | val_loss=1.2847 val_acc=0.429
      ep14 train_loss=0.6439 train_acc=0.954 | val_loss=0.9517 val_acc=0.571
      ep15 train_loss=0.6783 train_acc=0.929 | val_loss=0.9431 val_acc=0.571
      ep16 train_loss=0.6528 train_acc=0.962 | val_loss=0.9652 val_acc=0.714
      ep17 train_loss=0.6554 train_acc=0.962 | val_loss=0.9701 val_acc=0.714
      ep18 train_loss=0.6764 train_acc=0.937 | val_loss=0.9014 val_acc=0.714
      ep19 train_loss=0.6189 train_acc=0.971 | val_loss=1.2203 val_acc=0.571
      ep20 train_loss=0.6435 train_acc=0.958 | val_loss=1.0170 val_acc=0.714
      ep21 train_loss=0.6193 train_acc=0.975 | val_loss=1.0385 val_acc=0.714
      ep22 train_loss=0.6077 train_acc=0.987 | val_loss=0.9717 val_acc=0.714
      ep23 train_loss=0.6480 train_acc=0.971 | val_loss=0.9569 val_acc=0.714
      ep24 train_loss=0.6627 train_acc=0.954 | val_loss=0.8898 val_acc=0.714
    fold acc=0.571 time=236.7s | running pooled acc=0.687

--- Fold 26/26 | test sub26 (16 test, 230 train) ---
      ep00 train_loss=1.6370 train_acc=0.339 | val_loss=1.0715 val_acc=0.500
      ep01 train_loss=1.1613 train_acc=0.596 | val_loss=1.1317 val_acc=0.562
      ep02 train_loss=1.0956 train_acc=0.622 | val_loss=1.4370 val_acc=0.312
      ep03 train_loss=0.9903 train_acc=0.730 | val_loss=1.2504 val_acc=0.500
      ep04 train_loss=1.0293 train_acc=0.717 | val_loss=1.4593 val_acc=0.375
      ep05 train_loss=0.9386 train_acc=0.730 | val_loss=1.3685 val_acc=0.500
      ep06 train_loss=0.8426 train_acc=0.791 | val_loss=2.1402 val_acc=0.250
      ep07 train_loss=0.8529 train_acc=0.796 | val_loss=2.0172 val_acc=0.250
      ep08 train_loss=0.7814 train_acc=0.826 | val_loss=1.3105 val_acc=0.438
      ep09 train_loss=0.7633 train_acc=0.839 | val_loss=1.7060 val_acc=0.500
      ep10 train_loss=0.7236 train_acc=0.891 | val_loss=1.6470 val_acc=0.375
      ep11 train_loss=0.6911 train_acc=0.926 | val_loss=2.1415 val_acc=0.250
      ep12 train_loss=0.6652 train_acc=0.930 | val_loss=1.8136 val_acc=0.438
      ep13 train_loss=0.6726 train_acc=0.930 | val_loss=2.1040 val_acc=0.438
      ep14 train_loss=0.6790 train_acc=0.913 | val_loss=2.2384 val_acc=0.312
      ep15 train_loss=0.6453 train_acc=0.943 | val_loss=2.1381 val_acc=0.375
      ep16 train_loss=0.6346 train_acc=0.961 | val_loss=1.8526 val_acc=0.375
      ep17 train_loss=0.6323 train_acc=0.952 | val_loss=2.0761 val_acc=0.438
      ep18 train_loss=0.6365 train_acc=0.935 | val_loss=2.1156 val_acc=0.312
      ep19 train_loss=0.6487 train_acc=0.935 | val_loss=2.1672 val_acc=0.375
      ep20 train_loss=0.6465 train_acc=0.943 | val_loss=1.8482 val_acc=0.312
      ep21 train_loss=0.6157 train_acc=0.978 | val_loss=2.0421 val_acc=0.375
      ep22 train_loss=0.6235 train_acc=0.957 | val_loss=2.0784 val_acc=0.312
      ep23 train_loss=0.6338 train_acc=0.970 | val_loss=2.1219 val_acc=0.438
      ep24 train_loss=0.6008 train_acc=0.970 | val_loss=2.0130 val_acc=0.375
    fold acc=0.438 time=234.6s | running pooled acc=0.671

=== FINAL (pooled LOSO) ===
UF1 = 0.6936
UAR = 0.7077
ACC = 0.6707
per-class F1: happiness=0.638, disgust=0.661, repression=0.607, surprise=0.923, others=0.639
per-class recall: happiness=0.688, disgust=0.635, repression=0.630, surprise=0.960, others=0.626
confusion matrix (rows=true):
        happin disgus repres surpri others
happine     22      2      1      1      6
disgust      2     40      2      0     19
repress      3      0     17      0      7
surpris      0      0      0     24      1
 others     10     16      9      2     62

saved to D:\AI-Projects\casmeII-new-from-sequence-model\experiments\iter_26_erase
elapsed 6140.2s
