=== EXPERIMENT iter_24_res160 ===
time: 2026-07-16T20:19:43.344125
device: cuda (NVIDIA GeForce RTX 3060)
platform: Windows-10-10.0.26200-SP0 | torch 2.6.0+cu124
config:
{
  "seed": 42,
  "T": 16,
  "img_size": 160,
  "base_size": 176,
  "input_mode": "rgb",
  "backbone": "r3d_18",
  "pretrained": true,
  "dropout": 0.5,
  "epochs": 25,
  "lr": 0.0001,
  "weight_decay": 0.001,
  "batch_size": 4,
  "class_weighting": true,
  "label_smoothing": 0.1,
  "hflip": true,
  "color_jitter": 0.0,
  "temporal_jitter": true,
  "amp": true,
  "eval_last_k": 3,
  "tta": 5,
  "cache_dir": "cache/flow176",
  "index": "cache/index_emotion.csv",
  "class_names": [
    "happiness",
    "disgust",
    "repression",
    "surprise",
    "others"
  ],
  "name": "iter_24_r3d_res160",
  "modality": "flow",
  "temporal_span": "onset_offset",
  "flow_clip": 3.0,
  "ema": 0.998,
  "ema_start_epoch": 5
}
samples: 246 | classes: 5 ['happiness', 'disgust', 'repression', 'surprise', 'others']
loading arrays into RAM...
loaded 246 arrays

--- Fold 1/26 | test sub01 (9 test, 237 train) ---
      ep00 train_loss=1.6713 train_acc=0.308 | val_loss=1.2054 val_acc=0.556
      ep01 train_loss=1.2534 train_acc=0.578 | val_loss=0.7374 val_acc=0.889
      ep02 train_loss=1.1771 train_acc=0.608 | val_loss=0.8176 val_acc=0.556
      ep03 train_loss=1.1486 train_acc=0.624 | val_loss=0.8757 val_acc=0.556
      ep04 train_loss=1.0242 train_acc=0.675 | val_loss=0.6911 val_acc=0.556
      ep05 train_loss=0.9396 train_acc=0.722 | val_loss=0.7089 val_acc=0.889
      ep06 train_loss=0.9018 train_acc=0.814 | val_loss=0.9382 val_acc=0.667
      ep07 train_loss=0.8744 train_acc=0.823 | val_loss=0.7832 val_acc=0.556
      ep08 train_loss=0.8383 train_acc=0.819 | val_loss=0.7733 val_acc=0.667
      ep09 train_loss=0.7941 train_acc=0.857 | val_loss=0.9933 val_acc=0.667
      ep10 train_loss=0.8474 train_acc=0.831 | val_loss=0.8734 val_acc=0.556
      ep11 train_loss=0.7410 train_acc=0.895 | val_loss=0.9403 val_acc=0.778
      ep12 train_loss=0.7577 train_acc=0.873 | val_loss=0.8650 val_acc=0.778
      ep13 train_loss=0.7010 train_acc=0.924 | val_loss=0.7673 val_acc=0.778
      ep14 train_loss=0.7438 train_acc=0.916 | val_loss=0.9868 val_acc=0.556
      ep15 train_loss=0.6954 train_acc=0.937 | val_loss=0.9107 val_acc=0.667
      ep16 train_loss=0.6620 train_acc=0.954 | val_loss=0.8260 val_acc=0.667
      ep17 train_loss=0.7267 train_acc=0.920 | val_loss=0.9502 val_acc=0.778
      ep18 train_loss=0.6633 train_acc=0.920 | val_loss=0.8704 val_acc=0.667
      ep19 train_loss=0.6412 train_acc=0.962 | val_loss=0.8450 val_acc=0.778
      ep20 train_loss=0.6688 train_acc=0.962 | val_loss=0.8871 val_acc=0.667
      ep21 train_loss=0.6637 train_acc=0.945 | val_loss=0.9182 val_acc=0.667
      ep22 train_loss=0.6267 train_acc=0.962 | val_loss=0.8082 val_acc=0.667
      ep23 train_loss=0.6679 train_acc=0.958 | val_loss=0.8823 val_acc=0.778
      ep24 train_loss=0.6471 train_acc=0.962 | val_loss=0.8377 val_acc=0.778
    fold acc=0.778 time=392.2s | running pooled acc=0.778

--- Fold 2/26 | test sub02 (13 test, 233 train) ---
      ep00 train_loss=1.6066 train_acc=0.373 | val_loss=0.8223 val_acc=0.692
      ep01 train_loss=1.3366 train_acc=0.528 | val_loss=1.5806 val_acc=0.538
      ep02 train_loss=1.1911 train_acc=0.631 | val_loss=1.1986 val_acc=0.462
      ep03 train_loss=1.0613 train_acc=0.682 | val_loss=1.5305 val_acc=0.615
      ep04 train_loss=0.9987 train_acc=0.700 | val_loss=1.6508 val_acc=0.385
      ep05 train_loss=0.9649 train_acc=0.734 | val_loss=1.1073 val_acc=0.615
      ep06 train_loss=0.9409 train_acc=0.773 | val_loss=0.9863 val_acc=0.692
      ep07 train_loss=0.8848 train_acc=0.828 | val_loss=0.9546 val_acc=0.538
      ep08 train_loss=0.8742 train_acc=0.815 | val_loss=1.2708 val_acc=0.538
      ep09 train_loss=0.8426 train_acc=0.863 | val_loss=1.5672 val_acc=0.462
      ep10 train_loss=0.7937 train_acc=0.897 | val_loss=1.1477 val_acc=0.615
      ep11 train_loss=0.8237 train_acc=0.893 | val_loss=1.2087 val_acc=0.615
      ep12 train_loss=0.7958 train_acc=0.876 | val_loss=1.2470 val_acc=0.538
      ep13 train_loss=0.7731 train_acc=0.918 | val_loss=1.0994 val_acc=0.538
      ep14 train_loss=0.7559 train_acc=0.931 | val_loss=1.3598 val_acc=0.615
      ep15 train_loss=0.7282 train_acc=0.923 | val_loss=1.3188 val_acc=0.538
      ep16 train_loss=0.7120 train_acc=0.936 | val_loss=1.1747 val_acc=0.538
      ep17 train_loss=0.7226 train_acc=0.918 | val_loss=1.1122 val_acc=0.615
      ep18 train_loss=0.7205 train_acc=0.936 | val_loss=1.1000 val_acc=0.692
      ep19 train_loss=0.6553 train_acc=0.970 | val_loss=1.2046 val_acc=0.692
      ep20 train_loss=0.7069 train_acc=0.957 | val_loss=1.1005 val_acc=0.692
      ep21 train_loss=0.6888 train_acc=0.948 | val_loss=0.9888 val_acc=0.615
      ep22 train_loss=0.7404 train_acc=0.918 | val_loss=1.2399 val_acc=0.538
      ep23 train_loss=0.6683 train_acc=0.983 | val_loss=1.1149 val_acc=0.692
      ep24 train_loss=0.7133 train_acc=0.944 | val_loss=1.1901 val_acc=0.615
    fold acc=0.615 time=384.5s | running pooled acc=0.682

--- Fold 3/26 | test sub03 (7 test, 239 train) ---
      ep00 train_loss=1.6711 train_acc=0.314 | val_loss=1.1436 val_acc=0.429
      ep01 train_loss=1.3160 train_acc=0.552 | val_loss=1.2181 val_acc=0.571
      ep02 train_loss=1.1826 train_acc=0.607 | val_loss=1.3323 val_acc=0.429
      ep03 train_loss=1.0845 train_acc=0.636 | val_loss=0.6511 val_acc=0.857
      ep04 train_loss=1.0366 train_acc=0.699 | val_loss=1.1685 val_acc=0.429
      ep05 train_loss=1.0076 train_acc=0.707 | val_loss=1.0849 val_acc=0.571
      ep06 train_loss=0.8953 train_acc=0.820 | val_loss=1.0757 val_acc=0.714
      ep07 train_loss=0.8955 train_acc=0.799 | val_loss=0.7367 val_acc=0.714
      ep08 train_loss=0.8314 train_acc=0.858 | val_loss=1.1450 val_acc=0.429
      ep09 train_loss=0.8153 train_acc=0.841 | val_loss=1.1581 val_acc=0.571
      ep10 train_loss=0.7923 train_acc=0.845 | val_loss=1.5089 val_acc=0.429
      ep11 train_loss=0.7268 train_acc=0.908 | val_loss=1.0241 val_acc=0.571
      ep12 train_loss=0.7359 train_acc=0.908 | val_loss=0.9811 val_acc=0.714
      ep13 train_loss=0.7097 train_acc=0.921 | val_loss=0.8084 val_acc=0.714
      ep14 train_loss=0.7713 train_acc=0.891 | val_loss=0.9030 val_acc=0.857
      ep15 train_loss=0.7032 train_acc=0.937 | val_loss=0.9888 val_acc=0.714
      ep16 train_loss=0.6834 train_acc=0.929 | val_loss=0.9642 val_acc=0.714
      ep17 train_loss=0.7319 train_acc=0.904 | val_loss=1.0836 val_acc=0.714
      ep18 train_loss=0.6776 train_acc=0.937 | val_loss=0.9979 val_acc=0.714
      ep19 train_loss=0.6375 train_acc=0.975 | val_loss=0.8861 val_acc=0.714
      ep20 train_loss=0.6574 train_acc=0.962 | val_loss=0.7803 val_acc=0.714
      ep21 train_loss=0.6459 train_acc=0.971 | val_loss=0.8758 val_acc=0.714
      ep22 train_loss=0.6403 train_acc=0.971 | val_loss=0.9210 val_acc=0.714
      ep23 train_loss=0.6337 train_acc=0.979 | val_loss=0.8277 val_acc=0.714
      ep24 train_loss=0.6434 train_acc=0.971 | val_loss=0.8233 val_acc=0.714
    fold acc=0.714 time=371.1s | running pooled acc=0.690

--- Fold 4/26 | test sub04 (5 test, 241 train) ---
      ep00 train_loss=1.5712 train_acc=0.382 | val_loss=0.6574 val_acc=0.800
      ep01 train_loss=1.2730 train_acc=0.523 | val_loss=0.8989 val_acc=0.400
      ep02 train_loss=1.1720 train_acc=0.589 | val_loss=0.5224 val_acc=1.000
      ep03 train_loss=1.1463 train_acc=0.618 | val_loss=0.4594 val_acc=0.800
      ep04 train_loss=1.0123 train_acc=0.730 | val_loss=0.5739 val_acc=0.600
      ep05 train_loss=0.8893 train_acc=0.784 | val_loss=0.6349 val_acc=0.600
      ep06 train_loss=0.8652 train_acc=0.859 | val_loss=0.9236 val_acc=0.600
      ep07 train_loss=0.8324 train_acc=0.822 | val_loss=0.4751 val_acc=0.800
      ep08 train_loss=0.8155 train_acc=0.863 | val_loss=0.6658 val_acc=0.600
      ep09 train_loss=0.8284 train_acc=0.842 | val_loss=0.6082 val_acc=0.600
      ep10 train_loss=0.7432 train_acc=0.880 | val_loss=0.5887 val_acc=0.800
      ep11 train_loss=0.7225 train_acc=0.884 | val_loss=0.9900 val_acc=0.800
      ep12 train_loss=0.7318 train_acc=0.909 | val_loss=0.8040 val_acc=0.600
      ep13 train_loss=0.7762 train_acc=0.880 | val_loss=0.4758 val_acc=0.800
      ep14 train_loss=0.7411 train_acc=0.913 | val_loss=0.7808 val_acc=0.800
      ep15 train_loss=0.7401 train_acc=0.909 | val_loss=0.7817 val_acc=0.600
      ep16 train_loss=0.6840 train_acc=0.938 | val_loss=0.9190 val_acc=0.800
      ep17 train_loss=0.6667 train_acc=0.950 | val_loss=0.7412 val_acc=0.600
      ep18 train_loss=0.6696 train_acc=0.946 | val_loss=0.8092 val_acc=0.600
      ep19 train_loss=0.6519 train_acc=0.971 | val_loss=0.7783 val_acc=0.600
      ep20 train_loss=0.6803 train_acc=0.963 | val_loss=0.8029 val_acc=0.600
      ep21 train_loss=0.6563 train_acc=0.975 | val_loss=0.7965 val_acc=0.600
      ep22 train_loss=0.6381 train_acc=0.963 | val_loss=0.6751 val_acc=0.600
      ep23 train_loss=0.6924 train_acc=0.954 | val_loss=0.8876 val_acc=0.800
      ep24 train_loss=0.6361 train_acc=0.959 | val_loss=0.6874 val_acc=0.600
    fold acc=0.800 time=397.5s | running pooled acc=0.706

--- Fold 5/26 | test sub05 (19 test, 227 train) ---
      ep00 train_loss=1.5419 train_acc=0.322 | val_loss=1.8403 val_acc=0.421
      ep01 train_loss=1.2179 train_acc=0.604 | val_loss=1.6139 val_acc=0.263
      ep02 train_loss=1.1567 train_acc=0.652 | val_loss=1.8518 val_acc=0.474
      ep03 train_loss=1.0910 train_acc=0.678 | val_loss=1.9641 val_acc=0.421
      ep04 train_loss=1.0356 train_acc=0.692 | val_loss=1.4294 val_acc=0.368
      ep05 train_loss=0.9892 train_acc=0.700 | val_loss=1.6310 val_acc=0.421
      ep06 train_loss=0.9162 train_acc=0.789 | val_loss=1.8850 val_acc=0.474
      ep07 train_loss=0.9198 train_acc=0.771 | val_loss=1.4778 val_acc=0.474
      ep08 train_loss=0.9176 train_acc=0.824 | val_loss=1.4538 val_acc=0.526
      ep09 train_loss=0.9175 train_acc=0.815 | val_loss=1.5923 val_acc=0.526
      ep10 train_loss=0.7866 train_acc=0.855 | val_loss=1.3300 val_acc=0.526
      ep11 train_loss=0.7816 train_acc=0.877 | val_loss=1.3651 val_acc=0.526
      ep12 train_loss=0.7313 train_acc=0.885 | val_loss=1.6302 val_acc=0.526
      ep13 train_loss=0.7344 train_acc=0.903 | val_loss=1.4064 val_acc=0.526
      ep14 train_loss=0.6883 train_acc=0.952 | val_loss=1.4980 val_acc=0.526
      ep15 train_loss=0.6845 train_acc=0.952 | val_loss=1.4230 val_acc=0.579
      ep16 train_loss=0.7274 train_acc=0.916 | val_loss=1.2970 val_acc=0.526
      ep17 train_loss=0.7140 train_acc=0.952 | val_loss=1.4470 val_acc=0.579
      ep18 train_loss=0.7105 train_acc=0.943 | val_loss=1.5012 val_acc=0.579
      ep19 train_loss=0.6780 train_acc=0.952 | val_loss=1.5774 val_acc=0.474
      ep20 train_loss=0.7056 train_acc=0.947 | val_loss=1.5240 val_acc=0.579
      ep21 train_loss=0.6981 train_acc=0.943 | val_loss=1.3909 val_acc=0.579
      ep22 train_loss=0.6613 train_acc=0.956 | val_loss=1.3836 val_acc=0.579
      ep23 train_loss=0.6818 train_acc=0.956 | val_loss=1.3307 val_acc=0.579
      ep24 train_loss=0.6411 train_acc=0.982 | val_loss=1.4392 val_acc=0.579
    fold acc=0.526 time=446.3s | running pooled acc=0.642

--- Fold 6/26 | test sub06 (5 test, 241 train) ---
      ep00 train_loss=1.5892 train_acc=0.353 | val_loss=1.0415 val_acc=0.800
      ep01 train_loss=1.2738 train_acc=0.552 | val_loss=0.7610 val_acc=0.800
      ep02 train_loss=1.1933 train_acc=0.593 | val_loss=0.7336 val_acc=0.800
      ep03 train_loss=1.1841 train_acc=0.622 | val_loss=0.6754 val_acc=0.800
      ep04 train_loss=1.0919 train_acc=0.697 | val_loss=0.6367 val_acc=0.800
      ep05 train_loss=0.9160 train_acc=0.776 | val_loss=0.9488 val_acc=0.600
      ep06 train_loss=0.9496 train_acc=0.793 | val_loss=1.1923 val_acc=0.600
      ep07 train_loss=0.8695 train_acc=0.801 | val_loss=0.8107 val_acc=0.800
      ep08 train_loss=0.8463 train_acc=0.855 | val_loss=1.1478 val_acc=0.600
      ep09 train_loss=0.8414 train_acc=0.822 | val_loss=0.7862 val_acc=0.600
      ep10 train_loss=0.7713 train_acc=0.896 | val_loss=0.9406 val_acc=0.600
      ep11 train_loss=0.7521 train_acc=0.880 | val_loss=1.3291 val_acc=0.600
      ep12 train_loss=0.7457 train_acc=0.900 | val_loss=1.1416 val_acc=0.600
      ep13 train_loss=0.7912 train_acc=0.892 | val_loss=0.8694 val_acc=0.600
      ep14 train_loss=0.7607 train_acc=0.905 | val_loss=0.9783 val_acc=0.600
      ep15 train_loss=0.7447 train_acc=0.892 | val_loss=1.1467 val_acc=0.600
      ep16 train_loss=0.7104 train_acc=0.925 | val_loss=0.9627 val_acc=0.600
      ep17 train_loss=0.6959 train_acc=0.946 | val_loss=1.0011 val_acc=0.600
      ep18 train_loss=0.7044 train_acc=0.946 | val_loss=0.8893 val_acc=0.600
      ep19 train_loss=0.6485 train_acc=0.963 | val_loss=0.9111 val_acc=0.600
      ep20 train_loss=0.6915 train_acc=0.959 | val_loss=0.9880 val_acc=0.600
      ep21 train_loss=0.6971 train_acc=0.967 | val_loss=0.9862 val_acc=0.600
      ep22 train_loss=0.6729 train_acc=0.959 | val_loss=0.9592 val_acc=0.600
      ep23 train_loss=0.7198 train_acc=0.946 | val_loss=1.1278 val_acc=0.600
      ep24 train_loss=0.6331 train_acc=0.979 | val_loss=0.9593 val_acc=0.600
    fold acc=0.600 time=433.3s | running pooled acc=0.638

--- Fold 7/26 | test sub07 (9 test, 237 train) ---
      ep00 train_loss=1.5982 train_acc=0.384 | val_loss=1.0477 val_acc=0.556
      ep01 train_loss=1.2266 train_acc=0.557 | val_loss=1.3276 val_acc=0.556
      ep02 train_loss=1.2048 train_acc=0.591 | val_loss=1.5098 val_acc=0.444
      ep03 train_loss=1.1590 train_acc=0.658 | val_loss=1.5863 val_acc=0.444
      ep04 train_loss=1.0274 train_acc=0.717 | val_loss=1.4374 val_acc=0.444
      ep05 train_loss=0.9561 train_acc=0.751 | val_loss=1.3214 val_acc=0.556
      ep06 train_loss=0.8913 train_acc=0.797 | val_loss=1.3360 val_acc=0.556
      ep07 train_loss=0.8362 train_acc=0.835 | val_loss=1.5418 val_acc=0.444
      ep08 train_loss=0.8131 train_acc=0.852 | val_loss=1.3743 val_acc=0.556
      ep09 train_loss=0.8323 train_acc=0.835 | val_loss=1.2679 val_acc=0.333
      ep10 train_loss=0.7604 train_acc=0.886 | val_loss=0.9987 val_acc=0.667
      ep11 train_loss=0.7746 train_acc=0.869 | val_loss=1.5437 val_acc=0.333
      ep12 train_loss=0.7276 train_acc=0.886 | val_loss=1.2630 val_acc=0.556
      ep13 train_loss=0.6654 train_acc=0.958 | val_loss=1.0528 val_acc=0.667
      ep14 train_loss=0.7057 train_acc=0.924 | val_loss=1.3674 val_acc=0.444
      ep15 train_loss=0.7042 train_acc=0.928 | val_loss=1.2264 val_acc=0.556
      ep16 train_loss=0.6895 train_acc=0.937 | val_loss=1.4126 val_acc=0.444
      ep17 train_loss=0.6949 train_acc=0.920 | val_loss=1.3381 val_acc=0.556
      ep18 train_loss=0.6451 train_acc=0.945 | val_loss=1.2461 val_acc=0.556
      ep19 train_loss=0.6287 train_acc=0.970 | val_loss=1.2345 val_acc=0.556
      ep20 train_loss=0.6769 train_acc=0.945 | val_loss=1.2989 val_acc=0.667
      ep21 train_loss=0.6899 train_acc=0.941 | val_loss=1.3003 val_acc=0.556
      ep22 train_loss=0.6541 train_acc=0.962 | val_loss=1.1677 val_acc=0.667
      ep23 train_loss=0.6426 train_acc=0.962 | val_loss=1.1113 val_acc=0.556
      ep24 train_loss=0.6386 train_acc=0.979 | val_loss=1.2554 val_acc=0.556
    fold acc=0.556 time=436.9s | running pooled acc=0.627

--- Fold 8/26 | test sub08 (3 test, 243 train) ---
      ep00 train_loss=1.5893 train_acc=0.342 | val_loss=1.5972 val_acc=0.333
      ep01 train_loss=1.2704 train_acc=0.551 | val_loss=0.9790 val_acc=0.667
      ep02 train_loss=1.2184 train_acc=0.580 | val_loss=1.1064 val_acc=0.333
      ep03 train_loss=1.1806 train_acc=0.634 | val_loss=0.8957 val_acc=0.667
      ep04 train_loss=1.0447 train_acc=0.720 | val_loss=1.3592 val_acc=0.333
      ep05 train_loss=0.9637 train_acc=0.733 | val_loss=0.5947 val_acc=0.667
      ep06 train_loss=0.9102 train_acc=0.807 | val_loss=1.1702 val_acc=0.333
      ep07 train_loss=0.7889 train_acc=0.844 | val_loss=1.7644 val_acc=0.667
      ep08 train_loss=0.8784 train_acc=0.823 | val_loss=1.5329 val_acc=0.667
      ep09 train_loss=0.8241 train_acc=0.848 | val_loss=1.5278 val_acc=0.333
      ep10 train_loss=0.7853 train_acc=0.872 | val_loss=0.9109 val_acc=0.667
      ep11 train_loss=0.7209 train_acc=0.926 | val_loss=0.7267 val_acc=0.667
      ep12 train_loss=0.7289 train_acc=0.930 | val_loss=0.8164 val_acc=0.667
      ep13 train_loss=0.7474 train_acc=0.918 | val_loss=0.7130 val_acc=0.667
      ep14 train_loss=0.6710 train_acc=0.959 | val_loss=0.9736 val_acc=0.667
      ep15 train_loss=0.7211 train_acc=0.914 | val_loss=0.5620 val_acc=0.667
      ep16 train_loss=0.6935 train_acc=0.914 | val_loss=1.0127 val_acc=0.667
      ep17 train_loss=0.6844 train_acc=0.938 | val_loss=0.7452 val_acc=0.667
      ep18 train_loss=0.6757 train_acc=0.959 | val_loss=1.1311 val_acc=0.667
      ep19 train_loss=0.6633 train_acc=0.967 | val_loss=0.8241 val_acc=0.667
      ep20 train_loss=0.6740 train_acc=0.947 | val_loss=0.7315 val_acc=0.667
      ep21 train_loss=0.6942 train_acc=0.938 | val_loss=0.9896 val_acc=0.667
      ep22 train_loss=0.6481 train_acc=0.971 | val_loss=0.9986 val_acc=0.667
      ep23 train_loss=0.6706 train_acc=0.963 | val_loss=0.7971 val_acc=0.667
      ep24 train_loss=0.6464 train_acc=0.971 | val_loss=0.9674 val_acc=0.667
    fold acc=0.667 time=437.9s | running pooled acc=0.629

--- Fold 9/26 | test sub09 (13 test, 233 train) ---
      ep00 train_loss=1.6556 train_acc=0.335 | val_loss=1.0113 val_acc=0.846
      ep01 train_loss=1.4516 train_acc=0.442 | val_loss=0.5983 val_acc=0.923
      ep02 train_loss=1.2369 train_acc=0.558 | val_loss=0.6776 val_acc=0.692
      ep03 train_loss=1.0639 train_acc=0.665 | val_loss=0.6168 val_acc=0.769
      ep04 train_loss=1.0764 train_acc=0.712 | val_loss=0.3327 val_acc=0.923
      ep05 train_loss=0.9702 train_acc=0.747 | val_loss=0.4406 val_acc=0.923
      ep06 train_loss=1.0235 train_acc=0.708 | val_loss=0.6215 val_acc=0.692
      ep07 train_loss=1.0016 train_acc=0.794 | val_loss=0.5737 val_acc=0.846
      ep08 train_loss=0.8933 train_acc=0.824 | val_loss=0.5508 val_acc=0.769
      ep09 train_loss=0.8428 train_acc=0.858 | val_loss=0.3245 val_acc=0.923
      ep10 train_loss=0.7875 train_acc=0.893 | val_loss=0.5250 val_acc=0.846
      ep11 train_loss=0.8258 train_acc=0.897 | val_loss=0.4431 val_acc=0.846
      ep12 train_loss=0.7990 train_acc=0.893 | val_loss=0.4951 val_acc=0.923
      ep13 train_loss=0.7737 train_acc=0.927 | val_loss=0.3513 val_acc=0.846
      ep14 train_loss=0.7624 train_acc=0.927 | val_loss=0.5062 val_acc=0.846
      ep15 train_loss=0.7735 train_acc=0.923 | val_loss=0.4599 val_acc=0.923
      ep16 train_loss=0.7244 train_acc=0.944 | val_loss=0.3882 val_acc=0.846
      ep17 train_loss=0.6906 train_acc=0.948 | val_loss=0.4842 val_acc=0.769
      ep18 train_loss=0.7313 train_acc=0.953 | val_loss=0.4193 val_acc=0.923
      ep19 train_loss=0.6857 train_acc=0.961 | val_loss=0.4162 val_acc=0.923
      ep20 train_loss=0.7254 train_acc=0.936 | val_loss=0.4268 val_acc=0.846
      ep21 train_loss=0.6796 train_acc=0.961 | val_loss=0.4519 val_acc=0.692
      ep22 train_loss=0.7384 train_acc=0.953 | val_loss=0.5886 val_acc=0.692
      ep23 train_loss=0.6722 train_acc=0.987 | val_loss=0.5450 val_acc=0.692
      ep24 train_loss=0.7220 train_acc=0.944 | val_loss=0.5248 val_acc=0.692
    fold acc=0.692 time=448.5s | running pooled acc=0.639

--- Fold 10/26 | test sub10 (13 test, 233 train) ---
      ep00 train_loss=1.5944 train_acc=0.343 | val_loss=0.8809 val_acc=0.692
      ep01 train_loss=1.3599 train_acc=0.472 | val_loss=0.9352 val_acc=0.846
      ep02 train_loss=1.1776 train_acc=0.588 | val_loss=0.8873 val_acc=0.923
      ep03 train_loss=1.0256 train_acc=0.670 | val_loss=1.1051 val_acc=0.692
      ep04 train_loss=1.0183 train_acc=0.712 | val_loss=0.5600 val_acc=1.000
      ep05 train_loss=0.9366 train_acc=0.790 | val_loss=0.0744 val_acc=1.000
      ep06 train_loss=0.9252 train_acc=0.730 | val_loss=1.0913 val_acc=0.692
      ep07 train_loss=0.9294 train_acc=0.755 | val_loss=0.7931 val_acc=0.692
      ep08 train_loss=0.8269 train_acc=0.845 | val_loss=0.3453 val_acc=0.923
      ep09 train_loss=0.7728 train_acc=0.858 | val_loss=0.3396 val_acc=0.923
      ep10 train_loss=0.7545 train_acc=0.888 | val_loss=0.7007 val_acc=0.692
      ep11 train_loss=0.7785 train_acc=0.867 | val_loss=0.5384 val_acc=0.846
      ep12 train_loss=0.7428 train_acc=0.901 | val_loss=0.5013 val_acc=1.000
      ep13 train_loss=0.7084 train_acc=0.927 | val_loss=0.2404 val_acc=0.923
      ep14 train_loss=0.7063 train_acc=0.944 | val_loss=0.3720 val_acc=0.923
      ep15 train_loss=0.7003 train_acc=0.910 | val_loss=0.3806 val_acc=0.923
      ep16 train_loss=0.6692 train_acc=0.944 | val_loss=0.3426 val_acc=1.000
      ep17 train_loss=0.6458 train_acc=0.948 | val_loss=0.4667 val_acc=0.923
      ep18 train_loss=0.6887 train_acc=0.923 | val_loss=0.3632 val_acc=0.846
      ep19 train_loss=0.6372 train_acc=0.953 | val_loss=0.3416 val_acc=0.923
      ep20 train_loss=0.6797 train_acc=0.957 | val_loss=0.3939 val_acc=1.000
      ep21 train_loss=0.6347 train_acc=0.961 | val_loss=0.3563 val_acc=1.000
      ep22 train_loss=0.6892 train_acc=0.948 | val_loss=0.3243 val_acc=0.923
      ep23 train_loss=0.6240 train_acc=0.979 | val_loss=0.4075 val_acc=0.846
      ep24 train_loss=0.6701 train_acc=0.948 | val_loss=0.4581 val_acc=0.846
    fold acc=1.000 time=428.3s | running pooled acc=0.688

--- Fold 11/26 | test sub11 (10 test, 236 train) ---
      ep00 train_loss=1.6482 train_acc=0.322 | val_loss=1.2990 val_acc=0.500
      ep01 train_loss=1.2806 train_acc=0.555 | val_loss=1.1628 val_acc=0.400
      ep02 train_loss=1.0907 train_acc=0.640 | val_loss=0.9176 val_acc=0.400
      ep03 train_loss=1.1310 train_acc=0.623 | val_loss=0.9276 val_acc=0.700
      ep04 train_loss=1.0267 train_acc=0.699 | val_loss=1.1561 val_acc=0.500
      ep05 train_loss=0.8897 train_acc=0.788 | val_loss=0.6918 val_acc=0.700
      ep06 train_loss=0.9343 train_acc=0.767 | val_loss=1.1539 val_acc=0.600
      ep07 train_loss=0.8829 train_acc=0.814 | val_loss=0.6501 val_acc=0.800
      ep08 train_loss=0.9207 train_acc=0.788 | val_loss=0.6296 val_acc=0.800
      ep09 train_loss=0.7791 train_acc=0.890 | val_loss=0.7485 val_acc=0.700
      ep10 train_loss=0.8375 train_acc=0.839 | val_loss=0.5671 val_acc=0.700
      ep11 train_loss=0.7661 train_acc=0.869 | val_loss=0.7292 val_acc=0.600
      ep12 train_loss=0.6754 train_acc=0.936 | val_loss=0.6942 val_acc=0.700
      ep13 train_loss=0.6877 train_acc=0.924 | val_loss=0.7042 val_acc=0.700
      ep14 train_loss=0.7175 train_acc=0.907 | val_loss=0.6314 val_acc=0.800
      ep15 train_loss=0.7231 train_acc=0.924 | val_loss=0.7031 val_acc=0.700
      ep16 train_loss=0.6772 train_acc=0.953 | val_loss=0.8165 val_acc=0.600
      ep17 train_loss=0.6665 train_acc=0.945 | val_loss=0.8699 val_acc=0.800
      ep18 train_loss=0.6527 train_acc=0.958 | val_loss=0.8600 val_acc=0.700
      ep19 train_loss=0.6469 train_acc=0.966 | val_loss=0.7502 val_acc=0.800
      ep20 train_loss=0.6491 train_acc=0.966 | val_loss=0.7299 val_acc=0.700
      ep21 train_loss=0.6314 train_acc=0.962 | val_loss=0.7892 val_acc=0.700
      ep22 train_loss=0.6858 train_acc=0.941 | val_loss=0.7570 val_acc=0.700
      ep23 train_loss=0.6295 train_acc=0.979 | val_loss=0.7516 val_acc=0.700
      ep24 train_loss=0.6717 train_acc=0.953 | val_loss=0.7088 val_acc=0.800
    fold acc=0.800 time=382.5s | running pooled acc=0.698

--- Fold 12/26 | test sub12 (12 test, 234 train) ---
      ep00 train_loss=1.6715 train_acc=0.376 | val_loss=0.9279 val_acc=0.667
      ep01 train_loss=1.3707 train_acc=0.547 | val_loss=0.7925 val_acc=0.750
      ep02 train_loss=1.1852 train_acc=0.603 | val_loss=0.5793 val_acc=0.750
      ep03 train_loss=1.1377 train_acc=0.637 | val_loss=0.5428 val_acc=0.833
      ep04 train_loss=1.0589 train_acc=0.679 | val_loss=0.5196 val_acc=0.833
      ep05 train_loss=0.9573 train_acc=0.709 | val_loss=0.5959 val_acc=0.750
      ep06 train_loss=1.0253 train_acc=0.718 | val_loss=0.3729 val_acc=0.833
      ep07 train_loss=0.9211 train_acc=0.795 | val_loss=0.5939 val_acc=0.833
      ep08 train_loss=0.9213 train_acc=0.786 | val_loss=0.5462 val_acc=0.833
      ep09 train_loss=0.8544 train_acc=0.846 | val_loss=0.5048 val_acc=0.750
      ep10 train_loss=0.8210 train_acc=0.880 | val_loss=0.5105 val_acc=0.750
      ep11 train_loss=0.8173 train_acc=0.880 | val_loss=0.3344 val_acc=0.917
      ep12 train_loss=0.7401 train_acc=0.915 | val_loss=0.2206 val_acc=0.917
      ep13 train_loss=0.7565 train_acc=0.923 | val_loss=0.2406 val_acc=1.000
      ep14 train_loss=0.7424 train_acc=0.932 | val_loss=0.3706 val_acc=0.833
      ep15 train_loss=0.7824 train_acc=0.915 | val_loss=0.2576 val_acc=0.917
      ep16 train_loss=0.7362 train_acc=0.927 | val_loss=0.4661 val_acc=0.833
      ep17 train_loss=0.6907 train_acc=0.953 | val_loss=0.2290 val_acc=1.000
      ep18 train_loss=0.7098 train_acc=0.919 | val_loss=0.2770 val_acc=0.917
      ep19 train_loss=0.7056 train_acc=0.944 | val_loss=0.2573 val_acc=1.000
      ep20 train_loss=0.6771 train_acc=0.936 | val_loss=0.2561 val_acc=0.917
      ep21 train_loss=0.7042 train_acc=0.932 | val_loss=0.2626 val_acc=0.917
      ep22 train_loss=0.7047 train_acc=0.940 | val_loss=0.2373 val_acc=0.917
      ep23 train_loss=0.6556 train_acc=0.983 | val_loss=0.2645 val_acc=0.917
      ep24 train_loss=0.6589 train_acc=0.970 | val_loss=0.2677 val_acc=0.917
    fold acc=0.833 time=358.6s | running pooled acc=0.712

--- Fold 13/26 | test sub13 (8 test, 238 train) ---
      ep00 train_loss=1.5733 train_acc=0.395 | val_loss=1.2716 val_acc=0.375
      ep01 train_loss=1.2608 train_acc=0.550 | val_loss=1.4183 val_acc=0.375
      ep02 train_loss=1.1173 train_acc=0.634 | val_loss=1.2764 val_acc=0.250
      ep03 train_loss=1.0913 train_acc=0.643 | val_loss=1.4186 val_acc=0.375
      ep04 train_loss=1.1019 train_acc=0.672 | val_loss=1.1901 val_acc=0.500
      ep05 train_loss=0.9824 train_acc=0.748 | val_loss=1.1904 val_acc=0.375
      ep06 train_loss=0.9481 train_acc=0.748 | val_loss=1.2692 val_acc=0.500
      ep07 train_loss=0.8952 train_acc=0.798 | val_loss=1.1534 val_acc=0.375
      ep08 train_loss=0.8876 train_acc=0.773 | val_loss=1.1779 val_acc=0.375
      ep09 train_loss=0.8332 train_acc=0.840 | val_loss=1.2069 val_acc=0.375
      ep10 train_loss=0.8091 train_acc=0.874 | val_loss=1.0470 val_acc=0.500
      ep11 train_loss=0.7896 train_acc=0.866 | val_loss=0.9169 val_acc=0.625
      ep12 train_loss=0.8334 train_acc=0.874 | val_loss=0.8104 val_acc=0.500
      ep13 train_loss=0.7427 train_acc=0.924 | val_loss=0.6667 val_acc=0.625
      ep14 train_loss=0.7159 train_acc=0.937 | val_loss=0.9274 val_acc=0.625
      ep15 train_loss=0.7152 train_acc=0.903 | val_loss=0.8516 val_acc=0.500
      ep16 train_loss=0.6659 train_acc=0.966 | val_loss=0.6271 val_acc=0.750
      ep17 train_loss=0.7009 train_acc=0.937 | val_loss=0.8093 val_acc=0.625
      ep18 train_loss=0.6747 train_acc=0.954 | val_loss=0.6275 val_acc=0.750
      ep19 train_loss=0.6545 train_acc=0.962 | val_loss=0.7224 val_acc=0.750
      ep20 train_loss=0.6487 train_acc=0.958 | val_loss=0.6881 val_acc=0.750
      ep21 train_loss=0.6985 train_acc=0.945 | val_loss=0.6584 val_acc=0.750
      ep22 train_loss=0.6765 train_acc=0.962 | val_loss=0.7004 val_acc=0.625
      ep23 train_loss=0.6731 train_acc=0.958 | val_loss=0.8031 val_acc=0.750
      ep24 train_loss=0.6739 train_acc=0.954 | val_loss=0.7436 val_acc=0.750
    fold acc=0.750 time=359.5s | running pooled acc=0.714

--- Fold 14/26 | test sub14 (4 test, 242 train) ---
      ep00 train_loss=1.6131 train_acc=0.339 | val_loss=1.6481 val_acc=0.250
      ep01 train_loss=1.2634 train_acc=0.541 | val_loss=1.8582 val_acc=0.000
      ep02 train_loss=1.2174 train_acc=0.607 | val_loss=1.5516 val_acc=0.500
      ep03 train_loss=1.0325 train_acc=0.694 | val_loss=1.1070 val_acc=0.500
      ep04 train_loss=1.0237 train_acc=0.719 | val_loss=1.3744 val_acc=0.250
      ep05 train_loss=0.9509 train_acc=0.748 | val_loss=2.6115 val_acc=0.000
      ep06 train_loss=0.9026 train_acc=0.764 | val_loss=1.7629 val_acc=0.000
      ep07 train_loss=0.9412 train_acc=0.806 | val_loss=2.2993 val_acc=0.250
      ep08 train_loss=0.8122 train_acc=0.843 | val_loss=1.2662 val_acc=0.250
      ep09 train_loss=0.8365 train_acc=0.839 | val_loss=1.6804 val_acc=0.000
      ep10 train_loss=0.7790 train_acc=0.888 | val_loss=1.5846 val_acc=0.500
      ep11 train_loss=0.7182 train_acc=0.893 | val_loss=1.6454 val_acc=0.250
      ep12 train_loss=0.7651 train_acc=0.897 | val_loss=1.6396 val_acc=0.250
      ep13 train_loss=0.7650 train_acc=0.893 | val_loss=1.4187 val_acc=0.250
      ep14 train_loss=0.6837 train_acc=0.942 | val_loss=1.5609 val_acc=0.250
      ep15 train_loss=0.7014 train_acc=0.959 | val_loss=1.4911 val_acc=0.250
      ep16 train_loss=0.7226 train_acc=0.917 | val_loss=1.4556 val_acc=0.250
      ep17 train_loss=0.6859 train_acc=0.959 | val_loss=1.4784 val_acc=0.250
      ep18 train_loss=0.6401 train_acc=0.955 | val_loss=1.7190 val_acc=0.000
      ep19 train_loss=0.6597 train_acc=0.971 | val_loss=1.4061 val_acc=0.250
      ep20 train_loss=0.6824 train_acc=0.955 | val_loss=1.2291 val_acc=0.250
      ep21 train_loss=0.7050 train_acc=0.917 | val_loss=1.4159 val_acc=0.250
      ep22 train_loss=0.6527 train_acc=0.967 | val_loss=1.3684 val_acc=0.250
      ep23 train_loss=0.6552 train_acc=0.971 | val_loss=1.3844 val_acc=0.250
      ep24 train_loss=0.6493 train_acc=0.955 | val_loss=1.4096 val_acc=0.250
    fold acc=0.250 time=358.8s | running pooled acc=0.700

--- Fold 15/26 | test sub15 (3 test, 243 train) ---
      ep00 train_loss=1.5804 train_acc=0.342 | val_loss=0.6624 val_acc=0.667
      ep01 train_loss=1.2986 train_acc=0.539 | val_loss=0.7294 val_acc=0.667
      ep02 train_loss=1.2095 train_acc=0.584 | val_loss=1.3956 val_acc=0.333
      ep03 train_loss=1.1478 train_acc=0.617 | val_loss=0.7266 val_acc=0.667
      ep04 train_loss=1.0608 train_acc=0.683 | val_loss=0.8114 val_acc=0.667
      ep05 train_loss=0.9777 train_acc=0.695 | val_loss=1.0889 val_acc=0.333
      ep06 train_loss=0.9588 train_acc=0.786 | val_loss=1.1638 val_acc=0.333
      ep07 train_loss=0.8461 train_acc=0.823 | val_loss=1.0189 val_acc=0.667
      ep08 train_loss=0.8467 train_acc=0.860 | val_loss=0.8856 val_acc=0.667
      ep09 train_loss=0.8138 train_acc=0.881 | val_loss=1.0999 val_acc=0.333
      ep10 train_loss=0.8202 train_acc=0.868 | val_loss=0.8358 val_acc=0.667
      ep11 train_loss=0.7353 train_acc=0.922 | val_loss=1.0922 val_acc=0.667
      ep12 train_loss=0.7440 train_acc=0.893 | val_loss=0.8865 val_acc=0.667
      ep13 train_loss=0.7087 train_acc=0.942 | val_loss=0.9596 val_acc=0.667
      ep14 train_loss=0.6862 train_acc=0.947 | val_loss=1.0120 val_acc=0.667
      ep15 train_loss=0.6949 train_acc=0.930 | val_loss=0.7635 val_acc=0.667
      ep16 train_loss=0.6865 train_acc=0.947 | val_loss=1.0358 val_acc=0.667
      ep17 train_loss=0.7026 train_acc=0.926 | val_loss=0.8874 val_acc=0.667
      ep18 train_loss=0.6837 train_acc=0.955 | val_loss=0.8864 val_acc=0.667
      ep19 train_loss=0.6539 train_acc=0.979 | val_loss=1.0873 val_acc=0.333
      ep20 train_loss=0.6551 train_acc=0.963 | val_loss=1.1139 val_acc=0.333
      ep21 train_loss=0.6725 train_acc=0.942 | val_loss=1.1220 val_acc=0.333
      ep22 train_loss=0.6513 train_acc=0.979 | val_loss=1.0297 val_acc=0.667
      ep23 train_loss=0.6454 train_acc=0.975 | val_loss=1.0301 val_acc=0.667
      ep24 train_loss=0.6627 train_acc=0.971 | val_loss=0.8863 val_acc=0.667
    fold acc=0.667 time=357.1s | running pooled acc=0.699

--- Fold 16/26 | test sub16 (4 test, 242 train) ---
      ep00 train_loss=1.6018 train_acc=0.347 | val_loss=1.3942 val_acc=0.500
      ep01 train_loss=1.2421 train_acc=0.558 | val_loss=1.6403 val_acc=0.250
      ep02 train_loss=1.1861 train_acc=0.624 | val_loss=1.2705 val_acc=0.500
      ep03 train_loss=0.9842 train_acc=0.731 | val_loss=1.3492 val_acc=0.250
      ep04 train_loss=1.0258 train_acc=0.707 | val_loss=1.4853 val_acc=0.500
      ep05 train_loss=1.0070 train_acc=0.707 | val_loss=1.0181 val_acc=0.500
      ep06 train_loss=0.8801 train_acc=0.789 | val_loss=1.7170 val_acc=0.250
      ep07 train_loss=0.9463 train_acc=0.793 | val_loss=1.3951 val_acc=0.250
      ep08 train_loss=0.8211 train_acc=0.843 | val_loss=1.0853 val_acc=0.500
      ep09 train_loss=0.8520 train_acc=0.831 | val_loss=1.1958 val_acc=0.500
      ep10 train_loss=0.7871 train_acc=0.872 | val_loss=1.5702 val_acc=0.500
      ep11 train_loss=0.7220 train_acc=0.905 | val_loss=1.2316 val_acc=0.750
      ep12 train_loss=0.7700 train_acc=0.897 | val_loss=1.4040 val_acc=0.500
      ep13 train_loss=0.7601 train_acc=0.897 | val_loss=1.2093 val_acc=0.500
      ep14 train_loss=0.6725 train_acc=0.938 | val_loss=1.1470 val_acc=0.500
      ep15 train_loss=0.7116 train_acc=0.942 | val_loss=1.5714 val_acc=0.250
      ep16 train_loss=0.7243 train_acc=0.913 | val_loss=1.3654 val_acc=0.500
      ep17 train_loss=0.6983 train_acc=0.955 | val_loss=1.5115 val_acc=0.250
      ep18 train_loss=0.6435 train_acc=0.959 | val_loss=1.6384 val_acc=0.250
      ep19 train_loss=0.6620 train_acc=0.963 | val_loss=1.6651 val_acc=0.250
      ep20 train_loss=0.6927 train_acc=0.959 | val_loss=1.5571 val_acc=0.500
      ep21 train_loss=0.7380 train_acc=0.913 | val_loss=1.4666 val_acc=0.250
      ep22 train_loss=0.6502 train_acc=0.979 | val_loss=1.3239 val_acc=0.500
      ep23 train_loss=0.6555 train_acc=0.955 | val_loss=1.3748 val_acc=0.500
      ep24 train_loss=0.6508 train_acc=0.967 | val_loss=1.3394 val_acc=0.500
    fold acc=0.500 time=356.4s | running pooled acc=0.693

--- Fold 17/26 | test sub17 (34 test, 212 train) ---
      ep00 train_loss=1.6223 train_acc=0.354 | val_loss=1.3298 val_acc=0.529
      ep01 train_loss=1.3305 train_acc=0.542 | val_loss=1.5830 val_acc=0.324
      ep02 train_loss=1.1478 train_acc=0.642 | val_loss=1.1903 val_acc=0.471
      ep03 train_loss=1.1717 train_acc=0.656 | val_loss=1.3280 val_acc=0.353
      ep04 train_loss=1.1056 train_acc=0.660 | val_loss=0.9406 val_acc=0.588
      ep05 train_loss=1.0151 train_acc=0.755 | val_loss=1.6876 val_acc=0.294
      ep06 train_loss=0.9758 train_acc=0.774 | val_loss=1.2053 val_acc=0.441
      ep07 train_loss=0.9252 train_acc=0.802 | val_loss=1.0169 val_acc=0.647
      ep08 train_loss=0.9753 train_acc=0.797 | val_loss=1.5271 val_acc=0.176
      ep09 train_loss=0.8432 train_acc=0.849 | val_loss=0.9576 val_acc=0.676
      ep10 train_loss=0.8697 train_acc=0.887 | val_loss=1.1301 val_acc=0.412
      ep11 train_loss=0.8115 train_acc=0.896 | val_loss=1.2342 val_acc=0.471
      ep12 train_loss=0.7433 train_acc=0.901 | val_loss=0.8090 val_acc=0.618
      ep13 train_loss=0.8207 train_acc=0.877 | val_loss=1.2660 val_acc=0.382
      ep14 train_loss=0.8194 train_acc=0.910 | val_loss=1.0373 val_acc=0.559
      ep15 train_loss=0.7389 train_acc=0.934 | val_loss=1.4821 val_acc=0.382
      ep16 train_loss=0.7349 train_acc=0.934 | val_loss=1.0739 val_acc=0.441
      ep17 train_loss=0.7430 train_acc=0.939 | val_loss=1.2959 val_acc=0.412
      ep18 train_loss=0.7214 train_acc=0.953 | val_loss=1.2702 val_acc=0.441
      ep19 train_loss=0.7893 train_acc=0.948 | val_loss=1.4128 val_acc=0.353
      ep20 train_loss=0.7157 train_acc=0.967 | val_loss=1.3099 val_acc=0.412
      ep21 train_loss=0.7240 train_acc=0.925 | val_loss=1.2728 val_acc=0.412
      ep22 train_loss=0.7031 train_acc=0.943 | val_loss=1.1695 val_acc=0.500
      ep23 train_loss=0.7229 train_acc=0.953 | val_loss=1.2891 val_acc=0.382
      ep24 train_loss=0.7332 train_acc=0.925 | val_loss=1.2833 val_acc=0.441
    fold acc=0.441 time=351.5s | running pooled acc=0.643

--- Fold 18/26 | test sub18 (3 test, 243 train) ---
      ep00 train_loss=1.6048 train_acc=0.342 | val_loss=0.8316 val_acc=0.667
      ep01 train_loss=1.3046 train_acc=0.531 | val_loss=1.3078 val_acc=0.333
      ep02 train_loss=1.0801 train_acc=0.613 | val_loss=0.4904 val_acc=1.000
      ep03 train_loss=1.1010 train_acc=0.613 | val_loss=0.3864 val_acc=1.000
      ep04 train_loss=1.0582 train_acc=0.671 | val_loss=0.9963 val_acc=0.667
      ep05 train_loss=1.0089 train_acc=0.733 | val_loss=0.4527 val_acc=0.667
      ep06 train_loss=0.9576 train_acc=0.765 | val_loss=0.6831 val_acc=0.667
      ep07 train_loss=0.8244 train_acc=0.831 | val_loss=1.0297 val_acc=0.667
      ep08 train_loss=0.8418 train_acc=0.835 | val_loss=0.5895 val_acc=0.667
      ep09 train_loss=0.8267 train_acc=0.872 | val_loss=0.7115 val_acc=0.667
      ep10 train_loss=0.7500 train_acc=0.905 | val_loss=0.7839 val_acc=0.667
      ep11 train_loss=0.7355 train_acc=0.926 | val_loss=0.6396 val_acc=1.000
      ep12 train_loss=0.6928 train_acc=0.905 | val_loss=0.8815 val_acc=0.667
      ep13 train_loss=0.7141 train_acc=0.947 | val_loss=0.9196 val_acc=0.667
      ep14 train_loss=0.7234 train_acc=0.930 | val_loss=0.8701 val_acc=0.667
      ep15 train_loss=0.7029 train_acc=0.938 | val_loss=1.0360 val_acc=0.667
      ep16 train_loss=0.6974 train_acc=0.942 | val_loss=0.7095 val_acc=0.667
      ep17 train_loss=0.6697 train_acc=0.942 | val_loss=0.8004 val_acc=0.667
      ep18 train_loss=0.6570 train_acc=0.963 | val_loss=0.5654 val_acc=0.667
      ep19 train_loss=0.6131 train_acc=0.992 | val_loss=0.6657 val_acc=0.667
      ep20 train_loss=0.6506 train_acc=0.971 | val_loss=0.5109 val_acc=1.000
      ep21 train_loss=0.6462 train_acc=0.971 | val_loss=0.6414 val_acc=0.667
      ep22 train_loss=0.6510 train_acc=0.984 | val_loss=0.5291 val_acc=1.000
      ep23 train_loss=0.6191 train_acc=0.992 | val_loss=0.6742 val_acc=0.667
      ep24 train_loss=0.6364 train_acc=0.963 | val_loss=0.6553 val_acc=0.667
    fold acc=0.667 time=357.8s | running pooled acc=0.644

--- Fold 19/26 | test sub19 (15 test, 231 train) ---
      ep00 train_loss=1.5923 train_acc=0.372 | val_loss=1.1154 val_acc=0.467
      ep01 train_loss=1.2827 train_acc=0.584 | val_loss=1.0341 val_acc=0.600
      ep02 train_loss=1.2510 train_acc=0.593 | val_loss=0.7070 val_acc=0.733
      ep03 train_loss=1.1781 train_acc=0.658 | val_loss=1.0271 val_acc=0.667
      ep04 train_loss=1.0548 train_acc=0.693 | val_loss=1.3764 val_acc=0.533
      ep05 train_loss=0.9928 train_acc=0.740 | val_loss=0.7624 val_acc=0.733
      ep06 train_loss=0.9257 train_acc=0.753 | val_loss=1.1123 val_acc=0.600
      ep07 train_loss=0.9468 train_acc=0.797 | val_loss=1.0134 val_acc=0.667
      ep08 train_loss=0.8077 train_acc=0.853 | val_loss=0.6715 val_acc=0.867
      ep09 train_loss=0.7909 train_acc=0.866 | val_loss=1.0765 val_acc=0.667
      ep10 train_loss=0.7841 train_acc=0.896 | val_loss=0.9457 val_acc=0.867
      ep11 train_loss=0.7426 train_acc=0.896 | val_loss=0.8195 val_acc=0.800
      ep12 train_loss=0.7997 train_acc=0.909 | val_loss=0.7724 val_acc=0.800
      ep13 train_loss=0.7504 train_acc=0.900 | val_loss=0.6782 val_acc=0.867
      ep14 train_loss=0.7000 train_acc=0.935 | val_loss=0.9301 val_acc=0.733
      ep15 train_loss=0.6607 train_acc=0.974 | val_loss=0.8688 val_acc=0.800
      ep16 train_loss=0.7396 train_acc=0.944 | val_loss=0.9274 val_acc=0.800
      ep17 train_loss=0.7165 train_acc=0.926 | val_loss=0.9827 val_acc=0.667
      ep18 train_loss=0.6937 train_acc=0.944 | val_loss=0.9701 val_acc=0.733
      ep19 train_loss=0.7008 train_acc=0.961 | val_loss=1.0003 val_acc=0.667
      ep20 train_loss=0.6516 train_acc=0.961 | val_loss=0.9855 val_acc=0.600
      ep21 train_loss=0.7344 train_acc=0.931 | val_loss=0.9723 val_acc=0.600
      ep22 train_loss=0.7017 train_acc=0.952 | val_loss=0.9992 val_acc=0.600
      ep23 train_loss=0.6703 train_acc=0.957 | val_loss=0.9560 val_acc=0.600
      ep24 train_loss=0.6871 train_acc=0.978 | val_loss=0.9852 val_acc=0.600
    fold acc=0.667 time=359.4s | running pooled acc=0.646

--- Fold 20/26 | test sub20 (11 test, 235 train) ---
      ep00 train_loss=1.5892 train_acc=0.340 | val_loss=1.4817 val_acc=0.455
      ep01 train_loss=1.3036 train_acc=0.523 | val_loss=1.2019 val_acc=0.455
      ep02 train_loss=1.1892 train_acc=0.566 | val_loss=1.7389 val_acc=0.273
      ep03 train_loss=1.0866 train_acc=0.643 | val_loss=1.5966 val_acc=0.273
      ep04 train_loss=1.1052 train_acc=0.647 | val_loss=1.2021 val_acc=0.636
      ep05 train_loss=1.0190 train_acc=0.728 | val_loss=1.2951 val_acc=0.545
      ep06 train_loss=0.9983 train_acc=0.694 | val_loss=1.0451 val_acc=0.455
      ep07 train_loss=0.9188 train_acc=0.796 | val_loss=1.0802 val_acc=0.545
      ep08 train_loss=0.9394 train_acc=0.779 | val_loss=1.1034 val_acc=0.455
      ep09 train_loss=0.7782 train_acc=0.889 | val_loss=1.2075 val_acc=0.455
      ep10 train_loss=0.7332 train_acc=0.877 | val_loss=0.9682 val_acc=0.455
      ep11 train_loss=0.7546 train_acc=0.902 | val_loss=1.4072 val_acc=0.182
      ep12 train_loss=0.7243 train_acc=0.864 | val_loss=1.4366 val_acc=0.182
      ep13 train_loss=0.7098 train_acc=0.919 | val_loss=1.6160 val_acc=0.273
      ep14 train_loss=0.7165 train_acc=0.906 | val_loss=1.1976 val_acc=0.636
      ep15 train_loss=0.6688 train_acc=0.936 | val_loss=1.1191 val_acc=0.455
      ep16 train_loss=0.6708 train_acc=0.953 | val_loss=1.3800 val_acc=0.273
      ep17 train_loss=0.6591 train_acc=0.945 | val_loss=1.6279 val_acc=0.091
      ep18 train_loss=0.7100 train_acc=0.928 | val_loss=1.3692 val_acc=0.364
      ep19 train_loss=0.6321 train_acc=0.953 | val_loss=1.2049 val_acc=0.545
      ep20 train_loss=0.6486 train_acc=0.957 | val_loss=1.2939 val_acc=0.636
      ep21 train_loss=0.6624 train_acc=0.945 | val_loss=1.2765 val_acc=0.455
      ep22 train_loss=0.6555 train_acc=0.945 | val_loss=1.2860 val_acc=0.545
      ep23 train_loss=0.6862 train_acc=0.923 | val_loss=1.3012 val_acc=0.364
      ep24 train_loss=0.6443 train_acc=0.970 | val_loss=1.3430 val_acc=0.455
    fold acc=0.545 time=360.1s | running pooled acc=0.640

--- Fold 21/26 | test sub21 (2 test, 244 train) ---
      ep00 train_loss=1.5762 train_acc=0.311 | val_loss=1.3118 val_acc=0.500
      ep01 train_loss=1.2968 train_acc=0.549 | val_loss=1.9942 val_acc=0.500
      ep02 train_loss=1.1647 train_acc=0.619 | val_loss=1.9186 val_acc=0.500
      ep03 train_loss=1.1418 train_acc=0.615 | val_loss=1.4402 val_acc=0.500
      ep04 train_loss=1.0061 train_acc=0.721 | val_loss=2.3330 val_acc=0.500
      ep05 train_loss=0.9736 train_acc=0.775 | val_loss=2.8957 val_acc=0.500
      ep06 train_loss=0.8962 train_acc=0.783 | val_loss=2.5734 val_acc=0.500
      ep07 train_loss=0.8070 train_acc=0.807 | val_loss=2.7295 val_acc=0.500
      ep08 train_loss=0.8510 train_acc=0.811 | val_loss=3.8992 val_acc=0.000
      ep09 train_loss=0.8417 train_acc=0.840 | val_loss=2.3561 val_acc=0.500
      ep10 train_loss=0.7720 train_acc=0.873 | val_loss=3.7088 val_acc=0.000
      ep11 train_loss=0.8112 train_acc=0.861 | val_loss=3.0278 val_acc=0.500
      ep12 train_loss=0.6801 train_acc=0.943 | val_loss=3.0129 val_acc=0.000
      ep13 train_loss=0.7196 train_acc=0.918 | val_loss=2.8158 val_acc=0.500
      ep14 train_loss=0.7450 train_acc=0.914 | val_loss=2.7747 val_acc=0.500
      ep15 train_loss=0.7070 train_acc=0.939 | val_loss=2.9183 val_acc=0.500
      ep16 train_loss=0.6694 train_acc=0.959 | val_loss=2.7844 val_acc=0.500
      ep17 train_loss=0.7552 train_acc=0.918 | val_loss=2.8553 val_acc=0.500
      ep18 train_loss=0.6764 train_acc=0.947 | val_loss=2.8567 val_acc=0.500
      ep19 train_loss=0.6368 train_acc=0.984 | val_loss=2.7660 val_acc=0.000
      ep20 train_loss=0.6934 train_acc=0.967 | val_loss=2.4645 val_acc=0.500
      ep21 train_loss=0.6863 train_acc=0.951 | val_loss=2.6101 val_acc=0.500
      ep22 train_loss=0.6612 train_acc=0.955 | val_loss=2.8379 val_acc=0.500
      ep23 train_loss=0.6922 train_acc=0.947 | val_loss=2.3362 val_acc=0.500
      ep24 train_loss=0.6617 train_acc=0.955 | val_loss=2.9151 val_acc=0.000
    fold acc=0.500 time=359.4s | running pooled acc=0.639

--- Fold 22/26 | test sub22 (2 test, 244 train) ---
      ep00 train_loss=1.5827 train_acc=0.324 | val_loss=0.1573 val_acc=1.000
      ep01 train_loss=1.3233 train_acc=0.537 | val_loss=0.0057 val_acc=1.000
      ep02 train_loss=1.2146 train_acc=0.602 | val_loss=0.1130 val_acc=1.000
      ep03 train_loss=1.1501 train_acc=0.648 | val_loss=0.0863 val_acc=1.000
      ep04 train_loss=1.0225 train_acc=0.709 | val_loss=0.0686 val_acc=1.000
      ep05 train_loss=0.9920 train_acc=0.766 | val_loss=0.0218 val_acc=1.000
      ep06 train_loss=0.9101 train_acc=0.770 | val_loss=0.0860 val_acc=1.000
      ep07 train_loss=0.8390 train_acc=0.803 | val_loss=0.0066 val_acc=1.000
      ep08 train_loss=0.8750 train_acc=0.787 | val_loss=0.3856 val_acc=1.000
      ep09 train_loss=0.8930 train_acc=0.824 | val_loss=0.0024 val_acc=1.000
      ep10 train_loss=0.8052 train_acc=0.848 | val_loss=0.0017 val_acc=1.000
      ep11 train_loss=0.8093 train_acc=0.852 | val_loss=0.0067 val_acc=1.000
      ep12 train_loss=0.6880 train_acc=0.918 | val_loss=0.0138 val_acc=1.000
      ep13 train_loss=0.7273 train_acc=0.930 | val_loss=0.0032 val_acc=1.000
      ep14 train_loss=0.7814 train_acc=0.889 | val_loss=0.0245 val_acc=1.000
      ep15 train_loss=0.7154 train_acc=0.963 | val_loss=0.0130 val_acc=1.000
      ep16 train_loss=0.6853 train_acc=0.951 | val_loss=0.0183 val_acc=1.000
      ep17 train_loss=0.7533 train_acc=0.902 | val_loss=0.0496 val_acc=1.000
      ep18 train_loss=0.6915 train_acc=0.947 | val_loss=0.0185 val_acc=1.000
      ep19 train_loss=0.6432 train_acc=0.971 | val_loss=0.0148 val_acc=1.000
      ep20 train_loss=0.7051 train_acc=0.947 | val_loss=0.0429 val_acc=1.000
      ep21 train_loss=0.6955 train_acc=0.951 | val_loss=0.0250 val_acc=1.000
      ep22 train_loss=0.6814 train_acc=0.947 | val_loss=0.0107 val_acc=1.000
      ep23 train_loss=0.6996 train_acc=0.943 | val_loss=0.0235 val_acc=1.000
      ep24 train_loss=0.6734 train_acc=0.955 | val_loss=0.0121 val_acc=1.000
    fold acc=1.000 time=357.5s | running pooled acc=0.642

--- Fold 23/26 | test sub23 (12 test, 234 train) ---
      ep00 train_loss=1.6380 train_acc=0.368 | val_loss=1.0775 val_acc=0.417
      ep01 train_loss=1.3484 train_acc=0.543 | val_loss=0.7485 val_acc=0.667
      ep02 train_loss=1.1825 train_acc=0.615 | val_loss=0.7915 val_acc=0.583
      ep03 train_loss=1.0289 train_acc=0.697 | val_loss=1.0153 val_acc=0.500
      ep04 train_loss=1.0697 train_acc=0.675 | val_loss=0.8607 val_acc=0.667
      ep05 train_loss=1.0042 train_acc=0.735 | val_loss=0.5235 val_acc=0.833
      ep06 train_loss=0.9137 train_acc=0.791 | val_loss=0.5626 val_acc=0.917
      ep07 train_loss=0.8679 train_acc=0.821 | val_loss=0.4649 val_acc=0.833
      ep08 train_loss=0.8833 train_acc=0.803 | val_loss=0.6971 val_acc=0.667
      ep09 train_loss=0.7883 train_acc=0.876 | val_loss=0.6989 val_acc=0.583
      ep10 train_loss=0.7697 train_acc=0.876 | val_loss=0.3193 val_acc=0.917
      ep11 train_loss=0.8766 train_acc=0.816 | val_loss=0.5286 val_acc=0.917
      ep12 train_loss=0.7295 train_acc=0.906 | val_loss=0.5053 val_acc=0.667
      ep13 train_loss=0.7299 train_acc=0.915 | val_loss=0.4805 val_acc=0.833
      ep14 train_loss=0.7149 train_acc=0.927 | val_loss=0.3284 val_acc=0.917
      ep15 train_loss=0.7213 train_acc=0.919 | val_loss=0.3728 val_acc=0.917
      ep16 train_loss=0.7450 train_acc=0.915 | val_loss=0.2870 val_acc=1.000
      ep17 train_loss=0.7045 train_acc=0.936 | val_loss=0.3972 val_acc=0.833
      ep18 train_loss=0.6643 train_acc=0.944 | val_loss=0.3809 val_acc=0.917
      ep19 train_loss=0.6856 train_acc=0.957 | val_loss=0.3910 val_acc=0.833
      ep20 train_loss=0.6838 train_acc=0.953 | val_loss=0.4684 val_acc=0.833
      ep21 train_loss=0.6787 train_acc=0.949 | val_loss=0.4333 val_acc=0.917
      ep22 train_loss=0.6735 train_acc=0.962 | val_loss=0.4324 val_acc=0.833
      ep23 train_loss=0.6614 train_acc=0.949 | val_loss=0.4626 val_acc=0.833
      ep24 train_loss=0.6284 train_acc=0.991 | val_loss=0.5118 val_acc=0.750
    fold acc=0.833 time=361.5s | running pooled acc=0.653

--- Fold 24/26 | test sub24 (7 test, 239 train) ---
      ep00 train_loss=1.5847 train_acc=0.385 | val_loss=1.3074 val_acc=0.429
      ep01 train_loss=1.2357 train_acc=0.561 | val_loss=1.0636 val_acc=0.571
      ep02 train_loss=1.2121 train_acc=0.577 | val_loss=1.4547 val_acc=0.429
      ep03 train_loss=1.1282 train_acc=0.649 | val_loss=1.0061 val_acc=0.571
      ep04 train_loss=1.0280 train_acc=0.736 | val_loss=1.1850 val_acc=0.571
      ep05 train_loss=0.9142 train_acc=0.757 | val_loss=1.3133 val_acc=0.429
      ep06 train_loss=0.9091 train_acc=0.816 | val_loss=0.8059 val_acc=0.571
      ep07 train_loss=0.8415 train_acc=0.820 | val_loss=0.9807 val_acc=0.714
      ep08 train_loss=0.8697 train_acc=0.799 | val_loss=0.9223 val_acc=0.429
      ep09 train_loss=0.7690 train_acc=0.879 | val_loss=1.2723 val_acc=0.571
      ep10 train_loss=0.8023 train_acc=0.849 | val_loss=1.2770 val_acc=0.571
      ep11 train_loss=0.7994 train_acc=0.874 | val_loss=1.1826 val_acc=0.571
      ep12 train_loss=0.7492 train_acc=0.900 | val_loss=1.2151 val_acc=0.571
      ep13 train_loss=0.7070 train_acc=0.946 | val_loss=1.1527 val_acc=0.429
      ep14 train_loss=0.7018 train_acc=0.933 | val_loss=1.1356 val_acc=0.571
      ep15 train_loss=0.7148 train_acc=0.925 | val_loss=1.1776 val_acc=0.571
      ep16 train_loss=0.7093 train_acc=0.946 | val_loss=0.9804 val_acc=0.714
      ep17 train_loss=0.6770 train_acc=0.946 | val_loss=0.9944 val_acc=0.714
      ep18 train_loss=0.6687 train_acc=0.937 | val_loss=1.1507 val_acc=0.714
      ep19 train_loss=0.6942 train_acc=0.950 | val_loss=1.0939 val_acc=0.714
      ep20 train_loss=0.6709 train_acc=0.971 | val_loss=1.2078 val_acc=0.571
      ep21 train_loss=0.6975 train_acc=0.946 | val_loss=1.2005 val_acc=0.571
      ep22 train_loss=0.6493 train_acc=0.979 | val_loss=1.1778 val_acc=0.571
      ep23 train_loss=0.6851 train_acc=0.962 | val_loss=1.0942 val_acc=0.714
      ep24 train_loss=0.6612 train_acc=0.967 | val_loss=1.1402 val_acc=0.571
    fold acc=0.714 time=357.3s | running pooled acc=0.655

--- Fold 25/26 | test sub25 (7 test, 239 train) ---
      ep00 train_loss=1.5850 train_acc=0.385 | val_loss=1.4403 val_acc=0.571
      ep01 train_loss=1.2509 train_acc=0.552 | val_loss=1.1225 val_acc=0.286
      ep02 train_loss=1.2027 train_acc=0.586 | val_loss=1.1401 val_acc=0.286
      ep03 train_loss=1.1247 train_acc=0.665 | val_loss=0.7141 val_acc=0.571
      ep04 train_loss=1.0584 train_acc=0.699 | val_loss=0.7885 val_acc=0.571
      ep05 train_loss=0.9547 train_acc=0.757 | val_loss=0.8706 val_acc=0.571
      ep06 train_loss=0.8988 train_acc=0.803 | val_loss=0.4523 val_acc=1.000
      ep07 train_loss=0.8390 train_acc=0.833 | val_loss=1.5498 val_acc=0.429
      ep08 train_loss=0.8745 train_acc=0.803 | val_loss=1.4795 val_acc=0.286
      ep09 train_loss=0.7959 train_acc=0.879 | val_loss=1.3450 val_acc=0.429
      ep10 train_loss=0.8171 train_acc=0.845 | val_loss=0.8011 val_acc=0.429
      ep11 train_loss=0.8290 train_acc=0.870 | val_loss=0.7573 val_acc=0.714
      ep12 train_loss=0.7844 train_acc=0.908 | val_loss=1.0774 val_acc=0.571
      ep13 train_loss=0.7283 train_acc=0.937 | val_loss=0.8388 val_acc=0.857
      ep14 train_loss=0.7222 train_acc=0.937 | val_loss=0.7320 val_acc=0.857
      ep15 train_loss=0.7286 train_acc=0.921 | val_loss=0.7735 val_acc=0.571
      ep16 train_loss=0.7184 train_acc=0.946 | val_loss=0.5592 val_acc=0.857
      ep17 train_loss=0.6801 train_acc=0.925 | val_loss=0.6481 val_acc=0.714
      ep18 train_loss=0.6742 train_acc=0.954 | val_loss=0.6247 val_acc=0.714
      ep19 train_loss=0.6933 train_acc=0.950 | val_loss=1.2773 val_acc=0.571
      ep20 train_loss=0.6692 train_acc=0.967 | val_loss=0.8428 val_acc=0.571
      ep21 train_loss=0.7087 train_acc=0.937 | val_loss=0.7389 val_acc=0.571
      ep22 train_loss=0.6543 train_acc=0.983 | val_loss=0.7906 val_acc=0.571
      ep23 train_loss=0.7020 train_acc=0.941 | val_loss=0.7411 val_acc=0.571
      ep24 train_loss=0.6866 train_acc=0.954 | val_loss=0.8238 val_acc=0.571
    fold acc=0.429 time=353.0s | running pooled acc=0.648

--- Fold 26/26 | test sub26 (16 test, 230 train) ---
      ep00 train_loss=1.6412 train_acc=0.291 | val_loss=1.3201 val_acc=0.438
      ep01 train_loss=1.2421 train_acc=0.570 | val_loss=1.2941 val_acc=0.500
      ep02 train_loss=1.1738 train_acc=0.630 | val_loss=1.5875 val_acc=0.188
      ep03 train_loss=1.0165 train_acc=0.691 | val_loss=1.1330 val_acc=0.625
      ep04 train_loss=1.0050 train_acc=0.704 | val_loss=1.6554 val_acc=0.312
      ep05 train_loss=0.9725 train_acc=0.752 | val_loss=1.3906 val_acc=0.375
      ep06 train_loss=0.8993 train_acc=0.748 | val_loss=1.9970 val_acc=0.188
      ep07 train_loss=0.8811 train_acc=0.800 | val_loss=1.6162 val_acc=0.438
      ep08 train_loss=0.8443 train_acc=0.852 | val_loss=1.4923 val_acc=0.500
      ep09 train_loss=0.8078 train_acc=0.857 | val_loss=1.4722 val_acc=0.625
      ep10 train_loss=0.7169 train_acc=0.896 | val_loss=1.2465 val_acc=0.625
      ep11 train_loss=0.7644 train_acc=0.878 | val_loss=1.6075 val_acc=0.375
      ep12 train_loss=0.7063 train_acc=0.891 | val_loss=1.4487 val_acc=0.438
      ep13 train_loss=0.7094 train_acc=0.891 | val_loss=2.0509 val_acc=0.312
      ep14 train_loss=0.7011 train_acc=0.930 | val_loss=1.4529 val_acc=0.500
      ep15 train_loss=0.6874 train_acc=0.939 | val_loss=1.7968 val_acc=0.375
      ep16 train_loss=0.6808 train_acc=0.948 | val_loss=1.6584 val_acc=0.312
      ep17 train_loss=0.6922 train_acc=0.939 | val_loss=1.7927 val_acc=0.375
      ep18 train_loss=0.6433 train_acc=0.965 | val_loss=1.6363 val_acc=0.375
      ep19 train_loss=0.6644 train_acc=0.978 | val_loss=1.7158 val_acc=0.375
      ep20 train_loss=0.6652 train_acc=0.948 | val_loss=1.5950 val_acc=0.375
      ep21 train_loss=0.6264 train_acc=0.970 | val_loss=1.9436 val_acc=0.375
      ep22 train_loss=0.6051 train_acc=0.983 | val_loss=1.8330 val_acc=0.375
      ep23 train_loss=0.6561 train_acc=0.957 | val_loss=1.7372 val_acc=0.438
      ep24 train_loss=0.6228 train_acc=0.965 | val_loss=1.7272 val_acc=0.375
    fold acc=0.438 time=351.9s | running pooled acc=0.634

=== FINAL (pooled LOSO) ===
UF1 = 0.6657
UAR = 0.6802
ACC = 0.6341
per-class F1: happiness=0.575, disgust=0.564, repression=0.632, surprise=0.941, others=0.617
per-class recall: happiness=0.656, disgust=0.492, repression=0.667, surprise=0.960, others=0.626
confusion matrix (rows=true):
        happin disgus repres surpri others
happine     21      2      2      2      5
disgust      3     31      1      0     28
repress      3      0     18      0      6
surpris      0      0      0     24      1
 others     14     14      9      0     62

saved to D:\AI-Projects\casmeII-new-from-sequence-model\experiments\iter_24_res160
elapsed 9920.9s
