=== PROTOCOL V2 iter_79_r3d_au05_autoapex_s42_v2_dev_p5 ===
time: 2026-08-03T16:01:48.475932 | role: dev
device: cuda (NVIDIA GeForce RTX 3060)
platform: Windows-10-10.0.26200-SP0 | torch 2.6.0+cu124
loading 246 cached arrays
AU multi-task: 11 units from au_labels.csv (au1, au2, au4, au6, au7, au9, au10, au12, au14, au15, au17)
fixed split loaded: 21 development subjects, 5 sealed audit subjects
fold 1/4: 16 train subjects / 5 validation subjects; 148 train / 44 validation samples
      ep00 train_loss=2.2869 train_acc=0.405 | val_loss=1.3932 val_acc=0.432
      ep01 train_loss=1.8741 train_acc=0.541 | val_loss=1.0495 val_acc=0.591
      ep02 train_loss=1.6215 train_acc=0.655 | val_loss=0.9160 val_acc=0.659
      ep03 train_loss=1.5223 train_acc=0.696 | val_loss=0.8208 val_acc=0.773
      ep04 train_loss=1.4126 train_acc=0.797 | val_loss=0.9520 val_acc=0.705
      ep05 train_loss=1.4188 train_acc=0.757 | val_loss=0.9036 val_acc=0.773
      ep06 train_loss=1.2520 train_acc=0.811 | val_loss=1.0098 val_acc=0.727
      ep07 train_loss=1.1653 train_acc=0.824 | val_loss=0.8740 val_acc=0.636
      ep08 train_loss=1.0990 train_acc=0.872 | val_loss=0.9166 val_acc=0.682
      ep09 train_loss=1.0953 train_acc=0.872 | val_loss=0.9774 val_acc=0.727
      ep10 train_loss=1.0857 train_acc=0.899 | val_loss=0.9140 val_acc=0.705
      ep11 train_loss=0.9937 train_acc=0.905 | val_loss=1.0529 val_acc=0.682
      ep12 train_loss=1.0147 train_acc=0.939 | val_loss=0.8501 val_acc=0.727
      ep13 train_loss=0.9680 train_acc=0.919 | val_loss=0.8864 val_acc=0.705
      ep14 train_loss=0.9398 train_acc=0.953 | val_loss=0.9385 val_acc=0.727
      ep15 train_loss=0.9897 train_acc=0.919 | val_loss=0.9548 val_acc=0.659
      ep16 train_loss=0.9151 train_acc=0.966 | val_loss=0.9729 val_acc=0.682
      ep17 train_loss=0.9255 train_acc=0.953 | val_loss=1.0086 val_acc=0.682
      ep18 train_loss=0.9808 train_acc=0.926 | val_loss=0.9423 val_acc=0.682
      ep19 train_loss=0.9348 train_acc=0.946 | val_loss=0.8415 val_acc=0.750
      ep20 train_loss=0.9260 train_acc=0.959 | val_loss=0.8911 val_acc=0.727
      ep21 train_loss=0.9259 train_acc=0.980 | val_loss=0.8906 val_acc=0.705
      ep22 train_loss=0.9316 train_acc=0.973 | val_loss=0.9311 val_acc=0.682
      saved re-evaluation checkpoint fold1_ep22.pt
      ep23 train_loss=0.9168 train_acc=0.966 | val_loss=0.8959 val_acc=0.705
      saved re-evaluation checkpoint fold1_ep23.pt
      ep24 train_loss=0.9117 train_acc=0.959 | val_loss=0.9049 val_acc=0.705
      saved re-evaluation checkpoint fold1_ep24.pt
fold result: UF1=0.6660 UAR=0.6965 ACC=0.7045
fold 2/4: 16 train subjects / 5 validation subjects; 141 train / 51 validation samples
      ep00 train_loss=2.1782 train_acc=0.418 | val_loss=1.3490 val_acc=0.451
      ep01 train_loss=1.7852 train_acc=0.617 | val_loss=1.3903 val_acc=0.373
      ep02 train_loss=1.5031 train_acc=0.660 | val_loss=1.3801 val_acc=0.392
      ep03 train_loss=1.3873 train_acc=0.695 | val_loss=1.4244 val_acc=0.510
      ep04 train_loss=1.2200 train_acc=0.801 | val_loss=1.4236 val_acc=0.510
      ep05 train_loss=1.1628 train_acc=0.865 | val_loss=1.3325 val_acc=0.529
      ep06 train_loss=1.1547 train_acc=0.879 | val_loss=1.3013 val_acc=0.549
      ep07 train_loss=1.1156 train_acc=0.858 | val_loss=1.4505 val_acc=0.529
      ep08 train_loss=1.0861 train_acc=0.865 | val_loss=1.1641 val_acc=0.588
      ep09 train_loss=1.0974 train_acc=0.865 | val_loss=1.3939 val_acc=0.510
      ep10 train_loss=1.0874 train_acc=0.851 | val_loss=1.1886 val_acc=0.549
      ep11 train_loss=1.0311 train_acc=0.879 | val_loss=1.1470 val_acc=0.549
      ep12 train_loss=1.0103 train_acc=0.887 | val_loss=1.0712 val_acc=0.549
      ep13 train_loss=0.9793 train_acc=0.936 | val_loss=1.2364 val_acc=0.510
      ep14 train_loss=0.9373 train_acc=0.972 | val_loss=1.1643 val_acc=0.510
      ep15 train_loss=0.9980 train_acc=0.879 | val_loss=1.2637 val_acc=0.510
      ep16 train_loss=0.9389 train_acc=0.950 | val_loss=1.2532 val_acc=0.510
      ep17 train_loss=0.8940 train_acc=0.965 | val_loss=1.1827 val_acc=0.510
      ep18 train_loss=0.9098 train_acc=0.943 | val_loss=1.2160 val_acc=0.510
      ep19 train_loss=0.8454 train_acc=0.979 | val_loss=1.1360 val_acc=0.549
      ep20 train_loss=0.8990 train_acc=0.957 | val_loss=1.1596 val_acc=0.529
      ep21 train_loss=0.8936 train_acc=0.936 | val_loss=1.1869 val_acc=0.549
      ep22 train_loss=0.9266 train_acc=0.936 | val_loss=1.0903 val_acc=0.549
      saved re-evaluation checkpoint fold2_ep22.pt
      ep23 train_loss=0.8673 train_acc=0.979 | val_loss=1.1941 val_acc=0.529
      saved re-evaluation checkpoint fold2_ep23.pt
      ep24 train_loss=0.8777 train_acc=0.965 | val_loss=1.1806 val_acc=0.529
      saved re-evaluation checkpoint fold2_ep24.pt
fold result: UF1=0.5010 UAR=0.4685 ACC=0.5294
fold 3/4: 15 train subjects / 6 validation subjects; 143 train / 49 validation samples
      ep00 train_loss=2.2856 train_acc=0.336 | val_loss=1.2946 val_acc=0.592
      ep01 train_loss=1.7745 train_acc=0.580 | val_loss=1.0818 val_acc=0.449
      ep02 train_loss=1.6989 train_acc=0.615 | val_loss=1.0841 val_acc=0.510
      ep03 train_loss=1.5067 train_acc=0.657 | val_loss=0.9742 val_acc=0.510
      ep04 train_loss=1.3152 train_acc=0.790 | val_loss=0.9427 val_acc=0.633
      ep05 train_loss=1.3062 train_acc=0.804 | val_loss=1.1455 val_acc=0.469
      ep06 train_loss=1.3407 train_acc=0.804 | val_loss=1.1280 val_acc=0.592
      ep07 train_loss=1.2243 train_acc=0.839 | val_loss=1.1851 val_acc=0.510
      ep08 train_loss=1.1409 train_acc=0.853 | val_loss=1.0367 val_acc=0.571
      ep09 train_loss=1.1324 train_acc=0.895 | val_loss=1.0620 val_acc=0.592
      ep10 train_loss=1.0588 train_acc=0.916 | val_loss=1.1074 val_acc=0.551
      ep11 train_loss=1.0532 train_acc=0.909 | val_loss=1.2452 val_acc=0.510
      ep12 train_loss=0.9827 train_acc=0.951 | val_loss=1.0948 val_acc=0.612
      ep13 train_loss=1.0115 train_acc=0.937 | val_loss=1.0964 val_acc=0.592
      ep14 train_loss=1.0223 train_acc=0.895 | val_loss=1.1046 val_acc=0.571
      ep15 train_loss=1.0237 train_acc=0.951 | val_loss=1.0684 val_acc=0.571
      ep16 train_loss=0.9479 train_acc=0.937 | val_loss=1.0536 val_acc=0.612
      ep17 train_loss=0.9573 train_acc=0.930 | val_loss=1.1099 val_acc=0.571
      ep18 train_loss=0.9902 train_acc=0.937 | val_loss=1.0311 val_acc=0.653
      ep19 train_loss=0.9543 train_acc=0.958 | val_loss=1.0440 val_acc=0.571
      ep20 train_loss=0.9896 train_acc=0.930 | val_loss=0.9414 val_acc=0.612
      ep21 train_loss=0.9337 train_acc=0.972 | val_loss=0.9959 val_acc=0.612
      ep22 train_loss=0.9371 train_acc=0.944 | val_loss=1.0058 val_acc=0.612
      saved re-evaluation checkpoint fold3_ep22.pt
      ep23 train_loss=0.8762 train_acc=0.993 | val_loss=0.9869 val_acc=0.592
      saved re-evaluation checkpoint fold3_ep23.pt
      ep24 train_loss=0.9020 train_acc=0.979 | val_loss=0.9873 val_acc=0.612
      saved re-evaluation checkpoint fold3_ep24.pt
fold result: UF1=0.6366 UAR=0.6868 ACC=0.6327
fold 4/4: 16 train subjects / 5 validation subjects; 144 train / 48 validation samples
      ep00 train_loss=2.3324 train_acc=0.285 | val_loss=1.2930 val_acc=0.583
      ep01 train_loss=1.8750 train_acc=0.535 | val_loss=0.8993 val_acc=0.625
      ep02 train_loss=1.6804 train_acc=0.597 | val_loss=0.9033 val_acc=0.646
      ep03 train_loss=1.5121 train_acc=0.653 | val_loss=0.9692 val_acc=0.667
      ep04 train_loss=1.3957 train_acc=0.750 | val_loss=0.6441 val_acc=0.854
      ep05 train_loss=1.2872 train_acc=0.792 | val_loss=0.8217 val_acc=0.750
      ep06 train_loss=1.2921 train_acc=0.799 | val_loss=0.8001 val_acc=0.688
      ep07 train_loss=1.2347 train_acc=0.861 | val_loss=0.7683 val_acc=0.729
      ep08 train_loss=1.2304 train_acc=0.861 | val_loss=0.7306 val_acc=0.792
      ep09 train_loss=1.1103 train_acc=0.861 | val_loss=0.6771 val_acc=0.792
      ep10 train_loss=1.0304 train_acc=0.924 | val_loss=0.9144 val_acc=0.688
      ep11 train_loss=1.0596 train_acc=0.896 | val_loss=0.7292 val_acc=0.812
      ep12 train_loss=1.0041 train_acc=0.951 | val_loss=0.6687 val_acc=0.812
      ep13 train_loss=1.0773 train_acc=0.903 | val_loss=0.5949 val_acc=0.854
      ep14 train_loss=0.9175 train_acc=0.958 | val_loss=0.5898 val_acc=0.875
      ep15 train_loss=0.9657 train_acc=0.951 | val_loss=0.6436 val_acc=0.854
      ep16 train_loss=0.9631 train_acc=0.910 | val_loss=0.5847 val_acc=0.854
      ep17 train_loss=0.9805 train_acc=0.972 | val_loss=0.5563 val_acc=0.896
      ep18 train_loss=0.9369 train_acc=0.965 | val_loss=0.5135 val_acc=0.875
      ep19 train_loss=0.9547 train_acc=0.944 | val_loss=0.5648 val_acc=0.875
      ep20 train_loss=0.9400 train_acc=0.944 | val_loss=0.6205 val_acc=0.854
      ep21 train_loss=0.9548 train_acc=0.979 | val_loss=0.5990 val_acc=0.833
      ep22 train_loss=0.9266 train_acc=0.938 | val_loss=0.5800 val_acc=0.854
      saved re-evaluation checkpoint fold4_ep22.pt
      ep23 train_loss=0.9718 train_acc=0.944 | val_loss=0.5834 val_acc=0.854
      saved re-evaluation checkpoint fold4_ep23.pt
      ep24 train_loss=0.8793 train_acc=0.993 | val_loss=0.6005 val_acc=0.875
      saved re-evaluation checkpoint fold4_ep24.pt
fold result: UF1=0.8365 UAR=0.8593 ACC=0.8125
FINAL dev: UF1=0.6714 UAR=0.7068 ACC=0.6667
saved reproducible artifacts to D:\AI-Projects\casmeII-new-from-sequence-model\experiments\protocol_v2\iter_79_r3d_au05_autoapex_s42_v2_dev_p5 in 975.3s
