=== PROTOCOL V2 iter_51_r3d_auto_apex_s2024_v2_dev_p5 ===
time: 2026-07-23T19:00:59.261918 | role: dev
device: cuda (NVIDIA GeForce RTX 3060)
platform: Windows-10-10.0.26200-SP0 | torch 2.6.0+cu124
loading 246 cached arrays
fixed split loaded: 21 development subjects, 5 sealed audit subjects
fold 1/4: 16 train subjects / 5 validation subjects; 148 train / 44 validation samples
      ep00 train_loss=1.6340 train_acc=0.284 | val_loss=1.4745 val_acc=0.341
      ep01 train_loss=1.2544 train_acc=0.561 | val_loss=1.0683 val_acc=0.614
      ep02 train_loss=1.2054 train_acc=0.574 | val_loss=0.9102 val_acc=0.636
      ep03 train_loss=1.0382 train_acc=0.696 | val_loss=0.9413 val_acc=0.682
      ep04 train_loss=0.9004 train_acc=0.764 | val_loss=0.8433 val_acc=0.773
      ep05 train_loss=0.8572 train_acc=0.824 | val_loss=0.7230 val_acc=0.773
      ep06 train_loss=0.9610 train_acc=0.824 | val_loss=0.9342 val_acc=0.659
      ep07 train_loss=0.7762 train_acc=0.865 | val_loss=0.8555 val_acc=0.773
      ep08 train_loss=0.7830 train_acc=0.858 | val_loss=0.8984 val_acc=0.682
      ep09 train_loss=0.7516 train_acc=0.892 | val_loss=0.8869 val_acc=0.705
      ep10 train_loss=0.7546 train_acc=0.892 | val_loss=0.7518 val_acc=0.795
      ep11 train_loss=0.6993 train_acc=0.946 | val_loss=0.8819 val_acc=0.727
      ep12 train_loss=0.7863 train_acc=0.899 | val_loss=1.0037 val_acc=0.682
      ep13 train_loss=0.6924 train_acc=0.966 | val_loss=0.8080 val_acc=0.795
      ep14 train_loss=0.7410 train_acc=0.932 | val_loss=0.8521 val_acc=0.795
      ep15 train_loss=0.7753 train_acc=0.939 | val_loss=0.8341 val_acc=0.795
      ep16 train_loss=0.7665 train_acc=0.939 | val_loss=0.8681 val_acc=0.773
      ep17 train_loss=0.6490 train_acc=0.986 | val_loss=0.8839 val_acc=0.750
      ep18 train_loss=0.6826 train_acc=0.973 | val_loss=0.8154 val_acc=0.750
      ep19 train_loss=0.7351 train_acc=0.926 | val_loss=0.7991 val_acc=0.750
      ep20 train_loss=0.6814 train_acc=0.966 | val_loss=0.7953 val_acc=0.818
      ep21 train_loss=0.6609 train_acc=0.973 | val_loss=0.7946 val_acc=0.795
      ep22 train_loss=0.6765 train_acc=0.973 | val_loss=0.8126 val_acc=0.795
      saved re-evaluation checkpoint fold1_ep22.pt
      ep23 train_loss=0.7195 train_acc=0.926 | val_loss=0.7786 val_acc=0.818
      saved re-evaluation checkpoint fold1_ep23.pt
      ep24 train_loss=0.7035 train_acc=0.980 | val_loss=0.8150 val_acc=0.750
      saved re-evaluation checkpoint fold1_ep24.pt
fold result: UF1=0.7891 UAR=0.7761 ACC=0.7955
fold 2/4: 16 train subjects / 5 validation subjects; 141 train / 51 validation samples
      ep00 train_loss=1.4818 train_acc=0.348 | val_loss=1.4900 val_acc=0.294
      ep01 train_loss=1.1669 train_acc=0.518 | val_loss=1.3580 val_acc=0.412
      ep02 train_loss=0.9979 train_acc=0.674 | val_loss=1.2621 val_acc=0.549
      ep03 train_loss=0.8952 train_acc=0.787 | val_loss=1.3917 val_acc=0.510
      ep04 train_loss=0.8460 train_acc=0.801 | val_loss=1.5998 val_acc=0.471
      ep05 train_loss=0.9318 train_acc=0.837 | val_loss=1.3038 val_acc=0.510
      ep06 train_loss=0.8159 train_acc=0.851 | val_loss=1.2941 val_acc=0.608
      ep07 train_loss=0.7330 train_acc=0.879 | val_loss=1.3202 val_acc=0.549
      ep08 train_loss=0.6661 train_acc=0.936 | val_loss=1.4170 val_acc=0.510
      ep09 train_loss=0.6991 train_acc=0.922 | val_loss=1.3965 val_acc=0.510
      ep10 train_loss=0.6995 train_acc=0.915 | val_loss=1.5068 val_acc=0.490
      ep11 train_loss=0.6470 train_acc=0.943 | val_loss=1.3439 val_acc=0.490
      ep12 train_loss=0.7055 train_acc=0.894 | val_loss=1.5234 val_acc=0.510
      ep13 train_loss=0.6719 train_acc=0.950 | val_loss=1.3726 val_acc=0.529
      ep14 train_loss=0.6830 train_acc=0.915 | val_loss=1.3283 val_acc=0.490
      ep15 train_loss=0.6905 train_acc=0.950 | val_loss=1.3899 val_acc=0.549
      ep16 train_loss=0.7012 train_acc=0.943 | val_loss=1.4356 val_acc=0.569
      ep17 train_loss=0.6521 train_acc=0.979 | val_loss=1.4291 val_acc=0.529
      ep18 train_loss=0.5942 train_acc=0.986 | val_loss=1.3667 val_acc=0.569
      ep19 train_loss=0.6244 train_acc=0.979 | val_loss=1.3020 val_acc=0.569
      ep20 train_loss=0.6510 train_acc=0.957 | val_loss=1.2937 val_acc=0.569
      ep21 train_loss=0.6312 train_acc=0.972 | val_loss=1.3111 val_acc=0.549
      ep22 train_loss=0.6092 train_acc=0.979 | val_loss=1.2940 val_acc=0.588
      saved re-evaluation checkpoint fold2_ep22.pt
      ep23 train_loss=0.6024 train_acc=0.993 | val_loss=1.2717 val_acc=0.549
      saved re-evaluation checkpoint fold2_ep23.pt
      ep24 train_loss=0.6238 train_acc=0.972 | val_loss=1.3364 val_acc=0.549
      saved re-evaluation checkpoint fold2_ep24.pt
fold result: UF1=0.5729 UAR=0.5339 ACC=0.6078
fold 3/4: 15 train subjects / 6 validation subjects; 143 train / 49 validation samples
      ep00 train_loss=1.6367 train_acc=0.266 | val_loss=1.5186 val_acc=0.306
      ep01 train_loss=1.3168 train_acc=0.510 | val_loss=1.3505 val_acc=0.367
      ep02 train_loss=1.1033 train_acc=0.615 | val_loss=1.1100 val_acc=0.510
      ep03 train_loss=1.1079 train_acc=0.657 | val_loss=0.9969 val_acc=0.510
      ep04 train_loss=0.9255 train_acc=0.762 | val_loss=1.1412 val_acc=0.510
      ep05 train_loss=0.8861 train_acc=0.797 | val_loss=1.1126 val_acc=0.612
      ep06 train_loss=0.9163 train_acc=0.769 | val_loss=0.9972 val_acc=0.633
      ep07 train_loss=0.8187 train_acc=0.825 | val_loss=1.1960 val_acc=0.531
      ep08 train_loss=0.8171 train_acc=0.881 | val_loss=1.0241 val_acc=0.571
      ep09 train_loss=0.8026 train_acc=0.867 | val_loss=0.9947 val_acc=0.612
      ep10 train_loss=0.7966 train_acc=0.895 | val_loss=0.9542 val_acc=0.612
      ep11 train_loss=0.7768 train_acc=0.902 | val_loss=1.0069 val_acc=0.612
      ep12 train_loss=0.7107 train_acc=0.944 | val_loss=1.0406 val_acc=0.612
      ep13 train_loss=0.6735 train_acc=0.958 | val_loss=1.0100 val_acc=0.633
      ep14 train_loss=0.6782 train_acc=0.958 | val_loss=1.0601 val_acc=0.592
      ep15 train_loss=0.7308 train_acc=0.951 | val_loss=1.0228 val_acc=0.673
      ep16 train_loss=0.6802 train_acc=0.944 | val_loss=1.0057 val_acc=0.633
      ep17 train_loss=0.6485 train_acc=0.979 | val_loss=0.9591 val_acc=0.612
      ep18 train_loss=0.6789 train_acc=0.951 | val_loss=0.9623 val_acc=0.694
      ep19 train_loss=0.6566 train_acc=0.979 | val_loss=0.9473 val_acc=0.653
      ep20 train_loss=0.6457 train_acc=0.979 | val_loss=0.9050 val_acc=0.673
      ep21 train_loss=0.6594 train_acc=0.986 | val_loss=0.9985 val_acc=0.612
      ep22 train_loss=0.6627 train_acc=0.979 | val_loss=0.9320 val_acc=0.653
      saved re-evaluation checkpoint fold3_ep22.pt
      ep23 train_loss=0.6639 train_acc=0.979 | val_loss=0.9398 val_acc=0.653
      saved re-evaluation checkpoint fold3_ep23.pt
      ep24 train_loss=0.6637 train_acc=0.965 | val_loss=0.9416 val_acc=0.653
      saved re-evaluation checkpoint fold3_ep24.pt
fold result: UF1=0.5856 UAR=0.6469 ACC=0.6327
fold 4/4: 16 train subjects / 5 validation subjects; 144 train / 48 validation samples
      ep00 train_loss=1.7543 train_acc=0.264 | val_loss=1.3081 val_acc=0.521
      ep01 train_loss=1.3488 train_acc=0.479 | val_loss=0.9024 val_acc=0.688
      ep02 train_loss=1.1408 train_acc=0.667 | val_loss=0.9037 val_acc=0.667
      ep03 train_loss=1.0954 train_acc=0.667 | val_loss=0.5937 val_acc=0.792
      ep04 train_loss=1.0184 train_acc=0.715 | val_loss=0.6653 val_acc=0.750
      ep05 train_loss=0.9329 train_acc=0.792 | val_loss=0.9066 val_acc=0.729
      ep06 train_loss=0.9048 train_acc=0.792 | val_loss=0.7522 val_acc=0.812
      ep07 train_loss=0.9559 train_acc=0.764 | val_loss=0.6655 val_acc=0.792
      ep08 train_loss=0.8443 train_acc=0.882 | val_loss=0.6405 val_acc=0.833
      ep09 train_loss=0.8040 train_acc=0.868 | val_loss=0.5726 val_acc=0.833
      ep10 train_loss=0.7348 train_acc=0.938 | val_loss=0.6563 val_acc=0.833
      ep11 train_loss=0.7658 train_acc=0.910 | val_loss=0.5815 val_acc=0.833
      ep12 train_loss=0.6754 train_acc=0.979 | val_loss=0.6243 val_acc=0.812
      ep13 train_loss=0.7359 train_acc=0.938 | val_loss=0.5758 val_acc=0.833
      ep14 train_loss=0.7046 train_acc=0.951 | val_loss=0.5910 val_acc=0.833
      ep15 train_loss=0.6568 train_acc=0.951 | val_loss=0.5986 val_acc=0.812
      ep16 train_loss=0.7328 train_acc=0.958 | val_loss=0.5801 val_acc=0.812
      ep17 train_loss=0.6851 train_acc=0.958 | val_loss=0.5638 val_acc=0.812
      ep18 train_loss=0.6936 train_acc=0.965 | val_loss=0.5729 val_acc=0.812
      ep19 train_loss=0.6807 train_acc=0.979 | val_loss=0.5569 val_acc=0.812
      ep20 train_loss=0.6567 train_acc=0.972 | val_loss=0.6056 val_acc=0.812
      ep21 train_loss=0.6785 train_acc=0.979 | val_loss=0.5898 val_acc=0.833
      ep22 train_loss=0.6590 train_acc=0.965 | val_loss=0.5670 val_acc=0.812
      saved re-evaluation checkpoint fold4_ep22.pt
      ep23 train_loss=0.7140 train_acc=0.965 | val_loss=0.5842 val_acc=0.812
      saved re-evaluation checkpoint fold4_ep23.pt
      ep24 train_loss=0.6839 train_acc=0.958 | val_loss=0.5758 val_acc=0.812
      saved re-evaluation checkpoint fold4_ep24.pt
fold result: UF1=0.8140 UAR=0.8284 ACC=0.8125
FINAL dev: UF1=0.6925 UAR=0.7180 ACC=0.7083
saved reproducible artifacts to D:\AI-Projects\casmeII-new-from-sequence-model\experiments\protocol_v2\iter_51_r3d_auto_apex_s2024_v2_dev_p5 in 910.1s
