=== EXPERIMENT iter_11_objective ===
time: 2026-07-14T22:06:27.384485
device: cuda (NVIDIA GeForce RTX 3060)
platform: Windows-10-10.0.26200-SP0 | torch 2.6.0+cu124
config:
{
  "seed": 42,
  "T": 16,
  "img_size": 112,
  "base_size": 128,
  "input_mode": "rgb",
  "backbone": "r2plus1d_18",
  "pretrained": true,
  "dropout": 0.5,
  "epochs": 25,
  "lr": 0.0001,
  "weight_decay": 0.001,
  "batch_size": 8,
  "class_weighting": true,
  "label_smoothing": 0.1,
  "hflip": true,
  "color_jitter": 0.0,
  "temporal_jitter": true,
  "amp": true,
  "eval_last_k": 3,
  "tta": 5,
  "cache_dir": "cache/flow128",
  "index": "cache/index_objective.csv",
  "class_names": [
    "obj1",
    "obj2",
    "obj3",
    "obj4",
    "obj5",
    "obj6",
    "obj7"
  ],
  "name": "iter_10_objective_flow",
  "modality": "flow",
  "temporal_span": "onset_offset",
  "flow_clip": 3.0,
  "manifest_name": "manifest_objective.csv"
}
samples: 255 | classes: 7 ['obj1', 'obj2', 'obj3', 'obj4', 'obj5', 'obj6', 'obj7']
loading arrays into RAM...
loaded 255 arrays

--- Fold 1/26 | test sub01 (9 test, 246 train) ---
      ep00 train_loss=3.3685 train_acc=0.089 | val_loss=2.0227 val_acc=0.000
      ep01 train_loss=2.6333 train_acc=0.171 | val_loss=1.3440 val_acc=0.222
      ep02 train_loss=2.5160 train_acc=0.203 | val_loss=1.3404 val_acc=0.222
      ep03 train_loss=2.3494 train_acc=0.236 | val_loss=1.1683 val_acc=0.222
      ep04 train_loss=2.2761 train_acc=0.346 | val_loss=1.5006 val_acc=0.111
      ep05 train_loss=2.2185 train_acc=0.309 | val_loss=1.1133 val_acc=0.556
      ep06 train_loss=2.1837 train_acc=0.309 | val_loss=1.5374 val_acc=0.111
      ep07 train_loss=2.0377 train_acc=0.366 | val_loss=1.1767 val_acc=0.222
      ep08 train_loss=2.0237 train_acc=0.398 | val_loss=1.2215 val_acc=0.333
      ep09 train_loss=1.9329 train_acc=0.455 | val_loss=1.2097 val_acc=0.333
      ep10 train_loss=1.9205 train_acc=0.382 | val_loss=1.0724 val_acc=0.556
      ep11 train_loss=1.9614 train_acc=0.390 | val_loss=1.2620 val_acc=0.444
      ep12 train_loss=1.8944 train_acc=0.439 | val_loss=1.3350 val_acc=0.222
      ep13 train_loss=1.8410 train_acc=0.492 | val_loss=1.4712 val_acc=0.111
      ep14 train_loss=1.8223 train_acc=0.427 | val_loss=1.2569 val_acc=0.333
      ep15 train_loss=1.8051 train_acc=0.524 | val_loss=1.3868 val_acc=0.333
      ep16 train_loss=1.7883 train_acc=0.451 | val_loss=1.3839 val_acc=0.333
      ep17 train_loss=1.7699 train_acc=0.516 | val_loss=1.3404 val_acc=0.222
      ep18 train_loss=1.8321 train_acc=0.488 | val_loss=1.3269 val_acc=0.333
      ep19 train_loss=1.7399 train_acc=0.545 | val_loss=1.3592 val_acc=0.333
      ep20 train_loss=1.7331 train_acc=0.512 | val_loss=1.3659 val_acc=0.333
      ep21 train_loss=1.7589 train_acc=0.472 | val_loss=1.3594 val_acc=0.222
      ep22 train_loss=1.7558 train_acc=0.541 | val_loss=1.3484 val_acc=0.222
      ep23 train_loss=1.7841 train_acc=0.508 | val_loss=1.3545 val_acc=0.222
      ep24 train_loss=1.7573 train_acc=0.524 | val_loss=1.3298 val_acc=0.222
    fold acc=0.111 time=231.1s | running pooled acc=0.111

--- Fold 2/26 | test sub02 (13 test, 242 train) ---
      ep00 train_loss=3.3382 train_acc=0.099 | val_loss=1.8387 val_acc=0.077
      ep01 train_loss=2.7636 train_acc=0.178 | val_loss=1.8399 val_acc=0.077
      ep02 train_loss=2.4453 train_acc=0.227 | val_loss=1.5384 val_acc=0.154
      ep03 train_loss=2.3268 train_acc=0.310 | val_loss=1.7491 val_acc=0.077
      ep04 train_loss=2.3889 train_acc=0.310 | val_loss=1.8845 val_acc=0.077
      ep05 train_loss=2.2472 train_acc=0.318 | val_loss=1.8308 val_acc=0.077
      ep06 train_loss=2.2671 train_acc=0.260 | val_loss=2.3507 val_acc=0.154
      ep07 train_loss=2.0653 train_acc=0.360 | val_loss=1.5457 val_acc=0.385
      ep08 train_loss=2.0044 train_acc=0.405 | val_loss=1.7352 val_acc=0.231
      ep09 train_loss=2.0367 train_acc=0.405 | val_loss=1.7388 val_acc=0.154
      ep10 train_loss=2.0060 train_acc=0.421 | val_loss=1.7268 val_acc=0.154
      ep11 train_loss=1.9896 train_acc=0.421 | val_loss=1.6153 val_acc=0.077
      ep12 train_loss=1.9356 train_acc=0.438 | val_loss=1.6387 val_acc=0.231
      ep13 train_loss=2.0098 train_acc=0.409 | val_loss=1.5494 val_acc=0.231
      ep14 train_loss=1.8681 train_acc=0.450 | val_loss=1.5089 val_acc=0.308
      ep15 train_loss=1.8801 train_acc=0.455 | val_loss=1.6644 val_acc=0.154
      ep16 train_loss=1.8110 train_acc=0.455 | val_loss=1.7274 val_acc=0.154
      ep17 train_loss=1.8858 train_acc=0.521 | val_loss=1.5718 val_acc=0.231
      ep18 train_loss=1.8014 train_acc=0.508 | val_loss=1.7350 val_acc=0.154
      ep19 train_loss=1.8001 train_acc=0.512 | val_loss=1.7720 val_acc=0.154
      ep20 train_loss=1.8656 train_acc=0.496 | val_loss=1.7371 val_acc=0.231
      ep21 train_loss=1.7994 train_acc=0.471 | val_loss=1.8072 val_acc=0.154
      ep22 train_loss=1.7560 train_acc=0.521 | val_loss=1.6366 val_acc=0.308
      ep23 train_loss=1.8100 train_acc=0.496 | val_loss=1.7415 val_acc=0.154
      ep24 train_loss=1.7881 train_acc=0.450 | val_loss=1.7834 val_acc=0.154
    fold acc=0.308 time=229.6s | running pooled acc=0.227

--- Fold 3/26 | test sub03 (7 test, 248 train) ---
      ep00 train_loss=3.2807 train_acc=0.117 | val_loss=2.2410 val_acc=0.000
      ep01 train_loss=2.7210 train_acc=0.137 | val_loss=2.5821 val_acc=0.000
      ep02 train_loss=2.4954 train_acc=0.254 | val_loss=2.3524 val_acc=0.000
      ep03 train_loss=2.4121 train_acc=0.262 | val_loss=2.6166 val_acc=0.000
      ep04 train_loss=2.1899 train_acc=0.339 | val_loss=2.4245 val_acc=0.000
      ep05 train_loss=2.1551 train_acc=0.367 | val_loss=2.7254 val_acc=0.000
      ep06 train_loss=2.1968 train_acc=0.302 | val_loss=2.9198 val_acc=0.000
      ep07 train_loss=2.0571 train_acc=0.347 | val_loss=2.5066 val_acc=0.000
      ep08 train_loss=2.0297 train_acc=0.403 | val_loss=2.3075 val_acc=0.000
      ep09 train_loss=1.9882 train_acc=0.403 | val_loss=2.7783 val_acc=0.000
      ep10 train_loss=1.9619 train_acc=0.399 | val_loss=2.8858 val_acc=0.000
      ep11 train_loss=1.8623 train_acc=0.448 | val_loss=2.7001 val_acc=0.000
      ep12 train_loss=1.8789 train_acc=0.468 | val_loss=3.0586 val_acc=0.000
      ep13 train_loss=1.8548 train_acc=0.472 | val_loss=3.0117 val_acc=0.000
      ep14 train_loss=1.8150 train_acc=0.472 | val_loss=3.3195 val_acc=0.000
      ep15 train_loss=1.8275 train_acc=0.456 | val_loss=2.9721 val_acc=0.000
      ep16 train_loss=1.8369 train_acc=0.484 | val_loss=2.9346 val_acc=0.000
      ep17 train_loss=1.7751 train_acc=0.500 | val_loss=2.8587 val_acc=0.000
      ep18 train_loss=1.7708 train_acc=0.500 | val_loss=2.7187 val_acc=0.000
      ep19 train_loss=1.7719 train_acc=0.516 | val_loss=2.8856 val_acc=0.000
      ep20 train_loss=1.8311 train_acc=0.496 | val_loss=2.7179 val_acc=0.000
      ep21 train_loss=1.7525 train_acc=0.488 | val_loss=2.8146 val_acc=0.000
      ep22 train_loss=1.7508 train_acc=0.560 | val_loss=2.8592 val_acc=0.000
      ep23 train_loss=1.8021 train_acc=0.484 | val_loss=2.8800 val_acc=0.000
      ep24 train_loss=1.7938 train_acc=0.484 | val_loss=2.8979 val_acc=0.000
    fold acc=0.000 time=231.1s | running pooled acc=0.172

--- Fold 4/26 | test sub04 (5 test, 250 train) ---
      ep00 train_loss=3.2665 train_acc=0.148 | val_loss=1.8087 val_acc=0.000
      ep01 train_loss=2.7180 train_acc=0.204 | val_loss=2.0079 val_acc=0.000
      ep02 train_loss=2.6068 train_acc=0.204 | val_loss=1.9966 val_acc=0.000
      ep03 train_loss=2.4707 train_acc=0.260 | val_loss=2.3436 val_acc=0.000
      ep04 train_loss=2.3287 train_acc=0.308 | val_loss=2.4079 val_acc=0.000
      ep05 train_loss=2.1909 train_acc=0.336 | val_loss=2.4637 val_acc=0.200
      ep06 train_loss=2.1010 train_acc=0.360 | val_loss=2.1704 val_acc=0.200
      ep07 train_loss=2.1221 train_acc=0.344 | val_loss=2.3046 val_acc=0.000
      ep08 train_loss=2.1349 train_acc=0.392 | val_loss=2.2123 val_acc=0.000
      ep09 train_loss=1.9647 train_acc=0.388 | val_loss=2.0170 val_acc=0.000
      ep10 train_loss=2.0129 train_acc=0.376 | val_loss=2.1189 val_acc=0.000
      ep11 train_loss=1.9312 train_acc=0.520 | val_loss=2.2089 val_acc=0.000
      ep12 train_loss=1.9058 train_acc=0.420 | val_loss=2.2364 val_acc=0.000
      ep13 train_loss=1.9081 train_acc=0.444 | val_loss=2.0073 val_acc=0.000
      ep14 train_loss=1.9039 train_acc=0.452 | val_loss=2.5716 val_acc=0.000
      ep15 train_loss=1.8292 train_acc=0.508 | val_loss=2.1153 val_acc=0.000
      ep16 train_loss=1.8535 train_acc=0.444 | val_loss=2.1029 val_acc=0.000
      ep17 train_loss=1.8155 train_acc=0.480 | val_loss=2.1644 val_acc=0.000
      ep18 train_loss=1.7751 train_acc=0.504 | val_loss=2.1195 val_acc=0.000
      ep19 train_loss=1.7890 train_acc=0.500 | val_loss=2.2340 val_acc=0.000
      ep20 train_loss=1.7726 train_acc=0.508 | val_loss=2.2228 val_acc=0.000
      ep21 train_loss=1.7849 train_acc=0.568 | val_loss=2.4673 val_acc=0.000
      ep22 train_loss=1.8629 train_acc=0.428 | val_loss=2.1658 val_acc=0.000
      ep23 train_loss=1.8118 train_acc=0.488 | val_loss=2.4843 val_acc=0.000
      ep24 train_loss=1.7644 train_acc=0.496 | val_loss=2.4001 val_acc=0.000
    fold acc=0.000 time=232.5s | running pooled acc=0.147

--- Fold 5/26 | test sub05 (19 test, 236 train) ---
      ep00 train_loss=3.2397 train_acc=0.114 | val_loss=1.8593 val_acc=0.053
      ep01 train_loss=2.5875 train_acc=0.203 | val_loss=1.5254 val_acc=0.211
      ep02 train_loss=2.5667 train_acc=0.199 | val_loss=1.5336 val_acc=0.263
      ep03 train_loss=2.3300 train_acc=0.288 | val_loss=2.0826 val_acc=0.105
      ep04 train_loss=2.2765 train_acc=0.318 | val_loss=1.7553 val_acc=0.053
      ep05 train_loss=2.2095 train_acc=0.322 | val_loss=2.3252 val_acc=0.105
      ep06 train_loss=2.1870 train_acc=0.356 | val_loss=1.6748 val_acc=0.263
      ep07 train_loss=2.1006 train_acc=0.360 | val_loss=1.7502 val_acc=0.105
      ep08 train_loss=2.0428 train_acc=0.449 | val_loss=1.5060 val_acc=0.158
      ep09 train_loss=1.9624 train_acc=0.415 | val_loss=1.8041 val_acc=0.105
      ep10 train_loss=1.9527 train_acc=0.432 | val_loss=1.9013 val_acc=0.158
      ep11 train_loss=1.9097 train_acc=0.462 | val_loss=1.8617 val_acc=0.158
      ep12 train_loss=1.8879 train_acc=0.500 | val_loss=1.7083 val_acc=0.105
      ep13 train_loss=1.8520 train_acc=0.432 | val_loss=1.9851 val_acc=0.158
      ep14 train_loss=1.8762 train_acc=0.504 | val_loss=1.8307 val_acc=0.105
      ep15 train_loss=1.8360 train_acc=0.419 | val_loss=1.7093 val_acc=0.211
      ep16 train_loss=1.8147 train_acc=0.534 | val_loss=1.7010 val_acc=0.158
      ep17 train_loss=1.7415 train_acc=0.568 | val_loss=1.5797 val_acc=0.158
      ep18 train_loss=1.7404 train_acc=0.504 | val_loss=1.7497 val_acc=0.158
      ep19 train_loss=1.7963 train_acc=0.504 | val_loss=1.7054 val_acc=0.158
      ep20 train_loss=1.7743 train_acc=0.525 | val_loss=1.7238 val_acc=0.158
      ep21 train_loss=1.8006 train_acc=0.517 | val_loss=1.6965 val_acc=0.158
      ep22 train_loss=1.7603 train_acc=0.538 | val_loss=1.7046 val_acc=0.158
      ep23 train_loss=1.7651 train_acc=0.572 | val_loss=1.7276 val_acc=0.158
      ep24 train_loss=1.7615 train_acc=0.492 | val_loss=1.6805 val_acc=0.158
    fold acc=0.158 time=227.3s | running pooled acc=0.151

--- Fold 6/26 | test sub06 (5 test, 250 train) ---
      ep00 train_loss=3.2971 train_acc=0.104 | val_loss=1.9744 val_acc=0.000
      ep01 train_loss=2.7883 train_acc=0.184 | val_loss=2.0062 val_acc=0.000
      ep02 train_loss=2.6178 train_acc=0.176 | val_loss=2.0252 val_acc=0.000
      ep03 train_loss=2.4952 train_acc=0.200 | val_loss=1.8940 val_acc=0.000
      ep04 train_loss=2.3288 train_acc=0.324 | val_loss=2.0029 val_acc=0.000
      ep05 train_loss=2.2439 train_acc=0.320 | val_loss=2.3810 val_acc=0.000
      ep06 train_loss=2.1652 train_acc=0.364 | val_loss=2.1895 val_acc=0.000
      ep07 train_loss=2.1046 train_acc=0.368 | val_loss=2.7834 val_acc=0.000
      ep08 train_loss=2.0991 train_acc=0.364 | val_loss=2.6606 val_acc=0.000
      ep09 train_loss=2.0352 train_acc=0.392 | val_loss=2.7116 val_acc=0.000
      ep10 train_loss=2.0511 train_acc=0.404 | val_loss=2.6329 val_acc=0.000
      ep11 train_loss=1.8662 train_acc=0.524 | val_loss=2.8353 val_acc=0.000
      ep12 train_loss=1.8263 train_acc=0.456 | val_loss=2.7960 val_acc=0.000
      ep13 train_loss=1.9321 train_acc=0.416 | val_loss=2.5359 val_acc=0.000
      ep14 train_loss=1.8709 train_acc=0.444 | val_loss=2.5577 val_acc=0.000
      ep15 train_loss=1.8317 train_acc=0.504 | val_loss=2.5635 val_acc=0.000
      ep16 train_loss=1.8807 train_acc=0.452 | val_loss=2.6219 val_acc=0.000
      ep17 train_loss=1.8114 train_acc=0.496 | val_loss=2.5322 val_acc=0.000
      ep18 train_loss=1.8211 train_acc=0.496 | val_loss=2.6367 val_acc=0.000
      ep19 train_loss=1.8165 train_acc=0.532 | val_loss=2.3936 val_acc=0.000
      ep20 train_loss=1.7878 train_acc=0.532 | val_loss=2.6207 val_acc=0.000
      ep21 train_loss=1.7947 train_acc=0.512 | val_loss=2.4814 val_acc=0.000
      ep22 train_loss=1.8578 train_acc=0.428 | val_loss=2.4533 val_acc=0.000
      ep23 train_loss=1.8212 train_acc=0.460 | val_loss=2.6354 val_acc=0.000
      ep24 train_loss=1.8100 train_acc=0.532 | val_loss=2.7078 val_acc=0.000
    fold acc=0.000 time=231.6s | running pooled acc=0.138

--- Fold 7/26 | test sub07 (9 test, 246 train) ---
      ep00 train_loss=3.3697 train_acc=0.106 | val_loss=2.2033 val_acc=0.000
      ep01 train_loss=2.6596 train_acc=0.195 | val_loss=2.2360 val_acc=0.000
      ep02 train_loss=2.4748 train_acc=0.175 | val_loss=2.3517 val_acc=0.000
      ep03 train_loss=2.2858 train_acc=0.289 | val_loss=2.3872 val_acc=0.000
      ep04 train_loss=2.2509 train_acc=0.346 | val_loss=2.3893 val_acc=0.111
      ep05 train_loss=2.2199 train_acc=0.325 | val_loss=2.2485 val_acc=0.111
      ep06 train_loss=2.2155 train_acc=0.350 | val_loss=2.7161 val_acc=0.000
      ep07 train_loss=2.0782 train_acc=0.398 | val_loss=2.8836 val_acc=0.000
      ep08 train_loss=2.0060 train_acc=0.398 | val_loss=2.5829 val_acc=0.000
      ep09 train_loss=1.9635 train_acc=0.484 | val_loss=2.7901 val_acc=0.000
      ep10 train_loss=1.8599 train_acc=0.386 | val_loss=2.5135 val_acc=0.000
      ep11 train_loss=1.9772 train_acc=0.427 | val_loss=2.4417 val_acc=0.111
      ep12 train_loss=1.9072 train_acc=0.459 | val_loss=2.8289 val_acc=0.000
      ep13 train_loss=1.8043 train_acc=0.447 | val_loss=2.5769 val_acc=0.000
      ep14 train_loss=1.7931 train_acc=0.459 | val_loss=2.5313 val_acc=0.000
      ep15 train_loss=1.8256 train_acc=0.508 | val_loss=2.5236 val_acc=0.000
      ep16 train_loss=1.7936 train_acc=0.431 | val_loss=2.5672 val_acc=0.000
      ep17 train_loss=1.8330 train_acc=0.500 | val_loss=2.5810 val_acc=0.000
      ep18 train_loss=1.9096 train_acc=0.451 | val_loss=2.6991 val_acc=0.000
      ep19 train_loss=1.7949 train_acc=0.512 | val_loss=2.4350 val_acc=0.111
      ep20 train_loss=1.7754 train_acc=0.545 | val_loss=2.3995 val_acc=0.000
      ep21 train_loss=1.7528 train_acc=0.476 | val_loss=2.5446 val_acc=0.000
      ep22 train_loss=1.7804 train_acc=0.516 | val_loss=2.4362 val_acc=0.000
      ep23 train_loss=1.7597 train_acc=0.492 | val_loss=2.4472 val_acc=0.000
      ep24 train_loss=1.8394 train_acc=0.443 | val_loss=2.4402 val_acc=0.000
    fold acc=0.000 time=230.0s | running pooled acc=0.119

--- Fold 8/26 | test sub08 (3 test, 252 train) ---
      ep00 train_loss=3.3346 train_acc=0.091 | val_loss=1.7909 val_acc=0.000
      ep01 train_loss=2.7529 train_acc=0.194 | val_loss=1.4879 val_acc=0.000
      ep02 train_loss=2.5888 train_acc=0.194 | val_loss=1.9817 val_acc=0.000
      ep03 train_loss=2.3895 train_acc=0.258 | val_loss=1.1303 val_acc=0.333
      ep04 train_loss=2.2867 train_acc=0.317 | val_loss=1.7658 val_acc=0.000
      ep05 train_loss=2.2028 train_acc=0.317 | val_loss=1.3066 val_acc=0.333
      ep06 train_loss=2.2133 train_acc=0.337 | val_loss=1.4596 val_acc=0.000
      ep07 train_loss=2.0924 train_acc=0.369 | val_loss=1.1800 val_acc=0.000
      ep08 train_loss=2.0346 train_acc=0.385 | val_loss=1.2028 val_acc=0.333
      ep09 train_loss=2.1486 train_acc=0.333 | val_loss=1.4268 val_acc=0.000
      ep10 train_loss=2.0446 train_acc=0.448 | val_loss=1.4655 val_acc=0.000
      ep11 train_loss=1.9322 train_acc=0.417 | val_loss=1.2121 val_acc=0.333
      ep12 train_loss=1.9400 train_acc=0.409 | val_loss=1.5208 val_acc=0.000
      ep13 train_loss=1.9346 train_acc=0.409 | val_loss=1.6524 val_acc=0.000
      ep14 train_loss=1.8097 train_acc=0.492 | val_loss=1.3985 val_acc=0.000
      ep15 train_loss=1.8102 train_acc=0.468 | val_loss=1.9320 val_acc=0.000
      ep16 train_loss=1.8739 train_acc=0.472 | val_loss=1.8378 val_acc=0.000
      ep17 train_loss=1.8464 train_acc=0.417 | val_loss=1.5905 val_acc=0.000
      ep18 train_loss=1.8461 train_acc=0.528 | val_loss=1.6538 val_acc=0.000
      ep19 train_loss=1.7586 train_acc=0.492 | val_loss=1.6306 val_acc=0.000
      ep20 train_loss=1.7299 train_acc=0.456 | val_loss=1.5830 val_acc=0.000
      ep21 train_loss=1.8453 train_acc=0.500 | val_loss=1.5310 val_acc=0.000
      ep22 train_loss=1.8345 train_acc=0.468 | val_loss=1.5313 val_acc=0.000
      ep23 train_loss=1.7717 train_acc=0.496 | val_loss=1.5559 val_acc=0.000
      ep24 train_loss=1.7768 train_acc=0.492 | val_loss=1.6413 val_acc=0.000
    fold acc=0.000 time=231.6s | running pooled acc=0.114

--- Fold 9/26 | test sub09 (14 test, 241 train) ---
      ep00 train_loss=3.4319 train_acc=0.120 | val_loss=2.1069 val_acc=0.000
      ep01 train_loss=2.6591 train_acc=0.195 | val_loss=1.8650 val_acc=0.214
      ep02 train_loss=2.5612 train_acc=0.220 | val_loss=1.8055 val_acc=0.143
      ep03 train_loss=2.4258 train_acc=0.311 | val_loss=1.5128 val_acc=0.214
      ep04 train_loss=2.4536 train_acc=0.320 | val_loss=1.9141 val_acc=0.214
      ep05 train_loss=2.3011 train_acc=0.328 | val_loss=1.4371 val_acc=0.286
      ep06 train_loss=2.1494 train_acc=0.361 | val_loss=1.5517 val_acc=0.143
      ep07 train_loss=2.1835 train_acc=0.373 | val_loss=1.3665 val_acc=0.429
      ep08 train_loss=2.0974 train_acc=0.411 | val_loss=1.7750 val_acc=0.143
      ep09 train_loss=2.0801 train_acc=0.365 | val_loss=1.3837 val_acc=0.214
      ep10 train_loss=2.0265 train_acc=0.444 | val_loss=1.4996 val_acc=0.357
      ep11 train_loss=2.0196 train_acc=0.469 | val_loss=1.4902 val_acc=0.286
      ep12 train_loss=2.0091 train_acc=0.373 | val_loss=1.4409 val_acc=0.286
      ep13 train_loss=1.9056 train_acc=0.506 | val_loss=1.3267 val_acc=0.357
      ep14 train_loss=1.9898 train_acc=0.419 | val_loss=1.5987 val_acc=0.357
      ep15 train_loss=1.8986 train_acc=0.494 | val_loss=1.5304 val_acc=0.214
      ep16 train_loss=1.9605 train_acc=0.407 | val_loss=1.5661 val_acc=0.286
      ep17 train_loss=1.8603 train_acc=0.481 | val_loss=1.5944 val_acc=0.286
      ep18 train_loss=1.8605 train_acc=0.498 | val_loss=1.6312 val_acc=0.286
      ep19 train_loss=1.8159 train_acc=0.469 | val_loss=1.5929 val_acc=0.214
      ep20 train_loss=1.8351 train_acc=0.494 | val_loss=1.5896 val_acc=0.214
      ep21 train_loss=1.8696 train_acc=0.473 | val_loss=1.6802 val_acc=0.214
      ep22 train_loss=1.8306 train_acc=0.498 | val_loss=1.6295 val_acc=0.214
      ep23 train_loss=1.8701 train_acc=0.423 | val_loss=1.6008 val_acc=0.214
      ep24 train_loss=1.8829 train_acc=0.527 | val_loss=1.6221 val_acc=0.214
    fold acc=0.143 time=228.2s | running pooled acc=0.119

--- Fold 10/26 | test sub10 (14 test, 241 train) ---
      ep00 train_loss=3.3140 train_acc=0.120 | val_loss=1.6640 val_acc=0.071
      ep01 train_loss=2.5754 train_acc=0.207 | val_loss=1.2023 val_acc=0.286
      ep02 train_loss=2.4756 train_acc=0.261 | val_loss=1.6442 val_acc=0.000
      ep03 train_loss=2.3529 train_acc=0.261 | val_loss=1.2293 val_acc=0.571
      ep04 train_loss=2.3660 train_acc=0.332 | val_loss=1.3880 val_acc=0.071
      ep05 train_loss=2.2583 train_acc=0.365 | val_loss=1.1662 val_acc=0.643
      ep06 train_loss=2.1044 train_acc=0.328 | val_loss=1.3867 val_acc=0.286
      ep07 train_loss=2.1034 train_acc=0.382 | val_loss=1.2968 val_acc=0.286
      ep08 train_loss=1.9828 train_acc=0.440 | val_loss=1.5637 val_acc=0.000
      ep09 train_loss=2.0007 train_acc=0.440 | val_loss=1.3675 val_acc=0.000
      ep10 train_loss=1.9228 train_acc=0.436 | val_loss=1.1976 val_acc=0.214
      ep11 train_loss=1.9221 train_acc=0.506 | val_loss=1.5957 val_acc=0.000
      ep12 train_loss=1.9064 train_acc=0.402 | val_loss=1.3753 val_acc=0.000
      ep13 train_loss=1.8353 train_acc=0.531 | val_loss=1.2464 val_acc=0.214
      ep14 train_loss=1.9310 train_acc=0.436 | val_loss=1.1198 val_acc=0.286
      ep15 train_loss=1.7958 train_acc=0.506 | val_loss=1.3956 val_acc=0.000
      ep16 train_loss=1.8777 train_acc=0.485 | val_loss=1.4334 val_acc=0.000
      ep17 train_loss=1.7990 train_acc=0.523 | val_loss=1.4679 val_acc=0.071
      ep18 train_loss=1.8068 train_acc=0.552 | val_loss=1.2729 val_acc=0.000
      ep19 train_loss=1.7839 train_acc=0.527 | val_loss=1.3690 val_acc=0.000
      ep20 train_loss=1.7403 train_acc=0.531 | val_loss=1.2703 val_acc=0.000
      ep21 train_loss=1.7631 train_acc=0.510 | val_loss=1.3401 val_acc=0.000
      ep22 train_loss=1.7881 train_acc=0.568 | val_loss=1.3132 val_acc=0.000
      ep23 train_loss=1.7795 train_acc=0.481 | val_loss=1.3536 val_acc=0.000
      ep24 train_loss=1.7567 train_acc=0.573 | val_loss=1.3147 val_acc=0.000
    fold acc=0.000 time=227.9s | running pooled acc=0.102

--- Fold 11/26 | test sub11 (10 test, 245 train) ---
      ep00 train_loss=3.2964 train_acc=0.106 | val_loss=1.6587 val_acc=0.200
      ep01 train_loss=2.7628 train_acc=0.135 | val_loss=1.5058 val_acc=0.200
      ep02 train_loss=2.5347 train_acc=0.192 | val_loss=1.3235 val_acc=0.200
      ep03 train_loss=2.4584 train_acc=0.220 | val_loss=1.3361 val_acc=0.300
      ep04 train_loss=2.3213 train_acc=0.314 | val_loss=1.5092 val_acc=0.100
      ep05 train_loss=2.1061 train_acc=0.376 | val_loss=1.5650 val_acc=0.100
      ep06 train_loss=2.1708 train_acc=0.347 | val_loss=1.3708 val_acc=0.000
      ep07 train_loss=2.1101 train_acc=0.363 | val_loss=1.6706 val_acc=0.000
      ep08 train_loss=2.0315 train_acc=0.433 | val_loss=1.8222 val_acc=0.300
      ep09 train_loss=1.9920 train_acc=0.486 | val_loss=1.7935 val_acc=0.000
      ep10 train_loss=1.9182 train_acc=0.429 | val_loss=1.7873 val_acc=0.000
      ep11 train_loss=1.7892 train_acc=0.522 | val_loss=1.5308 val_acc=0.200
      ep12 train_loss=1.8699 train_acc=0.461 | val_loss=1.7367 val_acc=0.100
      ep13 train_loss=1.8093 train_acc=0.445 | val_loss=1.5085 val_acc=0.000
      ep14 train_loss=1.8915 train_acc=0.473 | val_loss=1.6302 val_acc=0.000
      ep15 train_loss=1.8355 train_acc=0.490 | val_loss=1.4560 val_acc=0.100
      ep16 train_loss=1.8286 train_acc=0.473 | val_loss=1.5616 val_acc=0.100
      ep17 train_loss=1.8014 train_acc=0.527 | val_loss=1.5289 val_acc=0.000
      ep18 train_loss=1.7915 train_acc=0.490 | val_loss=1.5287 val_acc=0.000
      ep19 train_loss=1.7579 train_acc=0.514 | val_loss=1.7052 val_acc=0.000
      ep20 train_loss=1.7808 train_acc=0.482 | val_loss=1.6746 val_acc=0.000
      ep21 train_loss=1.7848 train_acc=0.486 | val_loss=1.6651 val_acc=0.000
      ep22 train_loss=1.7419 train_acc=0.551 | val_loss=1.7946 val_acc=0.000
      ep23 train_loss=1.7373 train_acc=0.490 | val_loss=1.6270 val_acc=0.000
      ep24 train_loss=1.7740 train_acc=0.510 | val_loss=1.6517 val_acc=0.100
    fold acc=0.000 time=228.8s | running pooled acc=0.093

--- Fold 12/26 | test sub12 (12 test, 243 train) ---
      ep00 train_loss=3.3568 train_acc=0.160 | val_loss=1.6947 val_acc=0.250
      ep01 train_loss=2.8385 train_acc=0.160 | val_loss=1.5445 val_acc=0.417
      ep02 train_loss=2.5708 train_acc=0.210 | val_loss=1.3117 val_acc=0.583
      ep03 train_loss=2.4699 train_acc=0.230 | val_loss=1.2785 val_acc=0.417
      ep04 train_loss=2.3413 train_acc=0.313 | val_loss=1.3642 val_acc=0.500
      ep05 train_loss=2.3285 train_acc=0.276 | val_loss=1.8765 val_acc=0.333
      ep06 train_loss=2.3313 train_acc=0.317 | val_loss=1.3701 val_acc=0.417
      ep07 train_loss=2.1529 train_acc=0.362 | val_loss=1.3776 val_acc=0.417
      ep08 train_loss=2.0904 train_acc=0.383 | val_loss=1.4964 val_acc=0.417
      ep09 train_loss=2.1030 train_acc=0.387 | val_loss=1.7667 val_acc=0.417
      ep10 train_loss=2.0053 train_acc=0.436 | val_loss=1.4652 val_acc=0.417
      ep11 train_loss=2.0264 train_acc=0.436 | val_loss=1.8910 val_acc=0.250
      ep12 train_loss=1.9351 train_acc=0.444 | val_loss=1.8434 val_acc=0.333
      ep13 train_loss=1.8936 train_acc=0.502 | val_loss=2.1119 val_acc=0.333
      ep14 train_loss=1.9022 train_acc=0.436 | val_loss=1.8481 val_acc=0.417
      ep15 train_loss=1.9613 train_acc=0.412 | val_loss=1.7480 val_acc=0.417
      ep16 train_loss=1.8169 train_acc=0.481 | val_loss=1.8879 val_acc=0.417
      ep17 train_loss=1.9200 train_acc=0.502 | val_loss=1.7957 val_acc=0.333
      ep18 train_loss=1.8171 train_acc=0.498 | val_loss=2.0997 val_acc=0.333
      ep19 train_loss=1.8924 train_acc=0.486 | val_loss=2.3096 val_acc=0.333
      ep20 train_loss=1.7951 train_acc=0.498 | val_loss=2.1517 val_acc=0.250
      ep21 train_loss=1.8541 train_acc=0.449 | val_loss=1.9402 val_acc=0.333
      ep22 train_loss=1.8347 train_acc=0.465 | val_loss=2.1231 val_acc=0.250
      ep23 train_loss=1.7961 train_acc=0.477 | val_loss=2.0714 val_acc=0.250
      ep24 train_loss=1.8032 train_acc=0.481 | val_loss=2.1058 val_acc=0.250
    fold acc=0.417 time=228.3s | running pooled acc=0.125

--- Fold 13/26 | test sub13 (8 test, 247 train) ---
      ep00 train_loss=3.2828 train_acc=0.105 | val_loss=2.0507 val_acc=0.125
      ep01 train_loss=2.6879 train_acc=0.166 | val_loss=1.6735 val_acc=0.000
      ep02 train_loss=2.4809 train_acc=0.231 | val_loss=1.5404 val_acc=0.250
      ep03 train_loss=2.3969 train_acc=0.255 | val_loss=1.3063 val_acc=0.750
      ep04 train_loss=2.2750 train_acc=0.296 | val_loss=1.6509 val_acc=0.250
      ep05 train_loss=2.2259 train_acc=0.340 | val_loss=1.6704 val_acc=0.125
      ep06 train_loss=2.1609 train_acc=0.344 | val_loss=1.4220 val_acc=0.375
      ep07 train_loss=2.0627 train_acc=0.385 | val_loss=1.6662 val_acc=0.250
      ep08 train_loss=2.1088 train_acc=0.385 | val_loss=1.8052 val_acc=0.125
      ep09 train_loss=2.0405 train_acc=0.381 | val_loss=1.6217 val_acc=0.250
      ep10 train_loss=2.0127 train_acc=0.405 | val_loss=1.6424 val_acc=0.250
      ep11 train_loss=1.8389 train_acc=0.478 | val_loss=1.5129 val_acc=0.375
      ep12 train_loss=1.9518 train_acc=0.478 | val_loss=1.4872 val_acc=0.375
      ep13 train_loss=1.8819 train_acc=0.498 | val_loss=1.7421 val_acc=0.125
      ep14 train_loss=1.8596 train_acc=0.457 | val_loss=1.6681 val_acc=0.250
      ep15 train_loss=1.9161 train_acc=0.502 | val_loss=1.5023 val_acc=0.375
      ep16 train_loss=1.8801 train_acc=0.466 | val_loss=1.7037 val_acc=0.375
      ep17 train_loss=1.8025 train_acc=0.494 | val_loss=1.6169 val_acc=0.500
      ep18 train_loss=1.8039 train_acc=0.482 | val_loss=1.4841 val_acc=0.500
      ep19 train_loss=1.7569 train_acc=0.538 | val_loss=1.6251 val_acc=0.125
      ep20 train_loss=1.7499 train_acc=0.494 | val_loss=1.6078 val_acc=0.250
      ep21 train_loss=1.7538 train_acc=0.490 | val_loss=1.6387 val_acc=0.125
      ep22 train_loss=1.7965 train_acc=0.514 | val_loss=1.5568 val_acc=0.250
      ep23 train_loss=1.7454 train_acc=0.482 | val_loss=1.6323 val_acc=0.250
      ep24 train_loss=1.7228 train_acc=0.494 | val_loss=1.6174 val_acc=0.125
    fold acc=0.125 time=229.0s | running pooled acc=0.125

--- Fold 14/26 | test sub14 (4 test, 251 train) ---
      ep00 train_loss=3.3165 train_acc=0.084 | val_loss=1.8986 val_acc=0.000
      ep01 train_loss=2.7319 train_acc=0.155 | val_loss=2.0723 val_acc=0.000
      ep02 train_loss=2.4791 train_acc=0.291 | val_loss=2.0499 val_acc=0.000
      ep03 train_loss=2.4611 train_acc=0.215 | val_loss=1.6944 val_acc=0.000
      ep04 train_loss=2.3677 train_acc=0.299 | val_loss=2.1635 val_acc=0.000
      ep05 train_loss=2.2938 train_acc=0.319 | val_loss=2.1538 val_acc=0.000
      ep06 train_loss=2.2117 train_acc=0.331 | val_loss=1.6207 val_acc=0.250
      ep07 train_loss=2.1230 train_acc=0.347 | val_loss=1.8697 val_acc=0.000
      ep08 train_loss=1.9895 train_acc=0.414 | val_loss=1.6721 val_acc=0.500
      ep09 train_loss=2.0248 train_acc=0.398 | val_loss=1.6324 val_acc=0.000
      ep10 train_loss=2.0387 train_acc=0.363 | val_loss=1.8396 val_acc=0.500
      ep11 train_loss=1.9333 train_acc=0.442 | val_loss=1.2766 val_acc=0.500
      ep12 train_loss=1.8789 train_acc=0.410 | val_loss=1.3915 val_acc=0.250
      ep13 train_loss=1.8913 train_acc=0.450 | val_loss=1.3177 val_acc=0.250
      ep14 train_loss=1.9364 train_acc=0.446 | val_loss=1.2095 val_acc=0.500
      ep15 train_loss=1.8734 train_acc=0.490 | val_loss=1.5136 val_acc=0.250
      ep16 train_loss=1.7857 train_acc=0.494 | val_loss=1.5440 val_acc=0.000
      ep17 train_loss=1.8793 train_acc=0.410 | val_loss=1.6465 val_acc=0.000
      ep18 train_loss=1.7739 train_acc=0.518 | val_loss=1.6527 val_acc=0.250
      ep19 train_loss=1.7627 train_acc=0.466 | val_loss=1.3767 val_acc=0.250
      ep20 train_loss=1.7326 train_acc=0.506 | val_loss=1.4672 val_acc=0.000
      ep21 train_loss=1.7700 train_acc=0.534 | val_loss=1.5518 val_acc=0.000
      ep22 train_loss=1.7521 train_acc=0.458 | val_loss=1.5495 val_acc=0.000
      ep23 train_loss=1.7859 train_acc=0.490 | val_loss=1.4737 val_acc=0.000
      ep24 train_loss=1.8301 train_acc=0.450 | val_loss=1.4904 val_acc=0.000
    fold acc=0.000 time=231.2s | running pooled acc=0.121

--- Fold 15/26 | test sub15 (3 test, 252 train) ---
      ep00 train_loss=3.3321 train_acc=0.123 | val_loss=2.1693 val_acc=0.000
      ep01 train_loss=2.7836 train_acc=0.175 | val_loss=2.3133 val_acc=0.000
      ep02 train_loss=2.5122 train_acc=0.250 | val_loss=2.3657 val_acc=0.000
      ep03 train_loss=2.3743 train_acc=0.286 | val_loss=1.8925 val_acc=0.333
      ep04 train_loss=2.3265 train_acc=0.321 | val_loss=2.0892 val_acc=0.000
      ep05 train_loss=2.1940 train_acc=0.341 | val_loss=2.2803 val_acc=0.000
      ep06 train_loss=2.2384 train_acc=0.325 | val_loss=2.7770 val_acc=0.000
      ep07 train_loss=2.1157 train_acc=0.361 | val_loss=2.1458 val_acc=0.000
      ep08 train_loss=2.0874 train_acc=0.393 | val_loss=2.2179 val_acc=0.333
      ep09 train_loss=2.0439 train_acc=0.385 | val_loss=2.2142 val_acc=0.000
      ep10 train_loss=1.9940 train_acc=0.448 | val_loss=2.5992 val_acc=0.000
      ep11 train_loss=1.9199 train_acc=0.437 | val_loss=2.5713 val_acc=0.000
      ep12 train_loss=1.9805 train_acc=0.437 | val_loss=2.4709 val_acc=0.000
      ep13 train_loss=1.9305 train_acc=0.437 | val_loss=2.5335 val_acc=0.000
      ep14 train_loss=1.9027 train_acc=0.476 | val_loss=2.4023 val_acc=0.000
      ep15 train_loss=1.8583 train_acc=0.492 | val_loss=2.2195 val_acc=0.000
      ep16 train_loss=1.9036 train_acc=0.456 | val_loss=2.4854 val_acc=0.000
      ep17 train_loss=1.8321 train_acc=0.433 | val_loss=2.2661 val_acc=0.000
      ep18 train_loss=1.8025 train_acc=0.560 | val_loss=2.4076 val_acc=0.000
      ep19 train_loss=1.7911 train_acc=0.496 | val_loss=2.5101 val_acc=0.000
      ep20 train_loss=1.7457 train_acc=0.476 | val_loss=2.2995 val_acc=0.000
      ep21 train_loss=1.8199 train_acc=0.496 | val_loss=2.3233 val_acc=0.000
      ep22 train_loss=1.8873 train_acc=0.433 | val_loss=2.1282 val_acc=0.000
      ep23 train_loss=1.7699 train_acc=0.512 | val_loss=2.2112 val_acc=0.000
      ep24 train_loss=1.7629 train_acc=0.516 | val_loss=2.3487 val_acc=0.000
    fold acc=0.333 time=231.1s | running pooled acc=0.126

--- Fold 16/26 | test sub16 (4 test, 251 train) ---
      ep00 train_loss=3.3113 train_acc=0.076 | val_loss=2.7163 val_acc=0.000
      ep01 train_loss=2.7101 train_acc=0.159 | val_loss=2.7282 val_acc=0.000
      ep02 train_loss=2.4304 train_acc=0.267 | val_loss=2.7121 val_acc=0.000
      ep03 train_loss=2.4361 train_acc=0.211 | val_loss=2.3727 val_acc=0.000
      ep04 train_loss=2.3849 train_acc=0.287 | val_loss=2.2320 val_acc=0.000
      ep05 train_loss=2.3254 train_acc=0.303 | val_loss=2.6343 val_acc=0.000
      ep06 train_loss=2.1906 train_acc=0.347 | val_loss=3.6514 val_acc=0.000
      ep07 train_loss=2.1056 train_acc=0.402 | val_loss=2.0894 val_acc=0.000
      ep08 train_loss=1.9960 train_acc=0.410 | val_loss=2.3161 val_acc=0.000
      ep09 train_loss=2.0645 train_acc=0.382 | val_loss=2.9017 val_acc=0.000
      ep10 train_loss=2.0382 train_acc=0.355 | val_loss=2.9596 val_acc=0.000
      ep11 train_loss=1.9614 train_acc=0.434 | val_loss=2.8441 val_acc=0.000
      ep12 train_loss=1.9567 train_acc=0.426 | val_loss=2.5976 val_acc=0.000
      ep13 train_loss=1.8930 train_acc=0.434 | val_loss=2.6110 val_acc=0.000
      ep14 train_loss=1.9288 train_acc=0.470 | val_loss=2.4905 val_acc=0.000
      ep15 train_loss=1.8681 train_acc=0.490 | val_loss=2.5649 val_acc=0.000
      ep16 train_loss=1.7740 train_acc=0.534 | val_loss=2.6871 val_acc=0.000
      ep17 train_loss=1.8633 train_acc=0.410 | val_loss=2.5775 val_acc=0.000
      ep18 train_loss=1.7972 train_acc=0.526 | val_loss=2.5027 val_acc=0.000
      ep19 train_loss=1.7486 train_acc=0.486 | val_loss=2.4534 val_acc=0.000
      ep20 train_loss=1.7266 train_acc=0.498 | val_loss=2.6728 val_acc=0.000
      ep21 train_loss=1.7557 train_acc=0.558 | val_loss=2.4650 val_acc=0.000
      ep22 train_loss=1.7639 train_acc=0.462 | val_loss=2.4695 val_acc=0.000
      ep23 train_loss=1.7896 train_acc=0.474 | val_loss=2.3614 val_acc=0.000
      ep24 train_loss=1.8250 train_acc=0.450 | val_loss=2.5630 val_acc=0.000
    fold acc=0.000 time=230.8s | running pooled acc=0.122

--- Fold 17/26 | test sub17 (36 test, 219 train) ---
      ep00 train_loss=3.1374 train_acc=0.110 | val_loss=2.3616 val_acc=0.000
      ep01 train_loss=2.6275 train_acc=0.224 | val_loss=1.8167 val_acc=0.083
      ep02 train_loss=2.4460 train_acc=0.256 | val_loss=1.6960 val_acc=0.111
      ep03 train_loss=2.2460 train_acc=0.274 | val_loss=1.7726 val_acc=0.139
      ep04 train_loss=2.2094 train_acc=0.329 | val_loss=1.8358 val_acc=0.139
      ep05 train_loss=2.0458 train_acc=0.370 | val_loss=1.7246 val_acc=0.194
      ep06 train_loss=2.0041 train_acc=0.379 | val_loss=1.7434 val_acc=0.194
      ep07 train_loss=2.0388 train_acc=0.379 | val_loss=1.5674 val_acc=0.250
      ep08 train_loss=1.9312 train_acc=0.429 | val_loss=1.6336 val_acc=0.222
      ep09 train_loss=1.8085 train_acc=0.493 | val_loss=1.8175 val_acc=0.111
      ep10 train_loss=1.8764 train_acc=0.493 | val_loss=1.6043 val_acc=0.167
      ep11 train_loss=1.8459 train_acc=0.461 | val_loss=1.8013 val_acc=0.111
      ep12 train_loss=1.8072 train_acc=0.470 | val_loss=1.6865 val_acc=0.167
      ep13 train_loss=1.6962 train_acc=0.553 | val_loss=1.7909 val_acc=0.139
      ep14 train_loss=1.7474 train_acc=0.502 | val_loss=1.8362 val_acc=0.083
      ep15 train_loss=1.8409 train_acc=0.489 | val_loss=1.6446 val_acc=0.222
      ep16 train_loss=1.7574 train_acc=0.525 | val_loss=1.6678 val_acc=0.333
      ep17 train_loss=1.7011 train_acc=0.553 | val_loss=1.6336 val_acc=0.222
      ep18 train_loss=1.7065 train_acc=0.502 | val_loss=1.6721 val_acc=0.194
      ep19 train_loss=1.6661 train_acc=0.557 | val_loss=1.7186 val_acc=0.222
      ep20 train_loss=1.7460 train_acc=0.571 | val_loss=1.7279 val_acc=0.194
      ep21 train_loss=1.7160 train_acc=0.511 | val_loss=1.8007 val_acc=0.250
      ep22 train_loss=1.6786 train_acc=0.530 | val_loss=1.8237 val_acc=0.139
      ep23 train_loss=1.7036 train_acc=0.575 | val_loss=1.7226 val_acc=0.139
      ep24 train_loss=1.6366 train_acc=0.566 | val_loss=1.7795 val_acc=0.111
    fold acc=0.083 time=220.4s | running pooled acc=0.114

--- Fold 18/26 | test sub18 (3 test, 252 train) ---
      ep00 train_loss=3.2268 train_acc=0.091 | val_loss=2.0397 val_acc=0.000
      ep01 train_loss=2.7409 train_acc=0.214 | val_loss=1.8669 val_acc=0.000
      ep02 train_loss=2.4653 train_acc=0.254 | val_loss=1.6696 val_acc=0.333
      ep03 train_loss=2.3498 train_acc=0.258 | val_loss=1.5832 val_acc=0.000
      ep04 train_loss=2.3271 train_acc=0.270 | val_loss=1.7721 val_acc=0.000
      ep05 train_loss=2.2117 train_acc=0.325 | val_loss=1.5269 val_acc=0.000
      ep06 train_loss=2.1864 train_acc=0.310 | val_loss=1.4526 val_acc=0.000
      ep07 train_loss=2.1187 train_acc=0.373 | val_loss=1.2129 val_acc=0.000
      ep08 train_loss=2.0692 train_acc=0.381 | val_loss=1.1871 val_acc=0.000
      ep09 train_loss=2.0743 train_acc=0.349 | val_loss=1.0914 val_acc=0.000
      ep10 train_loss=2.0397 train_acc=0.421 | val_loss=1.1838 val_acc=0.000
      ep11 train_loss=1.8987 train_acc=0.440 | val_loss=1.2470 val_acc=0.000
      ep12 train_loss=1.8884 train_acc=0.413 | val_loss=1.3095 val_acc=0.000
      ep13 train_loss=1.8873 train_acc=0.464 | val_loss=0.9628 val_acc=0.000
      ep14 train_loss=1.8390 train_acc=0.480 | val_loss=1.1497 val_acc=0.000
      ep15 train_loss=1.8583 train_acc=0.476 | val_loss=1.0491 val_acc=0.000
      ep16 train_loss=1.8941 train_acc=0.468 | val_loss=0.9993 val_acc=0.000
      ep17 train_loss=1.8891 train_acc=0.429 | val_loss=0.8465 val_acc=0.333
      ep18 train_loss=1.7890 train_acc=0.567 | val_loss=1.0728 val_acc=0.000
      ep19 train_loss=1.7654 train_acc=0.528 | val_loss=1.0187 val_acc=0.333
      ep20 train_loss=1.7160 train_acc=0.476 | val_loss=1.0426 val_acc=0.333
      ep21 train_loss=1.7728 train_acc=0.524 | val_loss=1.0660 val_acc=0.000
      ep22 train_loss=1.8533 train_acc=0.425 | val_loss=0.9742 val_acc=0.333
      ep23 train_loss=1.7698 train_acc=0.488 | val_loss=1.0418 val_acc=0.333
      ep24 train_loss=1.7596 train_acc=0.500 | val_loss=0.9547 val_acc=0.333
    fold acc=0.000 time=231.5s | running pooled acc=0.112

--- Fold 19/26 | test sub19 (16 test, 239 train) ---
      ep00 train_loss=3.5111 train_acc=0.109 | val_loss=2.1116 val_acc=0.062
      ep01 train_loss=2.6968 train_acc=0.176 | val_loss=1.5151 val_acc=0.375
      ep02 train_loss=2.5236 train_acc=0.188 | val_loss=1.5987 val_acc=0.375
      ep03 train_loss=2.4479 train_acc=0.243 | val_loss=1.9096 val_acc=0.125
      ep04 train_loss=2.2687 train_acc=0.343 | val_loss=1.6645 val_acc=0.188
      ep05 train_loss=2.2908 train_acc=0.331 | val_loss=1.6643 val_acc=0.250
      ep06 train_loss=2.2763 train_acc=0.310 | val_loss=1.7834 val_acc=0.125
      ep07 train_loss=2.2185 train_acc=0.322 | val_loss=1.7452 val_acc=0.125
      ep08 train_loss=2.0224 train_acc=0.372 | val_loss=1.7579 val_acc=0.188
      ep09 train_loss=2.0737 train_acc=0.418 | val_loss=1.7838 val_acc=0.188
      ep10 train_loss=2.0310 train_acc=0.372 | val_loss=2.1362 val_acc=0.125
      ep11 train_loss=1.9854 train_acc=0.406 | val_loss=1.5490 val_acc=0.312
      ep12 train_loss=1.9903 train_acc=0.452 | val_loss=1.7993 val_acc=0.188
      ep13 train_loss=1.9410 train_acc=0.444 | val_loss=1.7471 val_acc=0.125
      ep14 train_loss=1.9527 train_acc=0.435 | val_loss=1.7421 val_acc=0.188
      ep15 train_loss=1.8714 train_acc=0.423 | val_loss=1.6601 val_acc=0.250
      ep16 train_loss=1.8881 train_acc=0.502 | val_loss=1.8198 val_acc=0.125
      ep17 train_loss=1.9510 train_acc=0.439 | val_loss=1.6867 val_acc=0.062
      ep18 train_loss=1.9328 train_acc=0.439 | val_loss=1.7942 val_acc=0.062
      ep19 train_loss=1.8369 train_acc=0.506 | val_loss=1.7347 val_acc=0.062
      ep20 train_loss=1.8128 train_acc=0.552 | val_loss=1.8144 val_acc=0.062
      ep21 train_loss=1.8539 train_acc=0.477 | val_loss=1.8962 val_acc=0.062
      ep22 train_loss=1.8577 train_acc=0.473 | val_loss=1.8515 val_acc=0.062
      ep23 train_loss=1.8838 train_acc=0.502 | val_loss=1.8780 val_acc=0.062
      ep24 train_loss=1.7728 train_acc=0.431 | val_loss=1.8876 val_acc=0.062
    fold acc=0.188 time=236.9s | running pooled acc=0.119

--- Fold 20/26 | test sub20 (11 test, 244 train) ---
      ep00 train_loss=3.1533 train_acc=0.119 | val_loss=2.0779 val_acc=0.000
      ep01 train_loss=2.6594 train_acc=0.164 | val_loss=1.5616 val_acc=0.273
      ep02 train_loss=2.4499 train_acc=0.242 | val_loss=1.4561 val_acc=0.273
      ep03 train_loss=2.2227 train_acc=0.303 | val_loss=2.0041 val_acc=0.182
      ep04 train_loss=2.2441 train_acc=0.287 | val_loss=1.6199 val_acc=0.091
      ep05 train_loss=2.2108 train_acc=0.361 | val_loss=2.0877 val_acc=0.000
      ep06 train_loss=2.1599 train_acc=0.320 | val_loss=2.6195 val_acc=0.000
      ep07 train_loss=2.0984 train_acc=0.414 | val_loss=1.6783 val_acc=0.091
      ep08 train_loss=2.0105 train_acc=0.414 | val_loss=2.2251 val_acc=0.000
      ep09 train_loss=1.9958 train_acc=0.406 | val_loss=2.1130 val_acc=0.000
      ep10 train_loss=1.9013 train_acc=0.439 | val_loss=1.8051 val_acc=0.091
      ep11 train_loss=1.9513 train_acc=0.463 | val_loss=1.8373 val_acc=0.091
      ep12 train_loss=1.8974 train_acc=0.467 | val_loss=2.1571 val_acc=0.000
      ep13 train_loss=1.8862 train_acc=0.488 | val_loss=1.9033 val_acc=0.091
      ep14 train_loss=1.8542 train_acc=0.463 | val_loss=1.7241 val_acc=0.091
      ep15 train_loss=1.7583 train_acc=0.537 | val_loss=1.9394 val_acc=0.091
      ep16 train_loss=1.8021 train_acc=0.488 | val_loss=1.8033 val_acc=0.000
      ep17 train_loss=1.7895 train_acc=0.533 | val_loss=1.6865 val_acc=0.000
      ep18 train_loss=1.7718 train_acc=0.516 | val_loss=1.5995 val_acc=0.000
      ep19 train_loss=1.7956 train_acc=0.512 | val_loss=1.5560 val_acc=0.182
      ep20 train_loss=1.6780 train_acc=0.570 | val_loss=1.5749 val_acc=0.091
      ep21 train_loss=1.7760 train_acc=0.471 | val_loss=1.5331 val_acc=0.091
      ep22 train_loss=1.7113 train_acc=0.553 | val_loss=1.5833 val_acc=0.000
      ep23 train_loss=1.7745 train_acc=0.525 | val_loss=1.6313 val_acc=0.091
      ep24 train_loss=1.7575 train_acc=0.525 | val_loss=1.6739 val_acc=0.000
    fold acc=0.000 time=234.3s | running pooled acc=0.112

--- Fold 21/26 | test sub21 (2 test, 253 train) ---
      ep00 train_loss=3.2422 train_acc=0.091 | val_loss=1.8968 val_acc=0.000
      ep01 train_loss=2.7478 train_acc=0.142 | val_loss=1.7030 val_acc=0.000
      ep02 train_loss=2.4757 train_acc=0.194 | val_loss=2.0598 val_acc=0.000
      ep03 train_loss=2.3378 train_acc=0.273 | val_loss=2.2643 val_acc=0.000
      ep04 train_loss=2.2878 train_acc=0.292 | val_loss=1.9048 val_acc=0.000
      ep05 train_loss=2.2945 train_acc=0.308 | val_loss=1.5052 val_acc=0.000
      ep06 train_loss=2.2075 train_acc=0.273 | val_loss=2.3775 val_acc=0.000
      ep07 train_loss=2.1353 train_acc=0.383 | val_loss=3.3758 val_acc=0.000
      ep08 train_loss=2.0612 train_acc=0.308 | val_loss=2.3089 val_acc=0.000
      ep09 train_loss=2.0281 train_acc=0.439 | val_loss=2.6571 val_acc=0.000
      ep10 train_loss=1.8900 train_acc=0.423 | val_loss=2.4979 val_acc=0.000
      ep11 train_loss=1.9264 train_acc=0.466 | val_loss=2.5775 val_acc=0.000
      ep12 train_loss=1.9447 train_acc=0.411 | val_loss=1.9038 val_acc=0.000
      ep13 train_loss=1.9494 train_acc=0.423 | val_loss=2.0814 val_acc=0.000
      ep14 train_loss=1.8314 train_acc=0.431 | val_loss=2.1934 val_acc=0.000
      ep15 train_loss=1.9049 train_acc=0.478 | val_loss=2.2422 val_acc=0.000
      ep16 train_loss=1.8755 train_acc=0.423 | val_loss=2.4981 val_acc=0.000
      ep17 train_loss=1.8291 train_acc=0.478 | val_loss=2.6236 val_acc=0.000
      ep18 train_loss=1.8022 train_acc=0.506 | val_loss=2.4724 val_acc=0.000
      ep19 train_loss=1.8227 train_acc=0.451 | val_loss=2.3688 val_acc=0.000
      ep20 train_loss=1.8277 train_acc=0.443 | val_loss=2.6678 val_acc=0.000
      ep21 train_loss=1.8016 train_acc=0.514 | val_loss=2.3668 val_acc=0.000
      ep22 train_loss=1.7921 train_acc=0.494 | val_loss=2.5910 val_acc=0.000
      ep23 train_loss=1.7631 train_acc=0.538 | val_loss=2.2338 val_acc=0.000
      ep24 train_loss=1.8387 train_acc=0.506 | val_loss=2.5550 val_acc=0.000
    fold acc=0.000 time=248.9s | running pooled acc=0.111

--- Fold 22/26 | test sub22 (2 test, 253 train) ---
      ep00 train_loss=3.2586 train_acc=0.091 | val_loss=1.5168 val_acc=0.000
      ep01 train_loss=2.6962 train_acc=0.174 | val_loss=1.5652 val_acc=0.000
      ep02 train_loss=2.5076 train_acc=0.182 | val_loss=1.7543 val_acc=0.000
      ep03 train_loss=2.2789 train_acc=0.257 | val_loss=2.4697 val_acc=0.000
      ep04 train_loss=2.3463 train_acc=0.300 | val_loss=0.1816 val_acc=1.000
      ep05 train_loss=2.3037 train_acc=0.289 | val_loss=1.5411 val_acc=0.000
      ep06 train_loss=2.2606 train_acc=0.296 | val_loss=0.1181 val_acc=1.000
      ep07 train_loss=2.1374 train_acc=0.356 | val_loss=0.2007 val_acc=1.000
      ep08 train_loss=2.0546 train_acc=0.336 | val_loss=0.7687 val_acc=1.000
      ep09 train_loss=2.0430 train_acc=0.439 | val_loss=0.2389 val_acc=1.000
      ep10 train_loss=1.9544 train_acc=0.368 | val_loss=0.2317 val_acc=1.000
      ep11 train_loss=1.9542 train_acc=0.470 | val_loss=0.5750 val_acc=1.000
      ep12 train_loss=1.9303 train_acc=0.399 | val_loss=0.2885 val_acc=1.000
      ep13 train_loss=1.9585 train_acc=0.439 | val_loss=1.1849 val_acc=0.000
      ep14 train_loss=1.8592 train_acc=0.411 | val_loss=0.4040 val_acc=1.000
      ep15 train_loss=1.8691 train_acc=0.486 | val_loss=0.7539 val_acc=0.500
      ep16 train_loss=1.8787 train_acc=0.431 | val_loss=0.4590 val_acc=1.000
      ep17 train_loss=1.8431 train_acc=0.451 | val_loss=0.5012 val_acc=1.000
      ep18 train_loss=1.8257 train_acc=0.466 | val_loss=0.3777 val_acc=1.000
      ep19 train_loss=1.8398 train_acc=0.451 | val_loss=0.5125 val_acc=1.000
      ep20 train_loss=1.8297 train_acc=0.431 | val_loss=0.8476 val_acc=1.000
      ep21 train_loss=1.8126 train_acc=0.482 | val_loss=0.5406 val_acc=1.000
      ep22 train_loss=1.8006 train_acc=0.474 | val_loss=0.6366 val_acc=1.000
      ep23 train_loss=1.7993 train_acc=0.502 | val_loss=0.8822 val_acc=1.000
      ep24 train_loss=1.8525 train_acc=0.498 | val_loss=0.7933 val_acc=1.000
    fold acc=0.000 time=247.8s | running pooled acc=0.110

--- Fold 23/26 | test sub23 (12 test, 243 train) ---
      ep00 train_loss=3.3009 train_acc=0.119 | val_loss=1.8488 val_acc=0.083
      ep01 train_loss=2.6805 train_acc=0.173 | val_loss=1.3334 val_acc=0.500
      ep02 train_loss=2.5047 train_acc=0.222 | val_loss=1.1913 val_acc=0.583
      ep03 train_loss=2.4158 train_acc=0.263 | val_loss=1.6442 val_acc=0.333
      ep04 train_loss=2.2668 train_acc=0.321 | val_loss=1.3182 val_acc=0.583
      ep05 train_loss=2.2064 train_acc=0.358 | val_loss=1.5370 val_acc=0.083
      ep06 train_loss=2.2155 train_acc=0.333 | val_loss=1.4110 val_acc=0.250
      ep07 train_loss=2.1352 train_acc=0.329 | val_loss=1.3639 val_acc=0.333
      ep08 train_loss=2.0515 train_acc=0.416 | val_loss=1.7105 val_acc=0.333
      ep09 train_loss=2.0009 train_acc=0.444 | val_loss=2.2484 val_acc=0.250
      ep10 train_loss=1.9119 train_acc=0.412 | val_loss=1.6203 val_acc=0.167
      ep11 train_loss=1.9318 train_acc=0.407 | val_loss=1.4621 val_acc=0.250
      ep12 train_loss=1.8940 train_acc=0.502 | val_loss=1.8545 val_acc=0.250
      ep13 train_loss=1.7818 train_acc=0.531 | val_loss=1.5265 val_acc=0.333
      ep14 train_loss=1.8543 train_acc=0.403 | val_loss=1.4858 val_acc=0.250
      ep15 train_loss=1.7833 train_acc=0.494 | val_loss=1.4537 val_acc=0.333
      ep16 train_loss=1.7993 train_acc=0.469 | val_loss=1.6626 val_acc=0.250
      ep17 train_loss=1.8321 train_acc=0.494 | val_loss=1.5506 val_acc=0.250
      ep18 train_loss=1.7565 train_acc=0.539 | val_loss=1.5932 val_acc=0.250
      ep19 train_loss=1.8236 train_acc=0.461 | val_loss=1.5539 val_acc=0.250
      ep20 train_loss=1.7522 train_acc=0.461 | val_loss=1.5062 val_acc=0.333
      ep21 train_loss=1.8141 train_acc=0.490 | val_loss=1.5746 val_acc=0.250
      ep22 train_loss=1.6865 train_acc=0.564 | val_loss=1.5102 val_acc=0.250
      ep23 train_loss=1.7973 train_acc=0.461 | val_loss=1.5832 val_acc=0.250
      ep24 train_loss=1.7183 train_acc=0.568 | val_loss=1.5653 val_acc=0.250
    fold acc=0.167 time=243.1s | running pooled acc=0.113

--- Fold 24/26 | test sub24 (10 test, 245 train) ---
      ep00 train_loss=3.3567 train_acc=0.078 | val_loss=2.1133 val_acc=0.000
      ep01 train_loss=2.6373 train_acc=0.188 | val_loss=2.1039 val_acc=0.000
      ep02 train_loss=2.5014 train_acc=0.188 | val_loss=1.6539 val_acc=0.100
      ep03 train_loss=2.4333 train_acc=0.261 | val_loss=1.9627 val_acc=0.100
      ep04 train_loss=2.3355 train_acc=0.306 | val_loss=2.0213 val_acc=0.000
      ep05 train_loss=2.2059 train_acc=0.298 | val_loss=2.0025 val_acc=0.000
      ep06 train_loss=2.1089 train_acc=0.376 | val_loss=1.8840 val_acc=0.100
      ep07 train_loss=2.1338 train_acc=0.339 | val_loss=1.9127 val_acc=0.100
      ep08 train_loss=2.0972 train_acc=0.416 | val_loss=1.8058 val_acc=0.100
      ep09 train_loss=2.0560 train_acc=0.441 | val_loss=1.6935 val_acc=0.300
      ep10 train_loss=2.0087 train_acc=0.412 | val_loss=1.8229 val_acc=0.300
      ep11 train_loss=1.9179 train_acc=0.424 | val_loss=1.5421 val_acc=0.500
      ep12 train_loss=1.8735 train_acc=0.482 | val_loss=1.9011 val_acc=0.000
      ep13 train_loss=1.9045 train_acc=0.441 | val_loss=1.7456 val_acc=0.100
      ep14 train_loss=1.8671 train_acc=0.498 | val_loss=1.5894 val_acc=0.100
      ep15 train_loss=1.7867 train_acc=0.473 | val_loss=1.6163 val_acc=0.200
      ep16 train_loss=1.8658 train_acc=0.416 | val_loss=1.8673 val_acc=0.000
      ep17 train_loss=1.8054 train_acc=0.473 | val_loss=1.7889 val_acc=0.100
      ep18 train_loss=1.8130 train_acc=0.465 | val_loss=1.6947 val_acc=0.100
      ep19 train_loss=1.8325 train_acc=0.498 | val_loss=1.6895 val_acc=0.100
      ep20 train_loss=1.7861 train_acc=0.506 | val_loss=1.6840 val_acc=0.100
      ep21 train_loss=1.8764 train_acc=0.469 | val_loss=1.8042 val_acc=0.100
      ep22 train_loss=1.8498 train_acc=0.555 | val_loss=1.7394 val_acc=0.100
      ep23 train_loss=1.8040 train_acc=0.465 | val_loss=1.7972 val_acc=0.100
      ep24 train_loss=1.7817 train_acc=0.531 | val_loss=1.7522 val_acc=0.100
    fold acc=0.100 time=233.8s | running pooled acc=0.113

--- Fold 25/26 | test sub25 (7 test, 248 train) ---
      ep00 train_loss=3.2055 train_acc=0.149 | val_loss=2.0822 val_acc=0.000
      ep01 train_loss=2.7143 train_acc=0.185 | val_loss=2.0439 val_acc=0.000
      ep02 train_loss=2.5451 train_acc=0.181 | val_loss=1.7131 val_acc=0.143
      ep03 train_loss=2.3548 train_acc=0.254 | val_loss=1.5399 val_acc=0.286
      ep04 train_loss=2.2422 train_acc=0.327 | val_loss=1.8571 val_acc=0.286
      ep05 train_loss=2.2494 train_acc=0.282 | val_loss=1.9945 val_acc=0.000
      ep06 train_loss=2.1425 train_acc=0.371 | val_loss=1.7962 val_acc=0.000
      ep07 train_loss=2.0923 train_acc=0.391 | val_loss=1.6800 val_acc=0.000
      ep08 train_loss=1.9805 train_acc=0.407 | val_loss=1.8061 val_acc=0.143
      ep09 train_loss=2.0066 train_acc=0.423 | val_loss=1.9403 val_acc=0.000
      ep10 train_loss=1.9214 train_acc=0.419 | val_loss=2.0631 val_acc=0.000
      ep11 train_loss=1.8694 train_acc=0.440 | val_loss=2.1433 val_acc=0.000
      ep12 train_loss=1.9382 train_acc=0.460 | val_loss=2.2243 val_acc=0.000
      ep13 train_loss=1.8513 train_acc=0.488 | val_loss=2.0339 val_acc=0.000
      ep14 train_loss=1.8800 train_acc=0.464 | val_loss=1.9894 val_acc=0.143
      ep15 train_loss=1.8299 train_acc=0.476 | val_loss=1.9803 val_acc=0.000
      ep16 train_loss=1.8169 train_acc=0.484 | val_loss=2.0253 val_acc=0.000
      ep17 train_loss=1.8169 train_acc=0.484 | val_loss=1.8009 val_acc=0.143
      ep18 train_loss=1.7546 train_acc=0.476 | val_loss=1.8848 val_acc=0.000
      ep19 train_loss=1.7387 train_acc=0.548 | val_loss=2.0879 val_acc=0.000
      ep20 train_loss=1.7704 train_acc=0.488 | val_loss=1.9273 val_acc=0.000
      ep21 train_loss=1.7489 train_acc=0.468 | val_loss=2.0045 val_acc=0.000
      ep22 train_loss=1.7186 train_acc=0.504 | val_loss=1.9618 val_acc=0.143
      ep23 train_loss=1.7510 train_acc=0.488 | val_loss=1.9139 val_acc=0.143
      ep24 train_loss=1.7409 train_acc=0.488 | val_loss=2.0099 val_acc=0.000
    fold acc=0.000 time=231.2s | running pooled acc=0.109

--- Fold 26/26 | test sub26 (17 test, 238 train) ---
      ep00 train_loss=3.3083 train_acc=0.109 | val_loss=1.8790 val_acc=0.059
      ep01 train_loss=2.6554 train_acc=0.181 | val_loss=1.7694 val_acc=0.118
      ep02 train_loss=2.5579 train_acc=0.197 | val_loss=1.6488 val_acc=0.000
      ep03 train_loss=2.3430 train_acc=0.244 | val_loss=1.6213 val_acc=0.118
      ep04 train_loss=2.2987 train_acc=0.311 | val_loss=1.6363 val_acc=0.059
      ep05 train_loss=2.1977 train_acc=0.353 | val_loss=1.7000 val_acc=0.176
      ep06 train_loss=2.0799 train_acc=0.361 | val_loss=1.8218 val_acc=0.059
      ep07 train_loss=2.0781 train_acc=0.361 | val_loss=1.6100 val_acc=0.294
      ep08 train_loss=1.9287 train_acc=0.433 | val_loss=1.8402 val_acc=0.059
      ep09 train_loss=2.0059 train_acc=0.391 | val_loss=2.0856 val_acc=0.059
      ep10 train_loss=2.0261 train_acc=0.416 | val_loss=1.5855 val_acc=0.176
      ep11 train_loss=1.8562 train_acc=0.462 | val_loss=1.7557 val_acc=0.176
      ep12 train_loss=1.8569 train_acc=0.479 | val_loss=1.5974 val_acc=0.176
      ep13 train_loss=1.7577 train_acc=0.492 | val_loss=1.4957 val_acc=0.294
      ep14 train_loss=1.7993 train_acc=0.504 | val_loss=1.4426 val_acc=0.353
      ep15 train_loss=1.8068 train_acc=0.483 | val_loss=1.4598 val_acc=0.353
      ep16 train_loss=1.8212 train_acc=0.521 | val_loss=1.4821 val_acc=0.176
      ep17 train_loss=1.7279 train_acc=0.471 | val_loss=1.5178 val_acc=0.176
      ep18 train_loss=1.7781 train_acc=0.508 | val_loss=1.5127 val_acc=0.353
      ep19 train_loss=1.8588 train_acc=0.538 | val_loss=1.5921 val_acc=0.118
      ep20 train_loss=1.7494 train_acc=0.546 | val_loss=1.5877 val_acc=0.059
      ep21 train_loss=1.7510 train_acc=0.508 | val_loss=1.6152 val_acc=0.118
      ep22 train_loss=1.7666 train_acc=0.555 | val_loss=1.5442 val_acc=0.118
      ep23 train_loss=1.7223 train_acc=0.538 | val_loss=1.5431 val_acc=0.118
      ep24 train_loss=1.7637 train_acc=0.479 | val_loss=1.5638 val_acc=0.118
    fold acc=0.059 time=232.5s | running pooled acc=0.106

=== FINAL (pooled LOSO) ===
UF1 = 0.2019
UAR = 0.2919
ACC = 0.1059
per-class F1: obj1=0.324, obj2=0.273, obj3=0.000, obj4=0.333, obj5=0.343, obj6=0.010, obj7=0.130
per-class recall: obj1=0.240, obj2=0.200, obj3=0.000, obj4=0.231, obj5=0.300, obj6=1.000, obj7=0.072
confusion matrix (rows=true):
          obj1   obj2   obj3   obj4   obj5   obj6   obj7
   obj1      6      0      0      1      0     16      2
   obj2      0      3      0      0      6      6      0
   obj3      0      0      0      2      0     97      0
   obj4      1      0      1      6      0     18      0
   obj5      0      4      0      0      6      9      1
   obj6      0      0      0      0      0      1      0
   obj7      5      0      0      1      3     55      5

saved to D:\AI-Projects\casmeII-new-from-sequence-model\experiments\iter_11_objective
elapsed 6042.7s
