=== PROTOCOL V2 iter_65_r3d_es_leaky_diag_s42_v2_dev_p5 ===
time: 2026-08-03T12:06:34.256931 | role: dev
device: cuda (NVIDIA GeForce RTX 3060)
platform: Windows-10-10.0.26200-SP0 | torch 2.6.0+cu124
loading 246 cached arrays
fixed split loaded: 21 development subjects, 5 sealed audit subjects
fold 1/4: 16 train subjects / 5 validation subjects; 148 train / 44 validation samples
      [early-stop] !! LEAKY MODE: stopping epoch is chosen on the evaluation fold. Diagnostic only -- not a valid result.
      ep00 train_loss=1.7012 train_acc=0.277 | val_loss=1.2792 val_acc=0.523 | check=0.4984 best=0.4984@ep00 bad=0
      ep01 train_loss=1.2350 train_acc=0.527 | val_loss=1.0673 val_acc=0.614 | check=0.6065 best=0.6065@ep01 bad=0
      ep02 train_loss=1.1006 train_acc=0.669 | val_loss=1.1711 val_acc=0.500 | check=0.5304 best=0.6065@ep01 bad=1
      ep03 train_loss=1.0711 train_acc=0.682 | val_loss=1.3126 val_acc=0.523 | check=0.5561 best=0.6065@ep01 bad=2
      ep04 train_loss=0.9003 train_acc=0.777 | val_loss=1.0148 val_acc=0.659 | check=0.6478 best=0.6478@ep04 bad=0
      ep05 train_loss=0.8751 train_acc=0.811 | val_loss=0.9978 val_acc=0.705 | check=0.6991 best=0.6991@ep05 bad=0
      ep06 train_loss=0.8881 train_acc=0.824 | val_loss=0.9887 val_acc=0.591 | check=0.5788 best=0.6991@ep05 bad=1
      ep07 train_loss=0.8923 train_acc=0.818 | val_loss=0.9114 val_acc=0.682 | check=0.6490 best=0.6991@ep05 bad=2
      ep08 train_loss=0.7925 train_acc=0.899 | val_loss=1.0866 val_acc=0.568 | check=0.5568 best=0.6991@ep05 bad=3
      ep09 train_loss=0.7850 train_acc=0.865 | val_loss=0.8467 val_acc=0.705 | check=0.6809 best=0.6991@ep05 bad=4
      ep10 train_loss=0.8172 train_acc=0.892 | val_loss=0.8556 val_acc=0.659 | check=0.6110 best=0.6991@ep05 bad=5
      ep11 train_loss=0.7909 train_acc=0.885 | val_loss=0.9303 val_acc=0.659 | check=0.6507 best=0.6991@ep05 bad=6
      ep12 train_loss=0.8150 train_acc=0.905 | val_loss=1.1271 val_acc=0.545 | check=0.4693 best=0.6991@ep05 bad=7
      ep13 train_loss=0.7659 train_acc=0.905 | val_loss=0.9807 val_acc=0.773 | check=0.7511 best=0.7511@ep13 bad=0
      ep14 train_loss=0.7706 train_acc=0.865 | val_loss=0.9850 val_acc=0.682 | check=0.6256 best=0.7511@ep13 bad=1
      ep15 train_loss=0.7939 train_acc=0.905 | val_loss=1.1385 val_acc=0.614 | check=0.5786 best=0.7511@ep13 bad=2
      ep16 train_loss=0.7319 train_acc=0.946 | val_loss=0.8971 val_acc=0.682 | check=0.6689 best=0.7511@ep13 bad=3
      ep17 train_loss=0.7749 train_acc=0.892 | val_loss=0.8665 val_acc=0.705 | check=0.6492 best=0.7511@ep13 bad=4
      ep18 train_loss=0.6860 train_acc=0.973 | val_loss=0.9168 val_acc=0.727 | check=0.7182 best=0.7511@ep13 bad=5
      ep19 train_loss=0.7007 train_acc=0.939 | val_loss=0.9179 val_acc=0.682 | check=0.6950 best=0.7511@ep13 bad=6
      ep20 train_loss=0.6937 train_acc=0.959 | val_loss=0.8246 val_acc=0.727 | check=0.7188 best=0.7511@ep13 bad=7
      ep21 train_loss=0.7164 train_acc=0.946 | val_loss=0.8344 val_acc=0.750 | check=0.7353 best=0.7511@ep13 bad=8
      ep22 train_loss=0.6535 train_acc=0.973 | val_loss=0.9631 val_acc=0.659 | check=0.6580 best=0.7511@ep13 bad=9
      ep23 train_loss=0.6773 train_acc=0.986 | val_loss=0.8763 val_acc=0.750 | check=0.7708 best=0.7708@ep23 bad=0
      ep24 train_loss=0.6976 train_acc=0.946 | val_loss=0.9358 val_acc=0.682 | check=0.6718 best=0.7708@ep23 bad=1
      ep25 train_loss=0.6659 train_acc=0.953 | val_loss=0.8616 val_acc=0.750 | check=0.7358 best=0.7708@ep23 bad=2
      ep26 train_loss=0.6353 train_acc=0.973 | val_loss=0.8996 val_acc=0.682 | check=0.7029 best=0.7708@ep23 bad=3
      ep27 train_loss=0.6593 train_acc=0.993 | val_loss=0.9227 val_acc=0.705 | check=0.7171 best=0.7708@ep23 bad=4
      ep28 train_loss=0.7205 train_acc=0.926 | val_loss=0.9974 val_acc=0.614 | check=0.6114 best=0.7708@ep23 bad=5
      ep29 train_loss=0.6928 train_acc=0.966 | val_loss=0.9654 val_acc=0.568 | check=0.5223 best=0.7708@ep23 bad=6
      ep30 train_loss=0.6664 train_acc=0.986 | val_loss=0.9194 val_acc=0.614 | check=0.6038 best=0.7708@ep23 bad=7
      ep31 train_loss=0.6568 train_acc=0.980 | val_loss=0.9100 val_acc=0.636 | check=0.6321 best=0.7708@ep23 bad=8
      ep32 train_loss=0.6439 train_acc=0.980 | val_loss=0.8877 val_acc=0.705 | check=0.6739 best=0.7708@ep23 bad=9
      ep33 train_loss=0.6671 train_acc=0.993 | val_loss=0.8939 val_acc=0.750 | check=0.7402 best=0.7708@ep23 bad=10
      [early-stop] stopped at epoch 33; restoring epoch 23 (check=0.7708)
      saved re-evaluation checkpoint fold1_ep23.pt
      [early-stop] selected epoch 23 (check=0.7708) out of 34 run
fold result: UF1=0.7866 UAR=0.7861 ACC=0.7727
fold 2/4: 16 train subjects / 5 validation subjects; 141 train / 51 validation samples
      [early-stop] !! LEAKY MODE: stopping epoch is chosen on the evaluation fold. Diagnostic only -- not a valid result.
      ep00 train_loss=1.5829 train_acc=0.355 | val_loss=1.3731 val_acc=0.412 | check=0.2840 best=0.2840@ep00 bad=0
      ep01 train_loss=1.1869 train_acc=0.489 | val_loss=1.3863 val_acc=0.412 | check=0.3617 best=0.3617@ep01 bad=0
      ep02 train_loss=0.9880 train_acc=0.667 | val_loss=1.4180 val_acc=0.431 | check=0.3676 best=0.3676@ep02 bad=0
      ep03 train_loss=0.9664 train_acc=0.730 | val_loss=1.4706 val_acc=0.510 | check=0.4714 best=0.4714@ep03 bad=0
      ep04 train_loss=0.8822 train_acc=0.816 | val_loss=1.5299 val_acc=0.431 | check=0.3775 best=0.4714@ep03 bad=1
      ep05 train_loss=0.8033 train_acc=0.823 | val_loss=1.5703 val_acc=0.471 | check=0.4738 best=0.4738@ep05 bad=0
      ep06 train_loss=0.7451 train_acc=0.879 | val_loss=1.6084 val_acc=0.451 | check=0.4215 best=0.4738@ep05 bad=1
      ep07 train_loss=0.7486 train_acc=0.887 | val_loss=1.7347 val_acc=0.373 | check=0.3588 best=0.4738@ep05 bad=2
      ep08 train_loss=0.7265 train_acc=0.887 | val_loss=1.5979 val_acc=0.451 | check=0.4099 best=0.4738@ep05 bad=3
      ep09 train_loss=0.7251 train_acc=0.894 | val_loss=1.6383 val_acc=0.471 | check=0.4280 best=0.4738@ep05 bad=4
      ep10 train_loss=0.6988 train_acc=0.915 | val_loss=1.5204 val_acc=0.569 | check=0.5415 best=0.5415@ep10 bad=0
      ep11 train_loss=0.7350 train_acc=0.915 | val_loss=1.6897 val_acc=0.431 | check=0.4343 best=0.5415@ep10 bad=1
      ep12 train_loss=0.6637 train_acc=0.915 | val_loss=1.6447 val_acc=0.471 | check=0.4471 best=0.5415@ep10 bad=2
      ep13 train_loss=0.6634 train_acc=0.957 | val_loss=1.5292 val_acc=0.451 | check=0.4186 best=0.5415@ep10 bad=3
      ep14 train_loss=0.6581 train_acc=0.943 | val_loss=1.3905 val_acc=0.510 | check=0.4658 best=0.5415@ep10 bad=4
      ep15 train_loss=0.7810 train_acc=0.872 | val_loss=1.4327 val_acc=0.529 | check=0.4862 best=0.5415@ep10 bad=5
      ep16 train_loss=0.6654 train_acc=0.965 | val_loss=1.5014 val_acc=0.471 | check=0.4439 best=0.5415@ep10 bad=6
      ep17 train_loss=0.6029 train_acc=0.965 | val_loss=1.5664 val_acc=0.529 | check=0.4952 best=0.5415@ep10 bad=7
      ep18 train_loss=0.6465 train_acc=0.986 | val_loss=1.5827 val_acc=0.529 | check=0.4829 best=0.5415@ep10 bad=8
      ep19 train_loss=0.6536 train_acc=0.957 | val_loss=1.4425 val_acc=0.490 | check=0.3741 best=0.5415@ep10 bad=9
      ep20 train_loss=0.6633 train_acc=0.936 | val_loss=1.4306 val_acc=0.490 | check=0.3907 best=0.5415@ep10 bad=10
      [early-stop] stopped at epoch 20; restoring epoch 10 (check=0.5415)
      saved re-evaluation checkpoint fold2_ep10.pt
      [early-stop] selected epoch 10 (check=0.5415) out of 21 run
fold result: UF1=0.5156 UAR=0.4967 ACC=0.5294
fold 3/4: 15 train subjects / 6 validation subjects; 143 train / 49 validation samples
      [early-stop] !! LEAKY MODE: stopping epoch is chosen on the evaluation fold. Diagnostic only -- not a valid result.
      ep00 train_loss=1.7013 train_acc=0.308 | val_loss=1.4003 val_acc=0.469 | check=0.3891 best=0.3891@ep00 bad=0
      ep01 train_loss=1.2762 train_acc=0.601 | val_loss=1.1443 val_acc=0.490 | check=0.5156 best=0.5156@ep01 bad=0
      ep02 train_loss=1.1241 train_acc=0.678 | val_loss=1.4508 val_acc=0.408 | check=0.3896 best=0.5156@ep01 bad=1
      ep03 train_loss=1.0332 train_acc=0.720 | val_loss=1.1450 val_acc=0.551 | check=0.5590 best=0.5590@ep03 bad=0
      ep04 train_loss=0.8680 train_acc=0.783 | val_loss=1.1673 val_acc=0.571 | check=0.5647 best=0.5647@ep04 bad=0
      ep05 train_loss=0.8503 train_acc=0.818 | val_loss=1.2065 val_acc=0.531 | check=0.5351 best=0.5647@ep04 bad=1
      ep06 train_loss=0.8631 train_acc=0.860 | val_loss=1.2895 val_acc=0.531 | check=0.4738 best=0.5647@ep04 bad=2
      ep07 train_loss=0.7818 train_acc=0.902 | val_loss=1.2312 val_acc=0.531 | check=0.5103 best=0.5647@ep04 bad=3
      ep08 train_loss=0.7459 train_acc=0.909 | val_loss=1.2114 val_acc=0.531 | check=0.5192 best=0.5647@ep04 bad=4
      ep09 train_loss=0.7473 train_acc=0.930 | val_loss=1.1854 val_acc=0.510 | check=0.5022 best=0.5647@ep04 bad=5
      ep10 train_loss=0.6975 train_acc=0.944 | val_loss=1.1243 val_acc=0.633 | check=0.6324 best=0.6324@ep10 bad=0
      ep11 train_loss=0.7169 train_acc=0.916 | val_loss=1.1247 val_acc=0.571 | check=0.5686 best=0.6324@ep10 bad=1
      ep12 train_loss=0.7342 train_acc=0.944 | val_loss=1.3468 val_acc=0.490 | check=0.4943 best=0.6324@ep10 bad=2
      ep13 train_loss=0.7840 train_acc=0.923 | val_loss=1.0957 val_acc=0.633 | check=0.6165 best=0.6324@ep10 bad=3
      ep14 train_loss=0.8145 train_acc=0.874 | val_loss=1.4261 val_acc=0.510 | check=0.5560 best=0.6324@ep10 bad=4
      ep15 train_loss=0.7283 train_acc=0.930 | val_loss=1.2957 val_acc=0.490 | check=0.4906 best=0.6324@ep10 bad=5
      ep16 train_loss=0.7370 train_acc=0.909 | val_loss=1.2561 val_acc=0.551 | check=0.5063 best=0.6324@ep10 bad=6
      ep17 train_loss=0.7166 train_acc=0.944 | val_loss=1.3607 val_acc=0.469 | check=0.4269 best=0.6324@ep10 bad=7
      ep18 train_loss=0.6974 train_acc=0.937 | val_loss=1.2431 val_acc=0.490 | check=0.4962 best=0.6324@ep10 bad=8
      ep19 train_loss=0.7041 train_acc=0.958 | val_loss=1.1856 val_acc=0.551 | check=0.5581 best=0.6324@ep10 bad=9
      ep20 train_loss=0.6711 train_acc=0.951 | val_loss=1.1670 val_acc=0.551 | check=0.4937 best=0.6324@ep10 bad=10
      [early-stop] stopped at epoch 20; restoring epoch 10 (check=0.6324)
      saved re-evaluation checkpoint fold3_ep10.pt
      [early-stop] selected epoch 10 (check=0.6324) out of 21 run
fold result: UF1=0.6533 UAR=0.7154 ACC=0.6531
fold 4/4: 16 train subjects / 5 validation subjects; 144 train / 48 validation samples
      [early-stop] !! LEAKY MODE: stopping epoch is chosen on the evaluation fold. Diagnostic only -- not a valid result.
      ep00 train_loss=1.7895 train_acc=0.312 | val_loss=1.5535 val_acc=0.292 | check=0.1300 best=0.1300@ep00 bad=0
      ep01 train_loss=1.3953 train_acc=0.458 | val_loss=1.2320 val_acc=0.458 | check=0.4517 best=0.4517@ep01 bad=0
      ep02 train_loss=1.2063 train_acc=0.528 | val_loss=0.9402 val_acc=0.604 | check=0.6470 best=0.6470@ep02 bad=0
      ep03 train_loss=1.0849 train_acc=0.694 | val_loss=0.9648 val_acc=0.625 | check=0.6111 best=0.6470@ep02 bad=1
      ep04 train_loss=1.0822 train_acc=0.660 | val_loss=0.8736 val_acc=0.729 | check=0.7407 best=0.7407@ep04 bad=0
      ep05 train_loss=0.9897 train_acc=0.715 | val_loss=0.9703 val_acc=0.542 | check=0.5769 best=0.7407@ep04 bad=1
      ep06 train_loss=0.8584 train_acc=0.806 | val_loss=0.9834 val_acc=0.562 | check=0.6313 best=0.7407@ep04 bad=2
      ep07 train_loss=0.8231 train_acc=0.868 | val_loss=0.9898 val_acc=0.667 | check=0.6795 best=0.7407@ep04 bad=3
      ep08 train_loss=0.7569 train_acc=0.882 | val_loss=0.8967 val_acc=0.708 | check=0.7053 best=0.7407@ep04 bad=4
      ep09 train_loss=0.8179 train_acc=0.875 | val_loss=0.8030 val_acc=0.708 | check=0.6787 best=0.7407@ep04 bad=5
      ep10 train_loss=0.7699 train_acc=0.868 | val_loss=0.8963 val_acc=0.708 | check=0.7154 best=0.7407@ep04 bad=6
      ep11 train_loss=0.7739 train_acc=0.889 | val_loss=0.9467 val_acc=0.646 | check=0.6304 best=0.7407@ep04 bad=7
      ep12 train_loss=0.7321 train_acc=0.924 | val_loss=0.8065 val_acc=0.667 | check=0.6086 best=0.7407@ep04 bad=8
      ep13 train_loss=0.7462 train_acc=0.882 | val_loss=0.8429 val_acc=0.708 | check=0.7144 best=0.7407@ep04 bad=9
      ep14 train_loss=0.7894 train_acc=0.903 | val_loss=0.6946 val_acc=0.708 | check=0.7110 best=0.7407@ep04 bad=10
      [early-stop] stopped at epoch 14; restoring epoch 4 (check=0.7407)
      saved re-evaluation checkpoint fold4_ep04.pt
      [early-stop] selected epoch 4 (check=0.7407) out of 15 run
fold result: UF1=0.7347 UAR=0.7846 ACC=0.7083
FINAL dev: UF1=0.6742 UAR=0.7245 ACC=0.6615
saved reproducible artifacts to D:\AI-Projects\casmeII-new-from-sequence-model\experiments\protocol_v2\iter_65_r3d_es_leaky_diag_s42_v2_dev_p5 in 809.6s
