=== EXPERIMENT iter_28_seqflow ===
time: 2026-07-17T03:52:44.140831
device: cuda (NVIDIA GeForce RTX 3060)
platform: Windows-10-10.0.26200-SP0 | torch 2.6.0+cu124
config:
{
  "seed": 42,
  "T": 16,
  "img_size": 128,
  "base_size": 144,
  "input_mode": "rgb",
  "backbone": "r3d_18",
  "pretrained": true,
  "dropout": 0.5,
  "epochs": 25,
  "lr": 0.0001,
  "weight_decay": 0.001,
  "batch_size": 6,
  "class_weighting": true,
  "label_smoothing": 0.1,
  "hflip": true,
  "color_jitter": 0.0,
  "temporal_jitter": true,
  "amp": true,
  "eval_last_k": 3,
  "tta": 5,
  "cache_dir": "cache/flow144_seq",
  "index": "cache/index_emotion.csv",
  "class_names": [
    "happiness",
    "disgust",
    "repression",
    "surprise",
    "others"
  ],
  "name": "iter_28_r3d_seqflow",
  "modality": "flow",
  "temporal_span": "onset_offset",
  "flow_clip": 3.0,
  "ema": 0.998,
  "ema_start_epoch": 5
}
samples: 246 | classes: 5 ['happiness', 'disgust', 'repression', 'surprise', 'others']
loading arrays into RAM...
loaded 246 arrays

--- Fold 1/26 | test sub01 (9 test, 237 train) ---
      ep00 train_loss=1.7350 train_acc=0.249 | val_loss=1.8765 val_acc=0.111
      ep01 train_loss=1.6660 train_acc=0.291 | val_loss=1.5998 val_acc=0.222
      ep02 train_loss=1.5387 train_acc=0.371 | val_loss=2.0693 val_acc=0.111
      ep03 train_loss=1.4502 train_acc=0.418 | val_loss=1.6448 val_acc=0.111
      ep04 train_loss=1.4276 train_acc=0.392 | val_loss=4.1122 val_acc=0.000
      ep05 train_loss=1.3317 train_acc=0.498 | val_loss=1.2861 val_acc=0.556
      ep06 train_loss=1.3209 train_acc=0.468 | val_loss=1.5890 val_acc=0.333
      ep07 train_loss=1.2815 train_acc=0.498 | val_loss=2.4761 val_acc=0.111
      ep08 train_loss=1.3416 train_acc=0.515 | val_loss=1.7355 val_acc=0.333
      ep09 train_loss=1.3129 train_acc=0.523 | val_loss=1.9526 val_acc=0.111
      ep10 train_loss=1.2941 train_acc=0.553 | val_loss=1.6387 val_acc=0.222
      ep11 train_loss=1.1535 train_acc=0.578 | val_loss=1.2747 val_acc=0.333
      ep12 train_loss=1.1681 train_acc=0.595 | val_loss=1.5729 val_acc=0.111
      ep13 train_loss=1.0637 train_acc=0.629 | val_loss=1.3187 val_acc=0.444
      ep14 train_loss=1.0785 train_acc=0.616 | val_loss=1.2631 val_acc=0.556
      ep15 train_loss=1.1014 train_acc=0.616 | val_loss=1.4785 val_acc=0.444
      ep16 train_loss=1.1278 train_acc=0.637 | val_loss=1.0827 val_acc=0.556
      ep17 train_loss=1.0850 train_acc=0.633 | val_loss=1.1193 val_acc=0.333
      ep18 train_loss=1.0469 train_acc=0.671 | val_loss=1.2484 val_acc=0.556
      ep19 train_loss=1.0221 train_acc=0.667 | val_loss=1.2607 val_acc=0.444
      ep20 train_loss=1.0576 train_acc=0.671 | val_loss=1.1993 val_acc=0.556
      ep21 train_loss=1.0346 train_acc=0.620 | val_loss=1.1092 val_acc=0.556
      ep22 train_loss=0.9614 train_acc=0.684 | val_loss=1.1556 val_acc=0.556
      ep23 train_loss=1.0026 train_acc=0.700 | val_loss=1.2199 val_acc=0.444
      ep24 train_loss=1.0438 train_acc=0.671 | val_loss=1.1675 val_acc=0.444
    fold acc=0.667 time=231.9s | running pooled acc=0.667

--- Fold 2/26 | test sub02 (13 test, 233 train) ---
      ep00 train_loss=1.8587 train_acc=0.227 | val_loss=1.5732 val_acc=0.154
      ep01 train_loss=1.6603 train_acc=0.330 | val_loss=1.5454 val_acc=0.231
      ep02 train_loss=1.5523 train_acc=0.361 | val_loss=1.0911 val_acc=0.538
      ep03 train_loss=1.4334 train_acc=0.425 | val_loss=1.8167 val_acc=0.308
      ep04 train_loss=1.4032 train_acc=0.464 | val_loss=1.7035 val_acc=0.308
      ep05 train_loss=1.3246 train_acc=0.464 | val_loss=2.2974 val_acc=0.231
      ep06 train_loss=1.3330 train_acc=0.519 | val_loss=1.5995 val_acc=0.538
      ep07 train_loss=1.2657 train_acc=0.515 | val_loss=1.5095 val_acc=0.308
      ep08 train_loss=1.2788 train_acc=0.519 | val_loss=1.3290 val_acc=0.538
      ep09 train_loss=1.1892 train_acc=0.554 | val_loss=1.6373 val_acc=0.462
      ep10 train_loss=1.2729 train_acc=0.562 | val_loss=1.4148 val_acc=0.462
      ep11 train_loss=1.1514 train_acc=0.549 | val_loss=1.5532 val_acc=0.462
      ep12 train_loss=1.1051 train_acc=0.639 | val_loss=1.4328 val_acc=0.462
      ep13 train_loss=1.1603 train_acc=0.597 | val_loss=1.4693 val_acc=0.462
      ep14 train_loss=1.1197 train_acc=0.592 | val_loss=1.4991 val_acc=0.385
      ep15 train_loss=1.0194 train_acc=0.678 | val_loss=1.4146 val_acc=0.462
      ep16 train_loss=1.0570 train_acc=0.678 | val_loss=1.3784 val_acc=0.462
      ep17 train_loss=1.0234 train_acc=0.652 | val_loss=1.3471 val_acc=0.462
      ep18 train_loss=0.9946 train_acc=0.721 | val_loss=1.5381 val_acc=0.462
      ep19 train_loss=0.9743 train_acc=0.730 | val_loss=1.4213 val_acc=0.462
      ep20 train_loss=1.0268 train_acc=0.661 | val_loss=1.4296 val_acc=0.462
      ep21 train_loss=1.0457 train_acc=0.708 | val_loss=1.4217 val_acc=0.462
      ep22 train_loss=1.0248 train_acc=0.700 | val_loss=1.4371 val_acc=0.462
      ep23 train_loss=0.9719 train_acc=0.712 | val_loss=1.3824 val_acc=0.462
      ep24 train_loss=1.0191 train_acc=0.712 | val_loss=1.3857 val_acc=0.462
    fold acc=0.462 time=235.3s | running pooled acc=0.545

--- Fold 3/26 | test sub03 (7 test, 239 train) ---
      ep00 train_loss=1.7748 train_acc=0.259 | val_loss=1.7927 val_acc=0.286
      ep01 train_loss=1.5977 train_acc=0.347 | val_loss=1.1849 val_acc=0.571
      ep02 train_loss=1.5427 train_acc=0.335 | val_loss=1.8107 val_acc=0.000
      ep03 train_loss=1.4599 train_acc=0.402 | val_loss=0.9831 val_acc=0.571
      ep04 train_loss=1.4033 train_acc=0.477 | val_loss=1.3501 val_acc=0.429
      ep05 train_loss=1.2812 train_acc=0.490 | val_loss=0.9619 val_acc=0.429
      ep06 train_loss=1.3524 train_acc=0.460 | val_loss=2.3285 val_acc=0.000
      ep07 train_loss=1.3518 train_acc=0.548 | val_loss=1.2101 val_acc=0.571
      ep08 train_loss=1.2728 train_acc=0.531 | val_loss=1.6644 val_acc=0.143
      ep09 train_loss=1.2352 train_acc=0.556 | val_loss=1.0706 val_acc=0.571
      ep10 train_loss=1.1851 train_acc=0.603 | val_loss=0.9561 val_acc=0.429
      ep11 train_loss=1.0639 train_acc=0.619 | val_loss=0.9071 val_acc=0.429
      ep12 train_loss=1.1879 train_acc=0.594 | val_loss=0.9477 val_acc=0.714
      ep13 train_loss=1.0702 train_acc=0.615 | val_loss=0.9918 val_acc=0.571
      ep14 train_loss=1.1262 train_acc=0.615 | val_loss=0.9209 val_acc=0.429
      ep15 train_loss=1.1511 train_acc=0.636 | val_loss=1.3357 val_acc=0.286
      ep16 train_loss=1.0583 train_acc=0.636 | val_loss=1.1804 val_acc=0.714
      ep17 train_loss=1.0917 train_acc=0.619 | val_loss=1.0871 val_acc=0.714
      ep18 train_loss=0.9522 train_acc=0.720 | val_loss=1.0380 val_acc=0.714
      ep19 train_loss=1.0037 train_acc=0.686 | val_loss=1.0613 val_acc=0.571
      ep20 train_loss=0.9562 train_acc=0.732 | val_loss=1.0830 val_acc=0.571
      ep21 train_loss=1.0340 train_acc=0.695 | val_loss=1.0915 val_acc=0.571
      ep22 train_loss=0.9921 train_acc=0.711 | val_loss=0.9777 val_acc=0.714
      ep23 train_loss=0.9365 train_acc=0.736 | val_loss=0.9673 val_acc=0.714
      ep24 train_loss=0.9477 train_acc=0.707 | val_loss=1.0262 val_acc=0.714
    fold acc=0.571 time=237.4s | running pooled acc=0.552

--- Fold 4/26 | test sub04 (5 test, 241 train) ---
      ep00 train_loss=1.7502 train_acc=0.220 | val_loss=1.3666 val_acc=0.400
      ep01 train_loss=1.6752 train_acc=0.261 | val_loss=1.0063 val_acc=0.800
      ep02 train_loss=1.5668 train_acc=0.344 | val_loss=0.9152 val_acc=0.600
      ep03 train_loss=1.5413 train_acc=0.365 | val_loss=1.9953 val_acc=0.000
      ep04 train_loss=1.5076 train_acc=0.390 | val_loss=0.8817 val_acc=0.800
      ep05 train_loss=1.3248 train_acc=0.456 | val_loss=1.3291 val_acc=0.400
      ep06 train_loss=1.3618 train_acc=0.461 | val_loss=0.8975 val_acc=0.600
      ep07 train_loss=1.3339 train_acc=0.477 | val_loss=1.0161 val_acc=0.600
      ep08 train_loss=1.3486 train_acc=0.423 | val_loss=1.6877 val_acc=0.600
      ep09 train_loss=1.2693 train_acc=0.527 | val_loss=1.0015 val_acc=0.600
      ep10 train_loss=1.1711 train_acc=0.548 | val_loss=1.0081 val_acc=0.600
      ep11 train_loss=1.1722 train_acc=0.564 | val_loss=0.9705 val_acc=0.600
      ep12 train_loss=1.1698 train_acc=0.556 | val_loss=1.2229 val_acc=0.600
      ep13 train_loss=1.1479 train_acc=0.568 | val_loss=0.8298 val_acc=0.800
      ep14 train_loss=1.1409 train_acc=0.598 | val_loss=0.8282 val_acc=0.600
      ep15 train_loss=1.1195 train_acc=0.618 | val_loss=0.7401 val_acc=0.800
      ep16 train_loss=1.0886 train_acc=0.614 | val_loss=0.7592 val_acc=0.600
      ep17 train_loss=0.9843 train_acc=0.676 | val_loss=0.9076 val_acc=0.600
      ep18 train_loss=1.0606 train_acc=0.689 | val_loss=1.0110 val_acc=0.600
      ep19 train_loss=1.0385 train_acc=0.660 | val_loss=1.0619 val_acc=0.600
      ep20 train_loss=1.0146 train_acc=0.680 | val_loss=0.9203 val_acc=0.600
      ep21 train_loss=0.9834 train_acc=0.693 | val_loss=0.8693 val_acc=0.600
      ep22 train_loss=0.9708 train_acc=0.697 | val_loss=0.8982 val_acc=0.400
      ep23 train_loss=1.0155 train_acc=0.676 | val_loss=0.8848 val_acc=0.600
      ep24 train_loss=1.0143 train_acc=0.689 | val_loss=0.8728 val_acc=0.600
    fold acc=0.600 time=236.6s | running pooled acc=0.559

--- Fold 5/26 | test sub05 (19 test, 227 train) ---
      ep00 train_loss=1.7602 train_acc=0.233 | val_loss=1.5571 val_acc=0.263
      ep01 train_loss=1.5499 train_acc=0.388 | val_loss=1.6097 val_acc=0.211
      ep02 train_loss=1.5858 train_acc=0.357 | val_loss=1.4434 val_acc=0.316
      ep03 train_loss=1.4578 train_acc=0.396 | val_loss=1.9108 val_acc=0.263
      ep04 train_loss=1.4247 train_acc=0.441 | val_loss=1.6865 val_acc=0.263
      ep05 train_loss=1.2882 train_acc=0.515 | val_loss=2.9676 val_acc=0.263
      ep06 train_loss=1.3846 train_acc=0.485 | val_loss=2.3805 val_acc=0.211
      ep07 train_loss=1.2819 train_acc=0.559 | val_loss=1.3975 val_acc=0.316
      ep08 train_loss=1.3457 train_acc=0.515 | val_loss=2.0326 val_acc=0.211
      ep09 train_loss=1.2254 train_acc=0.577 | val_loss=1.8094 val_acc=0.316
      ep10 train_loss=1.2333 train_acc=0.555 | val_loss=1.7414 val_acc=0.316
      ep11 train_loss=1.1958 train_acc=0.577 | val_loss=1.6633 val_acc=0.474
      ep12 train_loss=1.1406 train_acc=0.634 | val_loss=2.1336 val_acc=0.263
      ep13 train_loss=1.0995 train_acc=0.639 | val_loss=1.4993 val_acc=0.474
      ep14 train_loss=1.0986 train_acc=0.648 | val_loss=1.3439 val_acc=0.421
      ep15 train_loss=1.1640 train_acc=0.612 | val_loss=1.5948 val_acc=0.368
      ep16 train_loss=1.0877 train_acc=0.665 | val_loss=1.9771 val_acc=0.316
      ep17 train_loss=1.0545 train_acc=0.643 | val_loss=1.5743 val_acc=0.368
      ep18 train_loss=1.0018 train_acc=0.696 | val_loss=1.8498 val_acc=0.316
      ep19 train_loss=1.0265 train_acc=0.661 | val_loss=1.7478 val_acc=0.316
      ep20 train_loss=1.0067 train_acc=0.714 | val_loss=1.8367 val_acc=0.316
      ep21 train_loss=0.9714 train_acc=0.740 | val_loss=1.7050 val_acc=0.421
      ep22 train_loss=0.9937 train_acc=0.670 | val_loss=1.6641 val_acc=0.368
      ep23 train_loss=1.0191 train_acc=0.696 | val_loss=1.6611 val_acc=0.421
      ep24 train_loss=0.9441 train_acc=0.692 | val_loss=1.6574 val_acc=0.368
    fold acc=0.211 time=235.1s | running pooled acc=0.434

--- Fold 6/26 | test sub06 (5 test, 241 train) ---
      ep00 train_loss=1.7218 train_acc=0.266 | val_loss=1.9449 val_acc=0.200
      ep01 train_loss=1.7317 train_acc=0.249 | val_loss=1.2574 val_acc=0.400
      ep02 train_loss=1.6020 train_acc=0.332 | val_loss=1.4561 val_acc=0.600
      ep03 train_loss=1.5158 train_acc=0.349 | val_loss=1.3427 val_acc=0.400
      ep04 train_loss=1.4823 train_acc=0.398 | val_loss=1.3438 val_acc=0.400
      ep05 train_loss=1.3598 train_acc=0.461 | val_loss=0.7103 val_acc=0.800
      ep06 train_loss=1.3201 train_acc=0.494 | val_loss=2.2308 val_acc=0.200
      ep07 train_loss=1.3566 train_acc=0.485 | val_loss=0.9855 val_acc=0.400
      ep08 train_loss=1.3694 train_acc=0.444 | val_loss=1.3778 val_acc=0.400
      ep09 train_loss=1.2599 train_acc=0.510 | val_loss=1.2279 val_acc=0.400
      ep10 train_loss=1.1809 train_acc=0.568 | val_loss=0.7700 val_acc=0.600
      ep11 train_loss=1.2128 train_acc=0.560 | val_loss=1.2675 val_acc=0.600
      ep12 train_loss=1.1759 train_acc=0.564 | val_loss=0.9936 val_acc=0.400
      ep13 train_loss=1.1487 train_acc=0.598 | val_loss=1.0100 val_acc=0.600
      ep14 train_loss=1.1631 train_acc=0.631 | val_loss=0.8912 val_acc=0.600
      ep15 train_loss=1.1178 train_acc=0.622 | val_loss=0.8733 val_acc=0.600
      ep16 train_loss=1.0550 train_acc=0.631 | val_loss=0.6864 val_acc=0.800
      ep17 train_loss=1.0046 train_acc=0.664 | val_loss=0.6788 val_acc=0.600
      ep18 train_loss=1.1154 train_acc=0.635 | val_loss=0.7290 val_acc=0.800
      ep19 train_loss=1.0241 train_acc=0.664 | val_loss=1.0712 val_acc=0.400
      ep20 train_loss=1.0451 train_acc=0.697 | val_loss=0.7147 val_acc=0.400
      ep21 train_loss=1.0421 train_acc=0.668 | val_loss=0.7928 val_acc=0.400
      ep22 train_loss=1.0105 train_acc=0.651 | val_loss=0.8405 val_acc=0.600
      ep23 train_loss=1.0589 train_acc=0.676 | val_loss=0.7983 val_acc=0.600
      ep24 train_loss=1.0027 train_acc=0.722 | val_loss=0.8073 val_acc=0.400
    fold acc=0.800 time=236.6s | running pooled acc=0.466

--- Fold 7/26 | test sub07 (9 test, 237 train) ---
      ep00 train_loss=1.7314 train_acc=0.262 | val_loss=1.6294 val_acc=0.333
      ep01 train_loss=1.5673 train_acc=0.308 | val_loss=1.1036 val_acc=0.444
      ep02 train_loss=1.4870 train_acc=0.380 | val_loss=0.8958 val_acc=0.556
      ep03 train_loss=1.4128 train_acc=0.435 | val_loss=1.7345 val_acc=0.111
      ep04 train_loss=1.4106 train_acc=0.426 | val_loss=1.3289 val_acc=0.444
      ep05 train_loss=1.3441 train_acc=0.473 | val_loss=1.8652 val_acc=0.222
      ep06 train_loss=1.3101 train_acc=0.485 | val_loss=3.3893 val_acc=0.000
      ep07 train_loss=1.3439 train_acc=0.443 | val_loss=3.3547 val_acc=0.000
      ep08 train_loss=1.3741 train_acc=0.544 | val_loss=1.8237 val_acc=0.111
      ep09 train_loss=1.2790 train_acc=0.549 | val_loss=1.4299 val_acc=0.333
      ep10 train_loss=1.2139 train_acc=0.523 | val_loss=2.1590 val_acc=0.222
      ep11 train_loss=1.1288 train_acc=0.586 | val_loss=1.5547 val_acc=0.222
      ep12 train_loss=1.1205 train_acc=0.620 | val_loss=1.6931 val_acc=0.333
      ep13 train_loss=1.0174 train_acc=0.667 | val_loss=1.5146 val_acc=0.444
      ep14 train_loss=1.0649 train_acc=0.641 | val_loss=1.9144 val_acc=0.333
      ep15 train_loss=1.1313 train_acc=0.650 | val_loss=1.3993 val_acc=0.444
      ep16 train_loss=1.0936 train_acc=0.646 | val_loss=1.3847 val_acc=0.333
      ep17 train_loss=1.1029 train_acc=0.637 | val_loss=1.6651 val_acc=0.444
      ep18 train_loss=1.0891 train_acc=0.658 | val_loss=1.6381 val_acc=0.333
      ep19 train_loss=1.0297 train_acc=0.658 | val_loss=1.8854 val_acc=0.333
      ep20 train_loss=1.0293 train_acc=0.679 | val_loss=1.6662 val_acc=0.333
      ep21 train_loss=1.0584 train_acc=0.658 | val_loss=1.8575 val_acc=0.333
      ep22 train_loss=0.9572 train_acc=0.722 | val_loss=1.7766 val_acc=0.333
      ep23 train_loss=0.9742 train_acc=0.692 | val_loss=1.7157 val_acc=0.333
      ep24 train_loss=1.0168 train_acc=0.684 | val_loss=1.9089 val_acc=0.333
    fold acc=0.222 time=234.6s | running pooled acc=0.433

--- Fold 8/26 | test sub08 (3 test, 243 train) ---
      ep00 train_loss=1.7904 train_acc=0.160 | val_loss=1.4984 val_acc=0.333
      ep01 train_loss=1.6407 train_acc=0.300 | val_loss=2.6390 val_acc=0.000
      ep02 train_loss=1.5110 train_acc=0.374 | val_loss=1.7552 val_acc=0.333
      ep03 train_loss=1.5818 train_acc=0.342 | val_loss=2.8138 val_acc=0.333
      ep04 train_loss=1.4462 train_acc=0.403 | val_loss=3.6409 val_acc=0.000
      ep05 train_loss=1.4445 train_acc=0.440 | val_loss=1.3529 val_acc=0.667
      ep06 train_loss=1.2934 train_acc=0.584 | val_loss=1.4407 val_acc=0.667
      ep07 train_loss=1.3696 train_acc=0.502 | val_loss=2.1367 val_acc=0.000
      ep08 train_loss=1.3252 train_acc=0.502 | val_loss=1.8395 val_acc=0.000
      ep09 train_loss=1.1676 train_acc=0.605 | val_loss=1.4155 val_acc=0.333
      ep10 train_loss=1.2752 train_acc=0.514 | val_loss=1.9057 val_acc=0.000
      ep11 train_loss=1.1660 train_acc=0.551 | val_loss=1.9718 val_acc=0.333
      ep12 train_loss=1.1594 train_acc=0.551 | val_loss=1.2838 val_acc=0.333
      ep13 train_loss=1.1580 train_acc=0.593 | val_loss=1.8670 val_acc=0.000
      ep14 train_loss=1.0368 train_acc=0.663 | val_loss=1.3989 val_acc=0.667
      ep15 train_loss=1.1704 train_acc=0.576 | val_loss=1.4806 val_acc=0.667
      ep16 train_loss=1.0128 train_acc=0.683 | val_loss=1.2804 val_acc=0.667
      ep17 train_loss=1.0756 train_acc=0.663 | val_loss=1.5955 val_acc=0.000
      ep18 train_loss=1.0368 train_acc=0.663 | val_loss=1.5874 val_acc=0.000
      ep19 train_loss=0.9819 train_acc=0.716 | val_loss=1.1776 val_acc=0.000
      ep20 train_loss=1.0463 train_acc=0.700 | val_loss=1.4384 val_acc=0.333
      ep21 train_loss=1.0312 train_acc=0.630 | val_loss=1.4119 val_acc=0.000
      ep22 train_loss=0.9717 train_acc=0.733 | val_loss=1.4037 val_acc=0.000
      ep23 train_loss=1.0273 train_acc=0.683 | val_loss=1.4198 val_acc=0.000
      ep24 train_loss=1.0019 train_acc=0.704 | val_loss=1.5284 val_acc=0.000
    fold acc=0.000 time=234.8s | running pooled acc=0.414

--- Fold 9/26 | test sub09 (13 test, 233 train) ---
      ep00 train_loss=1.7964 train_acc=0.236 | val_loss=1.6452 val_acc=0.000
      ep01 train_loss=1.6768 train_acc=0.318 | val_loss=1.6246 val_acc=0.385
      ep02 train_loss=1.6189 train_acc=0.313 | val_loss=1.7198 val_acc=0.231
      ep03 train_loss=1.3986 train_acc=0.494 | val_loss=1.1025 val_acc=0.538
      ep04 train_loss=1.4599 train_acc=0.416 | val_loss=1.3437 val_acc=0.385
      ep05 train_loss=1.3689 train_acc=0.425 | val_loss=1.2131 val_acc=0.538
      ep06 train_loss=1.3645 train_acc=0.464 | val_loss=1.9019 val_acc=0.154
      ep07 train_loss=1.3261 train_acc=0.476 | val_loss=1.3281 val_acc=0.462
      ep08 train_loss=1.2973 train_acc=0.506 | val_loss=1.2442 val_acc=0.538
      ep09 train_loss=1.2222 train_acc=0.562 | val_loss=2.2389 val_acc=0.385
      ep10 train_loss=1.1953 train_acc=0.545 | val_loss=1.1659 val_acc=0.538
      ep11 train_loss=1.2481 train_acc=0.567 | val_loss=1.7978 val_acc=0.462
      ep12 train_loss=1.2047 train_acc=0.605 | val_loss=1.3704 val_acc=0.462
      ep13 train_loss=1.2467 train_acc=0.554 | val_loss=1.1135 val_acc=0.538
      ep14 train_loss=1.0976 train_acc=0.657 | val_loss=1.1101 val_acc=0.615
      ep15 train_loss=1.1624 train_acc=0.614 | val_loss=1.0514 val_acc=0.692
      ep16 train_loss=1.0505 train_acc=0.674 | val_loss=0.8161 val_acc=0.846
      ep17 train_loss=1.0675 train_acc=0.639 | val_loss=0.8645 val_acc=0.692
      ep18 train_loss=1.0722 train_acc=0.644 | val_loss=0.9683 val_acc=0.692
      ep19 train_loss=1.0197 train_acc=0.682 | val_loss=0.9237 val_acc=0.615
      ep20 train_loss=1.0706 train_acc=0.682 | val_loss=0.9058 val_acc=0.846
      ep21 train_loss=1.0453 train_acc=0.691 | val_loss=0.8795 val_acc=0.769
      ep22 train_loss=1.0667 train_acc=0.691 | val_loss=0.8821 val_acc=0.769
      ep23 train_loss=0.9771 train_acc=0.712 | val_loss=0.9295 val_acc=0.769
      ep24 train_loss=1.0902 train_acc=0.635 | val_loss=0.8314 val_acc=0.846
    fold acc=0.462 time=235.2s | running pooled acc=0.422

--- Fold 10/26 | test sub10 (13 test, 233 train) ---
      ep00 train_loss=1.7799 train_acc=0.219 | val_loss=1.3118 val_acc=0.615
      ep01 train_loss=1.6622 train_acc=0.262 | val_loss=1.4315 val_acc=0.154
      ep02 train_loss=1.5937 train_acc=0.309 | val_loss=0.9411 val_acc=0.615
      ep03 train_loss=1.3784 train_acc=0.494 | val_loss=1.1812 val_acc=0.692
      ep04 train_loss=1.4500 train_acc=0.416 | val_loss=1.2004 val_acc=0.385
      ep05 train_loss=1.3174 train_acc=0.459 | val_loss=1.6651 val_acc=0.000
      ep06 train_loss=1.2915 train_acc=0.502 | val_loss=1.5264 val_acc=0.308
      ep07 train_loss=1.2817 train_acc=0.494 | val_loss=1.3082 val_acc=0.231
      ep08 train_loss=1.2675 train_acc=0.515 | val_loss=1.2687 val_acc=0.462
      ep09 train_loss=1.1802 train_acc=0.575 | val_loss=1.4433 val_acc=0.385
      ep10 train_loss=1.1530 train_acc=0.562 | val_loss=1.2447 val_acc=0.308
      ep11 train_loss=1.1807 train_acc=0.567 | val_loss=1.8492 val_acc=0.077
      ep12 train_loss=1.1243 train_acc=0.579 | val_loss=1.2906 val_acc=0.385
      ep13 train_loss=1.1878 train_acc=0.592 | val_loss=1.5555 val_acc=0.000
      ep14 train_loss=1.0637 train_acc=0.682 | val_loss=1.2644 val_acc=0.538
      ep15 train_loss=1.0772 train_acc=0.657 | val_loss=1.2512 val_acc=0.462
      ep16 train_loss=0.9834 train_acc=0.661 | val_loss=1.0795 val_acc=0.692
      ep17 train_loss=1.0220 train_acc=0.657 | val_loss=1.0477 val_acc=0.692
      ep18 train_loss=1.0491 train_acc=0.661 | val_loss=0.8553 val_acc=0.846
      ep19 train_loss=0.9667 train_acc=0.700 | val_loss=0.9822 val_acc=0.769
      ep20 train_loss=1.0528 train_acc=0.652 | val_loss=0.9238 val_acc=0.769
      ep21 train_loss=1.0172 train_acc=0.657 | val_loss=1.0248 val_acc=0.769
      ep22 train_loss=1.0123 train_acc=0.725 | val_loss=0.9790 val_acc=0.769
      ep23 train_loss=0.9352 train_acc=0.695 | val_loss=1.1333 val_acc=0.692
      ep24 train_loss=1.0284 train_acc=0.674 | val_loss=1.0336 val_acc=0.769
    fold acc=0.462 time=235.5s | running pooled acc=0.427

--- Fold 11/26 | test sub11 (10 test, 236 train) ---
      ep00 train_loss=1.7950 train_acc=0.199 | val_loss=1.1578 val_acc=0.500
      ep01 train_loss=1.6684 train_acc=0.292 | val_loss=1.3333 val_acc=0.400
      ep02 train_loss=1.5267 train_acc=0.356 | val_loss=1.5265 val_acc=0.300
      ep03 train_loss=1.4818 train_acc=0.356 | val_loss=0.7562 val_acc=0.600
      ep04 train_loss=1.3909 train_acc=0.475 | val_loss=1.3952 val_acc=0.200
      ep05 train_loss=1.4720 train_acc=0.432 | val_loss=1.6110 val_acc=0.200
      ep06 train_loss=1.3518 train_acc=0.453 | val_loss=1.4574 val_acc=0.400
      ep07 train_loss=1.2288 train_acc=0.517 | val_loss=1.2126 val_acc=0.300
      ep08 train_loss=1.2588 train_acc=0.530 | val_loss=1.2496 val_acc=0.500
      ep09 train_loss=1.1216 train_acc=0.589 | val_loss=1.6566 val_acc=0.200
      ep10 train_loss=1.3034 train_acc=0.525 | val_loss=1.0103 val_acc=0.600
      ep11 train_loss=1.2110 train_acc=0.534 | val_loss=1.9268 val_acc=0.300
      ep12 train_loss=1.2154 train_acc=0.530 | val_loss=1.0814 val_acc=0.400
      ep13 train_loss=1.1219 train_acc=0.602 | val_loss=1.3327 val_acc=0.300
      ep14 train_loss=1.1169 train_acc=0.610 | val_loss=1.2087 val_acc=0.400
      ep15 train_loss=1.1390 train_acc=0.585 | val_loss=1.0838 val_acc=0.400
      ep16 train_loss=1.0224 train_acc=0.657 | val_loss=1.0908 val_acc=0.400
      ep17 train_loss=1.0476 train_acc=0.614 | val_loss=1.3074 val_acc=0.200
      ep18 train_loss=1.0497 train_acc=0.695 | val_loss=1.2494 val_acc=0.200
      ep19 train_loss=1.0112 train_acc=0.695 | val_loss=1.2379 val_acc=0.300
      ep20 train_loss=1.0039 train_acc=0.716 | val_loss=1.1798 val_acc=0.500
      ep21 train_loss=0.9711 train_acc=0.708 | val_loss=1.0639 val_acc=0.500
      ep22 train_loss=1.0021 train_acc=0.708 | val_loss=1.2452 val_acc=0.400
      ep23 train_loss=0.9730 train_acc=0.695 | val_loss=1.2035 val_acc=0.500
      ep24 train_loss=0.9802 train_acc=0.686 | val_loss=1.1910 val_acc=0.500
    fold acc=0.600 time=237.0s | running pooled acc=0.443

--- Fold 12/26 | test sub12 (12 test, 234 train) ---
      ep00 train_loss=1.7874 train_acc=0.278 | val_loss=1.4996 val_acc=0.417
      ep01 train_loss=1.6456 train_acc=0.316 | val_loss=1.4332 val_acc=0.333
      ep02 train_loss=1.6286 train_acc=0.350 | val_loss=1.5903 val_acc=0.333
      ep03 train_loss=1.5441 train_acc=0.363 | val_loss=1.3134 val_acc=0.583
      ep04 train_loss=1.4822 train_acc=0.406 | val_loss=1.8451 val_acc=0.417
      ep05 train_loss=1.4826 train_acc=0.389 | val_loss=1.1833 val_acc=0.500
      ep06 train_loss=1.3490 train_acc=0.496 | val_loss=1.6127 val_acc=0.333
      ep07 train_loss=1.3511 train_acc=0.491 | val_loss=0.8534 val_acc=0.667
      ep08 train_loss=1.2725 train_acc=0.551 | val_loss=1.4965 val_acc=0.417
      ep09 train_loss=1.2617 train_acc=0.551 | val_loss=0.9096 val_acc=0.667
      ep10 train_loss=1.2549 train_acc=0.551 | val_loss=0.9297 val_acc=0.500
      ep11 train_loss=1.1806 train_acc=0.564 | val_loss=0.9520 val_acc=0.583
      ep12 train_loss=1.2442 train_acc=0.547 | val_loss=1.6027 val_acc=0.250
      ep13 train_loss=1.1680 train_acc=0.547 | val_loss=0.9503 val_acc=0.583
      ep14 train_loss=1.0521 train_acc=0.675 | val_loss=1.0663 val_acc=0.417
      ep15 train_loss=1.0876 train_acc=0.641 | val_loss=1.0147 val_acc=0.500
      ep16 train_loss=1.0659 train_acc=0.650 | val_loss=1.0762 val_acc=0.500
      ep17 train_loss=1.0995 train_acc=0.632 | val_loss=1.0338 val_acc=0.500
      ep18 train_loss=1.0822 train_acc=0.628 | val_loss=0.9782 val_acc=0.583
      ep19 train_loss=1.1144 train_acc=0.624 | val_loss=0.9634 val_acc=0.500
      ep20 train_loss=0.9835 train_acc=0.697 | val_loss=0.9365 val_acc=0.583
      ep21 train_loss=0.9806 train_acc=0.722 | val_loss=0.9108 val_acc=0.583
      ep22 train_loss=1.0479 train_acc=0.688 | val_loss=0.9513 val_acc=0.583
      ep23 train_loss=1.0597 train_acc=0.637 | val_loss=0.9415 val_acc=0.583
      ep24 train_loss=1.0120 train_acc=0.675 | val_loss=0.9615 val_acc=0.583
    fold acc=0.750 time=236.2s | running pooled acc=0.475

--- Fold 13/26 | test sub13 (8 test, 238 train) ---
      ep00 train_loss=1.7984 train_acc=0.218 | val_loss=1.8949 val_acc=0.000
      ep01 train_loss=1.5334 train_acc=0.387 | val_loss=1.6505 val_acc=0.125
      ep02 train_loss=1.4985 train_acc=0.336 | val_loss=2.3125 val_acc=0.125
      ep03 train_loss=1.3776 train_acc=0.471 | val_loss=1.5456 val_acc=0.375
      ep04 train_loss=1.4324 train_acc=0.424 | val_loss=2.5285 val_acc=0.000
      ep05 train_loss=1.3853 train_acc=0.466 | val_loss=1.7288 val_acc=0.250
      ep06 train_loss=1.2786 train_acc=0.550 | val_loss=2.0662 val_acc=0.375
      ep07 train_loss=1.2749 train_acc=0.538 | val_loss=1.9535 val_acc=0.000
      ep08 train_loss=1.2320 train_acc=0.538 | val_loss=1.7264 val_acc=0.250
      ep09 train_loss=1.3243 train_acc=0.525 | val_loss=1.8096 val_acc=0.250
      ep10 train_loss=1.1992 train_acc=0.546 | val_loss=1.5990 val_acc=0.375
      ep11 train_loss=1.1782 train_acc=0.588 | val_loss=1.6391 val_acc=0.125
      ep12 train_loss=1.0604 train_acc=0.647 | val_loss=2.4632 val_acc=0.125
      ep13 train_loss=1.0843 train_acc=0.605 | val_loss=1.9907 val_acc=0.125
      ep14 train_loss=1.0216 train_acc=0.660 | val_loss=1.9267 val_acc=0.125
      ep15 train_loss=1.0255 train_acc=0.655 | val_loss=2.0693 val_acc=0.125
      ep16 train_loss=1.0092 train_acc=0.689 | val_loss=1.9553 val_acc=0.250
      ep17 train_loss=1.0574 train_acc=0.676 | val_loss=2.0377 val_acc=0.000
      ep18 train_loss=1.0199 train_acc=0.685 | val_loss=1.7530 val_acc=0.125
      ep19 train_loss=1.0062 train_acc=0.672 | val_loss=1.7333 val_acc=0.125
      ep20 train_loss=1.0403 train_acc=0.681 | val_loss=1.7007 val_acc=0.125
      ep21 train_loss=0.9959 train_acc=0.735 | val_loss=1.8157 val_acc=0.250
      ep22 train_loss=0.9556 train_acc=0.723 | val_loss=1.8807 val_acc=0.125
      ep23 train_loss=1.0079 train_acc=0.681 | val_loss=1.8344 val_acc=0.250
      ep24 train_loss=0.9685 train_acc=0.697 | val_loss=1.7871 val_acc=0.250
    fold acc=0.250 time=238.0s | running pooled acc=0.460

--- Fold 14/26 | test sub14 (4 test, 242 train) ---
      ep00 train_loss=1.7829 train_acc=0.252 | val_loss=1.7701 val_acc=0.000
      ep01 train_loss=1.6860 train_acc=0.335 | val_loss=2.0184 val_acc=0.000
      ep02 train_loss=1.6049 train_acc=0.351 | val_loss=2.3772 val_acc=0.000
      ep03 train_loss=1.4306 train_acc=0.467 | val_loss=1.9571 val_acc=0.000
      ep04 train_loss=1.4275 train_acc=0.455 | val_loss=1.1480 val_acc=0.750
      ep05 train_loss=1.4652 train_acc=0.459 | val_loss=0.8196 val_acc=0.750
      ep06 train_loss=1.3149 train_acc=0.504 | val_loss=1.7866 val_acc=0.000
      ep07 train_loss=1.3313 train_acc=0.483 | val_loss=1.3463 val_acc=0.500
      ep08 train_loss=1.2951 train_acc=0.512 | val_loss=1.1728 val_acc=0.500
      ep09 train_loss=1.3359 train_acc=0.550 | val_loss=0.6249 val_acc=0.750
      ep10 train_loss=1.2668 train_acc=0.550 | val_loss=1.6528 val_acc=0.250
      ep11 train_loss=1.1986 train_acc=0.574 | val_loss=1.0357 val_acc=0.500
      ep12 train_loss=1.1858 train_acc=0.574 | val_loss=0.9027 val_acc=0.500
      ep13 train_loss=1.1925 train_acc=0.587 | val_loss=1.7577 val_acc=0.500
      ep14 train_loss=1.1579 train_acc=0.579 | val_loss=1.0302 val_acc=0.500
      ep15 train_loss=1.1087 train_acc=0.620 | val_loss=1.6038 val_acc=0.500
      ep16 train_loss=1.0715 train_acc=0.649 | val_loss=1.2977 val_acc=0.500
      ep17 train_loss=1.1000 train_acc=0.624 | val_loss=1.0762 val_acc=0.500
      ep18 train_loss=1.0217 train_acc=0.674 | val_loss=0.8483 val_acc=0.750
      ep19 train_loss=1.0559 train_acc=0.653 | val_loss=1.0662 val_acc=0.750
      ep20 train_loss=1.0717 train_acc=0.690 | val_loss=1.1648 val_acc=0.500
      ep21 train_loss=1.0323 train_acc=0.665 | val_loss=1.1602 val_acc=0.500
      ep22 train_loss=1.0570 train_acc=0.711 | val_loss=1.0956 val_acc=0.500
      ep23 train_loss=1.0219 train_acc=0.698 | val_loss=1.0809 val_acc=0.500
      ep24 train_loss=0.9512 train_acc=0.744 | val_loss=1.2014 val_acc=0.500
    fold acc=0.750 time=237.3s | running pooled acc=0.469

--- Fold 15/26 | test sub15 (3 test, 243 train) ---
      ep00 train_loss=1.8000 train_acc=0.214 | val_loss=1.6762 val_acc=0.333
      ep01 train_loss=1.6425 train_acc=0.329 | val_loss=0.8499 val_acc=0.667
      ep02 train_loss=1.5475 train_acc=0.346 | val_loss=1.0925 val_acc=0.667
      ep03 train_loss=1.5202 train_acc=0.395 | val_loss=1.1511 val_acc=0.667
      ep04 train_loss=1.4503 train_acc=0.420 | val_loss=0.3568 val_acc=1.000
      ep05 train_loss=1.4195 train_acc=0.420 | val_loss=0.9628 val_acc=0.333
      ep06 train_loss=1.3197 train_acc=0.576 | val_loss=0.6693 val_acc=0.667
      ep07 train_loss=1.3038 train_acc=0.502 | val_loss=1.4908 val_acc=0.667
      ep08 train_loss=1.3244 train_acc=0.498 | val_loss=0.3072 val_acc=1.000
      ep09 train_loss=1.2205 train_acc=0.564 | val_loss=0.7093 val_acc=0.667
      ep10 train_loss=1.2542 train_acc=0.539 | val_loss=1.0024 val_acc=0.667
      ep11 train_loss=1.1469 train_acc=0.564 | val_loss=0.7594 val_acc=0.667
      ep12 train_loss=1.1514 train_acc=0.564 | val_loss=0.5906 val_acc=1.000
      ep13 train_loss=1.1330 train_acc=0.617 | val_loss=0.7650 val_acc=0.667
      ep14 train_loss=1.1099 train_acc=0.638 | val_loss=0.5661 val_acc=1.000
      ep15 train_loss=1.0656 train_acc=0.654 | val_loss=0.7407 val_acc=0.667
      ep16 train_loss=0.9986 train_acc=0.695 | val_loss=0.5520 val_acc=1.000
      ep17 train_loss=1.0808 train_acc=0.638 | val_loss=0.5621 val_acc=0.667
      ep18 train_loss=0.9870 train_acc=0.712 | val_loss=0.8472 val_acc=0.667
      ep19 train_loss=1.0140 train_acc=0.667 | val_loss=0.6990 val_acc=0.667
      ep20 train_loss=1.0037 train_acc=0.654 | val_loss=0.8148 val_acc=0.667
      ep21 train_loss=1.0312 train_acc=0.658 | val_loss=0.6446 val_acc=0.667
      ep22 train_loss=0.9815 train_acc=0.675 | val_loss=0.6602 val_acc=0.667
      ep23 train_loss=0.9630 train_acc=0.695 | val_loss=0.6999 val_acc=0.667
      ep24 train_loss=0.9880 train_acc=0.691 | val_loss=0.7077 val_acc=0.667
    fold acc=1.000 time=236.1s | running pooled acc=0.481

--- Fold 16/26 | test sub16 (4 test, 242 train) ---
      ep00 train_loss=1.7765 train_acc=0.252 | val_loss=2.0682 val_acc=0.000
      ep01 train_loss=1.6642 train_acc=0.331 | val_loss=1.9517 val_acc=0.000
      ep02 train_loss=1.5638 train_acc=0.347 | val_loss=3.0186 val_acc=0.000
      ep03 train_loss=1.4409 train_acc=0.417 | val_loss=1.8419 val_acc=0.250
      ep04 train_loss=1.3508 train_acc=0.475 | val_loss=1.9778 val_acc=0.000
      ep05 train_loss=1.4371 train_acc=0.438 | val_loss=1.4882 val_acc=0.500
      ep06 train_loss=1.3258 train_acc=0.504 | val_loss=2.1187 val_acc=0.250
      ep07 train_loss=1.3204 train_acc=0.508 | val_loss=1.3935 val_acc=0.750
      ep08 train_loss=1.2663 train_acc=0.504 | val_loss=1.9568 val_acc=0.500
      ep09 train_loss=1.3057 train_acc=0.574 | val_loss=1.7583 val_acc=0.250
      ep10 train_loss=1.2691 train_acc=0.562 | val_loss=1.6350 val_acc=0.250
      ep11 train_loss=1.1737 train_acc=0.570 | val_loss=1.8635 val_acc=0.500
      ep12 train_loss=1.1505 train_acc=0.616 | val_loss=1.8134 val_acc=0.250
      ep13 train_loss=1.1469 train_acc=0.599 | val_loss=1.4242 val_acc=0.750
      ep14 train_loss=1.0882 train_acc=0.632 | val_loss=1.3934 val_acc=0.500
      ep15 train_loss=1.0639 train_acc=0.661 | val_loss=1.9917 val_acc=0.250
      ep16 train_loss=1.0265 train_acc=0.649 | val_loss=1.5053 val_acc=0.500
      ep17 train_loss=1.0296 train_acc=0.690 | val_loss=1.7489 val_acc=0.250
      ep18 train_loss=1.0037 train_acc=0.698 | val_loss=1.8612 val_acc=0.250
      ep19 train_loss=1.0435 train_acc=0.682 | val_loss=1.5520 val_acc=0.250
      ep20 train_loss=1.0126 train_acc=0.744 | val_loss=1.7671 val_acc=0.250
      ep21 train_loss=1.0245 train_acc=0.702 | val_loss=1.6652 val_acc=0.250
      ep22 train_loss=1.0350 train_acc=0.682 | val_loss=1.5933 val_acc=0.250
      ep23 train_loss=1.0214 train_acc=0.682 | val_loss=1.5517 val_acc=0.250
      ep24 train_loss=0.9412 train_acc=0.715 | val_loss=1.5802 val_acc=0.250
    fold acc=0.500 time=236.5s | running pooled acc=0.482

--- Fold 17/26 | test sub17 (34 test, 212 train) ---
      ep00 train_loss=1.8242 train_acc=0.217 | val_loss=1.8174 val_acc=0.235
      ep01 train_loss=1.7216 train_acc=0.340 | val_loss=1.3920 val_acc=0.382
      ep02 train_loss=1.5640 train_acc=0.307 | val_loss=1.4775 val_acc=0.176
      ep03 train_loss=1.4973 train_acc=0.368 | val_loss=1.7246 val_acc=0.147
      ep04 train_loss=1.4424 train_acc=0.401 | val_loss=1.3637 val_acc=0.471
      ep05 train_loss=1.4141 train_acc=0.448 | val_loss=1.8362 val_acc=0.324
      ep06 train_loss=1.3946 train_acc=0.453 | val_loss=1.8801 val_acc=0.235
      ep07 train_loss=1.3554 train_acc=0.509 | val_loss=2.3154 val_acc=0.176
      ep08 train_loss=1.2699 train_acc=0.509 | val_loss=1.2178 val_acc=0.412
      ep09 train_loss=1.3332 train_acc=0.514 | val_loss=1.3138 val_acc=0.382
      ep10 train_loss=1.3356 train_acc=0.500 | val_loss=1.2163 val_acc=0.471
      ep11 train_loss=1.2060 train_acc=0.575 | val_loss=1.5116 val_acc=0.353
      ep12 train_loss=1.2078 train_acc=0.575 | val_loss=1.2535 val_acc=0.500
      ep13 train_loss=1.1991 train_acc=0.627 | val_loss=2.0271 val_acc=0.294
      ep14 train_loss=1.2086 train_acc=0.599 | val_loss=1.0001 val_acc=0.588
      ep15 train_loss=1.1853 train_acc=0.618 | val_loss=1.1231 val_acc=0.529
      ep16 train_loss=1.1914 train_acc=0.580 | val_loss=1.0090 val_acc=0.647
      ep17 train_loss=1.1886 train_acc=0.594 | val_loss=1.2151 val_acc=0.500
      ep18 train_loss=1.1323 train_acc=0.623 | val_loss=1.1012 val_acc=0.647
      ep19 train_loss=1.1120 train_acc=0.637 | val_loss=1.1321 val_acc=0.618
      ep20 train_loss=1.0550 train_acc=0.684 | val_loss=1.1549 val_acc=0.618
      ep21 train_loss=1.0459 train_acc=0.675 | val_loss=1.1633 val_acc=0.618
      ep22 train_loss=1.0516 train_acc=0.708 | val_loss=1.0833 val_acc=0.647
      ep23 train_loss=1.0516 train_acc=0.646 | val_loss=1.0826 val_acc=0.647
      ep24 train_loss=1.1386 train_acc=0.594 | val_loss=1.1130 val_acc=0.588
    fold acc=0.529 time=233.4s | running pooled acc=0.491

--- Fold 18/26 | test sub18 (3 test, 243 train) ---
      ep00 train_loss=1.8029 train_acc=0.181 | val_loss=1.1326 val_acc=0.667
      ep01 train_loss=1.6771 train_acc=0.272 | val_loss=2.4124 val_acc=0.000
      ep02 train_loss=1.4730 train_acc=0.407 | val_loss=1.9730 val_acc=0.000
      ep03 train_loss=1.5081 train_acc=0.366 | val_loss=1.4465 val_acc=0.000
      ep04 train_loss=1.5045 train_acc=0.370 | val_loss=1.4030 val_acc=0.000
      ep05 train_loss=1.4396 train_acc=0.432 | val_loss=0.9399 val_acc=0.667
      ep06 train_loss=1.3057 train_acc=0.556 | val_loss=1.6434 val_acc=0.000
      ep07 train_loss=1.3243 train_acc=0.506 | val_loss=1.6208 val_acc=0.333
      ep08 train_loss=1.3407 train_acc=0.523 | val_loss=1.1934 val_acc=0.333
      ep09 train_loss=1.2399 train_acc=0.605 | val_loss=1.6215 val_acc=0.000
      ep10 train_loss=1.2465 train_acc=0.523 | val_loss=1.9569 val_acc=0.000
      ep11 train_loss=1.1687 train_acc=0.576 | val_loss=2.8142 val_acc=0.000
      ep12 train_loss=1.1091 train_acc=0.613 | val_loss=3.0214 val_acc=0.000
      ep13 train_loss=1.1248 train_acc=0.617 | val_loss=1.1905 val_acc=0.333
      ep14 train_loss=1.0968 train_acc=0.621 | val_loss=1.7146 val_acc=0.000
      ep15 train_loss=1.0803 train_acc=0.650 | val_loss=1.5302 val_acc=0.000
      ep16 train_loss=1.0393 train_acc=0.691 | val_loss=1.4033 val_acc=0.000
      ep17 train_loss=1.0126 train_acc=0.650 | val_loss=1.3676 val_acc=0.333
      ep18 train_loss=0.9462 train_acc=0.728 | val_loss=0.9937 val_acc=0.333
      ep19 train_loss=1.0041 train_acc=0.675 | val_loss=1.0954 val_acc=0.333
      ep20 train_loss=1.0079 train_acc=0.700 | val_loss=1.0645 val_acc=0.333
      ep21 train_loss=0.9946 train_acc=0.695 | val_loss=1.1136 val_acc=0.333
      ep22 train_loss=0.9607 train_acc=0.733 | val_loss=0.9837 val_acc=0.333
      ep23 train_loss=0.9672 train_acc=0.749 | val_loss=1.1735 val_acc=0.333
      ep24 train_loss=1.0053 train_acc=0.691 | val_loss=1.1045 val_acc=0.333
    fold acc=0.667 time=237.3s | running pooled acc=0.494

--- Fold 19/26 | test sub19 (15 test, 231 train) ---
      ep00 train_loss=1.8435 train_acc=0.216 | val_loss=1.5623 val_acc=0.200
      ep01 train_loss=1.7506 train_acc=0.216 | val_loss=1.3073 val_acc=0.467
      ep02 train_loss=1.5920 train_acc=0.364 | val_loss=1.2611 val_acc=0.533
      ep03 train_loss=1.4454 train_acc=0.420 | val_loss=1.3727 val_acc=0.400
      ep04 train_loss=1.4716 train_acc=0.411 | val_loss=2.2796 val_acc=0.467
      ep05 train_loss=1.3802 train_acc=0.481 | val_loss=1.7299 val_acc=0.267
      ep06 train_loss=1.3379 train_acc=0.485 | val_loss=1.1589 val_acc=0.467
      ep07 train_loss=1.2840 train_acc=0.481 | val_loss=1.2057 val_acc=0.600
      ep08 train_loss=1.2644 train_acc=0.545 | val_loss=1.0463 val_acc=0.733
      ep09 train_loss=1.2533 train_acc=0.524 | val_loss=1.0939 val_acc=0.600
      ep10 train_loss=1.1415 train_acc=0.619 | val_loss=1.1271 val_acc=0.600
      ep11 train_loss=1.2202 train_acc=0.545 | val_loss=1.0334 val_acc=0.667
      ep12 train_loss=1.3335 train_acc=0.532 | val_loss=1.3282 val_acc=0.533
      ep13 train_loss=1.1884 train_acc=0.541 | val_loss=0.8635 val_acc=0.667
      ep14 train_loss=1.1880 train_acc=0.558 | val_loss=0.8486 val_acc=0.667
      ep15 train_loss=1.0936 train_acc=0.658 | val_loss=1.0243 val_acc=0.600
      ep16 train_loss=1.2005 train_acc=0.602 | val_loss=0.9088 val_acc=0.733
      ep17 train_loss=1.0654 train_acc=0.641 | val_loss=0.9181 val_acc=0.733
      ep18 train_loss=1.0733 train_acc=0.636 | val_loss=0.9736 val_acc=0.600
      ep19 train_loss=1.1195 train_acc=0.623 | val_loss=1.0429 val_acc=0.667
      ep20 train_loss=1.0361 train_acc=0.671 | val_loss=0.9446 val_acc=0.733
      ep21 train_loss=1.0411 train_acc=0.684 | val_loss=0.9863 val_acc=0.667
      ep22 train_loss=1.0760 train_acc=0.671 | val_loss=1.0377 val_acc=0.733
      ep23 train_loss=1.0307 train_acc=0.697 | val_loss=0.9953 val_acc=0.800
      ep24 train_loss=1.0400 train_acc=0.667 | val_loss=0.9594 val_acc=0.733
    fold acc=0.733 time=235.5s | running pooled acc=0.513

--- Fold 20/26 | test sub20 (11 test, 235 train) ---
      ep00 train_loss=1.7876 train_acc=0.213 | val_loss=1.6598 val_acc=0.000
      ep01 train_loss=1.7137 train_acc=0.264 | val_loss=1.1207 val_acc=0.727
      ep02 train_loss=1.4623 train_acc=0.391 | val_loss=2.4662 val_acc=0.000
      ep03 train_loss=1.4464 train_acc=0.430 | val_loss=2.5435 val_acc=0.000
      ep04 train_loss=1.3559 train_acc=0.472 | val_loss=0.9993 val_acc=0.364
      ep05 train_loss=1.3437 train_acc=0.494 | val_loss=3.1835 val_acc=0.000
      ep06 train_loss=1.3075 train_acc=0.464 | val_loss=2.1454 val_acc=0.091
      ep07 train_loss=1.2492 train_acc=0.515 | val_loss=1.4454 val_acc=0.364
      ep08 train_loss=1.2763 train_acc=0.511 | val_loss=0.8479 val_acc=0.636
      ep09 train_loss=1.2045 train_acc=0.570 | val_loss=1.6957 val_acc=0.364
      ep10 train_loss=1.2080 train_acc=0.549 | val_loss=1.6651 val_acc=0.273
      ep11 train_loss=1.2502 train_acc=0.528 | val_loss=1.6927 val_acc=0.091
      ep12 train_loss=1.1179 train_acc=0.617 | val_loss=1.4190 val_acc=0.364
      ep13 train_loss=1.1671 train_acc=0.604 | val_loss=1.4747 val_acc=0.273
      ep14 train_loss=1.0948 train_acc=0.617 | val_loss=1.8725 val_acc=0.091
      ep15 train_loss=1.0546 train_acc=0.651 | val_loss=1.1636 val_acc=0.545
      ep16 train_loss=1.0361 train_acc=0.698 | val_loss=1.2536 val_acc=0.273
      ep17 train_loss=1.0537 train_acc=0.617 | val_loss=1.6248 val_acc=0.273
      ep18 train_loss=1.0655 train_acc=0.681 | val_loss=1.2249 val_acc=0.364
      ep19 train_loss=0.9870 train_acc=0.706 | val_loss=1.0877 val_acc=0.455
      ep20 train_loss=0.9839 train_acc=0.719 | val_loss=1.3323 val_acc=0.364
      ep21 train_loss=1.0574 train_acc=0.647 | val_loss=1.1714 val_acc=0.364
      ep22 train_loss=0.9738 train_acc=0.715 | val_loss=1.1651 val_acc=0.364
      ep23 train_loss=0.9574 train_acc=0.723 | val_loss=1.3101 val_acc=0.455
      ep24 train_loss=1.0364 train_acc=0.668 | val_loss=1.1608 val_acc=0.364
    fold acc=0.455 time=236.8s | running pooled acc=0.510

--- Fold 21/26 | test sub21 (2 test, 244 train) ---
      ep00 train_loss=1.7721 train_acc=0.250 | val_loss=1.6294 val_acc=0.000
      ep01 train_loss=1.6620 train_acc=0.320 | val_loss=2.1172 val_acc=0.000
      ep02 train_loss=1.5763 train_acc=0.381 | val_loss=1.5048 val_acc=0.000
      ep03 train_loss=1.5225 train_acc=0.373 | val_loss=1.4028 val_acc=0.500
      ep04 train_loss=1.4836 train_acc=0.406 | val_loss=1.8712 val_acc=0.000
      ep05 train_loss=1.4242 train_acc=0.455 | val_loss=1.8062 val_acc=0.000
      ep06 train_loss=1.3178 train_acc=0.455 | val_loss=2.3310 val_acc=0.000
      ep07 train_loss=1.2052 train_acc=0.549 | val_loss=4.0974 val_acc=0.000
      ep08 train_loss=1.3108 train_acc=0.455 | val_loss=2.2715 val_acc=0.000
      ep09 train_loss=1.1572 train_acc=0.623 | val_loss=2.1278 val_acc=0.500
      ep10 train_loss=1.2273 train_acc=0.553 | val_loss=2.7075 val_acc=0.000
      ep11 train_loss=1.2255 train_acc=0.578 | val_loss=2.9351 val_acc=0.000
      ep12 train_loss=1.1532 train_acc=0.627 | val_loss=1.7697 val_acc=0.000
      ep13 train_loss=1.1333 train_acc=0.594 | val_loss=2.4412 val_acc=0.500
      ep14 train_loss=1.0960 train_acc=0.668 | val_loss=2.2747 val_acc=0.000
      ep15 train_loss=1.1205 train_acc=0.594 | val_loss=3.2425 val_acc=0.000
      ep16 train_loss=0.9827 train_acc=0.672 | val_loss=2.7447 val_acc=0.000
      ep17 train_loss=1.1103 train_acc=0.619 | val_loss=2.8481 val_acc=0.000
      ep18 train_loss=1.0525 train_acc=0.652 | val_loss=2.8520 val_acc=0.000
      ep19 train_loss=0.9960 train_acc=0.684 | val_loss=2.8333 val_acc=0.000
      ep20 train_loss=1.1065 train_acc=0.652 | val_loss=2.5895 val_acc=0.000
      ep21 train_loss=1.0193 train_acc=0.680 | val_loss=2.8015 val_acc=0.000
      ep22 train_loss=1.0230 train_acc=0.672 | val_loss=2.5919 val_acc=0.000
      ep23 train_loss=1.0183 train_acc=0.676 | val_loss=2.7687 val_acc=0.000
      ep24 train_loss=1.0143 train_acc=0.676 | val_loss=2.7127 val_acc=0.000
    fold acc=0.000 time=238.8s | running pooled acc=0.505

--- Fold 22/26 | test sub22 (2 test, 244 train) ---
      ep00 train_loss=1.7870 train_acc=0.246 | val_loss=1.3016 val_acc=0.000
      ep01 train_loss=1.6736 train_acc=0.316 | val_loss=1.4489 val_acc=0.000
      ep02 train_loss=1.5618 train_acc=0.402 | val_loss=1.6955 val_acc=0.000
      ep03 train_loss=1.5476 train_acc=0.410 | val_loss=1.7736 val_acc=0.000
      ep04 train_loss=1.5285 train_acc=0.352 | val_loss=1.2754 val_acc=0.000
      ep05 train_loss=1.4487 train_acc=0.475 | val_loss=0.7777 val_acc=1.000
      ep06 train_loss=1.3071 train_acc=0.467 | val_loss=1.9225 val_acc=0.000
      ep07 train_loss=1.2502 train_acc=0.525 | val_loss=1.6196 val_acc=0.000
      ep08 train_loss=1.3464 train_acc=0.434 | val_loss=0.8690 val_acc=1.000
      ep09 train_loss=1.1543 train_acc=0.578 | val_loss=2.8333 val_acc=0.000
      ep10 train_loss=1.1856 train_acc=0.578 | val_loss=0.3327 val_acc=1.000
      ep11 train_loss=1.2041 train_acc=0.578 | val_loss=2.0085 val_acc=0.000
      ep12 train_loss=1.1232 train_acc=0.635 | val_loss=0.3043 val_acc=1.000
      ep13 train_loss=1.1019 train_acc=0.652 | val_loss=1.2772 val_acc=0.500
      ep14 train_loss=1.1220 train_acc=0.639 | val_loss=0.4339 val_acc=1.000
      ep15 train_loss=1.0779 train_acc=0.619 | val_loss=1.6547 val_acc=0.000
      ep16 train_loss=0.9822 train_acc=0.709 | val_loss=0.4604 val_acc=1.000
      ep17 train_loss=1.0917 train_acc=0.631 | val_loss=0.6119 val_acc=1.000
      ep18 train_loss=1.0584 train_acc=0.680 | val_loss=0.8281 val_acc=1.000
      ep19 train_loss=1.0017 train_acc=0.717 | val_loss=0.5787 val_acc=1.000
      ep20 train_loss=1.0882 train_acc=0.676 | val_loss=0.3923 val_acc=1.000
      ep21 train_loss=1.0101 train_acc=0.664 | val_loss=0.2569 val_acc=1.000
      ep22 train_loss=1.0316 train_acc=0.676 | val_loss=0.2499 val_acc=1.000
      ep23 train_loss=0.9950 train_acc=0.693 | val_loss=0.2530 val_acc=1.000
      ep24 train_loss=0.9890 train_acc=0.697 | val_loss=0.3358 val_acc=1.000
    fold acc=1.000 time=237.2s | running pooled acc=0.510

--- Fold 23/26 | test sub23 (12 test, 234 train) ---
      ep00 train_loss=1.8069 train_acc=0.252 | val_loss=1.4523 val_acc=0.333
      ep01 train_loss=1.6299 train_acc=0.346 | val_loss=1.2359 val_acc=0.333
      ep02 train_loss=1.5488 train_acc=0.380 | val_loss=1.1950 val_acc=0.417
      ep03 train_loss=1.4993 train_acc=0.427 | val_loss=1.1371 val_acc=0.417
      ep04 train_loss=1.4171 train_acc=0.444 | val_loss=1.0635 val_acc=0.667
      ep05 train_loss=1.3908 train_acc=0.415 | val_loss=1.1413 val_acc=0.583
      ep06 train_loss=1.3609 train_acc=0.483 | val_loss=1.4523 val_acc=0.417
      ep07 train_loss=1.2695 train_acc=0.538 | val_loss=1.2240 val_acc=0.583
      ep08 train_loss=1.2936 train_acc=0.526 | val_loss=0.7754 val_acc=0.833
      ep09 train_loss=1.2581 train_acc=0.526 | val_loss=1.1731 val_acc=0.417
      ep10 train_loss=1.1902 train_acc=0.573 | val_loss=1.2827 val_acc=0.500
      ep11 train_loss=1.2034 train_acc=0.556 | val_loss=1.2435 val_acc=0.417
      ep12 train_loss=1.1630 train_acc=0.615 | val_loss=0.7789 val_acc=0.667
      ep13 train_loss=1.1505 train_acc=0.568 | val_loss=1.0401 val_acc=0.583
      ep14 train_loss=1.0839 train_acc=0.637 | val_loss=0.8285 val_acc=0.667
      ep15 train_loss=1.0581 train_acc=0.641 | val_loss=0.8215 val_acc=0.750
      ep16 train_loss=1.1614 train_acc=0.620 | val_loss=0.9119 val_acc=0.667
      ep17 train_loss=1.0737 train_acc=0.624 | val_loss=0.7739 val_acc=0.667
      ep18 train_loss=1.0818 train_acc=0.641 | val_loss=0.7559 val_acc=0.667
      ep19 train_loss=1.0346 train_acc=0.667 | val_loss=0.8740 val_acc=0.667
      ep20 train_loss=1.0156 train_acc=0.714 | val_loss=0.7758 val_acc=0.583
      ep21 train_loss=0.9916 train_acc=0.684 | val_loss=0.7505 val_acc=0.667
      ep22 train_loss=1.0465 train_acc=0.650 | val_loss=0.7428 val_acc=0.667
      ep23 train_loss=1.0239 train_acc=0.667 | val_loss=0.8222 val_acc=0.583
      ep24 train_loss=0.9920 train_acc=0.692 | val_loss=0.8250 val_acc=0.583
    fold acc=0.750 time=236.7s | running pooled acc=0.523

--- Fold 24/26 | test sub24 (7 test, 239 train) ---
      ep00 train_loss=1.7354 train_acc=0.255 | val_loss=1.4456 val_acc=0.571
      ep01 train_loss=1.5531 train_acc=0.318 | val_loss=1.4096 val_acc=0.286
      ep02 train_loss=1.5517 train_acc=0.351 | val_loss=1.0311 val_acc=0.429
      ep03 train_loss=1.5086 train_acc=0.389 | val_loss=1.5677 val_acc=0.143
      ep04 train_loss=1.4397 train_acc=0.435 | val_loss=1.1167 val_acc=0.429
      ep05 train_loss=1.3233 train_acc=0.473 | val_loss=2.2206 val_acc=0.143
      ep06 train_loss=1.2854 train_acc=0.527 | val_loss=1.4983 val_acc=0.286
      ep07 train_loss=1.2989 train_acc=0.523 | val_loss=1.7420 val_acc=0.429
      ep08 train_loss=1.3135 train_acc=0.498 | val_loss=1.3704 val_acc=0.286
      ep09 train_loss=1.1301 train_acc=0.598 | val_loss=2.2888 val_acc=0.143
      ep10 train_loss=1.1873 train_acc=0.573 | val_loss=1.2392 val_acc=0.286
      ep11 train_loss=1.2140 train_acc=0.548 | val_loss=1.5090 val_acc=0.143
      ep12 train_loss=1.1637 train_acc=0.565 | val_loss=1.8308 val_acc=0.143
      ep13 train_loss=1.1042 train_acc=0.611 | val_loss=1.5467 val_acc=0.143
      ep14 train_loss=1.0897 train_acc=0.653 | val_loss=1.1458 val_acc=0.429
      ep15 train_loss=1.0577 train_acc=0.636 | val_loss=1.5478 val_acc=0.143
      ep16 train_loss=1.1291 train_acc=0.653 | val_loss=1.1830 val_acc=0.429
      ep17 train_loss=1.0611 train_acc=0.640 | val_loss=1.4657 val_acc=0.286
      ep18 train_loss=1.0062 train_acc=0.690 | val_loss=1.3957 val_acc=0.286
      ep19 train_loss=1.0371 train_acc=0.707 | val_loss=1.5644 val_acc=0.286
      ep20 train_loss=1.0084 train_acc=0.686 | val_loss=1.4515 val_acc=0.143
      ep21 train_loss=0.9390 train_acc=0.711 | val_loss=1.4819 val_acc=0.143
      ep22 train_loss=0.9766 train_acc=0.699 | val_loss=1.4284 val_acc=0.286
      ep23 train_loss=0.9372 train_acc=0.762 | val_loss=1.4289 val_acc=0.286
      ep24 train_loss=0.9740 train_acc=0.749 | val_loss=1.4789 val_acc=0.143
    fold acc=0.429 time=240.4s | running pooled acc=0.520

--- Fold 25/26 | test sub25 (7 test, 239 train) ---
      ep00 train_loss=1.7454 train_acc=0.255 | val_loss=1.7409 val_acc=0.000
      ep01 train_loss=1.5547 train_acc=0.351 | val_loss=1.6124 val_acc=0.429
      ep02 train_loss=1.5371 train_acc=0.372 | val_loss=1.2991 val_acc=0.429
      ep03 train_loss=1.4710 train_acc=0.381 | val_loss=1.8681 val_acc=0.143
      ep04 train_loss=1.4087 train_acc=0.427 | val_loss=1.5003 val_acc=0.429
      ep05 train_loss=1.3240 train_acc=0.469 | val_loss=1.7433 val_acc=0.143
      ep06 train_loss=1.2876 train_acc=0.502 | val_loss=1.3865 val_acc=0.429
      ep07 train_loss=1.3010 train_acc=0.510 | val_loss=1.1807 val_acc=0.429
      ep08 train_loss=1.2459 train_acc=0.544 | val_loss=1.2732 val_acc=0.429
      ep09 train_loss=1.1652 train_acc=0.577 | val_loss=1.1972 val_acc=0.714
      ep10 train_loss=1.2176 train_acc=0.565 | val_loss=1.2522 val_acc=0.429
      ep11 train_loss=1.2323 train_acc=0.556 | val_loss=1.2346 val_acc=0.429
      ep12 train_loss=1.2080 train_acc=0.565 | val_loss=1.1376 val_acc=0.571
      ep13 train_loss=1.1082 train_acc=0.623 | val_loss=1.4186 val_acc=0.429
      ep14 train_loss=1.0826 train_acc=0.640 | val_loss=1.2846 val_acc=0.429
      ep15 train_loss=1.0636 train_acc=0.598 | val_loss=1.2816 val_acc=0.286
      ep16 train_loss=1.1360 train_acc=0.623 | val_loss=1.3149 val_acc=0.429
      ep17 train_loss=1.0528 train_acc=0.640 | val_loss=1.2223 val_acc=0.429
      ep18 train_loss=1.0045 train_acc=0.707 | val_loss=1.2831 val_acc=0.286
      ep19 train_loss=1.0437 train_acc=0.678 | val_loss=1.5194 val_acc=0.286
      ep20 train_loss=1.0375 train_acc=0.649 | val_loss=1.4308 val_acc=0.286
      ep21 train_loss=0.9581 train_acc=0.665 | val_loss=1.3857 val_acc=0.286
      ep22 train_loss=0.9936 train_acc=0.724 | val_loss=1.4110 val_acc=0.286
      ep23 train_loss=0.9630 train_acc=0.711 | val_loss=1.4696 val_acc=0.286
      ep24 train_loss=1.0218 train_acc=0.711 | val_loss=1.3738 val_acc=0.286
    fold acc=0.571 time=235.9s | running pooled acc=0.522

--- Fold 26/26 | test sub26 (16 test, 230 train) ---
      ep00 train_loss=1.8246 train_acc=0.235 | val_loss=1.6221 val_acc=0.000
      ep01 train_loss=1.6284 train_acc=0.313 | val_loss=1.0764 val_acc=0.625
      ep02 train_loss=1.5235 train_acc=0.365 | val_loss=1.3675 val_acc=0.438
      ep03 train_loss=1.5196 train_acc=0.400 | val_loss=1.2237 val_acc=0.562
      ep04 train_loss=1.4635 train_acc=0.409 | val_loss=1.2808 val_acc=0.500
      ep05 train_loss=1.3906 train_acc=0.483 | val_loss=1.9773 val_acc=0.312
      ep06 train_loss=1.2502 train_acc=0.557 | val_loss=1.3944 val_acc=0.375
      ep07 train_loss=1.2677 train_acc=0.500 | val_loss=1.0531 val_acc=0.500
      ep08 train_loss=1.2459 train_acc=0.504 | val_loss=1.2430 val_acc=0.500
      ep09 train_loss=1.2726 train_acc=0.530 | val_loss=1.3619 val_acc=0.438
      ep10 train_loss=1.1239 train_acc=0.609 | val_loss=1.4433 val_acc=0.375
      ep11 train_loss=1.1711 train_acc=0.574 | val_loss=1.2851 val_acc=0.562
      ep12 train_loss=1.1297 train_acc=0.591 | val_loss=1.4192 val_acc=0.312
      ep13 train_loss=1.0875 train_acc=0.622 | val_loss=1.7055 val_acc=0.250
      ep14 train_loss=1.0535 train_acc=0.657 | val_loss=1.6538 val_acc=0.375
      ep15 train_loss=1.0897 train_acc=0.639 | val_loss=1.2207 val_acc=0.438
      ep16 train_loss=1.0415 train_acc=0.691 | val_loss=1.3911 val_acc=0.438
      ep17 train_loss=0.9882 train_acc=0.674 | val_loss=1.1690 val_acc=0.625
      ep18 train_loss=1.0113 train_acc=0.678 | val_loss=1.8237 val_acc=0.250
      ep19 train_loss=1.0420 train_acc=0.678 | val_loss=1.4169 val_acc=0.625
      ep20 train_loss=1.0093 train_acc=0.678 | val_loss=1.3233 val_acc=0.562
      ep21 train_loss=0.9790 train_acc=0.691 | val_loss=1.3842 val_acc=0.562
      ep22 train_loss=0.9806 train_acc=0.713 | val_loss=1.3683 val_acc=0.562
      ep23 train_loss=0.9696 train_acc=0.717 | val_loss=1.3286 val_acc=0.562
      ep24 train_loss=0.9261 train_acc=0.743 | val_loss=1.3348 val_acc=0.562
    fold acc=0.562 time=235.8s | running pooled acc=0.524

=== FINAL (pooled LOSO) ===
UF1 = 0.5602
UAR = 0.5980
ACC = 0.5244
per-class F1: happiness=0.585, disgust=0.538, repression=0.440, surprise=0.830, others=0.407
per-class recall: happiness=0.750, disgust=0.619, repression=0.407, surprise=0.880, others=0.333
confusion matrix (rows=true):
        happin disgus repres surpri others
happine     24      1      1      2      4
disgust      4     39      4      0     16
repress      2      3     11      2      9
surpris      1      0      1     22      1
 others     19     39      6      2     33

saved to D:\AI-Projects\casmeII-new-from-sequence-model\experiments\iter_28_seqflow
elapsed 6143.2s
