=== PROTOCOL V2 iter_105_focus_rnn_nopretrain_full_s42_v2_dev_loso_all_p5 ===
time: 2026-08-07T01:15:21.938107 | role: dev
device: cuda (NVIDIA GeForce RTX 3060)
platform: Windows-10-10.0.26200-SP0 | torch 2.6.0+cu124
loading 246 cached arrays
segmentation attention: 6 region per sampel dari regionmask144 (mode=static)
fixed split loaded: 21 development subjects, 5 sealed audit subjects
!! LOSO over ALL 26 subjects -- AUDIT SEAL BROKEN. This number is comparable to published LOSO results, and the audit split can no longer serve as an untouched final check.
fold 1/26: 25 train subjects / 1 validation subjects; 237 train / 9 validation samples
      ep00 train_loss=1.6251 train_acc=0.325 | val_loss=2.5030 val_acc=0.111
      ep01 train_loss=1.4892 train_acc=0.354 | val_loss=1.3529 val_acc=0.333
      ep02 train_loss=1.4313 train_acc=0.426 | val_loss=1.5136 val_acc=0.000
      ep03 train_loss=1.3988 train_acc=0.422 | val_loss=1.2404 val_acc=0.333
      ep04 train_loss=1.3134 train_acc=0.498 | val_loss=1.5425 val_acc=0.222
      ep05 train_loss=1.2175 train_acc=0.498 | val_loss=0.9962 val_acc=0.556
      ep06 train_loss=1.2219 train_acc=0.506 | val_loss=1.2277 val_acc=0.333
      ep07 train_loss=1.1782 train_acc=0.553 | val_loss=1.0683 val_acc=0.556
      ep08 train_loss=1.1360 train_acc=0.553 | val_loss=1.2253 val_acc=0.333
      ep09 train_loss=1.1011 train_acc=0.646 | val_loss=1.3497 val_acc=0.333
      ep10 train_loss=1.0973 train_acc=0.565 | val_loss=1.1161 val_acc=0.444
      ep11 train_loss=1.0258 train_acc=0.679 | val_loss=1.1891 val_acc=0.333
      ep12 train_loss=1.0417 train_acc=0.641 | val_loss=1.3445 val_acc=0.222
      ep13 train_loss=0.9970 train_acc=0.633 | val_loss=1.0454 val_acc=0.444
      ep14 train_loss=0.9882 train_acc=0.667 | val_loss=1.0841 val_acc=0.444
      ep15 train_loss=0.9198 train_acc=0.730 | val_loss=1.2034 val_acc=0.444
      ep16 train_loss=0.9357 train_acc=0.743 | val_loss=1.2130 val_acc=0.556
      ep17 train_loss=0.9561 train_acc=0.709 | val_loss=1.3052 val_acc=0.333
      ep18 train_loss=0.8592 train_acc=0.726 | val_loss=1.1676 val_acc=0.444
      ep19 train_loss=0.8682 train_acc=0.755 | val_loss=1.1696 val_acc=0.444
      ep20 train_loss=0.8897 train_acc=0.722 | val_loss=1.1201 val_acc=0.333
      ep21 train_loss=0.8585 train_acc=0.802 | val_loss=1.1167 val_acc=0.444
      ep22 train_loss=0.8267 train_acc=0.764 | val_loss=1.0960 val_acc=0.333
      saved re-evaluation checkpoint fold0_ep22.pt
      ep23 train_loss=0.8233 train_acc=0.764 | val_loss=1.1383 val_acc=0.333
      saved re-evaluation checkpoint fold0_ep23.pt
      ep24 train_loss=0.8401 train_acc=0.768 | val_loss=1.1093 val_acc=0.333
      saved re-evaluation checkpoint fold0_ep24.pt
fold result: UF1=0.1600 UAR=0.1667 ACC=0.3333
fold 2/26: 25 train subjects / 1 validation subjects; 233 train / 13 validation samples
      ep00 train_loss=1.6611 train_acc=0.262 | val_loss=1.3510 val_acc=0.615
      ep01 train_loss=1.5479 train_acc=0.403 | val_loss=1.1358 val_acc=0.462
      ep02 train_loss=1.4845 train_acc=0.403 | val_loss=1.1004 val_acc=0.538
      ep03 train_loss=1.3221 train_acc=0.519 | val_loss=1.6656 val_acc=0.308
      ep04 train_loss=1.3155 train_acc=0.459 | val_loss=1.7232 val_acc=0.231
      ep05 train_loss=1.2992 train_acc=0.502 | val_loss=1.9187 val_acc=0.385
      ep06 train_loss=1.1526 train_acc=0.597 | val_loss=1.8160 val_acc=0.385
      ep07 train_loss=1.1592 train_acc=0.605 | val_loss=1.8267 val_acc=0.385
      ep08 train_loss=1.0873 train_acc=0.588 | val_loss=1.8084 val_acc=0.308
      ep09 train_loss=1.1339 train_acc=0.588 | val_loss=1.6994 val_acc=0.462
      ep10 train_loss=1.0353 train_acc=0.622 | val_loss=2.1713 val_acc=0.231
      ep11 train_loss=1.0531 train_acc=0.631 | val_loss=2.1848 val_acc=0.308
      ep12 train_loss=1.0068 train_acc=0.712 | val_loss=1.6186 val_acc=0.385
      ep13 train_loss=0.9711 train_acc=0.687 | val_loss=1.6627 val_acc=0.385
      ep14 train_loss=0.9614 train_acc=0.712 | val_loss=1.8035 val_acc=0.385
      ep15 train_loss=1.0269 train_acc=0.652 | val_loss=1.5935 val_acc=0.462
      ep16 train_loss=0.8908 train_acc=0.734 | val_loss=1.7431 val_acc=0.462
      ep17 train_loss=0.9115 train_acc=0.755 | val_loss=1.5439 val_acc=0.462
      ep18 train_loss=0.9347 train_acc=0.721 | val_loss=1.4471 val_acc=0.538
      ep19 train_loss=0.9126 train_acc=0.794 | val_loss=1.6050 val_acc=0.538
      ep20 train_loss=0.9327 train_acc=0.751 | val_loss=1.5071 val_acc=0.462
      ep21 train_loss=0.9119 train_acc=0.755 | val_loss=1.5315 val_acc=0.462
      ep22 train_loss=0.8506 train_acc=0.768 | val_loss=1.4809 val_acc=0.462
      saved re-evaluation checkpoint fold1_ep22.pt
      ep23 train_loss=0.8896 train_acc=0.773 | val_loss=1.5218 val_acc=0.462
      saved re-evaluation checkpoint fold1_ep23.pt
      ep24 train_loss=0.8602 train_acc=0.777 | val_loss=1.5493 val_acc=0.462
      saved re-evaluation checkpoint fold1_ep24.pt
fold result: UF1=0.3300 UAR=0.3300 ACC=0.4615
fold 3/26: 25 train subjects / 1 validation subjects; 239 train / 7 validation samples
      ep00 train_loss=1.6642 train_acc=0.276 | val_loss=1.9621 val_acc=0.000
      ep01 train_loss=1.4485 train_acc=0.423 | val_loss=1.7956 val_acc=0.143
      ep02 train_loss=1.3117 train_acc=0.439 | val_loss=1.7993 val_acc=0.286
      ep03 train_loss=1.3439 train_acc=0.485 | val_loss=1.3668 val_acc=0.286
      ep04 train_loss=1.2893 train_acc=0.527 | val_loss=1.5756 val_acc=0.286
      ep05 train_loss=1.1896 train_acc=0.531 | val_loss=1.8352 val_acc=0.143
      ep06 train_loss=1.1659 train_acc=0.623 | val_loss=2.1003 val_acc=0.286
      ep07 train_loss=1.1505 train_acc=0.544 | val_loss=1.4497 val_acc=0.286
      ep08 train_loss=1.0844 train_acc=0.594 | val_loss=2.2803 val_acc=0.286
      ep09 train_loss=1.0652 train_acc=0.603 | val_loss=1.3969 val_acc=0.429
      ep10 train_loss=1.1383 train_acc=0.611 | val_loss=1.5242 val_acc=0.286
      ep11 train_loss=0.9940 train_acc=0.632 | val_loss=1.2299 val_acc=0.429
      ep12 train_loss=0.9595 train_acc=0.636 | val_loss=1.2621 val_acc=0.571
      ep13 train_loss=0.9628 train_acc=0.690 | val_loss=1.2656 val_acc=0.429
      ep14 train_loss=0.9766 train_acc=0.715 | val_loss=1.3026 val_acc=0.429
      ep15 train_loss=0.9130 train_acc=0.749 | val_loss=1.4020 val_acc=0.429
      ep16 train_loss=0.9233 train_acc=0.724 | val_loss=1.3296 val_acc=0.429
      ep17 train_loss=0.9027 train_acc=0.736 | val_loss=1.2325 val_acc=0.571
      ep18 train_loss=0.8578 train_acc=0.741 | val_loss=1.1332 val_acc=0.571
      ep19 train_loss=0.8785 train_acc=0.791 | val_loss=1.2080 val_acc=0.571
      ep20 train_loss=0.8371 train_acc=0.724 | val_loss=1.3768 val_acc=0.429
      ep21 train_loss=0.8557 train_acc=0.778 | val_loss=1.4362 val_acc=0.429
      ep22 train_loss=0.8664 train_acc=0.749 | val_loss=1.1755 val_acc=0.571
      saved re-evaluation checkpoint fold2_ep22.pt
      ep23 train_loss=0.8221 train_acc=0.770 | val_loss=1.3453 val_acc=0.429
      saved re-evaluation checkpoint fold2_ep23.pt
      ep24 train_loss=0.7964 train_acc=0.791 | val_loss=1.2347 val_acc=0.571
      saved re-evaluation checkpoint fold2_ep24.pt
fold result: UF1=0.3143 UAR=0.3000 ACC=0.4286
fold 4/26: 25 train subjects / 1 validation subjects; 241 train / 5 validation samples
      ep00 train_loss=1.6720 train_acc=0.274 | val_loss=1.9855 val_acc=0.000
      ep01 train_loss=1.5369 train_acc=0.344 | val_loss=1.2378 val_acc=0.400
      ep02 train_loss=1.4343 train_acc=0.415 | val_loss=1.4580 val_acc=0.200
      ep03 train_loss=1.3647 train_acc=0.456 | val_loss=1.0726 val_acc=0.400
      ep04 train_loss=1.2769 train_acc=0.519 | val_loss=0.9455 val_acc=0.400
      ep05 train_loss=1.2083 train_acc=0.527 | val_loss=1.0166 val_acc=0.400
      ep06 train_loss=1.1859 train_acc=0.614 | val_loss=1.0926 val_acc=0.400
      ep07 train_loss=1.2141 train_acc=0.556 | val_loss=0.8702 val_acc=0.600
      ep08 train_loss=1.1414 train_acc=0.568 | val_loss=1.1684 val_acc=0.400
      ep09 train_loss=1.0813 train_acc=0.622 | val_loss=1.0109 val_acc=0.600
      ep10 train_loss=1.1054 train_acc=0.593 | val_loss=0.9542 val_acc=0.600
      ep11 train_loss=1.0542 train_acc=0.614 | val_loss=0.7045 val_acc=0.800
      ep12 train_loss=1.0126 train_acc=0.627 | val_loss=0.6374 val_acc=0.800
      ep13 train_loss=1.0495 train_acc=0.593 | val_loss=0.5796 val_acc=0.600
      ep14 train_loss=0.9776 train_acc=0.718 | val_loss=0.7031 val_acc=0.800
      ep15 train_loss=0.9440 train_acc=0.664 | val_loss=0.5036 val_acc=0.800
      ep16 train_loss=0.9167 train_acc=0.685 | val_loss=0.5312 val_acc=0.800
      ep17 train_loss=0.8703 train_acc=0.739 | val_loss=0.5156 val_acc=0.800
      ep18 train_loss=0.8889 train_acc=0.755 | val_loss=0.4446 val_acc=0.800
      ep19 train_loss=0.9249 train_acc=0.751 | val_loss=0.5436 val_acc=0.800
      ep20 train_loss=0.8474 train_acc=0.755 | val_loss=0.6335 val_acc=0.800
      ep21 train_loss=0.8713 train_acc=0.743 | val_loss=0.4724 val_acc=0.800
      ep22 train_loss=0.8262 train_acc=0.755 | val_loss=0.5995 val_acc=0.600
      saved re-evaluation checkpoint fold3_ep22.pt
      ep23 train_loss=0.8353 train_acc=0.788 | val_loss=0.4937 val_acc=0.800
      saved re-evaluation checkpoint fold3_ep23.pt
      ep24 train_loss=0.8246 train_acc=0.793 | val_loss=0.5557 val_acc=0.800
      saved re-evaluation checkpoint fold3_ep24.pt
fold result: UF1=0.2667 UAR=0.2333 ACC=0.6000
fold 5/26: 25 train subjects / 1 validation subjects; 227 train / 19 validation samples
      ep00 train_loss=1.6476 train_acc=0.273 | val_loss=1.6338 val_acc=0.211
      ep01 train_loss=1.4921 train_acc=0.383 | val_loss=1.3953 val_acc=0.316
      ep02 train_loss=1.4692 train_acc=0.401 | val_loss=1.6873 val_acc=0.368
      ep03 train_loss=1.4069 train_acc=0.463 | val_loss=1.6085 val_acc=0.368
      ep04 train_loss=1.2982 train_acc=0.463 | val_loss=1.2917 val_acc=0.474
      ep05 train_loss=1.1616 train_acc=0.520 | val_loss=1.6348 val_acc=0.211
      ep06 train_loss=1.1612 train_acc=0.581 | val_loss=1.6142 val_acc=0.474
      ep07 train_loss=1.2062 train_acc=0.555 | val_loss=1.2836 val_acc=0.421
      ep08 train_loss=1.1595 train_acc=0.590 | val_loss=1.3308 val_acc=0.526
      ep09 train_loss=1.0896 train_acc=0.612 | val_loss=1.6191 val_acc=0.368
      ep10 train_loss=1.0905 train_acc=0.604 | val_loss=1.4133 val_acc=0.421
      ep11 train_loss=1.0477 train_acc=0.643 | val_loss=1.4846 val_acc=0.421
      ep12 train_loss=1.0274 train_acc=0.652 | val_loss=1.6375 val_acc=0.316
      ep13 train_loss=0.9495 train_acc=0.687 | val_loss=1.7525 val_acc=0.368
      ep14 train_loss=0.9771 train_acc=0.696 | val_loss=1.4564 val_acc=0.474
      ep15 train_loss=0.9158 train_acc=0.722 | val_loss=1.3556 val_acc=0.526
      ep16 train_loss=0.9242 train_acc=0.718 | val_loss=1.3574 val_acc=0.526
      ep17 train_loss=0.8946 train_acc=0.758 | val_loss=1.4354 val_acc=0.474
      ep18 train_loss=0.8601 train_acc=0.744 | val_loss=1.6007 val_acc=0.421
      ep19 train_loss=0.8838 train_acc=0.749 | val_loss=1.5059 val_acc=0.421
      ep20 train_loss=0.8489 train_acc=0.784 | val_loss=1.4632 val_acc=0.421
      ep21 train_loss=0.8851 train_acc=0.775 | val_loss=1.4269 val_acc=0.474
      ep22 train_loss=0.8543 train_acc=0.789 | val_loss=1.4388 val_acc=0.421
      saved re-evaluation checkpoint fold4_ep22.pt
      ep23 train_loss=0.8223 train_acc=0.806 | val_loss=1.4070 val_acc=0.368
      saved re-evaluation checkpoint fold4_ep23.pt
      ep24 train_loss=0.8500 train_acc=0.797 | val_loss=1.3537 val_acc=0.474
      saved re-evaluation checkpoint fold4_ep24.pt
fold result: UF1=0.2889 UAR=0.2433 ACC=0.4737
fold 6/26: 25 train subjects / 1 validation subjects; 241 train / 5 validation samples
      ep00 train_loss=1.6921 train_acc=0.257 | val_loss=1.5215 val_acc=0.400
      ep01 train_loss=1.5445 train_acc=0.332 | val_loss=1.5969 val_acc=0.400
      ep02 train_loss=1.4711 train_acc=0.419 | val_loss=1.2411 val_acc=0.600
      ep03 train_loss=1.3868 train_acc=0.444 | val_loss=1.3454 val_acc=0.600
      ep04 train_loss=1.3231 train_acc=0.527 | val_loss=1.1530 val_acc=0.800
      ep05 train_loss=1.2582 train_acc=0.531 | val_loss=1.0993 val_acc=0.600
      ep06 train_loss=1.1916 train_acc=0.602 | val_loss=1.0530 val_acc=0.600
      ep07 train_loss=1.2428 train_acc=0.560 | val_loss=1.0893 val_acc=0.600
      ep08 train_loss=1.1813 train_acc=0.568 | val_loss=0.7492 val_acc=0.600
      ep09 train_loss=1.0829 train_acc=0.614 | val_loss=0.8991 val_acc=0.800
      ep10 train_loss=1.0771 train_acc=0.618 | val_loss=0.9341 val_acc=0.600
      ep11 train_loss=1.0648 train_acc=0.618 | val_loss=0.9752 val_acc=0.600
      ep12 train_loss=1.0106 train_acc=0.631 | val_loss=1.0976 val_acc=0.400
      ep13 train_loss=1.0552 train_acc=0.581 | val_loss=1.1595 val_acc=0.400
      ep14 train_loss=0.9704 train_acc=0.747 | val_loss=1.1956 val_acc=0.600
      ep15 train_loss=0.9646 train_acc=0.672 | val_loss=1.0789 val_acc=0.600
      ep16 train_loss=0.9441 train_acc=0.693 | val_loss=0.9427 val_acc=0.600
      ep17 train_loss=0.8932 train_acc=0.714 | val_loss=0.9543 val_acc=0.600
      ep18 train_loss=0.9027 train_acc=0.730 | val_loss=1.0990 val_acc=0.600
      ep19 train_loss=0.9600 train_acc=0.705 | val_loss=0.9593 val_acc=0.600
      ep20 train_loss=0.8548 train_acc=0.747 | val_loss=0.9924 val_acc=0.600
      ep21 train_loss=0.8684 train_acc=0.739 | val_loss=0.9635 val_acc=0.600
      ep22 train_loss=0.8509 train_acc=0.739 | val_loss=0.9669 val_acc=0.600
      saved re-evaluation checkpoint fold5_ep22.pt
      ep23 train_loss=0.8552 train_acc=0.768 | val_loss=0.9037 val_acc=0.600
      saved re-evaluation checkpoint fold5_ep23.pt
      ep24 train_loss=0.8785 train_acc=0.763 | val_loss=0.8101 val_acc=0.600
      saved re-evaluation checkpoint fold5_ep24.pt
fold result: UF1=0.3600 UAR=0.4000 ACC=0.6000
fold 7/26: 25 train subjects / 1 validation subjects; 237 train / 9 validation samples
      ep00 train_loss=1.6639 train_acc=0.266 | val_loss=1.5508 val_acc=0.111
      ep01 train_loss=1.4497 train_acc=0.367 | val_loss=1.2665 val_acc=0.222
      ep02 train_loss=1.4853 train_acc=0.397 | val_loss=1.2144 val_acc=0.556
      ep03 train_loss=1.4000 train_acc=0.401 | val_loss=1.7650 val_acc=0.444
      ep04 train_loss=1.3794 train_acc=0.422 | val_loss=1.5899 val_acc=0.111
      ep05 train_loss=1.2825 train_acc=0.464 | val_loss=1.2105 val_acc=0.444
      ep06 train_loss=1.2648 train_acc=0.540 | val_loss=1.5490 val_acc=0.222
      ep07 train_loss=1.2055 train_acc=0.536 | val_loss=1.1840 val_acc=0.333
      ep08 train_loss=1.1424 train_acc=0.561 | val_loss=1.1622 val_acc=0.444
      ep09 train_loss=1.1098 train_acc=0.641 | val_loss=1.1910 val_acc=0.444
      ep10 train_loss=1.1232 train_acc=0.599 | val_loss=1.2128 val_acc=0.444
      ep11 train_loss=1.0541 train_acc=0.662 | val_loss=1.1043 val_acc=0.667
      ep12 train_loss=1.0423 train_acc=0.650 | val_loss=1.3067 val_acc=0.444
      ep13 train_loss=1.0310 train_acc=0.629 | val_loss=1.1012 val_acc=0.556
      ep14 train_loss=0.9920 train_acc=0.667 | val_loss=1.1556 val_acc=0.556
      ep15 train_loss=0.9598 train_acc=0.684 | val_loss=1.1244 val_acc=0.222
      ep16 train_loss=0.8808 train_acc=0.734 | val_loss=1.1006 val_acc=0.333
      ep17 train_loss=0.9257 train_acc=0.709 | val_loss=0.9785 val_acc=0.556
      ep18 train_loss=0.8503 train_acc=0.755 | val_loss=1.1827 val_acc=0.444
      ep19 train_loss=0.8948 train_acc=0.743 | val_loss=1.3010 val_acc=0.444
      ep20 train_loss=0.8831 train_acc=0.755 | val_loss=1.3628 val_acc=0.444
      ep21 train_loss=0.8540 train_acc=0.772 | val_loss=1.3357 val_acc=0.444
      ep22 train_loss=0.8485 train_acc=0.781 | val_loss=1.2122 val_acc=0.444
      saved re-evaluation checkpoint fold6_ep22.pt
      ep23 train_loss=0.8477 train_acc=0.789 | val_loss=1.2659 val_acc=0.444
      saved re-evaluation checkpoint fold6_ep23.pt
      ep24 train_loss=0.8362 train_acc=0.793 | val_loss=1.2053 val_acc=0.556
      saved re-evaluation checkpoint fold6_ep24.pt
fold result: UF1=0.1758 UAR=0.1900 ACC=0.4444
fold 8/26: 25 train subjects / 1 validation subjects; 243 train / 3 validation samples
      ep00 train_loss=1.6933 train_acc=0.300 | val_loss=1.4861 val_acc=0.333
      ep01 train_loss=1.5236 train_acc=0.391 | val_loss=1.1916 val_acc=0.333
      ep02 train_loss=1.4365 train_acc=0.453 | val_loss=1.2740 val_acc=0.333
      ep03 train_loss=1.3084 train_acc=0.469 | val_loss=1.0879 val_acc=0.667
      ep04 train_loss=1.3876 train_acc=0.494 | val_loss=1.4251 val_acc=0.333
      ep05 train_loss=1.1684 train_acc=0.605 | val_loss=1.5580 val_acc=0.000
      ep06 train_loss=1.1964 train_acc=0.560 | val_loss=1.1936 val_acc=0.667
      ep07 train_loss=1.1478 train_acc=0.626 | val_loss=1.2113 val_acc=0.333
      ep08 train_loss=1.1127 train_acc=0.601 | val_loss=1.1343 val_acc=0.667
      ep09 train_loss=1.1053 train_acc=0.617 | val_loss=1.3511 val_acc=0.333
      ep10 train_loss=1.0919 train_acc=0.597 | val_loss=1.2251 val_acc=0.333
      ep11 train_loss=1.0480 train_acc=0.671 | val_loss=1.0747 val_acc=0.333
      ep12 train_loss=0.9836 train_acc=0.691 | val_loss=1.5871 val_acc=0.333
      ep13 train_loss=1.0024 train_acc=0.630 | val_loss=1.6430 val_acc=0.000
      ep14 train_loss=0.9749 train_acc=0.728 | val_loss=1.4756 val_acc=0.333
      ep15 train_loss=0.9701 train_acc=0.679 | val_loss=1.1995 val_acc=0.667
      ep16 train_loss=0.8920 train_acc=0.728 | val_loss=1.2478 val_acc=0.333
      ep17 train_loss=0.9173 train_acc=0.749 | val_loss=1.2919 val_acc=0.333
      ep18 train_loss=0.8797 train_acc=0.745 | val_loss=1.3513 val_acc=0.333
      ep19 train_loss=0.8841 train_acc=0.790 | val_loss=1.2216 val_acc=0.333
      ep20 train_loss=0.9009 train_acc=0.761 | val_loss=1.3195 val_acc=0.333
      ep21 train_loss=0.8274 train_acc=0.802 | val_loss=1.3433 val_acc=0.333
      ep22 train_loss=0.8702 train_acc=0.770 | val_loss=1.3831 val_acc=0.333
      saved re-evaluation checkpoint fold7_ep22.pt
      ep23 train_loss=0.8603 train_acc=0.794 | val_loss=1.3372 val_acc=0.333
      saved re-evaluation checkpoint fold7_ep23.pt
      ep24 train_loss=0.8341 train_acc=0.823 | val_loss=1.1696 val_acc=0.333
      saved re-evaluation checkpoint fold7_ep24.pt
fold result: UF1=0.1333 UAR=0.2000 ACC=0.3333
fold 9/26: 25 train subjects / 1 validation subjects; 233 train / 13 validation samples
      ep00 train_loss=1.6813 train_acc=0.227 | val_loss=1.3051 val_acc=0.385
      ep01 train_loss=1.5172 train_acc=0.399 | val_loss=1.2766 val_acc=0.615
      ep02 train_loss=1.4307 train_acc=0.408 | val_loss=1.1027 val_acc=0.538
      ep03 train_loss=1.3224 train_acc=0.433 | val_loss=1.0327 val_acc=0.615
      ep04 train_loss=1.3230 train_acc=0.425 | val_loss=1.0112 val_acc=0.615
      ep05 train_loss=1.2662 train_acc=0.502 | val_loss=0.7713 val_acc=0.923
      ep06 train_loss=1.1595 train_acc=0.588 | val_loss=0.7018 val_acc=0.769
      ep07 train_loss=1.1941 train_acc=0.592 | val_loss=0.6170 val_acc=0.769
      ep08 train_loss=1.1635 train_acc=0.519 | val_loss=0.5452 val_acc=0.769
      ep09 train_loss=1.1388 train_acc=0.588 | val_loss=0.5121 val_acc=0.923
      ep10 train_loss=1.0823 train_acc=0.635 | val_loss=0.6008 val_acc=0.692
      ep11 train_loss=1.0826 train_acc=0.618 | val_loss=0.4783 val_acc=0.846
      ep12 train_loss=1.0693 train_acc=0.657 | val_loss=0.5766 val_acc=0.846
      ep13 train_loss=1.0366 train_acc=0.657 | val_loss=0.3757 val_acc=0.923
      ep14 train_loss=1.0255 train_acc=0.652 | val_loss=0.3516 val_acc=1.000
      ep15 train_loss=0.9781 train_acc=0.738 | val_loss=0.4810 val_acc=0.769
      ep16 train_loss=0.8845 train_acc=0.751 | val_loss=0.3457 val_acc=1.000
      ep17 train_loss=0.9055 train_acc=0.742 | val_loss=0.4309 val_acc=0.846
      ep18 train_loss=0.9450 train_acc=0.721 | val_loss=0.4164 val_acc=0.923
      ep19 train_loss=0.9770 train_acc=0.725 | val_loss=0.4938 val_acc=0.769
      ep20 train_loss=0.9138 train_acc=0.730 | val_loss=0.3994 val_acc=0.846
      ep21 train_loss=0.9521 train_acc=0.738 | val_loss=0.4037 val_acc=0.923
      ep22 train_loss=0.8539 train_acc=0.790 | val_loss=0.4242 val_acc=0.846
      saved re-evaluation checkpoint fold8_ep22.pt
      ep23 train_loss=0.8709 train_acc=0.764 | val_loss=0.3948 val_acc=0.923
      saved re-evaluation checkpoint fold8_ep23.pt
      ep24 train_loss=0.8578 train_acc=0.777 | val_loss=0.3800 val_acc=0.846
      saved re-evaluation checkpoint fold8_ep24.pt
fold result: UF1=0.5000 UAR=0.4667 ACC=0.8462
fold 10/26: 25 train subjects / 1 validation subjects; 233 train / 13 validation samples
      ep00 train_loss=1.6095 train_acc=0.288 | val_loss=1.4370 val_acc=0.308
      ep01 train_loss=1.4843 train_acc=0.421 | val_loss=0.9154 val_acc=0.538
      ep02 train_loss=1.3507 train_acc=0.446 | val_loss=1.5929 val_acc=0.000
      ep03 train_loss=1.2851 train_acc=0.485 | val_loss=1.2647 val_acc=0.154
      ep04 train_loss=1.2660 train_acc=0.481 | val_loss=1.8548 val_acc=0.000
      ep05 train_loss=1.2058 train_acc=0.562 | val_loss=1.0868 val_acc=0.462
      ep06 train_loss=1.1321 train_acc=0.592 | val_loss=1.4115 val_acc=0.231
      ep07 train_loss=1.1365 train_acc=0.579 | val_loss=1.2284 val_acc=0.538
      ep08 train_loss=1.0784 train_acc=0.575 | val_loss=1.0543 val_acc=0.538
      ep09 train_loss=1.0757 train_acc=0.601 | val_loss=0.9820 val_acc=0.462
      ep10 train_loss=1.0595 train_acc=0.631 | val_loss=1.1537 val_acc=0.538
      ep11 train_loss=1.0560 train_acc=0.657 | val_loss=0.9797 val_acc=0.615
      ep12 train_loss=1.0005 train_acc=0.682 | val_loss=1.1690 val_acc=0.385
      ep13 train_loss=1.0158 train_acc=0.657 | val_loss=1.1183 val_acc=0.308
      ep14 train_loss=0.9687 train_acc=0.682 | val_loss=0.8733 val_acc=0.769
      ep15 train_loss=0.9258 train_acc=0.734 | val_loss=1.2048 val_acc=0.154
      ep16 train_loss=0.8713 train_acc=0.738 | val_loss=1.0547 val_acc=0.538
      ep17 train_loss=0.8778 train_acc=0.738 | val_loss=0.9919 val_acc=0.692
      ep18 train_loss=0.9144 train_acc=0.721 | val_loss=0.8837 val_acc=0.769
      ep19 train_loss=0.9302 train_acc=0.687 | val_loss=1.1269 val_acc=0.308
      ep20 train_loss=0.8723 train_acc=0.695 | val_loss=0.8162 val_acc=0.846
      ep21 train_loss=0.8958 train_acc=0.755 | val_loss=0.8054 val_acc=0.846
      ep22 train_loss=0.8390 train_acc=0.742 | val_loss=0.8348 val_acc=0.846
      saved re-evaluation checkpoint fold9_ep22.pt
      ep23 train_loss=0.8443 train_acc=0.755 | val_loss=0.7957 val_acc=0.846
      saved re-evaluation checkpoint fold9_ep23.pt
      ep24 train_loss=0.8402 train_acc=0.734 | val_loss=0.7707 val_acc=0.846
      saved re-evaluation checkpoint fold9_ep24.pt
fold result: UF1=0.1739 UAR=0.1538 ACC=0.7692
fold 11/26: 25 train subjects / 1 validation subjects; 236 train / 10 validation samples
      ep00 train_loss=1.5998 train_acc=0.242 | val_loss=1.6440 val_acc=0.200
      ep01 train_loss=1.4664 train_acc=0.381 | val_loss=1.2241 val_acc=0.300
      ep02 train_loss=1.3730 train_acc=0.415 | val_loss=1.3146 val_acc=0.300
      ep03 train_loss=1.3665 train_acc=0.403 | val_loss=1.0681 val_acc=0.500
      ep04 train_loss=1.2872 train_acc=0.538 | val_loss=1.0178 val_acc=0.400
      ep05 train_loss=1.2163 train_acc=0.513 | val_loss=1.2785 val_acc=0.400
      ep06 train_loss=1.2322 train_acc=0.508 | val_loss=1.0621 val_acc=0.300
      ep07 train_loss=1.1362 train_acc=0.564 | val_loss=1.2303 val_acc=0.200
      ep08 train_loss=1.0957 train_acc=0.559 | val_loss=1.0140 val_acc=0.400
      ep09 train_loss=1.1054 train_acc=0.602 | val_loss=0.8039 val_acc=0.700
      ep10 train_loss=1.0100 train_acc=0.653 | val_loss=0.8536 val_acc=0.600
      ep11 train_loss=1.0359 train_acc=0.648 | val_loss=0.8848 val_acc=0.600
      ep12 train_loss=1.0193 train_acc=0.669 | val_loss=1.1169 val_acc=0.400
      ep13 train_loss=1.0179 train_acc=0.661 | val_loss=0.8513 val_acc=0.500
      ep14 train_loss=0.9997 train_acc=0.682 | val_loss=0.7660 val_acc=0.600
      ep15 train_loss=0.9681 train_acc=0.699 | val_loss=0.8302 val_acc=0.700
      ep16 train_loss=0.9612 train_acc=0.665 | val_loss=0.6886 val_acc=0.700
      ep17 train_loss=0.9196 train_acc=0.720 | val_loss=0.7365 val_acc=0.800
      ep18 train_loss=0.8655 train_acc=0.763 | val_loss=0.8156 val_acc=0.500
      ep19 train_loss=0.8962 train_acc=0.737 | val_loss=0.6766 val_acc=0.700
      ep20 train_loss=0.8552 train_acc=0.746 | val_loss=0.7199 val_acc=0.700
      ep21 train_loss=0.8176 train_acc=0.805 | val_loss=0.6761 val_acc=0.600
      ep22 train_loss=0.8365 train_acc=0.822 | val_loss=0.6921 val_acc=0.600
      saved re-evaluation checkpoint fold10_ep22.pt
      ep23 train_loss=0.8983 train_acc=0.742 | val_loss=0.7441 val_acc=0.600
      saved re-evaluation checkpoint fold10_ep23.pt
      ep24 train_loss=0.8969 train_acc=0.746 | val_loss=0.7073 val_acc=0.600
      saved re-evaluation checkpoint fold10_ep24.pt
fold result: UF1=0.2933 UAR=0.3000 ACC=0.7000
fold 12/26: 25 train subjects / 1 validation subjects; 234 train / 12 validation samples
      ep00 train_loss=1.6546 train_acc=0.316 | val_loss=1.6618 val_acc=0.167
      ep01 train_loss=1.5621 train_acc=0.385 | val_loss=1.3111 val_acc=0.500
      ep02 train_loss=1.4594 train_acc=0.393 | val_loss=0.9103 val_acc=0.667
      ep03 train_loss=1.3716 train_acc=0.453 | val_loss=0.8802 val_acc=0.750
      ep04 train_loss=1.3379 train_acc=0.521 | val_loss=0.7604 val_acc=0.750
      ep05 train_loss=1.2246 train_acc=0.538 | val_loss=0.8288 val_acc=0.667
      ep06 train_loss=1.2923 train_acc=0.496 | val_loss=0.8206 val_acc=0.667
      ep07 train_loss=1.1585 train_acc=0.603 | val_loss=0.9046 val_acc=0.667
      ep08 train_loss=1.1270 train_acc=0.611 | val_loss=0.9021 val_acc=0.667
      ep09 train_loss=1.1719 train_acc=0.607 | val_loss=0.9752 val_acc=0.583
      ep10 train_loss=1.0697 train_acc=0.628 | val_loss=0.8292 val_acc=0.583
      ep11 train_loss=1.1427 train_acc=0.615 | val_loss=0.8285 val_acc=0.583
      ep12 train_loss=1.0221 train_acc=0.662 | val_loss=0.6878 val_acc=0.667
      ep13 train_loss=1.0331 train_acc=0.675 | val_loss=0.7775 val_acc=0.583
      ep14 train_loss=0.9737 train_acc=0.697 | val_loss=0.5701 val_acc=0.750
      ep15 train_loss=0.9675 train_acc=0.735 | val_loss=0.6609 val_acc=0.833
      ep16 train_loss=0.9040 train_acc=0.765 | val_loss=0.7666 val_acc=0.667
      ep17 train_loss=0.8955 train_acc=0.739 | val_loss=0.6473 val_acc=0.833
      ep18 train_loss=0.8646 train_acc=0.731 | val_loss=0.7086 val_acc=0.750
      ep19 train_loss=0.8699 train_acc=0.808 | val_loss=0.6631 val_acc=0.833
      ep20 train_loss=0.8319 train_acc=0.786 | val_loss=0.7010 val_acc=0.667
      ep21 train_loss=0.8594 train_acc=0.778 | val_loss=0.7237 val_acc=0.667
      ep22 train_loss=0.8543 train_acc=0.778 | val_loss=0.6799 val_acc=0.750
      saved re-evaluation checkpoint fold11_ep22.pt
      ep23 train_loss=0.8439 train_acc=0.791 | val_loss=0.7357 val_acc=0.750
      saved re-evaluation checkpoint fold11_ep23.pt
      ep24 train_loss=0.8523 train_acc=0.782 | val_loss=0.6582 val_acc=0.833
      saved re-evaluation checkpoint fold11_ep24.pt
fold result: UF1=0.5921 UAR=0.6800 ACC=0.7500
fold 13/26: 25 train subjects / 1 validation subjects; 238 train / 8 validation samples
      ep00 train_loss=1.6635 train_acc=0.252 | val_loss=1.5055 val_acc=0.500
      ep01 train_loss=1.4399 train_acc=0.450 | val_loss=1.5006 val_acc=0.125
      ep02 train_loss=1.3442 train_acc=0.437 | val_loss=1.2883 val_acc=0.250
      ep03 train_loss=1.2624 train_acc=0.479 | val_loss=1.2228 val_acc=0.250
      ep04 train_loss=1.2132 train_acc=0.525 | val_loss=1.2877 val_acc=0.250
      ep05 train_loss=1.2086 train_acc=0.567 | val_loss=1.2924 val_acc=0.250
      ep06 train_loss=1.1501 train_acc=0.571 | val_loss=1.0786 val_acc=0.500
      ep07 train_loss=1.1525 train_acc=0.542 | val_loss=1.2275 val_acc=0.250
      ep08 train_loss=1.1252 train_acc=0.555 | val_loss=1.1741 val_acc=0.250
      ep09 train_loss=1.0791 train_acc=0.609 | val_loss=1.1944 val_acc=0.375
      ep10 train_loss=1.0787 train_acc=0.576 | val_loss=1.1322 val_acc=0.500
      ep11 train_loss=1.0629 train_acc=0.626 | val_loss=1.0261 val_acc=0.500
      ep12 train_loss=1.0130 train_acc=0.634 | val_loss=1.0195 val_acc=0.625
      ep13 train_loss=0.9432 train_acc=0.702 | val_loss=0.9639 val_acc=0.500
      ep14 train_loss=0.9861 train_acc=0.714 | val_loss=0.9030 val_acc=0.500
      ep15 train_loss=0.9616 train_acc=0.676 | val_loss=0.9761 val_acc=0.500
      ep16 train_loss=0.9631 train_acc=0.689 | val_loss=0.8174 val_acc=0.750
      ep17 train_loss=0.9003 train_acc=0.718 | val_loss=0.9875 val_acc=0.500
      ep18 train_loss=0.8967 train_acc=0.731 | val_loss=0.8872 val_acc=0.750
      ep19 train_loss=0.8460 train_acc=0.756 | val_loss=0.8803 val_acc=0.750
      ep20 train_loss=0.8564 train_acc=0.748 | val_loss=0.8979 val_acc=0.625
      ep21 train_loss=0.8837 train_acc=0.735 | val_loss=0.8367 val_acc=0.750
      ep22 train_loss=0.8197 train_acc=0.786 | val_loss=0.7438 val_acc=0.750
      saved re-evaluation checkpoint fold12_ep22.pt
      ep23 train_loss=0.8748 train_acc=0.748 | val_loss=0.8352 val_acc=0.750
      saved re-evaluation checkpoint fold12_ep23.pt
      ep24 train_loss=0.8685 train_acc=0.739 | val_loss=0.7968 val_acc=0.750
      saved re-evaluation checkpoint fold12_ep24.pt
fold result: UF1=0.3200 UAR=0.3333 ACC=0.7500
fold 14/26: 25 train subjects / 1 validation subjects; 242 train / 4 validation samples
      ep00 train_loss=1.6918 train_acc=0.314 | val_loss=1.0681 val_acc=0.750
      ep01 train_loss=1.5430 train_acc=0.372 | val_loss=1.0336 val_acc=0.500
      ep02 train_loss=1.4123 train_acc=0.388 | val_loss=1.0794 val_acc=0.500
      ep03 train_loss=1.4076 train_acc=0.421 | val_loss=0.7658 val_acc=0.750
      ep04 train_loss=1.3397 train_acc=0.459 | val_loss=0.9563 val_acc=0.750
      ep05 train_loss=1.2359 train_acc=0.492 | val_loss=1.0132 val_acc=0.750
      ep06 train_loss=1.2412 train_acc=0.541 | val_loss=0.9642 val_acc=0.750
      ep07 train_loss=1.2243 train_acc=0.566 | val_loss=0.7906 val_acc=0.750
      ep08 train_loss=1.1071 train_acc=0.599 | val_loss=1.3178 val_acc=0.250
      ep09 train_loss=1.1377 train_acc=0.599 | val_loss=0.8824 val_acc=0.750
      ep10 train_loss=1.0852 train_acc=0.620 | val_loss=0.8613 val_acc=0.500
      ep11 train_loss=1.0589 train_acc=0.612 | val_loss=0.7577 val_acc=1.000
      ep12 train_loss=1.0006 train_acc=0.665 | val_loss=0.7867 val_acc=0.750
      ep13 train_loss=1.0322 train_acc=0.649 | val_loss=0.8550 val_acc=0.750
      ep14 train_loss=1.0287 train_acc=0.682 | val_loss=0.8616 val_acc=0.750
      ep15 train_loss=0.9680 train_acc=0.698 | val_loss=0.9473 val_acc=0.750
      ep16 train_loss=0.9762 train_acc=0.702 | val_loss=0.9838 val_acc=0.750
      ep17 train_loss=0.9568 train_acc=0.698 | val_loss=0.9558 val_acc=0.750
      ep18 train_loss=0.9967 train_acc=0.678 | val_loss=0.8456 val_acc=0.750
      ep19 train_loss=0.8967 train_acc=0.731 | val_loss=0.9170 val_acc=0.750
      ep20 train_loss=0.9308 train_acc=0.752 | val_loss=0.9076 val_acc=0.750
      ep21 train_loss=0.8504 train_acc=0.744 | val_loss=0.9659 val_acc=0.750
      ep22 train_loss=0.8765 train_acc=0.756 | val_loss=0.8936 val_acc=0.750
      saved re-evaluation checkpoint fold13_ep22.pt
      ep23 train_loss=0.8475 train_acc=0.785 | val_loss=0.9108 val_acc=0.750
      saved re-evaluation checkpoint fold13_ep23.pt
      ep24 train_loss=0.8505 train_acc=0.756 | val_loss=0.9218 val_acc=0.750
      saved re-evaluation checkpoint fold13_ep24.pt
fold result: UF1=0.2000 UAR=0.2000 ACC=0.7500
fold 15/26: 25 train subjects / 1 validation subjects; 243 train / 3 validation samples
      ep00 train_loss=1.6902 train_acc=0.276 | val_loss=1.1750 val_acc=0.333
      ep01 train_loss=1.5457 train_acc=0.379 | val_loss=1.0126 val_acc=0.667
      ep02 train_loss=1.4033 train_acc=0.469 | val_loss=0.9448 val_acc=0.667
      ep03 train_loss=1.3528 train_acc=0.424 | val_loss=0.7489 val_acc=1.000
      ep04 train_loss=1.3709 train_acc=0.449 | val_loss=1.0557 val_acc=0.667
      ep05 train_loss=1.1878 train_acc=0.523 | val_loss=0.9489 val_acc=0.667
      ep06 train_loss=1.1912 train_acc=0.531 | val_loss=1.0970 val_acc=0.333
      ep07 train_loss=1.2082 train_acc=0.547 | val_loss=0.7283 val_acc=0.667
      ep08 train_loss=1.1578 train_acc=0.560 | val_loss=0.6585 val_acc=0.667
      ep09 train_loss=1.1509 train_acc=0.609 | val_loss=0.7789 val_acc=0.667
      ep10 train_loss=1.0894 train_acc=0.626 | val_loss=0.8595 val_acc=0.667
      ep11 train_loss=1.1010 train_acc=0.642 | val_loss=0.9129 val_acc=0.667
      ep12 train_loss=1.0376 train_acc=0.654 | val_loss=0.5795 val_acc=1.000
      ep13 train_loss=1.0061 train_acc=0.675 | val_loss=0.7520 val_acc=0.667
      ep14 train_loss=0.9855 train_acc=0.695 | val_loss=0.8009 val_acc=1.000
      ep15 train_loss=0.9602 train_acc=0.708 | val_loss=0.6795 val_acc=0.667
      ep16 train_loss=0.9004 train_acc=0.733 | val_loss=0.6397 val_acc=1.000
      ep17 train_loss=0.9237 train_acc=0.753 | val_loss=0.5951 val_acc=1.000
      ep18 train_loss=0.9062 train_acc=0.716 | val_loss=0.8397 val_acc=0.667
      ep19 train_loss=0.9094 train_acc=0.753 | val_loss=0.6902 val_acc=0.667
      ep20 train_loss=0.9282 train_acc=0.749 | val_loss=0.7160 val_acc=0.667
      ep21 train_loss=0.8678 train_acc=0.782 | val_loss=0.5098 val_acc=1.000
      ep22 train_loss=0.8824 train_acc=0.770 | val_loss=0.5726 val_acc=1.000
      saved re-evaluation checkpoint fold14_ep22.pt
      ep23 train_loss=0.8838 train_acc=0.761 | val_loss=0.5499 val_acc=1.000
      saved re-evaluation checkpoint fold14_ep23.pt
      ep24 train_loss=0.8224 train_acc=0.782 | val_loss=0.5532 val_acc=1.000
      saved re-evaluation checkpoint fold14_ep24.pt
fold result: UF1=0.4000 UAR=0.4000 ACC=0.6667
fold 16/26: 25 train subjects / 1 validation subjects; 242 train / 4 validation samples
      ep00 train_loss=1.6568 train_acc=0.343 | val_loss=1.2509 val_acc=0.750
      ep01 train_loss=1.5179 train_acc=0.364 | val_loss=1.2336 val_acc=0.750
      ep02 train_loss=1.4074 train_acc=0.421 | val_loss=1.1424 val_acc=0.500
      ep03 train_loss=1.4068 train_acc=0.409 | val_loss=1.0644 val_acc=0.750
      ep04 train_loss=1.3196 train_acc=0.471 | val_loss=1.4234 val_acc=0.500
      ep05 train_loss=1.2562 train_acc=0.512 | val_loss=1.1385 val_acc=0.750
      ep06 train_loss=1.2469 train_acc=0.591 | val_loss=0.7922 val_acc=0.750
      ep07 train_loss=1.1875 train_acc=0.591 | val_loss=0.9526 val_acc=0.750
      ep08 train_loss=1.0975 train_acc=0.574 | val_loss=1.1861 val_acc=0.750
      ep09 train_loss=1.1396 train_acc=0.583 | val_loss=0.7017 val_acc=0.750
      ep10 train_loss=1.1364 train_acc=0.595 | val_loss=1.5780 val_acc=0.250
      ep11 train_loss=1.0446 train_acc=0.616 | val_loss=0.9704 val_acc=0.750
      ep12 train_loss=1.0159 train_acc=0.649 | val_loss=1.0292 val_acc=0.500
      ep13 train_loss=0.9987 train_acc=0.678 | val_loss=1.0618 val_acc=0.750
      ep14 train_loss=0.9994 train_acc=0.694 | val_loss=1.4605 val_acc=0.250
      ep15 train_loss=0.9380 train_acc=0.731 | val_loss=1.1520 val_acc=0.500
      ep16 train_loss=0.9813 train_acc=0.694 | val_loss=1.1563 val_acc=0.500
      ep17 train_loss=0.9503 train_acc=0.727 | val_loss=1.2046 val_acc=0.750
      ep18 train_loss=1.0017 train_acc=0.669 | val_loss=0.9997 val_acc=0.750
      ep19 train_loss=0.8927 train_acc=0.764 | val_loss=1.0503 val_acc=0.500
      ep20 train_loss=0.9362 train_acc=0.711 | val_loss=1.1684 val_acc=0.500
      ep21 train_loss=0.8599 train_acc=0.748 | val_loss=1.2165 val_acc=0.500
      ep22 train_loss=0.8951 train_acc=0.719 | val_loss=1.1030 val_acc=0.750
      saved re-evaluation checkpoint fold15_ep22.pt
      ep23 train_loss=0.8346 train_acc=0.769 | val_loss=1.1246 val_acc=0.750
      saved re-evaluation checkpoint fold15_ep23.pt
      ep24 train_loss=0.8473 train_acc=0.785 | val_loss=1.1277 val_acc=0.750
      saved re-evaluation checkpoint fold15_ep24.pt
fold result: UF1=0.3333 UAR=0.4000 ACC=0.7500
fold 17/26: 25 train subjects / 1 validation subjects; 212 train / 34 validation samples
      ep00 train_loss=1.7107 train_acc=0.259 | val_loss=1.4710 val_acc=0.324
      ep01 train_loss=1.5391 train_acc=0.373 | val_loss=1.3195 val_acc=0.500
      ep02 train_loss=1.4042 train_acc=0.467 | val_loss=1.2859 val_acc=0.382
      ep03 train_loss=1.4118 train_acc=0.434 | val_loss=1.3298 val_acc=0.412
      ep04 train_loss=1.3566 train_acc=0.434 | val_loss=1.3746 val_acc=0.324
      ep05 train_loss=1.3886 train_acc=0.462 | val_loss=1.2099 val_acc=0.471
      ep06 train_loss=1.3410 train_acc=0.481 | val_loss=1.2584 val_acc=0.324
      ep07 train_loss=1.2639 train_acc=0.561 | val_loss=1.3674 val_acc=0.324
      ep08 train_loss=1.2068 train_acc=0.533 | val_loss=1.3753 val_acc=0.559
      ep09 train_loss=1.1548 train_acc=0.538 | val_loss=1.1653 val_acc=0.588
      ep10 train_loss=1.1378 train_acc=0.585 | val_loss=1.0565 val_acc=0.588
      ep11 train_loss=1.1626 train_acc=0.575 | val_loss=1.0392 val_acc=0.618
      ep12 train_loss=1.1408 train_acc=0.604 | val_loss=1.1808 val_acc=0.471
      ep13 train_loss=1.0748 train_acc=0.637 | val_loss=1.0165 val_acc=0.618
      ep14 train_loss=1.0596 train_acc=0.660 | val_loss=1.2371 val_acc=0.529
      ep15 train_loss=1.0841 train_acc=0.670 | val_loss=1.1510 val_acc=0.471
      ep16 train_loss=0.9959 train_acc=0.698 | val_loss=1.0441 val_acc=0.529
      ep17 train_loss=0.9901 train_acc=0.670 | val_loss=1.0752 val_acc=0.529
      ep18 train_loss=0.9995 train_acc=0.660 | val_loss=1.0152 val_acc=0.588
      ep19 train_loss=1.0017 train_acc=0.679 | val_loss=0.9198 val_acc=0.618
      ep20 train_loss=0.9351 train_acc=0.731 | val_loss=0.9463 val_acc=0.588
      ep21 train_loss=0.9176 train_acc=0.736 | val_loss=0.9673 val_acc=0.559
      ep22 train_loss=0.9805 train_acc=0.712 | val_loss=0.9123 val_acc=0.647
      saved re-evaluation checkpoint fold16_ep22.pt
      ep23 train_loss=0.9255 train_acc=0.726 | val_loss=0.9800 val_acc=0.529
      saved re-evaluation checkpoint fold16_ep23.pt
      ep24 train_loss=0.9396 train_acc=0.755 | val_loss=0.9631 val_acc=0.588
      saved re-evaluation checkpoint fold16_ep24.pt
fold result: UF1=0.4750 UAR=0.5476 ACC=0.5000
fold 18/26: 25 train subjects / 1 validation subjects; 243 train / 3 validation samples
      ep00 train_loss=1.6469 train_acc=0.263 | val_loss=1.0281 val_acc=0.667
      ep01 train_loss=1.5455 train_acc=0.366 | val_loss=1.0568 val_acc=0.667
      ep02 train_loss=1.4661 train_acc=0.366 | val_loss=1.2737 val_acc=0.000
      ep03 train_loss=1.3524 train_acc=0.469 | val_loss=1.5893 val_acc=0.667
      ep04 train_loss=1.4348 train_acc=0.440 | val_loss=1.4079 val_acc=0.333
      ep05 train_loss=1.2504 train_acc=0.486 | val_loss=1.0867 val_acc=0.333
      ep06 train_loss=1.2064 train_acc=0.502 | val_loss=1.0396 val_acc=0.333
      ep07 train_loss=1.2281 train_acc=0.498 | val_loss=1.0976 val_acc=0.333
      ep08 train_loss=1.1428 train_acc=0.588 | val_loss=1.1891 val_acc=0.667
      ep09 train_loss=1.1683 train_acc=0.568 | val_loss=1.2878 val_acc=0.333
      ep10 train_loss=1.0568 train_acc=0.687 | val_loss=1.2613 val_acc=0.333
      ep11 train_loss=1.0905 train_acc=0.638 | val_loss=1.2851 val_acc=0.333
      ep12 train_loss=1.0143 train_acc=0.621 | val_loss=1.0367 val_acc=0.333
      ep13 train_loss=1.0281 train_acc=0.675 | val_loss=1.3249 val_acc=0.333
      ep14 train_loss=0.9641 train_acc=0.679 | val_loss=1.3965 val_acc=0.000
      ep15 train_loss=0.9899 train_acc=0.646 | val_loss=1.1079 val_acc=0.333
      ep16 train_loss=0.9560 train_acc=0.687 | val_loss=1.1865 val_acc=0.333
      ep17 train_loss=0.9632 train_acc=0.695 | val_loss=1.1644 val_acc=0.333
      ep18 train_loss=0.9593 train_acc=0.683 | val_loss=1.0779 val_acc=0.333
      ep19 train_loss=0.9042 train_acc=0.733 | val_loss=1.0517 val_acc=0.333
      ep20 train_loss=0.9017 train_acc=0.761 | val_loss=0.9998 val_acc=0.333
      ep21 train_loss=0.8759 train_acc=0.749 | val_loss=0.8957 val_acc=0.667
      ep22 train_loss=0.8932 train_acc=0.745 | val_loss=0.9919 val_acc=0.333
      saved re-evaluation checkpoint fold17_ep22.pt
      ep23 train_loss=0.8807 train_acc=0.786 | val_loss=0.9615 val_acc=0.333
      saved re-evaluation checkpoint fold17_ep23.pt
      ep24 train_loss=0.8447 train_acc=0.782 | val_loss=0.9717 val_acc=0.333
      saved re-evaluation checkpoint fold17_ep24.pt
fold result: UF1=0.1000 UAR=0.0667 ACC=0.3333
fold 19/26: 25 train subjects / 1 validation subjects; 231 train / 15 validation samples
      ep00 train_loss=1.7064 train_acc=0.303 | val_loss=1.7702 val_acc=0.133
      ep01 train_loss=1.5591 train_acc=0.372 | val_loss=1.1824 val_acc=0.533
      ep02 train_loss=1.4530 train_acc=0.411 | val_loss=1.0098 val_acc=0.400
      ep03 train_loss=1.3132 train_acc=0.489 | val_loss=1.1586 val_acc=0.400
      ep04 train_loss=1.3088 train_acc=0.455 | val_loss=0.9171 val_acc=0.600
      ep05 train_loss=1.2533 train_acc=0.502 | val_loss=1.0045 val_acc=0.467
      ep06 train_loss=1.2247 train_acc=0.532 | val_loss=0.9737 val_acc=0.400
      ep07 train_loss=1.1814 train_acc=0.576 | val_loss=1.2944 val_acc=0.600
      ep08 train_loss=1.2240 train_acc=0.528 | val_loss=1.0461 val_acc=0.600
      ep09 train_loss=1.1825 train_acc=0.597 | val_loss=0.9819 val_acc=0.467
      ep10 train_loss=1.0717 train_acc=0.623 | val_loss=0.9056 val_acc=0.467
      ep11 train_loss=1.0748 train_acc=0.641 | val_loss=0.9432 val_acc=0.467
      ep12 train_loss=1.0299 train_acc=0.636 | val_loss=1.0468 val_acc=0.400
      ep13 train_loss=1.0657 train_acc=0.671 | val_loss=0.9409 val_acc=0.600
      ep14 train_loss=0.9624 train_acc=0.697 | val_loss=0.9107 val_acc=0.533
      ep15 train_loss=0.9395 train_acc=0.749 | val_loss=1.0156 val_acc=0.600
      ep16 train_loss=0.9631 train_acc=0.667 | val_loss=0.9186 val_acc=0.600
      ep17 train_loss=0.9286 train_acc=0.736 | val_loss=0.9464 val_acc=0.600
      ep18 train_loss=0.9214 train_acc=0.727 | val_loss=0.8778 val_acc=0.600
      ep19 train_loss=0.8934 train_acc=0.784 | val_loss=0.9419 val_acc=0.533
      ep20 train_loss=0.8743 train_acc=0.758 | val_loss=0.9012 val_acc=0.533
      ep21 train_loss=0.8680 train_acc=0.775 | val_loss=0.8692 val_acc=0.600
      ep22 train_loss=0.8857 train_acc=0.801 | val_loss=0.8816 val_acc=0.533
      saved re-evaluation checkpoint fold18_ep22.pt
      ep23 train_loss=0.8378 train_acc=0.792 | val_loss=0.8883 val_acc=0.600
      saved re-evaluation checkpoint fold18_ep23.pt
      ep24 train_loss=0.8535 train_acc=0.823 | val_loss=0.8750 val_acc=0.533
      saved re-evaluation checkpoint fold18_ep24.pt
fold result: UF1=0.4635 UAR=0.4767 ACC=0.6000
fold 20/26: 25 train subjects / 1 validation subjects; 235 train / 11 validation samples
      ep00 train_loss=1.6760 train_acc=0.255 | val_loss=1.5664 val_acc=0.364
      ep01 train_loss=1.4626 train_acc=0.409 | val_loss=1.4707 val_acc=0.182
      ep02 train_loss=1.3792 train_acc=0.460 | val_loss=1.5517 val_acc=0.182
      ep03 train_loss=1.3699 train_acc=0.468 | val_loss=2.0105 val_acc=0.000
      ep04 train_loss=1.2864 train_acc=0.506 | val_loss=1.6556 val_acc=0.091
      ep05 train_loss=1.1938 train_acc=0.587 | val_loss=1.4931 val_acc=0.182
      ep06 train_loss=1.1975 train_acc=0.523 | val_loss=1.3037 val_acc=0.455
      ep07 train_loss=1.1511 train_acc=0.583 | val_loss=1.6003 val_acc=0.364
      ep08 train_loss=1.0870 train_acc=0.634 | val_loss=1.4039 val_acc=0.182
      ep09 train_loss=1.0499 train_acc=0.660 | val_loss=1.4397 val_acc=0.182
      ep10 train_loss=1.0467 train_acc=0.647 | val_loss=1.6313 val_acc=0.182
      ep11 train_loss=1.0422 train_acc=0.630 | val_loss=1.3868 val_acc=0.273
      ep12 train_loss=1.0195 train_acc=0.698 | val_loss=1.1835 val_acc=0.364
      ep13 train_loss=0.9600 train_acc=0.694 | val_loss=1.5339 val_acc=0.273
      ep14 train_loss=0.9578 train_acc=0.711 | val_loss=1.4807 val_acc=0.091
      ep15 train_loss=0.8822 train_acc=0.723 | val_loss=1.3352 val_acc=0.364
      ep16 train_loss=0.9242 train_acc=0.723 | val_loss=1.6469 val_acc=0.182
      ep17 train_loss=0.9174 train_acc=0.723 | val_loss=1.2400 val_acc=0.455
      ep18 train_loss=0.8747 train_acc=0.736 | val_loss=1.4078 val_acc=0.273
      ep19 train_loss=0.8251 train_acc=0.766 | val_loss=1.4528 val_acc=0.273
      ep20 train_loss=0.8305 train_acc=0.757 | val_loss=1.3073 val_acc=0.455
      ep21 train_loss=0.8607 train_acc=0.766 | val_loss=1.2303 val_acc=0.545
      ep22 train_loss=0.8293 train_acc=0.809 | val_loss=1.2704 val_acc=0.545
      saved re-evaluation checkpoint fold19_ep22.pt
      ep23 train_loss=0.7949 train_acc=0.791 | val_loss=1.2870 val_acc=0.545
      saved re-evaluation checkpoint fold19_ep23.pt
      ep24 train_loss=0.7795 train_acc=0.791 | val_loss=1.3071 val_acc=0.455
      saved re-evaluation checkpoint fold19_ep24.pt
fold result: UF1=0.2333 UAR=0.2111 ACC=0.5455
fold 21/26: 25 train subjects / 1 validation subjects; 244 train / 2 validation samples
      ep00 train_loss=1.7275 train_acc=0.254 | val_loss=1.8859 val_acc=0.500
      ep01 train_loss=1.4986 train_acc=0.418 | val_loss=1.6185 val_acc=0.000
      ep02 train_loss=1.3952 train_acc=0.451 | val_loss=1.3368 val_acc=0.500
      ep03 train_loss=1.3502 train_acc=0.500 | val_loss=1.1451 val_acc=0.500
      ep04 train_loss=1.3317 train_acc=0.471 | val_loss=1.9896 val_acc=0.000
      ep05 train_loss=1.2609 train_acc=0.520 | val_loss=1.5115 val_acc=0.000
      ep06 train_loss=1.2072 train_acc=0.520 | val_loss=1.5660 val_acc=0.500
      ep07 train_loss=1.1646 train_acc=0.586 | val_loss=1.7622 val_acc=0.000
      ep08 train_loss=1.1474 train_acc=0.570 | val_loss=1.8378 val_acc=0.500
      ep09 train_loss=1.1164 train_acc=0.598 | val_loss=1.8376 val_acc=0.000
      ep10 train_loss=1.0555 train_acc=0.590 | val_loss=1.8311 val_acc=0.500
      ep11 train_loss=1.0400 train_acc=0.684 | val_loss=1.6643 val_acc=0.000
      ep12 train_loss=0.9977 train_acc=0.643 | val_loss=2.0827 val_acc=0.000
      ep13 train_loss=1.0406 train_acc=0.664 | val_loss=2.1773 val_acc=0.000
      ep14 train_loss=0.9636 train_acc=0.635 | val_loss=2.4641 val_acc=0.000
      ep15 train_loss=0.9376 train_acc=0.689 | val_loss=2.1319 val_acc=0.000
      ep16 train_loss=0.9096 train_acc=0.730 | val_loss=2.4112 val_acc=0.000
      ep17 train_loss=0.9481 train_acc=0.693 | val_loss=2.3437 val_acc=0.000
      ep18 train_loss=0.9181 train_acc=0.721 | val_loss=2.4956 val_acc=0.000
      ep19 train_loss=0.9337 train_acc=0.738 | val_loss=2.3628 val_acc=0.000
      ep20 train_loss=0.8680 train_acc=0.750 | val_loss=2.3420 val_acc=0.000
      ep21 train_loss=0.8649 train_acc=0.779 | val_loss=2.4142 val_acc=0.000
      ep22 train_loss=0.8327 train_acc=0.770 | val_loss=2.4904 val_acc=0.000
      saved re-evaluation checkpoint fold20_ep22.pt
      ep23 train_loss=0.8363 train_acc=0.824 | val_loss=2.4090 val_acc=0.000
      saved re-evaluation checkpoint fold20_ep23.pt
      ep24 train_loss=0.8391 train_acc=0.816 | val_loss=2.5198 val_acc=0.000
      saved re-evaluation checkpoint fold20_ep24.pt
fold result: UF1=0.0000 UAR=0.0000 ACC=0.0000
fold 22/26: 25 train subjects / 1 validation subjects; 244 train / 2 validation samples
      ep00 train_loss=1.7277 train_acc=0.250 | val_loss=1.6899 val_acc=0.000
      ep01 train_loss=1.5343 train_acc=0.393 | val_loss=0.7645 val_acc=1.000
      ep02 train_loss=1.4327 train_acc=0.418 | val_loss=0.6830 val_acc=1.000
      ep03 train_loss=1.3804 train_acc=0.484 | val_loss=0.4640 val_acc=1.000
      ep04 train_loss=1.3672 train_acc=0.459 | val_loss=0.2450 val_acc=1.000
      ep05 train_loss=1.3105 train_acc=0.520 | val_loss=0.2422 val_acc=1.000
      ep06 train_loss=1.2549 train_acc=0.492 | val_loss=0.1464 val_acc=1.000
      ep07 train_loss=1.2107 train_acc=0.582 | val_loss=0.1029 val_acc=1.000
      ep08 train_loss=1.1780 train_acc=0.553 | val_loss=0.0918 val_acc=1.000
      ep09 train_loss=1.1775 train_acc=0.561 | val_loss=0.0959 val_acc=1.000
      ep10 train_loss=1.0875 train_acc=0.582 | val_loss=0.0639 val_acc=1.000
      ep11 train_loss=1.0788 train_acc=0.656 | val_loss=0.0422 val_acc=1.000
      ep12 train_loss=1.0199 train_acc=0.627 | val_loss=0.0781 val_acc=1.000
      ep13 train_loss=1.0699 train_acc=0.656 | val_loss=0.0633 val_acc=1.000
      ep14 train_loss=1.0017 train_acc=0.648 | val_loss=0.0961 val_acc=1.000
      ep15 train_loss=0.9699 train_acc=0.660 | val_loss=0.0707 val_acc=1.000
      ep16 train_loss=0.9628 train_acc=0.705 | val_loss=0.0837 val_acc=1.000
      ep17 train_loss=0.9937 train_acc=0.701 | val_loss=0.1268 val_acc=1.000
      ep18 train_loss=0.9640 train_acc=0.713 | val_loss=0.0912 val_acc=1.000
      ep19 train_loss=0.9558 train_acc=0.725 | val_loss=0.0645 val_acc=1.000
      ep20 train_loss=0.9290 train_acc=0.738 | val_loss=0.0640 val_acc=1.000
      ep21 train_loss=0.9073 train_acc=0.746 | val_loss=0.0610 val_acc=1.000
      ep22 train_loss=0.8684 train_acc=0.750 | val_loss=0.0588 val_acc=1.000
      saved re-evaluation checkpoint fold21_ep22.pt
      ep23 train_loss=0.8828 train_acc=0.775 | val_loss=0.0579 val_acc=1.000
      saved re-evaluation checkpoint fold21_ep23.pt
      ep24 train_loss=0.8816 train_acc=0.750 | val_loss=0.0646 val_acc=1.000
      saved re-evaluation checkpoint fold21_ep24.pt
fold result: UF1=0.2000 UAR=0.2000 ACC=1.0000
fold 23/26: 25 train subjects / 1 validation subjects; 234 train / 12 validation samples
      ep00 train_loss=1.6649 train_acc=0.325 | val_loss=1.7173 val_acc=0.083
      ep01 train_loss=1.4768 train_acc=0.380 | val_loss=1.0671 val_acc=0.583
      ep02 train_loss=1.4111 train_acc=0.479 | val_loss=0.9993 val_acc=0.583
      ep03 train_loss=1.3335 train_acc=0.483 | val_loss=0.9050 val_acc=0.667
      ep04 train_loss=1.2485 train_acc=0.470 | val_loss=0.8533 val_acc=0.667
      ep05 train_loss=1.1812 train_acc=0.585 | val_loss=0.8166 val_acc=0.667
      ep06 train_loss=1.2192 train_acc=0.500 | val_loss=0.7884 val_acc=0.667
      ep07 train_loss=1.1651 train_acc=0.598 | val_loss=0.6288 val_acc=0.833
      ep08 train_loss=1.0833 train_acc=0.560 | val_loss=0.7984 val_acc=0.667
      ep09 train_loss=1.1272 train_acc=0.530 | val_loss=0.7144 val_acc=0.833
      ep10 train_loss=1.0941 train_acc=0.624 | val_loss=0.5998 val_acc=0.917
      ep11 train_loss=1.0683 train_acc=0.628 | val_loss=0.5455 val_acc=0.833
      ep12 train_loss=0.9738 train_acc=0.697 | val_loss=0.7623 val_acc=0.750
      ep13 train_loss=0.9731 train_acc=0.688 | val_loss=0.6945 val_acc=0.833
      ep14 train_loss=0.9319 train_acc=0.667 | val_loss=0.6394 val_acc=0.917
      ep15 train_loss=0.9645 train_acc=0.671 | val_loss=0.6486 val_acc=0.833
      ep16 train_loss=0.9243 train_acc=0.714 | val_loss=0.5698 val_acc=0.833
      ep17 train_loss=0.9111 train_acc=0.756 | val_loss=0.6280 val_acc=0.833
      ep18 train_loss=0.9017 train_acc=0.739 | val_loss=0.5314 val_acc=0.917
      ep19 train_loss=0.8661 train_acc=0.782 | val_loss=0.6232 val_acc=0.750
      ep20 train_loss=0.8521 train_acc=0.774 | val_loss=0.5396 val_acc=0.917
      ep21 train_loss=0.8986 train_acc=0.722 | val_loss=0.5314 val_acc=0.833
      ep22 train_loss=0.8392 train_acc=0.752 | val_loss=0.5634 val_acc=0.917
      saved re-evaluation checkpoint fold22_ep22.pt
      ep23 train_loss=0.8142 train_acc=0.778 | val_loss=0.5485 val_acc=0.917
      saved re-evaluation checkpoint fold22_ep23.pt
      ep24 train_loss=0.8841 train_acc=0.761 | val_loss=0.5185 val_acc=0.917
      saved re-evaluation checkpoint fold22_ep24.pt
fold result: UF1=0.7048 UAR=0.7500 ACC=0.9167
fold 24/26: 25 train subjects / 1 validation subjects; 239 train / 7 validation samples
      ep00 train_loss=1.6767 train_acc=0.285 | val_loss=1.7101 val_acc=0.286
      ep01 train_loss=1.5566 train_acc=0.339 | val_loss=1.7813 val_acc=0.286
      ep02 train_loss=1.4641 train_acc=0.364 | val_loss=1.5603 val_acc=0.143
      ep03 train_loss=1.3786 train_acc=0.456 | val_loss=1.2727 val_acc=0.429
      ep04 train_loss=1.2822 train_acc=0.473 | val_loss=1.5332 val_acc=0.286
      ep05 train_loss=1.2116 train_acc=0.552 | val_loss=1.4802 val_acc=0.286
      ep06 train_loss=1.1072 train_acc=0.573 | val_loss=1.4542 val_acc=0.286
      ep07 train_loss=1.1160 train_acc=0.586 | val_loss=1.6429 val_acc=0.429
      ep08 train_loss=1.1197 train_acc=0.615 | val_loss=1.4811 val_acc=0.286
      ep09 train_loss=1.1051 train_acc=0.586 | val_loss=1.4459 val_acc=0.429
      ep10 train_loss=1.0350 train_acc=0.695 | val_loss=1.2101 val_acc=0.429
      ep11 train_loss=1.0313 train_acc=0.653 | val_loss=1.5308 val_acc=0.286
      ep12 train_loss=1.0781 train_acc=0.636 | val_loss=1.8553 val_acc=0.286
      ep13 train_loss=0.9896 train_acc=0.661 | val_loss=1.7714 val_acc=0.429
      ep14 train_loss=0.9348 train_acc=0.732 | val_loss=1.4643 val_acc=0.286
      ep15 train_loss=0.9660 train_acc=0.707 | val_loss=1.4318 val_acc=0.429
      ep16 train_loss=0.9631 train_acc=0.703 | val_loss=1.2832 val_acc=0.571
      ep17 train_loss=0.9024 train_acc=0.762 | val_loss=1.4187 val_acc=0.429
      ep18 train_loss=0.9063 train_acc=0.741 | val_loss=1.2988 val_acc=0.429
      ep19 train_loss=0.8742 train_acc=0.766 | val_loss=1.2521 val_acc=0.571
      ep20 train_loss=0.9003 train_acc=0.728 | val_loss=1.3214 val_acc=0.571
      ep21 train_loss=0.8721 train_acc=0.749 | val_loss=1.2837 val_acc=0.571
      ep22 train_loss=0.8261 train_acc=0.782 | val_loss=1.2537 val_acc=0.571
      saved re-evaluation checkpoint fold23_ep22.pt
      ep23 train_loss=0.8405 train_acc=0.803 | val_loss=1.3067 val_acc=0.571
      saved re-evaluation checkpoint fold23_ep23.pt
      ep24 train_loss=0.8603 train_acc=0.749 | val_loss=1.3156 val_acc=0.571
      saved re-evaluation checkpoint fold23_ep24.pt
fold result: UF1=0.3476 UAR=0.4000 ACC=0.5714
fold 25/26: 25 train subjects / 1 validation subjects; 239 train / 7 validation samples
      ep00 train_loss=1.6663 train_acc=0.280 | val_loss=1.8815 val_acc=0.000
      ep01 train_loss=1.5425 train_acc=0.372 | val_loss=1.7791 val_acc=0.143
      ep02 train_loss=1.4109 train_acc=0.427 | val_loss=2.0345 val_acc=0.000
      ep03 train_loss=1.3224 train_acc=0.485 | val_loss=1.7216 val_acc=0.143
      ep04 train_loss=1.2360 train_acc=0.515 | val_loss=1.7829 val_acc=0.000
      ep05 train_loss=1.2127 train_acc=0.519 | val_loss=1.3836 val_acc=0.286
      ep06 train_loss=1.0869 train_acc=0.577 | val_loss=1.9456 val_acc=0.143
      ep07 train_loss=1.0982 train_acc=0.611 | val_loss=1.5602 val_acc=0.143
      ep08 train_loss=1.0821 train_acc=0.615 | val_loss=1.7400 val_acc=0.000
      ep09 train_loss=1.0874 train_acc=0.611 | val_loss=1.2425 val_acc=0.286
      ep10 train_loss=1.0468 train_acc=0.703 | val_loss=1.5470 val_acc=0.286
      ep11 train_loss=1.0367 train_acc=0.653 | val_loss=1.1229 val_acc=0.286
      ep12 train_loss=1.1097 train_acc=0.611 | val_loss=1.7780 val_acc=0.143
      ep13 train_loss=0.9944 train_acc=0.682 | val_loss=1.2414 val_acc=0.286
      ep14 train_loss=0.9222 train_acc=0.732 | val_loss=1.4886 val_acc=0.286
      ep15 train_loss=0.9541 train_acc=0.682 | val_loss=1.6936 val_acc=0.286
      ep16 train_loss=0.9591 train_acc=0.686 | val_loss=1.4169 val_acc=0.286
      ep17 train_loss=0.9030 train_acc=0.774 | val_loss=1.2018 val_acc=0.286
      ep18 train_loss=0.8943 train_acc=0.736 | val_loss=1.5008 val_acc=0.143
      ep19 train_loss=0.8877 train_acc=0.749 | val_loss=1.3861 val_acc=0.143
      ep20 train_loss=0.8724 train_acc=0.741 | val_loss=1.4573 val_acc=0.143
      ep21 train_loss=0.8735 train_acc=0.745 | val_loss=1.4778 val_acc=0.286
      ep22 train_loss=0.8452 train_acc=0.778 | val_loss=1.2689 val_acc=0.286
      saved re-evaluation checkpoint fold24_ep22.pt
      ep23 train_loss=0.8369 train_acc=0.791 | val_loss=1.3018 val_acc=0.286
      saved re-evaluation checkpoint fold24_ep23.pt
      ep24 train_loss=0.8565 train_acc=0.753 | val_loss=1.3971 val_acc=0.143
      saved re-evaluation checkpoint fold24_ep24.pt
fold result: UF1=0.2133 UAR=0.2000 ACC=0.2857
fold 26/26: 25 train subjects / 1 validation subjects; 230 train / 16 validation samples
      ep00 train_loss=1.6304 train_acc=0.261 | val_loss=1.6197 val_acc=0.125
      ep01 train_loss=1.5130 train_acc=0.361 | val_loss=1.2826 val_acc=0.500
      ep02 train_loss=1.3837 train_acc=0.435 | val_loss=1.2329 val_acc=0.562
      ep03 train_loss=1.3550 train_acc=0.461 | val_loss=1.2093 val_acc=0.562
      ep04 train_loss=1.3469 train_acc=0.443 | val_loss=1.2846 val_acc=0.500
      ep05 train_loss=1.2870 train_acc=0.513 | val_loss=1.2306 val_acc=0.500
      ep06 train_loss=1.2470 train_acc=0.513 | val_loss=1.2389 val_acc=0.062
      ep07 train_loss=1.1329 train_acc=0.578 | val_loss=1.1656 val_acc=0.500
      ep08 train_loss=1.1114 train_acc=0.574 | val_loss=1.3456 val_acc=0.312
      ep09 train_loss=1.1037 train_acc=0.578 | val_loss=1.2446 val_acc=0.438
      ep10 train_loss=1.0677 train_acc=0.604 | val_loss=1.2505 val_acc=0.438
      ep11 train_loss=1.0322 train_acc=0.613 | val_loss=1.0230 val_acc=0.625
      ep12 train_loss=0.9533 train_acc=0.661 | val_loss=1.2706 val_acc=0.312
      ep13 train_loss=0.9616 train_acc=0.696 | val_loss=1.3586 val_acc=0.438
      ep14 train_loss=0.9006 train_acc=0.713 | val_loss=1.2720 val_acc=0.312
      ep15 train_loss=0.9672 train_acc=0.691 | val_loss=1.0111 val_acc=0.688
      ep16 train_loss=0.8802 train_acc=0.757 | val_loss=1.1910 val_acc=0.438
      ep17 train_loss=0.9574 train_acc=0.713 | val_loss=1.2503 val_acc=0.500
      ep18 train_loss=0.9076 train_acc=0.704 | val_loss=1.0586 val_acc=0.562
      ep19 train_loss=0.8295 train_acc=0.787 | val_loss=1.2281 val_acc=0.438
      ep20 train_loss=0.8507 train_acc=0.765 | val_loss=1.1985 val_acc=0.562
      ep21 train_loss=0.8473 train_acc=0.757 | val_loss=1.0728 val_acc=0.625
      ep22 train_loss=0.8422 train_acc=0.770 | val_loss=1.0692 val_acc=0.625
      saved re-evaluation checkpoint fold25_ep22.pt
      ep23 train_loss=0.8177 train_acc=0.778 | val_loss=1.1004 val_acc=0.625
      saved re-evaluation checkpoint fold25_ep23.pt
      ep24 train_loss=0.8281 train_acc=0.804 | val_loss=1.1004 val_acc=0.562
      saved re-evaluation checkpoint fold25_ep24.pt
fold result: UF1=0.4239 UAR=0.4356 ACC=0.6875
FINAL dev: UF1=0.6148 UAR=0.6498 ACC=0.5935
saved reproducible artifacts to D:\AI-Projects\casmeII-new-from-sequence-model\experiments\protocol_v2\iter_105_focus_rnn_nopretrain_full_s42_v2_dev_loso_all_p5 in 5500.7s
