=== PROTOCOL V2 iter_74_r3d_lastk8_ep40_s42_v2_dev_loso_all_p5 ===
time: 2026-08-06T07:45:53.275340 | role: dev
device: cuda (NVIDIA GeForce RTX 3060)
platform: Windows-10-10.0.26200-SP0 | torch 2.6.0+cu124
loading 246 cached arrays
fixed split loaded: 21 development subjects, 5 sealed audit subjects
!! LOSO over ALL 26 subjects -- AUDIT SEAL BROKEN. This number is comparable to published LOSO results, and the audit split can no longer serve as an untouched final check.
fold 1/26: 25 train subjects / 1 validation subjects; 237 train / 9 validation samples
      ep00 train_loss=1.6039 train_acc=0.363 | val_loss=1.2487 val_acc=0.444
      ep01 train_loss=1.2457 train_acc=0.565 | val_loss=1.0333 val_acc=0.444
      ep02 train_loss=1.0993 train_acc=0.616 | val_loss=0.9648 val_acc=0.667
      ep03 train_loss=1.0677 train_acc=0.646 | val_loss=0.7183 val_acc=0.889
      ep04 train_loss=0.9874 train_acc=0.722 | val_loss=0.8602 val_acc=0.667
      ep05 train_loss=0.8402 train_acc=0.797 | val_loss=0.9124 val_acc=0.667
      ep06 train_loss=0.8108 train_acc=0.840 | val_loss=0.8089 val_acc=0.778
      ep07 train_loss=0.7853 train_acc=0.873 | val_loss=0.7626 val_acc=0.778
      ep08 train_loss=0.8293 train_acc=0.802 | val_loss=0.6868 val_acc=0.778
      ep09 train_loss=0.7891 train_acc=0.869 | val_loss=0.7769 val_acc=0.778
      ep10 train_loss=0.7807 train_acc=0.869 | val_loss=0.8623 val_acc=0.556
      ep11 train_loss=0.7419 train_acc=0.869 | val_loss=0.6131 val_acc=0.778
      ep12 train_loss=0.7485 train_acc=0.878 | val_loss=0.7166 val_acc=0.667
      ep13 train_loss=0.6624 train_acc=0.920 | val_loss=0.6790 val_acc=0.667
      ep14 train_loss=0.6443 train_acc=0.945 | val_loss=0.7122 val_acc=0.667
      ep15 train_loss=0.6467 train_acc=0.958 | val_loss=0.7330 val_acc=0.667
      ep16 train_loss=0.6659 train_acc=0.928 | val_loss=0.9768 val_acc=0.667
      ep17 train_loss=0.6406 train_acc=0.954 | val_loss=0.8163 val_acc=0.667
      ep18 train_loss=0.6473 train_acc=0.958 | val_loss=0.7502 val_acc=0.667
      ep19 train_loss=0.6241 train_acc=0.962 | val_loss=0.7209 val_acc=0.778
      ep20 train_loss=0.6196 train_acc=0.975 | val_loss=0.7925 val_acc=0.778
      ep21 train_loss=0.6258 train_acc=0.958 | val_loss=0.6851 val_acc=0.778
      ep22 train_loss=0.5865 train_acc=0.983 | val_loss=0.7396 val_acc=0.778
      ep23 train_loss=0.5894 train_acc=0.979 | val_loss=0.7232 val_acc=0.778
      ep24 train_loss=0.5992 train_acc=0.987 | val_loss=0.6672 val_acc=0.778
      ep25 train_loss=0.6204 train_acc=0.975 | val_loss=0.7267 val_acc=0.667
      ep26 train_loss=0.6032 train_acc=0.975 | val_loss=0.7327 val_acc=0.667
      ep27 train_loss=0.5962 train_acc=0.983 | val_loss=0.7569 val_acc=0.667
      ep28 train_loss=0.5844 train_acc=0.975 | val_loss=0.7582 val_acc=0.778
      ep29 train_loss=0.5917 train_acc=0.987 | val_loss=0.7794 val_acc=0.778
      ep30 train_loss=0.5678 train_acc=0.996 | val_loss=0.7886 val_acc=0.778
      ep31 train_loss=0.5836 train_acc=0.966 | val_loss=0.7554 val_acc=0.778
      ep32 train_loss=0.5943 train_acc=0.987 | val_loss=0.7302 val_acc=0.778
      saved re-evaluation checkpoint fold0_ep32.pt
      ep33 train_loss=0.5746 train_acc=0.992 | val_loss=0.7334 val_acc=0.778
      saved re-evaluation checkpoint fold0_ep33.pt
      ep34 train_loss=0.5924 train_acc=0.987 | val_loss=0.7802 val_acc=0.778
      saved re-evaluation checkpoint fold0_ep34.pt
      ep35 train_loss=0.5775 train_acc=0.979 | val_loss=0.7511 val_acc=0.778
      saved re-evaluation checkpoint fold0_ep35.pt
      ep36 train_loss=0.6049 train_acc=0.979 | val_loss=0.7484 val_acc=0.778
      saved re-evaluation checkpoint fold0_ep36.pt
      ep37 train_loss=0.5938 train_acc=0.970 | val_loss=0.7834 val_acc=0.778
      saved re-evaluation checkpoint fold0_ep37.pt
      ep38 train_loss=0.5935 train_acc=0.983 | val_loss=0.8025 val_acc=0.778
      saved re-evaluation checkpoint fold0_ep38.pt
      ep39 train_loss=0.5724 train_acc=1.000 | val_loss=0.8127 val_acc=0.778
      saved re-evaluation checkpoint fold0_ep39.pt
fold result: UF1=0.4333 UAR=0.4667 ACC=0.7778
fold 2/26: 25 train subjects / 1 validation subjects; 233 train / 13 validation samples
      ep00 train_loss=1.6129 train_acc=0.335 | val_loss=1.2814 val_acc=0.385
      ep01 train_loss=1.1283 train_acc=0.601 | val_loss=1.4978 val_acc=0.538
      ep02 train_loss=1.1033 train_acc=0.648 | val_loss=1.3270 val_acc=0.385
      ep03 train_loss=1.0116 train_acc=0.734 | val_loss=1.6773 val_acc=0.462
      ep04 train_loss=0.9142 train_acc=0.764 | val_loss=1.8600 val_acc=0.308
      ep05 train_loss=0.8815 train_acc=0.815 | val_loss=1.4618 val_acc=0.538
      ep06 train_loss=0.8615 train_acc=0.815 | val_loss=1.4190 val_acc=0.692
      ep07 train_loss=0.7667 train_acc=0.863 | val_loss=0.9134 val_acc=0.538
      ep08 train_loss=0.8258 train_acc=0.820 | val_loss=1.5622 val_acc=0.538
      ep09 train_loss=0.7686 train_acc=0.888 | val_loss=1.0859 val_acc=0.615
      ep10 train_loss=0.7803 train_acc=0.901 | val_loss=1.2145 val_acc=0.462
      ep11 train_loss=0.7695 train_acc=0.871 | val_loss=1.6571 val_acc=0.385
      ep12 train_loss=0.7256 train_acc=0.940 | val_loss=1.3086 val_acc=0.615
      ep13 train_loss=0.6904 train_acc=0.948 | val_loss=1.4701 val_acc=0.308
      ep14 train_loss=0.6907 train_acc=0.961 | val_loss=1.0850 val_acc=0.538
      ep15 train_loss=0.6653 train_acc=0.944 | val_loss=0.9090 val_acc=0.769
      ep16 train_loss=0.6901 train_acc=0.957 | val_loss=1.0003 val_acc=0.462
      ep17 train_loss=0.6817 train_acc=0.948 | val_loss=1.3306 val_acc=0.615
      ep18 train_loss=0.6415 train_acc=0.979 | val_loss=0.8950 val_acc=0.769
      ep19 train_loss=0.6049 train_acc=0.987 | val_loss=1.0863 val_acc=0.462
      ep20 train_loss=0.6499 train_acc=0.979 | val_loss=1.0378 val_acc=0.615
      ep21 train_loss=0.6677 train_acc=0.957 | val_loss=1.0678 val_acc=0.615
      ep22 train_loss=0.6514 train_acc=0.953 | val_loss=1.1959 val_acc=0.538
      ep23 train_loss=0.6687 train_acc=0.966 | val_loss=1.0314 val_acc=0.615
      ep24 train_loss=0.6573 train_acc=0.979 | val_loss=1.1333 val_acc=0.538
      ep25 train_loss=0.6737 train_acc=0.948 | val_loss=1.1060 val_acc=0.692
      ep26 train_loss=0.6704 train_acc=0.970 | val_loss=1.0510 val_acc=0.692
      ep27 train_loss=0.6798 train_acc=0.966 | val_loss=1.1553 val_acc=0.615
      ep28 train_loss=0.6254 train_acc=0.983 | val_loss=1.1186 val_acc=0.615
      ep29 train_loss=0.6372 train_acc=0.983 | val_loss=1.0420 val_acc=0.692
      ep30 train_loss=0.6252 train_acc=0.983 | val_loss=1.0895 val_acc=0.769
      ep31 train_loss=0.5924 train_acc=1.000 | val_loss=1.0234 val_acc=0.692
      ep32 train_loss=0.6242 train_acc=0.987 | val_loss=1.1998 val_acc=0.538
      saved re-evaluation checkpoint fold1_ep32.pt
      ep33 train_loss=0.6013 train_acc=0.996 | val_loss=1.0669 val_acc=0.615
      saved re-evaluation checkpoint fold1_ep33.pt
      ep34 train_loss=0.6362 train_acc=0.970 | val_loss=1.0674 val_acc=0.615
      saved re-evaluation checkpoint fold1_ep34.pt
      ep35 train_loss=0.5956 train_acc=0.987 | val_loss=1.1710 val_acc=0.538
      saved re-evaluation checkpoint fold1_ep35.pt
      ep36 train_loss=0.6220 train_acc=0.983 | val_loss=1.0753 val_acc=0.692
      saved re-evaluation checkpoint fold1_ep36.pt
      ep37 train_loss=0.6098 train_acc=1.000 | val_loss=1.0749 val_acc=0.615
      saved re-evaluation checkpoint fold1_ep37.pt
      ep38 train_loss=0.6343 train_acc=0.983 | val_loss=1.0696 val_acc=0.538
      saved re-evaluation checkpoint fold1_ep38.pt
      ep39 train_loss=0.6252 train_acc=0.983 | val_loss=1.1416 val_acc=0.538
      saved re-evaluation checkpoint fold1_ep39.pt
fold result: UF1=0.4190 UAR=0.4200 ACC=0.6154
fold 3/26: 25 train subjects / 1 validation subjects; 239 train / 7 validation samples
      ep00 train_loss=1.6033 train_acc=0.397 | val_loss=1.5079 val_acc=0.571
      ep01 train_loss=1.1742 train_acc=0.552 | val_loss=0.9858 val_acc=0.571
      ep02 train_loss=1.1054 train_acc=0.653 | val_loss=0.8590 val_acc=0.714
      ep03 train_loss=1.0097 train_acc=0.695 | val_loss=0.7256 val_acc=0.571
      ep04 train_loss=0.9521 train_acc=0.778 | val_loss=0.6521 val_acc=0.714
      ep05 train_loss=0.8862 train_acc=0.745 | val_loss=1.0607 val_acc=0.714
      ep06 train_loss=0.8346 train_acc=0.849 | val_loss=0.9133 val_acc=0.714
      ep07 train_loss=0.8515 train_acc=0.812 | val_loss=0.7708 val_acc=0.714
      ep08 train_loss=0.7674 train_acc=0.879 | val_loss=1.0867 val_acc=0.571
      ep09 train_loss=0.7717 train_acc=0.870 | val_loss=0.8004 val_acc=0.857
      ep10 train_loss=0.7286 train_acc=0.900 | val_loss=0.9448 val_acc=0.571
      ep11 train_loss=0.6491 train_acc=0.967 | val_loss=0.8287 val_acc=0.571
      ep12 train_loss=0.7141 train_acc=0.879 | val_loss=1.0517 val_acc=0.286
      ep13 train_loss=0.6500 train_acc=0.933 | val_loss=1.1150 val_acc=0.571
      ep14 train_loss=0.6773 train_acc=0.941 | val_loss=0.8647 val_acc=0.429
      ep15 train_loss=0.6732 train_acc=0.954 | val_loss=0.7542 val_acc=0.714
      ep16 train_loss=0.6532 train_acc=0.950 | val_loss=1.0615 val_acc=0.571
      ep17 train_loss=0.6666 train_acc=0.946 | val_loss=1.0481 val_acc=0.714
      ep18 train_loss=0.6093 train_acc=0.967 | val_loss=0.8580 val_acc=0.714
      ep19 train_loss=0.6016 train_acc=0.971 | val_loss=0.7771 val_acc=0.571
      ep20 train_loss=0.6179 train_acc=0.967 | val_loss=0.8572 val_acc=0.714
      ep21 train_loss=0.6097 train_acc=0.975 | val_loss=0.8692 val_acc=0.714
      ep22 train_loss=0.6152 train_acc=0.975 | val_loss=0.9700 val_acc=0.714
      ep23 train_loss=0.6204 train_acc=0.971 | val_loss=0.8254 val_acc=0.714
      ep24 train_loss=0.6519 train_acc=0.971 | val_loss=0.9340 val_acc=0.571
      ep25 train_loss=0.5996 train_acc=0.983 | val_loss=0.9511 val_acc=0.714
      ep26 train_loss=0.5884 train_acc=0.992 | val_loss=0.8528 val_acc=0.571
      ep27 train_loss=0.5995 train_acc=0.983 | val_loss=0.8044 val_acc=0.571
      ep28 train_loss=0.6357 train_acc=0.954 | val_loss=0.8026 val_acc=0.571
      ep29 train_loss=0.5859 train_acc=0.996 | val_loss=0.7305 val_acc=0.857
      ep30 train_loss=0.5882 train_acc=0.979 | val_loss=0.7468 val_acc=0.857
      ep31 train_loss=0.5759 train_acc=0.996 | val_loss=0.8077 val_acc=0.714
      ep32 train_loss=0.5762 train_acc=0.992 | val_loss=0.7675 val_acc=0.714
      saved re-evaluation checkpoint fold2_ep32.pt
      ep33 train_loss=0.6288 train_acc=0.975 | val_loss=0.7611 val_acc=0.714
      saved re-evaluation checkpoint fold2_ep33.pt
      ep34 train_loss=0.6076 train_acc=0.979 | val_loss=0.8162 val_acc=0.714
      saved re-evaluation checkpoint fold2_ep34.pt
      ep35 train_loss=0.5883 train_acc=0.987 | val_loss=0.7589 val_acc=0.714
      saved re-evaluation checkpoint fold2_ep35.pt
      ep36 train_loss=0.5854 train_acc=0.996 | val_loss=0.7074 val_acc=0.714
      saved re-evaluation checkpoint fold2_ep36.pt
      ep37 train_loss=0.5800 train_acc=0.992 | val_loss=0.8098 val_acc=0.714
      saved re-evaluation checkpoint fold2_ep37.pt
      ep38 train_loss=0.5931 train_acc=0.975 | val_loss=0.7557 val_acc=0.857
      saved re-evaluation checkpoint fold2_ep38.pt
      ep39 train_loss=0.5714 train_acc=0.996 | val_loss=0.7935 val_acc=0.714
      saved re-evaluation checkpoint fold2_ep39.pt
fold result: UF1=0.4500 UAR=0.4500 ACC=0.7143
fold 4/26: 25 train subjects / 1 validation subjects; 241 train / 5 validation samples
      ep00 train_loss=1.5487 train_acc=0.332 | val_loss=1.0186 val_acc=0.600
      ep01 train_loss=1.2253 train_acc=0.548 | val_loss=0.8490 val_acc=0.600
      ep02 train_loss=1.0962 train_acc=0.627 | val_loss=0.6468 val_acc=0.800
      ep03 train_loss=1.0135 train_acc=0.697 | val_loss=0.4109 val_acc=0.800
      ep04 train_loss=0.9361 train_acc=0.763 | val_loss=0.6246 val_acc=0.600
      ep05 train_loss=0.9002 train_acc=0.772 | val_loss=0.9227 val_acc=0.600
      ep06 train_loss=0.7599 train_acc=0.855 | val_loss=0.8106 val_acc=0.600
      ep07 train_loss=0.8205 train_acc=0.801 | val_loss=0.8642 val_acc=0.800
      ep08 train_loss=0.7046 train_acc=0.905 | val_loss=0.4329 val_acc=0.800
      ep09 train_loss=0.7928 train_acc=0.871 | val_loss=0.6195 val_acc=0.600
      ep10 train_loss=0.6805 train_acc=0.938 | val_loss=0.3342 val_acc=0.800
      ep11 train_loss=0.6764 train_acc=0.913 | val_loss=0.5772 val_acc=1.000
      ep12 train_loss=0.7008 train_acc=0.913 | val_loss=0.5162 val_acc=0.800
      ep13 train_loss=0.6960 train_acc=0.921 | val_loss=0.5303 val_acc=0.800
      ep14 train_loss=0.6866 train_acc=0.917 | val_loss=0.6172 val_acc=0.800
      ep15 train_loss=0.6609 train_acc=0.954 | val_loss=0.2783 val_acc=1.000
      ep16 train_loss=0.6512 train_acc=0.925 | val_loss=0.9391 val_acc=0.600
      ep17 train_loss=0.6380 train_acc=0.954 | val_loss=1.1012 val_acc=0.600
      ep18 train_loss=0.6733 train_acc=0.942 | val_loss=0.6836 val_acc=0.600
      ep19 train_loss=0.6395 train_acc=0.967 | val_loss=0.6825 val_acc=0.800
      ep20 train_loss=0.6505 train_acc=0.950 | val_loss=0.6675 val_acc=0.600
      ep21 train_loss=0.6034 train_acc=0.979 | val_loss=0.5697 val_acc=0.600
      ep22 train_loss=0.5921 train_acc=0.979 | val_loss=0.8417 val_acc=0.600
      ep23 train_loss=0.6381 train_acc=0.971 | val_loss=0.7116 val_acc=0.600
      ep24 train_loss=0.5951 train_acc=0.979 | val_loss=0.5041 val_acc=0.800
      ep25 train_loss=0.6109 train_acc=0.983 | val_loss=0.6459 val_acc=0.800
      ep26 train_loss=0.6023 train_acc=0.971 | val_loss=0.6295 val_acc=0.800
      ep27 train_loss=0.6275 train_acc=0.967 | val_loss=0.7492 val_acc=0.800
      ep28 train_loss=0.6082 train_acc=0.979 | val_loss=0.6781 val_acc=0.800
      ep29 train_loss=0.6133 train_acc=0.971 | val_loss=0.7304 val_acc=0.600
      ep30 train_loss=0.5914 train_acc=0.975 | val_loss=0.7548 val_acc=0.600
      ep31 train_loss=0.5976 train_acc=0.992 | val_loss=0.6869 val_acc=0.600
      ep32 train_loss=0.5859 train_acc=0.988 | val_loss=0.7461 val_acc=0.600
      saved re-evaluation checkpoint fold3_ep32.pt
      ep33 train_loss=0.6385 train_acc=0.979 | val_loss=0.6488 val_acc=0.600
      saved re-evaluation checkpoint fold3_ep33.pt
      ep34 train_loss=0.5973 train_acc=0.988 | val_loss=0.6990 val_acc=0.800
      saved re-evaluation checkpoint fold3_ep34.pt
      ep35 train_loss=0.5843 train_acc=0.992 | val_loss=0.5311 val_acc=0.800
      saved re-evaluation checkpoint fold3_ep35.pt
      ep36 train_loss=0.5925 train_acc=0.979 | val_loss=0.6219 val_acc=0.600
      saved re-evaluation checkpoint fold3_ep36.pt
      ep37 train_loss=0.5921 train_acc=0.983 | val_loss=0.6987 val_acc=0.600
      saved re-evaluation checkpoint fold3_ep37.pt
      ep38 train_loss=0.6024 train_acc=0.996 | val_loss=0.6458 val_acc=0.800
      saved re-evaluation checkpoint fold3_ep38.pt
      ep39 train_loss=0.6163 train_acc=0.971 | val_loss=0.6462 val_acc=0.800
      saved re-evaluation checkpoint fold3_ep39.pt
fold result: UF1=0.2333 UAR=0.2333 ACC=0.6000
fold 5/26: 25 train subjects / 1 validation subjects; 227 train / 19 validation samples
      ep00 train_loss=1.5687 train_acc=0.330 | val_loss=1.3019 val_acc=0.474
      ep01 train_loss=1.1114 train_acc=0.626 | val_loss=1.2928 val_acc=0.421
      ep02 train_loss=1.0891 train_acc=0.661 | val_loss=2.1243 val_acc=0.421
      ep03 train_loss=0.9509 train_acc=0.731 | val_loss=1.7190 val_acc=0.474
      ep04 train_loss=0.9650 train_acc=0.722 | val_loss=1.6853 val_acc=0.421
      ep05 train_loss=0.8398 train_acc=0.824 | val_loss=1.7538 val_acc=0.421
      ep06 train_loss=0.8397 train_acc=0.841 | val_loss=2.3226 val_acc=0.368
      ep07 train_loss=0.8069 train_acc=0.850 | val_loss=1.2011 val_acc=0.579
      ep08 train_loss=0.8321 train_acc=0.863 | val_loss=1.8430 val_acc=0.474
      ep09 train_loss=0.7903 train_acc=0.872 | val_loss=1.5688 val_acc=0.421
      ep10 train_loss=0.7240 train_acc=0.894 | val_loss=1.7101 val_acc=0.474
      ep11 train_loss=0.6874 train_acc=0.934 | val_loss=1.5846 val_acc=0.474
      ep12 train_loss=0.6909 train_acc=0.921 | val_loss=1.7707 val_acc=0.368
      ep13 train_loss=0.7101 train_acc=0.899 | val_loss=1.6833 val_acc=0.474
      ep14 train_loss=0.6836 train_acc=0.925 | val_loss=1.6329 val_acc=0.421
      ep15 train_loss=0.6633 train_acc=0.952 | val_loss=1.5927 val_acc=0.474
      ep16 train_loss=0.6993 train_acc=0.925 | val_loss=1.5424 val_acc=0.421
      ep17 train_loss=0.6625 train_acc=0.947 | val_loss=1.5585 val_acc=0.526
      ep18 train_loss=0.6513 train_acc=0.956 | val_loss=1.7219 val_acc=0.421
      ep19 train_loss=0.6430 train_acc=0.960 | val_loss=1.9633 val_acc=0.474
      ep20 train_loss=0.6647 train_acc=0.965 | val_loss=1.4820 val_acc=0.474
      ep21 train_loss=0.6059 train_acc=0.982 | val_loss=1.6706 val_acc=0.474
      ep22 train_loss=0.6285 train_acc=0.960 | val_loss=1.4917 val_acc=0.526
      ep23 train_loss=0.6109 train_acc=0.996 | val_loss=1.5444 val_acc=0.474
      ep24 train_loss=0.6190 train_acc=0.969 | val_loss=1.5615 val_acc=0.474
      ep25 train_loss=0.6094 train_acc=0.969 | val_loss=1.9109 val_acc=0.474
      ep26 train_loss=0.6065 train_acc=0.987 | val_loss=1.8408 val_acc=0.421
      ep27 train_loss=0.5880 train_acc=0.987 | val_loss=1.7772 val_acc=0.474
      ep28 train_loss=0.6008 train_acc=0.991 | val_loss=1.8553 val_acc=0.474
      ep29 train_loss=0.6024 train_acc=1.000 | val_loss=1.8612 val_acc=0.474
      ep30 train_loss=0.5920 train_acc=0.991 | val_loss=1.6687 val_acc=0.474
      ep31 train_loss=0.5847 train_acc=0.991 | val_loss=1.7225 val_acc=0.474
      ep32 train_loss=0.5872 train_acc=0.991 | val_loss=1.7691 val_acc=0.474
      saved re-evaluation checkpoint fold4_ep32.pt
      ep33 train_loss=0.5863 train_acc=0.987 | val_loss=1.7321 val_acc=0.474
      saved re-evaluation checkpoint fold4_ep33.pt
      ep34 train_loss=0.6090 train_acc=0.987 | val_loss=1.8457 val_acc=0.474
      saved re-evaluation checkpoint fold4_ep34.pt
      ep35 train_loss=0.5765 train_acc=0.996 | val_loss=1.7518 val_acc=0.421
      saved re-evaluation checkpoint fold4_ep35.pt
      ep36 train_loss=0.6068 train_acc=0.991 | val_loss=1.7037 val_acc=0.474
      saved re-evaluation checkpoint fold4_ep36.pt
      ep37 train_loss=0.5784 train_acc=0.996 | val_loss=1.7824 val_acc=0.474
      saved re-evaluation checkpoint fold4_ep37.pt
      ep38 train_loss=0.5890 train_acc=0.991 | val_loss=1.7125 val_acc=0.474
      saved re-evaluation checkpoint fold4_ep38.pt
      ep39 train_loss=0.6278 train_acc=0.991 | val_loss=1.7784 val_acc=0.474
      saved re-evaluation checkpoint fold4_ep39.pt
fold result: UF1=0.2889 UAR=0.2433 ACC=0.4737
fold 6/26: 25 train subjects / 1 validation subjects; 241 train / 5 validation samples
      ep00 train_loss=1.5921 train_acc=0.349 | val_loss=1.3086 val_acc=0.600
      ep01 train_loss=1.2236 train_acc=0.560 | val_loss=0.8046 val_acc=0.800
      ep02 train_loss=1.0723 train_acc=0.602 | val_loss=1.0787 val_acc=0.600
      ep03 train_loss=1.0254 train_acc=0.685 | val_loss=0.6120 val_acc=0.800
      ep04 train_loss=0.9350 train_acc=0.722 | val_loss=1.2083 val_acc=0.600
      ep05 train_loss=0.8508 train_acc=0.838 | val_loss=0.9663 val_acc=0.600
      ep06 train_loss=0.8068 train_acc=0.830 | val_loss=0.9950 val_acc=0.600
      ep07 train_loss=0.8514 train_acc=0.784 | val_loss=0.5248 val_acc=0.800
      ep08 train_loss=0.7696 train_acc=0.876 | val_loss=1.0207 val_acc=0.600
      ep09 train_loss=0.7916 train_acc=0.859 | val_loss=0.8194 val_acc=0.800
      ep10 train_loss=0.7327 train_acc=0.905 | val_loss=1.1639 val_acc=0.600
      ep11 train_loss=0.6916 train_acc=0.917 | val_loss=1.6069 val_acc=0.600
      ep12 train_loss=0.7015 train_acc=0.913 | val_loss=1.1622 val_acc=0.600
      ep13 train_loss=0.7352 train_acc=0.900 | val_loss=1.0061 val_acc=0.600
      ep14 train_loss=0.7125 train_acc=0.921 | val_loss=1.5978 val_acc=0.600
      ep15 train_loss=0.6874 train_acc=0.929 | val_loss=0.9663 val_acc=0.800
      ep16 train_loss=0.6493 train_acc=0.967 | val_loss=1.8643 val_acc=0.600
      ep17 train_loss=0.6389 train_acc=0.967 | val_loss=1.3520 val_acc=0.600
      ep18 train_loss=0.7023 train_acc=0.942 | val_loss=1.3468 val_acc=0.600
      ep19 train_loss=0.6310 train_acc=0.971 | val_loss=1.0049 val_acc=0.600
      ep20 train_loss=0.6561 train_acc=0.959 | val_loss=1.3118 val_acc=0.600
      ep21 train_loss=0.6259 train_acc=0.963 | val_loss=1.2648 val_acc=0.600
      ep22 train_loss=0.6329 train_acc=0.975 | val_loss=1.3871 val_acc=0.600
      ep23 train_loss=0.6719 train_acc=0.950 | val_loss=1.0544 val_acc=0.600
      ep24 train_loss=0.6251 train_acc=0.975 | val_loss=1.2820 val_acc=0.600
      ep25 train_loss=0.6245 train_acc=0.971 | val_loss=1.2055 val_acc=0.600
      ep26 train_loss=0.6479 train_acc=0.954 | val_loss=1.1674 val_acc=0.600
      ep27 train_loss=0.6445 train_acc=0.971 | val_loss=1.0281 val_acc=0.600
      ep28 train_loss=0.6248 train_acc=0.967 | val_loss=0.9648 val_acc=0.600
      ep29 train_loss=0.6180 train_acc=0.988 | val_loss=0.9233 val_acc=0.600
      ep30 train_loss=0.6055 train_acc=0.988 | val_loss=1.0209 val_acc=0.600
      ep31 train_loss=0.5955 train_acc=0.983 | val_loss=0.9044 val_acc=0.600
      ep32 train_loss=0.6007 train_acc=0.988 | val_loss=0.9486 val_acc=0.600
      saved re-evaluation checkpoint fold5_ep32.pt
      ep33 train_loss=0.6496 train_acc=0.971 | val_loss=1.0648 val_acc=0.600
      saved re-evaluation checkpoint fold5_ep33.pt
      ep34 train_loss=0.6223 train_acc=0.971 | val_loss=0.9473 val_acc=0.600
      saved re-evaluation checkpoint fold5_ep34.pt
      ep35 train_loss=0.6029 train_acc=0.992 | val_loss=0.9943 val_acc=0.600
      saved re-evaluation checkpoint fold5_ep35.pt
      ep36 train_loss=0.6064 train_acc=0.983 | val_loss=0.9538 val_acc=0.600
      saved re-evaluation checkpoint fold5_ep36.pt
      ep37 train_loss=0.6011 train_acc=0.975 | val_loss=0.9981 val_acc=0.600
      saved re-evaluation checkpoint fold5_ep37.pt
      ep38 train_loss=0.6269 train_acc=0.988 | val_loss=0.9011 val_acc=0.600
      saved re-evaluation checkpoint fold5_ep38.pt
      ep39 train_loss=0.6229 train_acc=0.967 | val_loss=0.9478 val_acc=0.600
      saved re-evaluation checkpoint fold5_ep39.pt
fold result: UF1=0.5333 UAR=0.6000 ACC=0.8000
fold 7/26: 25 train subjects / 1 validation subjects; 237 train / 9 validation samples
      ep00 train_loss=1.5805 train_acc=0.384 | val_loss=1.3263 val_acc=0.222
      ep01 train_loss=1.1862 train_acc=0.582 | val_loss=1.4410 val_acc=0.111
      ep02 train_loss=1.0552 train_acc=0.646 | val_loss=1.1434 val_acc=0.556
      ep03 train_loss=1.0451 train_acc=0.684 | val_loss=1.5495 val_acc=0.333
      ep04 train_loss=0.9342 train_acc=0.776 | val_loss=1.0797 val_acc=0.556
      ep05 train_loss=0.9071 train_acc=0.768 | val_loss=1.1060 val_acc=0.667
      ep06 train_loss=0.8399 train_acc=0.844 | val_loss=1.7245 val_acc=0.333
      ep07 train_loss=0.8258 train_acc=0.819 | val_loss=1.4802 val_acc=0.333
      ep08 train_loss=0.8128 train_acc=0.835 | val_loss=1.2809 val_acc=0.667
      ep09 train_loss=0.8455 train_acc=0.844 | val_loss=1.2920 val_acc=0.556
      ep10 train_loss=0.7350 train_acc=0.903 | val_loss=1.5261 val_acc=0.444
      ep11 train_loss=0.6928 train_acc=0.911 | val_loss=1.4216 val_acc=0.556
      ep12 train_loss=0.7012 train_acc=0.924 | val_loss=1.4441 val_acc=0.556
      ep13 train_loss=0.6467 train_acc=0.941 | val_loss=1.4452 val_acc=0.556
      ep14 train_loss=0.6509 train_acc=0.937 | val_loss=1.5156 val_acc=0.556
      ep15 train_loss=0.6882 train_acc=0.949 | val_loss=1.5284 val_acc=0.444
      ep16 train_loss=0.6493 train_acc=0.949 | val_loss=1.5039 val_acc=0.444
      ep17 train_loss=0.6626 train_acc=0.937 | val_loss=1.8462 val_acc=0.444
      ep18 train_loss=0.6502 train_acc=0.945 | val_loss=1.4668 val_acc=0.556
      ep19 train_loss=0.6252 train_acc=0.966 | val_loss=1.6822 val_acc=0.556
      ep20 train_loss=0.6316 train_acc=0.966 | val_loss=1.5820 val_acc=0.444
      ep21 train_loss=0.6738 train_acc=0.937 | val_loss=1.3435 val_acc=0.556
      ep22 train_loss=0.6017 train_acc=0.966 | val_loss=1.5130 val_acc=0.444
      ep23 train_loss=0.5945 train_acc=0.979 | val_loss=1.3332 val_acc=0.556
      ep24 train_loss=0.6167 train_acc=0.966 | val_loss=1.4262 val_acc=0.667
      ep25 train_loss=0.6015 train_acc=0.983 | val_loss=1.2580 val_acc=0.556
      ep26 train_loss=0.5962 train_acc=0.975 | val_loss=1.3200 val_acc=0.556
      ep27 train_loss=0.5971 train_acc=0.983 | val_loss=1.4121 val_acc=0.556
      ep28 train_loss=0.5770 train_acc=0.987 | val_loss=1.3572 val_acc=0.556
      ep29 train_loss=0.5899 train_acc=0.983 | val_loss=1.3004 val_acc=0.556
      ep30 train_loss=0.5729 train_acc=0.992 | val_loss=1.2843 val_acc=0.556
      ep31 train_loss=0.5795 train_acc=0.979 | val_loss=1.4483 val_acc=0.556
      ep32 train_loss=0.5886 train_acc=0.983 | val_loss=1.4738 val_acc=0.556
      saved re-evaluation checkpoint fold6_ep32.pt
      ep33 train_loss=0.5717 train_acc=0.996 | val_loss=1.4328 val_acc=0.556
      saved re-evaluation checkpoint fold6_ep33.pt
      ep34 train_loss=0.5730 train_acc=0.987 | val_loss=1.4314 val_acc=0.556
      saved re-evaluation checkpoint fold6_ep34.pt
      ep35 train_loss=0.5709 train_acc=0.992 | val_loss=1.3584 val_acc=0.556
      saved re-evaluation checkpoint fold6_ep35.pt
      ep36 train_loss=0.5756 train_acc=0.983 | val_loss=1.3867 val_acc=0.556
      saved re-evaluation checkpoint fold6_ep36.pt
      ep37 train_loss=0.5737 train_acc=0.996 | val_loss=1.4394 val_acc=0.556
      saved re-evaluation checkpoint fold6_ep37.pt
      ep38 train_loss=0.5843 train_acc=0.987 | val_loss=1.4783 val_acc=0.556
      saved re-evaluation checkpoint fold6_ep38.pt
      ep39 train_loss=0.5876 train_acc=0.996 | val_loss=1.4955 val_acc=0.556
      saved re-evaluation checkpoint fold6_ep39.pt
fold result: UF1=0.2343 UAR=0.2200 ACC=0.5556
fold 8/26: 25 train subjects / 1 validation subjects; 243 train / 3 validation samples
      ep00 train_loss=1.6112 train_acc=0.325 | val_loss=1.1477 val_acc=0.667
      ep01 train_loss=1.1897 train_acc=0.580 | val_loss=1.5003 val_acc=0.667
      ep02 train_loss=1.0525 train_acc=0.679 | val_loss=1.0319 val_acc=0.667
      ep03 train_loss=1.0491 train_acc=0.663 | val_loss=0.9837 val_acc=0.333
      ep04 train_loss=0.9819 train_acc=0.765 | val_loss=1.0133 val_acc=0.667
      ep05 train_loss=0.9284 train_acc=0.757 | val_loss=1.6491 val_acc=0.667
      ep06 train_loss=0.7836 train_acc=0.848 | val_loss=1.4382 val_acc=0.667
      ep07 train_loss=0.7589 train_acc=0.868 | val_loss=1.9858 val_acc=0.333
      ep08 train_loss=0.7786 train_acc=0.860 | val_loss=2.2644 val_acc=0.333
      ep09 train_loss=0.7375 train_acc=0.909 | val_loss=0.9727 val_acc=0.667
      ep10 train_loss=0.7848 train_acc=0.868 | val_loss=1.7390 val_acc=0.333
      ep11 train_loss=0.7117 train_acc=0.930 | val_loss=1.3910 val_acc=0.667
      ep12 train_loss=0.6967 train_acc=0.905 | val_loss=0.8959 val_acc=0.667
      ep13 train_loss=0.6868 train_acc=0.922 | val_loss=1.2655 val_acc=0.667
      ep14 train_loss=0.6608 train_acc=0.942 | val_loss=1.1416 val_acc=0.667
      ep15 train_loss=0.6766 train_acc=0.938 | val_loss=1.1380 val_acc=0.667
      ep16 train_loss=0.6458 train_acc=0.951 | val_loss=1.0676 val_acc=0.667
      ep17 train_loss=0.6565 train_acc=0.930 | val_loss=0.7799 val_acc=0.667
      ep18 train_loss=0.6215 train_acc=0.984 | val_loss=1.3186 val_acc=0.333
      ep19 train_loss=0.6323 train_acc=0.967 | val_loss=1.0572 val_acc=0.667
      ep20 train_loss=0.6465 train_acc=0.971 | val_loss=0.6163 val_acc=0.667
      ep21 train_loss=0.6265 train_acc=0.955 | val_loss=0.8538 val_acc=0.667
      ep22 train_loss=0.6052 train_acc=0.988 | val_loss=0.9043 val_acc=0.667
      ep23 train_loss=0.6015 train_acc=0.979 | val_loss=1.0992 val_acc=0.667
      ep24 train_loss=0.6289 train_acc=0.975 | val_loss=0.7633 val_acc=0.667
      ep25 train_loss=0.6355 train_acc=0.963 | val_loss=0.8677 val_acc=0.667
      ep26 train_loss=0.5976 train_acc=0.996 | val_loss=1.1925 val_acc=0.667
      ep27 train_loss=0.5766 train_acc=0.992 | val_loss=1.0168 val_acc=0.667
      ep28 train_loss=0.6080 train_acc=0.963 | val_loss=0.8256 val_acc=0.667
      ep29 train_loss=0.6364 train_acc=0.963 | val_loss=0.7923 val_acc=0.667
      ep30 train_loss=0.5903 train_acc=0.992 | val_loss=1.0118 val_acc=0.667
      ep31 train_loss=0.6144 train_acc=0.967 | val_loss=0.8722 val_acc=0.667
      ep32 train_loss=0.5795 train_acc=0.996 | val_loss=0.9442 val_acc=0.667
      saved re-evaluation checkpoint fold7_ep32.pt
      ep33 train_loss=0.5963 train_acc=0.992 | val_loss=0.9754 val_acc=0.667
      saved re-evaluation checkpoint fold7_ep33.pt
      ep34 train_loss=0.5853 train_acc=1.000 | val_loss=0.7791 val_acc=0.667
      saved re-evaluation checkpoint fold7_ep34.pt
      ep35 train_loss=0.6171 train_acc=0.979 | val_loss=1.0311 val_acc=0.667
      saved re-evaluation checkpoint fold7_ep35.pt
      ep36 train_loss=0.5988 train_acc=0.975 | val_loss=0.9387 val_acc=0.667
      saved re-evaluation checkpoint fold7_ep36.pt
      ep37 train_loss=0.5838 train_acc=0.984 | val_loss=0.9450 val_acc=0.667
      saved re-evaluation checkpoint fold7_ep37.pt
      ep38 train_loss=0.6448 train_acc=0.971 | val_loss=0.9343 val_acc=0.667
      saved re-evaluation checkpoint fold7_ep38.pt
      ep39 train_loss=0.5891 train_acc=0.984 | val_loss=0.9856 val_acc=0.667
      saved re-evaluation checkpoint fold7_ep39.pt
fold result: UF1=0.3333 UAR=0.3000 ACC=0.6667
fold 9/26: 25 train subjects / 1 validation subjects; 233 train / 13 validation samples
      ep00 train_loss=1.6199 train_acc=0.378 | val_loss=1.0870 val_acc=0.615
      ep01 train_loss=1.2838 train_acc=0.498 | val_loss=0.7946 val_acc=0.769
      ep02 train_loss=1.1303 train_acc=0.622 | val_loss=0.9013 val_acc=0.769
      ep03 train_loss=0.9885 train_acc=0.700 | val_loss=0.5082 val_acc=0.846
      ep04 train_loss=0.9991 train_acc=0.730 | val_loss=0.6684 val_acc=0.769
      ep05 train_loss=0.9698 train_acc=0.742 | val_loss=0.7691 val_acc=0.692
      ep06 train_loss=0.9084 train_acc=0.794 | val_loss=0.5376 val_acc=0.769
      ep07 train_loss=0.8509 train_acc=0.833 | val_loss=0.4386 val_acc=0.846
      ep08 train_loss=0.7873 train_acc=0.863 | val_loss=0.2725 val_acc=0.923
      ep09 train_loss=0.7220 train_acc=0.906 | val_loss=0.5524 val_acc=0.769
      ep10 train_loss=0.7064 train_acc=0.936 | val_loss=0.4569 val_acc=0.846
      ep11 train_loss=0.7710 train_acc=0.914 | val_loss=0.2948 val_acc=0.923
      ep12 train_loss=0.7394 train_acc=0.927 | val_loss=0.6399 val_acc=0.769
      ep13 train_loss=0.7549 train_acc=0.910 | val_loss=0.3920 val_acc=0.923
      ep14 train_loss=0.6990 train_acc=0.948 | val_loss=0.4501 val_acc=0.846
      ep15 train_loss=0.6964 train_acc=0.927 | val_loss=0.4120 val_acc=0.923
      ep16 train_loss=0.6580 train_acc=0.948 | val_loss=0.3108 val_acc=0.923
      ep17 train_loss=0.6491 train_acc=0.953 | val_loss=0.3937 val_acc=0.846
      ep18 train_loss=0.6766 train_acc=0.948 | val_loss=0.3393 val_acc=0.923
      ep19 train_loss=0.6576 train_acc=0.948 | val_loss=0.4298 val_acc=0.846
      ep20 train_loss=0.6715 train_acc=0.944 | val_loss=0.3303 val_acc=0.846
      ep21 train_loss=0.6597 train_acc=0.974 | val_loss=0.3413 val_acc=0.846
      ep22 train_loss=0.6533 train_acc=0.961 | val_loss=0.7331 val_acc=0.846
      ep23 train_loss=0.6543 train_acc=0.970 | val_loss=0.4167 val_acc=0.846
      ep24 train_loss=0.6289 train_acc=0.983 | val_loss=0.6709 val_acc=0.846
      ep25 train_loss=0.6809 train_acc=0.948 | val_loss=0.3652 val_acc=0.846
      ep26 train_loss=0.6617 train_acc=0.970 | val_loss=0.3430 val_acc=0.923
      ep27 train_loss=0.6055 train_acc=1.000 | val_loss=0.4030 val_acc=0.923
      ep28 train_loss=0.6318 train_acc=0.987 | val_loss=0.5051 val_acc=0.769
      ep29 train_loss=0.6244 train_acc=0.983 | val_loss=0.4121 val_acc=0.846
      ep30 train_loss=0.6294 train_acc=0.974 | val_loss=0.4255 val_acc=0.846
      ep31 train_loss=0.5888 train_acc=1.000 | val_loss=0.4314 val_acc=0.846
      ep32 train_loss=0.6119 train_acc=0.996 | val_loss=0.4677 val_acc=0.846
      saved re-evaluation checkpoint fold8_ep32.pt
      ep33 train_loss=0.6074 train_acc=0.991 | val_loss=0.4114 val_acc=0.846
      saved re-evaluation checkpoint fold8_ep33.pt
      ep34 train_loss=0.6018 train_acc=0.974 | val_loss=0.4303 val_acc=0.846
      saved re-evaluation checkpoint fold8_ep34.pt
      ep35 train_loss=0.6306 train_acc=0.983 | val_loss=0.4373 val_acc=0.846
      saved re-evaluation checkpoint fold8_ep35.pt
      ep36 train_loss=0.6127 train_acc=0.991 | val_loss=0.3658 val_acc=0.923
      saved re-evaluation checkpoint fold8_ep36.pt
      ep37 train_loss=0.6235 train_acc=0.983 | val_loss=0.4590 val_acc=0.846
      saved re-evaluation checkpoint fold8_ep37.pt
      ep38 train_loss=0.6246 train_acc=0.987 | val_loss=0.3634 val_acc=0.846
      saved re-evaluation checkpoint fold8_ep38.pt
      ep39 train_loss=0.6229 train_acc=0.983 | val_loss=0.4400 val_acc=0.846
      saved re-evaluation checkpoint fold8_ep39.pt
fold result: UF1=0.4578 UAR=0.4267 ACC=0.7692
fold 10/26: 25 train subjects / 1 validation subjects; 233 train / 13 validation samples
      ep00 train_loss=1.5702 train_acc=0.343 | val_loss=0.8913 val_acc=0.692
      ep01 train_loss=1.2363 train_acc=0.519 | val_loss=0.8211 val_acc=0.923
      ep02 train_loss=1.1021 train_acc=0.597 | val_loss=1.1823 val_acc=0.692
      ep03 train_loss=0.9326 train_acc=0.717 | val_loss=0.7990 val_acc=0.692
      ep04 train_loss=0.9843 train_acc=0.721 | val_loss=0.4557 val_acc=0.923
      ep05 train_loss=0.9374 train_acc=0.764 | val_loss=0.3866 val_acc=0.923
      ep06 train_loss=0.8190 train_acc=0.807 | val_loss=0.5663 val_acc=0.923
      ep07 train_loss=0.7717 train_acc=0.824 | val_loss=0.4445 val_acc=0.923
      ep08 train_loss=0.7488 train_acc=0.867 | val_loss=0.1988 val_acc=1.000
      ep09 train_loss=0.6980 train_acc=0.893 | val_loss=0.2856 val_acc=1.000
      ep10 train_loss=0.7036 train_acc=0.897 | val_loss=0.9554 val_acc=0.769
      ep11 train_loss=0.7523 train_acc=0.901 | val_loss=0.2900 val_acc=1.000
      ep12 train_loss=0.6935 train_acc=0.914 | val_loss=0.3580 val_acc=1.000
      ep13 train_loss=0.6992 train_acc=0.914 | val_loss=0.2355 val_acc=1.000
      ep14 train_loss=0.6616 train_acc=0.927 | val_loss=0.4199 val_acc=0.923
      ep15 train_loss=0.6568 train_acc=0.931 | val_loss=0.1868 val_acc=1.000
      ep16 train_loss=0.5957 train_acc=0.970 | val_loss=0.3368 val_acc=1.000
      ep17 train_loss=0.6039 train_acc=0.966 | val_loss=0.2556 val_acc=1.000
      ep18 train_loss=0.6469 train_acc=0.948 | val_loss=0.4401 val_acc=0.923
      ep19 train_loss=0.5862 train_acc=0.970 | val_loss=0.3540 val_acc=1.000
      ep20 train_loss=0.6263 train_acc=0.966 | val_loss=0.2637 val_acc=1.000
      ep21 train_loss=0.6017 train_acc=0.974 | val_loss=0.2270 val_acc=1.000
      ep22 train_loss=0.5967 train_acc=0.987 | val_loss=0.3099 val_acc=1.000
      ep23 train_loss=0.5965 train_acc=0.970 | val_loss=0.2892 val_acc=1.000
      ep24 train_loss=0.5939 train_acc=0.970 | val_loss=0.4030 val_acc=0.923
      ep25 train_loss=0.6032 train_acc=0.966 | val_loss=0.2596 val_acc=1.000
      ep26 train_loss=0.6217 train_acc=0.983 | val_loss=0.2051 val_acc=1.000
      ep27 train_loss=0.5600 train_acc=1.000 | val_loss=0.2844 val_acc=1.000
      ep28 train_loss=0.5845 train_acc=0.991 | val_loss=0.2254 val_acc=1.000
      ep29 train_loss=0.5841 train_acc=0.979 | val_loss=0.3681 val_acc=1.000
      ep30 train_loss=0.5662 train_acc=0.991 | val_loss=0.3275 val_acc=1.000
      ep31 train_loss=0.5466 train_acc=0.996 | val_loss=0.3587 val_acc=1.000
      ep32 train_loss=0.5734 train_acc=0.983 | val_loss=0.3804 val_acc=0.923
      saved re-evaluation checkpoint fold9_ep32.pt
      ep33 train_loss=0.5531 train_acc=1.000 | val_loss=0.3690 val_acc=1.000
      saved re-evaluation checkpoint fold9_ep33.pt
      ep34 train_loss=0.5582 train_acc=0.987 | val_loss=0.3178 val_acc=1.000
      saved re-evaluation checkpoint fold9_ep34.pt
      ep35 train_loss=0.5787 train_acc=0.987 | val_loss=0.3378 val_acc=1.000
      saved re-evaluation checkpoint fold9_ep35.pt
      ep36 train_loss=0.5667 train_acc=0.996 | val_loss=0.2654 val_acc=1.000
      saved re-evaluation checkpoint fold9_ep36.pt
      ep37 train_loss=0.5797 train_acc=0.983 | val_loss=0.3503 val_acc=1.000
      saved re-evaluation checkpoint fold9_ep37.pt
      ep38 train_loss=0.5720 train_acc=0.983 | val_loss=0.2732 val_acc=1.000
      saved re-evaluation checkpoint fold9_ep38.pt
      ep39 train_loss=0.5757 train_acc=0.987 | val_loss=0.3063 val_acc=1.000
      saved re-evaluation checkpoint fold9_ep39.pt
fold result: UF1=0.2000 UAR=0.2000 ACC=1.0000
fold 11/26: 25 train subjects / 1 validation subjects; 236 train / 10 validation samples
      ep00 train_loss=1.5984 train_acc=0.318 | val_loss=1.4972 val_acc=0.300
      ep01 train_loss=1.2142 train_acc=0.572 | val_loss=1.1211 val_acc=0.600
      ep02 train_loss=1.0293 train_acc=0.665 | val_loss=0.7286 val_acc=0.800
      ep03 train_loss=1.0154 train_acc=0.729 | val_loss=1.1028 val_acc=0.500
      ep04 train_loss=0.9553 train_acc=0.737 | val_loss=0.9295 val_acc=0.500
      ep05 train_loss=0.8470 train_acc=0.792 | val_loss=0.6484 val_acc=0.700
      ep06 train_loss=0.8076 train_acc=0.818 | val_loss=0.7437 val_acc=0.700
      ep07 train_loss=0.8245 train_acc=0.805 | val_loss=0.7442 val_acc=0.800
      ep08 train_loss=0.7726 train_acc=0.856 | val_loss=0.7688 val_acc=0.700
      ep09 train_loss=0.7114 train_acc=0.890 | val_loss=0.8555 val_acc=0.800
      ep10 train_loss=0.7696 train_acc=0.856 | val_loss=0.6849 val_acc=0.700
      ep11 train_loss=0.7225 train_acc=0.886 | val_loss=0.6494 val_acc=0.800
      ep12 train_loss=0.6895 train_acc=0.928 | val_loss=0.5648 val_acc=0.800
      ep13 train_loss=0.6762 train_acc=0.915 | val_loss=0.5028 val_acc=0.800
      ep14 train_loss=0.6450 train_acc=0.945 | val_loss=0.9126 val_acc=0.700
      ep15 train_loss=0.6841 train_acc=0.936 | val_loss=0.4844 val_acc=0.800
      ep16 train_loss=0.6213 train_acc=0.953 | val_loss=0.5451 val_acc=0.800
      ep17 train_loss=0.6515 train_acc=0.924 | val_loss=0.5944 val_acc=0.900
      ep18 train_loss=0.6620 train_acc=0.953 | val_loss=0.6492 val_acc=0.700
      ep19 train_loss=0.6521 train_acc=0.932 | val_loss=0.6101 val_acc=0.800
      ep20 train_loss=0.6407 train_acc=0.945 | val_loss=0.5965 val_acc=0.900
      ep21 train_loss=0.6019 train_acc=0.970 | val_loss=0.5670 val_acc=0.900
      ep22 train_loss=0.6416 train_acc=0.958 | val_loss=0.5182 val_acc=0.900
      ep23 train_loss=0.5995 train_acc=0.975 | val_loss=0.6621 val_acc=0.700
      ep24 train_loss=0.6262 train_acc=0.962 | val_loss=0.5338 val_acc=0.900
      ep25 train_loss=0.5996 train_acc=0.983 | val_loss=0.5164 val_acc=0.700
      ep26 train_loss=0.5758 train_acc=0.992 | val_loss=0.5643 val_acc=0.700
      ep27 train_loss=0.6234 train_acc=0.953 | val_loss=0.5320 val_acc=0.800
      ep28 train_loss=0.5961 train_acc=0.979 | val_loss=0.5848 val_acc=0.800
      ep29 train_loss=0.5881 train_acc=0.966 | val_loss=0.5741 val_acc=0.800
      ep30 train_loss=0.6141 train_acc=0.970 | val_loss=0.5690 val_acc=0.700
      ep31 train_loss=0.5732 train_acc=0.992 | val_loss=0.5261 val_acc=0.800
      ep32 train_loss=0.5781 train_acc=0.983 | val_loss=0.5686 val_acc=0.800
      saved re-evaluation checkpoint fold10_ep32.pt
      ep33 train_loss=0.5799 train_acc=0.996 | val_loss=0.5183 val_acc=0.900
      saved re-evaluation checkpoint fold10_ep33.pt
      ep34 train_loss=0.6130 train_acc=0.983 | val_loss=0.5366 val_acc=0.700
      saved re-evaluation checkpoint fold10_ep34.pt
      ep35 train_loss=0.5887 train_acc=0.975 | val_loss=0.6393 val_acc=0.700
      saved re-evaluation checkpoint fold10_ep35.pt
      ep36 train_loss=0.5778 train_acc=0.987 | val_loss=0.5071 val_acc=0.800
      saved re-evaluation checkpoint fold10_ep36.pt
      ep37 train_loss=0.5616 train_acc=0.996 | val_loss=0.5128 val_acc=0.900
      saved re-evaluation checkpoint fold10_ep37.pt
      ep38 train_loss=0.5927 train_acc=0.987 | val_loss=0.5835 val_acc=0.700
      saved re-evaluation checkpoint fold10_ep38.pt
      ep39 train_loss=0.5640 train_acc=0.996 | val_loss=0.5215 val_acc=0.900
      saved re-evaluation checkpoint fold10_ep39.pt
fold result: UF1=0.3167 UAR=0.3167 ACC=0.8000
fold 12/26: 25 train subjects / 1 validation subjects; 234 train / 12 validation samples
      ep00 train_loss=1.6369 train_acc=0.350 | val_loss=1.0134 val_acc=0.750
      ep01 train_loss=1.2440 train_acc=0.577 | val_loss=0.7443 val_acc=0.750
      ep02 train_loss=1.1443 train_acc=0.628 | val_loss=0.5963 val_acc=0.833
      ep03 train_loss=1.0249 train_acc=0.679 | val_loss=0.4210 val_acc=0.750
      ep04 train_loss=0.9417 train_acc=0.731 | val_loss=0.5221 val_acc=0.833
      ep05 train_loss=0.9778 train_acc=0.744 | val_loss=0.4045 val_acc=0.833
      ep06 train_loss=0.8557 train_acc=0.803 | val_loss=0.3321 val_acc=0.917
      ep07 train_loss=0.8644 train_acc=0.799 | val_loss=0.3520 val_acc=0.917
      ep08 train_loss=0.7856 train_acc=0.868 | val_loss=0.4349 val_acc=0.833
      ep09 train_loss=0.8040 train_acc=0.880 | val_loss=0.3388 val_acc=0.917
      ep10 train_loss=0.7820 train_acc=0.863 | val_loss=0.4367 val_acc=0.833
      ep11 train_loss=0.7549 train_acc=0.876 | val_loss=0.2522 val_acc=1.000
      ep12 train_loss=0.6861 train_acc=0.932 | val_loss=0.3873 val_acc=0.917
      ep13 train_loss=0.7010 train_acc=0.936 | val_loss=0.5653 val_acc=0.750
      ep14 train_loss=0.7017 train_acc=0.936 | val_loss=0.4186 val_acc=0.833
      ep15 train_loss=0.7257 train_acc=0.902 | val_loss=0.1362 val_acc=1.000
      ep16 train_loss=0.6890 train_acc=0.932 | val_loss=0.2359 val_acc=1.000
      ep17 train_loss=0.6727 train_acc=0.944 | val_loss=0.2351 val_acc=0.917
      ep18 train_loss=0.6419 train_acc=0.962 | val_loss=0.2677 val_acc=0.917
      ep19 train_loss=0.6680 train_acc=0.949 | val_loss=0.2222 val_acc=1.000
      ep20 train_loss=0.6523 train_acc=0.962 | val_loss=0.2904 val_acc=0.917
      ep21 train_loss=0.6504 train_acc=0.953 | val_loss=0.2570 val_acc=1.000
      ep22 train_loss=0.6395 train_acc=0.957 | val_loss=0.3019 val_acc=0.917
      ep23 train_loss=0.6427 train_acc=0.970 | val_loss=0.3249 val_acc=0.917
      ep24 train_loss=0.6404 train_acc=0.974 | val_loss=0.3683 val_acc=0.917
      ep25 train_loss=0.6462 train_acc=0.957 | val_loss=0.2626 val_acc=0.917
      ep26 train_loss=0.6357 train_acc=0.983 | val_loss=0.4100 val_acc=0.833
      ep27 train_loss=0.6163 train_acc=0.987 | val_loss=0.2917 val_acc=0.833
      ep28 train_loss=0.6198 train_acc=0.979 | val_loss=0.2845 val_acc=0.917
      ep29 train_loss=0.6223 train_acc=0.974 | val_loss=0.2813 val_acc=0.917
      ep30 train_loss=0.5905 train_acc=1.000 | val_loss=0.3089 val_acc=0.917
      ep31 train_loss=0.6332 train_acc=0.970 | val_loss=0.2860 val_acc=1.000
      ep32 train_loss=0.6295 train_acc=0.970 | val_loss=0.2551 val_acc=1.000
      saved re-evaluation checkpoint fold11_ep32.pt
      ep33 train_loss=0.6268 train_acc=0.991 | val_loss=0.2978 val_acc=0.833
      saved re-evaluation checkpoint fold11_ep33.pt
      ep34 train_loss=0.6225 train_acc=0.979 | val_loss=0.2497 val_acc=1.000
      saved re-evaluation checkpoint fold11_ep34.pt
      ep35 train_loss=0.6305 train_acc=0.983 | val_loss=0.2300 val_acc=1.000
      saved re-evaluation checkpoint fold11_ep35.pt
      ep36 train_loss=0.5853 train_acc=1.000 | val_loss=0.2380 val_acc=1.000
      saved re-evaluation checkpoint fold11_ep36.pt
      ep37 train_loss=0.6043 train_acc=0.991 | val_loss=0.2613 val_acc=1.000
      saved re-evaluation checkpoint fold11_ep37.pt
      ep38 train_loss=0.6122 train_acc=0.983 | val_loss=0.2270 val_acc=1.000
      saved re-evaluation checkpoint fold11_ep38.pt
      ep39 train_loss=0.6016 train_acc=0.983 | val_loss=0.2499 val_acc=1.000
      saved re-evaluation checkpoint fold11_ep39.pt
fold result: UF1=0.7111 UAR=0.7600 ACC=0.9167
fold 13/26: 25 train subjects / 1 validation subjects; 238 train / 8 validation samples
      ep00 train_loss=1.5499 train_acc=0.403 | val_loss=1.5159 val_acc=0.375
      ep01 train_loss=1.2031 train_acc=0.601 | val_loss=1.2662 val_acc=0.250
      ep02 train_loss=1.0607 train_acc=0.647 | val_loss=1.5366 val_acc=0.375
      ep03 train_loss=0.9426 train_acc=0.693 | val_loss=1.1524 val_acc=0.500
      ep04 train_loss=0.9594 train_acc=0.752 | val_loss=0.5183 val_acc=0.875
      ep05 train_loss=0.8606 train_acc=0.815 | val_loss=0.7338 val_acc=0.750
      ep06 train_loss=0.8276 train_acc=0.815 | val_loss=0.5924 val_acc=0.875
      ep07 train_loss=0.8276 train_acc=0.836 | val_loss=0.8910 val_acc=0.500
      ep08 train_loss=0.7691 train_acc=0.828 | val_loss=0.8121 val_acc=0.625
      ep09 train_loss=0.8177 train_acc=0.861 | val_loss=1.3988 val_acc=0.500
      ep10 train_loss=0.6973 train_acc=0.916 | val_loss=0.9608 val_acc=0.750
      ep11 train_loss=0.7114 train_acc=0.908 | val_loss=0.8545 val_acc=0.625
      ep12 train_loss=0.6762 train_acc=0.929 | val_loss=0.5391 val_acc=0.750
      ep13 train_loss=0.6738 train_acc=0.929 | val_loss=0.4329 val_acc=0.875
      ep14 train_loss=0.6508 train_acc=0.954 | val_loss=0.7346 val_acc=0.625
      ep15 train_loss=0.6492 train_acc=0.954 | val_loss=0.9864 val_acc=0.750
      ep16 train_loss=0.6437 train_acc=0.945 | val_loss=0.6714 val_acc=0.750
      ep17 train_loss=0.6913 train_acc=0.950 | val_loss=0.6148 val_acc=0.750
      ep18 train_loss=0.6328 train_acc=0.962 | val_loss=0.5910 val_acc=0.875
      ep19 train_loss=0.6363 train_acc=0.962 | val_loss=0.5753 val_acc=0.750
      ep20 train_loss=0.6289 train_acc=0.966 | val_loss=0.8207 val_acc=0.750
      ep21 train_loss=0.6355 train_acc=0.958 | val_loss=0.5273 val_acc=0.750
      ep22 train_loss=0.5918 train_acc=0.983 | val_loss=0.7254 val_acc=0.750
      ep23 train_loss=0.6098 train_acc=0.966 | val_loss=0.6612 val_acc=0.750
      ep24 train_loss=0.6021 train_acc=0.992 | val_loss=0.5780 val_acc=0.875
      ep25 train_loss=0.5932 train_acc=0.987 | val_loss=0.5780 val_acc=0.750
      ep26 train_loss=0.6032 train_acc=0.971 | val_loss=0.6661 val_acc=0.750
      ep27 train_loss=0.5690 train_acc=0.987 | val_loss=0.5874 val_acc=0.750
      ep28 train_loss=0.5780 train_acc=0.992 | val_loss=0.5699 val_acc=0.750
      ep29 train_loss=0.5779 train_acc=1.000 | val_loss=0.5264 val_acc=0.750
      ep30 train_loss=0.5887 train_acc=0.983 | val_loss=0.6347 val_acc=0.750
      ep31 train_loss=0.5843 train_acc=0.992 | val_loss=0.6276 val_acc=0.750
      ep32 train_loss=0.5763 train_acc=0.992 | val_loss=0.5293 val_acc=0.750
      saved re-evaluation checkpoint fold12_ep32.pt
      ep33 train_loss=0.5847 train_acc=0.996 | val_loss=0.4927 val_acc=0.875
      saved re-evaluation checkpoint fold12_ep33.pt
      ep34 train_loss=0.6176 train_acc=0.971 | val_loss=0.5031 val_acc=0.875
      saved re-evaluation checkpoint fold12_ep34.pt
      ep35 train_loss=0.5836 train_acc=0.996 | val_loss=0.5476 val_acc=0.750
      saved re-evaluation checkpoint fold12_ep35.pt
      ep36 train_loss=0.5513 train_acc=0.992 | val_loss=0.5668 val_acc=0.750
      saved re-evaluation checkpoint fold12_ep36.pt
      ep37 train_loss=0.5942 train_acc=0.983 | val_loss=0.5817 val_acc=0.750
      saved re-evaluation checkpoint fold12_ep37.pt
      ep38 train_loss=0.5917 train_acc=0.983 | val_loss=0.5333 val_acc=0.750
      saved re-evaluation checkpoint fold12_ep38.pt
      ep39 train_loss=0.5741 train_acc=0.996 | val_loss=0.6512 val_acc=0.750
      saved re-evaluation checkpoint fold12_ep39.pt
fold result: UF1=0.2933 UAR=0.3333 ACC=0.7500
fold 14/26: 25 train subjects / 1 validation subjects; 242 train / 4 validation samples
      ep00 train_loss=1.5572 train_acc=0.335 | val_loss=1.2032 val_acc=0.500
      ep01 train_loss=1.2146 train_acc=0.566 | val_loss=1.7327 val_acc=0.250
      ep02 train_loss=1.1140 train_acc=0.620 | val_loss=1.2347 val_acc=0.500
      ep03 train_loss=0.9517 train_acc=0.711 | val_loss=1.0150 val_acc=0.500
      ep04 train_loss=0.9512 train_acc=0.707 | val_loss=1.2336 val_acc=0.250
      ep05 train_loss=0.9163 train_acc=0.793 | val_loss=1.4589 val_acc=0.500
      ep06 train_loss=0.8469 train_acc=0.822 | val_loss=1.7543 val_acc=0.500
      ep07 train_loss=0.8826 train_acc=0.818 | val_loss=1.6758 val_acc=0.500
      ep08 train_loss=0.7766 train_acc=0.860 | val_loss=1.7901 val_acc=0.000
      ep09 train_loss=0.7976 train_acc=0.864 | val_loss=2.1297 val_acc=0.250
      ep10 train_loss=0.7265 train_acc=0.888 | val_loss=1.7135 val_acc=0.250
      ep11 train_loss=0.7146 train_acc=0.880 | val_loss=1.5667 val_acc=0.500
      ep12 train_loss=0.7633 train_acc=0.884 | val_loss=1.0845 val_acc=0.500
      ep13 train_loss=0.7332 train_acc=0.888 | val_loss=1.7589 val_acc=0.500
      ep14 train_loss=0.7007 train_acc=0.917 | val_loss=1.8219 val_acc=0.500
      ep15 train_loss=0.6732 train_acc=0.942 | val_loss=2.1778 val_acc=0.500
      ep16 train_loss=0.6771 train_acc=0.946 | val_loss=1.8823 val_acc=0.250
      ep17 train_loss=0.6733 train_acc=0.950 | val_loss=1.3856 val_acc=0.500
      ep18 train_loss=0.6337 train_acc=0.959 | val_loss=1.4547 val_acc=0.500
      ep19 train_loss=0.6475 train_acc=0.959 | val_loss=1.5406 val_acc=0.500
      ep20 train_loss=0.6343 train_acc=0.979 | val_loss=1.5088 val_acc=0.500
      ep21 train_loss=0.6540 train_acc=0.950 | val_loss=1.6338 val_acc=0.500
      ep22 train_loss=0.6123 train_acc=0.979 | val_loss=1.6492 val_acc=0.500
      ep23 train_loss=0.6219 train_acc=0.983 | val_loss=1.8736 val_acc=0.500
      ep24 train_loss=0.6576 train_acc=0.975 | val_loss=1.7609 val_acc=0.500
      ep25 train_loss=0.5849 train_acc=0.992 | val_loss=1.7039 val_acc=0.500
      ep26 train_loss=0.5928 train_acc=0.992 | val_loss=1.8070 val_acc=0.500
      ep27 train_loss=0.6260 train_acc=0.967 | val_loss=1.6735 val_acc=0.500
      ep28 train_loss=0.6163 train_acc=0.975 | val_loss=1.3399 val_acc=0.500
      ep29 train_loss=0.5978 train_acc=0.975 | val_loss=1.5717 val_acc=0.500
      ep30 train_loss=0.6060 train_acc=0.988 | val_loss=1.4041 val_acc=0.500
      ep31 train_loss=0.5968 train_acc=0.979 | val_loss=1.2167 val_acc=0.500
      ep32 train_loss=0.6001 train_acc=0.996 | val_loss=1.6691 val_acc=0.500
      saved re-evaluation checkpoint fold13_ep32.pt
      ep33 train_loss=0.5904 train_acc=0.988 | val_loss=1.5384 val_acc=0.500
      saved re-evaluation checkpoint fold13_ep33.pt
      ep34 train_loss=0.5857 train_acc=0.992 | val_loss=1.6700 val_acc=0.500
      saved re-evaluation checkpoint fold13_ep34.pt
      ep35 train_loss=0.6169 train_acc=0.971 | val_loss=1.7153 val_acc=0.250
      saved re-evaluation checkpoint fold13_ep35.pt
      ep36 train_loss=0.5988 train_acc=0.983 | val_loss=1.7334 val_acc=0.500
      saved re-evaluation checkpoint fold13_ep36.pt
      ep37 train_loss=0.6134 train_acc=0.971 | val_loss=1.5833 val_acc=0.500
      saved re-evaluation checkpoint fold13_ep37.pt
      ep38 train_loss=0.6115 train_acc=0.983 | val_loss=1.5123 val_acc=0.500
      saved re-evaluation checkpoint fold13_ep38.pt
      ep39 train_loss=0.5921 train_acc=0.996 | val_loss=1.8988 val_acc=0.500
      saved re-evaluation checkpoint fold13_ep39.pt
fold result: UF1=0.1600 UAR=0.1333 ACC=0.5000
fold 15/26: 25 train subjects / 1 validation subjects; 243 train / 3 validation samples
      ep00 train_loss=1.5597 train_acc=0.333 | val_loss=1.0923 val_acc=0.667
      ep01 train_loss=1.1752 train_acc=0.584 | val_loss=0.9904 val_acc=0.333
      ep02 train_loss=1.0921 train_acc=0.650 | val_loss=1.6163 val_acc=0.667
      ep03 train_loss=1.0313 train_acc=0.654 | val_loss=0.8482 val_acc=0.667
      ep04 train_loss=0.9790 train_acc=0.716 | val_loss=0.2767 val_acc=1.000
      ep05 train_loss=0.9417 train_acc=0.745 | val_loss=0.3240 val_acc=1.000
      ep06 train_loss=0.7882 train_acc=0.856 | val_loss=0.4088 val_acc=1.000
      ep07 train_loss=0.7676 train_acc=0.831 | val_loss=0.8644 val_acc=0.667
      ep08 train_loss=0.8041 train_acc=0.860 | val_loss=0.3149 val_acc=1.000
      ep09 train_loss=0.7805 train_acc=0.872 | val_loss=0.3051 val_acc=1.000
      ep10 train_loss=0.7894 train_acc=0.881 | val_loss=0.4209 val_acc=0.667
      ep11 train_loss=0.7156 train_acc=0.934 | val_loss=0.3831 val_acc=1.000
      ep12 train_loss=0.6901 train_acc=0.930 | val_loss=0.4708 val_acc=0.667
      ep13 train_loss=0.6807 train_acc=0.947 | val_loss=0.6838 val_acc=0.667
      ep14 train_loss=0.6827 train_acc=0.938 | val_loss=0.1976 val_acc=1.000
      ep15 train_loss=0.6634 train_acc=0.951 | val_loss=0.1156 val_acc=1.000
      ep16 train_loss=0.6352 train_acc=0.963 | val_loss=0.2652 val_acc=1.000
      ep17 train_loss=0.6619 train_acc=0.926 | val_loss=0.4869 val_acc=1.000
      ep18 train_loss=0.6256 train_acc=0.967 | val_loss=0.5373 val_acc=1.000
      ep19 train_loss=0.6362 train_acc=0.971 | val_loss=0.4491 val_acc=1.000
      ep20 train_loss=0.6260 train_acc=0.971 | val_loss=0.6680 val_acc=0.667
      ep21 train_loss=0.6482 train_acc=0.938 | val_loss=0.4659 val_acc=1.000
      ep22 train_loss=0.6075 train_acc=0.988 | val_loss=0.3318 val_acc=1.000
      ep23 train_loss=0.6020 train_acc=0.979 | val_loss=0.5174 val_acc=1.000
      ep24 train_loss=0.6458 train_acc=0.971 | val_loss=0.4333 val_acc=1.000
      ep25 train_loss=0.6429 train_acc=0.951 | val_loss=0.5221 val_acc=1.000
      ep26 train_loss=0.6015 train_acc=0.992 | val_loss=0.4734 val_acc=1.000
      ep27 train_loss=0.5925 train_acc=0.996 | val_loss=0.5163 val_acc=1.000
      ep28 train_loss=0.6301 train_acc=0.963 | val_loss=0.6234 val_acc=1.000
      ep29 train_loss=0.6363 train_acc=0.959 | val_loss=0.6088 val_acc=1.000
      ep30 train_loss=0.5928 train_acc=0.975 | val_loss=0.4234 val_acc=1.000
      ep31 train_loss=0.6326 train_acc=0.959 | val_loss=0.5350 val_acc=1.000
      ep32 train_loss=0.5932 train_acc=0.996 | val_loss=0.5297 val_acc=1.000
      saved re-evaluation checkpoint fold14_ep32.pt
      ep33 train_loss=0.6189 train_acc=0.984 | val_loss=0.5686 val_acc=1.000
      saved re-evaluation checkpoint fold14_ep33.pt
      ep34 train_loss=0.5838 train_acc=0.992 | val_loss=0.5482 val_acc=1.000
      saved re-evaluation checkpoint fold14_ep34.pt
      ep35 train_loss=0.6065 train_acc=0.984 | val_loss=0.6409 val_acc=0.667
      saved re-evaluation checkpoint fold14_ep35.pt
      ep36 train_loss=0.6033 train_acc=0.975 | val_loss=0.5613 val_acc=1.000
      saved re-evaluation checkpoint fold14_ep36.pt
      ep37 train_loss=0.5812 train_acc=0.996 | val_loss=0.6265 val_acc=0.667
      saved re-evaluation checkpoint fold14_ep37.pt
      ep38 train_loss=0.6567 train_acc=0.963 | val_loss=0.5924 val_acc=1.000
      saved re-evaluation checkpoint fold14_ep38.pt
      ep39 train_loss=0.5888 train_acc=0.984 | val_loss=0.5169 val_acc=1.000
      saved re-evaluation checkpoint fold14_ep39.pt
fold result: UF1=0.6000 UAR=0.6000 ACC=1.0000
fold 16/26: 25 train subjects / 1 validation subjects; 242 train / 4 validation samples
      ep00 train_loss=1.5487 train_acc=0.364 | val_loss=1.7467 val_acc=0.250
      ep01 train_loss=1.1645 train_acc=0.616 | val_loss=1.5665 val_acc=0.500
      ep02 train_loss=1.0800 train_acc=0.632 | val_loss=1.1550 val_acc=0.500
      ep03 train_loss=0.9426 train_acc=0.740 | val_loss=1.1713 val_acc=0.500
      ep04 train_loss=0.9607 train_acc=0.702 | val_loss=1.3184 val_acc=0.500
      ep05 train_loss=0.8935 train_acc=0.760 | val_loss=1.1960 val_acc=0.500
      ep06 train_loss=0.7913 train_acc=0.843 | val_loss=1.4777 val_acc=0.500
      ep07 train_loss=0.8104 train_acc=0.839 | val_loss=1.0845 val_acc=0.500
      ep08 train_loss=0.7406 train_acc=0.884 | val_loss=1.1313 val_acc=0.500
      ep09 train_loss=0.7805 train_acc=0.872 | val_loss=0.9198 val_acc=0.500
      ep10 train_loss=0.7179 train_acc=0.909 | val_loss=1.1158 val_acc=0.500
      ep11 train_loss=0.7070 train_acc=0.897 | val_loss=1.3982 val_acc=0.500
      ep12 train_loss=0.7518 train_acc=0.884 | val_loss=1.5388 val_acc=0.500
      ep13 train_loss=0.7346 train_acc=0.888 | val_loss=1.3370 val_acc=0.500
      ep14 train_loss=0.6701 train_acc=0.938 | val_loss=1.2702 val_acc=0.500
      ep15 train_loss=0.6538 train_acc=0.942 | val_loss=1.4352 val_acc=0.500
      ep16 train_loss=0.6641 train_acc=0.930 | val_loss=1.5913 val_acc=0.250
      ep17 train_loss=0.6478 train_acc=0.963 | val_loss=1.8580 val_acc=0.250
      ep18 train_loss=0.6463 train_acc=0.963 | val_loss=1.6526 val_acc=0.250
      ep19 train_loss=0.6607 train_acc=0.942 | val_loss=1.3007 val_acc=0.500
      ep20 train_loss=0.6582 train_acc=0.975 | val_loss=1.4675 val_acc=0.500
      ep21 train_loss=0.6762 train_acc=0.938 | val_loss=1.2954 val_acc=0.500
      ep22 train_loss=0.6204 train_acc=0.983 | val_loss=1.2636 val_acc=0.500
      ep23 train_loss=0.6288 train_acc=0.983 | val_loss=1.3498 val_acc=0.750
      ep24 train_loss=0.6572 train_acc=0.950 | val_loss=1.1146 val_acc=0.750
      ep25 train_loss=0.6011 train_acc=0.988 | val_loss=1.3886 val_acc=0.750
      ep26 train_loss=0.5964 train_acc=0.992 | val_loss=1.3770 val_acc=0.500
      ep27 train_loss=0.6314 train_acc=0.979 | val_loss=1.3404 val_acc=0.250
      ep28 train_loss=0.6142 train_acc=0.983 | val_loss=1.2517 val_acc=0.500
      ep29 train_loss=0.6070 train_acc=0.975 | val_loss=1.2136 val_acc=0.500
      ep30 train_loss=0.5936 train_acc=0.979 | val_loss=1.4192 val_acc=0.500
      ep31 train_loss=0.5939 train_acc=0.992 | val_loss=1.3525 val_acc=0.500
      ep32 train_loss=0.5832 train_acc=0.996 | val_loss=1.4472 val_acc=0.500
      saved re-evaluation checkpoint fold15_ep32.pt
      ep33 train_loss=0.5967 train_acc=0.988 | val_loss=1.3989 val_acc=0.500
      saved re-evaluation checkpoint fold15_ep33.pt
      ep34 train_loss=0.5914 train_acc=0.992 | val_loss=1.2839 val_acc=0.500
      saved re-evaluation checkpoint fold15_ep34.pt
      ep35 train_loss=0.6099 train_acc=0.983 | val_loss=1.4594 val_acc=0.500
      saved re-evaluation checkpoint fold15_ep35.pt
      ep36 train_loss=0.6098 train_acc=0.975 | val_loss=1.2970 val_acc=0.500
      saved re-evaluation checkpoint fold15_ep36.pt
      ep37 train_loss=0.6327 train_acc=0.975 | val_loss=1.3406 val_acc=0.500
      saved re-evaluation checkpoint fold15_ep37.pt
      ep38 train_loss=0.6038 train_acc=0.983 | val_loss=1.3508 val_acc=0.500
      saved re-evaluation checkpoint fold15_ep38.pt
      ep39 train_loss=0.5867 train_acc=1.000 | val_loss=1.4787 val_acc=0.500
      saved re-evaluation checkpoint fold15_ep39.pt
fold result: UF1=0.2333 UAR=0.3000 ACC=0.5000
fold 17/26: 25 train subjects / 1 validation subjects; 212 train / 34 validation samples
      ep00 train_loss=1.5758 train_acc=0.396 | val_loss=1.6309 val_acc=0.235
      ep01 train_loss=1.2537 train_acc=0.547 | val_loss=1.0927 val_acc=0.441
      ep02 train_loss=1.0520 train_acc=0.708 | val_loss=0.8859 val_acc=0.676
      ep03 train_loss=1.0387 train_acc=0.708 | val_loss=1.2211 val_acc=0.441
      ep04 train_loss=0.9662 train_acc=0.736 | val_loss=0.8561 val_acc=0.618
      ep05 train_loss=0.9624 train_acc=0.783 | val_loss=1.1746 val_acc=0.471
      ep06 train_loss=0.8926 train_acc=0.797 | val_loss=1.2835 val_acc=0.500
      ep07 train_loss=0.9121 train_acc=0.764 | val_loss=1.5480 val_acc=0.471
      ep08 train_loss=0.8012 train_acc=0.825 | val_loss=1.5345 val_acc=0.500
      ep09 train_loss=0.8062 train_acc=0.840 | val_loss=1.0655 val_acc=0.588
      ep10 train_loss=0.7605 train_acc=0.906 | val_loss=1.2911 val_acc=0.559
      ep11 train_loss=0.7648 train_acc=0.873 | val_loss=1.1177 val_acc=0.588
      ep12 train_loss=0.7343 train_acc=0.934 | val_loss=1.1619 val_acc=0.588
      ep13 train_loss=0.7411 train_acc=0.925 | val_loss=1.1787 val_acc=0.529
      ep14 train_loss=0.7540 train_acc=0.906 | val_loss=1.1875 val_acc=0.559
      ep15 train_loss=0.7430 train_acc=0.901 | val_loss=1.3188 val_acc=0.471
      ep16 train_loss=0.6857 train_acc=0.962 | val_loss=0.9084 val_acc=0.618
      ep17 train_loss=0.7292 train_acc=0.939 | val_loss=1.0862 val_acc=0.618
      ep18 train_loss=0.6934 train_acc=0.953 | val_loss=1.0050 val_acc=0.559
      ep19 train_loss=0.7206 train_acc=0.929 | val_loss=1.1518 val_acc=0.500
      ep20 train_loss=0.6869 train_acc=0.939 | val_loss=1.4706 val_acc=0.382
      ep21 train_loss=0.6727 train_acc=0.934 | val_loss=1.4155 val_acc=0.441
      ep22 train_loss=0.6501 train_acc=0.981 | val_loss=1.3025 val_acc=0.500
      ep23 train_loss=0.6910 train_acc=0.939 | val_loss=1.2063 val_acc=0.559
      ep24 train_loss=0.6720 train_acc=0.962 | val_loss=1.2240 val_acc=0.588
      ep25 train_loss=0.6539 train_acc=0.991 | val_loss=1.2480 val_acc=0.529
      ep26 train_loss=0.6385 train_acc=0.958 | val_loss=1.2877 val_acc=0.441
      ep27 train_loss=0.6636 train_acc=0.986 | val_loss=1.2055 val_acc=0.471
      ep28 train_loss=0.6276 train_acc=0.991 | val_loss=1.2621 val_acc=0.441
      ep29 train_loss=0.6280 train_acc=0.981 | val_loss=1.1466 val_acc=0.529
      ep30 train_loss=0.6595 train_acc=0.976 | val_loss=0.9782 val_acc=0.588
      ep31 train_loss=0.6605 train_acc=0.976 | val_loss=1.1394 val_acc=0.500
      ep32 train_loss=0.6554 train_acc=0.972 | val_loss=1.1689 val_acc=0.559
      saved re-evaluation checkpoint fold16_ep32.pt
      ep33 train_loss=0.6300 train_acc=0.972 | val_loss=1.0588 val_acc=0.588
      saved re-evaluation checkpoint fold16_ep33.pt
      ep34 train_loss=0.6241 train_acc=0.981 | val_loss=1.0950 val_acc=0.559
      saved re-evaluation checkpoint fold16_ep34.pt
      ep35 train_loss=0.6325 train_acc=0.986 | val_loss=1.1506 val_acc=0.529
      saved re-evaluation checkpoint fold16_ep35.pt
      ep36 train_loss=0.6247 train_acc=0.981 | val_loss=1.1721 val_acc=0.529
      saved re-evaluation checkpoint fold16_ep36.pt
      ep37 train_loss=0.6334 train_acc=0.976 | val_loss=1.1147 val_acc=0.588
      saved re-evaluation checkpoint fold16_ep37.pt
      ep38 train_loss=0.6505 train_acc=0.991 | val_loss=1.1306 val_acc=0.559
      saved re-evaluation checkpoint fold16_ep38.pt
      ep39 train_loss=0.6474 train_acc=0.976 | val_loss=1.2832 val_acc=0.529
      saved re-evaluation checkpoint fold16_ep39.pt
fold result: UF1=0.4987 UAR=0.5778 ACC=0.4706
fold 18/26: 25 train subjects / 1 validation subjects; 243 train / 3 validation samples
      ep00 train_loss=1.5844 train_acc=0.325 | val_loss=1.0366 val_acc=0.667
      ep01 train_loss=1.1392 train_acc=0.621 | val_loss=1.0095 val_acc=0.667
      ep02 train_loss=1.0617 train_acc=0.626 | val_loss=0.4744 val_acc=1.000
      ep03 train_loss=1.0024 train_acc=0.675 | val_loss=0.8267 val_acc=1.000
      ep04 train_loss=0.9530 train_acc=0.724 | val_loss=0.7673 val_acc=1.000
      ep05 train_loss=0.9461 train_acc=0.720 | val_loss=0.8033 val_acc=0.667
      ep06 train_loss=0.7966 train_acc=0.868 | val_loss=0.4383 val_acc=1.000
      ep07 train_loss=0.7767 train_acc=0.831 | val_loss=0.9033 val_acc=0.667
      ep08 train_loss=0.8409 train_acc=0.848 | val_loss=0.8681 val_acc=0.667
      ep09 train_loss=0.7709 train_acc=0.868 | val_loss=1.1110 val_acc=0.667
      ep10 train_loss=0.7499 train_acc=0.889 | val_loss=0.7962 val_acc=1.000
      ep11 train_loss=0.6967 train_acc=0.942 | val_loss=0.6890 val_acc=0.667
      ep12 train_loss=0.6818 train_acc=0.922 | val_loss=0.6449 val_acc=1.000
      ep13 train_loss=0.6898 train_acc=0.930 | val_loss=0.8103 val_acc=0.667
      ep14 train_loss=0.6582 train_acc=0.959 | val_loss=1.2036 val_acc=0.667
      ep15 train_loss=0.6549 train_acc=0.942 | val_loss=0.7766 val_acc=0.667
      ep16 train_loss=0.6231 train_acc=0.959 | val_loss=0.8776 val_acc=0.667
      ep17 train_loss=0.6401 train_acc=0.926 | val_loss=0.7096 val_acc=0.667
      ep18 train_loss=0.6176 train_acc=0.979 | val_loss=0.8371 val_acc=0.667
      ep19 train_loss=0.6175 train_acc=0.979 | val_loss=0.6822 val_acc=0.667
      ep20 train_loss=0.6129 train_acc=0.979 | val_loss=0.4099 val_acc=1.000
      ep21 train_loss=0.6186 train_acc=0.971 | val_loss=0.7901 val_acc=0.667
      ep22 train_loss=0.6178 train_acc=0.984 | val_loss=0.4378 val_acc=1.000
      ep23 train_loss=0.5928 train_acc=0.979 | val_loss=0.4996 val_acc=0.667
      ep24 train_loss=0.6287 train_acc=0.967 | val_loss=0.4370 val_acc=0.667
      ep25 train_loss=0.6210 train_acc=0.967 | val_loss=0.7022 val_acc=0.667
      ep26 train_loss=0.5999 train_acc=0.979 | val_loss=0.7146 val_acc=0.667
      ep27 train_loss=0.5820 train_acc=0.988 | val_loss=0.6903 val_acc=0.667
      ep28 train_loss=0.6159 train_acc=0.979 | val_loss=0.4994 val_acc=0.667
      ep29 train_loss=0.6342 train_acc=0.963 | val_loss=0.4926 val_acc=0.667
      ep30 train_loss=0.5853 train_acc=0.988 | val_loss=0.5163 val_acc=0.667
      ep31 train_loss=0.6411 train_acc=0.963 | val_loss=0.5674 val_acc=0.667
      ep32 train_loss=0.5802 train_acc=0.984 | val_loss=0.6595 val_acc=0.667
      saved re-evaluation checkpoint fold17_ep32.pt
      ep33 train_loss=0.5951 train_acc=0.984 | val_loss=0.6535 val_acc=0.667
      saved re-evaluation checkpoint fold17_ep33.pt
      ep34 train_loss=0.5795 train_acc=0.992 | val_loss=0.6365 val_acc=0.667
      saved re-evaluation checkpoint fold17_ep34.pt
      ep35 train_loss=0.6161 train_acc=0.971 | val_loss=0.6199 val_acc=0.667
      saved re-evaluation checkpoint fold17_ep35.pt
      ep36 train_loss=0.5796 train_acc=1.000 | val_loss=0.6711 val_acc=0.667
      saved re-evaluation checkpoint fold17_ep36.pt
      ep37 train_loss=0.5723 train_acc=0.996 | val_loss=0.5992 val_acc=0.667
      saved re-evaluation checkpoint fold17_ep37.pt
      ep38 train_loss=0.6396 train_acc=0.975 | val_loss=0.6203 val_acc=0.667
      saved re-evaluation checkpoint fold17_ep38.pt
      ep39 train_loss=0.6059 train_acc=0.975 | val_loss=0.7165 val_acc=0.667
      saved re-evaluation checkpoint fold17_ep39.pt
fold result: UF1=0.1600 UAR=0.1333 ACC=0.6667
fold 19/26: 25 train subjects / 1 validation subjects; 231 train / 15 validation samples
      ep00 train_loss=1.5795 train_acc=0.346 | val_loss=1.2044 val_acc=0.467
      ep01 train_loss=1.2150 train_acc=0.563 | val_loss=0.8749 val_acc=0.600
      ep02 train_loss=1.0902 train_acc=0.688 | val_loss=0.8709 val_acc=0.733
      ep03 train_loss=0.9775 train_acc=0.714 | val_loss=0.7257 val_acc=0.800
      ep04 train_loss=0.9200 train_acc=0.766 | val_loss=0.8907 val_acc=0.533
      ep05 train_loss=0.8148 train_acc=0.831 | val_loss=1.0052 val_acc=0.600
      ep06 train_loss=0.8409 train_acc=0.831 | val_loss=1.1603 val_acc=0.533
      ep07 train_loss=0.8426 train_acc=0.844 | val_loss=0.8665 val_acc=0.733
      ep08 train_loss=0.7650 train_acc=0.870 | val_loss=0.9775 val_acc=0.600
      ep09 train_loss=0.8055 train_acc=0.870 | val_loss=0.9699 val_acc=0.600
      ep10 train_loss=0.7046 train_acc=0.926 | val_loss=0.7702 val_acc=0.733
      ep11 train_loss=0.7073 train_acc=0.922 | val_loss=0.5826 val_acc=0.867
      ep12 train_loss=0.7435 train_acc=0.892 | val_loss=0.8151 val_acc=0.600
      ep13 train_loss=0.7196 train_acc=0.926 | val_loss=0.7956 val_acc=0.800
      ep14 train_loss=0.6842 train_acc=0.948 | val_loss=0.9247 val_acc=0.800
      ep15 train_loss=0.6694 train_acc=0.965 | val_loss=0.7433 val_acc=0.733
      ep16 train_loss=0.6973 train_acc=0.944 | val_loss=0.9072 val_acc=0.733
      ep17 train_loss=0.6715 train_acc=0.948 | val_loss=1.3423 val_acc=0.600
      ep18 train_loss=0.6552 train_acc=0.983 | val_loss=1.0618 val_acc=0.667
      ep19 train_loss=0.6756 train_acc=0.948 | val_loss=1.3738 val_acc=0.667
      ep20 train_loss=0.6224 train_acc=0.974 | val_loss=1.2067 val_acc=0.600
      ep21 train_loss=0.6712 train_acc=0.965 | val_loss=1.0205 val_acc=0.667
      ep22 train_loss=0.6440 train_acc=0.957 | val_loss=0.9752 val_acc=0.733
      ep23 train_loss=0.6055 train_acc=0.991 | val_loss=1.0448 val_acc=0.733
      ep24 train_loss=0.6463 train_acc=0.961 | val_loss=1.1841 val_acc=0.733
      ep25 train_loss=0.6253 train_acc=0.987 | val_loss=1.0303 val_acc=0.733
      ep26 train_loss=0.6440 train_acc=0.965 | val_loss=0.9641 val_acc=0.733
      ep27 train_loss=0.6199 train_acc=0.996 | val_loss=1.0639 val_acc=0.733
      ep28 train_loss=0.5896 train_acc=0.996 | val_loss=1.0139 val_acc=0.733
      ep29 train_loss=0.6076 train_acc=0.991 | val_loss=1.0507 val_acc=0.733
      ep30 train_loss=0.6458 train_acc=0.978 | val_loss=1.0306 val_acc=0.667
      ep31 train_loss=0.6044 train_acc=0.987 | val_loss=0.9756 val_acc=0.733
      ep32 train_loss=0.6030 train_acc=0.978 | val_loss=1.0390 val_acc=0.733
      saved re-evaluation checkpoint fold18_ep32.pt
      ep33 train_loss=0.6361 train_acc=0.978 | val_loss=1.0105 val_acc=0.733
      saved re-evaluation checkpoint fold18_ep33.pt
      ep34 train_loss=0.6229 train_acc=0.991 | val_loss=1.0003 val_acc=0.733
      saved re-evaluation checkpoint fold18_ep34.pt
      ep35 train_loss=0.6206 train_acc=0.978 | val_loss=1.0244 val_acc=0.733
      saved re-evaluation checkpoint fold18_ep35.pt
      ep36 train_loss=0.6167 train_acc=0.991 | val_loss=1.0289 val_acc=0.733
      saved re-evaluation checkpoint fold18_ep36.pt
      ep37 train_loss=0.6185 train_acc=0.987 | val_loss=1.0098 val_acc=0.733
      saved re-evaluation checkpoint fold18_ep37.pt
      ep38 train_loss=0.6329 train_acc=0.970 | val_loss=1.0627 val_acc=0.733
      saved re-evaluation checkpoint fold18_ep38.pt
      ep39 train_loss=0.6135 train_acc=0.983 | val_loss=1.0286 val_acc=0.733
      saved re-evaluation checkpoint fold18_ep39.pt
fold result: UF1=0.5514 UAR=0.5667 ACC=0.7333
fold 20/26: 25 train subjects / 1 validation subjects; 235 train / 11 validation samples
      ep00 train_loss=1.5906 train_acc=0.357 | val_loss=1.5492 val_acc=0.273
      ep01 train_loss=1.2538 train_acc=0.549 | val_loss=1.3247 val_acc=0.364
      ep02 train_loss=1.0636 train_acc=0.630 | val_loss=1.3590 val_acc=0.273
      ep03 train_loss=0.9866 train_acc=0.655 | val_loss=1.1495 val_acc=0.545
      ep04 train_loss=0.9068 train_acc=0.783 | val_loss=0.8511 val_acc=0.727
      ep05 train_loss=0.9258 train_acc=0.753 | val_loss=1.3396 val_acc=0.273
      ep06 train_loss=0.8372 train_acc=0.821 | val_loss=1.1124 val_acc=0.545
      ep07 train_loss=0.7546 train_acc=0.877 | val_loss=1.1416 val_acc=0.364
      ep08 train_loss=0.7391 train_acc=0.855 | val_loss=0.9972 val_acc=0.545
      ep09 train_loss=0.7152 train_acc=0.898 | val_loss=1.3072 val_acc=0.545
      ep10 train_loss=0.7051 train_acc=0.911 | val_loss=0.9575 val_acc=0.455
      ep11 train_loss=0.7433 train_acc=0.872 | val_loss=0.9353 val_acc=0.455
      ep12 train_loss=0.6938 train_acc=0.915 | val_loss=1.4174 val_acc=0.364
      ep13 train_loss=0.7059 train_acc=0.902 | val_loss=1.2607 val_acc=0.364
      ep14 train_loss=0.6488 train_acc=0.936 | val_loss=0.9845 val_acc=0.545
      ep15 train_loss=0.6643 train_acc=0.915 | val_loss=1.1280 val_acc=0.545
      ep16 train_loss=0.6697 train_acc=0.940 | val_loss=1.3849 val_acc=0.455
      ep17 train_loss=0.6600 train_acc=0.962 | val_loss=1.1939 val_acc=0.455
      ep18 train_loss=0.6264 train_acc=0.974 | val_loss=1.0360 val_acc=0.727
      ep19 train_loss=0.6034 train_acc=0.953 | val_loss=1.1259 val_acc=0.545
      ep20 train_loss=0.6050 train_acc=0.974 | val_loss=1.3163 val_acc=0.455
      ep21 train_loss=0.6297 train_acc=0.966 | val_loss=1.1803 val_acc=0.545
      ep22 train_loss=0.6216 train_acc=0.957 | val_loss=1.0029 val_acc=0.636
      ep23 train_loss=0.5922 train_acc=0.970 | val_loss=0.9881 val_acc=0.545
      ep24 train_loss=0.6138 train_acc=0.966 | val_loss=1.0488 val_acc=0.636
      ep25 train_loss=0.6078 train_acc=0.987 | val_loss=1.3681 val_acc=0.455
      ep26 train_loss=0.5929 train_acc=0.983 | val_loss=1.2938 val_acc=0.545
      ep27 train_loss=0.5801 train_acc=0.987 | val_loss=1.0197 val_acc=0.545
      ep28 train_loss=0.5793 train_acc=0.987 | val_loss=1.1614 val_acc=0.545
      ep29 train_loss=0.5773 train_acc=0.987 | val_loss=1.1691 val_acc=0.455
      ep30 train_loss=0.6058 train_acc=0.974 | val_loss=1.1157 val_acc=0.545
      ep31 train_loss=0.6067 train_acc=0.983 | val_loss=1.2114 val_acc=0.455
      ep32 train_loss=0.5840 train_acc=0.991 | val_loss=1.2408 val_acc=0.545
      saved re-evaluation checkpoint fold19_ep32.pt
      ep33 train_loss=0.5672 train_acc=1.000 | val_loss=1.2494 val_acc=0.455
      saved re-evaluation checkpoint fold19_ep33.pt
      ep34 train_loss=0.5838 train_acc=0.991 | val_loss=1.1768 val_acc=0.545
      saved re-evaluation checkpoint fold19_ep34.pt
      ep35 train_loss=0.5664 train_acc=0.991 | val_loss=0.8870 val_acc=0.727
      saved re-evaluation checkpoint fold19_ep35.pt
      ep36 train_loss=0.5759 train_acc=0.991 | val_loss=1.1321 val_acc=0.545
      saved re-evaluation checkpoint fold19_ep36.pt
      ep37 train_loss=0.6094 train_acc=0.974 | val_loss=1.2416 val_acc=0.455
      saved re-evaluation checkpoint fold19_ep37.pt
      ep38 train_loss=0.5644 train_acc=0.996 | val_loss=1.0973 val_acc=0.545
      saved re-evaluation checkpoint fold19_ep38.pt
      ep39 train_loss=0.5863 train_acc=0.987 | val_loss=1.1613 val_acc=0.545
      saved re-evaluation checkpoint fold19_ep39.pt
fold result: UF1=0.1333 UAR=0.1111 ACC=0.4545
fold 21/26: 25 train subjects / 1 validation subjects; 244 train / 2 validation samples
      ep00 train_loss=1.5982 train_acc=0.340 | val_loss=1.5326 val_acc=0.500
      ep01 train_loss=1.2450 train_acc=0.541 | val_loss=2.0510 val_acc=0.500
      ep02 train_loss=1.0454 train_acc=0.639 | val_loss=1.3966 val_acc=0.500
      ep03 train_loss=1.0177 train_acc=0.701 | val_loss=2.6447 val_acc=0.500
      ep04 train_loss=0.9751 train_acc=0.730 | val_loss=2.0502 val_acc=0.000
      ep05 train_loss=0.9176 train_acc=0.799 | val_loss=3.0463 val_acc=0.000
      ep06 train_loss=0.8059 train_acc=0.824 | val_loss=3.4287 val_acc=0.000
      ep07 train_loss=0.7672 train_acc=0.865 | val_loss=2.5403 val_acc=0.500
      ep08 train_loss=0.7920 train_acc=0.865 | val_loss=3.3440 val_acc=0.500
      ep09 train_loss=0.7596 train_acc=0.857 | val_loss=3.4045 val_acc=0.000
      ep10 train_loss=0.7438 train_acc=0.881 | val_loss=2.8643 val_acc=0.500
      ep11 train_loss=0.7314 train_acc=0.885 | val_loss=2.9577 val_acc=0.500
      ep12 train_loss=0.6813 train_acc=0.918 | val_loss=2.7343 val_acc=0.500
      ep13 train_loss=0.6578 train_acc=0.955 | val_loss=3.1731 val_acc=0.500
      ep14 train_loss=0.6787 train_acc=0.930 | val_loss=2.8730 val_acc=0.500
      ep15 train_loss=0.6935 train_acc=0.926 | val_loss=2.2126 val_acc=0.500
      ep16 train_loss=0.6268 train_acc=0.967 | val_loss=2.6288 val_acc=0.500
      ep17 train_loss=0.6708 train_acc=0.951 | val_loss=2.4749 val_acc=0.500
      ep18 train_loss=0.6569 train_acc=0.943 | val_loss=2.7130 val_acc=0.500
      ep19 train_loss=0.6120 train_acc=0.988 | val_loss=3.0140 val_acc=0.500
      ep20 train_loss=0.6231 train_acc=0.971 | val_loss=3.0694 val_acc=0.500
      ep21 train_loss=0.6329 train_acc=0.959 | val_loss=3.0159 val_acc=0.500
      ep22 train_loss=0.6249 train_acc=0.971 | val_loss=3.8047 val_acc=0.500
      ep23 train_loss=0.6547 train_acc=0.959 | val_loss=3.0006 val_acc=0.500
      ep24 train_loss=0.6089 train_acc=0.984 | val_loss=2.7130 val_acc=0.500
      ep25 train_loss=0.6135 train_acc=0.967 | val_loss=2.7823 val_acc=0.500
      ep26 train_loss=0.6382 train_acc=0.951 | val_loss=2.5609 val_acc=0.500
      ep27 train_loss=0.5876 train_acc=0.996 | val_loss=2.6122 val_acc=0.500
      ep28 train_loss=0.6169 train_acc=0.984 | val_loss=2.5895 val_acc=0.500
      ep29 train_loss=0.6157 train_acc=0.967 | val_loss=2.3459 val_acc=0.500
      ep30 train_loss=0.6239 train_acc=0.971 | val_loss=2.3309 val_acc=0.500
      ep31 train_loss=0.5933 train_acc=0.975 | val_loss=2.5914 val_acc=0.500
      ep32 train_loss=0.5935 train_acc=0.984 | val_loss=2.3473 val_acc=0.500
      saved re-evaluation checkpoint fold20_ep32.pt
      ep33 train_loss=0.5997 train_acc=0.980 | val_loss=2.2548 val_acc=0.500
      saved re-evaluation checkpoint fold20_ep33.pt
      ep34 train_loss=0.5936 train_acc=0.988 | val_loss=2.4666 val_acc=0.500
      saved re-evaluation checkpoint fold20_ep34.pt
      ep35 train_loss=0.5975 train_acc=0.988 | val_loss=2.3778 val_acc=0.500
      saved re-evaluation checkpoint fold20_ep35.pt
      ep36 train_loss=0.5891 train_acc=0.984 | val_loss=2.1969 val_acc=0.500
      saved re-evaluation checkpoint fold20_ep36.pt
      ep37 train_loss=0.5932 train_acc=0.984 | val_loss=2.5720 val_acc=0.500
      saved re-evaluation checkpoint fold20_ep37.pt
      ep38 train_loss=0.5817 train_acc=0.996 | val_loss=2.4743 val_acc=0.500
      saved re-evaluation checkpoint fold20_ep38.pt
      ep39 train_loss=0.6283 train_acc=0.980 | val_loss=2.3154 val_acc=0.500
      saved re-evaluation checkpoint fold20_ep39.pt
fold result: UF1=0.2000 UAR=0.2000 ACC=0.5000
fold 22/26: 25 train subjects / 1 validation subjects; 244 train / 2 validation samples
      ep00 train_loss=1.6161 train_acc=0.348 | val_loss=0.1289 val_acc=1.000
      ep01 train_loss=1.2528 train_acc=0.541 | val_loss=0.0893 val_acc=1.000
      ep02 train_loss=1.0714 train_acc=0.656 | val_loss=0.0651 val_acc=1.000
      ep03 train_loss=1.0221 train_acc=0.721 | val_loss=0.0207 val_acc=1.000
      ep04 train_loss=0.9994 train_acc=0.705 | val_loss=0.0252 val_acc=1.000
      ep05 train_loss=0.9265 train_acc=0.779 | val_loss=0.0213 val_acc=1.000
      ep06 train_loss=0.8123 train_acc=0.820 | val_loss=0.0276 val_acc=1.000
      ep07 train_loss=0.7866 train_acc=0.844 | val_loss=0.0160 val_acc=1.000
      ep08 train_loss=0.8155 train_acc=0.844 | val_loss=0.0659 val_acc=1.000
      ep09 train_loss=0.7563 train_acc=0.877 | val_loss=0.0062 val_acc=1.000
      ep10 train_loss=0.7436 train_acc=0.902 | val_loss=0.0036 val_acc=1.000
      ep11 train_loss=0.7304 train_acc=0.898 | val_loss=0.0072 val_acc=1.000
      ep12 train_loss=0.6704 train_acc=0.939 | val_loss=0.0202 val_acc=1.000
      ep13 train_loss=0.6540 train_acc=0.967 | val_loss=0.0047 val_acc=1.000
      ep14 train_loss=0.6777 train_acc=0.943 | val_loss=0.0569 val_acc=1.000
      ep15 train_loss=0.6798 train_acc=0.943 | val_loss=0.0059 val_acc=1.000
      ep16 train_loss=0.6449 train_acc=0.963 | val_loss=0.0134 val_acc=1.000
      ep17 train_loss=0.6621 train_acc=0.959 | val_loss=0.0055 val_acc=1.000
      ep18 train_loss=0.6374 train_acc=0.959 | val_loss=0.0048 val_acc=1.000
      ep19 train_loss=0.6181 train_acc=0.980 | val_loss=0.0048 val_acc=1.000
      ep20 train_loss=0.6300 train_acc=0.975 | val_loss=0.0031 val_acc=1.000
      ep21 train_loss=0.6437 train_acc=0.939 | val_loss=0.0114 val_acc=1.000
      ep22 train_loss=0.6428 train_acc=0.963 | val_loss=0.0133 val_acc=1.000
      ep23 train_loss=0.6554 train_acc=0.955 | val_loss=0.0092 val_acc=1.000
      ep24 train_loss=0.6187 train_acc=0.980 | val_loss=0.0081 val_acc=1.000
      ep25 train_loss=0.6132 train_acc=0.975 | val_loss=0.0044 val_acc=1.000
      ep26 train_loss=0.6401 train_acc=0.943 | val_loss=0.0067 val_acc=1.000
      ep27 train_loss=0.5922 train_acc=0.992 | val_loss=0.0092 val_acc=1.000
      ep28 train_loss=0.6175 train_acc=0.988 | val_loss=0.0073 val_acc=1.000
      ep29 train_loss=0.6153 train_acc=0.975 | val_loss=0.0072 val_acc=1.000
      ep30 train_loss=0.6351 train_acc=0.967 | val_loss=0.0136 val_acc=1.000
      ep31 train_loss=0.6170 train_acc=0.975 | val_loss=0.0085 val_acc=1.000
      ep32 train_loss=0.5938 train_acc=0.984 | val_loss=0.0086 val_acc=1.000
      saved re-evaluation checkpoint fold21_ep32.pt
      ep33 train_loss=0.6024 train_acc=0.984 | val_loss=0.0088 val_acc=1.000
      saved re-evaluation checkpoint fold21_ep33.pt
      ep34 train_loss=0.6006 train_acc=0.996 | val_loss=0.0055 val_acc=1.000
      saved re-evaluation checkpoint fold21_ep34.pt
      ep35 train_loss=0.5956 train_acc=0.992 | val_loss=0.0076 val_acc=1.000
      saved re-evaluation checkpoint fold21_ep35.pt
      ep36 train_loss=0.5956 train_acc=0.988 | val_loss=0.0065 val_acc=1.000
      saved re-evaluation checkpoint fold21_ep36.pt
      ep37 train_loss=0.5898 train_acc=1.000 | val_loss=0.0139 val_acc=1.000
      saved re-evaluation checkpoint fold21_ep37.pt
      ep38 train_loss=0.5897 train_acc=0.992 | val_loss=0.0166 val_acc=1.000
      saved re-evaluation checkpoint fold21_ep38.pt
      ep39 train_loss=0.6362 train_acc=0.988 | val_loss=0.0112 val_acc=1.000
      saved re-evaluation checkpoint fold21_ep39.pt
fold result: UF1=0.2000 UAR=0.2000 ACC=1.0000
fold 23/26: 25 train subjects / 1 validation subjects; 234 train / 12 validation samples
      ep00 train_loss=1.5901 train_acc=0.393 | val_loss=0.9203 val_acc=0.667
      ep01 train_loss=1.1545 train_acc=0.620 | val_loss=0.9238 val_acc=0.500
      ep02 train_loss=1.0915 train_acc=0.620 | val_loss=0.5865 val_acc=0.917
      ep03 train_loss=1.0014 train_acc=0.722 | val_loss=0.5646 val_acc=0.750
      ep04 train_loss=0.9141 train_acc=0.744 | val_loss=0.9490 val_acc=0.583
      ep05 train_loss=0.8791 train_acc=0.791 | val_loss=0.5213 val_acc=0.833
      ep06 train_loss=0.8406 train_acc=0.795 | val_loss=0.9744 val_acc=0.500
      ep07 train_loss=0.8398 train_acc=0.829 | val_loss=0.5563 val_acc=0.833
      ep08 train_loss=0.7699 train_acc=0.872 | val_loss=0.5407 val_acc=0.833
      ep09 train_loss=0.7790 train_acc=0.850 | val_loss=0.7516 val_acc=0.667
      ep10 train_loss=0.7351 train_acc=0.897 | val_loss=0.3799 val_acc=1.000
      ep11 train_loss=0.7445 train_acc=0.906 | val_loss=0.5997 val_acc=0.833
      ep12 train_loss=0.6897 train_acc=0.932 | val_loss=0.3671 val_acc=1.000
      ep13 train_loss=0.6453 train_acc=0.936 | val_loss=0.3301 val_acc=1.000
      ep14 train_loss=0.6714 train_acc=0.962 | val_loss=0.5072 val_acc=0.917
      ep15 train_loss=0.6669 train_acc=0.936 | val_loss=0.3049 val_acc=1.000
      ep16 train_loss=0.6574 train_acc=0.953 | val_loss=0.5911 val_acc=0.667
      ep17 train_loss=0.6785 train_acc=0.932 | val_loss=0.4161 val_acc=1.000
      ep18 train_loss=0.6199 train_acc=0.979 | val_loss=0.4854 val_acc=0.917
      ep19 train_loss=0.6623 train_acc=0.944 | val_loss=0.3805 val_acc=0.917
      ep20 train_loss=0.6464 train_acc=0.953 | val_loss=0.4167 val_acc=1.000
      ep21 train_loss=0.6339 train_acc=0.970 | val_loss=0.4632 val_acc=0.917
      ep22 train_loss=0.6431 train_acc=0.966 | val_loss=0.3382 val_acc=0.917
      ep23 train_loss=0.6555 train_acc=0.962 | val_loss=0.4003 val_acc=0.917
      ep24 train_loss=0.6001 train_acc=0.991 | val_loss=0.3833 val_acc=1.000
      ep25 train_loss=0.6125 train_acc=0.974 | val_loss=0.3709 val_acc=1.000
      ep26 train_loss=0.6188 train_acc=0.987 | val_loss=0.3200 val_acc=1.000
      ep27 train_loss=0.6100 train_acc=0.979 | val_loss=0.3607 val_acc=1.000
      ep28 train_loss=0.6080 train_acc=0.987 | val_loss=0.3881 val_acc=1.000
      ep29 train_loss=0.6346 train_acc=0.970 | val_loss=0.3501 val_acc=1.000
      ep30 train_loss=0.5957 train_acc=0.991 | val_loss=0.3847 val_acc=1.000
      ep31 train_loss=0.6029 train_acc=0.966 | val_loss=0.3698 val_acc=1.000
      ep32 train_loss=0.5960 train_acc=0.987 | val_loss=0.2964 val_acc=1.000
      saved re-evaluation checkpoint fold22_ep32.pt
      ep33 train_loss=0.6052 train_acc=0.979 | val_loss=0.3578 val_acc=1.000
      saved re-evaluation checkpoint fold22_ep33.pt
      ep34 train_loss=0.6064 train_acc=0.983 | val_loss=0.3339 val_acc=1.000
      saved re-evaluation checkpoint fold22_ep34.pt
      ep35 train_loss=0.6356 train_acc=0.970 | val_loss=0.3238 val_acc=1.000
      saved re-evaluation checkpoint fold22_ep35.pt
      ep36 train_loss=0.5776 train_acc=0.987 | val_loss=0.3586 val_acc=1.000
      saved re-evaluation checkpoint fold22_ep36.pt
      ep37 train_loss=0.5701 train_acc=0.991 | val_loss=0.3209 val_acc=1.000
      saved re-evaluation checkpoint fold22_ep37.pt
      ep38 train_loss=0.6226 train_acc=0.966 | val_loss=0.3560 val_acc=1.000
      saved re-evaluation checkpoint fold22_ep38.pt
      ep39 train_loss=0.5621 train_acc=0.996 | val_loss=0.3435 val_acc=1.000
      saved re-evaluation checkpoint fold22_ep39.pt
fold result: UF1=0.8000 UAR=0.8000 ACC=1.0000
fold 24/26: 25 train subjects / 1 validation subjects; 239 train / 7 validation samples
      ep00 train_loss=1.5592 train_acc=0.372 | val_loss=1.2789 val_acc=0.429
      ep01 train_loss=1.1785 train_acc=0.565 | val_loss=1.1418 val_acc=0.571
      ep02 train_loss=1.0909 train_acc=0.682 | val_loss=0.9189 val_acc=0.714
      ep03 train_loss=1.0182 train_acc=0.686 | val_loss=1.2034 val_acc=0.429
      ep04 train_loss=0.8926 train_acc=0.795 | val_loss=1.2153 val_acc=0.571
      ep05 train_loss=0.7995 train_acc=0.816 | val_loss=1.1213 val_acc=0.571
      ep06 train_loss=0.8481 train_acc=0.770 | val_loss=1.1155 val_acc=0.429
      ep07 train_loss=0.7799 train_acc=0.895 | val_loss=1.1249 val_acc=0.571
      ep08 train_loss=0.7428 train_acc=0.921 | val_loss=0.9624 val_acc=0.714
      ep09 train_loss=0.7052 train_acc=0.895 | val_loss=1.3142 val_acc=0.429
      ep10 train_loss=0.7516 train_acc=0.895 | val_loss=1.3222 val_acc=0.429
      ep11 train_loss=0.7775 train_acc=0.858 | val_loss=1.2467 val_acc=0.429
      ep12 train_loss=0.7095 train_acc=0.904 | val_loss=1.1986 val_acc=0.571
      ep13 train_loss=0.6721 train_acc=0.921 | val_loss=1.2839 val_acc=0.571
      ep14 train_loss=0.6526 train_acc=0.958 | val_loss=1.2550 val_acc=0.571
      ep15 train_loss=0.6505 train_acc=0.958 | val_loss=1.1760 val_acc=0.571
      ep16 train_loss=0.6390 train_acc=0.971 | val_loss=1.1147 val_acc=0.571
      ep17 train_loss=0.6374 train_acc=0.954 | val_loss=1.1716 val_acc=0.571
      ep18 train_loss=0.6406 train_acc=0.962 | val_loss=1.1872 val_acc=0.571
      ep19 train_loss=0.6107 train_acc=0.992 | val_loss=1.0188 val_acc=0.714
      ep20 train_loss=0.6137 train_acc=0.971 | val_loss=1.3053 val_acc=0.714
      ep21 train_loss=0.5980 train_acc=0.983 | val_loss=1.4163 val_acc=0.571
      ep22 train_loss=0.5844 train_acc=0.992 | val_loss=1.4533 val_acc=0.571
      ep23 train_loss=0.6092 train_acc=0.971 | val_loss=1.5665 val_acc=0.571
      ep24 train_loss=0.6199 train_acc=0.958 | val_loss=1.3729 val_acc=0.571
      ep25 train_loss=0.6061 train_acc=0.971 | val_loss=1.3947 val_acc=0.571
      ep26 train_loss=0.6021 train_acc=0.983 | val_loss=1.4021 val_acc=0.571
      ep27 train_loss=0.6176 train_acc=0.983 | val_loss=1.2345 val_acc=0.571
      ep28 train_loss=0.5718 train_acc=0.983 | val_loss=1.3143 val_acc=0.571
      ep29 train_loss=0.5829 train_acc=0.987 | val_loss=1.3280 val_acc=0.571
      ep30 train_loss=0.5646 train_acc=0.987 | val_loss=1.2693 val_acc=0.571
      ep31 train_loss=0.5851 train_acc=0.992 | val_loss=1.3666 val_acc=0.571
      ep32 train_loss=0.6206 train_acc=0.967 | val_loss=1.3013 val_acc=0.571
      saved re-evaluation checkpoint fold23_ep32.pt
      ep33 train_loss=0.6234 train_acc=0.958 | val_loss=1.2766 val_acc=0.571
      saved re-evaluation checkpoint fold23_ep33.pt
      ep34 train_loss=0.5979 train_acc=0.992 | val_loss=1.3905 val_acc=0.571
      saved re-evaluation checkpoint fold23_ep34.pt
      ep35 train_loss=0.6157 train_acc=0.971 | val_loss=1.2734 val_acc=0.571
      saved re-evaluation checkpoint fold23_ep35.pt
      ep36 train_loss=0.5766 train_acc=0.987 | val_loss=1.3168 val_acc=0.571
      saved re-evaluation checkpoint fold23_ep36.pt
      ep37 train_loss=0.5929 train_acc=0.987 | val_loss=1.3492 val_acc=0.571
      saved re-evaluation checkpoint fold23_ep37.pt
      ep38 train_loss=0.5812 train_acc=0.996 | val_loss=1.2945 val_acc=0.571
      saved re-evaluation checkpoint fold23_ep38.pt
      ep39 train_loss=0.5936 train_acc=0.987 | val_loss=1.2789 val_acc=0.571
      saved re-evaluation checkpoint fold23_ep39.pt
fold result: UF1=0.3810 UAR=0.4000 ACC=0.5714
fold 25/26: 25 train subjects / 1 validation subjects; 239 train / 7 validation samples
      ep00 train_loss=1.5642 train_acc=0.381 | val_loss=1.1601 val_acc=0.571
      ep01 train_loss=1.1877 train_acc=0.565 | val_loss=1.6267 val_acc=0.143
      ep02 train_loss=1.0988 train_acc=0.640 | val_loss=1.1964 val_acc=0.286
      ep03 train_loss=0.9962 train_acc=0.703 | val_loss=0.9397 val_acc=0.571
      ep04 train_loss=0.8920 train_acc=0.774 | val_loss=0.8097 val_acc=0.429
      ep05 train_loss=0.7941 train_acc=0.854 | val_loss=0.8941 val_acc=0.571
      ep06 train_loss=0.8400 train_acc=0.791 | val_loss=0.7052 val_acc=0.714
      ep07 train_loss=0.7643 train_acc=0.887 | val_loss=0.9403 val_acc=0.571
      ep08 train_loss=0.7352 train_acc=0.921 | val_loss=0.2973 val_acc=1.000
      ep09 train_loss=0.7160 train_acc=0.891 | val_loss=0.6948 val_acc=0.714
      ep10 train_loss=0.7541 train_acc=0.883 | val_loss=0.4209 val_acc=1.000
      ep11 train_loss=0.8031 train_acc=0.866 | val_loss=0.9057 val_acc=0.571
      ep12 train_loss=0.7202 train_acc=0.904 | val_loss=1.0637 val_acc=0.571
      ep13 train_loss=0.6760 train_acc=0.937 | val_loss=0.9044 val_acc=0.571
      ep14 train_loss=0.6519 train_acc=0.946 | val_loss=0.7467 val_acc=0.714
      ep15 train_loss=0.6705 train_acc=0.941 | val_loss=0.4064 val_acc=0.857
      ep16 train_loss=0.6387 train_acc=0.971 | val_loss=0.3355 val_acc=0.857
      ep17 train_loss=0.6548 train_acc=0.950 | val_loss=0.4588 val_acc=0.714
      ep18 train_loss=0.6456 train_acc=0.971 | val_loss=0.3308 val_acc=1.000
      ep19 train_loss=0.6159 train_acc=0.996 | val_loss=0.5392 val_acc=0.857
      ep20 train_loss=0.6328 train_acc=0.967 | val_loss=0.6363 val_acc=0.857
      ep21 train_loss=0.5900 train_acc=0.987 | val_loss=0.6052 val_acc=0.857
      ep22 train_loss=0.5880 train_acc=0.996 | val_loss=0.8769 val_acc=0.714
      ep23 train_loss=0.6081 train_acc=0.971 | val_loss=0.7773 val_acc=0.857
      ep24 train_loss=0.6097 train_acc=0.971 | val_loss=0.4743 val_acc=0.857
      ep25 train_loss=0.6089 train_acc=0.983 | val_loss=0.4470 val_acc=0.857
      ep26 train_loss=0.6118 train_acc=0.983 | val_loss=0.5356 val_acc=0.857
      ep27 train_loss=0.6293 train_acc=0.983 | val_loss=0.7035 val_acc=0.714
      ep28 train_loss=0.5850 train_acc=0.987 | val_loss=0.5917 val_acc=0.714
      ep29 train_loss=0.5935 train_acc=0.992 | val_loss=0.6080 val_acc=0.857
      ep30 train_loss=0.5747 train_acc=0.987 | val_loss=0.5047 val_acc=0.857
      ep31 train_loss=0.5923 train_acc=0.987 | val_loss=0.6102 val_acc=0.857
      ep32 train_loss=0.6330 train_acc=0.975 | val_loss=0.5580 val_acc=0.857
      saved re-evaluation checkpoint fold24_ep32.pt
      ep33 train_loss=0.6280 train_acc=0.971 | val_loss=0.5471 val_acc=0.857
      saved re-evaluation checkpoint fold24_ep33.pt
      ep34 train_loss=0.5994 train_acc=0.987 | val_loss=0.5900 val_acc=0.857
      saved re-evaluation checkpoint fold24_ep34.pt
      ep35 train_loss=0.6345 train_acc=0.967 | val_loss=0.4319 val_acc=0.857
      saved re-evaluation checkpoint fold24_ep35.pt
      ep36 train_loss=0.5752 train_acc=0.979 | val_loss=0.6247 val_acc=0.857
      saved re-evaluation checkpoint fold24_ep36.pt
      ep37 train_loss=0.6144 train_acc=0.971 | val_loss=0.5541 val_acc=0.857
      saved re-evaluation checkpoint fold24_ep37.pt
      ep38 train_loss=0.5842 train_acc=0.992 | val_loss=0.4475 val_acc=0.857
      saved re-evaluation checkpoint fold24_ep38.pt
      ep39 train_loss=0.6122 train_acc=0.975 | val_loss=0.5172 val_acc=0.857
      saved re-evaluation checkpoint fold24_ep39.pt
fold result: UF1=0.4333 UAR=0.4667 ACC=0.7143
fold 26/26: 25 train subjects / 1 validation subjects; 230 train / 16 validation samples
      ep00 train_loss=1.6534 train_acc=0.339 | val_loss=1.1891 val_acc=0.438
      ep01 train_loss=1.1779 train_acc=0.626 | val_loss=1.3493 val_acc=0.500
      ep02 train_loss=1.0727 train_acc=0.643 | val_loss=1.6893 val_acc=0.375
      ep03 train_loss=1.0117 train_acc=0.696 | val_loss=1.0979 val_acc=0.562
      ep04 train_loss=1.0560 train_acc=0.709 | val_loss=1.2419 val_acc=0.438
      ep05 train_loss=0.9241 train_acc=0.748 | val_loss=1.2631 val_acc=0.562
      ep06 train_loss=0.8296 train_acc=0.809 | val_loss=1.8170 val_acc=0.312
      ep07 train_loss=0.8360 train_acc=0.809 | val_loss=1.6771 val_acc=0.438
      ep08 train_loss=0.7737 train_acc=0.870 | val_loss=0.9991 val_acc=0.625
      ep09 train_loss=0.7380 train_acc=0.878 | val_loss=1.8339 val_acc=0.375
      ep10 train_loss=0.7311 train_acc=0.900 | val_loss=1.4548 val_acc=0.375
      ep11 train_loss=0.7022 train_acc=0.913 | val_loss=1.4178 val_acc=0.312
      ep12 train_loss=0.6799 train_acc=0.913 | val_loss=1.5304 val_acc=0.375
      ep13 train_loss=0.6580 train_acc=0.922 | val_loss=2.1043 val_acc=0.375
      ep14 train_loss=0.6632 train_acc=0.926 | val_loss=1.9862 val_acc=0.312
      ep15 train_loss=0.6587 train_acc=0.939 | val_loss=1.4833 val_acc=0.438
      ep16 train_loss=0.6384 train_acc=0.948 | val_loss=1.4213 val_acc=0.375
      ep17 train_loss=0.6301 train_acc=0.952 | val_loss=1.9381 val_acc=0.312
      ep18 train_loss=0.6156 train_acc=0.970 | val_loss=1.4169 val_acc=0.438
      ep19 train_loss=0.6414 train_acc=0.948 | val_loss=1.2203 val_acc=0.438
      ep20 train_loss=0.6462 train_acc=0.970 | val_loss=1.8681 val_acc=0.312
      ep21 train_loss=0.6102 train_acc=0.974 | val_loss=2.2925 val_acc=0.188
      ep22 train_loss=0.5989 train_acc=0.974 | val_loss=1.9207 val_acc=0.312
      ep23 train_loss=0.5786 train_acc=0.996 | val_loss=1.9661 val_acc=0.312
      ep24 train_loss=0.5838 train_acc=0.974 | val_loss=1.9509 val_acc=0.188
      ep25 train_loss=0.5866 train_acc=0.983 | val_loss=2.0086 val_acc=0.250
      ep26 train_loss=0.6003 train_acc=0.983 | val_loss=1.7531 val_acc=0.375
      ep27 train_loss=0.5837 train_acc=0.983 | val_loss=1.7581 val_acc=0.250
      ep28 train_loss=0.5936 train_acc=0.970 | val_loss=1.8204 val_acc=0.312
      ep29 train_loss=0.5973 train_acc=0.983 | val_loss=1.6914 val_acc=0.375
      ep30 train_loss=0.5737 train_acc=0.983 | val_loss=1.5615 val_acc=0.500
      ep31 train_loss=0.5707 train_acc=0.987 | val_loss=1.5991 val_acc=0.438
      ep32 train_loss=0.5783 train_acc=0.987 | val_loss=1.9206 val_acc=0.312
      saved re-evaluation checkpoint fold25_ep32.pt
      ep33 train_loss=0.5564 train_acc=1.000 | val_loss=1.8301 val_acc=0.312
      saved re-evaluation checkpoint fold25_ep33.pt
      ep34 train_loss=0.6021 train_acc=0.965 | val_loss=1.7064 val_acc=0.312
      saved re-evaluation checkpoint fold25_ep34.pt
      ep35 train_loss=0.5565 train_acc=1.000 | val_loss=1.7027 val_acc=0.375
      saved re-evaluation checkpoint fold25_ep35.pt
      ep36 train_loss=0.5639 train_acc=0.996 | val_loss=1.7607 val_acc=0.312
      saved re-evaluation checkpoint fold25_ep36.pt
      ep37 train_loss=0.6143 train_acc=0.961 | val_loss=1.5508 val_acc=0.500
      saved re-evaluation checkpoint fold25_ep37.pt
      ep38 train_loss=0.5855 train_acc=0.978 | val_loss=1.7563 val_acc=0.250
      saved re-evaluation checkpoint fold25_ep38.pt
      ep39 train_loss=0.5991 train_acc=0.970 | val_loss=1.5765 val_acc=0.375
      saved re-evaluation checkpoint fold25_ep39.pt
fold result: UF1=0.3162 UAR=0.3511 ACC=0.5000
FINAL dev: UF1=0.6889 UAR=0.7010 ACC=0.6667
saved reproducible artifacts to D:\AI-Projects\casmeII-new-from-sequence-model\experiments\protocol_v2\iter_74_r3d_lastk8_ep40_s42_v2_dev_loso_all_p5 in 10517.4s
