=== PROTOCOL V2 iter_41_r3d_hq_stabilized_v2_dev_p5 ===
time: 2026-07-23T18:11:06.707154 | role: dev
device: cuda (NVIDIA GeForce RTX 3060)
platform: Windows-10-10.0.26200-SP0 | torch 2.6.0+cu124
loading 246 cached arrays
fixed split loaded: 21 development subjects, 5 sealed audit subjects
fold 1/4: 16 train subjects / 5 validation subjects; 148 train / 44 validation samples
      ep00 train_loss=1.6463 train_acc=0.291 | val_loss=1.2360 val_acc=0.500
      ep01 train_loss=1.2219 train_acc=0.588 | val_loss=0.8770 val_acc=0.750
      ep02 train_loss=1.0171 train_acc=0.689 | val_loss=0.9440 val_acc=0.659
      ep03 train_loss=0.9599 train_acc=0.736 | val_loss=1.0935 val_acc=0.477
      ep04 train_loss=0.9526 train_acc=0.764 | val_loss=0.8613 val_acc=0.659
      ep05 train_loss=0.8742 train_acc=0.838 | val_loss=1.0176 val_acc=0.477
      ep06 train_loss=0.8574 train_acc=0.797 | val_loss=0.8523 val_acc=0.727
      ep07 train_loss=0.8099 train_acc=0.885 | val_loss=1.0296 val_acc=0.477
      ep08 train_loss=0.8076 train_acc=0.899 | val_loss=0.9271 val_acc=0.568
      ep09 train_loss=0.7741 train_acc=0.892 | val_loss=0.9396 val_acc=0.636
      ep10 train_loss=0.6986 train_acc=0.939 | val_loss=0.9073 val_acc=0.682
      ep11 train_loss=0.8035 train_acc=0.899 | val_loss=0.8442 val_acc=0.682
      ep12 train_loss=0.7454 train_acc=0.905 | val_loss=1.0420 val_acc=0.545
      ep13 train_loss=0.6748 train_acc=0.966 | val_loss=0.9278 val_acc=0.682
      ep14 train_loss=0.6956 train_acc=0.973 | val_loss=0.8150 val_acc=0.727
      ep15 train_loss=0.7183 train_acc=0.946 | val_loss=0.8862 val_acc=0.659
      ep16 train_loss=0.7704 train_acc=0.905 | val_loss=0.8464 val_acc=0.773
      ep17 train_loss=0.6514 train_acc=0.993 | val_loss=0.8769 val_acc=0.750
      ep18 train_loss=0.6772 train_acc=0.966 | val_loss=0.8767 val_acc=0.773
      ep19 train_loss=0.6508 train_acc=0.973 | val_loss=0.8485 val_acc=0.750
      ep20 train_loss=0.6933 train_acc=0.959 | val_loss=0.8961 val_acc=0.727
      ep21 train_loss=0.6680 train_acc=0.973 | val_loss=0.9143 val_acc=0.705
      ep22 train_loss=0.6640 train_acc=0.959 | val_loss=0.8660 val_acc=0.727
      saved re-evaluation checkpoint fold1_ep22.pt
      ep23 train_loss=0.7076 train_acc=0.953 | val_loss=0.8826 val_acc=0.750
      saved re-evaluation checkpoint fold1_ep23.pt
      ep24 train_loss=0.6611 train_acc=0.959 | val_loss=0.8858 val_acc=0.727
      saved re-evaluation checkpoint fold1_ep24.pt
fold result: UF1=0.7215 UAR=0.7196 ACC=0.7273
fold 2/4: 16 train subjects / 5 validation subjects; 141 train / 51 validation samples
      ep00 train_loss=1.5012 train_acc=0.454 | val_loss=1.2787 val_acc=0.451
      ep01 train_loss=1.1726 train_acc=0.617 | val_loss=1.2427 val_acc=0.490
      ep02 train_loss=1.0335 train_acc=0.631 | val_loss=1.2524 val_acc=0.471
      ep03 train_loss=0.9510 train_acc=0.723 | val_loss=1.3863 val_acc=0.451
      ep04 train_loss=0.9059 train_acc=0.773 | val_loss=1.2712 val_acc=0.412
      ep05 train_loss=0.7925 train_acc=0.816 | val_loss=1.5515 val_acc=0.490
      ep06 train_loss=0.8640 train_acc=0.809 | val_loss=1.2117 val_acc=0.588
      ep07 train_loss=0.7573 train_acc=0.865 | val_loss=1.1416 val_acc=0.510
      ep08 train_loss=0.7610 train_acc=0.922 | val_loss=1.2965 val_acc=0.510
      ep09 train_loss=0.7011 train_acc=0.922 | val_loss=1.4668 val_acc=0.471
      ep10 train_loss=0.7630 train_acc=0.872 | val_loss=1.3846 val_acc=0.490
      ep11 train_loss=0.7022 train_acc=0.936 | val_loss=1.3950 val_acc=0.529
      ep12 train_loss=0.6765 train_acc=0.965 | val_loss=1.2998 val_acc=0.510
      ep13 train_loss=0.6902 train_acc=0.943 | val_loss=1.1717 val_acc=0.588
      ep14 train_loss=0.7034 train_acc=0.915 | val_loss=1.2500 val_acc=0.588
      ep15 train_loss=0.6829 train_acc=0.943 | val_loss=1.2167 val_acc=0.549
      ep16 train_loss=0.6014 train_acc=0.993 | val_loss=1.2321 val_acc=0.608
      ep17 train_loss=0.6890 train_acc=0.936 | val_loss=1.2569 val_acc=0.569
      ep18 train_loss=0.6429 train_acc=0.965 | val_loss=1.2904 val_acc=0.549
      ep19 train_loss=0.6339 train_acc=0.972 | val_loss=1.2801 val_acc=0.549
      ep20 train_loss=0.7264 train_acc=0.929 | val_loss=1.3039 val_acc=0.549
      ep21 train_loss=0.6468 train_acc=0.986 | val_loss=1.2994 val_acc=0.549
      ep22 train_loss=0.6147 train_acc=0.986 | val_loss=1.2597 val_acc=0.549
      saved re-evaluation checkpoint fold2_ep22.pt
      ep23 train_loss=0.5985 train_acc=1.000 | val_loss=1.2490 val_acc=0.569
      saved re-evaluation checkpoint fold2_ep23.pt
      ep24 train_loss=0.6523 train_acc=0.957 | val_loss=1.2469 val_acc=0.588
      saved re-evaluation checkpoint fold2_ep24.pt
fold result: UF1=0.4992 UAR=0.4670 ACC=0.6078
fold 3/4: 15 train subjects / 6 validation subjects; 143 train / 49 validation samples
      ep00 train_loss=1.6179 train_acc=0.371 | val_loss=1.5219 val_acc=0.224
      ep01 train_loss=1.2885 train_acc=0.476 | val_loss=1.3509 val_acc=0.408
      ep02 train_loss=1.0705 train_acc=0.678 | val_loss=1.4318 val_acc=0.449
      ep03 train_loss=1.0904 train_acc=0.685 | val_loss=1.4716 val_acc=0.449
      ep04 train_loss=0.9002 train_acc=0.804 | val_loss=1.2545 val_acc=0.551
      ep05 train_loss=0.8672 train_acc=0.832 | val_loss=1.2685 val_acc=0.469
      ep06 train_loss=0.8057 train_acc=0.867 | val_loss=1.3917 val_acc=0.490
      ep07 train_loss=0.8819 train_acc=0.832 | val_loss=1.2943 val_acc=0.531
      ep08 train_loss=0.8004 train_acc=0.902 | val_loss=1.4579 val_acc=0.490
      ep09 train_loss=0.7535 train_acc=0.881 | val_loss=1.4495 val_acc=0.429
      ep10 train_loss=0.7448 train_acc=0.881 | val_loss=1.3665 val_acc=0.490
      ep11 train_loss=0.7088 train_acc=0.951 | val_loss=1.4615 val_acc=0.449
      ep12 train_loss=0.7080 train_acc=0.958 | val_loss=1.4414 val_acc=0.469
      ep13 train_loss=0.7769 train_acc=0.937 | val_loss=1.4025 val_acc=0.469
      ep14 train_loss=0.6433 train_acc=0.972 | val_loss=1.3284 val_acc=0.510
      ep15 train_loss=0.6788 train_acc=0.958 | val_loss=1.4744 val_acc=0.429
      ep16 train_loss=0.7167 train_acc=0.958 | val_loss=1.4767 val_acc=0.490
      ep17 train_loss=0.7015 train_acc=0.944 | val_loss=1.4267 val_acc=0.510
      ep18 train_loss=0.6688 train_acc=0.993 | val_loss=1.4979 val_acc=0.429
      ep19 train_loss=0.6504 train_acc=0.979 | val_loss=1.4388 val_acc=0.490
      ep20 train_loss=0.6533 train_acc=0.993 | val_loss=1.4099 val_acc=0.469
      ep21 train_loss=0.6774 train_acc=0.958 | val_loss=1.4244 val_acc=0.510
      ep22 train_loss=0.6945 train_acc=0.965 | val_loss=1.4429 val_acc=0.490
      saved re-evaluation checkpoint fold3_ep22.pt
      ep23 train_loss=0.7262 train_acc=0.923 | val_loss=1.4179 val_acc=0.469
      saved re-evaluation checkpoint fold3_ep23.pt
      ep24 train_loss=0.6474 train_acc=0.986 | val_loss=1.4107 val_acc=0.490
      saved re-evaluation checkpoint fold3_ep24.pt
fold result: UF1=0.4485 UAR=0.5084 ACC=0.4694
fold 4/4: 16 train subjects / 5 validation subjects; 144 train / 48 validation samples
      ep00 train_loss=1.7333 train_acc=0.368 | val_loss=1.3238 val_acc=0.521
      ep01 train_loss=1.2559 train_acc=0.542 | val_loss=0.9746 val_acc=0.688
      ep02 train_loss=1.1088 train_acc=0.604 | val_loss=1.0186 val_acc=0.500
      ep03 train_loss=1.0195 train_acc=0.764 | val_loss=0.9215 val_acc=0.667
      ep04 train_loss=0.9283 train_acc=0.743 | val_loss=0.7880 val_acc=0.667
      ep05 train_loss=0.8888 train_acc=0.785 | val_loss=0.8775 val_acc=0.604
      ep06 train_loss=0.8516 train_acc=0.840 | val_loss=1.0746 val_acc=0.562
      ep07 train_loss=0.8872 train_acc=0.785 | val_loss=0.8886 val_acc=0.688
      ep08 train_loss=0.7811 train_acc=0.875 | val_loss=0.7525 val_acc=0.708
      ep09 train_loss=0.7864 train_acc=0.875 | val_loss=0.8701 val_acc=0.688
      ep10 train_loss=0.7936 train_acc=0.868 | val_loss=0.9102 val_acc=0.667
      ep11 train_loss=0.7302 train_acc=0.938 | val_loss=0.8464 val_acc=0.688
      ep12 train_loss=0.7332 train_acc=0.917 | val_loss=0.7412 val_acc=0.750
      ep13 train_loss=0.7054 train_acc=0.931 | val_loss=0.9369 val_acc=0.583
      ep14 train_loss=0.6685 train_acc=0.958 | val_loss=0.7510 val_acc=0.750
      ep15 train_loss=0.7199 train_acc=0.951 | val_loss=0.7938 val_acc=0.708
      ep16 train_loss=0.6803 train_acc=0.965 | val_loss=0.8490 val_acc=0.667
      ep17 train_loss=0.7025 train_acc=0.958 | val_loss=0.9707 val_acc=0.562
      ep18 train_loss=0.6839 train_acc=0.951 | val_loss=0.8656 val_acc=0.667
      ep19 train_loss=0.6695 train_acc=0.965 | val_loss=0.8448 val_acc=0.708
      ep20 train_loss=0.6475 train_acc=0.979 | val_loss=0.8589 val_acc=0.708
      ep21 train_loss=0.6429 train_acc=0.993 | val_loss=0.8414 val_acc=0.708
      ep22 train_loss=0.6872 train_acc=0.958 | val_loss=0.8753 val_acc=0.667
      saved re-evaluation checkpoint fold4_ep22.pt
      ep23 train_loss=0.6752 train_acc=0.965 | val_loss=0.8056 val_acc=0.688
      saved re-evaluation checkpoint fold4_ep23.pt
      ep24 train_loss=0.7164 train_acc=0.944 | val_loss=0.8444 val_acc=0.688
      saved re-evaluation checkpoint fold4_ep24.pt
fold result: UF1=0.6603 UAR=0.6468 ACC=0.6875
FINAL dev: UF1=0.5906 UAR=0.6025 ACC=0.6198
saved reproducible artifacts to D:\AI-Projects\casmeII-new-from-sequence-model\experiments\protocol_v2\iter_41_r3d_hq_stabilized_v2_dev_p5 in 913.6s
