=== EXPERIMENT iter_35_r3d_diff_randstart ===
time: 2026-07-20T13:47:59.519120
device: cuda (NVIDIA GeForce RTX 3060)
platform: Windows-10-10.0.26200-SP0 | torch 2.6.0+cu124
config:
{
  "seed": 42,
  "T": 16,
  "img_size": 112,
  "base_size": 128,
  "input_mode": "diff",
  "backbone": "r3d_18",
  "pretrained": true,
  "dropout": 0.5,
  "epochs": 25,
  "lr": 0.0001,
  "weight_decay": 0.001,
  "batch_size": 6,
  "class_weighting": true,
  "label_smoothing": 0.1,
  "hflip": true,
  "color_jitter": 0.0,
  "temporal_jitter": true,
  "amp": true,
  "eval_last_k": 3,
  "tta": 5,
  "cache_dir": "cache/frames128",
  "index": "cache/index_emotion.csv",
  "class_names": [
    "happiness",
    "disgust",
    "repression",
    "surprise",
    "others"
  ],
  "name": "iter_35_r3d_diff_randstart",
  "modality": "rgb",
  "temporal_span": "onset_offset",
  "rand_start": true,
  "random_erase": 0.1
}
samples: 246 | classes: 5 ['happiness', 'disgust', 'repression', 'surprise', 'others']
loading arrays into RAM...
loaded 246 arrays

--- Fold 1/26 | test sub01 (9 test, 237 train) ---
      ep00 train_loss=1.7347 train_acc=0.287 | val_loss=2.0681 val_acc=0.000
      ep01 train_loss=1.6968 train_acc=0.270 | val_loss=1.5587 val_acc=0.444
      ep02 train_loss=1.6437 train_acc=0.304 | val_loss=1.1940 val_acc=0.556
      ep03 train_loss=1.5632 train_acc=0.270 | val_loss=1.3861 val_acc=0.333
      ep04 train_loss=1.5019 train_acc=0.409 | val_loss=1.4026 val_acc=0.222
      ep05 train_loss=1.4283 train_acc=0.397 | val_loss=1.3420 val_acc=0.333
      ep06 train_loss=1.3937 train_acc=0.473 | val_loss=1.3217 val_acc=0.333
      ep07 train_loss=1.4713 train_acc=0.397 | val_loss=1.3733 val_acc=0.333
      ep08 train_loss=1.4377 train_acc=0.439 | val_loss=1.3089 val_acc=0.667
      ep09 train_loss=1.3982 train_acc=0.468 | val_loss=1.5237 val_acc=0.333
      ep10 train_loss=1.3205 train_acc=0.443 | val_loss=1.1783 val_acc=0.444
      ep11 train_loss=1.2059 train_acc=0.574 | val_loss=1.8616 val_acc=0.333
      ep12 train_loss=1.2700 train_acc=0.527 | val_loss=1.5119 val_acc=0.333
      ep13 train_loss=1.1490 train_acc=0.603 | val_loss=1.3443 val_acc=0.333
      ep14 train_loss=1.2254 train_acc=0.540 | val_loss=1.4468 val_acc=0.222
      ep15 train_loss=1.1714 train_acc=0.595 | val_loss=1.6933 val_acc=0.222
      ep16 train_loss=1.1359 train_acc=0.637 | val_loss=1.4607 val_acc=0.222
      ep17 train_loss=1.1180 train_acc=0.624 | val_loss=1.4303 val_acc=0.333
      ep18 train_loss=1.0938 train_acc=0.654 | val_loss=1.3709 val_acc=0.222
      ep19 train_loss=1.0820 train_acc=0.624 | val_loss=1.4908 val_acc=0.222
      ep20 train_loss=1.0146 train_acc=0.684 | val_loss=1.4779 val_acc=0.222
      ep21 train_loss=1.0712 train_acc=0.608 | val_loss=1.3973 val_acc=0.333
      ep22 train_loss=0.9876 train_acc=0.679 | val_loss=1.4606 val_acc=0.222
      ep23 train_loss=1.0711 train_acc=0.641 | val_loss=1.5283 val_acc=0.333
      ep24 train_loss=1.0522 train_acc=0.709 | val_loss=1.4175 val_acc=0.222
    fold acc=0.333 time=190.5s | running pooled acc=0.333

--- Fold 2/26 | test sub02 (13 test, 233 train) ---
      ep00 train_loss=1.8519 train_acc=0.223 | val_loss=1.7947 val_acc=0.231
      ep01 train_loss=1.6950 train_acc=0.292 | val_loss=1.5807 val_acc=0.538
      ep02 train_loss=1.7031 train_acc=0.296 | val_loss=1.4961 val_acc=0.308
      ep03 train_loss=1.5493 train_acc=0.365 | val_loss=1.4169 val_acc=0.385
      ep04 train_loss=1.5334 train_acc=0.313 | val_loss=1.6406 val_acc=0.385
      ep05 train_loss=1.4616 train_acc=0.429 | val_loss=1.4633 val_acc=0.538
      ep06 train_loss=1.4956 train_acc=0.395 | val_loss=1.5645 val_acc=0.462
      ep07 train_loss=1.3965 train_acc=0.446 | val_loss=2.0742 val_acc=0.462
      ep08 train_loss=1.3730 train_acc=0.416 | val_loss=1.5792 val_acc=0.385
      ep09 train_loss=1.3439 train_acc=0.476 | val_loss=1.7695 val_acc=0.538
      ep10 train_loss=1.3373 train_acc=0.498 | val_loss=1.9014 val_acc=0.231
      ep11 train_loss=1.2788 train_acc=0.511 | val_loss=2.2600 val_acc=0.231
      ep12 train_loss=1.2022 train_acc=0.571 | val_loss=2.1891 val_acc=0.077
      ep13 train_loss=1.1968 train_acc=0.562 | val_loss=2.6476 val_acc=0.231
      ep14 train_loss=1.1599 train_acc=0.639 | val_loss=2.2423 val_acc=0.308
      ep15 train_loss=1.0974 train_acc=0.652 | val_loss=2.3575 val_acc=0.154
      ep16 train_loss=1.0770 train_acc=0.631 | val_loss=2.2717 val_acc=0.154
      ep17 train_loss=1.0363 train_acc=0.691 | val_loss=2.2564 val_acc=0.385
      ep18 train_loss=1.0420 train_acc=0.691 | val_loss=2.3938 val_acc=0.385
      ep19 train_loss=1.0754 train_acc=0.657 | val_loss=2.3483 val_acc=0.308
      ep20 train_loss=1.1414 train_acc=0.652 | val_loss=2.2713 val_acc=0.154
      ep21 train_loss=1.1099 train_acc=0.631 | val_loss=2.2671 val_acc=0.308
      ep22 train_loss=1.0832 train_acc=0.704 | val_loss=2.1656 val_acc=0.231
      ep23 train_loss=0.9889 train_acc=0.730 | val_loss=2.2607 val_acc=0.077
      ep24 train_loss=1.0552 train_acc=0.682 | val_loss=2.2390 val_acc=0.154
    fold acc=0.308 time=188.3s | running pooled acc=0.318

--- Fold 3/26 | test sub03 (7 test, 239 train) ---
      ep00 train_loss=1.7554 train_acc=0.230 | val_loss=1.2159 val_acc=0.143
      ep01 train_loss=1.6222 train_acc=0.322 | val_loss=2.0814 val_acc=0.143
      ep02 train_loss=1.6387 train_acc=0.351 | val_loss=2.0867 val_acc=0.143
      ep03 train_loss=1.5677 train_acc=0.347 | val_loss=1.3985 val_acc=0.286
      ep04 train_loss=1.5246 train_acc=0.414 | val_loss=1.2467 val_acc=0.429
      ep05 train_loss=1.4197 train_acc=0.418 | val_loss=1.2111 val_acc=0.571
      ep06 train_loss=1.4418 train_acc=0.410 | val_loss=1.4815 val_acc=0.286
      ep07 train_loss=1.4471 train_acc=0.435 | val_loss=0.9834 val_acc=0.571
      ep08 train_loss=1.3698 train_acc=0.477 | val_loss=1.3638 val_acc=0.286
      ep09 train_loss=1.3280 train_acc=0.490 | val_loss=1.9942 val_acc=0.286
      ep10 train_loss=1.3264 train_acc=0.515 | val_loss=1.1272 val_acc=0.429
      ep11 train_loss=1.2573 train_acc=0.527 | val_loss=1.4897 val_acc=0.429
      ep12 train_loss=1.1855 train_acc=0.590 | val_loss=1.3860 val_acc=0.429
      ep13 train_loss=1.2228 train_acc=0.569 | val_loss=0.9410 val_acc=0.571
      ep14 train_loss=1.2814 train_acc=0.527 | val_loss=1.4895 val_acc=0.286
      ep15 train_loss=1.1594 train_acc=0.619 | val_loss=1.2918 val_acc=0.429
      ep16 train_loss=1.1072 train_acc=0.615 | val_loss=1.7412 val_acc=0.429
      ep17 train_loss=1.1227 train_acc=0.632 | val_loss=1.2535 val_acc=0.429
      ep18 train_loss=0.9861 train_acc=0.678 | val_loss=1.1657 val_acc=0.286
      ep19 train_loss=1.0358 train_acc=0.682 | val_loss=1.1182 val_acc=0.571
      ep20 train_loss=1.0498 train_acc=0.678 | val_loss=1.3019 val_acc=0.286
      ep21 train_loss=1.0322 train_acc=0.682 | val_loss=1.2956 val_acc=0.286
      ep22 train_loss=1.0689 train_acc=0.669 | val_loss=1.2545 val_acc=0.286
      ep23 train_loss=1.0340 train_acc=0.682 | val_loss=1.3099 val_acc=0.286
      ep24 train_loss=1.0090 train_acc=0.711 | val_loss=1.3088 val_acc=0.286
    fold acc=0.143 time=189.1s | running pooled acc=0.276

--- Fold 4/26 | test sub04 (5 test, 241 train) ---
      ep00 train_loss=1.7566 train_acc=0.237 | val_loss=1.9352 val_acc=0.000
      ep01 train_loss=1.6916 train_acc=0.228 | val_loss=1.4831 val_acc=0.400
      ep02 train_loss=1.6199 train_acc=0.315 | val_loss=1.4559 val_acc=0.200
      ep03 train_loss=1.6018 train_acc=0.282 | val_loss=2.1314 val_acc=0.000
      ep04 train_loss=1.4898 train_acc=0.386 | val_loss=1.7582 val_acc=0.200
      ep05 train_loss=1.4271 train_acc=0.411 | val_loss=1.6497 val_acc=0.000
      ep06 train_loss=1.4489 train_acc=0.386 | val_loss=1.4029 val_acc=0.200
      ep07 train_loss=1.3958 train_acc=0.415 | val_loss=1.1640 val_acc=0.400
      ep08 train_loss=1.3805 train_acc=0.440 | val_loss=1.0292 val_acc=0.600
      ep09 train_loss=1.4813 train_acc=0.423 | val_loss=0.9167 val_acc=0.600
      ep10 train_loss=1.2432 train_acc=0.556 | val_loss=1.1978 val_acc=0.400
      ep11 train_loss=1.2439 train_acc=0.519 | val_loss=1.0095 val_acc=0.600
      ep12 train_loss=1.2032 train_acc=0.539 | val_loss=1.1085 val_acc=0.600
      ep13 train_loss=1.1821 train_acc=0.564 | val_loss=1.0341 val_acc=0.600
      ep14 train_loss=1.1902 train_acc=0.598 | val_loss=1.6802 val_acc=0.400
      ep15 train_loss=1.0518 train_acc=0.651 | val_loss=1.0737 val_acc=0.400
      ep16 train_loss=1.0183 train_acc=0.705 | val_loss=0.9530 val_acc=0.600
      ep17 train_loss=1.0265 train_acc=0.672 | val_loss=1.3293 val_acc=0.400
      ep18 train_loss=1.1686 train_acc=0.564 | val_loss=1.2201 val_acc=0.600
      ep19 train_loss=1.0687 train_acc=0.685 | val_loss=1.1021 val_acc=0.600
      ep20 train_loss=1.0649 train_acc=0.631 | val_loss=1.1925 val_acc=0.600
      ep21 train_loss=0.9496 train_acc=0.722 | val_loss=1.0402 val_acc=0.600
      ep22 train_loss=0.9609 train_acc=0.726 | val_loss=1.1091 val_acc=0.600
      ep23 train_loss=1.0269 train_acc=0.697 | val_loss=1.1249 val_acc=0.600
      ep24 train_loss=1.0090 train_acc=0.680 | val_loss=1.1050 val_acc=0.600
    fold acc=0.600 time=188.9s | running pooled acc=0.324

--- Fold 5/26 | test sub05 (19 test, 227 train) ---
      ep00 train_loss=1.7558 train_acc=0.242 | val_loss=1.9492 val_acc=0.263
      ep01 train_loss=1.6256 train_acc=0.344 | val_loss=1.9057 val_acc=0.053
      ep02 train_loss=1.5823 train_acc=0.348 | val_loss=2.2661 val_acc=0.211
      ep03 train_loss=1.6220 train_acc=0.330 | val_loss=1.8458 val_acc=0.263
      ep04 train_loss=1.5549 train_acc=0.427 | val_loss=2.2801 val_acc=0.000
      ep05 train_loss=1.5281 train_acc=0.361 | val_loss=2.3749 val_acc=0.211
      ep06 train_loss=1.4184 train_acc=0.392 | val_loss=1.9391 val_acc=0.263
      ep07 train_loss=1.4077 train_acc=0.436 | val_loss=1.5267 val_acc=0.263
      ep08 train_loss=1.5165 train_acc=0.436 | val_loss=1.8032 val_acc=0.316
      ep09 train_loss=1.3441 train_acc=0.485 | val_loss=2.1414 val_acc=0.158
      ep10 train_loss=1.3054 train_acc=0.498 | val_loss=2.0818 val_acc=0.211
      ep11 train_loss=1.2485 train_acc=0.559 | val_loss=2.1987 val_acc=0.211
      ep12 train_loss=1.2443 train_acc=0.577 | val_loss=1.9188 val_acc=0.316
      ep13 train_loss=1.2365 train_acc=0.595 | val_loss=2.2773 val_acc=0.263
      ep14 train_loss=1.2079 train_acc=0.559 | val_loss=1.7827 val_acc=0.316
      ep15 train_loss=1.1744 train_acc=0.621 | val_loss=2.0502 val_acc=0.316
      ep16 train_loss=1.1930 train_acc=0.586 | val_loss=1.7374 val_acc=0.316
      ep17 train_loss=1.1245 train_acc=0.590 | val_loss=1.7301 val_acc=0.316
      ep18 train_loss=1.1188 train_acc=0.634 | val_loss=1.6860 val_acc=0.368
      ep19 train_loss=1.1264 train_acc=0.630 | val_loss=1.7106 val_acc=0.316
      ep20 train_loss=1.0521 train_acc=0.674 | val_loss=1.6773 val_acc=0.316
      ep21 train_loss=1.0322 train_acc=0.692 | val_loss=1.6585 val_acc=0.316
      ep22 train_loss=0.9627 train_acc=0.731 | val_loss=1.6725 val_acc=0.316
      ep23 train_loss=1.0840 train_acc=0.656 | val_loss=1.6573 val_acc=0.316
      ep24 train_loss=1.0424 train_acc=0.630 | val_loss=1.8067 val_acc=0.316
    fold acc=0.421 time=188.5s | running pooled acc=0.358

--- Fold 6/26 | test sub06 (5 test, 241 train) ---
      ep00 train_loss=1.7179 train_acc=0.257 | val_loss=1.4237 val_acc=0.400
      ep01 train_loss=1.6644 train_acc=0.311 | val_loss=1.3531 val_acc=0.600
      ep02 train_loss=1.6119 train_acc=0.328 | val_loss=1.2951 val_acc=0.400
      ep03 train_loss=1.5699 train_acc=0.315 | val_loss=1.2942 val_acc=0.400
      ep04 train_loss=1.5257 train_acc=0.361 | val_loss=1.3198 val_acc=0.200
      ep05 train_loss=1.4674 train_acc=0.394 | val_loss=1.2225 val_acc=0.600
      ep06 train_loss=1.4757 train_acc=0.398 | val_loss=1.0424 val_acc=0.600
      ep07 train_loss=1.4050 train_acc=0.465 | val_loss=1.1623 val_acc=0.600
      ep08 train_loss=1.3719 train_acc=0.485 | val_loss=1.3401 val_acc=0.400
      ep09 train_loss=1.4653 train_acc=0.398 | val_loss=1.1581 val_acc=0.600
      ep10 train_loss=1.2844 train_acc=0.552 | val_loss=1.2421 val_acc=0.400
      ep11 train_loss=1.2702 train_acc=0.506 | val_loss=1.2037 val_acc=0.600
      ep12 train_loss=1.2484 train_acc=0.519 | val_loss=1.4936 val_acc=0.200
      ep13 train_loss=1.1957 train_acc=0.552 | val_loss=1.1658 val_acc=0.800
      ep14 train_loss=1.1913 train_acc=0.573 | val_loss=1.1236 val_acc=0.600
      ep15 train_loss=1.1034 train_acc=0.631 | val_loss=1.3810 val_acc=0.400
      ep16 train_loss=1.0664 train_acc=0.618 | val_loss=1.1040 val_acc=0.400
      ep17 train_loss=1.0587 train_acc=0.631 | val_loss=0.9990 val_acc=0.800
      ep18 train_loss=1.1482 train_acc=0.631 | val_loss=1.0096 val_acc=0.400
      ep19 train_loss=1.0808 train_acc=0.639 | val_loss=1.0752 val_acc=0.200
      ep20 train_loss=1.0920 train_acc=0.643 | val_loss=1.0789 val_acc=0.600
      ep21 train_loss=1.0698 train_acc=0.651 | val_loss=1.0913 val_acc=0.400
      ep22 train_loss=1.0612 train_acc=0.672 | val_loss=1.0260 val_acc=0.600
      ep23 train_loss=1.1035 train_acc=0.676 | val_loss=1.1167 val_acc=0.400
      ep24 train_loss=1.0225 train_acc=0.701 | val_loss=1.0495 val_acc=0.400
    fold acc=0.400 time=188.4s | running pooled acc=0.362

--- Fold 7/26 | test sub07 (9 test, 237 train) ---
      ep00 train_loss=1.6924 train_acc=0.262 | val_loss=1.5058 val_acc=0.222
      ep01 train_loss=1.7088 train_acc=0.270 | val_loss=1.7132 val_acc=0.000
      ep02 train_loss=1.5962 train_acc=0.321 | val_loss=1.5812 val_acc=0.111
      ep03 train_loss=1.5847 train_acc=0.342 | val_loss=1.2079 val_acc=0.444
      ep04 train_loss=1.5695 train_acc=0.376 | val_loss=1.4754 val_acc=0.111
      ep05 train_loss=1.4003 train_acc=0.422 | val_loss=2.0332 val_acc=0.111
      ep06 train_loss=1.4066 train_acc=0.473 | val_loss=1.6164 val_acc=0.333
      ep07 train_loss=1.3970 train_acc=0.439 | val_loss=1.5664 val_acc=0.111
      ep08 train_loss=1.3792 train_acc=0.464 | val_loss=1.9429 val_acc=0.222
      ep09 train_loss=1.3456 train_acc=0.494 | val_loss=1.7535 val_acc=0.111
      ep10 train_loss=1.2450 train_acc=0.502 | val_loss=1.1443 val_acc=0.333
      ep11 train_loss=1.2754 train_acc=0.498 | val_loss=1.2523 val_acc=0.444
      ep12 train_loss=1.2596 train_acc=0.527 | val_loss=1.0171 val_acc=0.444
      ep13 train_loss=1.0666 train_acc=0.637 | val_loss=1.7721 val_acc=0.333
      ep14 train_loss=1.1296 train_acc=0.616 | val_loss=1.0933 val_acc=0.333
      ep15 train_loss=1.1101 train_acc=0.658 | val_loss=1.1567 val_acc=0.333
      ep16 train_loss=1.1475 train_acc=0.565 | val_loss=1.3067 val_acc=0.333
      ep17 train_loss=1.1165 train_acc=0.629 | val_loss=2.0043 val_acc=0.111
      ep18 train_loss=1.0759 train_acc=0.637 | val_loss=1.7434 val_acc=0.111
      ep19 train_loss=1.0077 train_acc=0.671 | val_loss=1.6771 val_acc=0.111
      ep20 train_loss=0.9973 train_acc=0.705 | val_loss=1.2522 val_acc=0.444
      ep21 train_loss=1.0357 train_acc=0.667 | val_loss=1.2157 val_acc=0.333
      ep22 train_loss=0.9794 train_acc=0.709 | val_loss=1.1914 val_acc=0.333
      ep23 train_loss=1.0151 train_acc=0.688 | val_loss=1.2326 val_acc=0.333
      ep24 train_loss=1.0412 train_acc=0.675 | val_loss=1.4512 val_acc=0.222
    fold acc=0.444 time=188.6s | running pooled acc=0.373

--- Fold 8/26 | test sub08 (3 test, 243 train) ---
      ep00 train_loss=1.7628 train_acc=0.222 | val_loss=2.4658 val_acc=0.000
      ep01 train_loss=1.6753 train_acc=0.259 | val_loss=1.4805 val_acc=0.333
      ep02 train_loss=1.6020 train_acc=0.337 | val_loss=1.8090 val_acc=0.333
      ep03 train_loss=1.6131 train_acc=0.296 | val_loss=1.5282 val_acc=0.333
      ep04 train_loss=1.4922 train_acc=0.399 | val_loss=1.6038 val_acc=0.333
      ep05 train_loss=1.4886 train_acc=0.354 | val_loss=1.8598 val_acc=0.000
      ep06 train_loss=1.3702 train_acc=0.481 | val_loss=1.8500 val_acc=0.000
      ep07 train_loss=1.3785 train_acc=0.444 | val_loss=1.3914 val_acc=0.333
      ep08 train_loss=1.4091 train_acc=0.440 | val_loss=1.7862 val_acc=0.000
      ep09 train_loss=1.3102 train_acc=0.551 | val_loss=2.0040 val_acc=0.000
      ep10 train_loss=1.3027 train_acc=0.506 | val_loss=1.5357 val_acc=0.000
      ep11 train_loss=1.3372 train_acc=0.481 | val_loss=1.7720 val_acc=0.333
      ep12 train_loss=1.1568 train_acc=0.617 | val_loss=1.7260 val_acc=0.333
      ep13 train_loss=1.2031 train_acc=0.539 | val_loss=2.4753 val_acc=0.000
      ep14 train_loss=1.1546 train_acc=0.597 | val_loss=2.1788 val_acc=0.333
      ep15 train_loss=1.1267 train_acc=0.617 | val_loss=2.3496 val_acc=0.000
      ep16 train_loss=1.0915 train_acc=0.638 | val_loss=2.1363 val_acc=0.000
      ep17 train_loss=1.0727 train_acc=0.663 | val_loss=1.9993 val_acc=0.333
      ep18 train_loss=1.0788 train_acc=0.663 | val_loss=2.3129 val_acc=0.000
      ep19 train_loss=1.0265 train_acc=0.679 | val_loss=2.0566 val_acc=0.000
      ep20 train_loss=1.0488 train_acc=0.691 | val_loss=2.4012 val_acc=0.000
      ep21 train_loss=1.0535 train_acc=0.679 | val_loss=2.4451 val_acc=0.000
      ep22 train_loss=1.0246 train_acc=0.679 | val_loss=2.3373 val_acc=0.000
      ep23 train_loss=1.0111 train_acc=0.667 | val_loss=2.3408 val_acc=0.000
      ep24 train_loss=1.0518 train_acc=0.675 | val_loss=2.4210 val_acc=0.000
    fold acc=0.333 time=189.4s | running pooled acc=0.371

--- Fold 9/26 | test sub09 (13 test, 233 train) ---
      ep00 train_loss=1.8212 train_acc=0.258 | val_loss=1.9816 val_acc=0.077
      ep01 train_loss=1.6580 train_acc=0.330 | val_loss=1.3898 val_acc=0.462
      ep02 train_loss=1.6952 train_acc=0.283 | val_loss=1.5093 val_acc=0.308
      ep03 train_loss=1.6074 train_acc=0.326 | val_loss=1.0668 val_acc=0.538
      ep04 train_loss=1.5441 train_acc=0.343 | val_loss=1.2188 val_acc=0.385
      ep05 train_loss=1.4962 train_acc=0.403 | val_loss=1.4152 val_acc=0.308
      ep06 train_loss=1.5563 train_acc=0.395 | val_loss=1.0870 val_acc=0.538
      ep07 train_loss=1.3508 train_acc=0.485 | val_loss=0.9874 val_acc=0.692
      ep08 train_loss=1.3292 train_acc=0.515 | val_loss=1.2934 val_acc=0.385
      ep09 train_loss=1.2443 train_acc=0.562 | val_loss=1.1179 val_acc=0.538
      ep10 train_loss=1.2742 train_acc=0.498 | val_loss=1.3529 val_acc=0.308
      ep11 train_loss=1.2944 train_acc=0.571 | val_loss=1.2027 val_acc=0.615
      ep12 train_loss=1.2559 train_acc=0.567 | val_loss=1.1510 val_acc=0.538
      ep13 train_loss=1.3068 train_acc=0.506 | val_loss=1.2979 val_acc=0.462
      ep14 train_loss=1.1189 train_acc=0.665 | val_loss=1.1356 val_acc=0.615
      ep15 train_loss=1.1667 train_acc=0.592 | val_loss=1.3827 val_acc=0.538
      ep16 train_loss=1.0894 train_acc=0.665 | val_loss=1.1652 val_acc=0.538
      ep17 train_loss=1.0577 train_acc=0.639 | val_loss=1.1708 val_acc=0.538
      ep18 train_loss=1.0428 train_acc=0.648 | val_loss=1.2850 val_acc=0.462
      ep19 train_loss=1.0446 train_acc=0.661 | val_loss=1.3777 val_acc=0.385
      ep20 train_loss=1.1085 train_acc=0.635 | val_loss=1.3691 val_acc=0.385
      ep21 train_loss=1.0316 train_acc=0.695 | val_loss=1.3785 val_acc=0.538
      ep22 train_loss=1.0505 train_acc=0.674 | val_loss=1.3673 val_acc=0.538
      ep23 train_loss=0.9532 train_acc=0.700 | val_loss=1.3743 val_acc=0.538
      ep24 train_loss=1.0647 train_acc=0.678 | val_loss=1.3640 val_acc=0.538
    fold acc=0.692 time=188.5s | running pooled acc=0.422

--- Fold 10/26 | test sub10 (13 test, 233 train) ---
      ep00 train_loss=1.7908 train_acc=0.245 | val_loss=2.0267 val_acc=0.000
      ep01 train_loss=1.6428 train_acc=0.318 | val_loss=1.5169 val_acc=0.308
      ep02 train_loss=1.6531 train_acc=0.288 | val_loss=2.3348 val_acc=0.077
      ep03 train_loss=1.5090 train_acc=0.399 | val_loss=1.8090 val_acc=0.000
      ep04 train_loss=1.5250 train_acc=0.352 | val_loss=1.6374 val_acc=0.000
      ep05 train_loss=1.4419 train_acc=0.416 | val_loss=2.1544 val_acc=0.000
      ep06 train_loss=1.4515 train_acc=0.399 | val_loss=1.9109 val_acc=0.154
      ep07 train_loss=1.3045 train_acc=0.476 | val_loss=1.3438 val_acc=0.385
      ep08 train_loss=1.3002 train_acc=0.451 | val_loss=1.2427 val_acc=0.538
      ep09 train_loss=1.2047 train_acc=0.567 | val_loss=1.5982 val_acc=0.000
      ep10 train_loss=1.3030 train_acc=0.536 | val_loss=1.0981 val_acc=0.308
      ep11 train_loss=1.3089 train_acc=0.519 | val_loss=1.4510 val_acc=0.077
      ep12 train_loss=1.1880 train_acc=0.549 | val_loss=1.6555 val_acc=0.231
      ep13 train_loss=1.2175 train_acc=0.558 | val_loss=1.2622 val_acc=0.538
      ep14 train_loss=1.1188 train_acc=0.605 | val_loss=1.3673 val_acc=0.462
      ep15 train_loss=1.0853 train_acc=0.631 | val_loss=1.0288 val_acc=0.615
      ep16 train_loss=1.0119 train_acc=0.661 | val_loss=0.9210 val_acc=0.846
      ep17 train_loss=0.9988 train_acc=0.665 | val_loss=0.9549 val_acc=0.769
      ep18 train_loss=1.0710 train_acc=0.665 | val_loss=0.8334 val_acc=0.846
      ep19 train_loss=1.0128 train_acc=0.639 | val_loss=0.8684 val_acc=0.846
      ep20 train_loss=1.0557 train_acc=0.682 | val_loss=0.8861 val_acc=0.769
      ep21 train_loss=1.0076 train_acc=0.674 | val_loss=0.8544 val_acc=0.846
      ep22 train_loss=1.0100 train_acc=0.678 | val_loss=0.8559 val_acc=0.769
      ep23 train_loss=0.9471 train_acc=0.755 | val_loss=0.9135 val_acc=0.769
      ep24 train_loss=0.9254 train_acc=0.755 | val_loss=0.9557 val_acc=0.769
    fold acc=0.846 time=187.4s | running pooled acc=0.479

--- Fold 11/26 | test sub11 (10 test, 236 train) ---
      ep00 train_loss=1.8062 train_acc=0.191 | val_loss=1.3260 val_acc=0.400
      ep01 train_loss=1.6709 train_acc=0.284 | val_loss=1.5628 val_acc=0.300
      ep02 train_loss=1.5938 train_acc=0.356 | val_loss=1.5656 val_acc=0.500
      ep03 train_loss=1.6113 train_acc=0.331 | val_loss=1.2005 val_acc=0.500
      ep04 train_loss=1.4683 train_acc=0.398 | val_loss=1.9045 val_acc=0.300
      ep05 train_loss=1.4604 train_acc=0.398 | val_loss=1.4597 val_acc=0.400
      ep06 train_loss=1.3907 train_acc=0.419 | val_loss=1.3318 val_acc=0.400
      ep07 train_loss=1.3773 train_acc=0.470 | val_loss=1.5151 val_acc=0.300
      ep08 train_loss=1.3248 train_acc=0.441 | val_loss=1.4517 val_acc=0.500
      ep09 train_loss=1.3571 train_acc=0.513 | val_loss=2.3244 val_acc=0.200
      ep10 train_loss=1.3166 train_acc=0.521 | val_loss=1.1388 val_acc=0.500
      ep11 train_loss=1.2044 train_acc=0.559 | val_loss=1.2902 val_acc=0.600
      ep12 train_loss=1.1867 train_acc=0.547 | val_loss=1.7655 val_acc=0.500
      ep13 train_loss=1.1533 train_acc=0.589 | val_loss=1.5351 val_acc=0.500
      ep14 train_loss=1.2182 train_acc=0.525 | val_loss=1.4203 val_acc=0.600
      ep15 train_loss=1.1358 train_acc=0.606 | val_loss=1.5145 val_acc=0.500
      ep16 train_loss=1.0761 train_acc=0.648 | val_loss=1.5490 val_acc=0.600
      ep17 train_loss=1.0991 train_acc=0.623 | val_loss=1.4247 val_acc=0.700
      ep18 train_loss=1.0819 train_acc=0.674 | val_loss=1.6184 val_acc=0.600
      ep19 train_loss=1.0589 train_acc=0.653 | val_loss=1.4995 val_acc=0.500
      ep20 train_loss=1.0390 train_acc=0.674 | val_loss=1.5292 val_acc=0.600
      ep21 train_loss=1.0390 train_acc=0.661 | val_loss=1.4837 val_acc=0.600
      ep22 train_loss=1.0916 train_acc=0.640 | val_loss=1.4822 val_acc=0.600
      ep23 train_loss=0.9850 train_acc=0.686 | val_loss=1.5312 val_acc=0.600
      ep24 train_loss=1.0381 train_acc=0.657 | val_loss=1.6109 val_acc=0.400
    fold acc=0.400 time=188.6s | running pooled acc=0.472

--- Fold 12/26 | test sub12 (12 test, 234 train) ---
      ep00 train_loss=1.7586 train_acc=0.321 | val_loss=1.5725 val_acc=0.333
      ep01 train_loss=1.6300 train_acc=0.372 | val_loss=1.4124 val_acc=0.333
      ep02 train_loss=1.6315 train_acc=0.333 | val_loss=1.5617 val_acc=0.333
      ep03 train_loss=1.5855 train_acc=0.363 | val_loss=1.0902 val_acc=0.500
      ep04 train_loss=1.5020 train_acc=0.415 | val_loss=1.1011 val_acc=0.417
      ep05 train_loss=1.5823 train_acc=0.380 | val_loss=1.1896 val_acc=0.500
      ep06 train_loss=1.3635 train_acc=0.521 | val_loss=1.3135 val_acc=0.500
      ep07 train_loss=1.3713 train_acc=0.483 | val_loss=1.2374 val_acc=0.417
      ep08 train_loss=1.3629 train_acc=0.483 | val_loss=1.1627 val_acc=0.583
      ep09 train_loss=1.2252 train_acc=0.547 | val_loss=3.1346 val_acc=0.417
      ep10 train_loss=1.2513 train_acc=0.547 | val_loss=1.9028 val_acc=0.417
      ep11 train_loss=1.2392 train_acc=0.581 | val_loss=3.1147 val_acc=0.417
      ep12 train_loss=1.2728 train_acc=0.534 | val_loss=1.9575 val_acc=0.417
      ep13 train_loss=1.1912 train_acc=0.568 | val_loss=0.8109 val_acc=0.667
      ep14 train_loss=1.1556 train_acc=0.585 | val_loss=1.5598 val_acc=0.583
      ep15 train_loss=1.1538 train_acc=0.594 | val_loss=1.4119 val_acc=0.500
      ep16 train_loss=1.1256 train_acc=0.620 | val_loss=1.2236 val_acc=0.500
      ep17 train_loss=1.1034 train_acc=0.624 | val_loss=1.3803 val_acc=0.500
      ep18 train_loss=1.0683 train_acc=0.671 | val_loss=1.2732 val_acc=0.500
      ep19 train_loss=1.0842 train_acc=0.667 | val_loss=1.2283 val_acc=0.500
      ep20 train_loss=0.9993 train_acc=0.701 | val_loss=1.3052 val_acc=0.583
      ep21 train_loss=1.0256 train_acc=0.650 | val_loss=1.4846 val_acc=0.583
      ep22 train_loss=1.0449 train_acc=0.667 | val_loss=1.3692 val_acc=0.583
      ep23 train_loss=1.0390 train_acc=0.658 | val_loss=1.4206 val_acc=0.500
      ep24 train_loss=1.0473 train_acc=0.624 | val_loss=1.3287 val_acc=0.583
    fold acc=0.500 time=187.2s | running pooled acc=0.475

--- Fold 13/26 | test sub13 (8 test, 238 train) ---
      ep00 train_loss=1.7873 train_acc=0.252 | val_loss=2.1983 val_acc=0.000
      ep01 train_loss=1.6401 train_acc=0.294 | val_loss=1.6121 val_acc=0.375
      ep02 train_loss=1.6655 train_acc=0.307 | val_loss=1.5722 val_acc=0.250
      ep03 train_loss=1.5037 train_acc=0.345 | val_loss=1.8130 val_acc=0.250
      ep04 train_loss=1.5828 train_acc=0.336 | val_loss=1.2764 val_acc=0.250
      ep05 train_loss=1.5127 train_acc=0.353 | val_loss=1.1799 val_acc=0.375
      ep06 train_loss=1.4421 train_acc=0.445 | val_loss=1.8204 val_acc=0.125
      ep07 train_loss=1.4724 train_acc=0.412 | val_loss=1.6117 val_acc=0.375
      ep08 train_loss=1.4557 train_acc=0.403 | val_loss=1.3950 val_acc=0.375
      ep09 train_loss=1.3444 train_acc=0.479 | val_loss=1.8224 val_acc=0.125
      ep10 train_loss=1.3150 train_acc=0.492 | val_loss=2.3124 val_acc=0.250
      ep11 train_loss=1.3403 train_acc=0.504 | val_loss=1.7286 val_acc=0.375
      ep12 train_loss=1.2160 train_acc=0.555 | val_loss=1.4013 val_acc=0.375
      ep13 train_loss=1.2023 train_acc=0.555 | val_loss=1.7901 val_acc=0.125
      ep14 train_loss=1.1193 train_acc=0.601 | val_loss=1.7126 val_acc=0.250
      ep15 train_loss=1.1435 train_acc=0.605 | val_loss=1.6144 val_acc=0.125
      ep16 train_loss=1.0882 train_acc=0.655 | val_loss=1.6791 val_acc=0.250
      ep17 train_loss=1.1509 train_acc=0.622 | val_loss=1.7290 val_acc=0.250
      ep18 train_loss=1.0759 train_acc=0.655 | val_loss=1.5690 val_acc=0.125
      ep19 train_loss=1.0248 train_acc=0.651 | val_loss=1.5266 val_acc=0.125
      ep20 train_loss=1.0160 train_acc=0.714 | val_loss=1.4519 val_acc=0.250
      ep21 train_loss=1.0491 train_acc=0.647 | val_loss=1.4463 val_acc=0.250
      ep22 train_loss=1.0606 train_acc=0.693 | val_loss=1.5569 val_acc=0.125
      ep23 train_loss=1.0227 train_acc=0.710 | val_loss=1.5361 val_acc=0.125
      ep24 train_loss=1.0255 train_acc=0.697 | val_loss=1.5025 val_acc=0.250
    fold acc=0.375 time=188.8s | running pooled acc=0.468

--- Fold 14/26 | test sub14 (4 test, 242 train) ---
      ep00 train_loss=1.7495 train_acc=0.248 | val_loss=2.6797 val_acc=0.000
      ep01 train_loss=1.6159 train_acc=0.314 | val_loss=1.7129 val_acc=0.250
      ep02 train_loss=1.6553 train_acc=0.293 | val_loss=1.7314 val_acc=0.000
      ep03 train_loss=1.5278 train_acc=0.372 | val_loss=2.2257 val_acc=0.000
      ep04 train_loss=1.6421 train_acc=0.322 | val_loss=1.7945 val_acc=0.250
      ep05 train_loss=1.4577 train_acc=0.393 | val_loss=1.8600 val_acc=0.250
      ep06 train_loss=1.4163 train_acc=0.471 | val_loss=1.9155 val_acc=0.250
      ep07 train_loss=1.4650 train_acc=0.397 | val_loss=1.7324 val_acc=0.250
      ep08 train_loss=1.3602 train_acc=0.529 | val_loss=2.1792 val_acc=0.250
      ep09 train_loss=1.3773 train_acc=0.492 | val_loss=2.2629 val_acc=0.000
      ep10 train_loss=1.2927 train_acc=0.550 | val_loss=1.5374 val_acc=0.500
      ep11 train_loss=1.2874 train_acc=0.554 | val_loss=1.4706 val_acc=0.500
      ep12 train_loss=1.2969 train_acc=0.545 | val_loss=1.7407 val_acc=0.250
      ep13 train_loss=1.2351 train_acc=0.545 | val_loss=2.0003 val_acc=0.250
      ep14 train_loss=1.2243 train_acc=0.574 | val_loss=1.5396 val_acc=0.500
      ep15 train_loss=1.1717 train_acc=0.591 | val_loss=2.7350 val_acc=0.250
      ep16 train_loss=1.1516 train_acc=0.607 | val_loss=1.7691 val_acc=0.250
      ep17 train_loss=1.1350 train_acc=0.620 | val_loss=1.6098 val_acc=0.250
      ep18 train_loss=1.0499 train_acc=0.669 | val_loss=1.9212 val_acc=0.250
      ep19 train_loss=1.0779 train_acc=0.649 | val_loss=1.6350 val_acc=0.250
      ep20 train_loss=1.0731 train_acc=0.686 | val_loss=1.7201 val_acc=0.250
      ep21 train_loss=1.0782 train_acc=0.645 | val_loss=1.7696 val_acc=0.250
      ep22 train_loss=1.0486 train_acc=0.653 | val_loss=1.7892 val_acc=0.250
      ep23 train_loss=0.9999 train_acc=0.698 | val_loss=1.8307 val_acc=0.250
      ep24 train_loss=0.9776 train_acc=0.727 | val_loss=1.7335 val_acc=0.250
    fold acc=0.500 time=187.8s | running pooled acc=0.469

--- Fold 15/26 | test sub15 (3 test, 243 train) ---
      ep00 train_loss=1.7458 train_acc=0.259 | val_loss=1.9364 val_acc=0.000
      ep01 train_loss=1.6675 train_acc=0.300 | val_loss=2.3030 val_acc=0.000
      ep02 train_loss=1.6348 train_acc=0.321 | val_loss=1.9548 val_acc=0.000
      ep03 train_loss=1.5811 train_acc=0.313 | val_loss=1.6169 val_acc=0.333
      ep04 train_loss=1.5138 train_acc=0.350 | val_loss=1.5435 val_acc=0.333
      ep05 train_loss=1.4553 train_acc=0.412 | val_loss=1.2431 val_acc=0.667
      ep06 train_loss=1.3350 train_acc=0.490 | val_loss=1.7950 val_acc=0.000
      ep07 train_loss=1.3420 train_acc=0.436 | val_loss=1.4609 val_acc=0.667
      ep08 train_loss=1.4442 train_acc=0.490 | val_loss=0.6901 val_acc=0.667
      ep09 train_loss=1.3704 train_acc=0.498 | val_loss=1.1204 val_acc=0.333
      ep10 train_loss=1.3543 train_acc=0.506 | val_loss=1.0637 val_acc=0.333
      ep11 train_loss=1.3013 train_acc=0.506 | val_loss=0.7127 val_acc=0.667
      ep12 train_loss=1.1461 train_acc=0.588 | val_loss=0.7969 val_acc=0.667
      ep13 train_loss=1.1764 train_acc=0.535 | val_loss=0.7102 val_acc=0.667
      ep14 train_loss=1.1469 train_acc=0.572 | val_loss=0.7449 val_acc=0.667
      ep15 train_loss=1.0785 train_acc=0.621 | val_loss=0.8042 val_acc=0.333
      ep16 train_loss=1.0678 train_acc=0.667 | val_loss=0.8714 val_acc=0.333
      ep17 train_loss=0.9947 train_acc=0.683 | val_loss=0.9483 val_acc=0.333
      ep18 train_loss=1.0714 train_acc=0.687 | val_loss=0.8664 val_acc=0.667
      ep19 train_loss=1.1254 train_acc=0.650 | val_loss=0.8519 val_acc=0.667
      ep20 train_loss=1.0175 train_acc=0.687 | val_loss=0.8512 val_acc=0.667
      ep21 train_loss=1.0563 train_acc=0.634 | val_loss=0.8561 val_acc=0.667
      ep22 train_loss=1.0356 train_acc=0.646 | val_loss=0.8421 val_acc=0.667
      ep23 train_loss=0.9703 train_acc=0.658 | val_loss=0.7272 val_acc=0.667
      ep24 train_loss=1.0283 train_acc=0.671 | val_loss=0.8545 val_acc=0.333
    fold acc=0.333 time=188.9s | running pooled acc=0.466

--- Fold 16/26 | test sub16 (4 test, 242 train) ---
      ep00 train_loss=1.7383 train_acc=0.281 | val_loss=2.0330 val_acc=0.000
      ep01 train_loss=1.6733 train_acc=0.306 | val_loss=1.7865 val_acc=0.000
      ep02 train_loss=1.6037 train_acc=0.326 | val_loss=1.5506 val_acc=0.250
      ep03 train_loss=1.5200 train_acc=0.388 | val_loss=1.3518 val_acc=0.500
      ep04 train_loss=1.5777 train_acc=0.339 | val_loss=1.4286 val_acc=0.250
      ep05 train_loss=1.5984 train_acc=0.351 | val_loss=1.5494 val_acc=0.250
      ep06 train_loss=1.4279 train_acc=0.421 | val_loss=1.2909 val_acc=0.500
      ep07 train_loss=1.4311 train_acc=0.488 | val_loss=1.7571 val_acc=0.500
      ep08 train_loss=1.3239 train_acc=0.488 | val_loss=1.3841 val_acc=0.500
      ep09 train_loss=1.3766 train_acc=0.492 | val_loss=1.7119 val_acc=0.250
      ep10 train_loss=1.3305 train_acc=0.488 | val_loss=1.1354 val_acc=0.500
      ep11 train_loss=1.3341 train_acc=0.508 | val_loss=1.3810 val_acc=0.500
      ep12 train_loss=1.3329 train_acc=0.471 | val_loss=1.2683 val_acc=0.500
      ep13 train_loss=1.2988 train_acc=0.508 | val_loss=1.1365 val_acc=0.500
      ep14 train_loss=1.2140 train_acc=0.550 | val_loss=1.1923 val_acc=0.500
      ep15 train_loss=1.1404 train_acc=0.579 | val_loss=1.0533 val_acc=0.750
      ep16 train_loss=1.1793 train_acc=0.541 | val_loss=1.2867 val_acc=0.500
      ep17 train_loss=1.1359 train_acc=0.612 | val_loss=1.2363 val_acc=0.500
      ep18 train_loss=1.0630 train_acc=0.661 | val_loss=1.1673 val_acc=0.750
      ep19 train_loss=1.1209 train_acc=0.628 | val_loss=1.1438 val_acc=0.750
      ep20 train_loss=1.1168 train_acc=0.665 | val_loss=1.1251 val_acc=0.750
      ep21 train_loss=1.1539 train_acc=0.595 | val_loss=1.1145 val_acc=0.750
      ep22 train_loss=1.1017 train_acc=0.624 | val_loss=1.1420 val_acc=0.750
      ep23 train_loss=1.0458 train_acc=0.649 | val_loss=1.1091 val_acc=0.750
      ep24 train_loss=1.0243 train_acc=0.653 | val_loss=1.0554 val_acc=0.750
    fold acc=0.750 time=187.3s | running pooled acc=0.474

--- Fold 17/26 | test sub17 (34 test, 212 train) ---
      ep00 train_loss=1.7972 train_acc=0.236 | val_loss=1.7157 val_acc=0.324
      ep01 train_loss=1.7722 train_acc=0.259 | val_loss=1.7084 val_acc=0.206
      ep02 train_loss=1.6887 train_acc=0.264 | val_loss=1.4623 val_acc=0.294
      ep03 train_loss=1.6854 train_acc=0.255 | val_loss=1.3991 val_acc=0.471
      ep04 train_loss=1.5014 train_acc=0.349 | val_loss=1.6016 val_acc=0.324
      ep05 train_loss=1.5765 train_acc=0.387 | val_loss=1.5203 val_acc=0.353
      ep06 train_loss=1.4607 train_acc=0.392 | val_loss=1.6036 val_acc=0.265
      ep07 train_loss=1.4699 train_acc=0.443 | val_loss=1.3451 val_acc=0.382
      ep08 train_loss=1.4205 train_acc=0.453 | val_loss=1.9259 val_acc=0.294
      ep09 train_loss=1.3535 train_acc=0.486 | val_loss=1.3285 val_acc=0.412
      ep10 train_loss=1.3153 train_acc=0.561 | val_loss=1.3564 val_acc=0.471
      ep11 train_loss=1.3032 train_acc=0.538 | val_loss=1.6237 val_acc=0.353
      ep12 train_loss=1.2875 train_acc=0.533 | val_loss=1.3429 val_acc=0.529
      ep13 train_loss=1.1643 train_acc=0.660 | val_loss=1.5617 val_acc=0.471
      ep14 train_loss=1.2971 train_acc=0.542 | val_loss=1.4386 val_acc=0.382
      ep15 train_loss=1.2400 train_acc=0.514 | val_loss=1.5620 val_acc=0.412
      ep16 train_loss=1.2866 train_acc=0.566 | val_loss=1.4483 val_acc=0.412
      ep17 train_loss=1.2254 train_acc=0.571 | val_loss=1.4076 val_acc=0.500
      ep18 train_loss=1.1363 train_acc=0.646 | val_loss=1.4431 val_acc=0.412
      ep19 train_loss=1.1471 train_acc=0.642 | val_loss=1.5185 val_acc=0.353
      ep20 train_loss=1.1736 train_acc=0.613 | val_loss=1.5613 val_acc=0.353
      ep21 train_loss=1.0137 train_acc=0.613 | val_loss=1.4756 val_acc=0.471
      ep22 train_loss=1.0878 train_acc=0.689 | val_loss=1.4913 val_acc=0.382
      ep23 train_loss=1.1050 train_acc=0.693 | val_loss=1.4796 val_acc=0.412
      ep24 train_loss=1.1215 train_acc=0.623 | val_loss=1.4378 val_acc=0.441
    fold acc=0.353 time=187.6s | running pooled acc=0.450

--- Fold 18/26 | test sub18 (3 test, 243 train) ---
      ep00 train_loss=1.7527 train_acc=0.222 | val_loss=1.2804 val_acc=0.000
      ep01 train_loss=1.6493 train_acc=0.263 | val_loss=1.9658 val_acc=0.000
      ep02 train_loss=1.5946 train_acc=0.288 | val_loss=1.4406 val_acc=0.333
      ep03 train_loss=1.4986 train_acc=0.350 | val_loss=1.4653 val_acc=0.333
      ep04 train_loss=1.4780 train_acc=0.399 | val_loss=1.9218 val_acc=0.000
      ep05 train_loss=1.4868 train_acc=0.358 | val_loss=1.2240 val_acc=0.333
      ep06 train_loss=1.4981 train_acc=0.416 | val_loss=1.5254 val_acc=0.333
      ep07 train_loss=1.3787 train_acc=0.457 | val_loss=1.4310 val_acc=0.667
      ep08 train_loss=1.4413 train_acc=0.420 | val_loss=1.6602 val_acc=0.000
      ep09 train_loss=1.3676 train_acc=0.457 | val_loss=1.4355 val_acc=0.000
      ep10 train_loss=1.3005 train_acc=0.494 | val_loss=1.6728 val_acc=0.000
      ep11 train_loss=1.3282 train_acc=0.465 | val_loss=1.8674 val_acc=0.000
      ep12 train_loss=1.2079 train_acc=0.564 | val_loss=1.9157 val_acc=0.000
      ep13 train_loss=1.2233 train_acc=0.560 | val_loss=1.6026 val_acc=0.000
      ep14 train_loss=1.2092 train_acc=0.593 | val_loss=1.1828 val_acc=0.333
      ep15 train_loss=1.1367 train_acc=0.609 | val_loss=1.1433 val_acc=0.667
      ep16 train_loss=1.0608 train_acc=0.634 | val_loss=2.0141 val_acc=0.000
      ep17 train_loss=1.0698 train_acc=0.634 | val_loss=1.6180 val_acc=0.000
      ep18 train_loss=1.0859 train_acc=0.671 | val_loss=1.6165 val_acc=0.000
      ep19 train_loss=1.0489 train_acc=0.679 | val_loss=1.9119 val_acc=0.000
      ep20 train_loss=1.0461 train_acc=0.663 | val_loss=1.7843 val_acc=0.333
      ep21 train_loss=1.0079 train_acc=0.683 | val_loss=1.9145 val_acc=0.000
      ep22 train_loss=1.0426 train_acc=0.671 | val_loss=1.6818 val_acc=0.000
      ep23 train_loss=1.0561 train_acc=0.667 | val_loss=1.8286 val_acc=0.000
      ep24 train_loss=1.0407 train_acc=0.712 | val_loss=1.8185 val_acc=0.333
    fold acc=0.333 time=187.6s | running pooled acc=0.448

--- Fold 19/26 | test sub19 (15 test, 231 train) ---
      ep00 train_loss=1.7410 train_acc=0.238 | val_loss=1.4976 val_acc=0.333
      ep01 train_loss=1.7240 train_acc=0.299 | val_loss=1.6879 val_acc=0.067
      ep02 train_loss=1.6516 train_acc=0.329 | val_loss=1.7569 val_acc=0.067
      ep03 train_loss=1.5793 train_acc=0.368 | val_loss=1.3125 val_acc=0.533
      ep04 train_loss=1.4956 train_acc=0.416 | val_loss=2.1607 val_acc=0.133
      ep05 train_loss=1.4567 train_acc=0.433 | val_loss=1.7653 val_acc=0.133
      ep06 train_loss=1.4081 train_acc=0.450 | val_loss=1.3793 val_acc=0.467
      ep07 train_loss=1.3433 train_acc=0.481 | val_loss=1.5501 val_acc=0.133
      ep08 train_loss=1.4160 train_acc=0.511 | val_loss=1.5015 val_acc=0.267
      ep09 train_loss=1.4035 train_acc=0.424 | val_loss=1.5240 val_acc=0.333
      ep10 train_loss=1.2943 train_acc=0.468 | val_loss=1.4608 val_acc=0.400
      ep11 train_loss=1.3151 train_acc=0.550 | val_loss=1.3429 val_acc=0.400
      ep12 train_loss=1.3342 train_acc=0.541 | val_loss=1.5497 val_acc=0.400
      ep13 train_loss=1.1697 train_acc=0.610 | val_loss=1.7018 val_acc=0.333
      ep14 train_loss=1.1839 train_acc=0.593 | val_loss=1.5775 val_acc=0.467
      ep15 train_loss=1.1132 train_acc=0.589 | val_loss=1.7319 val_acc=0.333
      ep16 train_loss=1.1797 train_acc=0.615 | val_loss=1.5965 val_acc=0.333
      ep17 train_loss=1.1446 train_acc=0.615 | val_loss=1.5309 val_acc=0.467
      ep18 train_loss=1.0767 train_acc=0.628 | val_loss=1.6745 val_acc=0.267
      ep19 train_loss=1.1190 train_acc=0.623 | val_loss=1.4881 val_acc=0.333
      ep20 train_loss=1.0599 train_acc=0.632 | val_loss=1.4879 val_acc=0.400
      ep21 train_loss=1.0527 train_acc=0.667 | val_loss=1.6295 val_acc=0.333
      ep22 train_loss=1.0565 train_acc=0.649 | val_loss=1.6679 val_acc=0.267
      ep23 train_loss=1.0731 train_acc=0.680 | val_loss=1.6929 val_acc=0.267
      ep24 train_loss=1.1126 train_acc=0.671 | val_loss=1.5636 val_acc=0.333
    fold acc=0.200 time=187.6s | running pooled acc=0.429

--- Fold 20/26 | test sub20 (11 test, 235 train) ---
      ep00 train_loss=1.7417 train_acc=0.234 | val_loss=1.8283 val_acc=0.000
      ep01 train_loss=1.6848 train_acc=0.272 | val_loss=1.2860 val_acc=0.182
      ep02 train_loss=1.5945 train_acc=0.315 | val_loss=1.5284 val_acc=0.455
      ep03 train_loss=1.5158 train_acc=0.349 | val_loss=1.6631 val_acc=0.182
      ep04 train_loss=1.5612 train_acc=0.383 | val_loss=1.6781 val_acc=0.000
      ep05 train_loss=1.4383 train_acc=0.400 | val_loss=1.9541 val_acc=0.000
      ep06 train_loss=1.3663 train_acc=0.438 | val_loss=1.7991 val_acc=0.000
      ep07 train_loss=1.4390 train_acc=0.460 | val_loss=2.0705 val_acc=0.000
      ep08 train_loss=1.3638 train_acc=0.451 | val_loss=2.2245 val_acc=0.000
      ep09 train_loss=1.2705 train_acc=0.502 | val_loss=1.9369 val_acc=0.000
      ep10 train_loss=1.2350 train_acc=0.536 | val_loss=1.9681 val_acc=0.091
      ep11 train_loss=1.2913 train_acc=0.523 | val_loss=2.3952 val_acc=0.000
      ep12 train_loss=1.2244 train_acc=0.562 | val_loss=2.2825 val_acc=0.000
      ep13 train_loss=1.2855 train_acc=0.506 | val_loss=1.9340 val_acc=0.000
      ep14 train_loss=1.1020 train_acc=0.643 | val_loss=2.1956 val_acc=0.000
      ep15 train_loss=1.0741 train_acc=0.651 | val_loss=1.8610 val_acc=0.000
      ep16 train_loss=1.1034 train_acc=0.638 | val_loss=2.0809 val_acc=0.000
      ep17 train_loss=1.0802 train_acc=0.647 | val_loss=1.8392 val_acc=0.273
      ep18 train_loss=1.0673 train_acc=0.677 | val_loss=1.6804 val_acc=0.182
      ep19 train_loss=1.0012 train_acc=0.689 | val_loss=1.8272 val_acc=0.273
      ep20 train_loss=1.0215 train_acc=0.664 | val_loss=1.8524 val_acc=0.182
      ep21 train_loss=0.9926 train_acc=0.685 | val_loss=1.7499 val_acc=0.182
      ep22 train_loss=0.9471 train_acc=0.719 | val_loss=1.6413 val_acc=0.364
      ep23 train_loss=0.9163 train_acc=0.728 | val_loss=1.8376 val_acc=0.182
      ep24 train_loss=0.9935 train_acc=0.694 | val_loss=1.9293 val_acc=0.182
    fold acc=0.182 time=187.9s | running pooled acc=0.415

--- Fold 21/26 | test sub21 (2 test, 244 train) ---
      ep00 train_loss=1.7821 train_acc=0.201 | val_loss=1.9978 val_acc=0.000
      ep01 train_loss=1.7019 train_acc=0.311 | val_loss=1.0707 val_acc=1.000
      ep02 train_loss=1.6169 train_acc=0.320 | val_loss=1.3690 val_acc=0.000
      ep03 train_loss=1.5697 train_acc=0.357 | val_loss=1.8762 val_acc=0.000
      ep04 train_loss=1.6147 train_acc=0.328 | val_loss=1.8345 val_acc=0.000
      ep05 train_loss=1.4680 train_acc=0.385 | val_loss=2.3013 val_acc=0.000
      ep06 train_loss=1.4616 train_acc=0.398 | val_loss=1.5658 val_acc=0.000
      ep07 train_loss=1.3666 train_acc=0.455 | val_loss=3.9666 val_acc=0.000
      ep08 train_loss=1.3700 train_acc=0.471 | val_loss=4.1165 val_acc=0.000
      ep09 train_loss=1.2721 train_acc=0.533 | val_loss=2.7222 val_acc=0.000
      ep10 train_loss=1.1759 train_acc=0.557 | val_loss=2.2634 val_acc=0.000
      ep11 train_loss=1.3158 train_acc=0.496 | val_loss=2.5826 val_acc=0.000
      ep12 train_loss=1.1614 train_acc=0.578 | val_loss=2.8219 val_acc=0.000
      ep13 train_loss=1.1265 train_acc=0.684 | val_loss=3.1743 val_acc=0.000
      ep14 train_loss=1.1344 train_acc=0.660 | val_loss=2.8245 val_acc=0.000
      ep15 train_loss=1.0713 train_acc=0.639 | val_loss=3.6500 val_acc=0.000
      ep16 train_loss=0.9864 train_acc=0.705 | val_loss=2.4237 val_acc=0.000
      ep17 train_loss=1.1069 train_acc=0.635 | val_loss=3.5130 val_acc=0.000
      ep18 train_loss=0.9966 train_acc=0.689 | val_loss=3.5168 val_acc=0.000
      ep19 train_loss=1.0263 train_acc=0.639 | val_loss=3.3013 val_acc=0.000
      ep20 train_loss=1.0562 train_acc=0.648 | val_loss=3.3962 val_acc=0.000
      ep21 train_loss=1.0351 train_acc=0.660 | val_loss=3.4692 val_acc=0.000
      ep22 train_loss=1.0197 train_acc=0.697 | val_loss=4.1020 val_acc=0.000
      ep23 train_loss=1.0255 train_acc=0.697 | val_loss=3.4302 val_acc=0.000
      ep24 train_loss=0.9485 train_acc=0.746 | val_loss=3.7391 val_acc=0.000
    fold acc=0.000 time=187.7s | running pooled acc=0.411

--- Fold 22/26 | test sub22 (2 test, 244 train) ---
      ep00 train_loss=1.7857 train_acc=0.205 | val_loss=2.0828 val_acc=0.000
      ep01 train_loss=1.7143 train_acc=0.340 | val_loss=0.6606 val_acc=1.000
      ep02 train_loss=1.6278 train_acc=0.311 | val_loss=0.4811 val_acc=1.000
      ep03 train_loss=1.5818 train_acc=0.361 | val_loss=0.4446 val_acc=1.000
      ep04 train_loss=1.5854 train_acc=0.357 | val_loss=2.1334 val_acc=0.000
      ep05 train_loss=1.5057 train_acc=0.410 | val_loss=1.3516 val_acc=0.000
      ep06 train_loss=1.3730 train_acc=0.418 | val_loss=0.7598 val_acc=1.000
      ep07 train_loss=1.4442 train_acc=0.434 | val_loss=0.4681 val_acc=1.000
      ep08 train_loss=1.3631 train_acc=0.410 | val_loss=0.2259 val_acc=1.000
      ep09 train_loss=1.2308 train_acc=0.533 | val_loss=0.1035 val_acc=1.000
      ep10 train_loss=1.2167 train_acc=0.561 | val_loss=0.2519 val_acc=1.000
      ep11 train_loss=1.3098 train_acc=0.492 | val_loss=1.9293 val_acc=0.000
      ep12 train_loss=1.1817 train_acc=0.594 | val_loss=1.0259 val_acc=0.500
      ep13 train_loss=1.1482 train_acc=0.611 | val_loss=0.0973 val_acc=1.000
      ep14 train_loss=1.1379 train_acc=0.648 | val_loss=0.4955 val_acc=1.000
      ep15 train_loss=1.0678 train_acc=0.660 | val_loss=0.1707 val_acc=1.000
      ep16 train_loss=1.0131 train_acc=0.680 | val_loss=0.1207 val_acc=1.000
      ep17 train_loss=1.1221 train_acc=0.607 | val_loss=0.1519 val_acc=1.000
      ep18 train_loss=1.0285 train_acc=0.676 | val_loss=0.1218 val_acc=1.000
      ep19 train_loss=1.0345 train_acc=0.652 | val_loss=0.0735 val_acc=1.000
      ep20 train_loss=1.0562 train_acc=0.627 | val_loss=0.1135 val_acc=1.000
      ep21 train_loss=1.0210 train_acc=0.672 | val_loss=0.1664 val_acc=1.000
      ep22 train_loss=1.0347 train_acc=0.680 | val_loss=0.1328 val_acc=1.000
      ep23 train_loss=0.9914 train_acc=0.705 | val_loss=0.2031 val_acc=1.000
      ep24 train_loss=0.9564 train_acc=0.709 | val_loss=0.1105 val_acc=1.000
    fold acc=1.000 time=190.3s | running pooled acc=0.417

--- Fold 23/26 | test sub23 (12 test, 234 train) ---
      ep00 train_loss=1.7488 train_acc=0.291 | val_loss=1.7081 val_acc=0.333
      ep01 train_loss=1.6481 train_acc=0.308 | val_loss=1.6324 val_acc=0.250
      ep02 train_loss=1.6895 train_acc=0.329 | val_loss=2.0010 val_acc=0.083
      ep03 train_loss=1.6199 train_acc=0.321 | val_loss=1.6200 val_acc=0.333
      ep04 train_loss=1.5605 train_acc=0.325 | val_loss=1.1157 val_acc=0.750
      ep05 train_loss=1.5368 train_acc=0.329 | val_loss=1.3067 val_acc=0.417
      ep06 train_loss=1.4290 train_acc=0.462 | val_loss=1.0779 val_acc=0.583
      ep07 train_loss=1.4937 train_acc=0.440 | val_loss=1.3331 val_acc=0.333
      ep08 train_loss=1.4256 train_acc=0.449 | val_loss=0.9514 val_acc=0.667
      ep09 train_loss=1.3287 train_acc=0.517 | val_loss=1.0717 val_acc=0.417
      ep10 train_loss=1.3469 train_acc=0.479 | val_loss=1.0732 val_acc=0.500
      ep11 train_loss=1.3052 train_acc=0.513 | val_loss=1.0207 val_acc=0.833
      ep12 train_loss=1.2480 train_acc=0.509 | val_loss=0.9014 val_acc=0.750
      ep13 train_loss=1.2148 train_acc=0.577 | val_loss=0.9599 val_acc=0.750
      ep14 train_loss=1.1913 train_acc=0.551 | val_loss=1.0808 val_acc=0.250
      ep15 train_loss=1.1979 train_acc=0.598 | val_loss=1.0886 val_acc=0.667
      ep16 train_loss=1.1656 train_acc=0.624 | val_loss=1.2937 val_acc=0.500
      ep17 train_loss=1.1560 train_acc=0.573 | val_loss=1.1903 val_acc=0.667
      ep18 train_loss=1.1612 train_acc=0.645 | val_loss=1.1322 val_acc=0.583
      ep19 train_loss=1.1082 train_acc=0.607 | val_loss=1.1601 val_acc=0.500
      ep20 train_loss=1.0574 train_acc=0.658 | val_loss=1.1479 val_acc=0.500
      ep21 train_loss=1.0084 train_acc=0.735 | val_loss=1.1239 val_acc=0.583
      ep22 train_loss=1.1275 train_acc=0.637 | val_loss=1.1538 val_acc=0.583
      ep23 train_loss=1.0421 train_acc=0.620 | val_loss=1.1708 val_acc=0.583
      ep24 train_loss=1.0510 train_acc=0.671 | val_loss=1.1784 val_acc=0.500
    fold acc=0.583 time=186.6s | running pooled acc=0.426

--- Fold 24/26 | test sub24 (7 test, 239 train) ---
      ep00 train_loss=1.7173 train_acc=0.259 | val_loss=1.5044 val_acc=0.286
      ep01 train_loss=1.6741 train_acc=0.243 | val_loss=1.4685 val_acc=0.429
      ep02 train_loss=1.6331 train_acc=0.247 | val_loss=1.1987 val_acc=0.714
      ep03 train_loss=1.6041 train_acc=0.326 | val_loss=1.0536 val_acc=0.571
      ep04 train_loss=1.5789 train_acc=0.351 | val_loss=1.3533 val_acc=0.429
      ep05 train_loss=1.4341 train_acc=0.423 | val_loss=1.6400 val_acc=0.286
      ep06 train_loss=1.4052 train_acc=0.397 | val_loss=1.2150 val_acc=0.429
      ep07 train_loss=1.4531 train_acc=0.473 | val_loss=1.2060 val_acc=0.571
      ep08 train_loss=1.3221 train_acc=0.523 | val_loss=1.5463 val_acc=0.143
      ep09 train_loss=1.2269 train_acc=0.565 | val_loss=1.4576 val_acc=0.571
      ep10 train_loss=1.2750 train_acc=0.523 | val_loss=1.3891 val_acc=0.571
      ep11 train_loss=1.3032 train_acc=0.498 | val_loss=1.4637 val_acc=0.143
      ep12 train_loss=1.2489 train_acc=0.544 | val_loss=1.2006 val_acc=0.714
      ep13 train_loss=1.2484 train_acc=0.565 | val_loss=1.0394 val_acc=0.571
      ep14 train_loss=1.1384 train_acc=0.628 | val_loss=0.9328 val_acc=0.714
      ep15 train_loss=1.1099 train_acc=0.661 | val_loss=0.9750 val_acc=0.429
      ep16 train_loss=1.1321 train_acc=0.632 | val_loss=0.8695 val_acc=0.714
      ep17 train_loss=1.0877 train_acc=0.611 | val_loss=1.0063 val_acc=0.714
      ep18 train_loss=1.0702 train_acc=0.695 | val_loss=1.0166 val_acc=0.714
      ep19 train_loss=1.0683 train_acc=0.690 | val_loss=0.8769 val_acc=0.714
      ep20 train_loss=1.0869 train_acc=0.669 | val_loss=0.8382 val_acc=0.714
      ep21 train_loss=1.0062 train_acc=0.665 | val_loss=0.8969 val_acc=0.714
      ep22 train_loss=0.9699 train_acc=0.720 | val_loss=0.8907 val_acc=0.714
      ep23 train_loss=0.9990 train_acc=0.711 | val_loss=0.8620 val_acc=0.714
      ep24 train_loss=1.0583 train_acc=0.678 | val_loss=0.8497 val_acc=0.714
    fold acc=0.714 time=187.5s | running pooled acc=0.435

--- Fold 25/26 | test sub25 (7 test, 239 train) ---
      ep00 train_loss=1.7393 train_acc=0.276 | val_loss=1.2702 val_acc=0.429
      ep01 train_loss=1.6956 train_acc=0.285 | val_loss=1.2929 val_acc=0.286
      ep02 train_loss=1.5954 train_acc=0.297 | val_loss=1.5600 val_acc=0.143
      ep03 train_loss=1.6286 train_acc=0.310 | val_loss=1.4274 val_acc=0.143
      ep04 train_loss=1.5412 train_acc=0.418 | val_loss=1.6231 val_acc=0.286
      ep05 train_loss=1.4810 train_acc=0.385 | val_loss=1.4703 val_acc=0.286
      ep06 train_loss=1.4124 train_acc=0.439 | val_loss=1.3100 val_acc=0.429
      ep07 train_loss=1.4523 train_acc=0.435 | val_loss=1.2755 val_acc=0.429
      ep08 train_loss=1.3566 train_acc=0.477 | val_loss=0.9587 val_acc=0.429
      ep09 train_loss=1.2548 train_acc=0.527 | val_loss=1.1715 val_acc=0.571
      ep10 train_loss=1.2852 train_acc=0.519 | val_loss=1.0141 val_acc=0.571
      ep11 train_loss=1.2541 train_acc=0.548 | val_loss=1.0404 val_acc=0.714
      ep12 train_loss=1.2424 train_acc=0.569 | val_loss=0.9864 val_acc=0.714
      ep13 train_loss=1.1978 train_acc=0.628 | val_loss=1.6386 val_acc=0.429
      ep14 train_loss=1.1275 train_acc=0.607 | val_loss=0.8671 val_acc=0.714
      ep15 train_loss=1.1031 train_acc=0.640 | val_loss=0.8831 val_acc=0.571
      ep16 train_loss=1.1745 train_acc=0.628 | val_loss=0.8418 val_acc=0.714
      ep17 train_loss=1.0773 train_acc=0.623 | val_loss=0.7525 val_acc=0.857
      ep18 train_loss=1.0830 train_acc=0.649 | val_loss=0.9488 val_acc=0.571
      ep19 train_loss=1.0443 train_acc=0.653 | val_loss=0.9261 val_acc=0.571
      ep20 train_loss=1.0721 train_acc=0.682 | val_loss=0.9777 val_acc=0.571
      ep21 train_loss=1.0090 train_acc=0.653 | val_loss=0.8968 val_acc=0.571
      ep22 train_loss=0.9326 train_acc=0.711 | val_loss=0.8706 val_acc=0.714
      ep23 train_loss=1.0213 train_acc=0.682 | val_loss=0.8512 val_acc=0.714
      ep24 train_loss=1.0854 train_acc=0.690 | val_loss=0.8218 val_acc=0.714
    fold acc=0.571 time=187.3s | running pooled acc=0.439

--- Fold 26/26 | test sub26 (16 test, 230 train) ---
      ep00 train_loss=1.8276 train_acc=0.226 | val_loss=1.6849 val_acc=0.062
      ep01 train_loss=1.7372 train_acc=0.313 | val_loss=1.4840 val_acc=0.500
      ep02 train_loss=1.6785 train_acc=0.235 | val_loss=1.5741 val_acc=0.250
      ep03 train_loss=1.5335 train_acc=0.304 | val_loss=1.6439 val_acc=0.250
      ep04 train_loss=1.5432 train_acc=0.409 | val_loss=1.3363 val_acc=0.500
      ep05 train_loss=1.5122 train_acc=0.387 | val_loss=1.4230 val_acc=0.438
      ep06 train_loss=1.4551 train_acc=0.387 | val_loss=1.3073 val_acc=0.562
      ep07 train_loss=1.3781 train_acc=0.435 | val_loss=1.2927 val_acc=0.562
      ep08 train_loss=1.3335 train_acc=0.470 | val_loss=1.1609 val_acc=0.562
      ep09 train_loss=1.3422 train_acc=0.478 | val_loss=1.8801 val_acc=0.250
      ep10 train_loss=1.2757 train_acc=0.548 | val_loss=1.0707 val_acc=0.625
      ep11 train_loss=1.3391 train_acc=0.513 | val_loss=1.0561 val_acc=0.625
      ep12 train_loss=1.2505 train_acc=0.530 | val_loss=1.2329 val_acc=0.500
      ep13 train_loss=1.1753 train_acc=0.570 | val_loss=1.1207 val_acc=0.500
      ep14 train_loss=1.1487 train_acc=0.635 | val_loss=1.3077 val_acc=0.500
      ep15 train_loss=1.1275 train_acc=0.630 | val_loss=1.2119 val_acc=0.500
      ep16 train_loss=1.0862 train_acc=0.635 | val_loss=1.3396 val_acc=0.500
      ep17 train_loss=1.0468 train_acc=0.630 | val_loss=1.3060 val_acc=0.500
      ep18 train_loss=0.9977 train_acc=0.687 | val_loss=1.3299 val_acc=0.562
      ep19 train_loss=1.0815 train_acc=0.643 | val_loss=1.2014 val_acc=0.562
      ep20 train_loss=1.0209 train_acc=0.652 | val_loss=1.1207 val_acc=0.625
      ep21 train_loss=0.9530 train_acc=0.722 | val_loss=1.1931 val_acc=0.562
      ep22 train_loss=1.0607 train_acc=0.639 | val_loss=1.1814 val_acc=0.562
      ep23 train_loss=0.9859 train_acc=0.691 | val_loss=1.1487 val_acc=0.625
      ep24 train_loss=0.9280 train_acc=0.730 | val_loss=1.1097 val_acc=0.625
    fold acc=0.562 time=187.5s | running pooled acc=0.447

=== FINAL (pooled LOSO) ===
UF1 = 0.4555
UAR = 0.4856
ACC = 0.4472
per-class F1: happiness=0.364, disgust=0.421, repression=0.526, surprise=0.516, others=0.451
per-class recall: happiness=0.438, disgust=0.381, repression=0.556, surprise=0.640, others=0.414
confusion matrix (rows=true):
        happin disgus repres surpri others
happine     14      4      4      3      7
disgust      5     24      1      9     24
repress      6      0     15      0      6
surpris      2      0      2     16      5
 others     18     23      8      9     41

saved to D:\AI-Projects\casmeII-new-from-sequence-model\experiments\iter_35_r3d_diff_randstart
elapsed 4894.9s
