=== PROTOCOL V2 iter_70_r3d_es_refit_uf1_s42_v2_dev_p5 ===
time: 2026-08-03T13:32:20.062194 | role: dev
device: cuda (NVIDIA GeForce RTX 3060)
platform: Windows-10-10.0.26200-SP0 | torch 2.6.0+cu124
loading 246 cached arrays
fixed split loaded: 21 development subjects, 5 sealed audit subjects
fold 1/4: 16 train subjects / 5 validation subjects; 148 train / 44 validation samples
      [early-stop] inner-val subjects=[10, 15, 16, 26] n_fit=112 n_check=36
      [probe] ep00 train_loss=1.5539 train_acc=0.420 check=0.2275 best=0.2275@ep00
      [probe] ep01 train_loss=1.2597 train_acc=0.509 check=0.2767 best=0.2767@ep01
      [probe] ep02 train_loss=1.1130 train_acc=0.571 check=0.3368 best=0.3368@ep02
      [probe] ep03 train_loss=0.9104 train_acc=0.705 check=0.3672 best=0.3672@ep03
      [probe] ep04 train_loss=0.9625 train_acc=0.777 check=0.2949 best=0.3672@ep03
      [probe] ep05 train_loss=0.8521 train_acc=0.795 check=0.6044 best=0.6044@ep05
      [probe] ep06 train_loss=0.7333 train_acc=0.866 check=0.5068 best=0.6044@ep05
      [probe] ep07 train_loss=0.7979 train_acc=0.821 check=0.3068 best=0.6044@ep05
      [probe] ep08 train_loss=0.7430 train_acc=0.866 check=0.3061 best=0.6044@ep05
      [probe] ep09 train_loss=0.7166 train_acc=0.893 check=0.3290 best=0.6044@ep05
      [probe] ep10 train_loss=0.8132 train_acc=0.866 check=0.2935 best=0.6044@ep05
      [probe] ep11 train_loss=0.6418 train_acc=0.938 check=0.3000 best=0.6044@ep05
      [probe] ep12 train_loss=0.7065 train_acc=0.938 check=0.3471 best=0.6044@ep05
      [probe] ep13 train_loss=0.7004 train_acc=0.938 check=0.3633 best=0.6044@ep05
      [probe] ep14 train_loss=0.6677 train_acc=0.946 check=0.3722 best=0.6044@ep05
      [probe] ep15 train_loss=0.6464 train_acc=0.964 check=0.3111 best=0.6044@ep05
      [probe] ep16 train_loss=0.6449 train_acc=0.955 check=0.2713 best=0.6044@ep05
      [probe] ep17 train_loss=0.6356 train_acc=0.955 check=0.2874 best=0.6044@ep05
      [probe] refit epochs = 6 (check=0.6044)
      ep00 train_loss=1.7012 train_acc=0.277 | val_loss=1.2792 val_acc=0.523
      ep01 train_loss=1.2420 train_acc=0.554 | val_loss=0.9996 val_acc=0.614
      ep02 train_loss=1.0247 train_acc=0.696 | val_loss=0.9803 val_acc=0.614
      ep03 train_loss=0.9294 train_acc=0.757 | val_loss=1.0276 val_acc=0.636
      saved re-evaluation checkpoint fold1_ep03.pt
      ep04 train_loss=0.9392 train_acc=0.764 | val_loss=1.0519 val_acc=0.591
      saved re-evaluation checkpoint fold1_ep04.pt
      ep05 train_loss=0.9188 train_acc=0.709 | val_loss=1.0284 val_acc=0.659
      saved re-evaluation checkpoint fold1_ep05.pt
fold result: UF1=0.6475 UAR=0.6772 ACC=0.6364
fold 2/4: 16 train subjects / 5 validation subjects; 141 train / 51 validation samples
      [early-stop] inner-val subjects=[11, 14, 19, 23] n_fit=100 n_check=41
      [probe] ep00 train_loss=1.7384 train_acc=0.300 check=0.2105 best=0.2105@ep00
      [probe] ep01 train_loss=1.2679 train_acc=0.530 check=0.4633 best=0.4633@ep01
      [probe] ep02 train_loss=1.0730 train_acc=0.640 check=0.5351 best=0.5351@ep02
      [probe] ep03 train_loss=0.9762 train_acc=0.720 check=0.4899 best=0.5351@ep02
      [probe] ep04 train_loss=0.8343 train_acc=0.760 check=0.5333 best=0.5351@ep02
      [probe] ep05 train_loss=0.8122 train_acc=0.810 check=0.6331 best=0.6331@ep05
      [probe] ep06 train_loss=0.7620 train_acc=0.870 check=0.5842 best=0.6331@ep05
      [probe] ep07 train_loss=0.7487 train_acc=0.900 check=0.5399 best=0.6331@ep05
      [probe] ep08 train_loss=0.7915 train_acc=0.890 check=0.6803 best=0.6803@ep08
      [probe] ep09 train_loss=0.8164 train_acc=0.870 check=0.5596 best=0.6803@ep08
      [probe] ep10 train_loss=0.7297 train_acc=0.930 check=0.6071 best=0.6803@ep08
      [probe] ep11 train_loss=0.7779 train_acc=0.910 check=0.6196 best=0.6803@ep08
      [probe] ep12 train_loss=0.7791 train_acc=0.910 check=0.7017 best=0.7017@ep12
      [probe] ep13 train_loss=0.6863 train_acc=0.940 check=0.6042 best=0.7017@ep12
      [probe] ep14 train_loss=0.6493 train_acc=0.970 check=0.6354 best=0.7017@ep12
      [probe] ep15 train_loss=0.6895 train_acc=0.910 check=0.6076 best=0.7017@ep12
      [probe] ep16 train_loss=0.6944 train_acc=0.930 check=0.6520 best=0.7017@ep12
      [probe] ep17 train_loss=0.6392 train_acc=0.970 check=0.5729 best=0.7017@ep12
      [probe] ep18 train_loss=0.6905 train_acc=0.930 check=0.6466 best=0.7017@ep12
      [probe] ep19 train_loss=0.6752 train_acc=0.960 check=0.6907 best=0.7017@ep12
      [probe] ep20 train_loss=0.6482 train_acc=0.940 check=0.6713 best=0.7017@ep12
      [probe] ep21 train_loss=0.6639 train_acc=0.960 check=0.6721 best=0.7017@ep12
      [probe] ep22 train_loss=0.6598 train_acc=0.960 check=0.7468 best=0.7468@ep22
      [probe] ep23 train_loss=0.6563 train_acc=0.960 check=0.6841 best=0.7468@ep22
      [probe] ep24 train_loss=0.6325 train_acc=0.960 check=0.6732 best=0.7468@ep22
      [probe] ep25 train_loss=0.6503 train_acc=0.980 check=0.6905 best=0.7468@ep22
      [probe] ep26 train_loss=0.6837 train_acc=0.960 check=0.6649 best=0.7468@ep22
      [probe] ep27 train_loss=0.6198 train_acc=0.980 check=0.7241 best=0.7468@ep22
      [probe] ep28 train_loss=0.6173 train_acc=0.990 check=0.7076 best=0.7468@ep22
      [probe] ep29 train_loss=0.6191 train_acc=0.980 check=0.6811 best=0.7468@ep22
      [probe] ep30 train_loss=0.6350 train_acc=0.980 check=0.7219 best=0.7468@ep22
      [probe] ep31 train_loss=0.6047 train_acc=0.970 check=0.6930 best=0.7468@ep22
      [probe] ep32 train_loss=0.6539 train_acc=0.970 check=0.6723 best=0.7468@ep22
      [probe] ep33 train_loss=0.6208 train_acc=0.990 check=0.7076 best=0.7468@ep22
      [probe] ep34 train_loss=0.6178 train_acc=0.990 check=0.6891 best=0.7468@ep22
      [probe] refit epochs = 23 (check=0.7468)
      ep00 train_loss=1.5829 train_acc=0.355 | val_loss=1.3731 val_acc=0.412
      ep01 train_loss=1.2192 train_acc=0.567 | val_loss=1.3981 val_acc=0.275
      ep02 train_loss=1.0511 train_acc=0.638 | val_loss=1.3136 val_acc=0.353
      ep03 train_loss=0.9437 train_acc=0.766 | val_loss=1.4718 val_acc=0.471
      ep04 train_loss=0.9467 train_acc=0.759 | val_loss=1.4817 val_acc=0.451
      ep05 train_loss=0.7997 train_acc=0.801 | val_loss=1.5328 val_acc=0.392
      ep06 train_loss=0.8850 train_acc=0.830 | val_loss=1.2621 val_acc=0.588
      ep07 train_loss=0.7467 train_acc=0.865 | val_loss=1.2509 val_acc=0.569
      ep08 train_loss=0.7443 train_acc=0.901 | val_loss=1.4431 val_acc=0.451
      ep09 train_loss=0.6872 train_acc=0.915 | val_loss=1.4567 val_acc=0.549
      ep10 train_loss=0.7667 train_acc=0.915 | val_loss=1.5728 val_acc=0.471
      ep11 train_loss=0.6883 train_acc=0.908 | val_loss=1.3901 val_acc=0.549
      ep12 train_loss=0.6796 train_acc=0.936 | val_loss=1.4249 val_acc=0.549
      ep13 train_loss=0.6968 train_acc=0.922 | val_loss=1.3985 val_acc=0.588
      ep14 train_loss=0.6918 train_acc=0.915 | val_loss=1.4542 val_acc=0.569
      ep15 train_loss=0.6644 train_acc=0.965 | val_loss=1.4928 val_acc=0.529
      ep16 train_loss=0.6038 train_acc=0.993 | val_loss=1.5138 val_acc=0.549
      ep17 train_loss=0.6911 train_acc=0.943 | val_loss=1.4729 val_acc=0.510
      ep18 train_loss=0.6596 train_acc=0.957 | val_loss=1.4794 val_acc=0.510
      ep19 train_loss=0.6495 train_acc=0.965 | val_loss=1.4734 val_acc=0.529
      ep20 train_loss=0.7178 train_acc=0.943 | val_loss=1.4765 val_acc=0.510
      saved re-evaluation checkpoint fold2_ep20.pt
      ep21 train_loss=0.5927 train_acc=0.993 | val_loss=1.4848 val_acc=0.529
      saved re-evaluation checkpoint fold2_ep21.pt
      ep22 train_loss=0.6438 train_acc=0.979 | val_loss=1.4501 val_acc=0.529
      saved re-evaluation checkpoint fold2_ep22.pt
fold result: UF1=0.4589 UAR=0.4232 ACC=0.5490
fold 3/4: 15 train subjects / 6 validation subjects; 143 train / 49 validation samples
      [early-stop] inner-val subjects=[9, 13, 15, 18] n_fit=116 n_check=27
      [probe] ep00 train_loss=1.9350 train_acc=0.293 check=0.2048 best=0.2048@ep00
      [probe] ep01 train_loss=1.4670 train_acc=0.509 check=0.5608 best=0.5608@ep01
      [probe] ep02 train_loss=1.2871 train_acc=0.621 check=0.5897 best=0.5897@ep02
      [probe] ep03 train_loss=1.1764 train_acc=0.681 check=0.5048 best=0.5897@ep02
      [probe] ep04 train_loss=1.0321 train_acc=0.733 check=0.5475 best=0.5897@ep02
      [probe] ep05 train_loss=0.9827 train_acc=0.802 check=0.5117 best=0.5897@ep02
      [probe] ep06 train_loss=1.0170 train_acc=0.776 check=0.5397 best=0.5897@ep02
      [probe] ep07 train_loss=1.1001 train_acc=0.716 check=0.6448 best=0.6448@ep07
      [probe] ep08 train_loss=0.9226 train_acc=0.836 check=0.6002 best=0.6448@ep07
      [probe] ep09 train_loss=0.9321 train_acc=0.931 check=0.3723 best=0.6448@ep07
      [probe] ep10 train_loss=0.8384 train_acc=0.888 check=0.4991 best=0.6448@ep07
      [probe] ep11 train_loss=0.7969 train_acc=0.940 check=0.4048 best=0.6448@ep07
      [probe] ep12 train_loss=0.8841 train_acc=0.914 check=0.4205 best=0.6448@ep07
      [probe] ep13 train_loss=0.8314 train_acc=0.914 check=0.6110 best=0.6448@ep07
      [probe] ep14 train_loss=0.9111 train_acc=0.819 check=0.3860 best=0.6448@ep07
      [probe] ep15 train_loss=0.8481 train_acc=0.914 check=0.6743 best=0.6743@ep15
      [probe] ep16 train_loss=0.8745 train_acc=0.940 check=0.6048 best=0.6743@ep15
      [probe] ep17 train_loss=0.8794 train_acc=0.905 check=0.5600 best=0.6743@ep15
      [probe] ep18 train_loss=0.8598 train_acc=0.922 check=0.5762 best=0.6743@ep15
      [probe] ep19 train_loss=0.8057 train_acc=0.957 check=0.5938 best=0.6743@ep15
      [probe] ep20 train_loss=0.8935 train_acc=0.931 check=0.6030 best=0.6743@ep15
      [probe] ep21 train_loss=0.8464 train_acc=0.914 check=0.5430 best=0.6743@ep15
      [probe] ep22 train_loss=0.8088 train_acc=0.948 check=0.5963 best=0.6743@ep15
      [probe] ep23 train_loss=0.8677 train_acc=0.914 check=0.5972 best=0.6743@ep15
      [probe] ep24 train_loss=0.7864 train_acc=0.974 check=0.6048 best=0.6743@ep15
      [probe] ep25 train_loss=0.8083 train_acc=0.931 check=0.6092 best=0.6743@ep15
      [probe] ep26 train_loss=0.8051 train_acc=0.948 check=0.5811 best=0.6743@ep15
      [probe] ep27 train_loss=0.8209 train_acc=0.940 check=0.6037 best=0.6743@ep15
      [probe] refit epochs = 16 (check=0.6743)
      ep00 train_loss=1.7013 train_acc=0.308 | val_loss=1.4003 val_acc=0.469
      ep01 train_loss=1.2847 train_acc=0.490 | val_loss=1.2762 val_acc=0.408
      ep02 train_loss=1.1047 train_acc=0.615 | val_loss=1.3471 val_acc=0.490
      ep03 train_loss=1.1073 train_acc=0.650 | val_loss=1.4937 val_acc=0.449
      ep04 train_loss=0.9601 train_acc=0.741 | val_loss=1.0220 val_acc=0.592
      ep05 train_loss=0.8424 train_acc=0.860 | val_loss=1.1839 val_acc=0.469
      ep06 train_loss=0.7962 train_acc=0.839 | val_loss=1.1718 val_acc=0.490
      ep07 train_loss=0.8414 train_acc=0.846 | val_loss=1.0813 val_acc=0.551
      ep08 train_loss=0.8127 train_acc=0.930 | val_loss=1.1235 val_acc=0.531
      ep09 train_loss=0.7422 train_acc=0.909 | val_loss=1.1119 val_acc=0.551
      ep10 train_loss=0.7383 train_acc=0.902 | val_loss=1.0640 val_acc=0.612
      ep11 train_loss=0.7363 train_acc=0.944 | val_loss=1.0683 val_acc=0.653
      ep12 train_loss=0.7113 train_acc=0.937 | val_loss=1.0340 val_acc=0.571
      ep13 train_loss=0.7755 train_acc=0.923 | val_loss=1.0434 val_acc=0.633
      saved re-evaluation checkpoint fold3_ep13.pt
      ep14 train_loss=0.7073 train_acc=0.951 | val_loss=1.0992 val_acc=0.592
      saved re-evaluation checkpoint fold3_ep14.pt
      ep15 train_loss=0.7499 train_acc=0.909 | val_loss=1.0752 val_acc=0.633
      saved re-evaluation checkpoint fold3_ep15.pt
fold result: UF1=0.6414 UAR=0.7252 ACC=0.6531
fold 4/4: 16 train subjects / 5 validation subjects; 144 train / 48 validation samples
      [early-stop] inner-val subjects=[13, 16, 20, 25] n_fit=114 n_check=30
      [probe] ep00 train_loss=1.7094 train_acc=0.325 check=0.1500 best=0.1500@ep00
      [probe] ep01 train_loss=1.3398 train_acc=0.447 check=0.2864 best=0.2864@ep01
      [probe] ep02 train_loss=0.9812 train_acc=0.728 check=0.3859 best=0.3859@ep02
      [probe] ep03 train_loss=0.9714 train_acc=0.711 check=0.3384 best=0.3859@ep02
      [probe] ep04 train_loss=1.0056 train_acc=0.693 check=0.4000 best=0.4000@ep04
      [probe] ep05 train_loss=0.8887 train_acc=0.807 check=0.3229 best=0.4000@ep04
      [probe] ep06 train_loss=0.8337 train_acc=0.868 check=0.4146 best=0.4146@ep06
      [probe] ep07 train_loss=0.7821 train_acc=0.860 check=0.2790 best=0.4146@ep06
      [probe] ep08 train_loss=0.7537 train_acc=0.930 check=0.3810 best=0.4146@ep06
      [probe] ep09 train_loss=0.7713 train_acc=0.868 check=0.3886 best=0.4146@ep06
      [probe] ep10 train_loss=0.7581 train_acc=0.860 check=0.4172 best=0.4172@ep10
      [probe] ep11 train_loss=0.7167 train_acc=0.921 check=0.4714 best=0.4714@ep11
      [probe] ep12 train_loss=0.7288 train_acc=0.904 check=0.3458 best=0.4714@ep11
      [probe] ep13 train_loss=0.6307 train_acc=0.965 check=0.3458 best=0.4714@ep11
      [probe] ep14 train_loss=0.6350 train_acc=0.939 check=0.4196 best=0.4714@ep11
      [probe] ep15 train_loss=0.6685 train_acc=0.956 check=0.4364 best=0.4714@ep11
      [probe] ep16 train_loss=0.6639 train_acc=0.956 check=0.3509 best=0.4714@ep11
      [probe] ep17 train_loss=0.6260 train_acc=0.974 check=0.3930 best=0.4714@ep11
      [probe] ep18 train_loss=0.6456 train_acc=0.965 check=0.4056 best=0.4714@ep11
      [probe] ep19 train_loss=0.6377 train_acc=0.974 check=0.4352 best=0.4714@ep11
      [probe] ep20 train_loss=0.6709 train_acc=0.912 check=0.4061 best=0.4714@ep11
      [probe] ep21 train_loss=0.6376 train_acc=0.974 check=0.4320 best=0.4714@ep11
      [probe] ep22 train_loss=0.6351 train_acc=0.965 check=0.4032 best=0.4714@ep11
      [probe] ep23 train_loss=0.6497 train_acc=0.956 check=0.3930 best=0.4714@ep11
      [probe] refit epochs = 12 (check=0.4714)
      ep00 train_loss=1.7895 train_acc=0.312 | val_loss=1.5535 val_acc=0.292
      ep01 train_loss=1.3348 train_acc=0.528 | val_loss=1.1453 val_acc=0.500
      ep02 train_loss=1.1027 train_acc=0.618 | val_loss=1.0425 val_acc=0.562
      ep03 train_loss=1.0170 train_acc=0.660 | val_loss=0.9119 val_acc=0.688
      ep04 train_loss=0.9471 train_acc=0.750 | val_loss=0.9368 val_acc=0.667
      ep05 train_loss=0.9009 train_acc=0.771 | val_loss=0.9575 val_acc=0.729
      ep06 train_loss=0.8299 train_acc=0.854 | val_loss=0.9504 val_acc=0.688
      ep07 train_loss=0.9098 train_acc=0.799 | val_loss=0.8753 val_acc=0.750
      ep08 train_loss=0.7905 train_acc=0.854 | val_loss=0.8528 val_acc=0.771
      ep09 train_loss=0.7890 train_acc=0.826 | val_loss=0.8705 val_acc=0.771
      saved re-evaluation checkpoint fold4_ep09.pt
      ep10 train_loss=0.7781 train_acc=0.896 | val_loss=0.8918 val_acc=0.750
      saved re-evaluation checkpoint fold4_ep10.pt
      ep11 train_loss=0.7924 train_acc=0.903 | val_loss=0.8618 val_acc=0.750
      saved re-evaluation checkpoint fold4_ep11.pt
fold result: UF1=0.7959 UAR=0.8280 ACC=0.7708
FINAL dev: UF1=0.6518 UAR=0.6920 ACC=0.6510
saved reproducible artifacts to D:\AI-Projects\casmeII-new-from-sequence-model\experiments\protocol_v2\iter_70_r3d_es_refit_uf1_s42_v2_dev_p5 in 1114.1s
