=== EXPERIMENT iter_20_ema_smoke ===
time: 2026-07-16T14:46:26.855829
device: cuda (NVIDIA GeForce RTX 3060)
platform: Windows-10-10.0.26200-SP0 | torch 2.6.0+cu124
config:
{
  "seed": 42,
  "T": 16,
  "img_size": 128,
  "base_size": 144,
  "input_mode": "rgb",
  "backbone": "r3d_18",
  "pretrained": true,
  "dropout": 0.5,
  "epochs": 25,
  "lr": 0.0001,
  "weight_decay": 0.001,
  "batch_size": 6,
  "class_weighting": true,
  "label_smoothing": 0.1,
  "hflip": true,
  "color_jitter": 0.0,
  "temporal_jitter": true,
  "amp": true,
  "eval_last_k": 3,
  "tta": 5,
  "cache_dir": "cache/flow144",
  "index": "cache/index_emotion.csv",
  "class_names": [
    "happiness",
    "disgust",
    "repression",
    "surprise",
    "others"
  ],
  "name": "iter_20_r3d_ema",
  "modality": "flow",
  "temporal_span": "onset_offset",
  "flow_clip": 3.0,
  "ema": 0.998,
  "ema_start_epoch": 5
}
samples: 246 | classes: 5 ['happiness', 'disgust', 'repression', 'surprise', 'others']
loading arrays into RAM...
loaded 246 arrays
[SMOKE] limiting to 2 folds: [1, 2]

--- Fold 1/2 | test sub01 (9 test, 237 train) ---
      ep00 train_loss=1.6039 train_acc=0.363 | val_loss=1.2487 val_acc=0.444
      ep01 train_loss=1.2467 train_acc=0.565 | val_loss=1.0706 val_acc=0.444
      ep02 train_loss=1.1042 train_acc=0.616 | val_loss=0.8829 val_acc=0.667
      ep03 train_loss=1.0586 train_acc=0.667 | val_loss=0.7537 val_acc=0.667
      ep04 train_loss=0.9661 train_acc=0.722 | val_loss=0.6740 val_acc=0.667
      ep05 train_loss=0.8426 train_acc=0.835 | val_loss=0.6712 val_acc=0.667
      ep06 train_loss=0.8078 train_acc=0.840 | val_loss=0.8245 val_acc=0.778
      ep07 train_loss=0.7854 train_acc=0.882 | val_loss=0.7551 val_acc=0.778
      ep08 train_loss=0.8082 train_acc=0.840 | val_loss=0.8276 val_acc=0.667
      ep09 train_loss=0.7868 train_acc=0.869 | val_loss=0.9635 val_acc=0.667
      ep10 train_loss=0.7561 train_acc=0.865 | val_loss=0.7870 val_acc=0.778
      ep11 train_loss=0.7038 train_acc=0.882 | val_loss=0.7099 val_acc=0.667
      ep12 train_loss=0.7071 train_acc=0.941 | val_loss=0.7801 val_acc=0.778
      ep13 train_loss=0.6346 train_acc=0.941 | val_loss=0.7652 val_acc=0.667
      ep14 train_loss=0.6305 train_acc=0.949 | val_loss=0.7572 val_acc=0.778
      ep15 train_loss=0.6392 train_acc=0.966 | val_loss=0.7103 val_acc=0.667
      ep16 train_loss=0.6630 train_acc=0.924 | val_loss=0.7900 val_acc=0.778
      ep17 train_loss=0.6444 train_acc=0.962 | val_loss=0.8234 val_acc=0.778
      ep18 train_loss=0.6457 train_acc=0.932 | val_loss=0.8838 val_acc=0.667
      ep19 train_loss=0.6266 train_acc=0.962 | val_loss=0.8115 val_acc=0.778
      ep20 train_loss=0.6233 train_acc=0.962 | val_loss=0.7975 val_acc=0.778
      ep21 train_loss=0.6388 train_acc=0.954 | val_loss=0.8048 val_acc=0.778
      ep22 train_loss=0.5926 train_acc=0.970 | val_loss=0.7498 val_acc=0.778
      ep23 train_loss=0.6257 train_acc=0.937 | val_loss=0.8176 val_acc=0.778
      ep24 train_loss=0.6012 train_acc=0.983 | val_loss=0.8052 val_acc=0.778
    fold acc=0.778 time=261.4s | running pooled acc=0.778

--- Fold 2/2 | test sub02 (13 test, 233 train) ---
      ep00 train_loss=1.6129 train_acc=0.335 | val_loss=1.2814 val_acc=0.385
      ep01 train_loss=1.1295 train_acc=0.605 | val_loss=1.5196 val_acc=0.538
      ep02 train_loss=1.1023 train_acc=0.639 | val_loss=1.3757 val_acc=0.385
      ep03 train_loss=1.0081 train_acc=0.712 | val_loss=1.5419 val_acc=0.538
      ep04 train_loss=0.9022 train_acc=0.773 | val_loss=1.7027 val_acc=0.308
      ep05 train_loss=0.8787 train_acc=0.815 | val_loss=1.3963 val_acc=0.615
      ep06 train_loss=0.8622 train_acc=0.807 | val_loss=1.4042 val_acc=0.538
      ep07 train_loss=0.7611 train_acc=0.880 | val_loss=0.9162 val_acc=0.615
      ep08 train_loss=0.8192 train_acc=0.837 | val_loss=1.3339 val_acc=0.538
      ep09 train_loss=0.7599 train_acc=0.893 | val_loss=1.0183 val_acc=0.692
      ep10 train_loss=0.7714 train_acc=0.897 | val_loss=1.2210 val_acc=0.385
      ep11 train_loss=0.7494 train_acc=0.880 | val_loss=1.5347 val_acc=0.385
      ep12 train_loss=0.7131 train_acc=0.944 | val_loss=1.3273 val_acc=0.462
      ep13 train_loss=0.6674 train_acc=0.961 | val_loss=1.5023 val_acc=0.308
      ep14 train_loss=0.6793 train_acc=0.970 | val_loss=1.1568 val_acc=0.615
      ep15 train_loss=0.6479 train_acc=0.953 | val_loss=1.2445 val_acc=0.615
      ep16 train_loss=0.6716 train_acc=0.940 | val_loss=1.1095 val_acc=0.385
      ep17 train_loss=0.6654 train_acc=0.957 | val_loss=1.1500 val_acc=0.462
      ep18 train_loss=0.6322 train_acc=0.970 | val_loss=0.9597 val_acc=0.615
      ep19 train_loss=0.6121 train_acc=0.991 | val_loss=1.0540 val_acc=0.538
      ep20 train_loss=0.6611 train_acc=0.970 | val_loss=0.9981 val_acc=0.538
      ep21 train_loss=0.6566 train_acc=0.970 | val_loss=1.0112 val_acc=0.615
      ep22 train_loss=0.6556 train_acc=0.966 | val_loss=1.0724 val_acc=0.538
      ep23 train_loss=0.6220 train_acc=0.991 | val_loss=1.0340 val_acc=0.615
      ep24 train_loss=0.6802 train_acc=0.957 | val_loss=1.0693 val_acc=0.615
    fold acc=0.462 time=250.2s | running pooled acc=0.591

=== FINAL (pooled LOSO) ===
UF1 = 0.5655
UAR = 0.6200
ACC = 0.5909
per-class F1: happiness=0.286, disgust=0.500, repression=0.667, surprise=0.750, others=0.625
per-class recall: happiness=0.500, disgust=0.500, repression=0.600, surprise=1.000, others=0.500
confusion matrix (rows=true):
        happin disgus repres surpri others
happine      1      0      0      1      0
disgust      0      1      0      0      1
repress      2      0      3      0      0
surpris      0      0      0      3      0
 others      2      1      1      1      5

saved to D:\AI-Projects\casmeII-new-from-sequence-model\experiments\iter_20_ema_smoke
elapsed 512.8s
