=== EXPERIMENT iter_17_mc3 ===
time: 2026-07-15T17:55:11.580398
device: cuda (NVIDIA GeForce RTX 3060)
platform: Windows-10-10.0.26200-SP0 | torch 2.6.0+cu124
config:
{
  "seed": 42,
  "T": 16,
  "img_size": 128,
  "base_size": 144,
  "input_mode": "rgb",
  "backbone": "mc3_18",
  "pretrained": true,
  "dropout": 0.5,
  "epochs": 25,
  "lr": 0.0001,
  "weight_decay": 0.001,
  "batch_size": 6,
  "class_weighting": true,
  "label_smoothing": 0.1,
  "hflip": true,
  "color_jitter": 0.0,
  "temporal_jitter": true,
  "amp": true,
  "eval_last_k": 3,
  "tta": 5,
  "cache_dir": "cache/flow144",
  "index": "cache/index_emotion.csv",
  "class_names": [
    "happiness",
    "disgust",
    "repression",
    "surprise",
    "others"
  ],
  "name": "iter_17_mc3_res128",
  "modality": "flow",
  "temporal_span": "onset_offset",
  "flow_clip": 3.0
}
samples: 246 | classes: 5 ['happiness', 'disgust', 'repression', 'surprise', 'others']
loading arrays into RAM...
loaded 246 arrays

--- Fold 1/26 | test sub01 (9 test, 237 train) ---
      ep00 train_loss=1.5626 train_acc=0.316 | val_loss=1.3614 val_acc=0.333
      ep01 train_loss=1.3784 train_acc=0.477 | val_loss=1.0769 val_acc=0.333
      ep02 train_loss=1.1726 train_acc=0.570 | val_loss=0.9599 val_acc=0.556
      ep03 train_loss=1.1110 train_acc=0.633 | val_loss=0.8787 val_acc=0.556
      ep04 train_loss=1.0917 train_acc=0.684 | val_loss=0.8615 val_acc=0.556
      ep05 train_loss=0.9612 train_acc=0.764 | val_loss=0.8738 val_acc=0.444
      ep06 train_loss=0.8792 train_acc=0.772 | val_loss=0.8941 val_acc=0.556
      ep07 train_loss=0.8797 train_acc=0.793 | val_loss=0.7192 val_acc=0.889
      ep08 train_loss=0.7767 train_acc=0.848 | val_loss=0.6411 val_acc=0.778
      ep09 train_loss=0.8162 train_acc=0.840 | val_loss=0.6928 val_acc=0.778
      ep10 train_loss=0.7697 train_acc=0.886 | val_loss=0.4629 val_acc=0.889
      ep11 train_loss=0.8460 train_acc=0.844 | val_loss=0.6547 val_acc=0.778
      ep12 train_loss=0.7106 train_acc=0.928 | val_loss=0.5312 val_acc=0.889
      ep13 train_loss=0.7354 train_acc=0.895 | val_loss=0.5088 val_acc=0.889
      ep14 train_loss=0.7119 train_acc=0.920 | val_loss=0.7003 val_acc=0.667
      ep15 train_loss=0.7167 train_acc=0.928 | val_loss=0.5303 val_acc=0.778
      ep16 train_loss=0.6961 train_acc=0.899 | val_loss=0.4718 val_acc=0.889
      ep17 train_loss=0.6238 train_acc=0.962 | val_loss=0.5101 val_acc=0.889
      ep18 train_loss=0.6627 train_acc=0.941 | val_loss=0.5161 val_acc=0.778
      ep19 train_loss=0.6449 train_acc=0.949 | val_loss=0.5615 val_acc=0.778
      ep20 train_loss=0.6531 train_acc=0.962 | val_loss=0.5564 val_acc=0.778
      ep21 train_loss=0.6254 train_acc=0.962 | val_loss=0.5609 val_acc=0.778
      ep22 train_loss=0.6600 train_acc=0.945 | val_loss=0.5663 val_acc=0.778
      ep23 train_loss=0.6124 train_acc=0.962 | val_loss=0.5569 val_acc=0.778
      ep24 train_loss=0.6700 train_acc=0.949 | val_loss=0.5375 val_acc=0.778
    fold acc=0.778 time=260.3s | running pooled acc=0.778

--- Fold 2/26 | test sub02 (13 test, 233 train) ---
      ep00 train_loss=1.6604 train_acc=0.283 | val_loss=1.1986 val_acc=0.615
      ep01 train_loss=1.3479 train_acc=0.515 | val_loss=1.5320 val_acc=0.462
      ep02 train_loss=1.1585 train_acc=0.584 | val_loss=1.5636 val_acc=0.462
      ep03 train_loss=1.0315 train_acc=0.691 | val_loss=1.7948 val_acc=0.385
      ep04 train_loss=1.0432 train_acc=0.700 | val_loss=1.4662 val_acc=0.462
      ep05 train_loss=0.9466 train_acc=0.755 | val_loss=1.5245 val_acc=0.385
      ep06 train_loss=0.9153 train_acc=0.803 | val_loss=1.2774 val_acc=0.385
      ep07 train_loss=0.9080 train_acc=0.785 | val_loss=1.6330 val_acc=0.385
      ep08 train_loss=0.9127 train_acc=0.811 | val_loss=1.6087 val_acc=0.385
      ep09 train_loss=0.7922 train_acc=0.850 | val_loss=1.9225 val_acc=0.308
      ep10 train_loss=0.7822 train_acc=0.876 | val_loss=1.5188 val_acc=0.462
      ep11 train_loss=0.7989 train_acc=0.854 | val_loss=1.5297 val_acc=0.462
      ep12 train_loss=0.7523 train_acc=0.884 | val_loss=1.5744 val_acc=0.462
      ep13 train_loss=0.7541 train_acc=0.854 | val_loss=1.7309 val_acc=0.385
      ep14 train_loss=0.7160 train_acc=0.884 | val_loss=1.4944 val_acc=0.385
      ep15 train_loss=0.6932 train_acc=0.948 | val_loss=1.4323 val_acc=0.385
      ep16 train_loss=0.6715 train_acc=0.948 | val_loss=1.6484 val_acc=0.462
      ep17 train_loss=0.7095 train_acc=0.957 | val_loss=1.3496 val_acc=0.385
      ep18 train_loss=0.7001 train_acc=0.927 | val_loss=1.4728 val_acc=0.385
      ep19 train_loss=0.6608 train_acc=0.957 | val_loss=1.5224 val_acc=0.385
      ep20 train_loss=0.6551 train_acc=0.961 | val_loss=1.3859 val_acc=0.385
      ep21 train_loss=0.6768 train_acc=0.957 | val_loss=1.5041 val_acc=0.462
      ep22 train_loss=0.7217 train_acc=0.927 | val_loss=1.5802 val_acc=0.385
      ep23 train_loss=0.6735 train_acc=0.974 | val_loss=1.5938 val_acc=0.385
      ep24 train_loss=0.6849 train_acc=0.944 | val_loss=1.4720 val_acc=0.385
    fold acc=0.462 time=267.2s | running pooled acc=0.591

--- Fold 3/26 | test sub03 (7 test, 239 train) ---
      ep00 train_loss=1.6421 train_acc=0.264 | val_loss=1.7505 val_acc=0.143
      ep01 train_loss=1.2915 train_acc=0.498 | val_loss=1.3553 val_acc=0.286
      ep02 train_loss=1.1928 train_acc=0.586 | val_loss=1.3470 val_acc=0.571
      ep03 train_loss=1.0870 train_acc=0.636 | val_loss=1.2604 val_acc=0.429
      ep04 train_loss=1.0286 train_acc=0.682 | val_loss=1.1191 val_acc=0.429
      ep05 train_loss=0.9127 train_acc=0.774 | val_loss=1.0816 val_acc=0.429
      ep06 train_loss=0.8633 train_acc=0.774 | val_loss=1.2009 val_acc=0.571
      ep07 train_loss=0.8238 train_acc=0.841 | val_loss=0.8769 val_acc=0.714
      ep08 train_loss=0.8672 train_acc=0.799 | val_loss=1.3029 val_acc=0.714
      ep09 train_loss=0.8250 train_acc=0.812 | val_loss=0.9947 val_acc=0.714
      ep10 train_loss=0.7819 train_acc=0.858 | val_loss=0.9658 val_acc=0.571
      ep11 train_loss=0.7065 train_acc=0.925 | val_loss=1.1806 val_acc=0.714
      ep12 train_loss=0.7323 train_acc=0.879 | val_loss=1.0167 val_acc=0.571
      ep13 train_loss=0.6982 train_acc=0.887 | val_loss=1.4766 val_acc=0.714
      ep14 train_loss=0.7311 train_acc=0.916 | val_loss=1.1613 val_acc=0.714
      ep15 train_loss=0.6846 train_acc=0.921 | val_loss=1.0391 val_acc=0.571
      ep16 train_loss=0.6739 train_acc=0.941 | val_loss=1.0586 val_acc=0.571
      ep17 train_loss=0.6699 train_acc=0.941 | val_loss=1.0136 val_acc=0.429
      ep18 train_loss=0.6596 train_acc=0.941 | val_loss=1.0627 val_acc=0.429
      ep19 train_loss=0.6725 train_acc=0.941 | val_loss=1.0500 val_acc=0.429
      ep20 train_loss=0.6237 train_acc=0.958 | val_loss=1.1394 val_acc=0.429
      ep21 train_loss=0.6275 train_acc=0.971 | val_loss=1.1108 val_acc=0.571
      ep22 train_loss=0.6576 train_acc=0.950 | val_loss=1.0136 val_acc=0.571
      ep23 train_loss=0.6566 train_acc=0.954 | val_loss=1.0468 val_acc=0.571
      ep24 train_loss=0.6456 train_acc=0.950 | val_loss=1.0908 val_acc=0.429
    fold acc=0.429 time=268.1s | running pooled acc=0.552

--- Fold 4/26 | test sub04 (5 test, 241 train) ---
      ep00 train_loss=1.6001 train_acc=0.278 | val_loss=1.0822 val_acc=0.600
      ep01 train_loss=1.2843 train_acc=0.490 | val_loss=0.7972 val_acc=0.800
      ep02 train_loss=1.0660 train_acc=0.680 | val_loss=0.6209 val_acc=0.600
      ep03 train_loss=1.0862 train_acc=0.647 | val_loss=0.5749 val_acc=0.600
      ep04 train_loss=1.0243 train_acc=0.722 | val_loss=0.6208 val_acc=0.600
      ep05 train_loss=0.8775 train_acc=0.788 | val_loss=0.4980 val_acc=0.800
      ep06 train_loss=0.8787 train_acc=0.788 | val_loss=0.7308 val_acc=0.600
      ep07 train_loss=0.9014 train_acc=0.793 | val_loss=0.6639 val_acc=0.800
      ep08 train_loss=0.8581 train_acc=0.788 | val_loss=0.4950 val_acc=0.800
      ep09 train_loss=0.8066 train_acc=0.830 | val_loss=0.4167 val_acc=0.800
      ep10 train_loss=0.8002 train_acc=0.822 | val_loss=0.4697 val_acc=0.800
      ep11 train_loss=0.7530 train_acc=0.892 | val_loss=0.3905 val_acc=1.000
      ep12 train_loss=0.7270 train_acc=0.896 | val_loss=0.4950 val_acc=0.800
      ep13 train_loss=0.7082 train_acc=0.900 | val_loss=0.5102 val_acc=0.800
      ep14 train_loss=0.7056 train_acc=0.925 | val_loss=0.4089 val_acc=0.800
      ep15 train_loss=0.6847 train_acc=0.925 | val_loss=0.5351 val_acc=0.800
      ep16 train_loss=0.6517 train_acc=0.954 | val_loss=0.4758 val_acc=0.800
      ep17 train_loss=0.6749 train_acc=0.934 | val_loss=0.4322 val_acc=0.800
      ep18 train_loss=0.6774 train_acc=0.929 | val_loss=0.3734 val_acc=0.800
      ep19 train_loss=0.6242 train_acc=0.946 | val_loss=0.4578 val_acc=0.800
      ep20 train_loss=0.7180 train_acc=0.900 | val_loss=0.5345 val_acc=0.800
      ep21 train_loss=0.6382 train_acc=0.975 | val_loss=0.4511 val_acc=0.800
      ep22 train_loss=0.6809 train_acc=0.946 | val_loss=0.4920 val_acc=0.800
      ep23 train_loss=0.6977 train_acc=0.921 | val_loss=0.4379 val_acc=0.800
      ep24 train_loss=0.6295 train_acc=0.971 | val_loss=0.5362 val_acc=0.800
    fold acc=1.000 time=262.4s | running pooled acc=0.618

--- Fold 5/26 | test sub05 (19 test, 227 train) ---
      ep00 train_loss=1.6083 train_acc=0.264 | val_loss=1.7289 val_acc=0.211
      ep01 train_loss=1.2810 train_acc=0.529 | val_loss=1.8683 val_acc=0.263
      ep02 train_loss=1.1288 train_acc=0.617 | val_loss=1.7533 val_acc=0.368
      ep03 train_loss=0.9872 train_acc=0.674 | val_loss=1.6655 val_acc=0.368
      ep04 train_loss=1.0060 train_acc=0.740 | val_loss=1.6059 val_acc=0.421
      ep05 train_loss=0.9834 train_acc=0.736 | val_loss=1.6591 val_acc=0.421
      ep06 train_loss=0.9257 train_acc=0.775 | val_loss=2.6824 val_acc=0.316
      ep07 train_loss=0.9051 train_acc=0.780 | val_loss=1.3907 val_acc=0.474
      ep08 train_loss=0.8130 train_acc=0.802 | val_loss=1.3960 val_acc=0.421
      ep09 train_loss=0.8286 train_acc=0.863 | val_loss=1.7450 val_acc=0.474
      ep10 train_loss=0.7318 train_acc=0.885 | val_loss=1.5897 val_acc=0.421
      ep11 train_loss=0.7382 train_acc=0.899 | val_loss=1.7072 val_acc=0.474
      ep12 train_loss=0.7582 train_acc=0.907 | val_loss=1.3921 val_acc=0.368
      ep13 train_loss=0.6965 train_acc=0.938 | val_loss=1.6574 val_acc=0.421
      ep14 train_loss=0.7035 train_acc=0.899 | val_loss=1.4018 val_acc=0.474
      ep15 train_loss=0.6661 train_acc=0.934 | val_loss=1.4463 val_acc=0.526
      ep16 train_loss=0.7143 train_acc=0.912 | val_loss=1.5109 val_acc=0.474
      ep17 train_loss=0.6761 train_acc=0.943 | val_loss=1.6390 val_acc=0.421
      ep18 train_loss=0.6653 train_acc=0.978 | val_loss=1.4735 val_acc=0.474
      ep19 train_loss=0.6591 train_acc=0.978 | val_loss=1.4612 val_acc=0.474
      ep20 train_loss=0.6835 train_acc=0.938 | val_loss=1.4371 val_acc=0.474
      ep21 train_loss=0.6898 train_acc=0.947 | val_loss=1.4752 val_acc=0.474
      ep22 train_loss=0.6631 train_acc=0.960 | val_loss=1.5492 val_acc=0.421
      ep23 train_loss=0.6663 train_acc=0.934 | val_loss=1.4596 val_acc=0.474
      ep24 train_loss=0.6758 train_acc=0.960 | val_loss=1.4942 val_acc=0.474
    fold acc=0.474 time=263.4s | running pooled acc=0.566

--- Fold 6/26 | test sub06 (5 test, 241 train) ---
      ep00 train_loss=1.6441 train_acc=0.270 | val_loss=1.4161 val_acc=0.600
      ep01 train_loss=1.3200 train_acc=0.473 | val_loss=1.5333 val_acc=0.800
      ep02 train_loss=1.1175 train_acc=0.643 | val_loss=1.2289 val_acc=0.800
      ep03 train_loss=1.0711 train_acc=0.676 | val_loss=0.9816 val_acc=0.800
      ep04 train_loss=1.0577 train_acc=0.726 | val_loss=1.5700 val_acc=0.800
      ep05 train_loss=0.9527 train_acc=0.697 | val_loss=1.1353 val_acc=0.800
      ep06 train_loss=0.8592 train_acc=0.809 | val_loss=1.2568 val_acc=0.600
      ep07 train_loss=0.9251 train_acc=0.776 | val_loss=0.9978 val_acc=0.800
      ep08 train_loss=0.8595 train_acc=0.830 | val_loss=0.6689 val_acc=0.600
      ep09 train_loss=0.8156 train_acc=0.822 | val_loss=0.9029 val_acc=0.800
      ep10 train_loss=0.8238 train_acc=0.797 | val_loss=0.9418 val_acc=0.600
      ep11 train_loss=0.7446 train_acc=0.888 | val_loss=0.9613 val_acc=0.600
      ep12 train_loss=0.7195 train_acc=0.921 | val_loss=0.7292 val_acc=0.800
      ep13 train_loss=0.7138 train_acc=0.917 | val_loss=0.7880 val_acc=0.800
      ep14 train_loss=0.7417 train_acc=0.921 | val_loss=0.8310 val_acc=0.800
      ep15 train_loss=0.7260 train_acc=0.905 | val_loss=0.9775 val_acc=0.800
      ep16 train_loss=0.6791 train_acc=0.925 | val_loss=0.9992 val_acc=0.800
      ep17 train_loss=0.6865 train_acc=0.942 | val_loss=0.8237 val_acc=0.800
      ep18 train_loss=0.7495 train_acc=0.896 | val_loss=0.9163 val_acc=0.800
      ep19 train_loss=0.6582 train_acc=0.942 | val_loss=0.9533 val_acc=0.800
      ep20 train_loss=0.7345 train_acc=0.909 | val_loss=1.0722 val_acc=0.800
      ep21 train_loss=0.6550 train_acc=0.971 | val_loss=1.0031 val_acc=0.800
      ep22 train_loss=0.6752 train_acc=0.946 | val_loss=0.9762 val_acc=0.800
      ep23 train_loss=0.7112 train_acc=0.929 | val_loss=0.8414 val_acc=0.800
      ep24 train_loss=0.6426 train_acc=0.975 | val_loss=0.9187 val_acc=0.800
    fold acc=0.800 time=258.5s | running pooled acc=0.586

--- Fold 7/26 | test sub07 (9 test, 237 train) ---
      ep00 train_loss=1.5931 train_acc=0.308 | val_loss=1.2556 val_acc=0.333
      ep01 train_loss=1.3545 train_acc=0.473 | val_loss=1.0990 val_acc=0.444
      ep02 train_loss=1.1882 train_acc=0.540 | val_loss=1.2563 val_acc=0.444
      ep03 train_loss=1.0904 train_acc=0.620 | val_loss=0.9431 val_acc=0.778
      ep04 train_loss=1.1260 train_acc=0.675 | val_loss=1.1445 val_acc=0.556
      ep05 train_loss=0.9042 train_acc=0.751 | val_loss=1.2181 val_acc=0.444
      ep06 train_loss=0.8818 train_acc=0.802 | val_loss=1.2786 val_acc=0.333
      ep07 train_loss=0.8583 train_acc=0.823 | val_loss=1.2289 val_acc=0.556
      ep08 train_loss=0.8320 train_acc=0.823 | val_loss=1.0528 val_acc=0.556
      ep09 train_loss=0.7620 train_acc=0.878 | val_loss=1.1700 val_acc=0.556
      ep10 train_loss=0.8801 train_acc=0.806 | val_loss=1.0293 val_acc=0.556
      ep11 train_loss=0.8130 train_acc=0.844 | val_loss=1.2360 val_acc=0.444
      ep12 train_loss=0.7333 train_acc=0.865 | val_loss=1.0387 val_acc=0.667
      ep13 train_loss=0.7136 train_acc=0.916 | val_loss=0.9220 val_acc=0.778
      ep14 train_loss=0.6884 train_acc=0.907 | val_loss=1.1523 val_acc=0.556
      ep15 train_loss=0.7203 train_acc=0.945 | val_loss=1.0201 val_acc=0.444
      ep16 train_loss=0.6855 train_acc=0.916 | val_loss=0.9673 val_acc=0.667
      ep17 train_loss=0.6358 train_acc=0.962 | val_loss=0.9255 val_acc=0.556
      ep18 train_loss=0.6418 train_acc=0.954 | val_loss=1.0445 val_acc=0.444
      ep19 train_loss=0.6496 train_acc=0.941 | val_loss=0.9545 val_acc=0.778
      ep20 train_loss=0.6585 train_acc=0.958 | val_loss=1.0662 val_acc=0.556
      ep21 train_loss=0.6503 train_acc=0.962 | val_loss=1.0223 val_acc=0.444
      ep22 train_loss=0.6390 train_acc=0.962 | val_loss=1.0399 val_acc=0.444
      ep23 train_loss=0.6016 train_acc=0.970 | val_loss=1.0670 val_acc=0.556
      ep24 train_loss=0.6605 train_acc=0.962 | val_loss=0.9445 val_acc=0.556
    fold acc=0.667 time=241.8s | running pooled acc=0.597

--- Fold 8/26 | test sub08 (3 test, 243 train) ---
      ep00 train_loss=1.6301 train_acc=0.272 | val_loss=1.1531 val_acc=0.667
      ep01 train_loss=1.3006 train_acc=0.510 | val_loss=1.2679 val_acc=0.667
      ep02 train_loss=1.1065 train_acc=0.634 | val_loss=1.0812 val_acc=0.667
      ep03 train_loss=1.0329 train_acc=0.687 | val_loss=0.9232 val_acc=0.667
      ep04 train_loss=1.0715 train_acc=0.679 | val_loss=1.5940 val_acc=0.333
      ep05 train_loss=0.9483 train_acc=0.745 | val_loss=0.9231 val_acc=0.667
      ep06 train_loss=0.8837 train_acc=0.786 | val_loss=1.2796 val_acc=0.333
      ep07 train_loss=0.8970 train_acc=0.786 | val_loss=1.8475 val_acc=0.000
      ep08 train_loss=0.8265 train_acc=0.840 | val_loss=1.2069 val_acc=0.333
      ep09 train_loss=0.7755 train_acc=0.868 | val_loss=1.2780 val_acc=0.333
      ep10 train_loss=0.7922 train_acc=0.881 | val_loss=2.1182 val_acc=0.333
      ep11 train_loss=0.7849 train_acc=0.856 | val_loss=1.7445 val_acc=0.333
      ep12 train_loss=0.7315 train_acc=0.868 | val_loss=1.4204 val_acc=0.333
      ep13 train_loss=0.7158 train_acc=0.905 | val_loss=0.8969 val_acc=0.667
      ep14 train_loss=0.7262 train_acc=0.897 | val_loss=0.8915 val_acc=0.667
      ep15 train_loss=0.6826 train_acc=0.934 | val_loss=1.2971 val_acc=0.333
      ep16 train_loss=0.7279 train_acc=0.914 | val_loss=1.3837 val_acc=0.333
      ep17 train_loss=0.6976 train_acc=0.930 | val_loss=1.1123 val_acc=0.333
      ep18 train_loss=0.6816 train_acc=0.926 | val_loss=1.4891 val_acc=0.333
      ep19 train_loss=0.7067 train_acc=0.922 | val_loss=1.1530 val_acc=0.333
      ep20 train_loss=0.6591 train_acc=0.947 | val_loss=1.0730 val_acc=0.667
      ep21 train_loss=0.6951 train_acc=0.914 | val_loss=1.2922 val_acc=0.333
      ep22 train_loss=0.6606 train_acc=0.938 | val_loss=1.2694 val_acc=0.333
      ep23 train_loss=0.6514 train_acc=0.951 | val_loss=1.2716 val_acc=0.333
      ep24 train_loss=0.6399 train_acc=0.947 | val_loss=1.3868 val_acc=0.333
    fold acc=0.667 time=242.2s | running pooled acc=0.600

--- Fold 9/26 | test sub09 (13 test, 233 train) ---
      ep00 train_loss=1.6803 train_acc=0.318 | val_loss=1.1994 val_acc=0.615
      ep01 train_loss=1.3436 train_acc=0.524 | val_loss=1.0237 val_acc=0.692
      ep02 train_loss=1.2463 train_acc=0.532 | val_loss=0.7129 val_acc=0.846
      ep03 train_loss=1.0316 train_acc=0.665 | val_loss=0.6179 val_acc=0.769
      ep04 train_loss=1.0469 train_acc=0.657 | val_loss=0.5817 val_acc=0.769
      ep05 train_loss=0.9600 train_acc=0.747 | val_loss=0.8802 val_acc=0.692
      ep06 train_loss=0.8627 train_acc=0.811 | val_loss=0.6097 val_acc=0.769
      ep07 train_loss=0.9333 train_acc=0.777 | val_loss=0.7386 val_acc=0.769
      ep08 train_loss=0.8882 train_acc=0.880 | val_loss=0.6410 val_acc=0.846
      ep09 train_loss=0.8310 train_acc=0.863 | val_loss=0.9226 val_acc=0.615
      ep10 train_loss=0.7957 train_acc=0.863 | val_loss=0.7646 val_acc=0.769
      ep11 train_loss=0.8058 train_acc=0.828 | val_loss=0.7468 val_acc=0.769
      ep12 train_loss=0.8051 train_acc=0.876 | val_loss=0.6806 val_acc=0.769
      ep13 train_loss=0.7502 train_acc=0.888 | val_loss=0.7224 val_acc=0.769
      ep14 train_loss=0.7202 train_acc=0.884 | val_loss=0.6122 val_acc=0.692
      ep15 train_loss=0.6821 train_acc=0.944 | val_loss=0.6629 val_acc=0.692
      ep16 train_loss=0.6630 train_acc=0.948 | val_loss=0.7336 val_acc=0.692
      ep17 train_loss=0.6713 train_acc=0.948 | val_loss=0.7702 val_acc=0.692
      ep18 train_loss=0.7337 train_acc=0.918 | val_loss=0.7916 val_acc=0.692
      ep19 train_loss=0.6753 train_acc=0.948 | val_loss=0.8698 val_acc=0.692
      ep20 train_loss=0.6505 train_acc=0.944 | val_loss=0.7700 val_acc=0.692
      ep21 train_loss=0.6895 train_acc=0.957 | val_loss=0.8696 val_acc=0.692
      ep22 train_loss=0.7145 train_acc=0.936 | val_loss=0.8471 val_acc=0.692
      ep23 train_loss=0.6562 train_acc=0.957 | val_loss=0.8433 val_acc=0.692
      ep24 train_loss=0.6750 train_acc=0.948 | val_loss=0.8088 val_acc=0.615
    fold acc=0.692 time=241.4s | running pooled acc=0.614

--- Fold 10/26 | test sub10 (13 test, 233 train) ---
      ep00 train_loss=1.6134 train_acc=0.335 | val_loss=1.1556 val_acc=0.615
      ep01 train_loss=1.2716 train_acc=0.519 | val_loss=1.0550 val_acc=0.462
      ep02 train_loss=1.1596 train_acc=0.571 | val_loss=0.5827 val_acc=0.923
      ep03 train_loss=0.9950 train_acc=0.678 | val_loss=0.6104 val_acc=0.923
      ep04 train_loss=1.0021 train_acc=0.700 | val_loss=0.4155 val_acc=0.923
      ep05 train_loss=0.8863 train_acc=0.785 | val_loss=0.7254 val_acc=0.769
      ep06 train_loss=0.8369 train_acc=0.794 | val_loss=0.3901 val_acc=0.923
      ep07 train_loss=0.9059 train_acc=0.781 | val_loss=0.6768 val_acc=0.846
      ep08 train_loss=0.8205 train_acc=0.858 | val_loss=0.4789 val_acc=0.923
      ep09 train_loss=0.8017 train_acc=0.854 | val_loss=1.0583 val_acc=0.692
      ep10 train_loss=0.7473 train_acc=0.880 | val_loss=0.4935 val_acc=0.923
      ep11 train_loss=0.7615 train_acc=0.850 | val_loss=0.5453 val_acc=0.846
      ep12 train_loss=0.7590 train_acc=0.910 | val_loss=0.6285 val_acc=0.846
      ep13 train_loss=0.6794 train_acc=0.936 | val_loss=0.6434 val_acc=0.846
      ep14 train_loss=0.6745 train_acc=0.918 | val_loss=0.7600 val_acc=0.846
      ep15 train_loss=0.6502 train_acc=0.940 | val_loss=0.5181 val_acc=0.846
      ep16 train_loss=0.6187 train_acc=0.961 | val_loss=0.4847 val_acc=0.846
      ep17 train_loss=0.6480 train_acc=0.953 | val_loss=0.4702 val_acc=0.846
      ep18 train_loss=0.6695 train_acc=0.940 | val_loss=0.6067 val_acc=0.769
      ep19 train_loss=0.6235 train_acc=0.961 | val_loss=0.5598 val_acc=0.769
      ep20 train_loss=0.6106 train_acc=0.974 | val_loss=0.5691 val_acc=0.846
      ep21 train_loss=0.6463 train_acc=0.957 | val_loss=0.6577 val_acc=0.769
      ep22 train_loss=0.6538 train_acc=0.948 | val_loss=0.6411 val_acc=0.769
      ep23 train_loss=0.6232 train_acc=0.961 | val_loss=0.6744 val_acc=0.769
      ep24 train_loss=0.6273 train_acc=0.961 | val_loss=0.6129 val_acc=0.769
    fold acc=0.769 time=272.8s | running pooled acc=0.635

--- Fold 11/26 | test sub11 (10 test, 236 train) ---
      ep00 train_loss=1.6285 train_acc=0.305 | val_loss=1.1722 val_acc=0.300
      ep01 train_loss=1.3146 train_acc=0.492 | val_loss=1.0747 val_acc=0.500
      ep02 train_loss=1.1483 train_acc=0.581 | val_loss=0.9910 val_acc=0.600
      ep03 train_loss=1.0621 train_acc=0.665 | val_loss=1.2231 val_acc=0.600
      ep04 train_loss=1.0074 train_acc=0.703 | val_loss=0.8307 val_acc=0.600
      ep05 train_loss=0.9618 train_acc=0.699 | val_loss=1.0225 val_acc=0.600
      ep06 train_loss=0.8683 train_acc=0.780 | val_loss=1.0639 val_acc=0.700
      ep07 train_loss=0.8701 train_acc=0.797 | val_loss=0.9870 val_acc=0.600
      ep08 train_loss=0.8258 train_acc=0.826 | val_loss=1.0181 val_acc=0.700
      ep09 train_loss=0.7751 train_acc=0.839 | val_loss=1.2589 val_acc=0.600
      ep10 train_loss=0.7719 train_acc=0.869 | val_loss=0.7533 val_acc=0.700
      ep11 train_loss=0.7037 train_acc=0.915 | val_loss=0.7790 val_acc=0.700
      ep12 train_loss=0.7091 train_acc=0.915 | val_loss=0.7943 val_acc=0.700
      ep13 train_loss=0.7222 train_acc=0.890 | val_loss=0.6528 val_acc=0.700
      ep14 train_loss=0.6907 train_acc=0.915 | val_loss=0.7999 val_acc=0.800
      ep15 train_loss=0.6989 train_acc=0.936 | val_loss=0.6918 val_acc=0.800
      ep16 train_loss=0.6533 train_acc=0.949 | val_loss=0.7077 val_acc=0.500
      ep17 train_loss=0.6703 train_acc=0.928 | val_loss=0.7727 val_acc=0.600
      ep18 train_loss=0.6188 train_acc=0.970 | val_loss=0.8154 val_acc=0.800
      ep19 train_loss=0.6627 train_acc=0.932 | val_loss=0.7735 val_acc=0.700
      ep20 train_loss=0.6430 train_acc=0.966 | val_loss=0.7832 val_acc=0.700
      ep21 train_loss=0.6493 train_acc=0.949 | val_loss=0.8675 val_acc=0.700
      ep22 train_loss=0.6649 train_acc=0.928 | val_loss=0.8221 val_acc=0.700
      ep23 train_loss=0.6348 train_acc=0.966 | val_loss=0.7675 val_acc=0.700
      ep24 train_loss=0.6320 train_acc=0.953 | val_loss=0.7852 val_acc=0.700
    fold acc=0.800 time=264.4s | running pooled acc=0.651

--- Fold 12/26 | test sub12 (12 test, 234 train) ---
      ep00 train_loss=1.6375 train_acc=0.261 | val_loss=1.0360 val_acc=0.583
      ep01 train_loss=1.3222 train_acc=0.487 | val_loss=0.7692 val_acc=0.667
      ep02 train_loss=1.2097 train_acc=0.585 | val_loss=0.8106 val_acc=0.667
      ep03 train_loss=1.1458 train_acc=0.590 | val_loss=0.5950 val_acc=0.750
      ep04 train_loss=1.0732 train_acc=0.667 | val_loss=0.6139 val_acc=0.833
      ep05 train_loss=1.0247 train_acc=0.701 | val_loss=0.3813 val_acc=0.833
      ep06 train_loss=0.9248 train_acc=0.765 | val_loss=0.3598 val_acc=0.833
      ep07 train_loss=0.8691 train_acc=0.821 | val_loss=0.4443 val_acc=0.833
      ep08 train_loss=0.8752 train_acc=0.786 | val_loss=0.4354 val_acc=0.750
      ep09 train_loss=0.8351 train_acc=0.825 | val_loss=0.6112 val_acc=0.833
      ep10 train_loss=0.8142 train_acc=0.833 | val_loss=0.4000 val_acc=0.833
      ep11 train_loss=0.7743 train_acc=0.885 | val_loss=0.4551 val_acc=0.833
      ep12 train_loss=0.7367 train_acc=0.923 | val_loss=0.4651 val_acc=0.833
      ep13 train_loss=0.7903 train_acc=0.863 | val_loss=0.6511 val_acc=0.833
      ep14 train_loss=0.8372 train_acc=0.850 | val_loss=0.6163 val_acc=0.833
      ep15 train_loss=0.7293 train_acc=0.902 | val_loss=0.5836 val_acc=0.833
      ep16 train_loss=0.7284 train_acc=0.910 | val_loss=0.5086 val_acc=0.833
      ep17 train_loss=0.7030 train_acc=0.932 | val_loss=0.4110 val_acc=0.833
      ep18 train_loss=0.7242 train_acc=0.927 | val_loss=0.5456 val_acc=0.833
      ep19 train_loss=0.6833 train_acc=0.944 | val_loss=0.5093 val_acc=0.833
      ep20 train_loss=0.7074 train_acc=0.923 | val_loss=0.6054 val_acc=0.833
      ep21 train_loss=0.6685 train_acc=0.962 | val_loss=0.5853 val_acc=0.833
      ep22 train_loss=0.6438 train_acc=0.949 | val_loss=0.5235 val_acc=0.833
      ep23 train_loss=0.6387 train_acc=0.962 | val_loss=0.5112 val_acc=0.833
      ep24 train_loss=0.6931 train_acc=0.949 | val_loss=0.5244 val_acc=0.833
    fold acc=0.833 time=254.2s | running pooled acc=0.669

--- Fold 13/26 | test sub13 (8 test, 238 train) ---
      ep00 train_loss=1.6603 train_acc=0.290 | val_loss=1.2783 val_acc=0.125
      ep01 train_loss=1.3195 train_acc=0.483 | val_loss=1.0375 val_acc=0.625
      ep02 train_loss=1.2425 train_acc=0.550 | val_loss=1.0574 val_acc=0.375
      ep03 train_loss=1.2103 train_acc=0.622 | val_loss=0.9790 val_acc=0.625
      ep04 train_loss=1.0336 train_acc=0.706 | val_loss=0.9933 val_acc=0.375
      ep05 train_loss=0.9694 train_acc=0.714 | val_loss=0.7488 val_acc=0.750
      ep06 train_loss=0.9794 train_acc=0.744 | val_loss=0.7404 val_acc=0.750
      ep07 train_loss=0.8772 train_acc=0.761 | val_loss=0.8621 val_acc=0.625
      ep08 train_loss=0.8026 train_acc=0.853 | val_loss=0.5151 val_acc=0.875
      ep09 train_loss=0.7719 train_acc=0.878 | val_loss=0.7319 val_acc=0.500
      ep10 train_loss=0.7199 train_acc=0.899 | val_loss=0.6640 val_acc=0.750
      ep11 train_loss=0.7811 train_acc=0.878 | val_loss=0.5938 val_acc=0.875
      ep12 train_loss=0.7211 train_acc=0.891 | val_loss=0.5119 val_acc=0.875
      ep13 train_loss=0.7197 train_acc=0.920 | val_loss=0.6204 val_acc=0.875
      ep14 train_loss=0.6962 train_acc=0.912 | val_loss=0.6325 val_acc=0.875
      ep15 train_loss=0.6573 train_acc=0.924 | val_loss=0.8229 val_acc=0.750
      ep16 train_loss=0.7159 train_acc=0.908 | val_loss=0.6105 val_acc=0.750
      ep17 train_loss=0.6570 train_acc=0.933 | val_loss=0.4698 val_acc=0.875
      ep18 train_loss=0.6328 train_acc=0.954 | val_loss=0.5222 val_acc=0.750
      ep19 train_loss=0.6420 train_acc=0.966 | val_loss=0.5288 val_acc=0.750
      ep20 train_loss=0.6422 train_acc=0.962 | val_loss=0.4579 val_acc=0.750
      ep21 train_loss=0.6656 train_acc=0.950 | val_loss=0.4437 val_acc=0.750
      ep22 train_loss=0.6676 train_acc=0.950 | val_loss=0.4739 val_acc=0.750
      ep23 train_loss=0.6449 train_acc=0.962 | val_loss=0.4777 val_acc=0.750
      ep24 train_loss=0.6217 train_acc=0.971 | val_loss=0.4191 val_acc=0.750
    fold acc=0.875 time=252.3s | running pooled acc=0.683

--- Fold 14/26 | test sub14 (4 test, 242 train) ---
      ep00 train_loss=1.6397 train_acc=0.285 | val_loss=1.4304 val_acc=0.500
      ep01 train_loss=1.2971 train_acc=0.541 | val_loss=1.2262 val_acc=0.500
      ep02 train_loss=1.1569 train_acc=0.612 | val_loss=1.4185 val_acc=0.250
      ep03 train_loss=1.0808 train_acc=0.669 | val_loss=1.1021 val_acc=0.750
      ep04 train_loss=1.0558 train_acc=0.702 | val_loss=1.5824 val_acc=0.500
      ep05 train_loss=0.9656 train_acc=0.723 | val_loss=1.7597 val_acc=0.500
      ep06 train_loss=0.8684 train_acc=0.798 | val_loss=1.7841 val_acc=0.250
      ep07 train_loss=0.8573 train_acc=0.773 | val_loss=2.1482 val_acc=0.250
      ep08 train_loss=0.8461 train_acc=0.814 | val_loss=1.3147 val_acc=0.500
      ep09 train_loss=0.8073 train_acc=0.855 | val_loss=1.7756 val_acc=0.250
      ep10 train_loss=0.8134 train_acc=0.810 | val_loss=1.5832 val_acc=0.500
      ep11 train_loss=0.7641 train_acc=0.843 | val_loss=0.9869 val_acc=0.500
      ep12 train_loss=0.7712 train_acc=0.872 | val_loss=1.2524 val_acc=0.500
      ep13 train_loss=0.7104 train_acc=0.926 | val_loss=1.5511 val_acc=0.250
      ep14 train_loss=0.7327 train_acc=0.909 | val_loss=1.4392 val_acc=0.500
      ep15 train_loss=0.7214 train_acc=0.905 | val_loss=1.1393 val_acc=0.500
      ep16 train_loss=0.6901 train_acc=0.926 | val_loss=1.4355 val_acc=0.500
      ep17 train_loss=0.6943 train_acc=0.921 | val_loss=1.2943 val_acc=0.500
      ep18 train_loss=0.6853 train_acc=0.921 | val_loss=1.5583 val_acc=0.250
      ep19 train_loss=0.6680 train_acc=0.905 | val_loss=1.5375 val_acc=0.250
      ep20 train_loss=0.6413 train_acc=0.946 | val_loss=1.5190 val_acc=0.250
      ep21 train_loss=0.6609 train_acc=0.942 | val_loss=1.4327 val_acc=0.250
      ep22 train_loss=0.6603 train_acc=0.971 | val_loss=1.5050 val_acc=0.250
      ep23 train_loss=0.6657 train_acc=0.955 | val_loss=1.6184 val_acc=0.250
      ep24 train_loss=0.6554 train_acc=0.950 | val_loss=1.5928 val_acc=0.250
    fold acc=0.250 time=251.0s | running pooled acc=0.669

--- Fold 15/26 | test sub15 (3 test, 243 train) ---
      ep00 train_loss=1.6167 train_acc=0.284 | val_loss=1.0707 val_acc=0.667
      ep01 train_loss=1.2969 train_acc=0.490 | val_loss=0.6067 val_acc=0.667
      ep02 train_loss=1.1168 train_acc=0.626 | val_loss=0.6353 val_acc=1.000
      ep03 train_loss=0.9954 train_acc=0.720 | val_loss=0.4889 val_acc=1.000
      ep04 train_loss=1.0615 train_acc=0.679 | val_loss=0.5726 val_acc=1.000
      ep05 train_loss=0.9250 train_acc=0.712 | val_loss=0.8435 val_acc=0.667
      ep06 train_loss=0.9734 train_acc=0.757 | val_loss=1.0636 val_acc=0.667
      ep07 train_loss=0.8663 train_acc=0.802 | val_loss=0.5424 val_acc=1.000
      ep08 train_loss=0.8149 train_acc=0.848 | val_loss=0.8333 val_acc=0.667
      ep09 train_loss=0.8243 train_acc=0.819 | val_loss=0.7315 val_acc=0.667
      ep10 train_loss=0.8040 train_acc=0.885 | val_loss=1.3647 val_acc=0.667
      ep11 train_loss=0.7768 train_acc=0.881 | val_loss=0.5497 val_acc=1.000
      ep12 train_loss=0.7127 train_acc=0.914 | val_loss=0.8100 val_acc=0.667
      ep13 train_loss=0.7032 train_acc=0.881 | val_loss=0.4401 val_acc=1.000
      ep14 train_loss=0.7159 train_acc=0.901 | val_loss=0.5373 val_acc=0.667
      ep15 train_loss=0.6888 train_acc=0.930 | val_loss=0.3759 val_acc=1.000
      ep16 train_loss=0.7308 train_acc=0.893 | val_loss=0.4790 val_acc=0.667
      ep17 train_loss=0.6936 train_acc=0.918 | val_loss=0.6650 val_acc=0.667
      ep18 train_loss=0.7142 train_acc=0.918 | val_loss=0.3700 val_acc=1.000
      ep19 train_loss=0.6812 train_acc=0.947 | val_loss=0.7204 val_acc=0.667
      ep20 train_loss=0.6590 train_acc=0.959 | val_loss=0.6622 val_acc=0.667
      ep21 train_loss=0.6741 train_acc=0.942 | val_loss=0.8220 val_acc=0.667
      ep22 train_loss=0.6650 train_acc=0.951 | val_loss=0.6036 val_acc=0.667
      ep23 train_loss=0.6567 train_acc=0.959 | val_loss=0.6797 val_acc=0.667
      ep24 train_loss=0.6600 train_acc=0.942 | val_loss=0.5906 val_acc=0.667
    fold acc=0.667 time=253.8s | running pooled acc=0.669

--- Fold 16/26 | test sub16 (4 test, 242 train) ---
      ep00 train_loss=1.6051 train_acc=0.289 | val_loss=1.6812 val_acc=0.000
      ep01 train_loss=1.2828 train_acc=0.517 | val_loss=1.5461 val_acc=0.250
      ep02 train_loss=1.1376 train_acc=0.599 | val_loss=1.4646 val_acc=0.250
      ep03 train_loss=1.0817 train_acc=0.657 | val_loss=1.4394 val_acc=0.250
      ep04 train_loss=1.0602 train_acc=0.686 | val_loss=1.3841 val_acc=0.250
      ep05 train_loss=0.9697 train_acc=0.748 | val_loss=1.2249 val_acc=0.250
      ep06 train_loss=0.8566 train_acc=0.793 | val_loss=1.1326 val_acc=0.500
      ep07 train_loss=0.8409 train_acc=0.806 | val_loss=1.0403 val_acc=0.750
      ep08 train_loss=0.8603 train_acc=0.798 | val_loss=1.1501 val_acc=0.500
      ep09 train_loss=0.7958 train_acc=0.876 | val_loss=0.8956 val_acc=0.750
      ep10 train_loss=0.8139 train_acc=0.847 | val_loss=0.8295 val_acc=0.750
      ep11 train_loss=0.7536 train_acc=0.880 | val_loss=0.8932 val_acc=0.750
      ep12 train_loss=0.7677 train_acc=0.868 | val_loss=0.7851 val_acc=0.750
      ep13 train_loss=0.6974 train_acc=0.905 | val_loss=0.8248 val_acc=0.750
      ep14 train_loss=0.7241 train_acc=0.930 | val_loss=0.8286 val_acc=0.750
      ep15 train_loss=0.7322 train_acc=0.909 | val_loss=0.9560 val_acc=0.750
      ep16 train_loss=0.6923 train_acc=0.938 | val_loss=1.0430 val_acc=0.750
      ep17 train_loss=0.6971 train_acc=0.926 | val_loss=1.0187 val_acc=0.750
      ep18 train_loss=0.7025 train_acc=0.917 | val_loss=1.0612 val_acc=0.750
      ep19 train_loss=0.6773 train_acc=0.901 | val_loss=0.7851 val_acc=0.750
      ep20 train_loss=0.6566 train_acc=0.942 | val_loss=0.8536 val_acc=0.750
      ep21 train_loss=0.6644 train_acc=0.930 | val_loss=1.1349 val_acc=0.750
      ep22 train_loss=0.6634 train_acc=0.967 | val_loss=0.8779 val_acc=0.750
      ep23 train_loss=0.6612 train_acc=0.950 | val_loss=0.8125 val_acc=0.750
      ep24 train_loss=0.6531 train_acc=0.942 | val_loss=0.9642 val_acc=0.750
    fold acc=0.750 time=253.6s | running pooled acc=0.672

--- Fold 17/26 | test sub17 (34 test, 212 train) ---
      ep00 train_loss=1.7160 train_acc=0.241 | val_loss=1.2364 val_acc=0.529
      ep01 train_loss=1.3235 train_acc=0.495 | val_loss=0.9903 val_acc=0.588
      ep02 train_loss=1.1938 train_acc=0.538 | val_loss=1.0242 val_acc=0.618
      ep03 train_loss=1.1416 train_acc=0.632 | val_loss=0.8375 val_acc=0.735
      ep04 train_loss=1.1427 train_acc=0.632 | val_loss=0.8929 val_acc=0.618
      ep05 train_loss=1.0356 train_acc=0.623 | val_loss=0.8169 val_acc=0.676
      ep06 train_loss=1.0230 train_acc=0.736 | val_loss=1.2903 val_acc=0.353
      ep07 train_loss=0.8981 train_acc=0.807 | val_loss=1.0935 val_acc=0.559
      ep08 train_loss=0.9074 train_acc=0.811 | val_loss=0.8162 val_acc=0.618
      ep09 train_loss=0.8429 train_acc=0.854 | val_loss=0.9155 val_acc=0.588
      ep10 train_loss=0.8332 train_acc=0.840 | val_loss=1.0111 val_acc=0.588
      ep11 train_loss=0.8461 train_acc=0.854 | val_loss=0.7334 val_acc=0.765
      ep12 train_loss=0.8427 train_acc=0.830 | val_loss=0.6869 val_acc=0.706
      ep13 train_loss=0.7124 train_acc=0.934 | val_loss=0.8597 val_acc=0.676
      ep14 train_loss=0.7341 train_acc=0.915 | val_loss=0.7650 val_acc=0.647
      ep15 train_loss=0.7344 train_acc=0.948 | val_loss=0.8625 val_acc=0.676
      ep16 train_loss=0.7213 train_acc=0.934 | val_loss=0.8974 val_acc=0.647
      ep17 train_loss=0.7173 train_acc=0.925 | val_loss=0.9272 val_acc=0.647
      ep18 train_loss=0.7152 train_acc=0.939 | val_loss=0.7956 val_acc=0.706
      ep19 train_loss=0.6997 train_acc=0.920 | val_loss=0.8490 val_acc=0.735
      ep20 train_loss=0.6780 train_acc=0.958 | val_loss=0.7925 val_acc=0.706
      ep21 train_loss=0.6972 train_acc=0.953 | val_loss=0.8202 val_acc=0.676
      ep22 train_loss=0.6786 train_acc=0.948 | val_loss=0.8954 val_acc=0.676
      ep23 train_loss=0.6637 train_acc=0.962 | val_loss=0.9246 val_acc=0.647
      ep24 train_loss=0.7008 train_acc=0.948 | val_loss=0.8069 val_acc=0.706
    fold acc=0.676 time=249.8s | running pooled acc=0.673

--- Fold 18/26 | test sub18 (3 test, 243 train) ---
      ep00 train_loss=1.6345 train_acc=0.300 | val_loss=1.1174 val_acc=0.667
      ep01 train_loss=1.2682 train_acc=0.498 | val_loss=0.6444 val_acc=1.000
      ep02 train_loss=1.1488 train_acc=0.613 | val_loss=1.0857 val_acc=0.333
      ep03 train_loss=0.9947 train_acc=0.708 | val_loss=0.8968 val_acc=0.667
      ep04 train_loss=1.0461 train_acc=0.667 | val_loss=0.9173 val_acc=0.667
      ep05 train_loss=0.9607 train_acc=0.728 | val_loss=0.5138 val_acc=1.000
      ep06 train_loss=0.9375 train_acc=0.753 | val_loss=0.7647 val_acc=1.000
      ep07 train_loss=0.8525 train_acc=0.798 | val_loss=0.8662 val_acc=0.667
      ep08 train_loss=0.8307 train_acc=0.856 | val_loss=0.6635 val_acc=1.000
      ep09 train_loss=0.8122 train_acc=0.840 | val_loss=1.3232 val_acc=0.667
      ep10 train_loss=0.8020 train_acc=0.860 | val_loss=1.4946 val_acc=0.667
      ep11 train_loss=0.7354 train_acc=0.909 | val_loss=1.0580 val_acc=0.667
      ep12 train_loss=0.7135 train_acc=0.914 | val_loss=1.4668 val_acc=0.667
      ep13 train_loss=0.7025 train_acc=0.905 | val_loss=0.9769 val_acc=0.667
      ep14 train_loss=0.7315 train_acc=0.885 | val_loss=0.8696 val_acc=0.667
      ep15 train_loss=0.6992 train_acc=0.934 | val_loss=1.1636 val_acc=0.667
      ep16 train_loss=0.7268 train_acc=0.897 | val_loss=1.1548 val_acc=0.667
      ep17 train_loss=0.6856 train_acc=0.930 | val_loss=0.9312 val_acc=0.667
      ep18 train_loss=0.7010 train_acc=0.930 | val_loss=1.5358 val_acc=0.667
      ep19 train_loss=0.6535 train_acc=0.967 | val_loss=1.3867 val_acc=0.667
      ep20 train_loss=0.6234 train_acc=0.975 | val_loss=1.0705 val_acc=0.667
      ep21 train_loss=0.6753 train_acc=0.922 | val_loss=1.1898 val_acc=0.667
      ep22 train_loss=0.6865 train_acc=0.934 | val_loss=1.1898 val_acc=0.667
      ep23 train_loss=0.6668 train_acc=0.963 | val_loss=1.0724 val_acc=0.667
      ep24 train_loss=0.6708 train_acc=0.934 | val_loss=1.2647 val_acc=0.667
    fold acc=0.667 time=255.1s | running pooled acc=0.672

--- Fold 19/26 | test sub19 (15 test, 231 train) ---
      ep00 train_loss=1.6577 train_acc=0.320 | val_loss=1.1438 val_acc=0.600
      ep01 train_loss=1.4108 train_acc=0.446 | val_loss=0.9242 val_acc=0.667
      ep02 train_loss=1.2153 train_acc=0.550 | val_loss=0.9155 val_acc=0.600
      ep03 train_loss=1.1564 train_acc=0.563 | val_loss=0.9939 val_acc=0.600
      ep04 train_loss=1.0168 train_acc=0.693 | val_loss=0.8891 val_acc=0.667
      ep05 train_loss=1.0849 train_acc=0.654 | val_loss=1.0336 val_acc=0.533
      ep06 train_loss=0.9202 train_acc=0.753 | val_loss=1.0015 val_acc=0.533
      ep07 train_loss=0.8892 train_acc=0.779 | val_loss=0.7191 val_acc=0.733
      ep08 train_loss=0.8500 train_acc=0.814 | val_loss=1.0768 val_acc=0.600
      ep09 train_loss=0.8126 train_acc=0.844 | val_loss=0.7249 val_acc=0.733
      ep10 train_loss=0.7804 train_acc=0.879 | val_loss=1.0021 val_acc=0.667
      ep11 train_loss=0.7791 train_acc=0.857 | val_loss=0.8146 val_acc=0.733
      ep12 train_loss=0.7355 train_acc=0.857 | val_loss=0.8112 val_acc=0.867
      ep13 train_loss=0.7168 train_acc=0.922 | val_loss=0.8505 val_acc=0.800
      ep14 train_loss=0.7470 train_acc=0.913 | val_loss=0.8618 val_acc=0.733
      ep15 train_loss=0.6865 train_acc=0.948 | val_loss=0.9187 val_acc=0.800
      ep16 train_loss=0.6456 train_acc=0.948 | val_loss=0.8218 val_acc=0.733
      ep17 train_loss=0.7868 train_acc=0.892 | val_loss=0.9402 val_acc=0.733
      ep18 train_loss=0.7137 train_acc=0.926 | val_loss=0.8352 val_acc=0.667
      ep19 train_loss=0.6624 train_acc=0.944 | val_loss=0.7871 val_acc=0.800
      ep20 train_loss=0.6858 train_acc=0.935 | val_loss=0.6910 val_acc=0.800
      ep21 train_loss=0.6802 train_acc=0.961 | val_loss=0.6973 val_acc=0.800
      ep22 train_loss=0.6783 train_acc=0.939 | val_loss=0.8070 val_acc=0.733
      ep23 train_loss=0.7054 train_acc=0.935 | val_loss=0.7695 val_acc=0.733
      ep24 train_loss=0.6721 train_acc=0.939 | val_loss=0.7519 val_acc=0.800
    fold acc=0.667 time=255.6s | running pooled acc=0.672

--- Fold 20/26 | test sub20 (11 test, 235 train) ---
      ep00 train_loss=1.5544 train_acc=0.294 | val_loss=1.2491 val_acc=0.182
      ep01 train_loss=1.2771 train_acc=0.523 | val_loss=1.4646 val_acc=0.182
      ep02 train_loss=1.1643 train_acc=0.609 | val_loss=1.4882 val_acc=0.273
      ep03 train_loss=1.0361 train_acc=0.664 | val_loss=0.9795 val_acc=0.455
      ep04 train_loss=0.9838 train_acc=0.702 | val_loss=0.8632 val_acc=0.636
      ep05 train_loss=0.9026 train_acc=0.736 | val_loss=1.0307 val_acc=0.455
      ep06 train_loss=0.9254 train_acc=0.762 | val_loss=0.9096 val_acc=0.636
      ep07 train_loss=0.9028 train_acc=0.809 | val_loss=0.7278 val_acc=0.727
      ep08 train_loss=0.8297 train_acc=0.826 | val_loss=0.5991 val_acc=0.818
      ep09 train_loss=0.7741 train_acc=0.872 | val_loss=0.8637 val_acc=0.636
      ep10 train_loss=0.7618 train_acc=0.877 | val_loss=1.0225 val_acc=0.636
      ep11 train_loss=0.7840 train_acc=0.855 | val_loss=0.7551 val_acc=0.727
      ep12 train_loss=0.7437 train_acc=0.881 | val_loss=0.7179 val_acc=0.636
      ep13 train_loss=0.7509 train_acc=0.885 | val_loss=0.8864 val_acc=0.545
      ep14 train_loss=0.6986 train_acc=0.911 | val_loss=0.8512 val_acc=0.727
      ep15 train_loss=0.6693 train_acc=0.928 | val_loss=0.7005 val_acc=0.636
      ep16 train_loss=0.6650 train_acc=0.915 | val_loss=0.7608 val_acc=0.636
      ep17 train_loss=0.6302 train_acc=0.949 | val_loss=0.7065 val_acc=0.636
      ep18 train_loss=0.6509 train_acc=0.940 | val_loss=0.9452 val_acc=0.636
      ep19 train_loss=0.6315 train_acc=0.979 | val_loss=0.7279 val_acc=0.636
      ep20 train_loss=0.6687 train_acc=0.932 | val_loss=0.6564 val_acc=0.636
      ep21 train_loss=0.6365 train_acc=0.957 | val_loss=0.6503 val_acc=0.727
      ep22 train_loss=0.6700 train_acc=0.936 | val_loss=0.8032 val_acc=0.727
      ep23 train_loss=0.5966 train_acc=0.987 | val_loss=0.6605 val_acc=0.636
      ep24 train_loss=0.6102 train_acc=0.983 | val_loss=0.6753 val_acc=0.636
    fold acc=0.636 time=252.8s | running pooled acc=0.670

--- Fold 21/26 | test sub21 (2 test, 244 train) ---
      ep00 train_loss=1.5797 train_acc=0.316 | val_loss=1.4242 val_acc=0.500
      ep01 train_loss=1.3461 train_acc=0.455 | val_loss=1.0498 val_acc=0.500
      ep02 train_loss=1.1378 train_acc=0.594 | val_loss=1.5843 val_acc=0.500
      ep03 train_loss=1.0683 train_acc=0.643 | val_loss=1.5047 val_acc=0.500
      ep04 train_loss=0.9604 train_acc=0.717 | val_loss=2.4135 val_acc=0.500
      ep05 train_loss=0.9692 train_acc=0.734 | val_loss=1.8812 val_acc=0.500
      ep06 train_loss=0.9083 train_acc=0.779 | val_loss=2.4997 val_acc=0.500
      ep07 train_loss=0.9319 train_acc=0.721 | val_loss=1.9422 val_acc=0.500
      ep08 train_loss=0.8488 train_acc=0.791 | val_loss=2.4705 val_acc=0.500
      ep09 train_loss=0.8067 train_acc=0.840 | val_loss=2.7506 val_acc=0.500
      ep10 train_loss=0.7246 train_acc=0.910 | val_loss=2.3442 val_acc=0.500
      ep11 train_loss=0.7235 train_acc=0.914 | val_loss=1.8891 val_acc=0.500
      ep12 train_loss=0.7537 train_acc=0.881 | val_loss=2.0877 val_acc=0.500
      ep13 train_loss=0.7452 train_acc=0.861 | val_loss=2.2985 val_acc=0.500
      ep14 train_loss=0.6782 train_acc=0.922 | val_loss=2.2913 val_acc=0.500
      ep15 train_loss=0.6826 train_acc=0.918 | val_loss=2.2346 val_acc=0.500
      ep16 train_loss=0.6885 train_acc=0.910 | val_loss=2.2135 val_acc=0.500
      ep17 train_loss=0.6442 train_acc=0.955 | val_loss=2.1956 val_acc=0.500
      ep18 train_loss=0.6355 train_acc=0.951 | val_loss=2.2391 val_acc=0.500
      ep19 train_loss=0.6969 train_acc=0.926 | val_loss=2.5373 val_acc=0.500
      ep20 train_loss=0.6710 train_acc=0.959 | val_loss=2.2730 val_acc=0.500
      ep21 train_loss=0.6592 train_acc=0.955 | val_loss=2.3987 val_acc=0.500
      ep22 train_loss=0.6846 train_acc=0.951 | val_loss=2.2719 val_acc=0.500
      ep23 train_loss=0.6644 train_acc=0.939 | val_loss=2.2047 val_acc=0.500
      ep24 train_loss=0.6760 train_acc=0.939 | val_loss=2.1056 val_acc=0.500
    fold acc=0.500 time=252.7s | running pooled acc=0.668

--- Fold 22/26 | test sub22 (2 test, 244 train) ---
      ep00 train_loss=1.5877 train_acc=0.316 | val_loss=0.5784 val_acc=1.000
      ep01 train_loss=1.3842 train_acc=0.459 | val_loss=0.0453 val_acc=1.000
      ep02 train_loss=1.1632 train_acc=0.590 | val_loss=0.2472 val_acc=1.000
      ep03 train_loss=1.1033 train_acc=0.652 | val_loss=0.0076 val_acc=1.000
      ep04 train_loss=0.9787 train_acc=0.701 | val_loss=0.1436 val_acc=1.000
      ep05 train_loss=0.9581 train_acc=0.742 | val_loss=0.0007 val_acc=1.000
      ep06 train_loss=0.9111 train_acc=0.770 | val_loss=0.0795 val_acc=1.000
      ep07 train_loss=0.9348 train_acc=0.734 | val_loss=0.0010 val_acc=1.000
      ep08 train_loss=0.8519 train_acc=0.803 | val_loss=0.0269 val_acc=1.000
      ep09 train_loss=0.8259 train_acc=0.811 | val_loss=0.3103 val_acc=1.000
      ep10 train_loss=0.7493 train_acc=0.889 | val_loss=0.0015 val_acc=1.000
      ep11 train_loss=0.7662 train_acc=0.898 | val_loss=0.0025 val_acc=1.000
      ep12 train_loss=0.7804 train_acc=0.877 | val_loss=0.0065 val_acc=1.000
      ep13 train_loss=0.7584 train_acc=0.889 | val_loss=0.0263 val_acc=1.000
      ep14 train_loss=0.6879 train_acc=0.918 | val_loss=0.0553 val_acc=1.000
      ep15 train_loss=0.6930 train_acc=0.910 | val_loss=0.0465 val_acc=1.000
      ep16 train_loss=0.6943 train_acc=0.889 | val_loss=0.0253 val_acc=1.000
      ep17 train_loss=0.6539 train_acc=0.959 | val_loss=0.0105 val_acc=1.000
      ep18 train_loss=0.6455 train_acc=0.947 | val_loss=0.0233 val_acc=1.000
      ep19 train_loss=0.7074 train_acc=0.934 | val_loss=0.0740 val_acc=1.000
      ep20 train_loss=0.6845 train_acc=0.959 | val_loss=0.0160 val_acc=1.000
      ep21 train_loss=0.6658 train_acc=0.955 | val_loss=0.0230 val_acc=1.000
      ep22 train_loss=0.6938 train_acc=0.951 | val_loss=0.0120 val_acc=1.000
      ep23 train_loss=0.6793 train_acc=0.943 | val_loss=0.0241 val_acc=1.000
      ep24 train_loss=0.6828 train_acc=0.930 | val_loss=0.0079 val_acc=1.000
    fold acc=1.000 time=255.1s | running pooled acc=0.672

--- Fold 23/26 | test sub23 (12 test, 234 train) ---
      ep00 train_loss=1.5997 train_acc=0.316 | val_loss=1.1644 val_acc=0.583
      ep01 train_loss=1.2266 train_acc=0.521 | val_loss=0.6381 val_acc=0.667
      ep02 train_loss=1.2128 train_acc=0.530 | val_loss=0.4173 val_acc=1.000
      ep03 train_loss=1.1138 train_acc=0.620 | val_loss=0.7230 val_acc=0.667
      ep04 train_loss=1.0460 train_acc=0.671 | val_loss=0.8093 val_acc=0.667
      ep05 train_loss=0.9818 train_acc=0.756 | val_loss=0.4870 val_acc=0.917
      ep06 train_loss=0.8909 train_acc=0.778 | val_loss=0.4260 val_acc=1.000
      ep07 train_loss=0.8728 train_acc=0.812 | val_loss=0.5048 val_acc=0.750
      ep08 train_loss=0.8747 train_acc=0.756 | val_loss=0.4031 val_acc=0.917
      ep09 train_loss=0.8212 train_acc=0.855 | val_loss=0.3508 val_acc=1.000
      ep10 train_loss=0.7640 train_acc=0.897 | val_loss=0.4422 val_acc=1.000
      ep11 train_loss=0.7300 train_acc=0.868 | val_loss=0.4837 val_acc=0.917
      ep12 train_loss=0.7415 train_acc=0.889 | val_loss=0.4750 val_acc=1.000
      ep13 train_loss=0.7799 train_acc=0.885 | val_loss=0.3756 val_acc=1.000
      ep14 train_loss=0.7524 train_acc=0.889 | val_loss=0.5444 val_acc=0.917
      ep15 train_loss=0.7252 train_acc=0.906 | val_loss=0.4947 val_acc=0.833
      ep16 train_loss=0.7111 train_acc=0.923 | val_loss=0.4473 val_acc=0.917
      ep17 train_loss=0.7069 train_acc=0.923 | val_loss=0.3723 val_acc=1.000
      ep18 train_loss=0.6700 train_acc=0.897 | val_loss=0.3808 val_acc=1.000
      ep19 train_loss=0.6358 train_acc=0.962 | val_loss=0.3594 val_acc=1.000
      ep20 train_loss=0.6965 train_acc=0.936 | val_loss=0.3950 val_acc=1.000
      ep21 train_loss=0.6488 train_acc=0.940 | val_loss=0.4014 val_acc=1.000
      ep22 train_loss=0.6313 train_acc=0.962 | val_loss=0.3830 val_acc=1.000
      ep23 train_loss=0.6655 train_acc=0.953 | val_loss=0.3910 val_acc=1.000
      ep24 train_loss=0.6776 train_acc=0.936 | val_loss=0.3900 val_acc=1.000
    fold acc=1.000 time=262.1s | running pooled acc=0.690

--- Fold 24/26 | test sub24 (7 test, 239 train) ---
      ep00 train_loss=1.6836 train_acc=0.297 | val_loss=1.3236 val_acc=0.286
      ep01 train_loss=1.3092 train_acc=0.502 | val_loss=1.2713 val_acc=0.429
      ep02 train_loss=1.1520 train_acc=0.628 | val_loss=1.1234 val_acc=0.571
      ep03 train_loss=1.0614 train_acc=0.682 | val_loss=1.1997 val_acc=0.429
      ep04 train_loss=0.9882 train_acc=0.732 | val_loss=1.6985 val_acc=0.571
      ep05 train_loss=0.8974 train_acc=0.736 | val_loss=1.6060 val_acc=0.429
      ep06 train_loss=0.8755 train_acc=0.787 | val_loss=1.7242 val_acc=0.571
      ep07 train_loss=0.8328 train_acc=0.787 | val_loss=1.2546 val_acc=0.429
      ep08 train_loss=0.9046 train_acc=0.791 | val_loss=1.1848 val_acc=0.714
      ep09 train_loss=0.7558 train_acc=0.879 | val_loss=1.6861 val_acc=0.571
      ep10 train_loss=0.7263 train_acc=0.891 | val_loss=1.1431 val_acc=0.571
      ep11 train_loss=0.7446 train_acc=0.883 | val_loss=1.1805 val_acc=0.429
      ep12 train_loss=0.7619 train_acc=0.854 | val_loss=1.1952 val_acc=0.571
      ep13 train_loss=0.6815 train_acc=0.929 | val_loss=1.3477 val_acc=0.429
      ep14 train_loss=0.7335 train_acc=0.929 | val_loss=1.1831 val_acc=0.571
      ep15 train_loss=0.7136 train_acc=0.921 | val_loss=1.2685 val_acc=0.429
      ep16 train_loss=0.6950 train_acc=0.933 | val_loss=1.1308 val_acc=0.429
      ep17 train_loss=0.6761 train_acc=0.946 | val_loss=1.1240 val_acc=0.429
      ep18 train_loss=0.6273 train_acc=0.979 | val_loss=1.1888 val_acc=0.571
      ep19 train_loss=0.6435 train_acc=0.958 | val_loss=1.2474 val_acc=0.429
      ep20 train_loss=0.6441 train_acc=0.950 | val_loss=1.1342 val_acc=0.429
      ep21 train_loss=0.6383 train_acc=0.987 | val_loss=1.1423 val_acc=0.571
      ep22 train_loss=0.6475 train_acc=0.954 | val_loss=1.1817 val_acc=0.571
      ep23 train_loss=0.6186 train_acc=0.983 | val_loss=1.1327 val_acc=0.429
      ep24 train_loss=0.6316 train_acc=0.954 | val_loss=1.0770 val_acc=0.429
    fold acc=0.571 time=262.1s | running pooled acc=0.686

--- Fold 25/26 | test sub25 (7 test, 239 train) ---
      ep00 train_loss=1.6886 train_acc=0.301 | val_loss=1.1978 val_acc=0.429
      ep01 train_loss=1.3112 train_acc=0.490 | val_loss=0.9751 val_acc=0.571
      ep02 train_loss=1.1659 train_acc=0.607 | val_loss=1.6699 val_acc=0.286
      ep03 train_loss=1.0537 train_acc=0.657 | val_loss=0.9888 val_acc=0.429
      ep04 train_loss=0.9853 train_acc=0.720 | val_loss=0.8281 val_acc=0.571
      ep05 train_loss=0.9281 train_acc=0.749 | val_loss=1.2171 val_acc=0.571
      ep06 train_loss=0.8763 train_acc=0.808 | val_loss=0.8678 val_acc=0.571
      ep07 train_loss=0.8424 train_acc=0.803 | val_loss=1.0577 val_acc=0.429
      ep08 train_loss=0.9157 train_acc=0.774 | val_loss=1.1506 val_acc=0.571
      ep09 train_loss=0.7709 train_acc=0.904 | val_loss=0.7923 val_acc=0.714
      ep10 train_loss=0.7362 train_acc=0.870 | val_loss=1.1929 val_acc=0.571
      ep11 train_loss=0.7456 train_acc=0.870 | val_loss=0.8592 val_acc=0.714
      ep12 train_loss=0.7745 train_acc=0.866 | val_loss=1.3540 val_acc=0.571
      ep13 train_loss=0.7019 train_acc=0.933 | val_loss=1.0190 val_acc=0.571
      ep14 train_loss=0.7223 train_acc=0.929 | val_loss=1.0891 val_acc=0.571
      ep15 train_loss=0.7381 train_acc=0.908 | val_loss=1.1257 val_acc=0.571
      ep16 train_loss=0.7107 train_acc=0.916 | val_loss=1.1567 val_acc=0.571
      ep17 train_loss=0.6887 train_acc=0.925 | val_loss=0.9883 val_acc=0.571
      ep18 train_loss=0.6588 train_acc=0.958 | val_loss=1.0900 val_acc=0.571
      ep19 train_loss=0.6450 train_acc=0.962 | val_loss=0.8395 val_acc=0.714
      ep20 train_loss=0.6566 train_acc=0.958 | val_loss=0.9127 val_acc=0.714
      ep21 train_loss=0.6598 train_acc=0.967 | val_loss=1.0850 val_acc=0.571
      ep22 train_loss=0.6619 train_acc=0.941 | val_loss=0.9583 val_acc=0.571
      ep23 train_loss=0.6384 train_acc=0.975 | val_loss=0.8623 val_acc=0.714
      ep24 train_loss=0.6426 train_acc=0.962 | val_loss=0.8720 val_acc=0.714
    fold acc=0.714 time=265.5s | running pooled acc=0.687

--- Fold 26/26 | test sub26 (16 test, 230 train) ---
      ep00 train_loss=1.6284 train_acc=0.261 | val_loss=1.2463 val_acc=0.625
      ep01 train_loss=1.2701 train_acc=0.517 | val_loss=1.4991 val_acc=0.312
      ep02 train_loss=1.1551 train_acc=0.583 | val_loss=1.2841 val_acc=0.500
      ep03 train_loss=1.0705 train_acc=0.626 | val_loss=1.4386 val_acc=0.375
      ep04 train_loss=0.9836 train_acc=0.709 | val_loss=1.4436 val_acc=0.250
      ep05 train_loss=0.9077 train_acc=0.757 | val_loss=1.8018 val_acc=0.312
      ep06 train_loss=0.9119 train_acc=0.765 | val_loss=1.3504 val_acc=0.438
      ep07 train_loss=0.8694 train_acc=0.796 | val_loss=1.8132 val_acc=0.312
      ep08 train_loss=0.8377 train_acc=0.843 | val_loss=1.2862 val_acc=0.375
      ep09 train_loss=0.7665 train_acc=0.848 | val_loss=1.3711 val_acc=0.312
      ep10 train_loss=0.7334 train_acc=0.857 | val_loss=1.3245 val_acc=0.312
      ep11 train_loss=0.7397 train_acc=0.887 | val_loss=1.4577 val_acc=0.375
      ep12 train_loss=0.7220 train_acc=0.896 | val_loss=1.4628 val_acc=0.438
      ep13 train_loss=0.7234 train_acc=0.904 | val_loss=1.5965 val_acc=0.500
      ep14 train_loss=0.7253 train_acc=0.904 | val_loss=1.1655 val_acc=0.500
      ep15 train_loss=0.6907 train_acc=0.935 | val_loss=1.5959 val_acc=0.500
      ep16 train_loss=0.6726 train_acc=0.930 | val_loss=1.7843 val_acc=0.375
      ep17 train_loss=0.7066 train_acc=0.904 | val_loss=1.6393 val_acc=0.375
      ep18 train_loss=0.6589 train_acc=0.926 | val_loss=1.4810 val_acc=0.562
      ep19 train_loss=0.6533 train_acc=0.922 | val_loss=1.3266 val_acc=0.562
      ep20 train_loss=0.6553 train_acc=0.913 | val_loss=1.6756 val_acc=0.438
      ep21 train_loss=0.6691 train_acc=0.957 | val_loss=1.7733 val_acc=0.375
      ep22 train_loss=0.6830 train_acc=0.930 | val_loss=1.5301 val_acc=0.500
      ep23 train_loss=0.6298 train_acc=0.952 | val_loss=1.5251 val_acc=0.375
      ep24 train_loss=0.6169 train_acc=0.965 | val_loss=1.3935 val_acc=0.562
    fold acc=0.500 time=248.3s | running pooled acc=0.675

=== FINAL (pooled LOSO) ===
UF1 = 0.6990
UAR = 0.7199
ACC = 0.6748
per-class F1: happiness=0.597, disgust=0.628, repression=0.746, surprise=0.868, others=0.656
per-class recall: happiness=0.625, disgust=0.603, repression=0.815, surprise=0.920, others=0.636
confusion matrix (rows=true):
        happin disgus repres surpri others
happine     20      2      1      2      7
disgust      2     38      1      1     21
repress      4      0     22      0      1
surpris      0      1      0     23      1
 others      9     17      8      2     63

saved to D:\AI-Projects\casmeII-new-from-sequence-model\experiments\iter_17_mc3
elapsed 6669.5s
Downloading: "https://download.pytorch.org/models/mc3_18-a90a0ba3.pth" to C:\Users\OWNER/.cache\torch\hub\checkpoints\mc3_18-a90a0ba3.pth

  0%|          | 0.00/44.7M [00:00<?, ?B/s]
  1%|          | 512k/44.7M [00:00<00:09, 4.89MB/s]
  5%|▌         | 2.25M/44.7M [00:00<00:03, 12.5MB/s]
 12%|█�\ufffd        | 5.38M/44.7M [00:00<00:01, 21.1MB/s]
 17%|█▋        | 7.50M/44.7M [00:00<00:02, 16.0MB/s]
 21%|██        | 9.25M/44.7M [00:00<00:02, 16.2MB/s]
 34%|███�\ufffd      | 15.2M/44.7M [00:00<00:01, 29.6MB/s]
 41%|████      | 18.4M/44.7M [00:00<00:00, 28.9MB/s]
 53%|█████▎    | 23.5M/44.7M [00:00<00:00, 35.6MB/s]
 61%|██████    | 27.1M/44.7M [00:01<00:00, 35.1MB/s]
 70%|███████   | 31.4M/44.7M [00:01<00:00, 37.6MB/s]
 79%|███████▊  | 35.1M/44.7M [00:01<00:00, 36.5MB/s]
 87%|████████▋ | 38.8M/44.7M [00:01<00:00, 36.0MB/s]
 96%|█████████▋| 43.0M/44.7M [00:01<00:00, 38.4MB/s]
100%|██████████| 44.7M/44.7M [00:01<00:00, 30.5MB/s]
