=== EXPERIMENT iter_21_freezebn ===
time: 2026-07-16T16:37:39.873593
device: cuda (NVIDIA GeForce RTX 3060)
platform: Windows-10-10.0.26200-SP0 | torch 2.6.0+cu124
config:
{
  "seed": 42,
  "T": 16,
  "img_size": 128,
  "base_size": 144,
  "input_mode": "rgb",
  "backbone": "r3d_18",
  "pretrained": true,
  "dropout": 0.5,
  "epochs": 25,
  "lr": 0.0001,
  "weight_decay": 0.001,
  "batch_size": 6,
  "class_weighting": true,
  "label_smoothing": 0.1,
  "hflip": true,
  "color_jitter": 0.0,
  "temporal_jitter": true,
  "amp": true,
  "eval_last_k": 3,
  "tta": 5,
  "cache_dir": "cache/flow144",
  "index": "cache/index_emotion.csv",
  "class_names": [
    "happiness",
    "disgust",
    "repression",
    "surprise",
    "others"
  ],
  "name": "iter_21_r3d_freezebn",
  "modality": "flow",
  "temporal_span": "onset_offset",
  "flow_clip": 3.0,
  "freeze_bn": true
}
samples: 246 | classes: 5 ['happiness', 'disgust', 'repression', 'surprise', 'others']
loading arrays into RAM...
loaded 246 arrays

--- Fold 1/26 | test sub01 (9 test, 237 train) ---
      ep00 train_loss=1.7790 train_acc=0.245 | val_loss=1.4996 val_acc=0.444
      ep01 train_loss=1.6596 train_acc=0.274 | val_loss=1.4096 val_acc=0.222
      ep02 train_loss=1.4566 train_acc=0.439 | val_loss=1.1919 val_acc=0.556
      ep03 train_loss=1.4173 train_acc=0.422 | val_loss=1.1587 val_acc=0.667
      ep04 train_loss=1.2278 train_acc=0.540 | val_loss=1.0979 val_acc=0.444
      ep05 train_loss=1.1157 train_acc=0.599 | val_loss=1.1852 val_acc=0.333
      ep06 train_loss=1.1538 train_acc=0.561 | val_loss=1.0769 val_acc=0.444
      ep07 train_loss=1.0191 train_acc=0.646 | val_loss=1.1101 val_acc=0.333
      ep08 train_loss=1.0550 train_acc=0.629 | val_loss=0.8715 val_acc=0.667
      ep09 train_loss=1.0343 train_acc=0.650 | val_loss=0.8319 val_acc=0.667
      ep10 train_loss=0.9471 train_acc=0.713 | val_loss=0.9000 val_acc=0.667
      ep11 train_loss=0.8502 train_acc=0.747 | val_loss=0.7844 val_acc=0.667
      ep12 train_loss=0.8254 train_acc=0.835 | val_loss=0.7170 val_acc=0.667
      ep13 train_loss=0.7682 train_acc=0.835 | val_loss=0.8986 val_acc=0.444
      ep14 train_loss=0.7486 train_acc=0.814 | val_loss=0.7744 val_acc=0.667
      ep15 train_loss=0.7307 train_acc=0.865 | val_loss=0.7469 val_acc=0.667
      ep16 train_loss=0.7216 train_acc=0.873 | val_loss=0.7990 val_acc=0.556
      ep17 train_loss=0.6946 train_acc=0.895 | val_loss=0.7076 val_acc=0.778
      ep18 train_loss=0.6426 train_acc=0.958 | val_loss=0.7855 val_acc=0.778
      ep19 train_loss=0.6299 train_acc=0.949 | val_loss=0.7197 val_acc=0.667
      ep20 train_loss=0.6244 train_acc=0.958 | val_loss=0.7057 val_acc=0.778
      ep21 train_loss=0.6104 train_acc=0.958 | val_loss=0.6958 val_acc=0.778
      ep22 train_loss=0.6081 train_acc=0.958 | val_loss=0.6992 val_acc=0.667
      ep23 train_loss=0.6063 train_acc=0.970 | val_loss=0.7097 val_acc=0.667
      ep24 train_loss=0.6173 train_acc=0.954 | val_loss=0.7118 val_acc=0.667
    fold acc=0.778 time=256.0s | running pooled acc=0.778

--- Fold 2/26 | test sub02 (13 test, 233 train) ---
      ep00 train_loss=1.7418 train_acc=0.202 | val_loss=1.5190 val_acc=0.385
      ep01 train_loss=1.6893 train_acc=0.219 | val_loss=1.6024 val_acc=0.000
      ep02 train_loss=1.6305 train_acc=0.292 | val_loss=2.0565 val_acc=0.077
      ep03 train_loss=1.6201 train_acc=0.352 | val_loss=1.0951 val_acc=0.538
      ep04 train_loss=1.6890 train_acc=0.258 | val_loss=1.7143 val_acc=0.000
      ep05 train_loss=1.6295 train_acc=0.335 | val_loss=1.5267 val_acc=0.308
      ep06 train_loss=1.5204 train_acc=0.378 | val_loss=1.3162 val_acc=0.538
      ep07 train_loss=1.3150 train_acc=0.455 | val_loss=1.5257 val_acc=0.385
      ep08 train_loss=1.1786 train_acc=0.528 | val_loss=1.4411 val_acc=0.462
      ep09 train_loss=1.1314 train_acc=0.614 | val_loss=1.6540 val_acc=0.462
      ep10 train_loss=1.1356 train_acc=0.601 | val_loss=1.4073 val_acc=0.538
      ep11 train_loss=1.0880 train_acc=0.575 | val_loss=1.6854 val_acc=0.615
      ep12 train_loss=1.0126 train_acc=0.644 | val_loss=1.7538 val_acc=0.385
      ep13 train_loss=1.0061 train_acc=0.639 | val_loss=1.4291 val_acc=0.462
      ep14 train_loss=0.9718 train_acc=0.682 | val_loss=1.4320 val_acc=0.462
      ep15 train_loss=0.8954 train_acc=0.730 | val_loss=1.6777 val_acc=0.385
      ep16 train_loss=0.8772 train_acc=0.764 | val_loss=1.4646 val_acc=0.385
      ep17 train_loss=0.8277 train_acc=0.785 | val_loss=1.6483 val_acc=0.308
      ep18 train_loss=0.8136 train_acc=0.803 | val_loss=1.4293 val_acc=0.308
      ep19 train_loss=0.7773 train_acc=0.815 | val_loss=1.4382 val_acc=0.385
      ep20 train_loss=0.7970 train_acc=0.828 | val_loss=1.4791 val_acc=0.385
      ep21 train_loss=0.7949 train_acc=0.828 | val_loss=1.5126 val_acc=0.385
      ep22 train_loss=0.7690 train_acc=0.845 | val_loss=1.4808 val_acc=0.385
      ep23 train_loss=0.7664 train_acc=0.837 | val_loss=1.4640 val_acc=0.385
      ep24 train_loss=0.7646 train_acc=0.863 | val_loss=1.4628 val_acc=0.385
    fold acc=0.308 time=243.1s | running pooled acc=0.500

--- Fold 3/26 | test sub03 (7 test, 239 train) ---
      ep00 train_loss=1.7462 train_acc=0.251 | val_loss=1.5787 val_acc=0.286
      ep01 train_loss=1.6928 train_acc=0.218 | val_loss=1.6231 val_acc=0.143
      ep02 train_loss=1.6876 train_acc=0.205 | val_loss=1.6234 val_acc=0.000
      ep03 train_loss=1.6966 train_acc=0.188 | val_loss=1.6079 val_acc=0.143
      ep04 train_loss=1.7109 train_acc=0.226 | val_loss=1.6093 val_acc=0.143
      ep05 train_loss=1.6877 train_acc=0.192 | val_loss=1.6055 val_acc=0.286
      ep06 train_loss=1.7014 train_acc=0.238 | val_loss=1.6187 val_acc=0.143
      ep07 train_loss=1.6474 train_acc=0.264 | val_loss=1.6486 val_acc=0.143
      ep08 train_loss=1.6859 train_acc=0.230 | val_loss=1.5525 val_acc=0.571
      ep09 train_loss=1.6816 train_acc=0.234 | val_loss=1.5927 val_acc=0.286
      ep10 train_loss=1.6688 train_acc=0.305 | val_loss=1.5659 val_acc=0.571
      ep11 train_loss=1.6713 train_acc=0.268 | val_loss=1.5669 val_acc=0.571
      ep12 train_loss=1.6735 train_acc=0.305 | val_loss=1.5691 val_acc=0.286
      ep13 train_loss=1.6552 train_acc=0.318 | val_loss=1.5680 val_acc=0.286
      ep14 train_loss=1.6465 train_acc=0.368 | val_loss=1.4971 val_acc=0.286
      ep15 train_loss=1.6454 train_acc=0.385 | val_loss=1.5047 val_acc=0.286
      ep16 train_loss=1.5925 train_acc=0.347 | val_loss=1.5763 val_acc=0.143
      ep17 train_loss=1.5512 train_acc=0.389 | val_loss=1.5344 val_acc=0.429
      ep18 train_loss=1.5008 train_acc=0.314 | val_loss=1.6505 val_acc=0.143
      ep19 train_loss=1.4407 train_acc=0.418 | val_loss=1.5902 val_acc=0.286
      ep20 train_loss=1.3916 train_acc=0.460 | val_loss=1.6011 val_acc=0.286
      ep21 train_loss=1.3512 train_acc=0.485 | val_loss=1.5636 val_acc=0.286
      ep22 train_loss=1.3340 train_acc=0.494 | val_loss=1.5488 val_acc=0.286
      ep23 train_loss=1.3537 train_acc=0.448 | val_loss=1.5513 val_acc=0.286
      ep24 train_loss=1.3327 train_acc=0.444 | val_loss=1.5553 val_acc=0.286
    fold acc=0.286 time=238.8s | running pooled acc=0.448

--- Fold 4/26 | test sub04 (5 test, 241 train) ---
      ep00 train_loss=1.7237 train_acc=0.203 | val_loss=1.7393 val_acc=0.000
      ep01 train_loss=1.6943 train_acc=0.253 | val_loss=1.3608 val_acc=0.600
      ep02 train_loss=1.6080 train_acc=0.286 | val_loss=1.5774 val_acc=0.000
      ep03 train_loss=1.4933 train_acc=0.373 | val_loss=1.1482 val_acc=0.600
      ep04 train_loss=1.4992 train_acc=0.402 | val_loss=1.0529 val_acc=0.600
      ep05 train_loss=1.4136 train_acc=0.419 | val_loss=1.6325 val_acc=0.000
      ep06 train_loss=1.4882 train_acc=0.394 | val_loss=1.1005 val_acc=0.400
      ep07 train_loss=1.2285 train_acc=0.535 | val_loss=0.7173 val_acc=0.600
      ep08 train_loss=1.2171 train_acc=0.502 | val_loss=1.0182 val_acc=0.400
      ep09 train_loss=1.1005 train_acc=0.573 | val_loss=1.1881 val_acc=0.600
      ep10 train_loss=1.0278 train_acc=0.622 | val_loss=1.0477 val_acc=0.400
      ep11 train_loss=1.0010 train_acc=0.656 | val_loss=0.8470 val_acc=0.400
      ep12 train_loss=0.9868 train_acc=0.610 | val_loss=0.6923 val_acc=0.600
      ep13 train_loss=0.9597 train_acc=0.685 | val_loss=0.5738 val_acc=0.600
      ep14 train_loss=0.9673 train_acc=0.705 | val_loss=0.6513 val_acc=0.800
      ep15 train_loss=0.8853 train_acc=0.739 | val_loss=0.7862 val_acc=0.600
      ep16 train_loss=0.8567 train_acc=0.730 | val_loss=0.6249 val_acc=0.800
      ep17 train_loss=0.8165 train_acc=0.768 | val_loss=0.6272 val_acc=0.800
      ep18 train_loss=0.7879 train_acc=0.797 | val_loss=0.6774 val_acc=0.800
      ep19 train_loss=0.7448 train_acc=0.859 | val_loss=0.6364 val_acc=0.800
      ep20 train_loss=0.7394 train_acc=0.859 | val_loss=0.6522 val_acc=0.800
      ep21 train_loss=0.7130 train_acc=0.867 | val_loss=0.6411 val_acc=0.800
      ep22 train_loss=0.7163 train_acc=0.871 | val_loss=0.6506 val_acc=0.800
      ep23 train_loss=0.7297 train_acc=0.851 | val_loss=0.6648 val_acc=0.800
      ep24 train_loss=0.6978 train_acc=0.884 | val_loss=0.6632 val_acc=0.800
    fold acc=0.800 time=241.4s | running pooled acc=0.500

--- Fold 5/26 | test sub05 (19 test, 227 train) ---
      ep00 train_loss=1.7485 train_acc=0.185 | val_loss=1.6265 val_acc=0.158
      ep01 train_loss=1.7027 train_acc=0.242 | val_loss=1.6195 val_acc=0.053
      ep02 train_loss=1.6923 train_acc=0.260 | val_loss=1.5764 val_acc=0.263
      ep03 train_loss=1.6862 train_acc=0.229 | val_loss=1.9484 val_acc=0.000
      ep04 train_loss=1.6546 train_acc=0.282 | val_loss=2.0225 val_acc=0.211
      ep05 train_loss=1.6540 train_acc=0.335 | val_loss=1.4808 val_acc=0.474
      ep06 train_loss=1.5386 train_acc=0.335 | val_loss=1.9379 val_acc=0.368
      ep07 train_loss=1.4888 train_acc=0.374 | val_loss=1.9870 val_acc=0.158
      ep08 train_loss=1.4018 train_acc=0.410 | val_loss=1.8469 val_acc=0.211
      ep09 train_loss=1.3507 train_acc=0.454 | val_loss=2.4135 val_acc=0.211
      ep10 train_loss=1.2617 train_acc=0.480 | val_loss=1.9022 val_acc=0.316
      ep11 train_loss=1.1872 train_acc=0.564 | val_loss=1.6082 val_acc=0.421
      ep12 train_loss=1.1341 train_acc=0.590 | val_loss=2.2362 val_acc=0.263
      ep13 train_loss=1.0689 train_acc=0.630 | val_loss=1.6905 val_acc=0.474
      ep14 train_loss=1.0698 train_acc=0.612 | val_loss=1.7845 val_acc=0.474
      ep15 train_loss=0.9766 train_acc=0.661 | val_loss=1.8672 val_acc=0.421
      ep16 train_loss=0.9150 train_acc=0.740 | val_loss=1.8736 val_acc=0.474
      ep17 train_loss=0.8771 train_acc=0.775 | val_loss=1.4598 val_acc=0.421
      ep18 train_loss=0.8835 train_acc=0.727 | val_loss=1.4708 val_acc=0.421
      ep19 train_loss=0.8372 train_acc=0.797 | val_loss=1.6863 val_acc=0.421
      ep20 train_loss=0.8230 train_acc=0.824 | val_loss=1.6941 val_acc=0.421
      ep21 train_loss=0.7902 train_acc=0.815 | val_loss=1.6942 val_acc=0.421
      ep22 train_loss=0.7864 train_acc=0.824 | val_loss=1.5906 val_acc=0.421
      ep23 train_loss=0.7760 train_acc=0.837 | val_loss=1.6213 val_acc=0.421
      ep24 train_loss=0.7571 train_acc=0.859 | val_loss=1.6259 val_acc=0.421
    fold acc=0.421 time=240.3s | running pooled acc=0.472

--- Fold 6/26 | test sub06 (5 test, 241 train) ---
      ep00 train_loss=1.7229 train_acc=0.278 | val_loss=1.6262 val_acc=0.400
      ep01 train_loss=1.6917 train_acc=0.261 | val_loss=1.5796 val_acc=0.200
      ep02 train_loss=1.6205 train_acc=0.278 | val_loss=1.3547 val_acc=0.400
      ep03 train_loss=1.5826 train_acc=0.315 | val_loss=1.4142 val_acc=0.400
      ep04 train_loss=1.4824 train_acc=0.402 | val_loss=1.4420 val_acc=0.400
      ep05 train_loss=1.4240 train_acc=0.402 | val_loss=1.3180 val_acc=0.400
      ep06 train_loss=1.2473 train_acc=0.506 | val_loss=1.8220 val_acc=0.200
      ep07 train_loss=1.2122 train_acc=0.515 | val_loss=1.2688 val_acc=0.400
      ep08 train_loss=1.2005 train_acc=0.523 | val_loss=0.9247 val_acc=0.800
      ep09 train_loss=1.0733 train_acc=0.602 | val_loss=1.0969 val_acc=0.600
      ep10 train_loss=1.0160 train_acc=0.647 | val_loss=0.8625 val_acc=0.800
      ep11 train_loss=1.0115 train_acc=0.622 | val_loss=1.0402 val_acc=0.800
      ep12 train_loss=0.9895 train_acc=0.622 | val_loss=0.8406 val_acc=0.800
      ep13 train_loss=1.0028 train_acc=0.680 | val_loss=0.8334 val_acc=0.800
      ep14 train_loss=0.9838 train_acc=0.685 | val_loss=0.8975 val_acc=0.800
      ep15 train_loss=0.8663 train_acc=0.755 | val_loss=0.9135 val_acc=0.800
      ep16 train_loss=0.8380 train_acc=0.768 | val_loss=0.9900 val_acc=0.600
      ep17 train_loss=0.8068 train_acc=0.817 | val_loss=0.8346 val_acc=0.800
      ep18 train_loss=0.7838 train_acc=0.859 | val_loss=0.8390 val_acc=0.800
      ep19 train_loss=0.7316 train_acc=0.888 | val_loss=0.7970 val_acc=0.800
      ep20 train_loss=0.7361 train_acc=0.896 | val_loss=0.9361 val_acc=0.800
      ep21 train_loss=0.7083 train_acc=0.900 | val_loss=0.8217 val_acc=0.800
      ep22 train_loss=0.6911 train_acc=0.929 | val_loss=0.8433 val_acc=0.800
      ep23 train_loss=0.6985 train_acc=0.913 | val_loss=0.8540 val_acc=0.800
      ep24 train_loss=0.6815 train_acc=0.913 | val_loss=0.8562 val_acc=0.800
    fold acc=0.800 time=239.7s | running pooled acc=0.500

--- Fold 7/26 | test sub07 (9 test, 237 train) ---
      ep00 train_loss=1.7321 train_acc=0.295 | val_loss=1.5843 val_acc=0.000
      ep01 train_loss=1.6628 train_acc=0.228 | val_loss=1.6810 val_acc=0.111
      ep02 train_loss=1.5022 train_acc=0.392 | val_loss=1.1563 val_acc=0.556
      ep03 train_loss=1.5477 train_acc=0.367 | val_loss=1.3721 val_acc=0.333
      ep04 train_loss=1.3245 train_acc=0.527 | val_loss=1.0365 val_acc=0.778
      ep05 train_loss=1.2591 train_acc=0.502 | val_loss=1.0657 val_acc=0.556
      ep06 train_loss=1.2337 train_acc=0.574 | val_loss=1.2636 val_acc=0.333
      ep07 train_loss=1.1583 train_acc=0.561 | val_loss=1.5867 val_acc=0.111
      ep08 train_loss=1.1534 train_acc=0.612 | val_loss=1.3111 val_acc=0.111
      ep09 train_loss=1.0736 train_acc=0.624 | val_loss=1.3336 val_acc=0.333
      ep10 train_loss=0.9757 train_acc=0.679 | val_loss=1.1456 val_acc=0.444
      ep11 train_loss=0.9768 train_acc=0.637 | val_loss=1.2305 val_acc=0.333
      ep12 train_loss=0.9367 train_acc=0.700 | val_loss=1.2621 val_acc=0.444
      ep13 train_loss=0.8714 train_acc=0.738 | val_loss=1.0803 val_acc=0.556
      ep14 train_loss=0.8105 train_acc=0.743 | val_loss=1.1006 val_acc=0.444
      ep15 train_loss=0.8193 train_acc=0.755 | val_loss=1.1299 val_acc=0.444
      ep16 train_loss=0.8041 train_acc=0.789 | val_loss=1.1325 val_acc=0.444
      ep17 train_loss=0.7545 train_acc=0.844 | val_loss=1.0436 val_acc=0.556
      ep18 train_loss=0.7112 train_acc=0.890 | val_loss=1.2908 val_acc=0.556
      ep19 train_loss=0.7033 train_acc=0.878 | val_loss=1.1457 val_acc=0.556
      ep20 train_loss=0.6902 train_acc=0.882 | val_loss=1.1164 val_acc=0.556
      ep21 train_loss=0.6893 train_acc=0.916 | val_loss=1.1036 val_acc=0.556
      ep22 train_loss=0.6766 train_acc=0.941 | val_loss=1.1112 val_acc=0.556
      ep23 train_loss=0.6518 train_acc=0.899 | val_loss=1.1176 val_acc=0.556
      ep24 train_loss=0.6761 train_acc=0.899 | val_loss=1.1160 val_acc=0.556
    fold acc=0.556 time=240.3s | running pooled acc=0.507

--- Fold 8/26 | test sub08 (3 test, 243 train) ---
      ep00 train_loss=1.7072 train_acc=0.210 | val_loss=1.4218 val_acc=1.000
      ep01 train_loss=1.6462 train_acc=0.259 | val_loss=1.4408 val_acc=0.333
      ep02 train_loss=1.6143 train_acc=0.309 | val_loss=1.5448 val_acc=0.333
      ep03 train_loss=1.5685 train_acc=0.350 | val_loss=1.1446 val_acc=1.000
      ep04 train_loss=1.5737 train_acc=0.370 | val_loss=1.0192 val_acc=0.667
      ep05 train_loss=1.4203 train_acc=0.399 | val_loss=0.8469 val_acc=0.667
      ep06 train_loss=1.4104 train_acc=0.424 | val_loss=0.8645 val_acc=1.000
      ep07 train_loss=1.3604 train_acc=0.444 | val_loss=0.7264 val_acc=0.333
      ep08 train_loss=1.3217 train_acc=0.490 | val_loss=0.7774 val_acc=0.667
      ep09 train_loss=1.1146 train_acc=0.535 | val_loss=0.5290 val_acc=1.000
      ep10 train_loss=1.0989 train_acc=0.560 | val_loss=0.8063 val_acc=0.333
      ep11 train_loss=1.0562 train_acc=0.584 | val_loss=0.8846 val_acc=0.333
      ep12 train_loss=1.0204 train_acc=0.609 | val_loss=0.9901 val_acc=0.333
      ep13 train_loss=0.9767 train_acc=0.683 | val_loss=0.7265 val_acc=0.667
      ep14 train_loss=0.9177 train_acc=0.695 | val_loss=0.9706 val_acc=0.333
      ep15 train_loss=0.8893 train_acc=0.704 | val_loss=0.8269 val_acc=0.333
      ep16 train_loss=0.8418 train_acc=0.761 | val_loss=0.8220 val_acc=0.333
      ep17 train_loss=0.8446 train_acc=0.749 | val_loss=0.6158 val_acc=1.000
      ep18 train_loss=0.8057 train_acc=0.811 | val_loss=0.8630 val_acc=0.333
      ep19 train_loss=0.7884 train_acc=0.831 | val_loss=0.9049 val_acc=0.333
      ep20 train_loss=0.7599 train_acc=0.848 | val_loss=1.1524 val_acc=0.333
      ep21 train_loss=0.7387 train_acc=0.835 | val_loss=1.0727 val_acc=0.333
      ep22 train_loss=0.7338 train_acc=0.848 | val_loss=1.2796 val_acc=0.333
      ep23 train_loss=0.7221 train_acc=0.889 | val_loss=1.1930 val_acc=0.333
      ep24 train_loss=0.7399 train_acc=0.881 | val_loss=1.1708 val_acc=0.333
    fold acc=0.333 time=240.7s | running pooled acc=0.500

--- Fold 9/26 | test sub09 (13 test, 233 train) ---
      ep00 train_loss=1.7194 train_acc=0.189 | val_loss=1.5384 val_acc=0.385
      ep01 train_loss=1.7083 train_acc=0.232 | val_loss=1.6970 val_acc=0.000
      ep02 train_loss=1.7149 train_acc=0.249 | val_loss=1.6049 val_acc=0.000
      ep03 train_loss=1.6876 train_acc=0.232 | val_loss=1.6201 val_acc=0.000
      ep04 train_loss=1.7050 train_acc=0.223 | val_loss=1.6404 val_acc=0.077
      ep05 train_loss=1.6902 train_acc=0.249 | val_loss=1.6071 val_acc=0.308
      ep06 train_loss=1.6405 train_acc=0.343 | val_loss=2.0048 val_acc=0.000
      ep07 train_loss=1.6407 train_acc=0.262 | val_loss=1.6172 val_acc=0.231
      ep08 train_loss=1.6112 train_acc=0.356 | val_loss=1.4292 val_acc=0.462
      ep09 train_loss=1.5638 train_acc=0.365 | val_loss=1.5871 val_acc=0.154
      ep10 train_loss=1.5342 train_acc=0.313 | val_loss=1.5297 val_acc=0.385
      ep11 train_loss=1.5950 train_acc=0.322 | val_loss=1.3672 val_acc=0.385
      ep12 train_loss=1.4018 train_acc=0.451 | val_loss=0.9433 val_acc=0.538
      ep13 train_loss=1.2885 train_acc=0.515 | val_loss=0.7614 val_acc=0.923
      ep14 train_loss=1.1310 train_acc=0.584 | val_loss=0.5874 val_acc=0.692
      ep15 train_loss=1.1356 train_acc=0.567 | val_loss=0.6183 val_acc=1.000
      ep16 train_loss=1.0495 train_acc=0.652 | val_loss=0.6212 val_acc=0.846
      ep17 train_loss=0.9774 train_acc=0.622 | val_loss=0.6131 val_acc=0.846
      ep18 train_loss=0.9526 train_acc=0.704 | val_loss=0.5388 val_acc=0.923
      ep19 train_loss=0.8954 train_acc=0.682 | val_loss=0.5474 val_acc=0.846
      ep20 train_loss=0.9115 train_acc=0.691 | val_loss=0.5371 val_acc=0.846
      ep21 train_loss=0.8727 train_acc=0.738 | val_loss=0.5264 val_acc=0.923
      ep22 train_loss=0.8607 train_acc=0.760 | val_loss=0.5663 val_acc=0.846
      ep23 train_loss=0.8452 train_acc=0.798 | val_loss=0.5471 val_acc=0.846
      ep24 train_loss=0.8443 train_acc=0.768 | val_loss=0.5455 val_acc=0.846
    fold acc=0.923 time=241.1s | running pooled acc=0.566

--- Fold 10/26 | test sub10 (13 test, 233 train) ---
      ep00 train_loss=1.8082 train_acc=0.219 | val_loss=1.5656 val_acc=0.769
      ep01 train_loss=1.6467 train_acc=0.245 | val_loss=1.3239 val_acc=0.692
      ep02 train_loss=1.5812 train_acc=0.318 | val_loss=1.4122 val_acc=0.769
      ep03 train_loss=1.5354 train_acc=0.348 | val_loss=1.3971 val_acc=0.000
      ep04 train_loss=1.5129 train_acc=0.352 | val_loss=1.5772 val_acc=0.000
      ep05 train_loss=1.4490 train_acc=0.361 | val_loss=1.1904 val_acc=0.231
      ep06 train_loss=1.2426 train_acc=0.506 | val_loss=1.0026 val_acc=0.231
      ep07 train_loss=1.2084 train_acc=0.532 | val_loss=1.0912 val_acc=0.000
      ep08 train_loss=1.1022 train_acc=0.562 | val_loss=0.9704 val_acc=0.231
      ep09 train_loss=1.0067 train_acc=0.639 | val_loss=0.8505 val_acc=0.846
      ep10 train_loss=0.9915 train_acc=0.618 | val_loss=0.9177 val_acc=0.769
      ep11 train_loss=1.0138 train_acc=0.674 | val_loss=0.8089 val_acc=0.846
      ep12 train_loss=0.9202 train_acc=0.704 | val_loss=0.9413 val_acc=0.769
      ep13 train_loss=0.8551 train_acc=0.760 | val_loss=0.6472 val_acc=0.846
      ep14 train_loss=0.8547 train_acc=0.790 | val_loss=0.7626 val_acc=0.846
      ep15 train_loss=0.7851 train_acc=0.798 | val_loss=0.6226 val_acc=0.846
      ep16 train_loss=0.7583 train_acc=0.828 | val_loss=0.8778 val_acc=0.846
      ep17 train_loss=0.7353 train_acc=0.867 | val_loss=0.6188 val_acc=0.846
      ep18 train_loss=0.7403 train_acc=0.871 | val_loss=0.6156 val_acc=0.923
      ep19 train_loss=0.6886 train_acc=0.901 | val_loss=0.5265 val_acc=0.923
      ep20 train_loss=0.7029 train_acc=0.888 | val_loss=0.4656 val_acc=0.923
      ep21 train_loss=0.6877 train_acc=0.888 | val_loss=0.4928 val_acc=0.923
      ep22 train_loss=0.6621 train_acc=0.936 | val_loss=0.5036 val_acc=0.923
      ep23 train_loss=0.6552 train_acc=0.923 | val_loss=0.5080 val_acc=0.923
      ep24 train_loss=0.6505 train_acc=0.936 | val_loss=0.4952 val_acc=0.923
    fold acc=0.846 time=242.0s | running pooled acc=0.604

--- Fold 11/26 | test sub11 (10 test, 236 train) ---
      ep00 train_loss=1.7296 train_acc=0.233 | val_loss=1.6738 val_acc=0.200
      ep01 train_loss=1.7063 train_acc=0.212 | val_loss=1.4508 val_acc=0.500
      ep02 train_loss=1.6492 train_acc=0.280 | val_loss=1.6244 val_acc=0.000
      ep03 train_loss=1.5851 train_acc=0.318 | val_loss=1.5454 val_acc=0.000
      ep04 train_loss=1.5764 train_acc=0.335 | val_loss=1.3535 val_acc=0.700
      ep05 train_loss=1.5434 train_acc=0.377 | val_loss=1.4434 val_acc=0.400
      ep06 train_loss=1.4602 train_acc=0.369 | val_loss=1.3899 val_acc=0.200
      ep07 train_loss=1.4383 train_acc=0.381 | val_loss=1.1141 val_acc=0.500
      ep08 train_loss=1.3248 train_acc=0.458 | val_loss=0.8691 val_acc=0.500
      ep09 train_loss=1.3019 train_acc=0.432 | val_loss=1.0387 val_acc=0.500
      ep10 train_loss=1.2521 train_acc=0.504 | val_loss=1.1841 val_acc=0.300
      ep11 train_loss=1.0755 train_acc=0.589 | val_loss=1.0222 val_acc=0.300
      ep12 train_loss=1.0843 train_acc=0.585 | val_loss=0.8868 val_acc=0.600
      ep13 train_loss=1.0435 train_acc=0.653 | val_loss=0.9066 val_acc=0.400
      ep14 train_loss=0.9733 train_acc=0.708 | val_loss=0.8674 val_acc=0.500
      ep15 train_loss=0.9377 train_acc=0.678 | val_loss=0.7800 val_acc=0.500
      ep16 train_loss=0.8670 train_acc=0.729 | val_loss=0.8873 val_acc=0.700
      ep17 train_loss=0.8405 train_acc=0.754 | val_loss=0.8512 val_acc=0.600
      ep18 train_loss=0.8363 train_acc=0.742 | val_loss=0.8568 val_acc=0.600
      ep19 train_loss=0.8067 train_acc=0.784 | val_loss=0.8546 val_acc=0.600
      ep20 train_loss=0.7551 train_acc=0.847 | val_loss=0.8311 val_acc=0.600
      ep21 train_loss=0.7430 train_acc=0.835 | val_loss=0.8071 val_acc=0.600
      ep22 train_loss=0.7387 train_acc=0.860 | val_loss=0.7906 val_acc=0.600
      ep23 train_loss=0.7091 train_acc=0.873 | val_loss=0.7826 val_acc=0.600
      ep24 train_loss=0.7111 train_acc=0.873 | val_loss=0.7843 val_acc=0.600
    fold acc=0.700 time=241.0s | running pooled acc=0.613

--- Fold 12/26 | test sub12 (12 test, 234 train) ---
      ep00 train_loss=1.7129 train_acc=0.286 | val_loss=1.5852 val_acc=0.083
      ep01 train_loss=1.6789 train_acc=0.312 | val_loss=1.6643 val_acc=0.083
      ep02 train_loss=1.6932 train_acc=0.235 | val_loss=1.5110 val_acc=0.417
      ep03 train_loss=1.6252 train_acc=0.291 | val_loss=1.4580 val_acc=0.500
      ep04 train_loss=1.5285 train_acc=0.385 | val_loss=1.5128 val_acc=0.500
      ep05 train_loss=1.5403 train_acc=0.282 | val_loss=1.4471 val_acc=0.167
      ep06 train_loss=1.4215 train_acc=0.423 | val_loss=1.5240 val_acc=0.333
      ep07 train_loss=1.3764 train_acc=0.436 | val_loss=1.0609 val_acc=0.750
      ep08 train_loss=1.3268 train_acc=0.500 | val_loss=0.9577 val_acc=0.750
      ep09 train_loss=1.1602 train_acc=0.577 | val_loss=0.6199 val_acc=0.917
      ep10 train_loss=1.0722 train_acc=0.658 | val_loss=0.9527 val_acc=0.583
      ep11 train_loss=1.0914 train_acc=0.615 | val_loss=0.7493 val_acc=0.750
      ep12 train_loss=0.9437 train_acc=0.697 | val_loss=0.5466 val_acc=0.750
      ep13 train_loss=0.9475 train_acc=0.714 | val_loss=0.8794 val_acc=0.750
      ep14 train_loss=0.9045 train_acc=0.709 | val_loss=0.4566 val_acc=0.833
      ep15 train_loss=0.8739 train_acc=0.769 | val_loss=0.6172 val_acc=0.750
      ep16 train_loss=0.8296 train_acc=0.791 | val_loss=0.5688 val_acc=0.833
      ep17 train_loss=0.7738 train_acc=0.838 | val_loss=0.5389 val_acc=0.833
      ep18 train_loss=0.7340 train_acc=0.889 | val_loss=0.5520 val_acc=0.833
      ep19 train_loss=0.7339 train_acc=0.906 | val_loss=0.5786 val_acc=0.833
      ep20 train_loss=0.7279 train_acc=0.872 | val_loss=0.4696 val_acc=0.833
      ep21 train_loss=0.7053 train_acc=0.919 | val_loss=0.4844 val_acc=0.833
      ep22 train_loss=0.7026 train_acc=0.910 | val_loss=0.5395 val_acc=0.833
      ep23 train_loss=0.6831 train_acc=0.919 | val_loss=0.4905 val_acc=0.833
      ep24 train_loss=0.6908 train_acc=0.897 | val_loss=0.4858 val_acc=0.833
    fold acc=0.833 time=239.9s | running pooled acc=0.636

--- Fold 13/26 | test sub13 (8 test, 238 train) ---
      ep00 train_loss=1.7515 train_acc=0.273 | val_loss=1.6221 val_acc=0.250
      ep01 train_loss=1.6820 train_acc=0.290 | val_loss=1.5395 val_acc=0.000
      ep02 train_loss=1.6957 train_acc=0.261 | val_loss=1.6574 val_acc=0.250
      ep03 train_loss=1.6747 train_acc=0.303 | val_loss=1.6257 val_acc=0.000
      ep04 train_loss=1.5477 train_acc=0.395 | val_loss=1.3358 val_acc=0.250
      ep05 train_loss=1.4721 train_acc=0.420 | val_loss=1.6651 val_acc=0.000
      ep06 train_loss=1.4212 train_acc=0.462 | val_loss=1.4609 val_acc=0.375
      ep07 train_loss=1.2911 train_acc=0.462 | val_loss=1.3824 val_acc=0.250
      ep08 train_loss=1.2531 train_acc=0.538 | val_loss=1.1850 val_acc=0.375
      ep09 train_loss=1.2027 train_acc=0.576 | val_loss=0.9988 val_acc=0.625
      ep10 train_loss=1.0745 train_acc=0.613 | val_loss=1.2812 val_acc=0.250
      ep11 train_loss=1.0597 train_acc=0.630 | val_loss=1.0155 val_acc=0.500
      ep12 train_loss=0.9677 train_acc=0.664 | val_loss=1.3588 val_acc=0.250
      ep13 train_loss=0.9624 train_acc=0.685 | val_loss=1.1306 val_acc=0.250
      ep14 train_loss=0.9044 train_acc=0.697 | val_loss=1.2401 val_acc=0.250
      ep15 train_loss=0.8798 train_acc=0.752 | val_loss=0.9754 val_acc=0.375
      ep16 train_loss=0.8334 train_acc=0.769 | val_loss=0.9626 val_acc=0.500
      ep17 train_loss=0.8058 train_acc=0.807 | val_loss=1.0471 val_acc=0.375
      ep18 train_loss=0.7662 train_acc=0.840 | val_loss=0.9670 val_acc=0.500
      ep19 train_loss=0.7359 train_acc=0.845 | val_loss=1.0102 val_acc=0.250
      ep20 train_loss=0.7419 train_acc=0.874 | val_loss=0.9464 val_acc=0.500
      ep21 train_loss=0.7268 train_acc=0.895 | val_loss=0.8648 val_acc=0.750
      ep22 train_loss=0.6905 train_acc=0.912 | val_loss=0.8018 val_acc=0.750
      ep23 train_loss=0.6898 train_acc=0.933 | val_loss=0.8442 val_acc=0.750
      ep24 train_loss=0.6872 train_acc=0.916 | val_loss=0.8347 val_acc=0.750
    fold acc=0.750 time=241.0s | running pooled acc=0.643

--- Fold 14/26 | test sub14 (4 test, 242 train) ---
      ep00 train_loss=1.7493 train_acc=0.174 | val_loss=1.5122 val_acc=0.750
      ep01 train_loss=1.6361 train_acc=0.289 | val_loss=1.7042 val_acc=0.000
      ep02 train_loss=1.6490 train_acc=0.281 | val_loss=1.7131 val_acc=0.250
      ep03 train_loss=1.5012 train_acc=0.360 | val_loss=1.3567 val_acc=0.000
      ep04 train_loss=1.4450 train_acc=0.409 | val_loss=1.4503 val_acc=0.000
      ep05 train_loss=1.3992 train_acc=0.413 | val_loss=1.4228 val_acc=0.500
      ep06 train_loss=1.2334 train_acc=0.525 | val_loss=1.5703 val_acc=0.250
      ep07 train_loss=1.2999 train_acc=0.517 | val_loss=1.6399 val_acc=0.250
      ep08 train_loss=1.2242 train_acc=0.488 | val_loss=1.1926 val_acc=0.500
      ep09 train_loss=1.1095 train_acc=0.628 | val_loss=1.1554 val_acc=0.250
      ep10 train_loss=1.1606 train_acc=0.550 | val_loss=1.4680 val_acc=0.250
      ep11 train_loss=1.0614 train_acc=0.583 | val_loss=1.3653 val_acc=0.500
      ep12 train_loss=1.0469 train_acc=0.653 | val_loss=1.9208 val_acc=0.250
      ep13 train_loss=0.9948 train_acc=0.624 | val_loss=0.9758 val_acc=0.750
      ep14 train_loss=0.9579 train_acc=0.678 | val_loss=0.8520 val_acc=0.750
      ep15 train_loss=0.8928 train_acc=0.702 | val_loss=1.0237 val_acc=0.750
      ep16 train_loss=0.8548 train_acc=0.731 | val_loss=0.8802 val_acc=0.750
      ep17 train_loss=0.8561 train_acc=0.736 | val_loss=1.0282 val_acc=0.500
      ep18 train_loss=0.8129 train_acc=0.814 | val_loss=0.8200 val_acc=0.750
      ep19 train_loss=0.8113 train_acc=0.810 | val_loss=1.5614 val_acc=0.250
      ep20 train_loss=0.8059 train_acc=0.826 | val_loss=0.8624 val_acc=0.750
      ep21 train_loss=0.7683 train_acc=0.826 | val_loss=1.0098 val_acc=0.500
      ep22 train_loss=0.7560 train_acc=0.855 | val_loss=1.0492 val_acc=0.500
      ep23 train_loss=0.7462 train_acc=0.860 | val_loss=1.0490 val_acc=0.500
      ep24 train_loss=0.7289 train_acc=0.868 | val_loss=1.0661 val_acc=0.500
    fold acc=0.250 time=241.5s | running pooled acc=0.631

--- Fold 15/26 | test sub15 (3 test, 243 train) ---
      ep00 train_loss=1.7335 train_acc=0.218 | val_loss=1.8323 val_acc=0.000
      ep01 train_loss=1.6765 train_acc=0.267 | val_loss=1.6698 val_acc=0.000
      ep02 train_loss=1.6332 train_acc=0.300 | val_loss=1.8299 val_acc=0.000
      ep03 train_loss=1.5602 train_acc=0.342 | val_loss=1.4535 val_acc=0.333
      ep04 train_loss=1.5289 train_acc=0.403 | val_loss=1.0824 val_acc=0.667
      ep05 train_loss=1.3934 train_acc=0.477 | val_loss=1.6276 val_acc=0.333
      ep06 train_loss=1.2152 train_acc=0.531 | val_loss=0.8892 val_acc=0.667
      ep07 train_loss=1.1191 train_acc=0.572 | val_loss=0.7582 val_acc=1.000
      ep08 train_loss=1.2002 train_acc=0.584 | val_loss=0.9090 val_acc=0.667
      ep09 train_loss=1.0817 train_acc=0.572 | val_loss=0.7439 val_acc=0.667
      ep10 train_loss=1.0451 train_acc=0.654 | val_loss=0.7829 val_acc=0.667
      ep11 train_loss=0.9801 train_acc=0.691 | val_loss=0.9151 val_acc=0.667
      ep12 train_loss=0.9339 train_acc=0.691 | val_loss=0.7688 val_acc=0.667
      ep13 train_loss=0.8807 train_acc=0.770 | val_loss=1.2393 val_acc=0.667
      ep14 train_loss=0.8355 train_acc=0.790 | val_loss=0.7122 val_acc=0.667
      ep15 train_loss=0.8034 train_acc=0.798 | val_loss=0.5843 val_acc=0.667
      ep16 train_loss=0.7617 train_acc=0.827 | val_loss=0.9942 val_acc=0.667
      ep17 train_loss=0.7625 train_acc=0.852 | val_loss=0.8837 val_acc=0.667
      ep18 train_loss=0.7218 train_acc=0.889 | val_loss=1.1401 val_acc=0.667
      ep19 train_loss=0.7357 train_acc=0.852 | val_loss=0.8475 val_acc=0.667
      ep20 train_loss=0.6816 train_acc=0.909 | val_loss=0.8603 val_acc=0.667
      ep21 train_loss=0.6946 train_acc=0.889 | val_loss=0.8141 val_acc=0.667
      ep22 train_loss=0.6980 train_acc=0.926 | val_loss=0.7997 val_acc=0.667
      ep23 train_loss=0.6782 train_acc=0.922 | val_loss=0.8050 val_acc=0.667
      ep24 train_loss=0.6880 train_acc=0.918 | val_loss=0.8072 val_acc=0.667
    fold acc=0.667 time=239.9s | running pooled acc=0.632

--- Fold 16/26 | test sub16 (4 test, 242 train) ---
      ep00 train_loss=1.7652 train_acc=0.186 | val_loss=1.5807 val_acc=0.250
      ep01 train_loss=1.6927 train_acc=0.236 | val_loss=1.5040 val_acc=0.250
      ep02 train_loss=1.7486 train_acc=0.202 | val_loss=1.5653 val_acc=0.250
      ep03 train_loss=1.7202 train_acc=0.252 | val_loss=1.5218 val_acc=0.000
      ep04 train_loss=1.6979 train_acc=0.219 | val_loss=1.5890 val_acc=0.500
      ep05 train_loss=1.6905 train_acc=0.256 | val_loss=1.5527 val_acc=0.250
      ep06 train_loss=1.6744 train_acc=0.202 | val_loss=1.6066 val_acc=0.250
      ep07 train_loss=1.6962 train_acc=0.223 | val_loss=1.6306 val_acc=0.250
      ep08 train_loss=1.6785 train_acc=0.223 | val_loss=1.6284 val_acc=0.000
      ep09 train_loss=1.6650 train_acc=0.355 | val_loss=1.6368 val_acc=0.250
      ep10 train_loss=1.6239 train_acc=0.409 | val_loss=1.7240 val_acc=0.250
      ep11 train_loss=1.6042 train_acc=0.293 | val_loss=1.5868 val_acc=0.000
      ep12 train_loss=1.5263 train_acc=0.384 | val_loss=1.7469 val_acc=0.000
      ep13 train_loss=1.3883 train_acc=0.450 | val_loss=1.5906 val_acc=0.250
      ep14 train_loss=1.3524 train_acc=0.438 | val_loss=1.7038 val_acc=0.000
      ep15 train_loss=1.2721 train_acc=0.479 | val_loss=1.7658 val_acc=0.000
      ep16 train_loss=1.2192 train_acc=0.558 | val_loss=1.8718 val_acc=0.000
      ep17 train_loss=1.1184 train_acc=0.562 | val_loss=1.9168 val_acc=0.000
      ep18 train_loss=1.0657 train_acc=0.649 | val_loss=1.7669 val_acc=0.000
      ep19 train_loss=1.0091 train_acc=0.649 | val_loss=1.7462 val_acc=0.000
      ep20 train_loss=0.9900 train_acc=0.649 | val_loss=1.7485 val_acc=0.250
      ep21 train_loss=0.9961 train_acc=0.674 | val_loss=1.7401 val_acc=0.250
      ep22 train_loss=0.9219 train_acc=0.669 | val_loss=1.7963 val_acc=0.250
      ep23 train_loss=0.9507 train_acc=0.711 | val_loss=1.7943 val_acc=0.250
      ep24 train_loss=0.9263 train_acc=0.694 | val_loss=1.7974 val_acc=0.250
    fold acc=0.250 time=240.9s | running pooled acc=0.620

--- Fold 17/26 | test sub17 (34 test, 212 train) ---
      ep00 train_loss=1.7736 train_acc=0.255 | val_loss=1.5995 val_acc=0.088
      ep01 train_loss=1.6363 train_acc=0.325 | val_loss=1.4464 val_acc=0.147
      ep02 train_loss=1.5077 train_acc=0.344 | val_loss=1.2463 val_acc=0.588
      ep03 train_loss=1.5112 train_acc=0.392 | val_loss=1.3994 val_acc=0.353
      ep04 train_loss=1.3938 train_acc=0.401 | val_loss=1.8067 val_acc=0.147
      ep05 train_loss=1.4027 train_acc=0.467 | val_loss=1.2738 val_acc=0.588
      ep06 train_loss=1.2953 train_acc=0.443 | val_loss=1.1793 val_acc=0.412
      ep07 train_loss=1.1892 train_acc=0.524 | val_loss=1.1819 val_acc=0.500
      ep08 train_loss=1.1584 train_acc=0.575 | val_loss=1.3532 val_acc=0.529
      ep09 train_loss=1.1108 train_acc=0.566 | val_loss=1.0006 val_acc=0.647
      ep10 train_loss=1.0491 train_acc=0.618 | val_loss=1.2069 val_acc=0.588
      ep11 train_loss=1.1274 train_acc=0.571 | val_loss=1.4249 val_acc=0.353
      ep12 train_loss=1.0455 train_acc=0.646 | val_loss=1.0721 val_acc=0.471
      ep13 train_loss=0.9395 train_acc=0.731 | val_loss=1.0139 val_acc=0.559
      ep14 train_loss=0.8984 train_acc=0.783 | val_loss=0.9914 val_acc=0.588
      ep15 train_loss=0.9076 train_acc=0.764 | val_loss=0.8935 val_acc=0.647
      ep16 train_loss=0.8461 train_acc=0.774 | val_loss=0.9888 val_acc=0.618
      ep17 train_loss=0.8260 train_acc=0.807 | val_loss=0.9252 val_acc=0.618
      ep18 train_loss=0.7983 train_acc=0.840 | val_loss=0.9986 val_acc=0.618
      ep19 train_loss=0.7810 train_acc=0.863 | val_loss=1.1018 val_acc=0.559
      ep20 train_loss=0.7755 train_acc=0.873 | val_loss=1.2961 val_acc=0.471
      ep21 train_loss=0.7352 train_acc=0.906 | val_loss=1.1987 val_acc=0.529
      ep22 train_loss=0.7231 train_acc=0.896 | val_loss=1.1713 val_acc=0.529
      ep23 train_loss=0.7364 train_acc=0.896 | val_loss=1.1971 val_acc=0.500
      ep24 train_loss=0.7286 train_acc=0.896 | val_loss=1.1965 val_acc=0.500
    fold acc=0.500 time=243.3s | running pooled acc=0.596

--- Fold 18/26 | test sub18 (3 test, 243 train) ---
      ep00 train_loss=1.6979 train_acc=0.239 | val_loss=1.4138 val_acc=0.667
      ep01 train_loss=1.6299 train_acc=0.300 | val_loss=1.5447 val_acc=0.000
      ep02 train_loss=1.6109 train_acc=0.329 | val_loss=1.6435 val_acc=0.000
      ep03 train_loss=1.5651 train_acc=0.325 | val_loss=1.3456 val_acc=0.667
      ep04 train_loss=1.4479 train_acc=0.436 | val_loss=1.7478 val_acc=0.000
      ep05 train_loss=1.4437 train_acc=0.440 | val_loss=1.2420 val_acc=0.667
      ep06 train_loss=1.2748 train_acc=0.432 | val_loss=1.0348 val_acc=0.333
      ep07 train_loss=1.2028 train_acc=0.510 | val_loss=1.1227 val_acc=0.667
      ep08 train_loss=1.1878 train_acc=0.560 | val_loss=1.1791 val_acc=0.333
      ep09 train_loss=1.0571 train_acc=0.580 | val_loss=1.0998 val_acc=0.667
      ep10 train_loss=1.0478 train_acc=0.621 | val_loss=1.1022 val_acc=0.333
      ep11 train_loss=1.0119 train_acc=0.642 | val_loss=1.0781 val_acc=0.333
      ep12 train_loss=0.9448 train_acc=0.646 | val_loss=1.1147 val_acc=0.333
      ep13 train_loss=0.9197 train_acc=0.695 | val_loss=0.8895 val_acc=0.667
      ep14 train_loss=0.8941 train_acc=0.753 | val_loss=0.9970 val_acc=0.333
      ep15 train_loss=0.8310 train_acc=0.753 | val_loss=1.0454 val_acc=0.667
      ep16 train_loss=0.7710 train_acc=0.802 | val_loss=1.1097 val_acc=0.333
      ep17 train_loss=0.7836 train_acc=0.848 | val_loss=1.2798 val_acc=0.333
      ep18 train_loss=0.7663 train_acc=0.802 | val_loss=1.0159 val_acc=0.667
      ep19 train_loss=0.7342 train_acc=0.848 | val_loss=1.2562 val_acc=0.333
      ep20 train_loss=0.6943 train_acc=0.893 | val_loss=1.2852 val_acc=0.667
      ep21 train_loss=0.6721 train_acc=0.901 | val_loss=1.2143 val_acc=0.667
      ep22 train_loss=0.6748 train_acc=0.897 | val_loss=1.2747 val_acc=0.667
      ep23 train_loss=0.6842 train_acc=0.909 | val_loss=1.2365 val_acc=0.667
      ep24 train_loss=0.6680 train_acc=0.938 | val_loss=1.2491 val_acc=0.667
    fold acc=0.333 time=239.2s | running pooled acc=0.592

--- Fold 19/26 | test sub19 (15 test, 231 train) ---
      ep00 train_loss=1.7315 train_acc=0.203 | val_loss=1.6270 val_acc=0.000
      ep01 train_loss=1.7278 train_acc=0.264 | val_loss=1.6490 val_acc=0.200
      ep02 train_loss=1.6723 train_acc=0.260 | val_loss=1.5803 val_acc=0.200
      ep03 train_loss=1.7090 train_acc=0.268 | val_loss=1.6232 val_acc=0.200
      ep04 train_loss=1.7025 train_acc=0.229 | val_loss=1.6131 val_acc=0.333
      ep05 train_loss=1.6997 train_acc=0.242 | val_loss=1.5997 val_acc=0.200
      ep06 train_loss=1.6900 train_acc=0.216 | val_loss=1.5913 val_acc=0.267
      ep07 train_loss=1.6910 train_acc=0.290 | val_loss=1.6083 val_acc=0.200
      ep08 train_loss=1.6600 train_acc=0.385 | val_loss=1.5923 val_acc=0.200
      ep09 train_loss=1.5975 train_acc=0.346 | val_loss=1.7065 val_acc=0.333
      ep10 train_loss=1.4940 train_acc=0.385 | val_loss=1.1645 val_acc=0.600
      ep11 train_loss=1.5128 train_acc=0.346 | val_loss=1.3527 val_acc=0.400
      ep12 train_loss=1.4867 train_acc=0.381 | val_loss=1.2417 val_acc=0.667
      ep13 train_loss=1.2898 train_acc=0.476 | val_loss=1.0774 val_acc=0.667
      ep14 train_loss=1.2483 train_acc=0.528 | val_loss=1.2322 val_acc=0.533
      ep15 train_loss=1.2209 train_acc=0.532 | val_loss=1.0991 val_acc=0.533
      ep16 train_loss=1.1838 train_acc=0.593 | val_loss=1.0802 val_acc=0.467
      ep17 train_loss=1.0534 train_acc=0.662 | val_loss=1.1307 val_acc=0.467
      ep18 train_loss=1.0230 train_acc=0.688 | val_loss=1.2042 val_acc=0.467
      ep19 train_loss=0.9663 train_acc=0.684 | val_loss=1.1967 val_acc=0.533
      ep20 train_loss=0.9226 train_acc=0.719 | val_loss=1.1631 val_acc=0.533
      ep21 train_loss=0.9357 train_acc=0.736 | val_loss=1.1651 val_acc=0.533
      ep22 train_loss=0.9056 train_acc=0.740 | val_loss=1.1506 val_acc=0.533
      ep23 train_loss=0.8982 train_acc=0.719 | val_loss=1.1595 val_acc=0.533
      ep24 train_loss=0.9088 train_acc=0.749 | val_loss=1.1578 val_acc=0.533
    fold acc=0.533 time=240.5s | running pooled acc=0.587

--- Fold 20/26 | test sub20 (11 test, 235 train) ---
      ep00 train_loss=1.7234 train_acc=0.251 | val_loss=1.4536 val_acc=0.545
      ep01 train_loss=1.6705 train_acc=0.247 | val_loss=1.5244 val_acc=0.182
      ep02 train_loss=1.5916 train_acc=0.289 | val_loss=1.4185 val_acc=0.455
      ep03 train_loss=1.5760 train_acc=0.332 | val_loss=1.2398 val_acc=0.273
      ep04 train_loss=1.4986 train_acc=0.472 | val_loss=1.6054 val_acc=0.455
      ep05 train_loss=1.2116 train_acc=0.528 | val_loss=1.4210 val_acc=0.273
      ep06 train_loss=1.2181 train_acc=0.528 | val_loss=1.2852 val_acc=0.182
      ep07 train_loss=1.1251 train_acc=0.579 | val_loss=1.3218 val_acc=0.273
      ep08 train_loss=1.1215 train_acc=0.574 | val_loss=1.9584 val_acc=0.273
      ep09 train_loss=1.0655 train_acc=0.596 | val_loss=1.3677 val_acc=0.455
      ep10 train_loss=0.9687 train_acc=0.681 | val_loss=1.2201 val_acc=0.455
      ep11 train_loss=0.9578 train_acc=0.681 | val_loss=1.3071 val_acc=0.364
      ep12 train_loss=0.9104 train_acc=0.723 | val_loss=1.3336 val_acc=0.545
      ep13 train_loss=0.8843 train_acc=0.698 | val_loss=1.2316 val_acc=0.364
      ep14 train_loss=0.8236 train_acc=0.766 | val_loss=1.0160 val_acc=0.636
      ep15 train_loss=0.7818 train_acc=0.817 | val_loss=1.0237 val_acc=0.545
      ep16 train_loss=0.7420 train_acc=0.855 | val_loss=0.9353 val_acc=0.636
      ep17 train_loss=0.7354 train_acc=0.881 | val_loss=0.9375 val_acc=0.545
      ep18 train_loss=0.7147 train_acc=0.868 | val_loss=1.1485 val_acc=0.545
      ep19 train_loss=0.6806 train_acc=0.872 | val_loss=1.0382 val_acc=0.545
      ep20 train_loss=0.6840 train_acc=0.911 | val_loss=1.0639 val_acc=0.545
      ep21 train_loss=0.6712 train_acc=0.911 | val_loss=1.0726 val_acc=0.545
      ep22 train_loss=0.6704 train_acc=0.915 | val_loss=1.0479 val_acc=0.545
      ep23 train_loss=0.6442 train_acc=0.940 | val_loss=1.0474 val_acc=0.545
      ep24 train_loss=0.6704 train_acc=0.928 | val_loss=1.0500 val_acc=0.545
    fold acc=0.545 time=241.2s | running pooled acc=0.585

--- Fold 21/26 | test sub21 (2 test, 244 train) ---
      ep00 train_loss=1.7286 train_acc=0.242 | val_loss=1.6180 val_acc=0.000
      ep01 train_loss=1.6628 train_acc=0.299 | val_loss=1.5602 val_acc=0.500
      ep02 train_loss=1.5575 train_acc=0.365 | val_loss=1.5307 val_acc=0.000
      ep03 train_loss=1.5464 train_acc=0.352 | val_loss=1.4174 val_acc=0.000
      ep04 train_loss=1.4252 train_acc=0.414 | val_loss=1.2835 val_acc=0.000
      ep05 train_loss=1.3721 train_acc=0.439 | val_loss=1.3048 val_acc=0.000
      ep06 train_loss=1.2375 train_acc=0.533 | val_loss=1.8050 val_acc=0.000
      ep07 train_loss=1.1478 train_acc=0.586 | val_loss=1.7116 val_acc=0.000
      ep08 train_loss=1.1564 train_acc=0.566 | val_loss=1.3781 val_acc=0.500
      ep09 train_loss=1.0970 train_acc=0.566 | val_loss=1.8605 val_acc=0.000
      ep10 train_loss=1.0075 train_acc=0.648 | val_loss=2.1312 val_acc=0.000
      ep11 train_loss=1.0070 train_acc=0.701 | val_loss=1.7521 val_acc=0.000
      ep12 train_loss=0.9802 train_acc=0.709 | val_loss=2.5077 val_acc=0.000
      ep13 train_loss=0.8571 train_acc=0.734 | val_loss=2.7649 val_acc=0.000
      ep14 train_loss=0.8777 train_acc=0.762 | val_loss=2.3657 val_acc=0.000
      ep15 train_loss=0.8508 train_acc=0.762 | val_loss=2.6059 val_acc=0.000
      ep16 train_loss=0.7539 train_acc=0.848 | val_loss=2.6798 val_acc=0.000
      ep17 train_loss=0.7620 train_acc=0.840 | val_loss=3.1072 val_acc=0.000
      ep18 train_loss=0.7144 train_acc=0.861 | val_loss=2.8747 val_acc=0.500
      ep19 train_loss=0.6915 train_acc=0.889 | val_loss=3.0695 val_acc=0.500
      ep20 train_loss=0.6848 train_acc=0.898 | val_loss=3.1393 val_acc=0.500
      ep21 train_loss=0.6674 train_acc=0.898 | val_loss=3.1625 val_acc=0.500
      ep22 train_loss=0.6681 train_acc=0.910 | val_loss=3.1246 val_acc=0.500
      ep23 train_loss=0.6466 train_acc=0.926 | val_loss=3.1972 val_acc=0.500
      ep24 train_loss=0.6664 train_acc=0.926 | val_loss=3.2213 val_acc=0.500
    fold acc=0.500 time=238.1s | running pooled acc=0.584

--- Fold 22/26 | test sub22 (2 test, 244 train) ---
      ep00 train_loss=1.7281 train_acc=0.234 | val_loss=1.5435 val_acc=0.000
      ep01 train_loss=1.6620 train_acc=0.246 | val_loss=0.9718 val_acc=1.000
      ep02 train_loss=1.5497 train_acc=0.303 | val_loss=0.1704 val_acc=1.000
      ep03 train_loss=1.5365 train_acc=0.332 | val_loss=0.3978 val_acc=1.000
      ep04 train_loss=1.5032 train_acc=0.352 | val_loss=0.1869 val_acc=1.000
      ep05 train_loss=1.4041 train_acc=0.393 | val_loss=0.0348 val_acc=1.000
      ep06 train_loss=1.3368 train_acc=0.471 | val_loss=0.1106 val_acc=1.000
      ep07 train_loss=1.2630 train_acc=0.496 | val_loss=0.0533 val_acc=1.000
      ep08 train_loss=1.2520 train_acc=0.496 | val_loss=0.5292 val_acc=1.000
      ep09 train_loss=1.1052 train_acc=0.586 | val_loss=0.0701 val_acc=1.000
      ep10 train_loss=1.0390 train_acc=0.648 | val_loss=0.0416 val_acc=1.000
      ep11 train_loss=1.0224 train_acc=0.684 | val_loss=0.0323 val_acc=1.000
      ep12 train_loss=0.9686 train_acc=0.676 | val_loss=0.0104 val_acc=1.000
      ep13 train_loss=0.8685 train_acc=0.721 | val_loss=0.0075 val_acc=1.000
      ep14 train_loss=0.8581 train_acc=0.779 | val_loss=0.0145 val_acc=1.000
      ep15 train_loss=0.8678 train_acc=0.799 | val_loss=0.0722 val_acc=1.000
      ep16 train_loss=0.7654 train_acc=0.852 | val_loss=0.0237 val_acc=1.000
      ep17 train_loss=0.7773 train_acc=0.857 | val_loss=0.0408 val_acc=1.000
      ep18 train_loss=0.7220 train_acc=0.869 | val_loss=0.0254 val_acc=1.000
      ep19 train_loss=0.6921 train_acc=0.881 | val_loss=0.0569 val_acc=1.000
      ep20 train_loss=0.6908 train_acc=0.906 | val_loss=0.0261 val_acc=1.000
      ep21 train_loss=0.6856 train_acc=0.906 | val_loss=0.0915 val_acc=1.000
      ep22 train_loss=0.6845 train_acc=0.926 | val_loss=0.0563 val_acc=1.000
      ep23 train_loss=0.6702 train_acc=0.914 | val_loss=0.0514 val_acc=1.000
      ep24 train_loss=0.6762 train_acc=0.934 | val_loss=0.0512 val_acc=1.000
    fold acc=1.000 time=239.2s | running pooled acc=0.588

--- Fold 23/26 | test sub23 (12 test, 234 train) ---
      ep00 train_loss=1.7392 train_acc=0.235 | val_loss=1.6232 val_acc=0.250
      ep01 train_loss=1.7185 train_acc=0.231 | val_loss=1.6063 val_acc=0.333
      ep02 train_loss=1.6867 train_acc=0.282 | val_loss=1.6213 val_acc=0.083
      ep03 train_loss=1.6828 train_acc=0.209 | val_loss=1.5472 val_acc=0.167
      ep04 train_loss=1.6721 train_acc=0.278 | val_loss=1.4259 val_acc=0.500
      ep05 train_loss=1.5778 train_acc=0.325 | val_loss=1.0245 val_acc=0.667
      ep06 train_loss=1.4693 train_acc=0.410 | val_loss=1.0984 val_acc=0.500
      ep07 train_loss=1.4445 train_acc=0.410 | val_loss=1.0342 val_acc=0.500
      ep08 train_loss=1.2856 train_acc=0.432 | val_loss=0.8044 val_acc=0.667
      ep09 train_loss=1.2535 train_acc=0.547 | val_loss=1.0358 val_acc=0.500
      ep10 train_loss=1.3084 train_acc=0.462 | val_loss=0.8567 val_acc=0.667
      ep11 train_loss=1.2014 train_acc=0.487 | val_loss=0.7888 val_acc=0.750
      ep12 train_loss=1.0694 train_acc=0.568 | val_loss=0.8850 val_acc=0.750
      ep13 train_loss=1.0788 train_acc=0.590 | val_loss=1.1402 val_acc=0.583
      ep14 train_loss=1.0254 train_acc=0.641 | val_loss=0.8263 val_acc=0.667
      ep15 train_loss=0.9404 train_acc=0.684 | val_loss=0.8234 val_acc=0.667
      ep16 train_loss=0.9182 train_acc=0.714 | val_loss=0.6504 val_acc=0.750
      ep17 train_loss=0.8512 train_acc=0.769 | val_loss=0.9464 val_acc=0.667
      ep18 train_loss=0.8163 train_acc=0.803 | val_loss=0.9994 val_acc=0.750
      ep19 train_loss=0.7917 train_acc=0.859 | val_loss=0.8781 val_acc=0.750
      ep20 train_loss=0.7779 train_acc=0.838 | val_loss=0.8343 val_acc=0.750
      ep21 train_loss=0.7436 train_acc=0.872 | val_loss=0.9640 val_acc=0.750
      ep22 train_loss=0.7566 train_acc=0.872 | val_loss=0.9208 val_acc=0.750
      ep23 train_loss=0.7312 train_acc=0.897 | val_loss=0.8692 val_acc=0.750
      ep24 train_loss=0.7466 train_acc=0.889 | val_loss=0.8778 val_acc=0.750
    fold acc=0.750 time=239.2s | running pooled acc=0.597

--- Fold 24/26 | test sub24 (7 test, 239 train) ---
      ep00 train_loss=1.6991 train_acc=0.192 | val_loss=1.5375 val_acc=0.143
      ep01 train_loss=1.6005 train_acc=0.331 | val_loss=1.3049 val_acc=0.571
      ep02 train_loss=1.6023 train_acc=0.285 | val_loss=1.7947 val_acc=0.286
      ep03 train_loss=1.5161 train_acc=0.343 | val_loss=1.5128 val_acc=0.143
      ep04 train_loss=1.3917 train_acc=0.439 | val_loss=1.6983 val_acc=0.143
      ep05 train_loss=1.3809 train_acc=0.414 | val_loss=1.5723 val_acc=0.286
      ep06 train_loss=1.2921 train_acc=0.444 | val_loss=1.3773 val_acc=0.143
      ep07 train_loss=1.1745 train_acc=0.519 | val_loss=1.1337 val_acc=0.286
      ep08 train_loss=1.1413 train_acc=0.607 | val_loss=0.8814 val_acc=0.857
      ep09 train_loss=1.1302 train_acc=0.649 | val_loss=1.3213 val_acc=0.429
      ep10 train_loss=1.0407 train_acc=0.628 | val_loss=1.1243 val_acc=0.429
      ep11 train_loss=0.9908 train_acc=0.678 | val_loss=1.1269 val_acc=0.571
      ep12 train_loss=0.9018 train_acc=0.749 | val_loss=1.0473 val_acc=0.571
      ep13 train_loss=0.8575 train_acc=0.762 | val_loss=1.1011 val_acc=0.429
      ep14 train_loss=0.8379 train_acc=0.778 | val_loss=1.2315 val_acc=0.571
      ep15 train_loss=0.7631 train_acc=0.854 | val_loss=1.2637 val_acc=0.714
      ep16 train_loss=0.7579 train_acc=0.849 | val_loss=1.3090 val_acc=0.571
      ep17 train_loss=0.7066 train_acc=0.870 | val_loss=1.1851 val_acc=0.429
      ep18 train_loss=0.6848 train_acc=0.900 | val_loss=1.1785 val_acc=0.571
      ep19 train_loss=0.6700 train_acc=0.941 | val_loss=1.2831 val_acc=0.429
      ep20 train_loss=0.6445 train_acc=0.958 | val_loss=1.2618 val_acc=0.571
      ep21 train_loss=0.6184 train_acc=0.950 | val_loss=1.2443 val_acc=0.571
      ep22 train_loss=0.6134 train_acc=0.950 | val_loss=1.2332 val_acc=0.571
      ep23 train_loss=0.6172 train_acc=0.958 | val_loss=1.2529 val_acc=0.571
      ep24 train_loss=0.6078 train_acc=0.971 | val_loss=1.2587 val_acc=0.571
    fold acc=0.571 time=238.4s | running pooled acc=0.596

--- Fold 25/26 | test sub25 (7 test, 239 train) ---
      ep00 train_loss=1.6996 train_acc=0.192 | val_loss=1.5038 val_acc=0.429
      ep01 train_loss=1.6272 train_acc=0.297 | val_loss=1.3440 val_acc=0.429
      ep02 train_loss=1.5638 train_acc=0.339 | val_loss=1.4948 val_acc=0.429
      ep03 train_loss=1.5109 train_acc=0.351 | val_loss=1.3349 val_acc=0.714
      ep04 train_loss=1.4159 train_acc=0.452 | val_loss=1.4352 val_acc=0.286
      ep05 train_loss=1.3381 train_acc=0.460 | val_loss=1.5226 val_acc=0.286
      ep06 train_loss=1.2168 train_acc=0.510 | val_loss=1.1182 val_acc=0.429
      ep07 train_loss=1.2064 train_acc=0.590 | val_loss=1.1389 val_acc=0.429
      ep08 train_loss=1.0557 train_acc=0.649 | val_loss=1.0737 val_acc=0.571
      ep09 train_loss=0.9942 train_acc=0.715 | val_loss=1.1891 val_acc=0.286
      ep10 train_loss=0.9673 train_acc=0.699 | val_loss=0.9811 val_acc=0.571
      ep11 train_loss=0.9734 train_acc=0.703 | val_loss=0.9120 val_acc=0.571
      ep12 train_loss=0.8734 train_acc=0.736 | val_loss=0.9244 val_acc=0.571
      ep13 train_loss=0.8159 train_acc=0.791 | val_loss=1.5256 val_acc=0.000
      ep14 train_loss=0.7918 train_acc=0.791 | val_loss=1.1682 val_acc=0.429
      ep15 train_loss=0.7722 train_acc=0.845 | val_loss=1.0709 val_acc=0.571
      ep16 train_loss=0.7574 train_acc=0.845 | val_loss=0.9987 val_acc=0.429
      ep17 train_loss=0.6984 train_acc=0.883 | val_loss=0.7541 val_acc=0.571
      ep18 train_loss=0.6817 train_acc=0.908 | val_loss=0.9719 val_acc=0.429
      ep19 train_loss=0.6591 train_acc=0.929 | val_loss=0.8936 val_acc=0.571
      ep20 train_loss=0.6580 train_acc=0.937 | val_loss=0.8952 val_acc=0.429
      ep21 train_loss=0.6294 train_acc=0.954 | val_loss=0.7766 val_acc=0.571
      ep22 train_loss=0.6420 train_acc=0.929 | val_loss=0.8968 val_acc=0.571
      ep23 train_loss=0.6321 train_acc=0.962 | val_loss=0.8903 val_acc=0.571
      ep24 train_loss=0.6292 train_acc=0.958 | val_loss=0.8772 val_acc=0.571
    fold acc=0.429 time=239.4s | running pooled acc=0.591

--- Fold 26/26 | test sub26 (16 test, 230 train) ---
      ep00 train_loss=1.7260 train_acc=0.209 | val_loss=1.4425 val_acc=0.562
      ep01 train_loss=1.6455 train_acc=0.213 | val_loss=1.4934 val_acc=0.312
      ep02 train_loss=1.6731 train_acc=0.213 | val_loss=1.5863 val_acc=0.438
      ep03 train_loss=1.5869 train_acc=0.335 | val_loss=1.7443 val_acc=0.125
      ep04 train_loss=1.6225 train_acc=0.274 | val_loss=1.3475 val_acc=0.188
      ep05 train_loss=1.6259 train_acc=0.326 | val_loss=1.5953 val_acc=0.000
      ep06 train_loss=1.4704 train_acc=0.322 | val_loss=1.0090 val_acc=0.625
      ep07 train_loss=1.3708 train_acc=0.465 | val_loss=1.4730 val_acc=0.125
      ep08 train_loss=1.2647 train_acc=0.561 | val_loss=1.5869 val_acc=0.562
      ep09 train_loss=1.1491 train_acc=0.530 | val_loss=1.6237 val_acc=0.375
      ep10 train_loss=1.1013 train_acc=0.613 | val_loss=1.3036 val_acc=0.188
      ep11 train_loss=1.0386 train_acc=0.648 | val_loss=1.3732 val_acc=0.312
      ep12 train_loss=0.9857 train_acc=0.648 | val_loss=1.3317 val_acc=0.438
      ep13 train_loss=1.0102 train_acc=0.691 | val_loss=1.4350 val_acc=0.312
      ep14 train_loss=0.9615 train_acc=0.670 | val_loss=1.1956 val_acc=0.500
      ep15 train_loss=0.8742 train_acc=0.739 | val_loss=1.3355 val_acc=0.500
      ep16 train_loss=0.9037 train_acc=0.704 | val_loss=1.1752 val_acc=0.375
      ep17 train_loss=0.8089 train_acc=0.791 | val_loss=1.5476 val_acc=0.312
      ep18 train_loss=0.7956 train_acc=0.770 | val_loss=1.4810 val_acc=0.312
      ep19 train_loss=0.7767 train_acc=0.813 | val_loss=1.5369 val_acc=0.250
      ep20 train_loss=0.7383 train_acc=0.843 | val_loss=1.6898 val_acc=0.250
      ep21 train_loss=0.7569 train_acc=0.830 | val_loss=1.6139 val_acc=0.250
      ep22 train_loss=0.7412 train_acc=0.874 | val_loss=1.5795 val_acc=0.312
      ep23 train_loss=0.7235 train_acc=0.848 | val_loss=1.6380 val_acc=0.250
      ep24 train_loss=0.7117 train_acc=0.870 | val_loss=1.6424 val_acc=0.250
    fold acc=0.312 time=239.5s | running pooled acc=0.573

=== FINAL (pooled LOSO) ===
UF1 = 0.5978
UAR = 0.6187
ACC = 0.5732
per-class F1: happiness=0.568, disgust=0.555, repression=0.500, surprise=0.830, others=0.537
per-class recall: happiness=0.656, disgust=0.524, repression=0.519, surprise=0.880, others=0.515
confusion matrix (rows=true):
        happin disgus repres surpri others
happine     21      2      2      1      6
disgust      3     33      3      1     23
repress      2      0     14      1     10
surpris      1      0      1     22      1
 others     15     21      9      3     51

saved to D:\AI-Projects\casmeII-new-from-sequence-model\experiments\iter_21_freezebn
elapsed 6266.7s
