=== EXPERIMENT iter_38_mc3_diff ===
time: 2026-07-20T18:28:13.848801
device: cuda (NVIDIA GeForce RTX 3060)
platform: Windows-10-10.0.26200-SP0 | torch 2.6.0+cu124
config:
{
  "seed": 42,
  "T": 16,
  "img_size": 128,
  "base_size": 128,
  "input_mode": "diff",
  "backbone": "mc3_18",
  "pretrained": true,
  "dropout": 0.5,
  "epochs": 25,
  "lr": 0.0001,
  "weight_decay": 0.001,
  "batch_size": 6,
  "class_weighting": true,
  "label_smoothing": 0.1,
  "hflip": true,
  "color_jitter": 0.0,
  "temporal_jitter": true,
  "amp": true,
  "eval_last_k": 3,
  "tta": 5,
  "cache_dir": "cache/frames128",
  "index": "cache/index_emotion.csv",
  "class_names": [
    "happiness",
    "disgust",
    "repression",
    "surprise",
    "others"
  ],
  "name": "iter_38_mc3_diff_res128",
  "modality": "rgb",
  "temporal_span": "onset_offset",
  "random_erase": 0.1
}
samples: 246 | classes: 5 ['happiness', 'disgust', 'repression', 'surprise', 'others']
loading arrays into RAM...
loaded 246 arrays

--- Fold 1/26 | test sub01 (9 test, 237 train) ---
      ep00 train_loss=1.6820 train_acc=0.228 | val_loss=1.5385 val_acc=0.000
      ep01 train_loss=1.6482 train_acc=0.300 | val_loss=1.3328 val_acc=0.667
      ep02 train_loss=1.4306 train_acc=0.409 | val_loss=1.2418 val_acc=0.444
      ep03 train_loss=1.2989 train_acc=0.502 | val_loss=1.1594 val_acc=0.444
      ep04 train_loss=1.2531 train_acc=0.553 | val_loss=1.0097 val_acc=0.667
      ep05 train_loss=1.1156 train_acc=0.620 | val_loss=0.8700 val_acc=0.667
      ep06 train_loss=1.0367 train_acc=0.658 | val_loss=1.0326 val_acc=0.667
      ep07 train_loss=1.0337 train_acc=0.679 | val_loss=0.8283 val_acc=0.556
      ep08 train_loss=0.9459 train_acc=0.743 | val_loss=0.7434 val_acc=0.778
      ep09 train_loss=0.9309 train_acc=0.755 | val_loss=1.0137 val_acc=0.444
      ep10 train_loss=0.9421 train_acc=0.751 | val_loss=0.8735 val_acc=0.667
      ep11 train_loss=0.9849 train_acc=0.785 | val_loss=0.8042 val_acc=0.667
      ep12 train_loss=0.8317 train_acc=0.831 | val_loss=0.6290 val_acc=0.778
      ep13 train_loss=0.8399 train_acc=0.785 | val_loss=0.7185 val_acc=0.667
      ep14 train_loss=0.8342 train_acc=0.852 | val_loss=0.7204 val_acc=0.778
      ep15 train_loss=0.7926 train_acc=0.861 | val_loss=0.6144 val_acc=0.889
      ep16 train_loss=0.7770 train_acc=0.848 | val_loss=0.6835 val_acc=0.778
      ep17 train_loss=0.7269 train_acc=0.895 | val_loss=0.6479 val_acc=0.889
      ep18 train_loss=0.7292 train_acc=0.924 | val_loss=0.6776 val_acc=1.000
      ep19 train_loss=0.7482 train_acc=0.895 | val_loss=0.6750 val_acc=0.889
      ep20 train_loss=0.7638 train_acc=0.886 | val_loss=0.6732 val_acc=0.778
      ep21 train_loss=0.7142 train_acc=0.895 | val_loss=0.7096 val_acc=0.889
      ep22 train_loss=0.7231 train_acc=0.903 | val_loss=0.6839 val_acc=0.889
      ep23 train_loss=0.6955 train_acc=0.899 | val_loss=0.6725 val_acc=0.889
      ep24 train_loss=0.7628 train_acc=0.890 | val_loss=0.6514 val_acc=0.889
    fold acc=0.889 time=259.1s | running pooled acc=0.889

--- Fold 2/26 | test sub02 (13 test, 233 train) ---
      ep00 train_loss=1.7341 train_acc=0.249 | val_loss=1.7312 val_acc=0.231
      ep01 train_loss=1.6230 train_acc=0.330 | val_loss=1.4284 val_acc=0.462
      ep02 train_loss=1.4526 train_acc=0.378 | val_loss=1.1462 val_acc=0.462
      ep03 train_loss=1.3047 train_acc=0.476 | val_loss=1.4340 val_acc=0.231
      ep04 train_loss=1.2221 train_acc=0.575 | val_loss=1.5650 val_acc=0.462
      ep05 train_loss=1.2089 train_acc=0.622 | val_loss=1.6107 val_acc=0.231
      ep06 train_loss=1.1028 train_acc=0.644 | val_loss=1.3530 val_acc=0.538
      ep07 train_loss=1.0416 train_acc=0.644 | val_loss=1.6458 val_acc=0.308
      ep08 train_loss=1.0528 train_acc=0.682 | val_loss=1.9670 val_acc=0.231
      ep09 train_loss=0.9428 train_acc=0.755 | val_loss=1.7184 val_acc=0.231
      ep10 train_loss=0.9236 train_acc=0.755 | val_loss=1.7286 val_acc=0.308
      ep11 train_loss=0.9249 train_acc=0.704 | val_loss=1.2773 val_acc=0.385
      ep12 train_loss=0.8725 train_acc=0.803 | val_loss=2.1783 val_acc=0.231
      ep13 train_loss=0.8631 train_acc=0.790 | val_loss=1.9636 val_acc=0.231
      ep14 train_loss=0.8579 train_acc=0.794 | val_loss=1.7471 val_acc=0.231
      ep15 train_loss=0.7959 train_acc=0.897 | val_loss=1.5698 val_acc=0.308
      ep16 train_loss=0.7487 train_acc=0.893 | val_loss=1.4322 val_acc=0.385
      ep17 train_loss=0.8279 train_acc=0.858 | val_loss=1.3893 val_acc=0.385
      ep18 train_loss=0.7892 train_acc=0.876 | val_loss=1.5895 val_acc=0.308
      ep19 train_loss=0.7444 train_acc=0.884 | val_loss=1.5535 val_acc=0.231
      ep20 train_loss=0.7208 train_acc=0.931 | val_loss=1.5416 val_acc=0.308
      ep21 train_loss=0.7428 train_acc=0.923 | val_loss=1.5767 val_acc=0.231
      ep22 train_loss=0.7827 train_acc=0.858 | val_loss=1.5938 val_acc=0.308
      ep23 train_loss=0.7377 train_acc=0.901 | val_loss=1.4730 val_acc=0.308
      ep24 train_loss=0.7363 train_acc=0.893 | val_loss=1.5528 val_acc=0.385
    fold acc=0.385 time=261.1s | running pooled acc=0.591

--- Fold 3/26 | test sub03 (7 test, 239 train) ---
      ep00 train_loss=1.7370 train_acc=0.188 | val_loss=1.5471 val_acc=0.143
      ep01 train_loss=1.6085 train_acc=0.314 | val_loss=1.4754 val_acc=0.143
      ep02 train_loss=1.4454 train_acc=0.381 | val_loss=1.4401 val_acc=0.429
      ep03 train_loss=1.3225 train_acc=0.473 | val_loss=1.3326 val_acc=0.571
      ep04 train_loss=1.1743 train_acc=0.582 | val_loss=1.1835 val_acc=0.286
      ep05 train_loss=1.1169 train_acc=0.582 | val_loss=1.2365 val_acc=0.286
      ep06 train_loss=1.0335 train_acc=0.690 | val_loss=1.1733 val_acc=0.286
      ep07 train_loss=0.9852 train_acc=0.690 | val_loss=1.1033 val_acc=0.286
      ep08 train_loss=0.9584 train_acc=0.711 | val_loss=1.2524 val_acc=0.286
      ep09 train_loss=0.9238 train_acc=0.753 | val_loss=1.0457 val_acc=0.429
      ep10 train_loss=0.9300 train_acc=0.720 | val_loss=1.5690 val_acc=0.429
      ep11 train_loss=0.8705 train_acc=0.766 | val_loss=1.5052 val_acc=0.286
      ep12 train_loss=0.8857 train_acc=0.816 | val_loss=1.7992 val_acc=0.429
      ep13 train_loss=0.7902 train_acc=0.849 | val_loss=1.5797 val_acc=0.286
      ep14 train_loss=0.8128 train_acc=0.808 | val_loss=1.3328 val_acc=0.429
      ep15 train_loss=0.7842 train_acc=0.845 | val_loss=1.4673 val_acc=0.429
      ep16 train_loss=0.7381 train_acc=0.887 | val_loss=1.6542 val_acc=0.429
      ep17 train_loss=0.7374 train_acc=0.891 | val_loss=1.5843 val_acc=0.429
      ep18 train_loss=0.7345 train_acc=0.900 | val_loss=1.9100 val_acc=0.429
      ep19 train_loss=0.7458 train_acc=0.887 | val_loss=1.9094 val_acc=0.429
      ep20 train_loss=0.6826 train_acc=0.916 | val_loss=1.8104 val_acc=0.429
      ep21 train_loss=0.6964 train_acc=0.908 | val_loss=2.0317 val_acc=0.429
      ep22 train_loss=0.7086 train_acc=0.941 | val_loss=1.9395 val_acc=0.429
      ep23 train_loss=0.6938 train_acc=0.916 | val_loss=1.8752 val_acc=0.429
      ep24 train_loss=0.7034 train_acc=0.916 | val_loss=1.9928 val_acc=0.429
    fold acc=0.429 time=247.1s | running pooled acc=0.552

--- Fold 4/26 | test sub04 (5 test, 241 train) ---
      ep00 train_loss=1.7503 train_acc=0.178 | val_loss=1.6286 val_acc=0.000
      ep01 train_loss=1.6075 train_acc=0.307 | val_loss=1.5555 val_acc=0.200
      ep02 train_loss=1.4609 train_acc=0.373 | val_loss=1.2136 val_acc=0.800
      ep03 train_loss=1.3262 train_acc=0.469 | val_loss=1.1184 val_acc=0.600
      ep04 train_loss=1.2160 train_acc=0.581 | val_loss=1.0201 val_acc=0.400
      ep05 train_loss=1.1315 train_acc=0.614 | val_loss=0.9265 val_acc=0.600
      ep06 train_loss=1.0815 train_acc=0.635 | val_loss=1.0106 val_acc=0.600
      ep07 train_loss=1.0961 train_acc=0.643 | val_loss=0.7782 val_acc=0.600
      ep08 train_loss=1.0461 train_acc=0.697 | val_loss=0.9752 val_acc=0.600
      ep09 train_loss=0.9627 train_acc=0.726 | val_loss=1.0617 val_acc=0.600
      ep10 train_loss=0.9603 train_acc=0.714 | val_loss=1.0893 val_acc=0.400
      ep11 train_loss=0.9276 train_acc=0.739 | val_loss=1.1379 val_acc=0.400
      ep12 train_loss=0.8683 train_acc=0.793 | val_loss=1.3995 val_acc=0.400
      ep13 train_loss=0.8459 train_acc=0.826 | val_loss=1.0405 val_acc=0.600
      ep14 train_loss=0.8195 train_acc=0.809 | val_loss=1.2791 val_acc=0.400
      ep15 train_loss=0.7776 train_acc=0.851 | val_loss=1.0549 val_acc=0.600
      ep16 train_loss=0.7616 train_acc=0.855 | val_loss=1.1216 val_acc=0.600
      ep17 train_loss=0.7608 train_acc=0.859 | val_loss=1.0043 val_acc=0.600
      ep18 train_loss=0.7907 train_acc=0.855 | val_loss=1.0236 val_acc=0.600
      ep19 train_loss=0.6931 train_acc=0.917 | val_loss=1.0354 val_acc=0.600
      ep20 train_loss=0.7982 train_acc=0.842 | val_loss=1.2287 val_acc=0.600
      ep21 train_loss=0.7316 train_acc=0.905 | val_loss=1.1112 val_acc=0.600
      ep22 train_loss=0.7872 train_acc=0.859 | val_loss=1.0785 val_acc=0.600
      ep23 train_loss=0.7886 train_acc=0.867 | val_loss=1.0395 val_acc=0.600
      ep24 train_loss=0.7118 train_acc=0.913 | val_loss=1.0679 val_acc=0.600
    fold acc=0.600 time=244.8s | running pooled acc=0.559

--- Fold 5/26 | test sub05 (19 test, 227 train) ---
      ep00 train_loss=1.7033 train_acc=0.172 | val_loss=1.9438 val_acc=0.263
      ep01 train_loss=1.5717 train_acc=0.317 | val_loss=1.9925 val_acc=0.211
      ep02 train_loss=1.3569 train_acc=0.471 | val_loss=1.9904 val_acc=0.368
      ep03 train_loss=1.2825 train_acc=0.485 | val_loss=1.6282 val_acc=0.526
      ep04 train_loss=1.1828 train_acc=0.555 | val_loss=1.8543 val_acc=0.263
      ep05 train_loss=1.1893 train_acc=0.595 | val_loss=1.8375 val_acc=0.316
      ep06 train_loss=1.1028 train_acc=0.643 | val_loss=1.7380 val_acc=0.368
      ep07 train_loss=1.0496 train_acc=0.670 | val_loss=1.6094 val_acc=0.421
      ep08 train_loss=0.9413 train_acc=0.771 | val_loss=1.7012 val_acc=0.368
      ep09 train_loss=0.9559 train_acc=0.727 | val_loss=1.9300 val_acc=0.316
      ep10 train_loss=0.8923 train_acc=0.789 | val_loss=2.0285 val_acc=0.421
      ep11 train_loss=0.8722 train_acc=0.753 | val_loss=1.6703 val_acc=0.526
      ep12 train_loss=0.8820 train_acc=0.811 | val_loss=1.6288 val_acc=0.474
      ep13 train_loss=0.8540 train_acc=0.833 | val_loss=1.6214 val_acc=0.474
      ep14 train_loss=0.8132 train_acc=0.850 | val_loss=1.7317 val_acc=0.316
      ep15 train_loss=0.7958 train_acc=0.846 | val_loss=1.3474 val_acc=0.579
      ep16 train_loss=0.8255 train_acc=0.846 | val_loss=1.3072 val_acc=0.526
      ep17 train_loss=0.7569 train_acc=0.877 | val_loss=1.5581 val_acc=0.474
      ep18 train_loss=0.7761 train_acc=0.885 | val_loss=1.4282 val_acc=0.526
      ep19 train_loss=0.7251 train_acc=0.916 | val_loss=1.4850 val_acc=0.526
      ep20 train_loss=0.7872 train_acc=0.877 | val_loss=1.3573 val_acc=0.526
      ep21 train_loss=0.7847 train_acc=0.868 | val_loss=1.3531 val_acc=0.526
      ep22 train_loss=0.7028 train_acc=0.925 | val_loss=1.4481 val_acc=0.526
      ep23 train_loss=0.7164 train_acc=0.916 | val_loss=1.2983 val_acc=0.526
      ep24 train_loss=0.7778 train_acc=0.872 | val_loss=1.4338 val_acc=0.526
    fold acc=0.526 time=244.1s | running pooled acc=0.547

--- Fold 6/26 | test sub06 (5 test, 241 train) ---
      ep00 train_loss=1.7488 train_acc=0.220 | val_loss=1.4505 val_acc=0.400
      ep01 train_loss=1.6318 train_acc=0.270 | val_loss=1.3547 val_acc=0.400
      ep02 train_loss=1.4796 train_acc=0.353 | val_loss=0.9315 val_acc=0.600
      ep03 train_loss=1.3401 train_acc=0.502 | val_loss=0.9466 val_acc=0.400
      ep04 train_loss=1.2781 train_acc=0.548 | val_loss=0.9260 val_acc=0.400
      ep05 train_loss=1.1436 train_acc=0.639 | val_loss=0.8275 val_acc=0.600
      ep06 train_loss=1.0971 train_acc=0.618 | val_loss=0.8992 val_acc=0.800
      ep07 train_loss=1.1331 train_acc=0.627 | val_loss=0.8020 val_acc=0.600
      ep08 train_loss=1.0483 train_acc=0.701 | val_loss=0.8007 val_acc=0.600
      ep09 train_loss=0.9755 train_acc=0.722 | val_loss=0.6719 val_acc=0.800
      ep10 train_loss=0.9655 train_acc=0.743 | val_loss=0.7439 val_acc=0.800
      ep11 train_loss=0.9217 train_acc=0.776 | val_loss=0.7972 val_acc=0.600
      ep12 train_loss=0.8923 train_acc=0.768 | val_loss=0.7371 val_acc=0.800
      ep13 train_loss=0.8505 train_acc=0.834 | val_loss=0.9485 val_acc=0.400
      ep14 train_loss=0.8565 train_acc=0.838 | val_loss=0.9531 val_acc=0.600
      ep15 train_loss=0.8432 train_acc=0.805 | val_loss=0.9844 val_acc=0.600
      ep16 train_loss=0.8155 train_acc=0.817 | val_loss=0.9203 val_acc=0.600
      ep17 train_loss=0.7928 train_acc=0.876 | val_loss=0.8123 val_acc=0.600
      ep18 train_loss=0.8799 train_acc=0.809 | val_loss=0.9322 val_acc=0.400
      ep19 train_loss=0.7411 train_acc=0.900 | val_loss=0.8419 val_acc=0.400
      ep20 train_loss=0.8422 train_acc=0.834 | val_loss=0.9264 val_acc=0.600
      ep21 train_loss=0.7613 train_acc=0.900 | val_loss=0.8976 val_acc=0.600
      ep22 train_loss=0.7956 train_acc=0.859 | val_loss=0.9084 val_acc=0.600
      ep23 train_loss=0.8192 train_acc=0.826 | val_loss=0.8696 val_acc=0.400
      ep24 train_loss=0.7361 train_acc=0.900 | val_loss=0.9082 val_acc=0.600
    fold acc=0.600 time=248.0s | running pooled acc=0.552

--- Fold 7/26 | test sub07 (9 test, 237 train) ---
      ep00 train_loss=1.6878 train_acc=0.253 | val_loss=1.5716 val_acc=0.000
      ep01 train_loss=1.6136 train_acc=0.316 | val_loss=1.3517 val_acc=0.444
      ep02 train_loss=1.4104 train_acc=0.430 | val_loss=1.2418 val_acc=0.444
      ep03 train_loss=1.2626 train_acc=0.519 | val_loss=1.3271 val_acc=0.333
      ep04 train_loss=1.3032 train_acc=0.511 | val_loss=1.4085 val_acc=0.333
      ep05 train_loss=1.0976 train_acc=0.671 | val_loss=1.2175 val_acc=0.333
      ep06 train_loss=1.0451 train_acc=0.654 | val_loss=1.3025 val_acc=0.333
      ep07 train_loss=0.9919 train_acc=0.722 | val_loss=1.4495 val_acc=0.444
      ep08 train_loss=0.9360 train_acc=0.785 | val_loss=1.3323 val_acc=0.444
      ep09 train_loss=0.8952 train_acc=0.793 | val_loss=1.2637 val_acc=0.444
      ep10 train_loss=1.0187 train_acc=0.696 | val_loss=1.2122 val_acc=0.444
      ep11 train_loss=0.9380 train_acc=0.751 | val_loss=1.3641 val_acc=0.444
      ep12 train_loss=0.8449 train_acc=0.810 | val_loss=1.1917 val_acc=0.333
      ep13 train_loss=0.7940 train_acc=0.882 | val_loss=1.1129 val_acc=0.444
      ep14 train_loss=0.7839 train_acc=0.873 | val_loss=1.1347 val_acc=0.667
      ep15 train_loss=0.7968 train_acc=0.857 | val_loss=1.1866 val_acc=0.556
      ep16 train_loss=0.7589 train_acc=0.848 | val_loss=1.1775 val_acc=0.556
      ep17 train_loss=0.7073 train_acc=0.907 | val_loss=1.2148 val_acc=0.444
      ep18 train_loss=0.7124 train_acc=0.920 | val_loss=1.2168 val_acc=0.556
      ep19 train_loss=0.7210 train_acc=0.899 | val_loss=1.0876 val_acc=0.556
      ep20 train_loss=0.7399 train_acc=0.895 | val_loss=1.2257 val_acc=0.667
      ep21 train_loss=0.7062 train_acc=0.886 | val_loss=1.2052 val_acc=0.556
      ep22 train_loss=0.7011 train_acc=0.895 | val_loss=1.1726 val_acc=0.556
      ep23 train_loss=0.6656 train_acc=0.932 | val_loss=1.1979 val_acc=0.556
      ep24 train_loss=0.7340 train_acc=0.907 | val_loss=1.1391 val_acc=0.556
    fold acc=0.556 time=243.8s | running pooled acc=0.552

--- Fold 8/26 | test sub08 (3 test, 243 train) ---
      ep00 train_loss=1.6931 train_acc=0.222 | val_loss=1.6065 val_acc=0.000
      ep01 train_loss=1.5705 train_acc=0.317 | val_loss=2.8260 val_acc=0.000
      ep02 train_loss=1.3682 train_acc=0.457 | val_loss=1.4800 val_acc=0.333
      ep03 train_loss=1.2610 train_acc=0.547 | val_loss=0.8650 val_acc=0.333
      ep04 train_loss=1.2396 train_acc=0.556 | val_loss=1.2464 val_acc=0.333
      ep05 train_loss=1.0791 train_acc=0.671 | val_loss=2.7512 val_acc=0.000
      ep06 train_loss=1.0797 train_acc=0.667 | val_loss=1.7772 val_acc=0.000
      ep07 train_loss=1.1026 train_acc=0.609 | val_loss=3.5099 val_acc=0.000
      ep08 train_loss=0.9721 train_acc=0.757 | val_loss=2.3904 val_acc=0.000
      ep09 train_loss=0.9339 train_acc=0.737 | val_loss=1.9434 val_acc=0.333
      ep10 train_loss=0.8932 train_acc=0.790 | val_loss=1.8116 val_acc=0.333
      ep11 train_loss=0.8759 train_acc=0.774 | val_loss=2.9109 val_acc=0.000
      ep12 train_loss=0.8338 train_acc=0.815 | val_loss=1.9668 val_acc=0.333
      ep13 train_loss=0.8530 train_acc=0.811 | val_loss=2.1550 val_acc=0.000
      ep14 train_loss=0.8118 train_acc=0.844 | val_loss=1.9673 val_acc=0.333
      ep15 train_loss=0.7627 train_acc=0.872 | val_loss=1.9440 val_acc=0.333
      ep16 train_loss=0.8209 train_acc=0.835 | val_loss=2.3529 val_acc=0.333
      ep17 train_loss=0.7891 train_acc=0.827 | val_loss=2.5210 val_acc=0.000
      ep18 train_loss=0.7786 train_acc=0.852 | val_loss=2.3379 val_acc=0.333
      ep19 train_loss=0.7723 train_acc=0.889 | val_loss=2.1632 val_acc=0.333
      ep20 train_loss=0.7332 train_acc=0.909 | val_loss=1.8951 val_acc=0.333
      ep21 train_loss=0.7754 train_acc=0.881 | val_loss=2.3765 val_acc=0.333
      ep22 train_loss=0.7467 train_acc=0.889 | val_loss=2.3305 val_acc=0.333
      ep23 train_loss=0.7127 train_acc=0.914 | val_loss=2.5067 val_acc=0.333
      ep24 train_loss=0.7212 train_acc=0.901 | val_loss=2.5531 val_acc=0.333
    fold acc=0.333 time=243.5s | running pooled acc=0.543

--- Fold 9/26 | test sub09 (13 test, 233 train) ---
      ep00 train_loss=1.7259 train_acc=0.189 | val_loss=1.9938 val_acc=0.000
      ep01 train_loss=1.6061 train_acc=0.318 | val_loss=1.5894 val_acc=0.308
      ep02 train_loss=1.4674 train_acc=0.421 | val_loss=1.4147 val_acc=0.385
      ep03 train_loss=1.3334 train_acc=0.494 | val_loss=0.9625 val_acc=0.538
      ep04 train_loss=1.2646 train_acc=0.536 | val_loss=1.0614 val_acc=0.538
      ep05 train_loss=1.1753 train_acc=0.614 | val_loss=0.7802 val_acc=0.615
      ep06 train_loss=1.0860 train_acc=0.618 | val_loss=0.8913 val_acc=0.615
      ep07 train_loss=1.1426 train_acc=0.614 | val_loss=0.9744 val_acc=0.615
      ep08 train_loss=1.0701 train_acc=0.700 | val_loss=0.9232 val_acc=0.615
      ep09 train_loss=1.0132 train_acc=0.708 | val_loss=1.2321 val_acc=0.538
      ep10 train_loss=0.9174 train_acc=0.768 | val_loss=0.6352 val_acc=0.769
      ep11 train_loss=0.9560 train_acc=0.730 | val_loss=1.4516 val_acc=0.615
      ep12 train_loss=0.9644 train_acc=0.747 | val_loss=0.7987 val_acc=0.615
      ep13 train_loss=0.9265 train_acc=0.738 | val_loss=0.9616 val_acc=0.692
      ep14 train_loss=0.8796 train_acc=0.785 | val_loss=1.0508 val_acc=0.538
      ep15 train_loss=0.8005 train_acc=0.867 | val_loss=0.8969 val_acc=0.692
      ep16 train_loss=0.7702 train_acc=0.888 | val_loss=0.9744 val_acc=0.615
      ep17 train_loss=0.7969 train_acc=0.863 | val_loss=0.8418 val_acc=0.692
      ep18 train_loss=0.8577 train_acc=0.854 | val_loss=1.0086 val_acc=0.692
      ep19 train_loss=0.7635 train_acc=0.888 | val_loss=1.1700 val_acc=0.538
      ep20 train_loss=0.7240 train_acc=0.910 | val_loss=1.0786 val_acc=0.615
      ep21 train_loss=0.7946 train_acc=0.871 | val_loss=1.1065 val_acc=0.538
      ep22 train_loss=0.8258 train_acc=0.833 | val_loss=1.0663 val_acc=0.615
      ep23 train_loss=0.7635 train_acc=0.897 | val_loss=1.0541 val_acc=0.615
      ep24 train_loss=0.7498 train_acc=0.863 | val_loss=1.0587 val_acc=0.615
    fold acc=0.615 time=244.6s | running pooled acc=0.554

--- Fold 10/26 | test sub10 (13 test, 233 train) ---
      ep00 train_loss=1.6608 train_acc=0.240 | val_loss=1.6958 val_acc=0.000
      ep01 train_loss=1.6010 train_acc=0.322 | val_loss=1.3619 val_acc=0.692
      ep02 train_loss=1.3998 train_acc=0.442 | val_loss=1.2113 val_acc=0.462
      ep03 train_loss=1.2770 train_acc=0.472 | val_loss=1.1478 val_acc=0.692
      ep04 train_loss=1.2213 train_acc=0.571 | val_loss=1.0545 val_acc=0.538
      ep05 train_loss=1.1000 train_acc=0.588 | val_loss=1.2695 val_acc=0.538
      ep06 train_loss=1.0495 train_acc=0.618 | val_loss=1.2931 val_acc=0.231
      ep07 train_loss=1.1010 train_acc=0.627 | val_loss=0.7707 val_acc=0.846
      ep08 train_loss=1.0168 train_acc=0.734 | val_loss=0.9613 val_acc=0.692
      ep09 train_loss=1.0001 train_acc=0.674 | val_loss=0.8349 val_acc=0.846
      ep10 train_loss=0.8729 train_acc=0.777 | val_loss=0.8178 val_acc=0.923
      ep11 train_loss=0.9091 train_acc=0.742 | val_loss=0.8643 val_acc=0.538
      ep12 train_loss=0.9102 train_acc=0.790 | val_loss=0.5737 val_acc=0.923
      ep13 train_loss=0.8606 train_acc=0.790 | val_loss=0.6121 val_acc=0.923
      ep14 train_loss=0.8406 train_acc=0.781 | val_loss=1.2490 val_acc=0.231
      ep15 train_loss=0.7658 train_acc=0.867 | val_loss=0.6812 val_acc=0.923
      ep16 train_loss=0.7313 train_acc=0.871 | val_loss=0.6236 val_acc=0.923
      ep17 train_loss=0.7647 train_acc=0.858 | val_loss=0.7853 val_acc=0.923
      ep18 train_loss=0.7888 train_acc=0.854 | val_loss=0.7195 val_acc=0.923
      ep19 train_loss=0.7046 train_acc=0.876 | val_loss=0.6640 val_acc=0.923
      ep20 train_loss=0.6758 train_acc=0.948 | val_loss=0.7622 val_acc=0.923
      ep21 train_loss=0.7370 train_acc=0.901 | val_loss=0.7868 val_acc=0.846
      ep22 train_loss=0.7501 train_acc=0.876 | val_loss=0.7940 val_acc=0.923
      ep23 train_loss=0.7119 train_acc=0.914 | val_loss=0.8385 val_acc=0.846
      ep24 train_loss=0.7034 train_acc=0.910 | val_loss=0.8167 val_acc=0.846
    fold acc=0.923 time=245.9s | running pooled acc=0.604

--- Fold 11/26 | test sub11 (10 test, 236 train) ---
      ep00 train_loss=1.7147 train_acc=0.191 | val_loss=1.7340 val_acc=0.000
      ep01 train_loss=1.6182 train_acc=0.318 | val_loss=1.5055 val_acc=0.200
      ep02 train_loss=1.4325 train_acc=0.411 | val_loss=1.3214 val_acc=0.600
      ep03 train_loss=1.3231 train_acc=0.479 | val_loss=1.0996 val_acc=0.500
      ep04 train_loss=1.2434 train_acc=0.551 | val_loss=1.6036 val_acc=0.600
      ep05 train_loss=1.1210 train_acc=0.585 | val_loss=1.0749 val_acc=0.800
      ep06 train_loss=1.0723 train_acc=0.636 | val_loss=0.9600 val_acc=0.700
      ep07 train_loss=1.1058 train_acc=0.669 | val_loss=1.1121 val_acc=0.500
      ep08 train_loss=0.9883 train_acc=0.746 | val_loss=1.0987 val_acc=0.400
      ep09 train_loss=0.9431 train_acc=0.682 | val_loss=0.9880 val_acc=0.400
      ep10 train_loss=0.9497 train_acc=0.725 | val_loss=0.8780 val_acc=0.600
      ep11 train_loss=0.8845 train_acc=0.750 | val_loss=1.1313 val_acc=0.600
      ep12 train_loss=0.8332 train_acc=0.831 | val_loss=0.8233 val_acc=0.500
      ep13 train_loss=0.8338 train_acc=0.801 | val_loss=0.7843 val_acc=0.700
      ep14 train_loss=0.7927 train_acc=0.835 | val_loss=1.1088 val_acc=0.600
      ep15 train_loss=0.8183 train_acc=0.860 | val_loss=0.8584 val_acc=0.800
      ep16 train_loss=0.7535 train_acc=0.869 | val_loss=0.8786 val_acc=0.700
      ep17 train_loss=0.7589 train_acc=0.873 | val_loss=0.7838 val_acc=0.800
      ep18 train_loss=0.7122 train_acc=0.894 | val_loss=0.8772 val_acc=0.600
      ep19 train_loss=0.6961 train_acc=0.936 | val_loss=0.7200 val_acc=0.900
      ep20 train_loss=0.7637 train_acc=0.881 | val_loss=0.8321 val_acc=0.700
      ep21 train_loss=0.7136 train_acc=0.903 | val_loss=0.8794 val_acc=0.600
      ep22 train_loss=0.7331 train_acc=0.881 | val_loss=0.8225 val_acc=0.800
      ep23 train_loss=0.7315 train_acc=0.894 | val_loss=0.7484 val_acc=0.800
      ep24 train_loss=0.7275 train_acc=0.881 | val_loss=0.7732 val_acc=0.800
    fold acc=0.700 time=247.1s | running pooled acc=0.613

--- Fold 12/26 | test sub12 (12 test, 234 train) ---
      ep00 train_loss=1.7024 train_acc=0.192 | val_loss=1.5156 val_acc=0.333
      ep01 train_loss=1.5768 train_acc=0.329 | val_loss=1.4196 val_acc=0.333
      ep02 train_loss=1.4226 train_acc=0.444 | val_loss=1.1906 val_acc=0.333
      ep03 train_loss=1.3247 train_acc=0.479 | val_loss=1.0730 val_acc=0.500
      ep04 train_loss=1.2876 train_acc=0.496 | val_loss=0.8399 val_acc=0.750
      ep05 train_loss=1.1748 train_acc=0.556 | val_loss=0.9951 val_acc=0.500
      ep06 train_loss=1.1265 train_acc=0.620 | val_loss=0.6165 val_acc=0.750
      ep07 train_loss=1.0517 train_acc=0.684 | val_loss=0.7421 val_acc=0.583
      ep08 train_loss=0.9865 train_acc=0.739 | val_loss=0.7228 val_acc=0.500
      ep09 train_loss=1.0045 train_acc=0.697 | val_loss=0.8062 val_acc=0.583
      ep10 train_loss=0.9269 train_acc=0.765 | val_loss=0.5781 val_acc=0.833
      ep11 train_loss=0.8738 train_acc=0.833 | val_loss=0.6852 val_acc=0.583
      ep12 train_loss=0.8391 train_acc=0.838 | val_loss=0.4577 val_acc=0.917
      ep13 train_loss=0.8843 train_acc=0.795 | val_loss=0.6364 val_acc=0.583
      ep14 train_loss=0.9177 train_acc=0.795 | val_loss=0.7375 val_acc=0.667
      ep15 train_loss=0.8093 train_acc=0.833 | val_loss=0.6020 val_acc=0.667
      ep16 train_loss=0.8151 train_acc=0.872 | val_loss=0.6299 val_acc=0.667
      ep17 train_loss=0.7524 train_acc=0.868 | val_loss=0.5109 val_acc=0.833
      ep18 train_loss=0.7931 train_acc=0.880 | val_loss=0.5735 val_acc=0.667
      ep19 train_loss=0.7553 train_acc=0.915 | val_loss=0.5292 val_acc=0.750
      ep20 train_loss=0.7720 train_acc=0.872 | val_loss=0.5994 val_acc=0.750
      ep21 train_loss=0.7202 train_acc=0.919 | val_loss=0.6062 val_acc=0.667
      ep22 train_loss=0.7384 train_acc=0.880 | val_loss=0.5418 val_acc=0.750
      ep23 train_loss=0.7244 train_acc=0.897 | val_loss=0.5525 val_acc=0.750
      ep24 train_loss=0.7525 train_acc=0.893 | val_loss=0.5988 val_acc=0.667
    fold acc=0.833 time=246.4s | running pooled acc=0.636

--- Fold 13/26 | test sub13 (8 test, 238 train) ---
      ep00 train_loss=1.7473 train_acc=0.202 | val_loss=1.5271 val_acc=0.000
      ep01 train_loss=1.6161 train_acc=0.336 | val_loss=1.3963 val_acc=0.500
      ep02 train_loss=1.5253 train_acc=0.395 | val_loss=1.3314 val_acc=0.500
      ep03 train_loss=1.4176 train_acc=0.445 | val_loss=1.4279 val_acc=0.250
      ep04 train_loss=1.2698 train_acc=0.496 | val_loss=1.7110 val_acc=0.375
      ep05 train_loss=1.1690 train_acc=0.584 | val_loss=1.6189 val_acc=0.250
      ep06 train_loss=1.1448 train_acc=0.664 | val_loss=1.2832 val_acc=0.500
      ep07 train_loss=1.0409 train_acc=0.676 | val_loss=1.9789 val_acc=0.250
      ep08 train_loss=1.0564 train_acc=0.697 | val_loss=1.1030 val_acc=0.500
      ep09 train_loss=0.9838 train_acc=0.773 | val_loss=1.1608 val_acc=0.500
      ep10 train_loss=0.9009 train_acc=0.731 | val_loss=0.8781 val_acc=0.625
      ep11 train_loss=0.9219 train_acc=0.756 | val_loss=0.9387 val_acc=0.500
      ep12 train_loss=0.8728 train_acc=0.765 | val_loss=1.0588 val_acc=0.500
      ep13 train_loss=0.8546 train_acc=0.773 | val_loss=1.0303 val_acc=0.625
      ep14 train_loss=0.8271 train_acc=0.811 | val_loss=1.2914 val_acc=0.500
      ep15 train_loss=0.7673 train_acc=0.840 | val_loss=1.0776 val_acc=0.625
      ep16 train_loss=0.8295 train_acc=0.811 | val_loss=0.8699 val_acc=0.750
      ep17 train_loss=0.7922 train_acc=0.845 | val_loss=0.9969 val_acc=0.500
      ep18 train_loss=0.7624 train_acc=0.866 | val_loss=1.0417 val_acc=0.500
      ep19 train_loss=0.7341 train_acc=0.891 | val_loss=0.9977 val_acc=0.625
      ep20 train_loss=0.7621 train_acc=0.861 | val_loss=0.9339 val_acc=0.625
      ep21 train_loss=0.7761 train_acc=0.866 | val_loss=0.9615 val_acc=0.625
      ep22 train_loss=0.7676 train_acc=0.903 | val_loss=1.0775 val_acc=0.500
      ep23 train_loss=0.7160 train_acc=0.891 | val_loss=1.0282 val_acc=0.500
      ep24 train_loss=0.7050 train_acc=0.912 | val_loss=0.9522 val_acc=0.625
    fold acc=0.500 time=243.1s | running pooled acc=0.627

--- Fold 14/26 | test sub14 (4 test, 242 train) ---
      ep00 train_loss=1.7230 train_acc=0.194 | val_loss=1.9797 val_acc=0.000
      ep01 train_loss=1.5414 train_acc=0.289 | val_loss=1.5967 val_acc=0.250
      ep02 train_loss=1.3801 train_acc=0.479 | val_loss=2.4148 val_acc=0.250
      ep03 train_loss=1.3273 train_acc=0.479 | val_loss=0.9368 val_acc=0.750
      ep04 train_loss=1.2175 train_acc=0.599 | val_loss=1.0955 val_acc=0.500
      ep05 train_loss=1.1661 train_acc=0.599 | val_loss=1.5914 val_acc=0.250
      ep06 train_loss=1.0362 train_acc=0.690 | val_loss=0.8862 val_acc=0.750
      ep07 train_loss=1.0339 train_acc=0.674 | val_loss=1.1611 val_acc=0.500
      ep08 train_loss=0.9944 train_acc=0.744 | val_loss=0.6687 val_acc=0.750
      ep09 train_loss=0.9446 train_acc=0.752 | val_loss=1.5752 val_acc=0.500
      ep10 train_loss=0.9310 train_acc=0.740 | val_loss=0.8581 val_acc=0.500
      ep11 train_loss=0.8555 train_acc=0.806 | val_loss=1.1143 val_acc=0.500
      ep12 train_loss=0.8615 train_acc=0.831 | val_loss=1.1159 val_acc=0.750
      ep13 train_loss=0.8169 train_acc=0.855 | val_loss=0.9323 val_acc=0.750
      ep14 train_loss=0.8047 train_acc=0.860 | val_loss=0.7699 val_acc=0.750
      ep15 train_loss=0.8077 train_acc=0.860 | val_loss=1.0832 val_acc=0.500
      ep16 train_loss=0.7601 train_acc=0.888 | val_loss=0.8704 val_acc=0.500
      ep17 train_loss=0.7853 train_acc=0.839 | val_loss=0.9903 val_acc=0.500
      ep18 train_loss=0.7693 train_acc=0.864 | val_loss=0.9932 val_acc=0.500
      ep19 train_loss=0.7365 train_acc=0.868 | val_loss=0.9325 val_acc=0.500
      ep20 train_loss=0.7409 train_acc=0.888 | val_loss=1.2261 val_acc=0.500
      ep21 train_loss=0.7179 train_acc=0.913 | val_loss=1.1221 val_acc=0.500
      ep22 train_loss=0.7347 train_acc=0.913 | val_loss=1.0262 val_acc=0.500
      ep23 train_loss=0.7193 train_acc=0.913 | val_loss=1.0241 val_acc=0.500
      ep24 train_loss=0.7201 train_acc=0.905 | val_loss=1.2546 val_acc=0.500
    fold acc=0.500 time=255.3s | running pooled acc=0.623

--- Fold 15/26 | test sub15 (3 test, 243 train) ---
      ep00 train_loss=1.7247 train_acc=0.226 | val_loss=1.5220 val_acc=0.333
      ep01 train_loss=1.5925 train_acc=0.358 | val_loss=1.1943 val_acc=0.333
      ep02 train_loss=1.3688 train_acc=0.469 | val_loss=1.0320 val_acc=0.667
      ep03 train_loss=1.2593 train_acc=0.523 | val_loss=0.7202 val_acc=0.667
      ep04 train_loss=1.2406 train_acc=0.547 | val_loss=0.7100 val_acc=0.667
      ep05 train_loss=1.0694 train_acc=0.679 | val_loss=0.7520 val_acc=1.000
      ep06 train_loss=1.1973 train_acc=0.568 | val_loss=0.9370 val_acc=0.333
      ep07 train_loss=1.0368 train_acc=0.671 | val_loss=0.5414 val_acc=1.000
      ep08 train_loss=0.9635 train_acc=0.741 | val_loss=0.5378 val_acc=1.000
      ep09 train_loss=0.9597 train_acc=0.741 | val_loss=0.5969 val_acc=1.000
      ep10 train_loss=0.9188 train_acc=0.765 | val_loss=0.5648 val_acc=1.000
      ep11 train_loss=0.8762 train_acc=0.753 | val_loss=0.4630 val_acc=0.667
      ep12 train_loss=0.8755 train_acc=0.765 | val_loss=0.5787 val_acc=1.000
      ep13 train_loss=0.8164 train_acc=0.811 | val_loss=0.5073 val_acc=1.000
      ep14 train_loss=0.8000 train_acc=0.848 | val_loss=0.3560 val_acc=1.000
      ep15 train_loss=0.7859 train_acc=0.860 | val_loss=0.4143 val_acc=1.000
      ep16 train_loss=0.8206 train_acc=0.844 | val_loss=0.5921 val_acc=0.667
      ep17 train_loss=0.7879 train_acc=0.877 | val_loss=0.7317 val_acc=0.667
      ep18 train_loss=0.7954 train_acc=0.864 | val_loss=0.4422 val_acc=1.000
      ep19 train_loss=0.7694 train_acc=0.885 | val_loss=0.5637 val_acc=1.000
      ep20 train_loss=0.7448 train_acc=0.897 | val_loss=0.5585 val_acc=0.667
      ep21 train_loss=0.7600 train_acc=0.897 | val_loss=0.5193 val_acc=1.000
      ep22 train_loss=0.7579 train_acc=0.885 | val_loss=0.5368 val_acc=1.000
      ep23 train_loss=0.7478 train_acc=0.885 | val_loss=0.5484 val_acc=1.000
      ep24 train_loss=0.7602 train_acc=0.860 | val_loss=0.4986 val_acc=1.000
    fold acc=1.000 time=248.8s | running pooled acc=0.632

--- Fold 16/26 | test sub16 (4 test, 242 train) ---
      ep00 train_loss=1.7071 train_acc=0.198 | val_loss=2.1199 val_acc=0.000
      ep01 train_loss=1.5426 train_acc=0.289 | val_loss=1.4884 val_acc=0.250
      ep02 train_loss=1.3642 train_acc=0.463 | val_loss=1.1474 val_acc=0.500
      ep03 train_loss=1.3475 train_acc=0.479 | val_loss=1.4513 val_acc=0.250
      ep04 train_loss=1.2186 train_acc=0.620 | val_loss=1.3685 val_acc=0.250
      ep05 train_loss=1.1597 train_acc=0.616 | val_loss=1.3758 val_acc=0.500
      ep06 train_loss=1.0572 train_acc=0.694 | val_loss=1.7581 val_acc=0.250
      ep07 train_loss=1.0369 train_acc=0.636 | val_loss=1.2815 val_acc=0.500
      ep08 train_loss=0.9931 train_acc=0.756 | val_loss=1.4237 val_acc=0.500
      ep09 train_loss=0.9488 train_acc=0.777 | val_loss=1.3047 val_acc=0.500
      ep10 train_loss=0.9487 train_acc=0.744 | val_loss=1.1255 val_acc=0.500
      ep11 train_loss=0.8439 train_acc=0.793 | val_loss=1.3829 val_acc=0.500
      ep12 train_loss=0.8605 train_acc=0.810 | val_loss=1.2391 val_acc=0.500
      ep13 train_loss=0.8217 train_acc=0.839 | val_loss=1.4635 val_acc=0.500
      ep14 train_loss=0.7965 train_acc=0.868 | val_loss=1.2958 val_acc=0.500
      ep15 train_loss=0.8136 train_acc=0.831 | val_loss=1.3646 val_acc=0.500
      ep16 train_loss=0.7869 train_acc=0.872 | val_loss=1.1529 val_acc=0.500
      ep17 train_loss=0.7767 train_acc=0.839 | val_loss=1.1618 val_acc=0.500
      ep18 train_loss=0.7777 train_acc=0.860 | val_loss=1.2203 val_acc=0.500
      ep19 train_loss=0.7538 train_acc=0.851 | val_loss=1.2247 val_acc=0.500
      ep20 train_loss=0.7525 train_acc=0.884 | val_loss=1.2724 val_acc=0.500
      ep21 train_loss=0.7274 train_acc=0.909 | val_loss=1.3289 val_acc=0.500
      ep22 train_loss=0.7629 train_acc=0.905 | val_loss=1.1737 val_acc=0.500
      ep23 train_loss=0.7215 train_acc=0.909 | val_loss=1.1735 val_acc=0.500
      ep24 train_loss=0.7335 train_acc=0.884 | val_loss=1.2204 val_acc=0.500
    fold acc=0.500 time=260.1s | running pooled acc=0.628

--- Fold 17/26 | test sub17 (34 test, 212 train) ---
      ep00 train_loss=1.8131 train_acc=0.203 | val_loss=1.7768 val_acc=0.029
      ep01 train_loss=1.5680 train_acc=0.368 | val_loss=1.6284 val_acc=0.294
      ep02 train_loss=1.4416 train_acc=0.425 | val_loss=1.1708 val_acc=0.500
      ep03 train_loss=1.3393 train_acc=0.486 | val_loss=1.2556 val_acc=0.529
      ep04 train_loss=1.3510 train_acc=0.486 | val_loss=1.2566 val_acc=0.441
      ep05 train_loss=1.2443 train_acc=0.542 | val_loss=1.2188 val_acc=0.529
      ep06 train_loss=1.1940 train_acc=0.618 | val_loss=1.0731 val_acc=0.441
      ep07 train_loss=1.1319 train_acc=0.585 | val_loss=0.9374 val_acc=0.588
      ep08 train_loss=1.0844 train_acc=0.665 | val_loss=1.1020 val_acc=0.559
      ep09 train_loss=1.0629 train_acc=0.698 | val_loss=1.6360 val_acc=0.529
      ep10 train_loss=0.9987 train_acc=0.693 | val_loss=1.2614 val_acc=0.500
      ep11 train_loss=0.9979 train_acc=0.769 | val_loss=1.2030 val_acc=0.353
      ep12 train_loss=1.0131 train_acc=0.708 | val_loss=0.7399 val_acc=0.765
      ep13 train_loss=0.9064 train_acc=0.759 | val_loss=0.8571 val_acc=0.588
      ep14 train_loss=0.8822 train_acc=0.802 | val_loss=0.8990 val_acc=0.529
      ep15 train_loss=0.8807 train_acc=0.807 | val_loss=0.9325 val_acc=0.559
      ep16 train_loss=0.8722 train_acc=0.825 | val_loss=0.9035 val_acc=0.471
      ep17 train_loss=0.8435 train_acc=0.835 | val_loss=1.0340 val_acc=0.500
      ep18 train_loss=0.8438 train_acc=0.802 | val_loss=0.9183 val_acc=0.588
      ep19 train_loss=0.8290 train_acc=0.835 | val_loss=0.8661 val_acc=0.618
      ep20 train_loss=0.7920 train_acc=0.873 | val_loss=0.9879 val_acc=0.500
      ep21 train_loss=0.8330 train_acc=0.835 | val_loss=0.8353 val_acc=0.588
      ep22 train_loss=0.7851 train_acc=0.915 | val_loss=0.8877 val_acc=0.588
      ep23 train_loss=0.7793 train_acc=0.835 | val_loss=0.9316 val_acc=0.500
      ep24 train_loss=0.7945 train_acc=0.863 | val_loss=0.9240 val_acc=0.500
    fold acc=0.529 time=260.6s | running pooled acc=0.608

--- Fold 18/26 | test sub18 (3 test, 243 train) ---
      ep00 train_loss=1.7290 train_acc=0.247 | val_loss=1.5737 val_acc=0.000
      ep01 train_loss=1.5959 train_acc=0.329 | val_loss=1.5264 val_acc=0.000
      ep02 train_loss=1.3519 train_acc=0.473 | val_loss=1.4599 val_acc=0.333
      ep03 train_loss=1.2189 train_acc=0.568 | val_loss=0.9614 val_acc=0.667
      ep04 train_loss=1.1938 train_acc=0.539 | val_loss=2.1017 val_acc=0.000
      ep05 train_loss=1.0530 train_acc=0.658 | val_loss=1.4462 val_acc=0.000
      ep06 train_loss=1.1121 train_acc=0.626 | val_loss=1.0949 val_acc=0.667
      ep07 train_loss=1.0051 train_acc=0.700 | val_loss=2.0501 val_acc=0.333
      ep08 train_loss=0.9852 train_acc=0.700 | val_loss=1.0306 val_acc=0.667
      ep09 train_loss=0.9189 train_acc=0.737 | val_loss=1.7822 val_acc=0.333
      ep10 train_loss=0.9229 train_acc=0.749 | val_loss=1.8239 val_acc=0.667
      ep11 train_loss=0.8402 train_acc=0.807 | val_loss=1.5851 val_acc=0.333
      ep12 train_loss=0.8568 train_acc=0.819 | val_loss=1.4852 val_acc=0.333
      ep13 train_loss=0.8337 train_acc=0.802 | val_loss=1.3132 val_acc=0.667
      ep14 train_loss=0.8200 train_acc=0.840 | val_loss=1.3836 val_acc=0.667
      ep15 train_loss=0.7765 train_acc=0.868 | val_loss=1.3350 val_acc=0.667
      ep16 train_loss=0.8230 train_acc=0.844 | val_loss=1.3443 val_acc=0.333
      ep17 train_loss=0.8048 train_acc=0.860 | val_loss=1.6181 val_acc=0.333
      ep18 train_loss=0.7781 train_acc=0.856 | val_loss=1.7905 val_acc=0.333
      ep19 train_loss=0.7258 train_acc=0.909 | val_loss=1.6637 val_acc=0.333
      ep20 train_loss=0.7140 train_acc=0.914 | val_loss=1.7018 val_acc=0.333
      ep21 train_loss=0.7537 train_acc=0.897 | val_loss=1.7448 val_acc=0.667
      ep22 train_loss=0.7725 train_acc=0.881 | val_loss=1.6677 val_acc=0.667
      ep23 train_loss=0.7538 train_acc=0.897 | val_loss=1.6632 val_acc=0.333
      ep24 train_loss=0.7546 train_acc=0.909 | val_loss=1.7547 val_acc=0.333
    fold acc=0.333 time=258.2s | running pooled acc=0.603

--- Fold 19/26 | test sub19 (15 test, 231 train) ---
      ep00 train_loss=1.7325 train_acc=0.238 | val_loss=1.4935 val_acc=0.333
      ep01 train_loss=1.6410 train_acc=0.294 | val_loss=1.3708 val_acc=0.333
      ep02 train_loss=1.5137 train_acc=0.403 | val_loss=1.2601 val_acc=0.333
      ep03 train_loss=1.3902 train_acc=0.429 | val_loss=1.1186 val_acc=0.400
      ep04 train_loss=1.2338 train_acc=0.541 | val_loss=1.0264 val_acc=0.400
      ep05 train_loss=1.2746 train_acc=0.563 | val_loss=1.0825 val_acc=0.600
      ep06 train_loss=1.1418 train_acc=0.636 | val_loss=1.0091 val_acc=0.533
      ep07 train_loss=1.0874 train_acc=0.680 | val_loss=0.8476 val_acc=0.533
      ep08 train_loss=1.0007 train_acc=0.727 | val_loss=0.9549 val_acc=0.533
      ep09 train_loss=1.0276 train_acc=0.697 | val_loss=0.9518 val_acc=0.533
      ep10 train_loss=0.9231 train_acc=0.745 | val_loss=0.9198 val_acc=0.533
      ep11 train_loss=0.9549 train_acc=0.740 | val_loss=1.1919 val_acc=0.533
      ep12 train_loss=0.9262 train_acc=0.727 | val_loss=1.1582 val_acc=0.333
      ep13 train_loss=0.8460 train_acc=0.818 | val_loss=1.1300 val_acc=0.533
      ep14 train_loss=0.8846 train_acc=0.810 | val_loss=0.9668 val_acc=0.467
      ep15 train_loss=0.8645 train_acc=0.844 | val_loss=1.0793 val_acc=0.467
      ep16 train_loss=0.7482 train_acc=0.887 | val_loss=0.9737 val_acc=0.533
      ep17 train_loss=0.9303 train_acc=0.771 | val_loss=0.9742 val_acc=0.533
      ep18 train_loss=0.8300 train_acc=0.835 | val_loss=1.0153 val_acc=0.467
      ep19 train_loss=0.7472 train_acc=0.879 | val_loss=0.9498 val_acc=0.467
      ep20 train_loss=0.7920 train_acc=0.870 | val_loss=0.9409 val_acc=0.467
      ep21 train_loss=0.7852 train_acc=0.861 | val_loss=0.9259 val_acc=0.467
      ep22 train_loss=0.7733 train_acc=0.909 | val_loss=0.9561 val_acc=0.467
      ep23 train_loss=0.7814 train_acc=0.874 | val_loss=0.9648 val_acc=0.467
      ep24 train_loss=0.7640 train_acc=0.874 | val_loss=0.9657 val_acc=0.467
    fold acc=0.467 time=259.4s | running pooled acc=0.593

--- Fold 20/26 | test sub20 (11 test, 235 train) ---
      ep00 train_loss=1.6899 train_acc=0.217 | val_loss=1.8163 val_acc=0.000
      ep01 train_loss=1.5756 train_acc=0.353 | val_loss=1.6798 val_acc=0.000
      ep02 train_loss=1.3618 train_acc=0.430 | val_loss=1.6527 val_acc=0.091
      ep03 train_loss=1.1699 train_acc=0.553 | val_loss=1.4991 val_acc=0.182
      ep04 train_loss=1.1079 train_acc=0.647 | val_loss=1.4269 val_acc=0.273
      ep05 train_loss=1.0517 train_acc=0.634 | val_loss=1.3774 val_acc=0.273
      ep06 train_loss=1.1021 train_acc=0.621 | val_loss=1.4557 val_acc=0.273
      ep07 train_loss=1.0079 train_acc=0.723 | val_loss=1.3698 val_acc=0.455
      ep08 train_loss=1.0036 train_acc=0.732 | val_loss=1.3525 val_acc=0.364
      ep09 train_loss=0.9051 train_acc=0.774 | val_loss=1.2893 val_acc=0.636
      ep10 train_loss=0.9183 train_acc=0.774 | val_loss=1.3622 val_acc=0.545
      ep11 train_loss=0.9195 train_acc=0.745 | val_loss=1.3514 val_acc=0.455
      ep12 train_loss=0.8407 train_acc=0.813 | val_loss=1.3286 val_acc=0.273
      ep13 train_loss=0.8556 train_acc=0.774 | val_loss=1.6007 val_acc=0.364
      ep14 train_loss=0.7735 train_acc=0.834 | val_loss=1.3180 val_acc=0.455
      ep15 train_loss=0.7732 train_acc=0.834 | val_loss=1.3025 val_acc=0.455
      ep16 train_loss=0.7586 train_acc=0.855 | val_loss=1.6086 val_acc=0.364
      ep17 train_loss=0.7289 train_acc=0.881 | val_loss=1.2622 val_acc=0.545
      ep18 train_loss=0.7196 train_acc=0.872 | val_loss=1.3669 val_acc=0.455
      ep19 train_loss=0.7325 train_acc=0.906 | val_loss=1.3120 val_acc=0.273
      ep20 train_loss=0.7409 train_acc=0.877 | val_loss=1.3030 val_acc=0.545
      ep21 train_loss=0.7273 train_acc=0.894 | val_loss=1.2606 val_acc=0.455
      ep22 train_loss=0.7463 train_acc=0.868 | val_loss=1.3006 val_acc=0.455
      ep23 train_loss=0.6686 train_acc=0.945 | val_loss=1.3232 val_acc=0.364
      ep24 train_loss=0.6868 train_acc=0.919 | val_loss=1.2306 val_acc=0.545
    fold acc=0.636 time=242.9s | running pooled acc=0.595

--- Fold 21/26 | test sub21 (2 test, 244 train) ---
      ep00 train_loss=1.7147 train_acc=0.234 | val_loss=2.6326 val_acc=0.000
      ep01 train_loss=1.5832 train_acc=0.324 | val_loss=1.6083 val_acc=0.000
      ep02 train_loss=1.4084 train_acc=0.398 | val_loss=1.1654 val_acc=1.000
      ep03 train_loss=1.2761 train_acc=0.480 | val_loss=1.2281 val_acc=0.500
      ep04 train_loss=1.1463 train_acc=0.578 | val_loss=1.2487 val_acc=0.000
      ep05 train_loss=1.1349 train_acc=0.631 | val_loss=1.9971 val_acc=0.500
      ep06 train_loss=1.1030 train_acc=0.619 | val_loss=1.9624 val_acc=0.500
      ep07 train_loss=1.0490 train_acc=0.660 | val_loss=0.5166 val_acc=1.000
      ep08 train_loss=1.0496 train_acc=0.680 | val_loss=0.5374 val_acc=1.000
      ep09 train_loss=0.9833 train_acc=0.693 | val_loss=1.4343 val_acc=0.500
      ep10 train_loss=0.8962 train_acc=0.791 | val_loss=1.2592 val_acc=0.500
      ep11 train_loss=0.8705 train_acc=0.803 | val_loss=1.4994 val_acc=0.500
      ep12 train_loss=0.9029 train_acc=0.787 | val_loss=1.4750 val_acc=0.500
      ep13 train_loss=0.9165 train_acc=0.770 | val_loss=1.0416 val_acc=0.500
      ep14 train_loss=0.8070 train_acc=0.844 | val_loss=1.6619 val_acc=0.500
      ep15 train_loss=0.7875 train_acc=0.844 | val_loss=1.4748 val_acc=0.500
      ep16 train_loss=0.7514 train_acc=0.861 | val_loss=1.5268 val_acc=0.500
      ep17 train_loss=0.7555 train_acc=0.889 | val_loss=1.4015 val_acc=0.500
      ep18 train_loss=0.7741 train_acc=0.852 | val_loss=1.3728 val_acc=0.500
      ep19 train_loss=0.7640 train_acc=0.877 | val_loss=1.6130 val_acc=0.500
      ep20 train_loss=0.8069 train_acc=0.869 | val_loss=1.4576 val_acc=0.500
      ep21 train_loss=0.7417 train_acc=0.906 | val_loss=1.4334 val_acc=0.500
      ep22 train_loss=0.7528 train_acc=0.902 | val_loss=1.4505 val_acc=0.500
      ep23 train_loss=0.7495 train_acc=0.889 | val_loss=1.3395 val_acc=0.500
      ep24 train_loss=0.7785 train_acc=0.865 | val_loss=1.2005 val_acc=0.500
    fold acc=0.500 time=242.9s | running pooled acc=0.594

--- Fold 22/26 | test sub22 (2 test, 244 train) ---
      ep00 train_loss=1.7156 train_acc=0.234 | val_loss=2.5807 val_acc=0.000
      ep01 train_loss=1.5977 train_acc=0.344 | val_loss=1.5718 val_acc=0.000
      ep02 train_loss=1.4162 train_acc=0.381 | val_loss=0.5466 val_acc=1.000
      ep03 train_loss=1.2850 train_acc=0.459 | val_loss=0.2196 val_acc=1.000
      ep04 train_loss=1.1809 train_acc=0.582 | val_loss=0.0560 val_acc=1.000
      ep05 train_loss=1.1402 train_acc=0.648 | val_loss=0.0404 val_acc=1.000
      ep06 train_loss=1.1217 train_acc=0.611 | val_loss=1.0316 val_acc=0.000
      ep07 train_loss=1.0690 train_acc=0.660 | val_loss=0.0001 val_acc=1.000
      ep08 train_loss=1.0472 train_acc=0.660 | val_loss=0.0083 val_acc=1.000
      ep09 train_loss=1.0000 train_acc=0.680 | val_loss=0.4385 val_acc=1.000
      ep10 train_loss=0.9227 train_acc=0.762 | val_loss=0.0719 val_acc=1.000
      ep11 train_loss=0.8825 train_acc=0.783 | val_loss=0.0367 val_acc=1.000
      ep12 train_loss=0.9268 train_acc=0.766 | val_loss=0.0707 val_acc=1.000
      ep13 train_loss=0.9276 train_acc=0.795 | val_loss=0.1429 val_acc=1.000
      ep14 train_loss=0.8018 train_acc=0.840 | val_loss=0.1109 val_acc=1.000
      ep15 train_loss=0.8066 train_acc=0.852 | val_loss=0.0976 val_acc=1.000
      ep16 train_loss=0.7779 train_acc=0.820 | val_loss=0.1627 val_acc=1.000
      ep17 train_loss=0.7737 train_acc=0.857 | val_loss=0.0230 val_acc=1.000
      ep18 train_loss=0.7833 train_acc=0.840 | val_loss=0.0444 val_acc=1.000
      ep19 train_loss=0.7819 train_acc=0.889 | val_loss=0.0932 val_acc=1.000
      ep20 train_loss=0.8083 train_acc=0.889 | val_loss=0.0433 val_acc=1.000
      ep21 train_loss=0.7543 train_acc=0.906 | val_loss=0.0740 val_acc=1.000
      ep22 train_loss=0.7623 train_acc=0.906 | val_loss=0.0439 val_acc=1.000
      ep23 train_loss=0.7649 train_acc=0.893 | val_loss=0.0652 val_acc=1.000
      ep24 train_loss=0.7904 train_acc=0.885 | val_loss=0.0208 val_acc=1.000
    fold acc=1.000 time=244.8s | running pooled acc=0.598

--- Fold 23/26 | test sub23 (12 test, 234 train) ---
      ep00 train_loss=1.7058 train_acc=0.218 | val_loss=1.6906 val_acc=0.000
      ep01 train_loss=1.4982 train_acc=0.329 | val_loss=1.2751 val_acc=0.583
      ep02 train_loss=1.4310 train_acc=0.444 | val_loss=1.3186 val_acc=0.417
      ep03 train_loss=1.3051 train_acc=0.462 | val_loss=0.8762 val_acc=0.833
      ep04 train_loss=1.2636 train_acc=0.513 | val_loss=0.8322 val_acc=0.917
      ep05 train_loss=1.1556 train_acc=0.654 | val_loss=1.0576 val_acc=0.500
      ep06 train_loss=1.0573 train_acc=0.692 | val_loss=0.7777 val_acc=0.667
      ep07 train_loss=1.0363 train_acc=0.679 | val_loss=0.7730 val_acc=0.583
      ep08 train_loss=1.0004 train_acc=0.684 | val_loss=0.9271 val_acc=0.583
      ep09 train_loss=0.9781 train_acc=0.709 | val_loss=0.9304 val_acc=0.583
      ep10 train_loss=0.9135 train_acc=0.739 | val_loss=0.7939 val_acc=0.667
      ep11 train_loss=0.8602 train_acc=0.778 | val_loss=0.8414 val_acc=0.667
      ep12 train_loss=0.8826 train_acc=0.803 | val_loss=0.7690 val_acc=0.667
      ep13 train_loss=0.8859 train_acc=0.816 | val_loss=0.6594 val_acc=0.833
      ep14 train_loss=0.8493 train_acc=0.859 | val_loss=0.9263 val_acc=0.583
      ep15 train_loss=0.8382 train_acc=0.808 | val_loss=0.8181 val_acc=0.583
      ep16 train_loss=0.8040 train_acc=0.872 | val_loss=0.9433 val_acc=0.583
      ep17 train_loss=0.7737 train_acc=0.876 | val_loss=0.6887 val_acc=0.917
      ep18 train_loss=0.7530 train_acc=0.859 | val_loss=0.8291 val_acc=0.583
      ep19 train_loss=0.7512 train_acc=0.859 | val_loss=0.6978 val_acc=0.583
      ep20 train_loss=0.7752 train_acc=0.855 | val_loss=0.7787 val_acc=0.583
      ep21 train_loss=0.7101 train_acc=0.906 | val_loss=0.7712 val_acc=0.583
      ep22 train_loss=0.7200 train_acc=0.910 | val_loss=0.7851 val_acc=0.583
      ep23 train_loss=0.7494 train_acc=0.876 | val_loss=0.7073 val_acc=0.583
      ep24 train_loss=0.7561 train_acc=0.885 | val_loss=0.7227 val_acc=0.583
    fold acc=0.500 time=242.8s | running pooled acc=0.593

--- Fold 24/26 | test sub24 (7 test, 239 train) ---
      ep00 train_loss=1.7535 train_acc=0.213 | val_loss=1.4411 val_acc=0.571
      ep01 train_loss=1.6092 train_acc=0.318 | val_loss=1.4100 val_acc=0.714
      ep02 train_loss=1.4416 train_acc=0.418 | val_loss=1.4364 val_acc=0.429
      ep03 train_loss=1.3444 train_acc=0.456 | val_loss=1.4057 val_acc=0.429
      ep04 train_loss=1.2810 train_acc=0.527 | val_loss=1.0225 val_acc=0.571
      ep05 train_loss=1.1198 train_acc=0.615 | val_loss=1.1621 val_acc=0.571
      ep06 train_loss=1.1197 train_acc=0.615 | val_loss=0.9490 val_acc=0.714
      ep07 train_loss=1.0427 train_acc=0.661 | val_loss=0.9724 val_acc=0.714
      ep08 train_loss=1.0395 train_acc=0.636 | val_loss=0.9318 val_acc=0.714
      ep09 train_loss=0.9384 train_acc=0.741 | val_loss=0.8162 val_acc=0.857
      ep10 train_loss=0.8850 train_acc=0.757 | val_loss=0.9013 val_acc=0.714
      ep11 train_loss=0.8838 train_acc=0.774 | val_loss=1.0593 val_acc=0.714
      ep12 train_loss=0.8593 train_acc=0.787 | val_loss=1.0106 val_acc=0.714
      ep13 train_loss=0.8269 train_acc=0.824 | val_loss=0.9636 val_acc=0.714
      ep14 train_loss=0.8699 train_acc=0.837 | val_loss=0.9013 val_acc=0.714
      ep15 train_loss=0.8442 train_acc=0.824 | val_loss=1.1870 val_acc=0.714
      ep16 train_loss=0.7959 train_acc=0.828 | val_loss=0.9243 val_acc=0.714
      ep17 train_loss=0.7733 train_acc=0.870 | val_loss=0.9027 val_acc=0.714
      ep18 train_loss=0.7236 train_acc=0.874 | val_loss=0.9477 val_acc=0.714
      ep19 train_loss=0.7338 train_acc=0.900 | val_loss=1.0050 val_acc=0.714
      ep20 train_loss=0.7154 train_acc=0.891 | val_loss=0.8734 val_acc=0.714
      ep21 train_loss=0.7355 train_acc=0.900 | val_loss=0.8849 val_acc=0.714
      ep22 train_loss=0.7308 train_acc=0.904 | val_loss=0.9112 val_acc=0.714
      ep23 train_loss=0.7069 train_acc=0.908 | val_loss=0.9000 val_acc=0.714
      ep24 train_loss=0.7326 train_acc=0.891 | val_loss=0.8744 val_acc=0.714
    fold acc=0.714 time=242.3s | running pooled acc=0.596

--- Fold 25/26 | test sub25 (7 test, 239 train) ---
      ep00 train_loss=1.7542 train_acc=0.234 | val_loss=1.5437 val_acc=0.286
      ep01 train_loss=1.5990 train_acc=0.356 | val_loss=1.4571 val_acc=0.286
      ep02 train_loss=1.4256 train_acc=0.410 | val_loss=1.3560 val_acc=0.286
      ep03 train_loss=1.3305 train_acc=0.490 | val_loss=1.2317 val_acc=0.429
      ep04 train_loss=1.2623 train_acc=0.544 | val_loss=1.1309 val_acc=0.571
      ep05 train_loss=1.0971 train_acc=0.598 | val_loss=1.5111 val_acc=0.429
      ep06 train_loss=1.0933 train_acc=0.640 | val_loss=1.2552 val_acc=0.429
      ep07 train_loss=1.0287 train_acc=0.695 | val_loss=1.2211 val_acc=0.429
      ep08 train_loss=1.0301 train_acc=0.657 | val_loss=1.3562 val_acc=0.286
      ep09 train_loss=0.9533 train_acc=0.724 | val_loss=1.4633 val_acc=0.429
      ep10 train_loss=0.8954 train_acc=0.749 | val_loss=1.5650 val_acc=0.286
      ep11 train_loss=0.8705 train_acc=0.795 | val_loss=1.3386 val_acc=0.429
      ep12 train_loss=0.8760 train_acc=0.782 | val_loss=1.3893 val_acc=0.429
      ep13 train_loss=0.8209 train_acc=0.833 | val_loss=1.2737 val_acc=0.286
      ep14 train_loss=0.8473 train_acc=0.841 | val_loss=1.2419 val_acc=0.571
      ep15 train_loss=0.8442 train_acc=0.795 | val_loss=1.3275 val_acc=0.429
      ep16 train_loss=0.8151 train_acc=0.828 | val_loss=1.1956 val_acc=0.714
      ep17 train_loss=0.7868 train_acc=0.866 | val_loss=1.0137 val_acc=0.714
      ep18 train_loss=0.7412 train_acc=0.854 | val_loss=1.1415 val_acc=0.571
      ep19 train_loss=0.7279 train_acc=0.916 | val_loss=1.0157 val_acc=0.714
      ep20 train_loss=0.7192 train_acc=0.908 | val_loss=1.0373 val_acc=0.714
      ep21 train_loss=0.7393 train_acc=0.887 | val_loss=1.0089 val_acc=0.714
      ep22 train_loss=0.7392 train_acc=0.929 | val_loss=1.0376 val_acc=0.714
      ep23 train_loss=0.7112 train_acc=0.908 | val_loss=0.9735 val_acc=0.714
      ep24 train_loss=0.7381 train_acc=0.887 | val_loss=1.0334 val_acc=0.714
    fold acc=0.714 time=244.6s | running pooled acc=0.600

--- Fold 26/26 | test sub26 (16 test, 230 train) ---
      ep00 train_loss=1.7037 train_acc=0.187 | val_loss=2.9414 val_acc=0.000
      ep01 train_loss=1.5375 train_acc=0.383 | val_loss=1.6285 val_acc=0.125
      ep02 train_loss=1.4143 train_acc=0.430 | val_loss=1.1498 val_acc=0.562
      ep03 train_loss=1.3105 train_acc=0.500 | val_loss=1.3761 val_acc=0.500
      ep04 train_loss=1.1957 train_acc=0.578 | val_loss=0.9242 val_acc=0.562
      ep05 train_loss=1.1029 train_acc=0.630 | val_loss=1.0828 val_acc=0.625
      ep06 train_loss=1.0814 train_acc=0.626 | val_loss=1.2240 val_acc=0.375
      ep07 train_loss=1.0253 train_acc=0.696 | val_loss=0.9273 val_acc=0.625
      ep08 train_loss=1.0607 train_acc=0.674 | val_loss=0.9071 val_acc=0.625
      ep09 train_loss=0.9277 train_acc=0.743 | val_loss=1.0081 val_acc=0.562
      ep10 train_loss=0.8800 train_acc=0.778 | val_loss=1.0065 val_acc=0.562
      ep11 train_loss=0.8712 train_acc=0.791 | val_loss=0.9642 val_acc=0.562
      ep12 train_loss=0.8793 train_acc=0.783 | val_loss=0.8155 val_acc=0.625
      ep13 train_loss=0.8467 train_acc=0.791 | val_loss=0.9368 val_acc=0.438
      ep14 train_loss=0.8082 train_acc=0.830 | val_loss=0.8530 val_acc=0.375
      ep15 train_loss=0.8204 train_acc=0.843 | val_loss=0.7602 val_acc=0.562
      ep16 train_loss=0.7760 train_acc=0.861 | val_loss=0.8707 val_acc=0.500
      ep17 train_loss=0.8118 train_acc=0.848 | val_loss=0.8837 val_acc=0.688
      ep18 train_loss=0.7617 train_acc=0.852 | val_loss=0.9561 val_acc=0.375
      ep19 train_loss=0.7640 train_acc=0.835 | val_loss=0.8459 val_acc=0.438
      ep20 train_loss=0.7455 train_acc=0.870 | val_loss=0.9908 val_acc=0.438
      ep21 train_loss=0.7543 train_acc=0.909 | val_loss=1.0099 val_acc=0.438
      ep22 train_loss=0.7697 train_acc=0.848 | val_loss=0.9034 val_acc=0.438
      ep23 train_loss=0.7318 train_acc=0.887 | val_loss=0.9181 val_acc=0.500
      ep24 train_loss=0.7031 train_acc=0.891 | val_loss=0.8725 val_acc=0.500
    fold acc=0.500 time=247.6s | running pooled acc=0.593

=== FINAL (pooled LOSO) ===
UF1 = 0.6086
UAR = 0.6012
ACC = 0.5935
per-class F1: happiness=0.448, disgust=0.534, repression=0.571, surprise=0.880, others=0.610
per-class recall: happiness=0.469, disgust=0.492, repression=0.519, surprise=0.880, others=0.646
confusion matrix (rows=true):
        happin disgus repres surpri others
happine     15      5      2      1      9
disgust      1     31      1      0     30
repress      5      0     14      0      8
surpris      1      1      1     22      0
 others     13     16      4      2     64

saved to D:\AI-Projects\casmeII-new-from-sequence-model\experiments\iter_38_mc3_diff
elapsed 6469.8s
