=== EXPERIMENT iter_19_mixup ===
time: 2026-07-16T00:07:04.964975
device: cuda (NVIDIA GeForce RTX 3060)
platform: Windows-10-10.0.26200-SP0 | torch 2.6.0+cu124
config:
{
  "seed": 42,
  "T": 16,
  "img_size": 128,
  "base_size": 144,
  "input_mode": "rgb",
  "backbone": "r3d_18",
  "pretrained": true,
  "dropout": 0.5,
  "epochs": 25,
  "lr": 0.0001,
  "weight_decay": 0.001,
  "batch_size": 6,
  "class_weighting": true,
  "label_smoothing": 0.1,
  "hflip": true,
  "color_jitter": 0.0,
  "temporal_jitter": true,
  "amp": true,
  "eval_last_k": 3,
  "tta": 5,
  "cache_dir": "cache/flow144",
  "index": "cache/index_emotion.csv",
  "class_names": [
    "happiness",
    "disgust",
    "repression",
    "surprise",
    "others"
  ],
  "name": "iter_19_mixup_r3d",
  "modality": "flow",
  "temporal_span": "onset_offset",
  "flow_clip": 3.0,
  "mixup": 0.2
}
samples: 246 | classes: 5 ['happiness', 'disgust', 'repression', 'surprise', 'others']
loading arrays into RAM...
loaded 246 arrays

--- Fold 1/26 | test sub01 (9 test, 237 train) ---
      ep00 train_loss=1.6073 train_acc=0.304 | val_loss=1.1031 val_acc=0.556
      ep01 train_loss=1.2658 train_acc=0.464 | val_loss=1.0069 val_acc=0.556
      ep02 train_loss=1.2591 train_acc=0.409 | val_loss=0.8858 val_acc=0.667
      ep03 train_loss=1.2269 train_acc=0.460 | val_loss=0.9706 val_acc=0.667
      ep04 train_loss=1.0978 train_acc=0.527 | val_loss=0.7198 val_acc=0.667
      ep05 train_loss=1.0391 train_acc=0.506 | val_loss=0.7456 val_acc=0.667
      ep06 train_loss=0.9702 train_acc=0.540 | val_loss=0.6954 val_acc=0.778
      ep07 train_loss=1.0139 train_acc=0.532 | val_loss=0.9826 val_acc=0.667
      ep08 train_loss=0.9293 train_acc=0.456 | val_loss=0.6758 val_acc=0.778
      ep09 train_loss=0.9307 train_acc=0.468 | val_loss=1.0457 val_acc=0.556
      ep10 train_loss=0.9803 train_acc=0.603 | val_loss=1.0070 val_acc=0.667
      ep11 train_loss=0.8447 train_acc=0.595 | val_loss=0.6711 val_acc=0.889
      ep12 train_loss=0.9468 train_acc=0.561 | val_loss=0.8546 val_acc=0.778
      ep13 train_loss=0.8540 train_acc=0.586 | val_loss=0.7168 val_acc=0.778
      ep14 train_loss=0.8306 train_acc=0.629 | val_loss=0.9008 val_acc=0.667
      ep15 train_loss=0.8286 train_acc=0.646 | val_loss=0.7898 val_acc=0.778
      ep16 train_loss=0.8399 train_acc=0.684 | val_loss=0.7944 val_acc=0.778
      ep17 train_loss=0.8249 train_acc=0.646 | val_loss=0.8556 val_acc=0.778
      ep18 train_loss=0.8556 train_acc=0.608 | val_loss=0.7653 val_acc=0.889
      ep19 train_loss=0.8532 train_acc=0.620 | val_loss=0.7853 val_acc=0.889
      ep20 train_loss=0.7807 train_acc=0.662 | val_loss=0.7853 val_acc=0.889
      ep21 train_loss=0.8168 train_acc=0.633 | val_loss=0.7721 val_acc=0.889
      ep22 train_loss=0.7333 train_acc=0.650 | val_loss=0.7321 val_acc=0.889
      ep23 train_loss=0.7893 train_acc=0.688 | val_loss=0.8178 val_acc=0.778
      ep24 train_loss=0.7755 train_acc=0.624 | val_loss=0.8090 val_acc=0.889
    fold acc=0.556 time=227.5s | running pooled acc=0.556

--- Fold 2/26 | test sub02 (13 test, 233 train) ---
      ep00 train_loss=1.6867 train_acc=0.326 | val_loss=1.3576 val_acc=0.462
      ep01 train_loss=1.3647 train_acc=0.348 | val_loss=1.1684 val_acc=0.538
      ep02 train_loss=1.2518 train_acc=0.433 | val_loss=1.1522 val_acc=0.462
      ep03 train_loss=1.1745 train_acc=0.524 | val_loss=1.4278 val_acc=0.462
      ep04 train_loss=1.0994 train_acc=0.567 | val_loss=1.5376 val_acc=0.538
      ep05 train_loss=1.0677 train_acc=0.455 | val_loss=1.5389 val_acc=0.462
      ep06 train_loss=1.0520 train_acc=0.519 | val_loss=1.7173 val_acc=0.385
      ep07 train_loss=1.0011 train_acc=0.545 | val_loss=1.6068 val_acc=0.462
      ep08 train_loss=1.0148 train_acc=0.545 | val_loss=1.5675 val_acc=0.385
      ep09 train_loss=0.9574 train_acc=0.567 | val_loss=1.6281 val_acc=0.462
      ep10 train_loss=0.9801 train_acc=0.579 | val_loss=1.2579 val_acc=0.462
      ep11 train_loss=0.9401 train_acc=0.622 | val_loss=1.6255 val_acc=0.615
      ep12 train_loss=0.9157 train_acc=0.584 | val_loss=1.4508 val_acc=0.538
      ep13 train_loss=0.9083 train_acc=0.567 | val_loss=1.1893 val_acc=0.615
      ep14 train_loss=0.8490 train_acc=0.567 | val_loss=1.1783 val_acc=0.615
      ep15 train_loss=0.8374 train_acc=0.670 | val_loss=1.4450 val_acc=0.385
      ep16 train_loss=0.9056 train_acc=0.605 | val_loss=1.3234 val_acc=0.462
      ep17 train_loss=0.8430 train_acc=0.614 | val_loss=1.1974 val_acc=0.385
      ep18 train_loss=0.8260 train_acc=0.524 | val_loss=1.1772 val_acc=0.692
      ep19 train_loss=0.8327 train_acc=0.695 | val_loss=1.2192 val_acc=0.538
      ep20 train_loss=0.8355 train_acc=0.609 | val_loss=1.1970 val_acc=0.615
      ep21 train_loss=0.8637 train_acc=0.644 | val_loss=1.1454 val_acc=0.615
      ep22 train_loss=0.9090 train_acc=0.678 | val_loss=1.2491 val_acc=0.615
      ep23 train_loss=0.8699 train_acc=0.661 | val_loss=1.2515 val_acc=0.615
      ep24 train_loss=0.8399 train_acc=0.644 | val_loss=1.2881 val_acc=0.615
    fold acc=0.462 time=228.8s | running pooled acc=0.500

--- Fold 3/26 | test sub03 (7 test, 239 train) ---
      ep00 train_loss=1.6791 train_acc=0.301 | val_loss=1.4923 val_acc=0.429
      ep01 train_loss=1.2999 train_acc=0.372 | val_loss=1.2147 val_acc=0.571
      ep02 train_loss=1.2255 train_acc=0.469 | val_loss=1.1470 val_acc=0.571
      ep03 train_loss=1.0871 train_acc=0.444 | val_loss=1.0590 val_acc=0.714
      ep04 train_loss=1.1763 train_acc=0.448 | val_loss=1.0029 val_acc=0.714
      ep05 train_loss=1.0424 train_acc=0.515 | val_loss=0.9215 val_acc=0.714
      ep06 train_loss=1.0783 train_acc=0.510 | val_loss=1.1737 val_acc=0.714
      ep07 train_loss=1.0694 train_acc=0.464 | val_loss=1.0111 val_acc=0.571
      ep08 train_loss=0.9764 train_acc=0.573 | val_loss=1.1334 val_acc=0.429
      ep09 train_loss=0.9829 train_acc=0.481 | val_loss=1.0432 val_acc=0.429
      ep10 train_loss=0.9251 train_acc=0.577 | val_loss=1.3663 val_acc=0.429
      ep11 train_loss=0.8594 train_acc=0.657 | val_loss=1.1200 val_acc=0.429
      ep12 train_loss=0.9106 train_acc=0.632 | val_loss=1.1123 val_acc=0.571
      ep13 train_loss=0.7959 train_acc=0.636 | val_loss=1.0271 val_acc=0.714
      ep14 train_loss=0.7497 train_acc=0.590 | val_loss=0.9222 val_acc=0.571
      ep15 train_loss=0.8568 train_acc=0.556 | val_loss=1.0533 val_acc=0.429
      ep16 train_loss=0.8725 train_acc=0.757 | val_loss=1.1624 val_acc=0.429
      ep17 train_loss=0.8465 train_acc=0.577 | val_loss=1.1445 val_acc=0.429
      ep18 train_loss=0.7969 train_acc=0.523 | val_loss=1.0583 val_acc=0.571
      ep19 train_loss=0.7874 train_acc=0.674 | val_loss=1.0616 val_acc=0.571
      ep20 train_loss=0.8078 train_acc=0.674 | val_loss=1.0660 val_acc=0.571
      ep21 train_loss=0.7927 train_acc=0.644 | val_loss=1.0761 val_acc=0.571
      ep22 train_loss=0.8533 train_acc=0.661 | val_loss=1.0772 val_acc=0.571
      ep23 train_loss=0.7706 train_acc=0.607 | val_loss=1.0238 val_acc=0.571
      ep24 train_loss=0.7974 train_acc=0.594 | val_loss=1.0823 val_acc=0.571
    fold acc=0.429 time=230.0s | running pooled acc=0.483

--- Fold 4/26 | test sub04 (5 test, 241 train) ---
      ep00 train_loss=1.6041 train_acc=0.274 | val_loss=1.1129 val_acc=0.600
      ep01 train_loss=1.2875 train_acc=0.415 | val_loss=0.5123 val_acc=1.000
      ep02 train_loss=1.1338 train_acc=0.402 | val_loss=0.6577 val_acc=0.800
      ep03 train_loss=1.2300 train_acc=0.436 | val_loss=0.5739 val_acc=0.800
      ep04 train_loss=1.0635 train_acc=0.506 | val_loss=0.7411 val_acc=0.600
      ep05 train_loss=1.0496 train_acc=0.581 | val_loss=0.5386 val_acc=0.800
      ep06 train_loss=1.0265 train_acc=0.485 | val_loss=1.2214 val_acc=0.600
      ep07 train_loss=0.9984 train_acc=0.440 | val_loss=0.5585 val_acc=0.800
      ep08 train_loss=0.8674 train_acc=0.548 | val_loss=0.7225 val_acc=0.600
      ep09 train_loss=1.0915 train_acc=0.535 | val_loss=0.5779 val_acc=0.800
      ep10 train_loss=0.9533 train_acc=0.622 | val_loss=0.5797 val_acc=0.800
      ep11 train_loss=0.8415 train_acc=0.722 | val_loss=0.8107 val_acc=0.800
      ep12 train_loss=0.8656 train_acc=0.552 | val_loss=0.5145 val_acc=0.800
      ep13 train_loss=0.8927 train_acc=0.672 | val_loss=0.6693 val_acc=0.800
      ep14 train_loss=0.9058 train_acc=0.635 | val_loss=0.4948 val_acc=0.800
      ep15 train_loss=0.8673 train_acc=0.664 | val_loss=0.5253 val_acc=0.800
      ep16 train_loss=0.7729 train_acc=0.622 | val_loss=0.9052 val_acc=0.600
      ep17 train_loss=0.7682 train_acc=0.668 | val_loss=0.7357 val_acc=0.600
      ep18 train_loss=0.8695 train_acc=0.622 | val_loss=0.4615 val_acc=0.800
      ep19 train_loss=0.8445 train_acc=0.660 | val_loss=0.4171 val_acc=1.000
      ep20 train_loss=0.8572 train_acc=0.660 | val_loss=0.4885 val_acc=0.800
      ep21 train_loss=0.8592 train_acc=0.697 | val_loss=0.4510 val_acc=1.000
      ep22 train_loss=0.8794 train_acc=0.660 | val_loss=0.4679 val_acc=1.000
      ep23 train_loss=0.8387 train_acc=0.651 | val_loss=0.6190 val_acc=0.800
      ep24 train_loss=0.8647 train_acc=0.622 | val_loss=0.5543 val_acc=0.800
    fold acc=1.000 time=231.1s | running pooled acc=0.559

--- Fold 5/26 | test sub05 (19 test, 227 train) ---
      ep00 train_loss=1.5705 train_acc=0.286 | val_loss=1.4178 val_acc=0.421
      ep01 train_loss=1.3468 train_acc=0.366 | val_loss=1.2830 val_acc=0.421
      ep02 train_loss=1.1939 train_acc=0.471 | val_loss=1.9583 val_acc=0.474
      ep03 train_loss=1.2106 train_acc=0.401 | val_loss=1.5106 val_acc=0.474
      ep04 train_loss=1.0969 train_acc=0.485 | val_loss=1.7119 val_acc=0.421
      ep05 train_loss=1.0533 train_acc=0.573 | val_loss=1.4700 val_acc=0.474
      ep06 train_loss=0.9985 train_acc=0.564 | val_loss=1.9526 val_acc=0.474
      ep07 train_loss=1.0111 train_acc=0.515 | val_loss=1.4012 val_acc=0.474
      ep08 train_loss=1.0505 train_acc=0.542 | val_loss=1.8923 val_acc=0.474
      ep09 train_loss=0.9684 train_acc=0.533 | val_loss=1.4513 val_acc=0.526
      ep10 train_loss=0.9507 train_acc=0.599 | val_loss=1.4098 val_acc=0.526
      ep11 train_loss=0.8943 train_acc=0.634 | val_loss=1.5538 val_acc=0.474
      ep12 train_loss=0.9048 train_acc=0.599 | val_loss=1.6073 val_acc=0.421
      ep13 train_loss=0.8814 train_acc=0.648 | val_loss=1.5763 val_acc=0.421
      ep14 train_loss=0.8713 train_acc=0.661 | val_loss=1.4294 val_acc=0.526
      ep15 train_loss=0.8555 train_acc=0.634 | val_loss=1.5033 val_acc=0.526
      ep16 train_loss=0.8368 train_acc=0.714 | val_loss=1.4344 val_acc=0.421
      ep17 train_loss=0.7677 train_acc=0.515 | val_loss=1.4420 val_acc=0.421
      ep18 train_loss=0.8285 train_acc=0.621 | val_loss=1.4771 val_acc=0.421
      ep19 train_loss=0.9066 train_acc=0.643 | val_loss=1.5492 val_acc=0.421
      ep20 train_loss=0.7836 train_acc=0.670 | val_loss=1.4777 val_acc=0.474
      ep21 train_loss=0.7700 train_acc=0.696 | val_loss=1.3845 val_acc=0.474
      ep22 train_loss=0.7978 train_acc=0.630 | val_loss=1.3541 val_acc=0.579
      ep23 train_loss=0.7607 train_acc=0.696 | val_loss=1.3675 val_acc=0.579
      ep24 train_loss=0.7990 train_acc=0.626 | val_loss=1.4438 val_acc=0.526
    fold acc=0.474 time=228.2s | running pooled acc=0.528

--- Fold 6/26 | test sub06 (5 test, 241 train) ---
      ep00 train_loss=1.6390 train_acc=0.311 | val_loss=1.2378 val_acc=0.600
      ep01 train_loss=1.2777 train_acc=0.419 | val_loss=1.1918 val_acc=0.800
      ep02 train_loss=1.1844 train_acc=0.378 | val_loss=0.6556 val_acc=0.600
      ep03 train_loss=1.2042 train_acc=0.481 | val_loss=1.1464 val_acc=0.600
      ep04 train_loss=1.0799 train_acc=0.465 | val_loss=1.3450 val_acc=0.600
      ep05 train_loss=1.0405 train_acc=0.573 | val_loss=1.1891 val_acc=0.600
      ep06 train_loss=1.0139 train_acc=0.531 | val_loss=1.3803 val_acc=0.800
      ep07 train_loss=1.0473 train_acc=0.407 | val_loss=1.4752 val_acc=0.600
      ep08 train_loss=0.9307 train_acc=0.519 | val_loss=1.3807 val_acc=0.600
      ep09 train_loss=1.0891 train_acc=0.523 | val_loss=1.3764 val_acc=0.600
      ep10 train_loss=0.9845 train_acc=0.618 | val_loss=1.4941 val_acc=0.600
      ep11 train_loss=0.8620 train_acc=0.718 | val_loss=1.0897 val_acc=0.600
      ep12 train_loss=0.8676 train_acc=0.564 | val_loss=1.2624 val_acc=0.600
      ep13 train_loss=0.9101 train_acc=0.664 | val_loss=1.1477 val_acc=0.600
      ep14 train_loss=0.9337 train_acc=0.618 | val_loss=0.9699 val_acc=0.800
      ep15 train_loss=0.8993 train_acc=0.643 | val_loss=0.8416 val_acc=0.600
      ep16 train_loss=0.7822 train_acc=0.647 | val_loss=1.0814 val_acc=0.600
      ep17 train_loss=0.7566 train_acc=0.680 | val_loss=0.9789 val_acc=0.600
      ep18 train_loss=0.9078 train_acc=0.635 | val_loss=0.9163 val_acc=0.600
      ep19 train_loss=0.8357 train_acc=0.614 | val_loss=1.0413 val_acc=0.600
      ep20 train_loss=0.8798 train_acc=0.668 | val_loss=0.9935 val_acc=0.600
      ep21 train_loss=0.8772 train_acc=0.710 | val_loss=1.0512 val_acc=0.600
      ep22 train_loss=0.9096 train_acc=0.672 | val_loss=1.0715 val_acc=0.600
      ep23 train_loss=0.8635 train_acc=0.668 | val_loss=1.1348 val_acc=0.600
      ep24 train_loss=0.8506 train_acc=0.639 | val_loss=0.9818 val_acc=0.600
    fold acc=0.600 time=229.4s | running pooled acc=0.534

--- Fold 7/26 | test sub07 (9 test, 237 train) ---
      ep00 train_loss=1.6308 train_acc=0.304 | val_loss=1.6271 val_acc=0.111
      ep01 train_loss=1.2894 train_acc=0.477 | val_loss=1.3802 val_acc=0.111
      ep02 train_loss=1.2451 train_acc=0.464 | val_loss=0.9751 val_acc=0.444
      ep03 train_loss=1.2177 train_acc=0.481 | val_loss=1.2606 val_acc=0.333
      ep04 train_loss=1.1332 train_acc=0.532 | val_loss=1.1122 val_acc=0.556
      ep05 train_loss=1.0732 train_acc=0.515 | val_loss=1.0396 val_acc=0.667
      ep06 train_loss=0.9975 train_acc=0.523 | val_loss=1.2073 val_acc=0.556
      ep07 train_loss=0.9889 train_acc=0.494 | val_loss=1.2956 val_acc=0.444
      ep08 train_loss=0.9350 train_acc=0.439 | val_loss=1.1293 val_acc=0.556
      ep09 train_loss=1.0056 train_acc=0.468 | val_loss=1.1021 val_acc=0.667
      ep10 train_loss=0.9631 train_acc=0.570 | val_loss=1.1337 val_acc=0.444
      ep11 train_loss=0.8678 train_acc=0.591 | val_loss=1.0603 val_acc=0.667
      ep12 train_loss=0.9497 train_acc=0.561 | val_loss=1.1736 val_acc=0.556
      ep13 train_loss=0.8499 train_acc=0.570 | val_loss=1.0614 val_acc=0.556
      ep14 train_loss=0.8302 train_acc=0.603 | val_loss=1.1169 val_acc=0.667
      ep15 train_loss=0.8928 train_acc=0.624 | val_loss=1.0441 val_acc=0.556
      ep16 train_loss=0.8139 train_acc=0.679 | val_loss=1.1299 val_acc=0.556
      ep17 train_loss=0.8256 train_acc=0.667 | val_loss=1.0717 val_acc=0.667
      ep18 train_loss=0.8263 train_acc=0.624 | val_loss=1.0673 val_acc=0.667
      ep19 train_loss=0.8363 train_acc=0.671 | val_loss=1.1566 val_acc=0.556
      ep20 train_loss=0.7960 train_acc=0.650 | val_loss=1.1179 val_acc=0.556
      ep21 train_loss=0.8205 train_acc=0.667 | val_loss=1.1661 val_acc=0.556
      ep22 train_loss=0.7283 train_acc=0.650 | val_loss=1.1329 val_acc=0.667
      ep23 train_loss=0.7978 train_acc=0.688 | val_loss=1.0832 val_acc=0.667
      ep24 train_loss=0.8047 train_acc=0.637 | val_loss=1.1356 val_acc=0.667
    fold acc=0.556 time=229.5s | running pooled acc=0.537

--- Fold 8/26 | test sub08 (3 test, 243 train) ---
      ep00 train_loss=1.6219 train_acc=0.247 | val_loss=1.2168 val_acc=0.667
      ep01 train_loss=1.2937 train_acc=0.366 | val_loss=1.1833 val_acc=0.333
      ep02 train_loss=1.1996 train_acc=0.457 | val_loss=0.8934 val_acc=0.667
      ep03 train_loss=1.2147 train_acc=0.395 | val_loss=1.2752 val_acc=0.667
      ep04 train_loss=1.1935 train_acc=0.457 | val_loss=1.4351 val_acc=0.333
      ep05 train_loss=1.1316 train_acc=0.527 | val_loss=1.6271 val_acc=0.333
      ep06 train_loss=1.0151 train_acc=0.527 | val_loss=1.1861 val_acc=0.667
      ep07 train_loss=0.9635 train_acc=0.551 | val_loss=1.9855 val_acc=0.333
      ep08 train_loss=0.9067 train_acc=0.469 | val_loss=2.5501 val_acc=0.667
      ep09 train_loss=0.9675 train_acc=0.605 | val_loss=1.9593 val_acc=0.667
      ep10 train_loss=0.9628 train_acc=0.572 | val_loss=2.5909 val_acc=0.333
      ep11 train_loss=0.8731 train_acc=0.617 | val_loss=1.8681 val_acc=0.333
      ep12 train_loss=0.8730 train_acc=0.634 | val_loss=2.0456 val_acc=0.333
      ep13 train_loss=0.8487 train_acc=0.613 | val_loss=2.1979 val_acc=0.333
      ep14 train_loss=0.9025 train_acc=0.564 | val_loss=2.8750 val_acc=0.333
      ep15 train_loss=0.8413 train_acc=0.663 | val_loss=2.1386 val_acc=0.333
      ep16 train_loss=0.8417 train_acc=0.584 | val_loss=1.8391 val_acc=0.667
      ep17 train_loss=0.7951 train_acc=0.642 | val_loss=2.0911 val_acc=0.333
      ep18 train_loss=0.9119 train_acc=0.506 | val_loss=2.3982 val_acc=0.333
      ep19 train_loss=0.8186 train_acc=0.609 | val_loss=2.1171 val_acc=0.333
      ep20 train_loss=0.8427 train_acc=0.691 | val_loss=1.7431 val_acc=0.667
      ep21 train_loss=0.8000 train_acc=0.646 | val_loss=2.1789 val_acc=0.333
      ep22 train_loss=0.8646 train_acc=0.630 | val_loss=2.0616 val_acc=0.667
      ep23 train_loss=0.8150 train_acc=0.609 | val_loss=1.8647 val_acc=0.667
      ep24 train_loss=0.7882 train_acc=0.519 | val_loss=2.1908 val_acc=0.333
    fold acc=0.333 time=229.5s | running pooled acc=0.529

--- Fold 9/26 | test sub09 (13 test, 233 train) ---
      ep00 train_loss=1.6979 train_acc=0.305 | val_loss=1.2231 val_acc=0.538
      ep01 train_loss=1.4650 train_acc=0.322 | val_loss=0.7124 val_acc=0.846
      ep02 train_loss=1.2375 train_acc=0.459 | val_loss=0.6496 val_acc=0.769
      ep03 train_loss=1.1936 train_acc=0.498 | val_loss=0.6923 val_acc=0.846
      ep04 train_loss=1.1502 train_acc=0.541 | val_loss=0.4815 val_acc=0.769
      ep05 train_loss=1.1554 train_acc=0.506 | val_loss=0.6429 val_acc=0.769
      ep06 train_loss=1.0835 train_acc=0.481 | val_loss=0.7258 val_acc=0.846
      ep07 train_loss=1.0270 train_acc=0.545 | val_loss=0.6644 val_acc=0.846
      ep08 train_loss=1.0070 train_acc=0.567 | val_loss=0.6461 val_acc=0.923
      ep09 train_loss=0.9527 train_acc=0.536 | val_loss=1.0666 val_acc=0.615
      ep10 train_loss=0.9636 train_acc=0.549 | val_loss=0.8136 val_acc=0.538
      ep11 train_loss=0.9672 train_acc=0.648 | val_loss=0.5444 val_acc=0.769
      ep12 train_loss=0.9237 train_acc=0.584 | val_loss=0.5927 val_acc=0.692
      ep13 train_loss=0.9752 train_acc=0.562 | val_loss=0.5189 val_acc=0.846
      ep14 train_loss=0.8208 train_acc=0.597 | val_loss=0.4917 val_acc=0.923
      ep15 train_loss=0.8929 train_acc=0.682 | val_loss=0.4980 val_acc=0.923
      ep16 train_loss=0.8956 train_acc=0.592 | val_loss=0.4569 val_acc=0.923
      ep17 train_loss=0.8432 train_acc=0.618 | val_loss=0.4995 val_acc=0.923
      ep18 train_loss=0.8379 train_acc=0.558 | val_loss=0.4759 val_acc=0.923
      ep19 train_loss=0.8665 train_acc=0.687 | val_loss=0.5088 val_acc=0.923
      ep20 train_loss=0.8419 train_acc=0.584 | val_loss=0.5076 val_acc=0.923
      ep21 train_loss=0.8448 train_acc=0.678 | val_loss=0.5126 val_acc=0.923
      ep22 train_loss=0.8910 train_acc=0.695 | val_loss=0.5594 val_acc=0.769
      ep23 train_loss=0.8436 train_acc=0.678 | val_loss=0.5574 val_acc=0.769
      ep24 train_loss=0.8173 train_acc=0.665 | val_loss=0.5098 val_acc=0.846
    fold acc=0.769 time=228.5s | running pooled acc=0.566

--- Fold 10/26 | test sub10 (13 test, 233 train) ---
      ep00 train_loss=1.6668 train_acc=0.313 | val_loss=1.2847 val_acc=0.077
      ep01 train_loss=1.3920 train_acc=0.326 | val_loss=0.8314 val_acc=0.846
      ep02 train_loss=1.2164 train_acc=0.446 | val_loss=1.1659 val_acc=0.538
      ep03 train_loss=1.1261 train_acc=0.511 | val_loss=0.9972 val_acc=0.769
      ep04 train_loss=1.1103 train_acc=0.571 | val_loss=0.7677 val_acc=0.692
      ep05 train_loss=1.1270 train_acc=0.511 | val_loss=0.3470 val_acc=0.923
      ep06 train_loss=1.0757 train_acc=0.451 | val_loss=0.5161 val_acc=0.846
      ep07 train_loss=0.9908 train_acc=0.571 | val_loss=0.6388 val_acc=0.846
      ep08 train_loss=0.9618 train_acc=0.571 | val_loss=0.7222 val_acc=0.846
      ep09 train_loss=0.9106 train_acc=0.558 | val_loss=0.8161 val_acc=0.769
      ep10 train_loss=0.9150 train_acc=0.567 | val_loss=0.7873 val_acc=0.846
      ep11 train_loss=0.9146 train_acc=0.687 | val_loss=0.4128 val_acc=0.846
      ep12 train_loss=0.8747 train_acc=0.584 | val_loss=0.5535 val_acc=0.846
      ep13 train_loss=0.8979 train_acc=0.571 | val_loss=0.5360 val_acc=0.846
      ep14 train_loss=0.7948 train_acc=0.571 | val_loss=0.5664 val_acc=0.846
      ep15 train_loss=0.8460 train_acc=0.639 | val_loss=0.4996 val_acc=0.846
      ep16 train_loss=0.8499 train_acc=0.601 | val_loss=0.4037 val_acc=0.846
      ep17 train_loss=0.7885 train_acc=0.644 | val_loss=0.5558 val_acc=0.846
      ep18 train_loss=0.8176 train_acc=0.532 | val_loss=0.5400 val_acc=0.846
      ep19 train_loss=0.8132 train_acc=0.678 | val_loss=0.4912 val_acc=0.846
      ep20 train_loss=0.8049 train_acc=0.592 | val_loss=0.6030 val_acc=0.846
      ep21 train_loss=0.7980 train_acc=0.665 | val_loss=0.4558 val_acc=0.846
      ep22 train_loss=0.8491 train_acc=0.730 | val_loss=0.5384 val_acc=0.846
      ep23 train_loss=0.8110 train_acc=0.670 | val_loss=0.5780 val_acc=0.846
      ep24 train_loss=0.7437 train_acc=0.678 | val_loss=0.5885 val_acc=0.846
    fold acc=0.846 time=228.8s | running pooled acc=0.604

--- Fold 11/26 | test sub11 (10 test, 236 train) ---
      ep00 train_loss=1.5973 train_acc=0.305 | val_loss=1.2521 val_acc=0.400
      ep01 train_loss=1.2930 train_acc=0.398 | val_loss=1.2245 val_acc=0.500
      ep02 train_loss=1.1208 train_acc=0.513 | val_loss=1.1840 val_acc=0.500
      ep03 train_loss=1.1897 train_acc=0.517 | val_loss=1.2458 val_acc=0.600
      ep04 train_loss=1.1504 train_acc=0.424 | val_loss=0.7272 val_acc=0.800
      ep05 train_loss=1.0422 train_acc=0.530 | val_loss=0.6697 val_acc=0.800
      ep06 train_loss=1.0528 train_acc=0.517 | val_loss=0.7971 val_acc=0.800
      ep07 train_loss=1.0411 train_acc=0.483 | val_loss=0.6131 val_acc=0.700
      ep08 train_loss=0.9197 train_acc=0.436 | val_loss=0.6861 val_acc=0.800
      ep09 train_loss=0.9036 train_acc=0.534 | val_loss=0.8867 val_acc=0.700
      ep10 train_loss=0.9251 train_acc=0.581 | val_loss=0.7553 val_acc=0.700
      ep11 train_loss=0.9732 train_acc=0.589 | val_loss=0.8279 val_acc=0.600
      ep12 train_loss=0.8753 train_acc=0.636 | val_loss=0.6792 val_acc=0.700
      ep13 train_loss=0.8253 train_acc=0.614 | val_loss=0.6707 val_acc=0.800
      ep14 train_loss=0.7833 train_acc=0.686 | val_loss=0.5088 val_acc=0.900
      ep15 train_loss=0.9083 train_acc=0.619 | val_loss=0.5669 val_acc=0.800
      ep16 train_loss=0.7158 train_acc=0.631 | val_loss=0.6115 val_acc=0.800
      ep17 train_loss=0.7564 train_acc=0.682 | val_loss=0.6288 val_acc=0.700
      ep18 train_loss=0.8570 train_acc=0.619 | val_loss=0.7064 val_acc=0.800
      ep19 train_loss=0.8198 train_acc=0.737 | val_loss=0.7170 val_acc=0.700
      ep20 train_loss=0.7624 train_acc=0.661 | val_loss=0.5912 val_acc=0.700
      ep21 train_loss=0.7966 train_acc=0.674 | val_loss=0.5830 val_acc=0.800
      ep22 train_loss=0.8609 train_acc=0.644 | val_loss=0.6318 val_acc=0.700
      ep23 train_loss=0.8639 train_acc=0.619 | val_loss=0.6536 val_acc=0.800
      ep24 train_loss=0.7745 train_acc=0.648 | val_loss=0.6052 val_acc=0.800
    fold acc=0.800 time=230.4s | running pooled acc=0.623

--- Fold 12/26 | test sub12 (12 test, 234 train) ---
      ep00 train_loss=1.7089 train_acc=0.308 | val_loss=1.1418 val_acc=0.750
      ep01 train_loss=1.3515 train_acc=0.316 | val_loss=0.7096 val_acc=0.667
      ep02 train_loss=1.2895 train_acc=0.380 | val_loss=0.6211 val_acc=0.917
      ep03 train_loss=1.2287 train_acc=0.526 | val_loss=0.4910 val_acc=0.750
      ep04 train_loss=1.1780 train_acc=0.355 | val_loss=0.6547 val_acc=0.667
      ep05 train_loss=1.0772 train_acc=0.513 | val_loss=0.4570 val_acc=0.833
      ep06 train_loss=1.0870 train_acc=0.509 | val_loss=0.3139 val_acc=0.833
      ep07 train_loss=1.0445 train_acc=0.479 | val_loss=0.3880 val_acc=0.833
      ep08 train_loss=0.9211 train_acc=0.402 | val_loss=0.5207 val_acc=0.833
      ep09 train_loss=0.9691 train_acc=0.607 | val_loss=0.2534 val_acc=1.000
      ep10 train_loss=0.9651 train_acc=0.594 | val_loss=0.3608 val_acc=0.917
      ep11 train_loss=0.9131 train_acc=0.650 | val_loss=0.2439 val_acc=1.000
      ep12 train_loss=0.8550 train_acc=0.641 | val_loss=0.2756 val_acc=1.000
      ep13 train_loss=0.8471 train_acc=0.637 | val_loss=0.2185 val_acc=1.000
      ep14 train_loss=0.9350 train_acc=0.662 | val_loss=0.2908 val_acc=1.000
      ep15 train_loss=0.8695 train_acc=0.585 | val_loss=0.2507 val_acc=1.000
      ep16 train_loss=0.8987 train_acc=0.756 | val_loss=0.2878 val_acc=0.917
      ep17 train_loss=0.8081 train_acc=0.641 | val_loss=0.3139 val_acc=0.917
      ep18 train_loss=0.8483 train_acc=0.658 | val_loss=0.3040 val_acc=0.917
      ep19 train_loss=0.8395 train_acc=0.722 | val_loss=0.2671 val_acc=1.000
      ep20 train_loss=0.8413 train_acc=0.650 | val_loss=0.2564 val_acc=1.000
      ep21 train_loss=0.8215 train_acc=0.585 | val_loss=0.2771 val_acc=1.000
      ep22 train_loss=0.7999 train_acc=0.637 | val_loss=0.2665 val_acc=1.000
      ep23 train_loss=0.8432 train_acc=0.534 | val_loss=0.2958 val_acc=0.917
      ep24 train_loss=0.8206 train_acc=0.637 | val_loss=0.2740 val_acc=1.000
    fold acc=0.917 time=230.2s | running pooled acc=0.653

--- Fold 13/26 | test sub13 (8 test, 238 train) ---
      ep00 train_loss=1.5925 train_acc=0.328 | val_loss=1.0749 val_acc=0.500
      ep01 train_loss=1.3333 train_acc=0.412 | val_loss=1.3791 val_acc=0.250
      ep02 train_loss=1.1980 train_acc=0.458 | val_loss=1.3898 val_acc=0.375
      ep03 train_loss=1.1744 train_acc=0.479 | val_loss=1.1290 val_acc=0.375
      ep04 train_loss=1.1409 train_acc=0.441 | val_loss=0.6516 val_acc=0.875
      ep05 train_loss=0.9974 train_acc=0.504 | val_loss=0.7986 val_acc=0.875
      ep06 train_loss=1.0887 train_acc=0.487 | val_loss=1.1247 val_acc=0.375
      ep07 train_loss=1.0332 train_acc=0.492 | val_loss=0.8126 val_acc=0.875
      ep08 train_loss=1.0124 train_acc=0.466 | val_loss=1.0086 val_acc=0.625
      ep09 train_loss=1.0191 train_acc=0.622 | val_loss=1.0983 val_acc=0.625
      ep10 train_loss=0.8629 train_acc=0.634 | val_loss=0.4642 val_acc=0.875
      ep11 train_loss=0.9555 train_acc=0.580 | val_loss=0.5758 val_acc=0.875
      ep12 train_loss=0.7903 train_acc=0.672 | val_loss=0.5857 val_acc=0.875
      ep13 train_loss=0.8447 train_acc=0.592 | val_loss=0.4959 val_acc=1.000
      ep14 train_loss=0.8062 train_acc=0.576 | val_loss=0.5883 val_acc=0.875
      ep15 train_loss=0.8563 train_acc=0.735 | val_loss=0.6502 val_acc=0.750
      ep16 train_loss=0.7411 train_acc=0.626 | val_loss=0.4589 val_acc=0.875
      ep17 train_loss=0.8305 train_acc=0.634 | val_loss=0.4635 val_acc=0.875
      ep18 train_loss=0.8340 train_acc=0.739 | val_loss=0.4182 val_acc=0.875
      ep19 train_loss=0.8299 train_acc=0.702 | val_loss=0.5131 val_acc=0.875
      ep20 train_loss=0.8051 train_acc=0.735 | val_loss=0.5438 val_acc=0.875
      ep21 train_loss=0.7502 train_acc=0.550 | val_loss=0.4934 val_acc=0.875
      ep22 train_loss=0.8155 train_acc=0.672 | val_loss=0.5676 val_acc=0.875
      ep23 train_loss=0.8216 train_acc=0.626 | val_loss=0.5066 val_acc=0.875
      ep24 train_loss=0.8151 train_acc=0.626 | val_loss=0.4757 val_acc=0.875
    fold acc=0.750 time=230.0s | running pooled acc=0.659

--- Fold 14/26 | test sub14 (4 test, 242 train) ---
      ep00 train_loss=1.6212 train_acc=0.236 | val_loss=1.5503 val_acc=0.500
      ep01 train_loss=1.2996 train_acc=0.364 | val_loss=1.4563 val_acc=0.250
      ep02 train_loss=1.2596 train_acc=0.471 | val_loss=1.5600 val_acc=0.500
      ep03 train_loss=1.1227 train_acc=0.525 | val_loss=0.9002 val_acc=0.750
      ep04 train_loss=1.1202 train_acc=0.496 | val_loss=1.6667 val_acc=0.250
      ep05 train_loss=1.0808 train_acc=0.475 | val_loss=1.4881 val_acc=0.000
      ep06 train_loss=1.0182 train_acc=0.533 | val_loss=1.8478 val_acc=0.250
      ep07 train_loss=1.0127 train_acc=0.537 | val_loss=1.0584 val_acc=0.500
      ep08 train_loss=0.9329 train_acc=0.595 | val_loss=1.1152 val_acc=0.750
      ep09 train_loss=0.9495 train_acc=0.517 | val_loss=1.8324 val_acc=0.000
      ep10 train_loss=0.9716 train_acc=0.587 | val_loss=1.4433 val_acc=0.250
      ep11 train_loss=0.9582 train_acc=0.591 | val_loss=1.0673 val_acc=0.500
      ep12 train_loss=0.9208 train_acc=0.616 | val_loss=1.3000 val_acc=0.250
      ep13 train_loss=0.9190 train_acc=0.649 | val_loss=1.5190 val_acc=0.250
      ep14 train_loss=0.8812 train_acc=0.628 | val_loss=1.4014 val_acc=0.250
      ep15 train_loss=0.8288 train_acc=0.591 | val_loss=1.1085 val_acc=0.250
      ep16 train_loss=0.8710 train_acc=0.562 | val_loss=1.1287 val_acc=0.250
      ep17 train_loss=0.8052 train_acc=0.649 | val_loss=1.3113 val_acc=0.250
      ep18 train_loss=0.8607 train_acc=0.649 | val_loss=1.4495 val_acc=0.250
      ep19 train_loss=0.7921 train_acc=0.678 | val_loss=1.2246 val_acc=0.250
      ep20 train_loss=0.8502 train_acc=0.636 | val_loss=1.0652 val_acc=0.500
      ep21 train_loss=0.8972 train_acc=0.624 | val_loss=1.1730 val_acc=0.250
      ep22 train_loss=0.8137 train_acc=0.736 | val_loss=1.2727 val_acc=0.250
      ep23 train_loss=0.8089 train_acc=0.624 | val_loss=1.2472 val_acc=0.250
      ep24 train_loss=0.8069 train_acc=0.628 | val_loss=1.5276 val_acc=0.250
    fold acc=0.250 time=230.6s | running pooled acc=0.646

--- Fold 15/26 | test sub15 (3 test, 243 train) ---
      ep00 train_loss=1.6189 train_acc=0.235 | val_loss=0.7330 val_acc=1.000
      ep01 train_loss=1.3018 train_acc=0.354 | val_loss=1.0723 val_acc=0.333
      ep02 train_loss=1.2264 train_acc=0.498 | val_loss=1.0015 val_acc=0.667
      ep03 train_loss=1.2029 train_acc=0.465 | val_loss=0.9183 val_acc=0.667
      ep04 train_loss=1.1806 train_acc=0.428 | val_loss=0.9633 val_acc=0.667
      ep05 train_loss=1.1158 train_acc=0.502 | val_loss=0.4423 val_acc=1.000
      ep06 train_loss=0.9856 train_acc=0.498 | val_loss=0.3632 val_acc=1.000
      ep07 train_loss=0.9811 train_acc=0.535 | val_loss=1.0028 val_acc=0.667
      ep08 train_loss=0.9357 train_acc=0.469 | val_loss=0.4622 val_acc=1.000
      ep09 train_loss=1.0587 train_acc=0.572 | val_loss=0.4629 val_acc=1.000
      ep10 train_loss=0.9822 train_acc=0.580 | val_loss=0.4413 val_acc=1.000
      ep11 train_loss=0.8591 train_acc=0.642 | val_loss=0.6482 val_acc=0.667
      ep12 train_loss=0.8874 train_acc=0.630 | val_loss=0.8943 val_acc=0.667
      ep13 train_loss=0.8317 train_acc=0.638 | val_loss=0.6755 val_acc=0.667
      ep14 train_loss=0.9124 train_acc=0.584 | val_loss=0.8688 val_acc=0.333
      ep15 train_loss=0.8207 train_acc=0.671 | val_loss=0.5651 val_acc=1.000
      ep16 train_loss=0.8446 train_acc=0.572 | val_loss=0.6623 val_acc=0.667
      ep17 train_loss=0.7960 train_acc=0.650 | val_loss=0.7718 val_acc=0.333
      ep18 train_loss=0.9034 train_acc=0.547 | val_loss=0.8088 val_acc=0.667
      ep19 train_loss=0.8286 train_acc=0.630 | val_loss=0.7079 val_acc=0.667
      ep20 train_loss=0.8045 train_acc=0.733 | val_loss=0.8938 val_acc=0.333
      ep21 train_loss=0.7833 train_acc=0.658 | val_loss=0.6573 val_acc=0.667
      ep22 train_loss=0.8305 train_acc=0.646 | val_loss=0.7738 val_acc=0.667
      ep23 train_loss=0.8001 train_acc=0.560 | val_loss=0.6959 val_acc=0.667
      ep24 train_loss=0.7477 train_acc=0.560 | val_loss=0.6697 val_acc=0.667
    fold acc=1.000 time=229.9s | running pooled acc=0.654

--- Fold 16/26 | test sub16 (4 test, 242 train) ---
      ep00 train_loss=1.6021 train_acc=0.231 | val_loss=1.5956 val_acc=0.250
      ep01 train_loss=1.2843 train_acc=0.368 | val_loss=1.6457 val_acc=0.250
      ep02 train_loss=1.2660 train_acc=0.467 | val_loss=1.1744 val_acc=0.250
      ep03 train_loss=1.1107 train_acc=0.467 | val_loss=1.2646 val_acc=0.500
      ep04 train_loss=1.1541 train_acc=0.483 | val_loss=0.8751 val_acc=0.750
      ep05 train_loss=1.0883 train_acc=0.492 | val_loss=1.0531 val_acc=0.750
      ep06 train_loss=0.9958 train_acc=0.562 | val_loss=1.8395 val_acc=0.000
      ep07 train_loss=1.0194 train_acc=0.570 | val_loss=1.3290 val_acc=0.000
      ep08 train_loss=0.8994 train_acc=0.587 | val_loss=1.1672 val_acc=0.250
      ep09 train_loss=0.9270 train_acc=0.496 | val_loss=1.4623 val_acc=0.500
      ep10 train_loss=0.9500 train_acc=0.607 | val_loss=1.0503 val_acc=0.500
      ep11 train_loss=0.9228 train_acc=0.624 | val_loss=1.1169 val_acc=0.500
      ep12 train_loss=0.8962 train_acc=0.657 | val_loss=1.0398 val_acc=0.750
      ep13 train_loss=0.9071 train_acc=0.661 | val_loss=0.8389 val_acc=0.750
      ep14 train_loss=0.8457 train_acc=0.620 | val_loss=0.9232 val_acc=0.750
      ep15 train_loss=0.8179 train_acc=0.570 | val_loss=1.0698 val_acc=0.500
      ep16 train_loss=0.8654 train_acc=0.566 | val_loss=1.0681 val_acc=0.500
      ep17 train_loss=0.8008 train_acc=0.649 | val_loss=1.1339 val_acc=0.500
      ep18 train_loss=0.8524 train_acc=0.694 | val_loss=1.1812 val_acc=0.500
      ep19 train_loss=0.7826 train_acc=0.698 | val_loss=1.2333 val_acc=0.250
      ep20 train_loss=0.8570 train_acc=0.665 | val_loss=1.1195 val_acc=0.500
      ep21 train_loss=0.8844 train_acc=0.661 | val_loss=1.1536 val_acc=0.500
      ep22 train_loss=0.8190 train_acc=0.744 | val_loss=1.0756 val_acc=0.500
      ep23 train_loss=0.7973 train_acc=0.620 | val_loss=1.1299 val_acc=0.500
      ep24 train_loss=0.8145 train_acc=0.640 | val_loss=1.1043 val_acc=0.500
    fold acc=0.500 time=229.9s | running pooled acc=0.650

--- Fold 17/26 | test sub17 (34 test, 212 train) ---
      ep00 train_loss=1.6750 train_acc=0.269 | val_loss=1.5845 val_acc=0.294
      ep01 train_loss=1.3772 train_acc=0.368 | val_loss=1.2220 val_acc=0.529
      ep02 train_loss=1.1892 train_acc=0.458 | val_loss=0.9698 val_acc=0.559
      ep03 train_loss=1.1418 train_acc=0.472 | val_loss=1.0601 val_acc=0.529
      ep04 train_loss=1.1254 train_acc=0.500 | val_loss=0.9450 val_acc=0.647
      ep05 train_loss=1.0886 train_acc=0.453 | val_loss=1.1307 val_acc=0.471
      ep06 train_loss=1.0139 train_acc=0.557 | val_loss=1.1807 val_acc=0.559
      ep07 train_loss=1.0364 train_acc=0.495 | val_loss=0.9213 val_acc=0.618
      ep08 train_loss=1.0077 train_acc=0.509 | val_loss=1.2342 val_acc=0.500
      ep09 train_loss=0.9555 train_acc=0.472 | val_loss=0.9895 val_acc=0.706
      ep10 train_loss=0.9390 train_acc=0.698 | val_loss=1.3900 val_acc=0.529
      ep11 train_loss=0.9077 train_acc=0.599 | val_loss=0.9945 val_acc=0.647
      ep12 train_loss=0.9072 train_acc=0.575 | val_loss=0.9786 val_acc=0.618
      ep13 train_loss=0.8810 train_acc=0.675 | val_loss=1.0940 val_acc=0.588
      ep14 train_loss=0.8519 train_acc=0.575 | val_loss=1.1638 val_acc=0.559
      ep15 train_loss=0.8977 train_acc=0.627 | val_loss=1.1931 val_acc=0.618
      ep16 train_loss=0.9879 train_acc=0.670 | val_loss=1.0187 val_acc=0.588
      ep17 train_loss=0.9331 train_acc=0.575 | val_loss=1.1265 val_acc=0.559
      ep18 train_loss=0.8136 train_acc=0.580 | val_loss=1.0211 val_acc=0.618
      ep19 train_loss=0.8923 train_acc=0.637 | val_loss=1.0835 val_acc=0.559
      ep20 train_loss=0.8246 train_acc=0.726 | val_loss=1.0717 val_acc=0.618
      ep21 train_loss=0.8571 train_acc=0.717 | val_loss=1.0941 val_acc=0.618
      ep22 train_loss=0.7942 train_acc=0.708 | val_loss=0.9957 val_acc=0.676
      ep23 train_loss=0.8775 train_acc=0.613 | val_loss=0.9744 val_acc=0.618
      ep24 train_loss=0.9350 train_acc=0.590 | val_loss=1.1095 val_acc=0.529
    fold acc=0.647 time=226.8s | running pooled acc=0.649

--- Fold 18/26 | test sub18 (3 test, 243 train) ---
      ep00 train_loss=1.6271 train_acc=0.243 | val_loss=0.6282 val_acc=1.000
      ep01 train_loss=1.2576 train_acc=0.436 | val_loss=0.7183 val_acc=0.667
      ep02 train_loss=1.1933 train_acc=0.490 | val_loss=0.8694 val_acc=0.667
      ep03 train_loss=1.1995 train_acc=0.453 | val_loss=1.0977 val_acc=0.667
      ep04 train_loss=1.1196 train_acc=0.461 | val_loss=0.9668 val_acc=0.667
      ep05 train_loss=1.1648 train_acc=0.469 | val_loss=0.6641 val_acc=0.667
      ep06 train_loss=0.9802 train_acc=0.523 | val_loss=0.6562 val_acc=0.667
      ep07 train_loss=0.9791 train_acc=0.527 | val_loss=0.5378 val_acc=1.000
      ep08 train_loss=0.9326 train_acc=0.498 | val_loss=1.5003 val_acc=0.333
      ep09 train_loss=1.0616 train_acc=0.551 | val_loss=1.6290 val_acc=0.333
      ep10 train_loss=0.9222 train_acc=0.593 | val_loss=0.7342 val_acc=0.667
      ep11 train_loss=0.8498 train_acc=0.687 | val_loss=0.4637 val_acc=1.000
      ep12 train_loss=0.8591 train_acc=0.658 | val_loss=1.0987 val_acc=0.667
      ep13 train_loss=0.8473 train_acc=0.642 | val_loss=0.8742 val_acc=0.667
      ep14 train_loss=0.8963 train_acc=0.560 | val_loss=0.7320 val_acc=0.667
      ep15 train_loss=0.8368 train_acc=0.634 | val_loss=0.8191 val_acc=0.667
      ep16 train_loss=0.8064 train_acc=0.621 | val_loss=1.0521 val_acc=0.667
      ep17 train_loss=0.7828 train_acc=0.638 | val_loss=1.2008 val_acc=0.667
      ep18 train_loss=0.8701 train_acc=0.576 | val_loss=1.0164 val_acc=0.667
      ep19 train_loss=0.7952 train_acc=0.630 | val_loss=0.9055 val_acc=0.667
      ep20 train_loss=0.7982 train_acc=0.733 | val_loss=0.7379 val_acc=0.667
      ep21 train_loss=0.7583 train_acc=0.667 | val_loss=0.9696 val_acc=0.667
      ep22 train_loss=0.8474 train_acc=0.675 | val_loss=0.9140 val_acc=0.667
      ep23 train_loss=0.7921 train_acc=0.568 | val_loss=0.9180 val_acc=0.667
      ep24 train_loss=0.7741 train_acc=0.560 | val_loss=1.0155 val_acc=0.667
    fold acc=0.667 time=230.5s | running pooled acc=0.649

--- Fold 19/26 | test sub19 (15 test, 231 train) ---
      ep00 train_loss=1.6074 train_acc=0.268 | val_loss=1.0484 val_acc=0.467
      ep01 train_loss=1.3008 train_acc=0.372 | val_loss=1.0494 val_acc=0.667
      ep02 train_loss=1.2169 train_acc=0.468 | val_loss=0.7664 val_acc=0.533
      ep03 train_loss=1.1409 train_acc=0.489 | val_loss=0.7674 val_acc=0.667
      ep04 train_loss=1.0912 train_acc=0.541 | val_loss=1.2245 val_acc=0.533
      ep05 train_loss=1.1017 train_acc=0.524 | val_loss=0.8978 val_acc=0.600
      ep06 train_loss=0.9386 train_acc=0.584 | val_loss=0.8011 val_acc=0.733
      ep07 train_loss=1.0541 train_acc=0.515 | val_loss=0.9985 val_acc=0.733
      ep08 train_loss=0.9394 train_acc=0.489 | val_loss=0.8051 val_acc=0.733
      ep09 train_loss=0.9761 train_acc=0.489 | val_loss=0.9825 val_acc=0.667
      ep10 train_loss=0.9194 train_acc=0.589 | val_loss=1.0620 val_acc=0.600
      ep11 train_loss=0.8799 train_acc=0.628 | val_loss=0.7268 val_acc=0.800
      ep12 train_loss=0.9323 train_acc=0.641 | val_loss=0.7075 val_acc=0.800
      ep13 train_loss=0.8848 train_acc=0.632 | val_loss=0.6874 val_acc=0.733
      ep14 train_loss=0.8983 train_acc=0.667 | val_loss=0.7309 val_acc=0.733
      ep15 train_loss=0.8192 train_acc=0.524 | val_loss=0.6113 val_acc=0.800
      ep16 train_loss=0.9104 train_acc=0.714 | val_loss=0.9375 val_acc=0.600
      ep17 train_loss=0.8473 train_acc=0.662 | val_loss=0.9368 val_acc=0.733
      ep18 train_loss=0.8510 train_acc=0.667 | val_loss=0.8640 val_acc=0.733
      ep19 train_loss=0.8954 train_acc=0.684 | val_loss=1.0007 val_acc=0.667
      ep20 train_loss=0.8192 train_acc=0.684 | val_loss=0.9654 val_acc=0.733
      ep21 train_loss=0.8743 train_acc=0.684 | val_loss=0.9093 val_acc=0.667
      ep22 train_loss=0.8450 train_acc=0.671 | val_loss=0.9628 val_acc=0.733
      ep23 train_loss=0.8997 train_acc=0.563 | val_loss=0.9072 val_acc=0.667
      ep24 train_loss=0.8380 train_acc=0.684 | val_loss=0.9160 val_acc=0.667
    fold acc=0.667 time=229.2s | running pooled acc=0.651

--- Fold 20/26 | test sub20 (11 test, 235 train) ---
      ep00 train_loss=1.6364 train_acc=0.251 | val_loss=1.4746 val_acc=0.455
      ep01 train_loss=1.2884 train_acc=0.396 | val_loss=1.6746 val_acc=0.364
      ep02 train_loss=1.1664 train_acc=0.447 | val_loss=1.5275 val_acc=0.273
      ep03 train_loss=1.1512 train_acc=0.464 | val_loss=1.4420 val_acc=0.273
      ep04 train_loss=1.0571 train_acc=0.502 | val_loss=0.9630 val_acc=0.636
      ep05 train_loss=1.0487 train_acc=0.434 | val_loss=1.0021 val_acc=0.636
      ep06 train_loss=0.9863 train_acc=0.523 | val_loss=1.1711 val_acc=0.455
      ep07 train_loss=0.9964 train_acc=0.583 | val_loss=0.9413 val_acc=0.545
      ep08 train_loss=0.9155 train_acc=0.515 | val_loss=1.0974 val_acc=0.455
      ep09 train_loss=0.9075 train_acc=0.664 | val_loss=1.2107 val_acc=0.727
      ep10 train_loss=0.9255 train_acc=0.553 | val_loss=1.6104 val_acc=0.182
      ep11 train_loss=1.0116 train_acc=0.566 | val_loss=0.8234 val_acc=0.636
      ep12 train_loss=0.8578 train_acc=0.587 | val_loss=1.0416 val_acc=0.364
      ep13 train_loss=0.8727 train_acc=0.672 | val_loss=0.9934 val_acc=0.545
      ep14 train_loss=0.8141 train_acc=0.672 | val_loss=0.8694 val_acc=0.545
      ep15 train_loss=0.8886 train_acc=0.630 | val_loss=0.9342 val_acc=0.727
      ep16 train_loss=0.8119 train_acc=0.655 | val_loss=0.9937 val_acc=0.455
      ep17 train_loss=0.8637 train_acc=0.617 | val_loss=1.0104 val_acc=0.364
      ep18 train_loss=0.7860 train_acc=0.647 | val_loss=0.9352 val_acc=0.727
      ep19 train_loss=0.7969 train_acc=0.702 | val_loss=0.8769 val_acc=0.545
      ep20 train_loss=0.8086 train_acc=0.621 | val_loss=1.0218 val_acc=0.455
      ep21 train_loss=0.8543 train_acc=0.647 | val_loss=0.9674 val_acc=0.727
      ep22 train_loss=0.7967 train_acc=0.591 | val_loss=0.9266 val_acc=0.727
      ep23 train_loss=0.8588 train_acc=0.591 | val_loss=0.9932 val_acc=0.636
      ep24 train_loss=0.7967 train_acc=0.626 | val_loss=1.1035 val_acc=0.545
    fold acc=0.636 time=229.7s | running pooled acc=0.650

--- Fold 21/26 | test sub21 (2 test, 244 train) ---
      ep00 train_loss=1.6058 train_acc=0.279 | val_loss=1.6698 val_acc=0.000
      ep01 train_loss=1.3407 train_acc=0.377 | val_loss=1.7286 val_acc=0.500
      ep02 train_loss=1.1536 train_acc=0.492 | val_loss=1.7903 val_acc=0.000
      ep03 train_loss=1.1699 train_acc=0.492 | val_loss=2.5708 val_acc=0.500
      ep04 train_loss=1.0853 train_acc=0.475 | val_loss=1.3619 val_acc=0.500
      ep05 train_loss=1.0692 train_acc=0.480 | val_loss=3.3955 val_acc=0.000
      ep06 train_loss=1.0494 train_acc=0.434 | val_loss=1.4014 val_acc=0.500
      ep07 train_loss=0.9822 train_acc=0.492 | val_loss=1.8719 val_acc=0.500
      ep08 train_loss=0.9777 train_acc=0.529 | val_loss=2.3671 val_acc=0.500
      ep09 train_loss=0.9334 train_acc=0.639 | val_loss=2.5411 val_acc=0.500
      ep10 train_loss=0.8757 train_acc=0.520 | val_loss=2.1646 val_acc=0.500
      ep11 train_loss=0.9542 train_acc=0.607 | val_loss=2.8554 val_acc=0.500
      ep12 train_loss=0.8402 train_acc=0.611 | val_loss=2.3332 val_acc=0.500
      ep13 train_loss=0.8466 train_acc=0.668 | val_loss=2.4559 val_acc=0.500
      ep14 train_loss=0.8373 train_acc=0.537 | val_loss=2.0959 val_acc=0.500
      ep15 train_loss=0.8473 train_acc=0.701 | val_loss=2.6324 val_acc=0.500
      ep16 train_loss=0.8266 train_acc=0.635 | val_loss=2.4623 val_acc=0.500
      ep17 train_loss=0.8015 train_acc=0.689 | val_loss=2.1972 val_acc=0.500
      ep18 train_loss=0.8739 train_acc=0.660 | val_loss=2.6995 val_acc=0.500
      ep19 train_loss=0.7674 train_acc=0.660 | val_loss=2.9065 val_acc=0.500
      ep20 train_loss=0.8161 train_acc=0.611 | val_loss=2.6023 val_acc=0.500
      ep21 train_loss=0.8713 train_acc=0.639 | val_loss=2.8602 val_acc=0.500
      ep22 train_loss=0.8721 train_acc=0.652 | val_loss=2.9611 val_acc=0.500
      ep23 train_loss=0.8861 train_acc=0.598 | val_loss=2.6940 val_acc=0.500
      ep24 train_loss=0.7646 train_acc=0.713 | val_loss=2.8913 val_acc=0.500
    fold acc=0.500 time=230.5s | running pooled acc=0.649

--- Fold 22/26 | test sub22 (2 test, 244 train) ---
      ep00 train_loss=1.6143 train_acc=0.266 | val_loss=0.3566 val_acc=1.000
      ep01 train_loss=1.3734 train_acc=0.373 | val_loss=0.0713 val_acc=1.000
      ep02 train_loss=1.1835 train_acc=0.471 | val_loss=0.5276 val_acc=1.000
      ep03 train_loss=1.1684 train_acc=0.500 | val_loss=0.1746 val_acc=1.000
      ep04 train_loss=1.0950 train_acc=0.455 | val_loss=0.0737 val_acc=1.000
      ep05 train_loss=1.1283 train_acc=0.471 | val_loss=0.3106 val_acc=1.000
      ep06 train_loss=1.0564 train_acc=0.443 | val_loss=0.0194 val_acc=1.000
      ep07 train_loss=0.9682 train_acc=0.541 | val_loss=0.0251 val_acc=1.000
      ep08 train_loss=0.9985 train_acc=0.504 | val_loss=0.1045 val_acc=1.000
      ep09 train_loss=0.9314 train_acc=0.635 | val_loss=0.0753 val_acc=1.000
      ep10 train_loss=0.8981 train_acc=0.525 | val_loss=0.0230 val_acc=1.000
      ep11 train_loss=0.9676 train_acc=0.590 | val_loss=0.0228 val_acc=1.000
      ep12 train_loss=0.8422 train_acc=0.611 | val_loss=0.1129 val_acc=1.000
      ep13 train_loss=0.8647 train_acc=0.652 | val_loss=0.0958 val_acc=1.000
      ep14 train_loss=0.8486 train_acc=0.549 | val_loss=0.1516 val_acc=1.000
      ep15 train_loss=0.8479 train_acc=0.709 | val_loss=0.1624 val_acc=1.000
      ep16 train_loss=0.8328 train_acc=0.623 | val_loss=0.1473 val_acc=1.000
      ep17 train_loss=0.8084 train_acc=0.684 | val_loss=0.3249 val_acc=1.000
      ep18 train_loss=0.8695 train_acc=0.656 | val_loss=0.1774 val_acc=1.000
      ep19 train_loss=0.7704 train_acc=0.672 | val_loss=0.0885 val_acc=1.000
      ep20 train_loss=0.8221 train_acc=0.607 | val_loss=0.1960 val_acc=1.000
      ep21 train_loss=0.8733 train_acc=0.639 | val_loss=0.1963 val_acc=1.000
      ep22 train_loss=0.8946 train_acc=0.635 | val_loss=0.2238 val_acc=1.000
      ep23 train_loss=0.8810 train_acc=0.590 | val_loss=0.2536 val_acc=1.000
      ep24 train_loss=0.7834 train_acc=0.676 | val_loss=0.2117 val_acc=1.000
    fold acc=1.000 time=230.3s | running pooled acc=0.652

--- Fold 23/26 | test sub23 (12 test, 234 train) ---
      ep00 train_loss=1.6150 train_acc=0.321 | val_loss=0.9408 val_acc=0.583
      ep01 train_loss=1.2736 train_acc=0.363 | val_loss=0.8877 val_acc=0.667
      ep02 train_loss=1.2424 train_acc=0.415 | val_loss=0.6889 val_acc=0.667
      ep03 train_loss=1.1913 train_acc=0.504 | val_loss=0.5543 val_acc=0.917
      ep04 train_loss=1.1743 train_acc=0.397 | val_loss=0.5361 val_acc=0.833
      ep05 train_loss=1.0084 train_acc=0.491 | val_loss=0.5540 val_acc=0.833
      ep06 train_loss=1.0664 train_acc=0.457 | val_loss=0.5367 val_acc=0.917
      ep07 train_loss=0.9959 train_acc=0.517 | val_loss=0.3974 val_acc=1.000
      ep08 train_loss=0.9024 train_acc=0.449 | val_loss=0.9180 val_acc=0.667
      ep09 train_loss=0.9452 train_acc=0.632 | val_loss=0.8774 val_acc=0.583
      ep10 train_loss=0.9390 train_acc=0.641 | val_loss=0.4840 val_acc=0.750
      ep11 train_loss=0.8925 train_acc=0.645 | val_loss=0.7998 val_acc=0.667
      ep12 train_loss=0.8730 train_acc=0.624 | val_loss=0.4207 val_acc=0.917
      ep13 train_loss=0.7865 train_acc=0.594 | val_loss=0.4332 val_acc=0.917
      ep14 train_loss=0.9323 train_acc=0.667 | val_loss=0.3420 val_acc=1.000
      ep15 train_loss=0.8237 train_acc=0.581 | val_loss=0.4146 val_acc=1.000
      ep16 train_loss=0.8944 train_acc=0.735 | val_loss=0.4497 val_acc=0.917
      ep17 train_loss=0.8038 train_acc=0.645 | val_loss=0.4485 val_acc=0.917
      ep18 train_loss=0.8580 train_acc=0.632 | val_loss=0.4674 val_acc=0.917
      ep19 train_loss=0.7931 train_acc=0.756 | val_loss=0.5110 val_acc=0.833
      ep20 train_loss=0.7966 train_acc=0.697 | val_loss=0.4545 val_acc=0.917
      ep21 train_loss=0.8165 train_acc=0.534 | val_loss=0.3958 val_acc=0.833
      ep22 train_loss=0.7818 train_acc=0.688 | val_loss=0.4214 val_acc=0.917
      ep23 train_loss=0.7999 train_acc=0.538 | val_loss=0.4960 val_acc=0.917
      ep24 train_loss=0.7878 train_acc=0.692 | val_loss=0.4821 val_acc=0.917
    fold acc=0.917 time=230.0s | running pooled acc=0.667

--- Fold 24/26 | test sub24 (7 test, 239 train) ---
      ep00 train_loss=1.5912 train_acc=0.335 | val_loss=1.4527 val_acc=0.429
      ep01 train_loss=1.2761 train_acc=0.343 | val_loss=1.2286 val_acc=0.429
      ep02 train_loss=1.1904 train_acc=0.477 | val_loss=1.1193 val_acc=0.571
      ep03 train_loss=1.1404 train_acc=0.469 | val_loss=1.0563 val_acc=0.571
      ep04 train_loss=1.1129 train_acc=0.456 | val_loss=1.1440 val_acc=0.571
      ep05 train_loss=1.0736 train_acc=0.506 | val_loss=1.2817 val_acc=0.571
      ep06 train_loss=1.0619 train_acc=0.473 | val_loss=1.1124 val_acc=0.714
      ep07 train_loss=0.9972 train_acc=0.481 | val_loss=1.2762 val_acc=0.571
      ep08 train_loss=0.9637 train_acc=0.619 | val_loss=1.1278 val_acc=0.571
      ep09 train_loss=0.9583 train_acc=0.523 | val_loss=1.1074 val_acc=0.571
      ep10 train_loss=0.9530 train_acc=0.603 | val_loss=1.4186 val_acc=0.571
      ep11 train_loss=0.9494 train_acc=0.590 | val_loss=1.1617 val_acc=0.571
      ep12 train_loss=0.9281 train_acc=0.607 | val_loss=1.1816 val_acc=0.714
      ep13 train_loss=0.8285 train_acc=0.653 | val_loss=1.1590 val_acc=0.714
      ep14 train_loss=0.7273 train_acc=0.577 | val_loss=1.1054 val_acc=0.714
      ep15 train_loss=0.8426 train_acc=0.582 | val_loss=1.2755 val_acc=0.429
      ep16 train_loss=0.8226 train_acc=0.778 | val_loss=1.2038 val_acc=0.714
      ep17 train_loss=0.7955 train_acc=0.594 | val_loss=1.3230 val_acc=0.571
      ep18 train_loss=0.8385 train_acc=0.582 | val_loss=1.2557 val_acc=0.571
      ep19 train_loss=0.8324 train_acc=0.640 | val_loss=1.3439 val_acc=0.714
      ep20 train_loss=0.7982 train_acc=0.686 | val_loss=1.3142 val_acc=0.714
      ep21 train_loss=0.8121 train_acc=0.649 | val_loss=1.3215 val_acc=0.571
      ep22 train_loss=0.8026 train_acc=0.711 | val_loss=1.2878 val_acc=0.714
      ep23 train_loss=0.7645 train_acc=0.590 | val_loss=1.2603 val_acc=0.714
      ep24 train_loss=0.7932 train_acc=0.628 | val_loss=1.2660 val_acc=0.571
    fold acc=0.714 time=230.7s | running pooled acc=0.668

--- Fold 25/26 | test sub25 (7 test, 239 train) ---
      ep00 train_loss=1.6119 train_acc=0.331 | val_loss=1.2454 val_acc=0.286
      ep01 train_loss=1.2563 train_acc=0.402 | val_loss=1.4443 val_acc=0.286
      ep02 train_loss=1.1786 train_acc=0.523 | val_loss=1.2831 val_acc=0.286
      ep03 train_loss=1.1528 train_acc=0.444 | val_loss=1.2917 val_acc=0.286
      ep04 train_loss=1.0937 train_acc=0.477 | val_loss=0.6971 val_acc=0.714
      ep05 train_loss=1.0871 train_acc=0.515 | val_loss=1.8887 val_acc=0.143
      ep06 train_loss=1.0646 train_acc=0.481 | val_loss=0.7766 val_acc=0.857
      ep07 train_loss=0.9675 train_acc=0.498 | val_loss=1.2056 val_acc=0.429
      ep08 train_loss=0.9524 train_acc=0.611 | val_loss=0.8690 val_acc=0.714
      ep09 train_loss=0.9592 train_acc=0.502 | val_loss=0.8253 val_acc=0.714
      ep10 train_loss=0.9546 train_acc=0.615 | val_loss=1.0406 val_acc=0.571
      ep11 train_loss=0.9576 train_acc=0.603 | val_loss=0.8045 val_acc=0.714
      ep12 train_loss=0.9410 train_acc=0.577 | val_loss=0.8969 val_acc=0.571
      ep13 train_loss=0.8309 train_acc=0.657 | val_loss=0.7459 val_acc=0.714
      ep14 train_loss=0.7247 train_acc=0.594 | val_loss=0.6814 val_acc=0.857
      ep15 train_loss=0.8559 train_acc=0.582 | val_loss=0.8480 val_acc=0.714
      ep16 train_loss=0.8383 train_acc=0.778 | val_loss=0.7998 val_acc=0.714
      ep17 train_loss=0.7950 train_acc=0.590 | val_loss=0.8528 val_acc=0.571
      ep18 train_loss=0.8450 train_acc=0.569 | val_loss=0.7795 val_acc=0.714
      ep19 train_loss=0.8246 train_acc=0.644 | val_loss=1.1789 val_acc=0.571
      ep20 train_loss=0.8228 train_acc=0.686 | val_loss=0.9703 val_acc=0.571
      ep21 train_loss=0.8130 train_acc=0.636 | val_loss=0.9253 val_acc=0.571
      ep22 train_loss=0.8136 train_acc=0.690 | val_loss=0.9852 val_acc=0.571
      ep23 train_loss=0.7650 train_acc=0.598 | val_loss=0.9344 val_acc=0.714
      ep24 train_loss=0.8026 train_acc=0.640 | val_loss=0.8666 val_acc=0.714
    fold acc=0.571 time=229.6s | running pooled acc=0.665

--- Fold 26/26 | test sub26 (16 test, 230 train) ---
      ep00 train_loss=1.6007 train_acc=0.278 | val_loss=1.4444 val_acc=0.375
      ep01 train_loss=1.2763 train_acc=0.374 | val_loss=1.4470 val_acc=0.500
      ep02 train_loss=1.1534 train_acc=0.470 | val_loss=1.6334 val_acc=0.312
      ep03 train_loss=1.1042 train_acc=0.539 | val_loss=1.4478 val_acc=0.438
      ep04 train_loss=1.0831 train_acc=0.478 | val_loss=1.5259 val_acc=0.375
      ep05 train_loss=1.1180 train_acc=0.535 | val_loss=1.5021 val_acc=0.375
      ep06 train_loss=1.0430 train_acc=0.526 | val_loss=1.5063 val_acc=0.375
      ep07 train_loss=0.9810 train_acc=0.548 | val_loss=1.7704 val_acc=0.312
      ep08 train_loss=0.9168 train_acc=0.517 | val_loss=1.1937 val_acc=0.625
      ep09 train_loss=0.9075 train_acc=0.491 | val_loss=1.8569 val_acc=0.375
      ep10 train_loss=0.9731 train_acc=0.604 | val_loss=1.6431 val_acc=0.375
      ep11 train_loss=0.8742 train_acc=0.665 | val_loss=1.8292 val_acc=0.188
      ep12 train_loss=0.9212 train_acc=0.639 | val_loss=1.4694 val_acc=0.500
      ep13 train_loss=0.8530 train_acc=0.557 | val_loss=1.8201 val_acc=0.375
      ep14 train_loss=0.8518 train_acc=0.683 | val_loss=1.6551 val_acc=0.438
      ep15 train_loss=0.8291 train_acc=0.622 | val_loss=2.0458 val_acc=0.188
      ep16 train_loss=0.8557 train_acc=0.557 | val_loss=2.0002 val_acc=0.250
      ep17 train_loss=0.7649 train_acc=0.665 | val_loss=1.8590 val_acc=0.312
      ep18 train_loss=0.8083 train_acc=0.652 | val_loss=1.9422 val_acc=0.375
      ep19 train_loss=0.8108 train_acc=0.735 | val_loss=1.8078 val_acc=0.375
      ep20 train_loss=0.8327 train_acc=0.717 | val_loss=1.6685 val_acc=0.375
      ep21 train_loss=0.8072 train_acc=0.657 | val_loss=2.0403 val_acc=0.375
      ep22 train_loss=0.8569 train_acc=0.657 | val_loss=2.1576 val_acc=0.250
      ep23 train_loss=0.8060 train_acc=0.648 | val_loss=1.9059 val_acc=0.375
      ep24 train_loss=0.7579 train_acc=0.617 | val_loss=1.8165 val_acc=0.375
    fold acc=0.375 time=228.7s | running pooled acc=0.646

=== FINAL (pooled LOSO) ===
UF1 = 0.6669
UAR = 0.6944
ACC = 0.6463
per-class F1: happiness=0.600, disgust=0.650, repression=0.621, surprise=0.857, others=0.607
per-class recall: happiness=0.656, disgust=0.603, repression=0.667, surprise=0.960, others=0.586
confusion matrix (rows=true):
        happin disgus repres surpri others
happine     21      0      2      3      6
disgust      3     38      1      0     21
repress      2      0     18      1      6
surpris      0      0      0     24      1
 others     12     16     10      3     58

saved to D:\AI-Projects\casmeII-new-from-sequence-model\experiments\iter_19_mixup
elapsed 5969.5s
