=== PROTOCOL V2 iter_86_resnetgru_autoapex_s42_v2_dev_p5 ===
time: 2026-08-04T05:49:06.082215 | role: dev
device: cuda (NVIDIA GeForce RTX 3060)
platform: Windows-10-10.0.26200-SP0 | torch 2.6.0+cu124
loading 246 cached arrays
fixed split loaded: 21 development subjects, 5 sealed audit subjects
fold 1/4: 16 train subjects / 5 validation subjects; 148 train / 44 validation samples
      ep00 train_loss=1.6254 train_acc=0.291 | val_loss=1.4017 val_acc=0.341
      ep01 train_loss=1.3867 train_acc=0.466 | val_loss=1.0454 val_acc=0.614
      ep02 train_loss=1.1730 train_acc=0.527 | val_loss=0.9467 val_acc=0.614
      ep03 train_loss=1.0026 train_acc=0.709 | val_loss=0.8378 val_acc=0.659
      ep04 train_loss=1.0409 train_acc=0.655 | val_loss=0.8354 val_acc=0.659
      ep05 train_loss=0.8984 train_acc=0.723 | val_loss=0.9756 val_acc=0.614
      ep06 train_loss=0.8332 train_acc=0.838 | val_loss=0.7924 val_acc=0.682
      ep07 train_loss=0.8336 train_acc=0.811 | val_loss=0.7612 val_acc=0.682
      ep08 train_loss=0.8348 train_acc=0.845 | val_loss=0.9162 val_acc=0.705
      ep09 train_loss=0.8370 train_acc=0.831 | val_loss=0.9943 val_acc=0.591
      ep10 train_loss=0.7542 train_acc=0.885 | val_loss=0.9557 val_acc=0.750
      ep11 train_loss=0.7057 train_acc=0.912 | val_loss=0.7109 val_acc=0.750
      ep12 train_loss=0.6954 train_acc=0.899 | val_loss=0.9000 val_acc=0.705
      ep13 train_loss=0.7152 train_acc=0.919 | val_loss=0.7979 val_acc=0.750
      ep14 train_loss=0.6822 train_acc=0.953 | val_loss=0.9613 val_acc=0.705
      ep15 train_loss=0.7043 train_acc=0.939 | val_loss=0.8620 val_acc=0.705
      ep16 train_loss=0.6268 train_acc=0.959 | val_loss=0.7069 val_acc=0.727
      ep17 train_loss=0.6512 train_acc=0.953 | val_loss=0.7319 val_acc=0.750
      ep18 train_loss=0.6776 train_acc=0.959 | val_loss=0.7686 val_acc=0.750
      ep19 train_loss=0.6441 train_acc=0.980 | val_loss=0.8333 val_acc=0.750
      ep20 train_loss=0.6304 train_acc=0.973 | val_loss=0.8595 val_acc=0.727
      ep21 train_loss=0.6191 train_acc=0.966 | val_loss=0.7895 val_acc=0.750
      ep22 train_loss=0.6492 train_acc=0.953 | val_loss=0.8482 val_acc=0.750
      ep23 train_loss=0.6387 train_acc=0.973 | val_loss=0.8483 val_acc=0.750
      ep24 train_loss=0.6464 train_acc=0.986 | val_loss=0.8507 val_acc=0.750
fold result: UF1=0.7481 UAR=0.7665 ACC=0.7500
fold 2/4: 16 train subjects / 5 validation subjects; 141 train / 51 validation samples
      ep00 train_loss=1.5387 train_acc=0.362 | val_loss=1.5051 val_acc=0.353
      ep01 train_loss=1.2063 train_acc=0.511 | val_loss=1.2129 val_acc=0.471
      ep02 train_loss=1.0025 train_acc=0.660 | val_loss=1.2316 val_acc=0.510
      ep03 train_loss=0.9727 train_acc=0.695 | val_loss=1.2168 val_acc=0.510
      ep04 train_loss=0.8810 train_acc=0.730 | val_loss=1.1856 val_acc=0.471
      ep05 train_loss=0.7957 train_acc=0.858 | val_loss=1.1203 val_acc=0.510
      ep06 train_loss=0.8172 train_acc=0.809 | val_loss=1.0658 val_acc=0.549
      ep07 train_loss=0.7531 train_acc=0.851 | val_loss=1.1446 val_acc=0.549
      ep08 train_loss=0.7482 train_acc=0.887 | val_loss=1.0972 val_acc=0.608
      ep09 train_loss=0.6820 train_acc=0.901 | val_loss=1.0851 val_acc=0.569
      ep10 train_loss=0.7498 train_acc=0.901 | val_loss=1.1515 val_acc=0.608
      ep11 train_loss=0.6723 train_acc=0.901 | val_loss=1.0499 val_acc=0.588
      ep12 train_loss=0.6448 train_acc=0.943 | val_loss=1.1840 val_acc=0.569
      ep13 train_loss=0.6234 train_acc=0.957 | val_loss=1.2802 val_acc=0.549
      ep14 train_loss=0.6622 train_acc=0.957 | val_loss=1.3788 val_acc=0.510
      ep15 train_loss=0.6751 train_acc=0.936 | val_loss=1.2450 val_acc=0.529
      ep16 train_loss=0.5982 train_acc=0.979 | val_loss=1.2047 val_acc=0.569
      ep17 train_loss=0.6148 train_acc=0.965 | val_loss=1.2300 val_acc=0.490
      ep18 train_loss=0.6123 train_acc=0.957 | val_loss=1.1864 val_acc=0.608
      ep19 train_loss=0.5638 train_acc=0.993 | val_loss=1.1778 val_acc=0.529
      ep20 train_loss=0.6153 train_acc=0.972 | val_loss=1.1743 val_acc=0.608
      ep21 train_loss=0.6080 train_acc=0.965 | val_loss=1.1679 val_acc=0.588
      ep22 train_loss=0.6134 train_acc=0.979 | val_loss=1.1500 val_acc=0.588
      ep23 train_loss=0.5861 train_acc=0.957 | val_loss=1.1617 val_acc=0.588
      ep24 train_loss=0.5872 train_acc=0.986 | val_loss=1.1320 val_acc=0.608
fold result: UF1=0.4968 UAR=0.4614 ACC=0.5490
fold 3/4: 15 train subjects / 6 validation subjects; 143 train / 49 validation samples
      ep00 train_loss=1.6889 train_acc=0.280 | val_loss=1.4644 val_acc=0.408
      ep01 train_loss=1.3793 train_acc=0.483 | val_loss=1.2855 val_acc=0.347
      ep02 train_loss=1.1289 train_acc=0.643 | val_loss=1.2133 val_acc=0.429
      ep03 train_loss=1.0438 train_acc=0.706 | val_loss=1.1210 val_acc=0.469
      ep04 train_loss=0.9443 train_acc=0.748 | val_loss=1.2943 val_acc=0.429
      ep05 train_loss=0.8837 train_acc=0.783 | val_loss=1.4151 val_acc=0.367
      ep06 train_loss=0.8458 train_acc=0.818 | val_loss=1.3165 val_acc=0.429
      ep07 train_loss=0.8448 train_acc=0.755 | val_loss=1.3262 val_acc=0.449
      ep08 train_loss=0.7956 train_acc=0.818 | val_loss=1.1650 val_acc=0.469
      ep09 train_loss=0.7307 train_acc=0.888 | val_loss=1.0062 val_acc=0.571
      ep10 train_loss=0.7616 train_acc=0.909 | val_loss=1.1049 val_acc=0.510
      ep11 train_loss=0.6878 train_acc=0.944 | val_loss=1.0250 val_acc=0.531
      ep12 train_loss=0.7804 train_acc=0.853 | val_loss=1.2071 val_acc=0.551
      ep13 train_loss=0.6913 train_acc=0.958 | val_loss=1.1792 val_acc=0.531
      ep14 train_loss=0.6632 train_acc=0.958 | val_loss=1.1342 val_acc=0.531
      ep15 train_loss=0.6163 train_acc=0.958 | val_loss=1.2355 val_acc=0.531
      ep16 train_loss=0.6590 train_acc=0.944 | val_loss=1.1310 val_acc=0.551
      ep17 train_loss=0.6353 train_acc=0.951 | val_loss=1.1535 val_acc=0.510
      ep18 train_loss=0.6516 train_acc=0.965 | val_loss=1.0855 val_acc=0.571
      ep19 train_loss=0.6369 train_acc=0.979 | val_loss=1.1636 val_acc=0.551
      ep20 train_loss=0.6340 train_acc=0.972 | val_loss=1.2589 val_acc=0.551
      ep21 train_loss=0.6399 train_acc=0.972 | val_loss=1.2265 val_acc=0.531
      ep22 train_loss=0.6666 train_acc=0.979 | val_loss=1.2134 val_acc=0.551
      ep23 train_loss=0.6085 train_acc=0.993 | val_loss=1.1544 val_acc=0.531
      ep24 train_loss=0.6276 train_acc=0.979 | val_loss=1.2120 val_acc=0.551
fold result: UF1=0.5386 UAR=0.6037 ACC=0.5510
fold 4/4: 16 train subjects / 5 validation subjects; 144 train / 48 validation samples
      ep00 train_loss=1.6711 train_acc=0.243 | val_loss=1.5493 val_acc=0.354
      ep01 train_loss=1.2762 train_acc=0.486 | val_loss=1.1251 val_acc=0.500
      ep02 train_loss=1.1273 train_acc=0.542 | val_loss=0.7781 val_acc=0.729
      ep03 train_loss=1.0301 train_acc=0.715 | val_loss=0.8021 val_acc=0.708
      ep04 train_loss=1.0720 train_acc=0.674 | val_loss=0.8774 val_acc=0.625
      ep05 train_loss=0.9373 train_acc=0.729 | val_loss=0.6404 val_acc=0.833
      ep06 train_loss=0.8253 train_acc=0.868 | val_loss=0.7027 val_acc=0.750
      ep07 train_loss=0.8193 train_acc=0.861 | val_loss=0.6346 val_acc=0.792
      ep08 train_loss=0.8104 train_acc=0.812 | val_loss=0.5846 val_acc=0.750
      ep09 train_loss=0.7230 train_acc=0.896 | val_loss=0.6144 val_acc=0.792
      ep10 train_loss=0.7062 train_acc=0.896 | val_loss=0.7381 val_acc=0.729
      ep11 train_loss=0.7165 train_acc=0.889 | val_loss=0.5557 val_acc=0.792
      ep12 train_loss=0.7128 train_acc=0.924 | val_loss=0.7083 val_acc=0.750
      ep13 train_loss=0.6936 train_acc=0.910 | val_loss=0.6207 val_acc=0.792
      ep14 train_loss=0.7213 train_acc=0.924 | val_loss=0.6199 val_acc=0.812
      ep15 train_loss=0.6556 train_acc=0.972 | val_loss=0.6135 val_acc=0.792
      ep16 train_loss=0.6348 train_acc=0.986 | val_loss=0.5713 val_acc=0.792
      ep17 train_loss=0.6792 train_acc=0.938 | val_loss=0.6370 val_acc=0.771
      ep18 train_loss=0.6622 train_acc=0.979 | val_loss=0.5902 val_acc=0.792
      ep19 train_loss=0.6699 train_acc=0.958 | val_loss=0.6100 val_acc=0.771
      ep20 train_loss=0.6341 train_acc=0.965 | val_loss=0.6264 val_acc=0.792
      ep21 train_loss=0.6370 train_acc=0.972 | val_loss=0.5941 val_acc=0.771
      ep22 train_loss=0.6156 train_acc=0.993 | val_loss=0.6123 val_acc=0.771
      ep23 train_loss=0.6503 train_acc=0.965 | val_loss=0.5824 val_acc=0.771
      ep24 train_loss=0.5978 train_acc=1.000 | val_loss=0.5971 val_acc=0.771
fold result: UF1=0.8364 UAR=0.8657 ACC=0.8125
FINAL dev: UF1=0.6656 UAR=0.6987 ACC=0.6615
saved reproducible artifacts to D:\AI-Projects\casmeII-new-from-sequence-model\experiments\protocol_v2\iter_86_resnetgru_autoapex_s42_v2_dev_p5 in 755.1s
