=== EXPERIMENT iter_30_vivit_rgb ===
time: 2026-07-19T00:10:22.786326
device: cuda (NVIDIA GeForce RTX 3060)
platform: Windows-10-10.0.26200-SP0 | torch 2.6.0+cu124
config:
{
  "seed": 42,
  "T": 32,
  "img_size": 128,
  "base_size": 128,
  "input_mode": "rgb",
  "backbone": "vivit",
  "pretrained": true,
  "dropout": 0.2,
  "epochs": 24,
  "lr": 6e-05,
  "weight_decay": 0.02,
  "batch_size": 8,
  "class_weighting": true,
  "label_smoothing": 0.0,
  "hflip": true,
  "color_jitter": 0.1,
  "temporal_jitter": true,
  "amp": true,
  "eval_last_k": 3,
  "tta": 5,
  "cache_dir": "cache/frames128",
  "index": "cache/index_emotion.csv",
  "class_names": [
    "happiness",
    "disgust",
    "repression",
    "surprise",
    "others"
  ],
  "name": "iter_30_vivit_rgb",
  "resize_to": 224,
  "modality": "rgb",
  "temporal_span": "onset_offset",
  "grad_checkpoint": true,
  "head_lr": 0.003,
  "llrd_decay": 0.85,
  "warmup_epochs": 3,
  "freeze_epochs": 2,
  "grad_accum": 1,
  "loss": "focal",
  "focal_gamma": 1.5,
  "random_erase": 0.1
}
samples: 246 | classes: 5 ['happiness', 'disgust', 'repression', 'surprise', 'others']
loading arrays into RAM...
loaded 246 arrays

--- Fold 1/26 | test sub01 (9 test, 237 train) ---
      ep00 train_loss=1.2730 train_acc=0.135 | val_loss=1.7089 val_acc=0.333
      ep01 train_loss=1.1826 train_acc=0.224 | val_loss=1.6987 val_acc=0.000
      [unfreeze] backbone unfrozen at epoch 2
      ep02 train_loss=1.1754 train_acc=0.338 | val_loss=2.6638 val_acc=0.111
      ep03 train_loss=1.2208 train_acc=0.287 | val_loss=1.7336 val_acc=0.111
      ep04 train_loss=1.0160 train_acc=0.392 | val_loss=1.1580 val_acc=0.222
      ep05 train_loss=0.8469 train_acc=0.468 | val_loss=2.8126 val_acc=0.111
      ep06 train_loss=0.7821 train_acc=0.485 | val_loss=0.7638 val_acc=0.778
      ep07 train_loss=0.5749 train_acc=0.586 | val_loss=2.4052 val_acc=0.000
      ep08 train_loss=0.4836 train_acc=0.612 | val_loss=2.2667 val_acc=0.111
      ep09 train_loss=0.4014 train_acc=0.650 | val_loss=2.1031 val_acc=0.111
      ep10 train_loss=0.3161 train_acc=0.726 | val_loss=0.8841 val_acc=0.556
      ep11 train_loss=0.2631 train_acc=0.713 | val_loss=1.2339 val_acc=0.333
      ep12 train_loss=0.2373 train_acc=0.747 | val_loss=0.6399 val_acc=0.667
      ep13 train_loss=0.2767 train_acc=0.747 | val_loss=0.8451 val_acc=0.556
      ep14 train_loss=0.2472 train_acc=0.781 | val_loss=0.9059 val_acc=0.556
      ep15 train_loss=0.1536 train_acc=0.852 | val_loss=0.9480 val_acc=0.556
      ep16 train_loss=0.0786 train_acc=0.916 | val_loss=0.8344 val_acc=0.556
      ep17 train_loss=0.0937 train_acc=0.890 | val_loss=0.8170 val_acc=0.556
      ep18 train_loss=0.0954 train_acc=0.920 | val_loss=0.8102 val_acc=0.556
      ep19 train_loss=0.0758 train_acc=0.907 | val_loss=0.8938 val_acc=0.556
      ep20 train_loss=0.0819 train_acc=0.911 | val_loss=0.9610 val_acc=0.556
      ep21 train_loss=0.0572 train_acc=0.954 | val_loss=0.8453 val_acc=0.556
      ep22 train_loss=0.0544 train_acc=0.949 | val_loss=0.8629 val_acc=0.556
      ep23 train_loss=0.0696 train_acc=0.920 | val_loss=0.8681 val_acc=0.556
    fold acc=0.556 time=2418.1s | running pooled acc=0.556

--- Fold 2/26 | test sub02 (13 test, 233 train) ---
      ep00 train_loss=1.2371 train_acc=0.090 | val_loss=1.7399 val_acc=0.000
      ep01 train_loss=1.1761 train_acc=0.365 | val_loss=1.6748 val_acc=0.154
      [unfreeze] backbone unfrozen at epoch 2
      ep02 train_loss=1.0770 train_acc=0.330 | val_loss=1.7874 val_acc=0.077
      ep03 train_loss=1.1161 train_acc=0.408 | val_loss=1.5597 val_acc=0.462
      ep04 train_loss=1.0700 train_acc=0.425 | val_loss=1.9662 val_acc=0.000
      ep05 train_loss=0.8899 train_acc=0.421 | val_loss=2.1100 val_acc=0.308
      ep06 train_loss=0.6554 train_acc=0.498 | val_loss=1.7872 val_acc=0.231
      ep07 train_loss=0.6754 train_acc=0.511 | val_loss=1.8526 val_acc=0.538
      ep08 train_loss=0.5698 train_acc=0.571 | val_loss=1.6886 val_acc=0.462
      ep09 train_loss=0.4832 train_acc=0.639 | val_loss=1.8871 val_acc=0.385
      ep10 train_loss=0.3675 train_acc=0.695 | val_loss=1.5935 val_acc=0.462
      ep11 train_loss=0.2732 train_acc=0.708 | val_loss=2.0443 val_acc=0.385
      ep12 train_loss=0.3382 train_acc=0.742 | val_loss=2.2220 val_acc=0.385
      ep13 train_loss=0.2430 train_acc=0.725 | val_loss=2.2514 val_acc=0.385
      ep14 train_loss=0.2282 train_acc=0.777 | val_loss=2.3520 val_acc=0.308
      ep15 train_loss=0.1740 train_acc=0.820 | val_loss=2.3149 val_acc=0.385
      ep16 train_loss=0.1659 train_acc=0.807 | val_loss=2.5098 val_acc=0.385
      ep17 train_loss=0.1091 train_acc=0.901 | val_loss=2.4146 val_acc=0.385
      ep18 train_loss=0.0978 train_acc=0.871 | val_loss=2.5600 val_acc=0.385
      ep19 train_loss=0.0749 train_acc=0.914 | val_loss=2.5358 val_acc=0.385
      ep20 train_loss=0.0755 train_acc=0.910 | val_loss=2.4295 val_acc=0.385
      ep21 train_loss=0.0891 train_acc=0.910 | val_loss=2.4270 val_acc=0.385
      ep22 train_loss=0.0821 train_acc=0.893 | val_loss=2.4433 val_acc=0.385
      ep23 train_loss=0.0777 train_acc=0.906 | val_loss=2.4492 val_acc=0.385
    fold acc=0.385 time=2390.5s | running pooled acc=0.455

--- Fold 3/26 | test sub03 (7 test, 239 train) ---
      ep00 train_loss=1.2524 train_acc=0.121 | val_loss=1.8228 val_acc=0.000
      ep01 train_loss=1.1641 train_acc=0.339 | val_loss=1.8753 val_acc=0.000
      [unfreeze] backbone unfrozen at epoch 2
      ep02 train_loss=1.0820 train_acc=0.356 | val_loss=2.6469 val_acc=0.000
      ep03 train_loss=0.9136 train_acc=0.427 | val_loss=2.9946 val_acc=0.000
      ep04 train_loss=0.8023 train_acc=0.485 | val_loss=1.9874 val_acc=0.143
      ep05 train_loss=0.7249 train_acc=0.536 | val_loss=1.6966 val_acc=0.143
      ep06 train_loss=0.5892 train_acc=0.582 | val_loss=3.4068 val_acc=0.000
      ep07 train_loss=0.5659 train_acc=0.603 | val_loss=1.5265 val_acc=0.286
      ep08 train_loss=0.3902 train_acc=0.640 | val_loss=1.9809 val_acc=0.286
      ep09 train_loss=0.4044 train_acc=0.678 | val_loss=2.8138 val_acc=0.143
      ep10 train_loss=0.3236 train_acc=0.686 | val_loss=5.0270 val_acc=0.000
      ep11 train_loss=0.2507 train_acc=0.749 | val_loss=3.5824 val_acc=0.143
      ep12 train_loss=0.2241 train_acc=0.762 | val_loss=3.9409 val_acc=0.000
      ep13 train_loss=0.1689 train_acc=0.820 | val_loss=4.1902 val_acc=0.000
      ep14 train_loss=0.1311 train_acc=0.841 | val_loss=4.4830 val_acc=0.000
      ep15 train_loss=0.0886 train_acc=0.874 | val_loss=5.4697 val_acc=0.000
      ep16 train_loss=0.0869 train_acc=0.874 | val_loss=6.7560 val_acc=0.000
      ep17 train_loss=0.0910 train_acc=0.874 | val_loss=6.0089 val_acc=0.000
      ep18 train_loss=0.1478 train_acc=0.870 | val_loss=6.9495 val_acc=0.000
      ep19 train_loss=0.0937 train_acc=0.874 | val_loss=5.1748 val_acc=0.000
      ep20 train_loss=0.0697 train_acc=0.916 | val_loss=5.5572 val_acc=0.000
      ep21 train_loss=0.0403 train_acc=0.941 | val_loss=5.5949 val_acc=0.000
      ep22 train_loss=0.0555 train_acc=0.941 | val_loss=5.7330 val_acc=0.000
      ep23 train_loss=0.0647 train_acc=0.908 | val_loss=5.7246 val_acc=0.000
    fold acc=0.000 time=2422.8s | running pooled acc=0.345

--- Fold 4/26 | test sub04 (5 test, 241 train) ---
      ep00 train_loss=1.2252 train_acc=0.149 | val_loss=1.6933 val_acc=0.000
      ep01 train_loss=1.1940 train_acc=0.286 | val_loss=1.6791 val_acc=0.000
      [unfreeze] backbone unfrozen at epoch 2
      ep02 train_loss=1.1528 train_acc=0.315 | val_loss=1.4840 val_acc=0.000
      ep03 train_loss=1.0099 train_acc=0.361 | val_loss=2.0369 val_acc=0.000
      ep04 train_loss=1.0102 train_acc=0.398 | val_loss=2.0815 val_acc=0.000
      ep05 train_loss=0.9298 train_acc=0.448 | val_loss=0.8157 val_acc=0.600
      ep06 train_loss=0.7199 train_acc=0.506 | val_loss=1.1566 val_acc=0.600
      ep07 train_loss=0.9066 train_acc=0.485 | val_loss=1.6654 val_acc=0.000
      ep08 train_loss=0.5906 train_acc=0.610 | val_loss=0.9090 val_acc=0.400
      ep09 train_loss=0.5688 train_acc=0.610 | val_loss=0.8345 val_acc=0.400
      ep10 train_loss=0.4280 train_acc=0.676 | val_loss=0.7152 val_acc=0.800
      ep11 train_loss=0.5537 train_acc=0.647 | val_loss=0.8457 val_acc=0.600
      ep12 train_loss=0.3723 train_acc=0.680 | val_loss=0.6940 val_acc=0.800
      ep13 train_loss=0.2311 train_acc=0.793 | val_loss=0.9670 val_acc=0.400
      ep14 train_loss=0.2358 train_acc=0.763 | val_loss=1.0067 val_acc=0.400
      ep15 train_loss=0.2423 train_acc=0.751 | val_loss=0.5402 val_acc=0.800
      ep16 train_loss=0.1625 train_acc=0.842 | val_loss=0.5832 val_acc=0.600
      ep17 train_loss=0.3187 train_acc=0.809 | val_loss=0.5477 val_acc=0.800
      ep18 train_loss=0.1784 train_acc=0.846 | val_loss=0.5958 val_acc=0.600
      ep19 train_loss=0.1282 train_acc=0.859 | val_loss=0.5075 val_acc=0.800
      ep20 train_loss=0.1081 train_acc=0.880 | val_loss=0.5171 val_acc=0.800
      ep21 train_loss=0.1156 train_acc=0.888 | val_loss=0.5555 val_acc=1.000
      ep22 train_loss=0.1113 train_acc=0.909 | val_loss=0.5471 val_acc=1.000
      ep23 train_loss=0.1120 train_acc=0.871 | val_loss=0.5501 val_acc=1.000
    fold acc=1.000 time=2437.2s | running pooled acc=0.441

--- Fold 5/26 | test sub05 (19 test, 227 train) ---
      ep00 train_loss=1.2595 train_acc=0.123 | val_loss=1.6431 val_acc=0.211
      ep01 train_loss=1.2259 train_acc=0.247 | val_loss=1.7684 val_acc=0.000
      [unfreeze] backbone unfrozen at epoch 2
      ep02 train_loss=1.1928 train_acc=0.304 | val_loss=2.1428 val_acc=0.000
      ep03 train_loss=0.9734 train_acc=0.401 | val_loss=1.6717 val_acc=0.368
      ep04 train_loss=0.9011 train_acc=0.449 | val_loss=2.0461 val_acc=0.000
      ep05 train_loss=0.8863 train_acc=0.454 | val_loss=2.5287 val_acc=0.105
      ep06 train_loss=0.6691 train_acc=0.586 | val_loss=2.0681 val_acc=0.579
      ep07 train_loss=0.5375 train_acc=0.595 | val_loss=1.9990 val_acc=0.526
      ep08 train_loss=0.4708 train_acc=0.608 | val_loss=1.7946 val_acc=0.526
      ep09 train_loss=0.5757 train_acc=0.608 | val_loss=1.9119 val_acc=0.368
      ep10 train_loss=0.3670 train_acc=0.670 | val_loss=2.2531 val_acc=0.158
      ep11 train_loss=0.4299 train_acc=0.661 | val_loss=1.7896 val_acc=0.474
      ep12 train_loss=0.2690 train_acc=0.767 | val_loss=1.9805 val_acc=0.474
      ep13 train_loss=0.1862 train_acc=0.819 | val_loss=1.9640 val_acc=0.632
      ep14 train_loss=0.1704 train_acc=0.846 | val_loss=2.3626 val_acc=0.632
      ep15 train_loss=0.1232 train_acc=0.868 | val_loss=2.5914 val_acc=0.421
      ep16 train_loss=0.1187 train_acc=0.850 | val_loss=2.1037 val_acc=0.474
      ep17 train_loss=0.1054 train_acc=0.890 | val_loss=2.3662 val_acc=0.526
      ep18 train_loss=0.0913 train_acc=0.907 | val_loss=2.1869 val_acc=0.474
      ep19 train_loss=0.0759 train_acc=0.907 | val_loss=2.3698 val_acc=0.474
      ep20 train_loss=0.0596 train_acc=0.938 | val_loss=2.3047 val_acc=0.526
      ep21 train_loss=0.0592 train_acc=0.930 | val_loss=2.3247 val_acc=0.526
      ep22 train_loss=0.0537 train_acc=0.947 | val_loss=2.3293 val_acc=0.526
      ep23 train_loss=0.0454 train_acc=0.952 | val_loss=2.3272 val_acc=0.526
    fold acc=0.526 time=2357.5s | running pooled acc=0.472

--- Fold 6/26 | test sub06 (5 test, 241 train) ---
      ep00 train_loss=1.2218 train_acc=0.158 | val_loss=1.6163 val_acc=0.400
      ep01 train_loss=1.2023 train_acc=0.270 | val_loss=1.4991 val_acc=0.200
      [unfreeze] backbone unfrozen at epoch 2
      ep02 train_loss=1.1370 train_acc=0.349 | val_loss=1.3066 val_acc=0.400
      ep03 train_loss=0.9549 train_acc=0.398 | val_loss=1.6676 val_acc=0.200
      ep04 train_loss=1.0283 train_acc=0.398 | val_loss=1.7735 val_acc=0.400
      ep05 train_loss=0.8365 train_acc=0.465 | val_loss=1.3015 val_acc=0.600
      ep06 train_loss=0.6709 train_acc=0.498 | val_loss=1.4189 val_acc=0.400
      ep07 train_loss=0.5637 train_acc=0.568 | val_loss=1.6294 val_acc=0.200
      ep08 train_loss=0.3747 train_acc=0.660 | val_loss=1.5318 val_acc=0.400
      ep09 train_loss=0.4293 train_acc=0.635 | val_loss=1.7027 val_acc=0.200
      ep10 train_loss=0.2839 train_acc=0.722 | val_loss=1.9951 val_acc=0.200
      ep11 train_loss=0.5517 train_acc=0.693 | val_loss=2.6413 val_acc=0.200
      ep12 train_loss=0.3022 train_acc=0.755 | val_loss=2.3507 val_acc=0.200
      ep13 train_loss=0.2387 train_acc=0.805 | val_loss=1.9115 val_acc=0.200
      ep14 train_loss=0.2440 train_acc=0.784 | val_loss=0.9658 val_acc=0.600
      ep15 train_loss=0.2286 train_acc=0.763 | val_loss=1.5128 val_acc=0.400
      ep16 train_loss=0.1537 train_acc=0.855 | val_loss=2.0889 val_acc=0.400
      ep17 train_loss=0.2429 train_acc=0.846 | val_loss=1.5999 val_acc=0.400
      ep18 train_loss=0.1319 train_acc=0.851 | val_loss=2.0247 val_acc=0.400
      ep19 train_loss=0.1015 train_acc=0.905 | val_loss=1.7535 val_acc=0.400
      ep20 train_loss=0.0916 train_acc=0.900 | val_loss=1.9303 val_acc=0.400
      ep21 train_loss=0.0773 train_acc=0.913 | val_loss=1.9350 val_acc=0.400
      ep22 train_loss=0.0872 train_acc=0.925 | val_loss=1.9220 val_acc=0.400
      ep23 train_loss=0.0805 train_acc=0.900 | val_loss=1.9369 val_acc=0.400
    fold acc=0.400 time=2434.8s | running pooled acc=0.466

--- Fold 7/26 | test sub07 (9 test, 237 train) ---
      ep00 train_loss=1.2773 train_acc=0.122 | val_loss=1.4626 val_acc=0.444
      ep01 train_loss=1.1971 train_acc=0.198 | val_loss=1.3943 val_acc=0.111
      [unfreeze] backbone unfrozen at epoch 2
      ep02 train_loss=1.3054 train_acc=0.308 | val_loss=2.0142 val_acc=0.000
      ep03 train_loss=1.0998 train_acc=0.380 | val_loss=2.1983 val_acc=0.000
      ep04 train_loss=0.9399 train_acc=0.435 | val_loss=2.5133 val_acc=0.000
      ep05 train_loss=1.0244 train_acc=0.443 | val_loss=3.6472 val_acc=0.000
      ep06 train_loss=0.7674 train_acc=0.506 | val_loss=2.0937 val_acc=0.333
      ep07 train_loss=0.5043 train_acc=0.624 | val_loss=2.4540 val_acc=0.444
      ep08 train_loss=0.4904 train_acc=0.595 | val_loss=2.9819 val_acc=0.000
      ep09 train_loss=0.3970 train_acc=0.654 | val_loss=2.7298 val_acc=0.444
      ep10 train_loss=0.3306 train_acc=0.747 | val_loss=3.0103 val_acc=0.333
      ep11 train_loss=0.2237 train_acc=0.789 | val_loss=3.1506 val_acc=0.444
      ep12 train_loss=0.1951 train_acc=0.827 | val_loss=2.7196 val_acc=0.444
      ep13 train_loss=0.2528 train_acc=0.734 | val_loss=3.8553 val_acc=0.444
      ep14 train_loss=0.1954 train_acc=0.810 | val_loss=3.2465 val_acc=0.444
      ep15 train_loss=0.1602 train_acc=0.823 | val_loss=3.6369 val_acc=0.444
      ep16 train_loss=0.1311 train_acc=0.848 | val_loss=3.7711 val_acc=0.444
      ep17 train_loss=0.1186 train_acc=0.869 | val_loss=3.6956 val_acc=0.444
      ep18 train_loss=0.0649 train_acc=0.937 | val_loss=3.6133 val_acc=0.444
      ep19 train_loss=0.0731 train_acc=0.903 | val_loss=3.6087 val_acc=0.444
      ep20 train_loss=0.0680 train_acc=0.924 | val_loss=3.7553 val_acc=0.444
      ep21 train_loss=0.0512 train_acc=0.949 | val_loss=3.7536 val_acc=0.444
      ep22 train_loss=0.0507 train_acc=0.954 | val_loss=3.7629 val_acc=0.444
      ep23 train_loss=0.0799 train_acc=0.924 | val_loss=3.7543 val_acc=0.444
    fold acc=0.444 time=2411.1s | running pooled acc=0.463

--- Fold 8/26 | test sub08 (3 test, 243 train) ---
      ep00 train_loss=1.2413 train_acc=0.128 | val_loss=1.8755 val_acc=0.000
      ep01 train_loss=1.1683 train_acc=0.300 | val_loss=1.6271 val_acc=0.000
      [unfreeze] backbone unfrozen at epoch 2
      ep02 train_loss=1.1866 train_acc=0.284 | val_loss=2.5014 val_acc=0.000
      ep03 train_loss=1.0771 train_acc=0.329 | val_loss=1.5748 val_acc=0.333
      ep04 train_loss=0.8351 train_acc=0.457 | val_loss=1.4868 val_acc=0.667
      ep05 train_loss=0.7728 train_acc=0.502 | val_loss=1.8319 val_acc=0.000
      ep06 train_loss=0.6167 train_acc=0.506 | val_loss=1.3681 val_acc=0.667
      ep07 train_loss=0.6333 train_acc=0.531 | val_loss=2.9320 val_acc=0.000
      ep08 train_loss=0.5514 train_acc=0.617 | val_loss=2.6501 val_acc=0.667
      ep09 train_loss=0.4642 train_acc=0.646 | val_loss=1.5291 val_acc=0.667
      ep10 train_loss=0.3155 train_acc=0.745 | val_loss=1.2389 val_acc=0.667
      ep11 train_loss=0.3624 train_acc=0.704 | val_loss=1.8091 val_acc=0.667
      ep12 train_loss=0.3068 train_acc=0.724 | val_loss=2.3881 val_acc=0.667
      ep13 train_loss=0.2846 train_acc=0.774 | val_loss=1.7876 val_acc=0.667
      ep14 train_loss=0.1957 train_acc=0.807 | val_loss=2.0820 val_acc=0.667
      ep15 train_loss=0.2072 train_acc=0.815 | val_loss=2.0032 val_acc=0.667
      ep16 train_loss=0.1292 train_acc=0.852 | val_loss=2.0148 val_acc=0.667
      ep17 train_loss=0.0931 train_acc=0.901 | val_loss=1.7629 val_acc=0.667
      ep18 train_loss=0.0962 train_acc=0.905 | val_loss=1.9424 val_acc=0.667
      ep19 train_loss=0.0741 train_acc=0.914 | val_loss=1.8319 val_acc=0.667
      ep20 train_loss=0.0691 train_acc=0.926 | val_loss=1.8688 val_acc=0.667
      ep21 train_loss=0.0695 train_acc=0.934 | val_loss=1.7987 val_acc=0.667
      ep22 train_loss=0.0464 train_acc=0.951 | val_loss=1.8089 val_acc=0.667
      ep23 train_loss=0.0599 train_acc=0.955 | val_loss=1.8243 val_acc=0.667
    fold acc=0.667 time=2444.4s | running pooled acc=0.471

--- Fold 9/26 | test sub09 (13 test, 233 train) ---
      ep00 train_loss=1.2408 train_acc=0.086 | val_loss=1.6064 val_acc=0.154
      ep01 train_loss=1.1070 train_acc=0.322 | val_loss=1.7952 val_acc=0.000
      [unfreeze] backbone unfrozen at epoch 2
      ep02 train_loss=1.0979 train_acc=0.339 | val_loss=1.7715 val_acc=0.077
      ep03 train_loss=1.1311 train_acc=0.361 | val_loss=1.9326 val_acc=0.385
      ep04 train_loss=0.9462 train_acc=0.438 | val_loss=3.4973 val_acc=0.000
      ep05 train_loss=0.8505 train_acc=0.459 | val_loss=2.8820 val_acc=0.077
      ep06 train_loss=0.5163 train_acc=0.571 | val_loss=4.4456 val_acc=0.000
      ep07 train_loss=0.7647 train_acc=0.511 | val_loss=2.4533 val_acc=0.231
      ep08 train_loss=0.5234 train_acc=0.605 | val_loss=3.1813 val_acc=0.231
      ep09 train_loss=0.4855 train_acc=0.631 | val_loss=3.4808 val_acc=0.154
      ep10 train_loss=0.3020 train_acc=0.708 | val_loss=3.4335 val_acc=0.231
      ep11 train_loss=0.2179 train_acc=0.760 | val_loss=4.4810 val_acc=0.077
      ep12 train_loss=0.2562 train_acc=0.781 | val_loss=4.4397 val_acc=0.077
      ep13 train_loss=0.1820 train_acc=0.815 | val_loss=4.8859 val_acc=0.077
      ep14 train_loss=0.1882 train_acc=0.824 | val_loss=5.2590 val_acc=0.077
      ep15 train_loss=0.1386 train_acc=0.854 | val_loss=4.7883 val_acc=0.077
      ep16 train_loss=0.1718 train_acc=0.811 | val_loss=4.1529 val_acc=0.077
      ep17 train_loss=0.1631 train_acc=0.841 | val_loss=4.5910 val_acc=0.077
      ep18 train_loss=0.1112 train_acc=0.858 | val_loss=5.5149 val_acc=0.077
      ep19 train_loss=0.0724 train_acc=0.910 | val_loss=5.0776 val_acc=0.077
      ep20 train_loss=0.0684 train_acc=0.914 | val_loss=5.3300 val_acc=0.077
      ep21 train_loss=0.0918 train_acc=0.901 | val_loss=5.2143 val_acc=0.077
      ep22 train_loss=0.0795 train_acc=0.910 | val_loss=5.2788 val_acc=0.077
      ep23 train_loss=0.0704 train_acc=0.910 | val_loss=5.2820 val_acc=0.077
    fold acc=0.077 time=2387.2s | running pooled acc=0.410

--- Fold 10/26 | test sub10 (13 test, 233 train) ---
      ep00 train_loss=1.2589 train_acc=0.103 | val_loss=1.6624 val_acc=0.000
      ep01 train_loss=1.1256 train_acc=0.270 | val_loss=1.9236 val_acc=0.000
      [unfreeze] backbone unfrozen at epoch 2
      ep02 train_loss=1.0642 train_acc=0.313 | val_loss=1.4663 val_acc=0.000
      ep03 train_loss=1.1656 train_acc=0.352 | val_loss=1.1566 val_acc=0.462
      ep04 train_loss=1.1127 train_acc=0.382 | val_loss=3.4561 val_acc=0.000
      ep05 train_loss=0.8762 train_acc=0.446 | val_loss=1.3620 val_acc=0.077
      ep06 train_loss=0.5774 train_acc=0.575 | val_loss=1.7945 val_acc=0.000
      ep07 train_loss=0.8264 train_acc=0.506 | val_loss=2.7247 val_acc=0.000
      ep08 train_loss=0.6075 train_acc=0.554 | val_loss=2.9517 val_acc=0.000
      ep09 train_loss=0.4948 train_acc=0.627 | val_loss=1.6302 val_acc=0.154
      ep10 train_loss=0.3229 train_acc=0.712 | val_loss=3.0145 val_acc=0.000
      ep11 train_loss=0.2507 train_acc=0.747 | val_loss=2.4489 val_acc=0.077
      ep12 train_loss=0.2727 train_acc=0.747 | val_loss=2.6630 val_acc=0.077
      ep13 train_loss=0.2095 train_acc=0.777 | val_loss=3.8461 val_acc=0.000
      ep14 train_loss=0.2370 train_acc=0.794 | val_loss=1.5859 val_acc=0.154
      ep15 train_loss=0.1616 train_acc=0.815 | val_loss=2.2147 val_acc=0.154
      ep16 train_loss=0.1513 train_acc=0.828 | val_loss=4.1301 val_acc=0.000
      ep17 train_loss=0.1200 train_acc=0.863 | val_loss=3.6921 val_acc=0.000
      ep18 train_loss=0.1212 train_acc=0.833 | val_loss=2.5357 val_acc=0.154
      ep19 train_loss=0.0844 train_acc=0.910 | val_loss=2.6379 val_acc=0.077
      ep20 train_loss=0.0860 train_acc=0.884 | val_loss=2.8141 val_acc=0.077
      ep21 train_loss=0.0906 train_acc=0.906 | val_loss=3.1259 val_acc=0.000
      ep22 train_loss=0.0752 train_acc=0.910 | val_loss=3.0081 val_acc=0.000
      ep23 train_loss=0.0746 train_acc=0.906 | val_loss=3.0491 val_acc=0.000
    fold acc=0.000 time=2387.0s | running pooled acc=0.354

--- Fold 11/26 | test sub11 (10 test, 236 train) ---
      ep00 train_loss=1.2400 train_acc=0.119 | val_loss=1.8428 val_acc=0.100
      ep01 train_loss=1.2024 train_acc=0.267 | val_loss=2.1840 val_acc=0.000
      [unfreeze] backbone unfrozen at epoch 2
      ep02 train_loss=1.2770 train_acc=0.263 | val_loss=1.8149 val_acc=0.000
      ep03 train_loss=0.9017 train_acc=0.415 | val_loss=1.3120 val_acc=0.100
      ep04 train_loss=0.8991 train_acc=0.441 | val_loss=1.3237 val_acc=0.500
      ep05 train_loss=0.7654 train_acc=0.496 | val_loss=1.5976 val_acc=0.200
      ep06 train_loss=0.7170 train_acc=0.492 | val_loss=1.6767 val_acc=0.000
      ep07 train_loss=0.5826 train_acc=0.585 | val_loss=0.7181 val_acc=0.800
      ep08 train_loss=0.6321 train_acc=0.547 | val_loss=1.0278 val_acc=0.600
      ep09 train_loss=0.3571 train_acc=0.674 | val_loss=0.6985 val_acc=0.700
      ep10 train_loss=0.3883 train_acc=0.682 | val_loss=0.8081 val_acc=0.600
      ep11 train_loss=0.2583 train_acc=0.758 | val_loss=0.8172 val_acc=0.600
      ep12 train_loss=0.2658 train_acc=0.792 | val_loss=1.0252 val_acc=0.500
      ep13 train_loss=0.2901 train_acc=0.750 | val_loss=1.2296 val_acc=0.400
      ep14 train_loss=0.1840 train_acc=0.797 | val_loss=1.0350 val_acc=0.500
      ep15 train_loss=0.1209 train_acc=0.881 | val_loss=0.7439 val_acc=0.600
      ep16 train_loss=0.1129 train_acc=0.890 | val_loss=0.7354 val_acc=0.800
      ep17 train_loss=0.0943 train_acc=0.894 | val_loss=0.5969 val_acc=0.700
      ep18 train_loss=0.0947 train_acc=0.886 | val_loss=0.6977 val_acc=0.600
      ep19 train_loss=0.0570 train_acc=0.924 | val_loss=0.5972 val_acc=0.800
      ep20 train_loss=0.0776 train_acc=0.928 | val_loss=0.6701 val_acc=0.700
      ep21 train_loss=0.0530 train_acc=0.932 | val_loss=0.6330 val_acc=0.700
      ep22 train_loss=0.0587 train_acc=0.941 | val_loss=0.6168 val_acc=0.700
      ep23 train_loss=0.0682 train_acc=0.919 | val_loss=0.6147 val_acc=0.700
    fold acc=0.600 time=2404.4s | running pooled acc=0.377

--- Fold 12/26 | test sub12 (12 test, 234 train) ---
      ep00 train_loss=1.2606 train_acc=0.115 | val_loss=1.7086 val_acc=0.083
      ep01 train_loss=1.1303 train_acc=0.291 | val_loss=1.8095 val_acc=0.083
      [unfreeze] backbone unfrozen at epoch 2
      ep02 train_loss=1.0575 train_acc=0.359 | val_loss=1.7046 val_acc=0.333
      ep03 train_loss=1.0206 train_acc=0.402 | val_loss=1.7616 val_acc=0.333
      ep04 train_loss=0.9425 train_acc=0.380 | val_loss=2.7427 val_acc=0.000
      ep05 train_loss=1.0112 train_acc=0.440 | val_loss=2.5899 val_acc=0.167
      ep06 train_loss=0.8514 train_acc=0.513 | val_loss=2.1809 val_acc=0.167
      ep07 train_loss=0.5052 train_acc=0.611 | val_loss=2.4380 val_acc=0.333
      ep08 train_loss=0.4137 train_acc=0.615 | val_loss=2.8794 val_acc=0.250
      ep09 train_loss=0.4363 train_acc=0.675 | val_loss=2.3596 val_acc=0.167
      ep10 train_loss=0.3930 train_acc=0.697 | val_loss=2.4254 val_acc=0.083
      ep11 train_loss=0.2914 train_acc=0.718 | val_loss=2.8577 val_acc=0.500
      ep12 train_loss=0.2252 train_acc=0.769 | val_loss=2.4970 val_acc=0.417
      ep13 train_loss=0.2913 train_acc=0.739 | val_loss=2.6408 val_acc=0.417
      ep14 train_loss=0.2193 train_acc=0.769 | val_loss=2.9293 val_acc=0.417
      ep15 train_loss=0.1996 train_acc=0.821 | val_loss=3.2235 val_acc=0.333
      ep16 train_loss=0.1254 train_acc=0.842 | val_loss=2.8898 val_acc=0.417
      ep17 train_loss=0.1088 train_acc=0.846 | val_loss=3.2705 val_acc=0.333
      ep18 train_loss=0.0909 train_acc=0.893 | val_loss=3.0926 val_acc=0.333
      ep19 train_loss=0.0933 train_acc=0.885 | val_loss=3.0016 val_acc=0.333
      ep20 train_loss=0.0796 train_acc=0.897 | val_loss=3.0856 val_acc=0.417
      ep21 train_loss=0.0825 train_acc=0.902 | val_loss=2.9870 val_acc=0.417
      ep22 train_loss=0.0677 train_acc=0.940 | val_loss=2.9675 val_acc=0.417
      ep23 train_loss=0.0714 train_acc=0.932 | val_loss=2.9852 val_acc=0.417
    fold acc=0.417 time=2395.1s | running pooled acc=0.381

--- Fold 13/26 | test sub13 (8 test, 238 train) ---
      ep00 train_loss=1.2239 train_acc=0.126 | val_loss=1.5459 val_acc=0.000
      ep01 train_loss=1.1927 train_acc=0.261 | val_loss=1.2613 val_acc=0.750
      [unfreeze] backbone unfrozen at epoch 2
      ep02 train_loss=1.0752 train_acc=0.303 | val_loss=1.2248 val_acc=0.250
      ep03 train_loss=0.9391 train_acc=0.429 | val_loss=2.5433 val_acc=0.000
      ep04 train_loss=0.9050 train_acc=0.445 | val_loss=1.3569 val_acc=0.375
      ep05 train_loss=0.6815 train_acc=0.550 | val_loss=1.7511 val_acc=0.250
      ep06 train_loss=0.6351 train_acc=0.542 | val_loss=3.2993 val_acc=0.000
      ep07 train_loss=0.5555 train_acc=0.542 | val_loss=1.8525 val_acc=0.250
      ep08 train_loss=0.5492 train_acc=0.580 | val_loss=0.9227 val_acc=0.750
      ep09 train_loss=0.4924 train_acc=0.664 | val_loss=2.0302 val_acc=0.125
      ep10 train_loss=0.4046 train_acc=0.668 | val_loss=3.2684 val_acc=0.000
      ep11 train_loss=0.2667 train_acc=0.739 | val_loss=1.5504 val_acc=0.250
      ep12 train_loss=0.2229 train_acc=0.786 | val_loss=1.5545 val_acc=0.375
      ep13 train_loss=0.1738 train_acc=0.794 | val_loss=1.2762 val_acc=0.375
      ep14 train_loss=0.1596 train_acc=0.857 | val_loss=1.8450 val_acc=0.250
      ep15 train_loss=0.1354 train_acc=0.824 | val_loss=1.9938 val_acc=0.375
      ep16 train_loss=0.1143 train_acc=0.849 | val_loss=1.2963 val_acc=0.250
      ep17 train_loss=0.1151 train_acc=0.874 | val_loss=1.8783 val_acc=0.375
      ep18 train_loss=0.0743 train_acc=0.929 | val_loss=2.0185 val_acc=0.375
      ep19 train_loss=0.0699 train_acc=0.908 | val_loss=1.7983 val_acc=0.375
      ep20 train_loss=0.0873 train_acc=0.895 | val_loss=1.8749 val_acc=0.375
      ep21 train_loss=0.0887 train_acc=0.899 | val_loss=1.7453 val_acc=0.375
      ep22 train_loss=0.0726 train_acc=0.929 | val_loss=1.6627 val_acc=0.375
      ep23 train_loss=0.0737 train_acc=0.899 | val_loss=1.6882 val_acc=0.375
    fold acc=0.375 time=2457.5s | running pooled acc=0.381

--- Fold 14/26 | test sub14 (4 test, 242 train) ---
      ep00 train_loss=1.2209 train_acc=0.107 | val_loss=1.7279 val_acc=0.000
      ep01 train_loss=1.2246 train_acc=0.244 | val_loss=2.0231 val_acc=0.250
      [unfreeze] backbone unfrozen at epoch 2
      ep02 train_loss=1.2437 train_acc=0.331 | val_loss=1.4309 val_acc=0.000
      ep03 train_loss=1.1151 train_acc=0.364 | val_loss=1.2030 val_acc=0.750
      ep04 train_loss=0.8992 train_acc=0.434 | val_loss=1.6327 val_acc=0.000
      ep05 train_loss=0.8378 train_acc=0.446 | val_loss=0.9660 val_acc=0.750
      ep06 train_loss=0.6716 train_acc=0.512 | val_loss=1.1332 val_acc=0.500
      ep07 train_loss=0.7035 train_acc=0.562 | val_loss=1.2685 val_acc=0.500
      ep08 train_loss=0.5672 train_acc=0.579 | val_loss=3.3570 val_acc=0.000
      ep09 train_loss=0.3957 train_acc=0.657 | val_loss=1.0062 val_acc=0.500
      ep10 train_loss=0.3366 train_acc=0.711 | val_loss=1.0900 val_acc=0.500
      ep11 train_loss=0.3553 train_acc=0.731 | val_loss=1.3969 val_acc=0.250
      ep12 train_loss=0.2290 train_acc=0.781 | val_loss=1.1943 val_acc=0.500
      ep13 train_loss=0.2332 train_acc=0.748 | val_loss=1.9811 val_acc=0.000
      ep14 train_loss=0.1300 train_acc=0.839 | val_loss=1.1613 val_acc=0.750
      ep15 train_loss=0.1558 train_acc=0.826 | val_loss=1.8191 val_acc=0.000
      ep16 train_loss=0.0873 train_acc=0.897 | val_loss=1.4261 val_acc=0.500
      ep17 train_loss=0.0949 train_acc=0.893 | val_loss=1.5818 val_acc=0.250
      ep18 train_loss=0.0720 train_acc=0.917 | val_loss=1.7246 val_acc=0.250
      ep19 train_loss=0.0628 train_acc=0.909 | val_loss=2.0130 val_acc=0.000
      ep20 train_loss=0.0575 train_acc=0.930 | val_loss=1.5747 val_acc=0.250
      ep21 train_loss=0.0585 train_acc=0.926 | val_loss=1.6932 val_acc=0.250
      ep22 train_loss=0.0508 train_acc=0.959 | val_loss=1.6381 val_acc=0.250
      ep23 train_loss=0.0433 train_acc=0.959 | val_loss=1.6232 val_acc=0.250
    fold acc=0.000 time=2568.7s | running pooled acc=0.369

--- Fold 15/26 | test sub15 (3 test, 243 train) ---
      ep00 train_loss=1.2542 train_acc=0.123 | val_loss=1.6142 val_acc=0.333
      ep01 train_loss=1.1549 train_acc=0.296 | val_loss=1.6412 val_acc=0.000
      [unfreeze] backbone unfrozen at epoch 2
      ep02 train_loss=1.0916 train_acc=0.358 | val_loss=1.4149 val_acc=0.333
      ep03 train_loss=0.9427 train_acc=0.412 | val_loss=1.8974 val_acc=0.333
      ep04 train_loss=0.7778 train_acc=0.481 | val_loss=1.9150 val_acc=0.333
      ep05 train_loss=0.8651 train_acc=0.486 | val_loss=1.9676 val_acc=0.333
      ep06 train_loss=0.6444 train_acc=0.514 | val_loss=2.1716 val_acc=0.333
      ep07 train_loss=0.6316 train_acc=0.523 | val_loss=1.5481 val_acc=0.333
      ep08 train_loss=0.5447 train_acc=0.601 | val_loss=3.1306 val_acc=0.000
      ep09 train_loss=0.4419 train_acc=0.642 | val_loss=2.5657 val_acc=0.000
      ep10 train_loss=0.2875 train_acc=0.757 | val_loss=3.3090 val_acc=0.000
      ep11 train_loss=0.2855 train_acc=0.737 | val_loss=2.8634 val_acc=0.000
      ep12 train_loss=0.2091 train_acc=0.798 | val_loss=2.2680 val_acc=0.000
      ep13 train_loss=0.1894 train_acc=0.802 | val_loss=3.4954 val_acc=0.000
      ep14 train_loss=0.1274 train_acc=0.860 | val_loss=3.7757 val_acc=0.000
      ep15 train_loss=0.1352 train_acc=0.831 | val_loss=3.7529 val_acc=0.000
      ep16 train_loss=0.1049 train_acc=0.872 | val_loss=3.6127 val_acc=0.000
      ep17 train_loss=0.0739 train_acc=0.905 | val_loss=3.9063 val_acc=0.000
      ep18 train_loss=0.0779 train_acc=0.901 | val_loss=4.1098 val_acc=0.000
      ep19 train_loss=0.0534 train_acc=0.947 | val_loss=4.1016 val_acc=0.000
      ep20 train_loss=0.0688 train_acc=0.934 | val_loss=3.8241 val_acc=0.000
      ep21 train_loss=0.0550 train_acc=0.942 | val_loss=3.9649 val_acc=0.000
      ep22 train_loss=0.0459 train_acc=0.959 | val_loss=3.9811 val_acc=0.000
      ep23 train_loss=0.0484 train_acc=0.934 | val_loss=4.0177 val_acc=0.000
    fold acc=0.000 time=2604.7s | running pooled acc=0.361

--- Fold 16/26 | test sub16 (4 test, 242 train) ---
      ep00 train_loss=1.2503 train_acc=0.099 | val_loss=1.5427 val_acc=0.500
      ep01 train_loss=1.2334 train_acc=0.231 | val_loss=2.1814 val_acc=0.250
      [unfreeze] backbone unfrozen at epoch 2
      ep02 train_loss=1.2700 train_acc=0.318 | val_loss=1.9506 val_acc=0.000
      ep03 train_loss=1.1565 train_acc=0.298 | val_loss=1.8691 val_acc=0.500
      ep04 train_loss=0.9243 train_acc=0.417 | val_loss=2.6703 val_acc=0.000
      ep05 train_loss=0.8533 train_acc=0.463 | val_loss=2.1994 val_acc=0.250
      ep06 train_loss=0.6684 train_acc=0.512 | val_loss=2.7765 val_acc=0.000
      ep07 train_loss=0.7754 train_acc=0.483 | val_loss=3.9001 val_acc=0.000
      ep08 train_loss=0.7042 train_acc=0.562 | val_loss=3.2005 val_acc=0.000
      ep09 train_loss=0.5140 train_acc=0.603 | val_loss=3.0655 val_acc=0.000
      ep10 train_loss=0.3450 train_acc=0.707 | val_loss=2.5254 val_acc=0.500
      ep11 train_loss=0.3574 train_acc=0.690 | val_loss=2.5164 val_acc=0.250
      ep12 train_loss=0.2557 train_acc=0.760 | val_loss=2.3720 val_acc=0.500
      ep13 train_loss=0.2735 train_acc=0.740 | val_loss=2.3930 val_acc=0.500
      ep14 train_loss=0.1995 train_acc=0.798 | val_loss=2.4919 val_acc=0.500
      ep15 train_loss=0.1743 train_acc=0.826 | val_loss=2.9160 val_acc=0.250
      ep16 train_loss=0.1118 train_acc=0.868 | val_loss=2.7659 val_acc=0.500
      ep17 train_loss=0.1150 train_acc=0.839 | val_loss=2.7121 val_acc=0.500
      ep18 train_loss=0.1087 train_acc=0.913 | val_loss=2.4849 val_acc=0.500
      ep19 train_loss=0.1121 train_acc=0.893 | val_loss=2.5401 val_acc=0.500
      ep20 train_loss=0.0809 train_acc=0.913 | val_loss=2.6324 val_acc=0.500
      ep21 train_loss=0.0929 train_acc=0.905 | val_loss=2.6259 val_acc=0.500
      ep22 train_loss=0.0916 train_acc=0.934 | val_loss=2.6337 val_acc=0.500
      ep23 train_loss=0.0734 train_acc=0.917 | val_loss=2.6330 val_acc=0.500
    fold acc=0.500 time=2536.3s | running pooled acc=0.365

--- Fold 17/26 | test sub17 (34 test, 212 train) ---
      ep00 train_loss=1.2823 train_acc=0.104 | val_loss=1.7122 val_acc=0.176
      ep01 train_loss=1.1802 train_acc=0.283 | val_loss=1.7743 val_acc=0.206
      [unfreeze] backbone unfrozen at epoch 2
      ep02 train_loss=1.0733 train_acc=0.250 | val_loss=1.5226 val_acc=0.235
      ep03 train_loss=1.0043 train_acc=0.425 | val_loss=2.4941 val_acc=0.206
      ep04 train_loss=0.8174 train_acc=0.476 | val_loss=2.4389 val_acc=0.206
      ep05 train_loss=0.7755 train_acc=0.453 | val_loss=2.0825 val_acc=0.176
      ep06 train_loss=0.7402 train_acc=0.514 | val_loss=1.6022 val_acc=0.265
      ep07 train_loss=0.7835 train_acc=0.580 | val_loss=2.7424 val_acc=0.176
      ep08 train_loss=0.6372 train_acc=0.528 | val_loss=1.7938 val_acc=0.206
      ep09 train_loss=0.4219 train_acc=0.632 | val_loss=1.8190 val_acc=0.265
      ep10 train_loss=0.3315 train_acc=0.708 | val_loss=2.0858 val_acc=0.265
      ep11 train_loss=0.2490 train_acc=0.731 | val_loss=2.4316 val_acc=0.353
      ep12 train_loss=0.2698 train_acc=0.698 | val_loss=2.8596 val_acc=0.265
      ep13 train_loss=0.2293 train_acc=0.750 | val_loss=2.8790 val_acc=0.294
      ep14 train_loss=0.1865 train_acc=0.797 | val_loss=2.5871 val_acc=0.294
      ep15 train_loss=0.1371 train_acc=0.844 | val_loss=2.6856 val_acc=0.235
      ep16 train_loss=0.1103 train_acc=0.882 | val_loss=2.4320 val_acc=0.294
      ep17 train_loss=0.1010 train_acc=0.892 | val_loss=2.5302 val_acc=0.265
      ep18 train_loss=0.0795 train_acc=0.887 | val_loss=2.4987 val_acc=0.235
      ep19 train_loss=0.0863 train_acc=0.849 | val_loss=2.5107 val_acc=0.235
      ep20 train_loss=0.0756 train_acc=0.910 | val_loss=2.4628 val_acc=0.235
      ep21 train_loss=0.0525 train_acc=0.934 | val_loss=2.4599 val_acc=0.235
      ep22 train_loss=0.0593 train_acc=0.906 | val_loss=2.4780 val_acc=0.235
      ep23 train_loss=0.0561 train_acc=0.934 | val_loss=2.4851 val_acc=0.235
    fold acc=0.294 time=2286.6s | running pooled acc=0.351

--- Fold 18/26 | test sub18 (3 test, 243 train) ---
      ep00 train_loss=1.2695 train_acc=0.123 | val_loss=2.0445 val_acc=0.000
      ep01 train_loss=1.1679 train_acc=0.284 | val_loss=1.5355 val_acc=0.000
      [unfreeze] backbone unfrozen at epoch 2
      ep02 train_loss=1.0785 train_acc=0.313 | val_loss=2.5394 val_acc=0.000
      ep03 train_loss=0.9789 train_acc=0.412 | val_loss=2.0597 val_acc=0.000
      ep04 train_loss=0.8258 train_acc=0.486 | val_loss=1.6156 val_acc=0.000
      ep05 train_loss=0.8463 train_acc=0.547 | val_loss=3.5057 val_acc=0.000
      ep06 train_loss=0.6368 train_acc=0.551 | val_loss=0.6147 val_acc=1.000
      ep07 train_loss=0.6417 train_acc=0.560 | val_loss=3.1902 val_acc=0.000
      ep08 train_loss=0.5080 train_acc=0.638 | val_loss=0.5596 val_acc=1.000
      ep09 train_loss=0.3987 train_acc=0.683 | val_loss=0.7365 val_acc=0.667
      ep10 train_loss=0.3319 train_acc=0.700 | val_loss=1.6955 val_acc=0.000
      ep11 train_loss=0.3271 train_acc=0.745 | val_loss=0.5079 val_acc=1.000
      ep12 train_loss=0.2588 train_acc=0.774 | val_loss=1.0486 val_acc=0.333
      ep13 train_loss=0.2319 train_acc=0.782 | val_loss=1.1758 val_acc=0.667
      ep14 train_loss=0.1931 train_acc=0.811 | val_loss=0.6117 val_acc=0.667
      ep15 train_loss=0.1777 train_acc=0.835 | val_loss=0.6995 val_acc=0.667
      ep16 train_loss=0.1167 train_acc=0.868 | val_loss=0.7896 val_acc=0.333
      ep17 train_loss=0.1050 train_acc=0.872 | val_loss=0.4928 val_acc=1.000
      ep18 train_loss=0.0981 train_acc=0.889 | val_loss=0.6745 val_acc=0.667
      ep19 train_loss=0.0750 train_acc=0.938 | val_loss=0.5697 val_acc=1.000
      ep20 train_loss=0.0918 train_acc=0.918 | val_loss=0.7957 val_acc=0.333
      ep21 train_loss=0.0703 train_acc=0.918 | val_loss=0.6839 val_acc=0.333
      ep22 train_loss=0.0697 train_acc=0.918 | val_loss=0.7036 val_acc=0.333
      ep23 train_loss=0.0808 train_acc=0.909 | val_loss=0.6826 val_acc=0.333
    fold acc=0.667 time=2463.1s | running pooled acc=0.356

--- Fold 19/26 | test sub19 (15 test, 231 train) ---
      ep00 train_loss=1.2368 train_acc=0.147 | val_loss=1.5943 val_acc=0.400
      ep01 train_loss=1.1703 train_acc=0.303 | val_loss=1.5953 val_acc=0.200
      [unfreeze] backbone unfrozen at epoch 2
      ep02 train_loss=1.0550 train_acc=0.346 | val_loss=1.6965 val_acc=0.333
      ep03 train_loss=0.9688 train_acc=0.459 | val_loss=2.0062 val_acc=0.267
      ep04 train_loss=0.9474 train_acc=0.459 | val_loss=1.4132 val_acc=0.267
      ep05 train_loss=0.6835 train_acc=0.498 | val_loss=2.5065 val_acc=0.400
      ep06 train_loss=0.6025 train_acc=0.602 | val_loss=2.0249 val_acc=0.267
      ep07 train_loss=0.6239 train_acc=0.563 | val_loss=3.2536 val_acc=0.333
      ep08 train_loss=0.5644 train_acc=0.597 | val_loss=2.2716 val_acc=0.333
      ep09 train_loss=0.4962 train_acc=0.610 | val_loss=2.9555 val_acc=0.200
      ep10 train_loss=0.6234 train_acc=0.623 | val_loss=2.1644 val_acc=0.400
      ep11 train_loss=0.3643 train_acc=0.723 | val_loss=2.7933 val_acc=0.267
      ep12 train_loss=0.3513 train_acc=0.714 | val_loss=2.8126 val_acc=0.333
      ep13 train_loss=0.2084 train_acc=0.801 | val_loss=3.0873 val_acc=0.333
      ep14 train_loss=0.1665 train_acc=0.835 | val_loss=3.1866 val_acc=0.267
      ep15 train_loss=0.1509 train_acc=0.844 | val_loss=3.6169 val_acc=0.267
      ep16 train_loss=0.1643 train_acc=0.810 | val_loss=3.4723 val_acc=0.267
      ep17 train_loss=0.1339 train_acc=0.870 | val_loss=3.4975 val_acc=0.267
      ep18 train_loss=0.1230 train_acc=0.896 | val_loss=4.0004 val_acc=0.267
      ep19 train_loss=0.0854 train_acc=0.905 | val_loss=3.4993 val_acc=0.400
      ep20 train_loss=0.0699 train_acc=0.918 | val_loss=3.6179 val_acc=0.333
      ep21 train_loss=0.0880 train_acc=0.909 | val_loss=3.7198 val_acc=0.267
      ep22 train_loss=0.0770 train_acc=0.944 | val_loss=3.8213 val_acc=0.267
      ep23 train_loss=0.0755 train_acc=0.926 | val_loss=3.8056 val_acc=0.267
    fold acc=0.333 time=2397.3s | running pooled acc=0.354

--- Fold 20/26 | test sub20 (11 test, 235 train) ---
      ep00 train_loss=1.2708 train_acc=0.102 | val_loss=1.6488 val_acc=0.000
      ep01 train_loss=1.1664 train_acc=0.272 | val_loss=1.3170 val_acc=0.818
      [unfreeze] backbone unfrozen at epoch 2
      ep02 train_loss=1.0294 train_acc=0.306 | val_loss=1.8778 val_acc=0.000
      ep03 train_loss=0.9965 train_acc=0.353 | val_loss=1.4516 val_acc=0.273
      ep04 train_loss=1.1460 train_acc=0.349 | val_loss=2.3307 val_acc=0.000
      ep05 train_loss=0.7078 train_acc=0.498 | val_loss=2.1047 val_acc=0.000
      ep06 train_loss=0.6118 train_acc=0.549 | val_loss=2.0306 val_acc=0.091
      ep07 train_loss=0.5967 train_acc=0.549 | val_loss=2.2310 val_acc=0.000
      ep08 train_loss=0.4750 train_acc=0.630 | val_loss=1.4765 val_acc=0.273
      ep09 train_loss=0.3932 train_acc=0.681 | val_loss=1.9356 val_acc=0.182
      ep10 train_loss=0.3574 train_acc=0.711 | val_loss=4.1651 val_acc=0.000
      ep11 train_loss=0.3130 train_acc=0.711 | val_loss=3.9700 val_acc=0.000
      ep12 train_loss=0.2862 train_acc=0.740 | val_loss=3.5225 val_acc=0.091
      ep13 train_loss=0.2872 train_acc=0.774 | val_loss=3.9092 val_acc=0.000
      ep14 train_loss=0.1834 train_acc=0.834 | val_loss=3.1245 val_acc=0.182
      ep15 train_loss=0.1458 train_acc=0.830 | val_loss=4.6174 val_acc=0.000
      ep16 train_loss=0.1140 train_acc=0.868 | val_loss=3.4409 val_acc=0.182
      ep17 train_loss=0.0790 train_acc=0.898 | val_loss=4.2831 val_acc=0.182
      ep18 train_loss=0.0806 train_acc=0.915 | val_loss=4.1228 val_acc=0.182
      ep19 train_loss=0.0777 train_acc=0.906 | val_loss=3.7909 val_acc=0.182
      ep20 train_loss=0.0628 train_acc=0.932 | val_loss=3.9498 val_acc=0.182
      ep21 train_loss=0.0716 train_acc=0.919 | val_loss=4.1479 val_acc=0.182
      ep22 train_loss=0.0509 train_acc=0.928 | val_loss=4.1798 val_acc=0.182
      ep23 train_loss=0.0650 train_acc=0.923 | val_loss=4.1670 val_acc=0.182
    fold acc=0.182 time=2422.0s | running pooled acc=0.345

--- Fold 21/26 | test sub21 (2 test, 244 train) ---
      ep00 train_loss=1.2463 train_acc=0.135 | val_loss=1.8550 val_acc=0.000
      ep01 train_loss=1.2450 train_acc=0.246 | val_loss=1.5815 val_acc=0.000
      [unfreeze] backbone unfrozen at epoch 2
      ep02 train_loss=1.1376 train_acc=0.291 | val_loss=1.3815 val_acc=0.500
      ep03 train_loss=1.0924 train_acc=0.418 | val_loss=1.8686 val_acc=0.000
      ep04 train_loss=0.8724 train_acc=0.434 | val_loss=1.1898 val_acc=0.500
      ep05 train_loss=0.6293 train_acc=0.557 | val_loss=1.7665 val_acc=0.000
      ep06 train_loss=0.7875 train_acc=0.475 | val_loss=1.8666 val_acc=0.000
      ep07 train_loss=0.5772 train_acc=0.586 | val_loss=1.3176 val_acc=0.500
      ep08 train_loss=0.5418 train_acc=0.652 | val_loss=1.2721 val_acc=0.500
      ep09 train_loss=0.4861 train_acc=0.627 | val_loss=2.5177 val_acc=0.000
      ep10 train_loss=0.3677 train_acc=0.697 | val_loss=1.6350 val_acc=0.500
      ep11 train_loss=0.2943 train_acc=0.754 | val_loss=1.4135 val_acc=0.500
      ep12 train_loss=0.2514 train_acc=0.762 | val_loss=1.2295 val_acc=0.500
      ep13 train_loss=0.1607 train_acc=0.816 | val_loss=1.6148 val_acc=0.500
      ep14 train_loss=0.1778 train_acc=0.832 | val_loss=1.5578 val_acc=0.500
      ep15 train_loss=0.1397 train_acc=0.848 | val_loss=1.4416 val_acc=0.500
      ep16 train_loss=0.1309 train_acc=0.844 | val_loss=1.2671 val_acc=0.000
      ep17 train_loss=0.0781 train_acc=0.934 | val_loss=1.3539 val_acc=0.000
      ep18 train_loss=0.0791 train_acc=0.910 | val_loss=1.1991 val_acc=0.500
      ep19 train_loss=0.0775 train_acc=0.902 | val_loss=1.2608 val_acc=0.500
      ep20 train_loss=0.0600 train_acc=0.926 | val_loss=1.2071 val_acc=0.500
      ep21 train_loss=0.0533 train_acc=0.922 | val_loss=1.1900 val_acc=0.500
      ep22 train_loss=0.0593 train_acc=0.930 | val_loss=1.2188 val_acc=0.000
      ep23 train_loss=0.0559 train_acc=0.934 | val_loss=1.2222 val_acc=0.000
    fold acc=0.000 time=2473.6s | running pooled acc=0.342

--- Fold 22/26 | test sub22 (2 test, 244 train) ---
      ep00 train_loss=1.2439 train_acc=0.127 | val_loss=1.3857 val_acc=1.000
      ep01 train_loss=1.2572 train_acc=0.254 | val_loss=1.9787 val_acc=0.000
      [unfreeze] backbone unfrozen at epoch 2
      ep02 train_loss=1.0962 train_acc=0.336 | val_loss=0.9260 val_acc=1.000
      ep03 train_loss=1.0694 train_acc=0.418 | val_loss=2.0644 val_acc=0.000
      ep04 train_loss=0.7924 train_acc=0.484 | val_loss=1.0075 val_acc=0.000
      ep05 train_loss=0.7321 train_acc=0.549 | val_loss=2.1126 val_acc=0.000
      ep06 train_loss=0.8177 train_acc=0.447 | val_loss=3.1927 val_acc=0.000
      ep07 train_loss=0.5484 train_acc=0.602 | val_loss=0.4806 val_acc=1.000
      ep08 train_loss=0.4907 train_acc=0.611 | val_loss=1.3732 val_acc=0.000
      ep09 train_loss=0.5116 train_acc=0.635 | val_loss=3.3221 val_acc=0.000
      ep10 train_loss=0.3428 train_acc=0.713 | val_loss=2.6682 val_acc=0.000
      ep11 train_loss=0.3220 train_acc=0.742 | val_loss=2.5041 val_acc=0.000
      ep12 train_loss=0.2053 train_acc=0.803 | val_loss=0.9158 val_acc=0.500
      ep13 train_loss=0.1841 train_acc=0.799 | val_loss=2.0294 val_acc=0.000
      ep14 train_loss=0.1810 train_acc=0.820 | val_loss=1.9333 val_acc=0.000
      ep15 train_loss=0.1705 train_acc=0.861 | val_loss=1.1229 val_acc=0.000
      ep16 train_loss=0.1352 train_acc=0.869 | val_loss=2.7469 val_acc=0.000
      ep17 train_loss=0.0843 train_acc=0.898 | val_loss=3.0620 val_acc=0.000
      ep18 train_loss=0.0830 train_acc=0.922 | val_loss=2.3913 val_acc=0.000
      ep19 train_loss=0.0733 train_acc=0.893 | val_loss=2.9855 val_acc=0.000
      ep20 train_loss=0.0592 train_acc=0.939 | val_loss=2.2154 val_acc=0.000
      ep21 train_loss=0.0637 train_acc=0.922 | val_loss=1.9749 val_acc=0.000
      ep22 train_loss=0.0892 train_acc=0.902 | val_loss=2.2886 val_acc=0.000
      ep23 train_loss=0.0602 train_acc=0.934 | val_loss=2.2642 val_acc=0.000
    fold acc=0.000 time=2473.8s | running pooled acc=0.338

--- Fold 23/26 | test sub23 (12 test, 234 train) ---
      ep00 train_loss=1.2471 train_acc=0.115 | val_loss=1.7755 val_acc=0.000
      ep01 train_loss=1.1707 train_acc=0.231 | val_loss=1.8765 val_acc=0.250
      [unfreeze] backbone unfrozen at epoch 2
      ep02 train_loss=1.0738 train_acc=0.291 | val_loss=2.0586 val_acc=0.333
      ep03 train_loss=0.9079 train_acc=0.432 | val_loss=2.2394 val_acc=0.333
      ep04 train_loss=0.8905 train_acc=0.462 | val_loss=1.9778 val_acc=0.250
      ep05 train_loss=0.8576 train_acc=0.496 | val_loss=2.6435 val_acc=0.083
      ep06 train_loss=0.7026 train_acc=0.526 | val_loss=2.0050 val_acc=0.250
      ep07 train_loss=0.5337 train_acc=0.628 | val_loss=2.2879 val_acc=0.000
      ep08 train_loss=0.5164 train_acc=0.590 | val_loss=1.7518 val_acc=0.333
      ep09 train_loss=0.4898 train_acc=0.654 | val_loss=2.1341 val_acc=0.250
      ep10 train_loss=0.3536 train_acc=0.688 | val_loss=2.3678 val_acc=0.083
      ep11 train_loss=0.2650 train_acc=0.761 | val_loss=1.8158 val_acc=0.417
      ep12 train_loss=0.2214 train_acc=0.786 | val_loss=2.3984 val_acc=0.417
      ep13 train_loss=0.2099 train_acc=0.795 | val_loss=2.7980 val_acc=0.333
      ep14 train_loss=0.2222 train_acc=0.765 | val_loss=3.0047 val_acc=0.417
      ep15 train_loss=0.1444 train_acc=0.859 | val_loss=2.9430 val_acc=0.333
      ep16 train_loss=0.1467 train_acc=0.846 | val_loss=2.6545 val_acc=0.417
      ep17 train_loss=0.1356 train_acc=0.846 | val_loss=2.8085 val_acc=0.333
      ep18 train_loss=0.1014 train_acc=0.893 | val_loss=2.7446 val_acc=0.417
      ep19 train_loss=0.0878 train_acc=0.910 | val_loss=2.5623 val_acc=0.333
      ep20 train_loss=0.0824 train_acc=0.910 | val_loss=2.7298 val_acc=0.333
      ep21 train_loss=0.0640 train_acc=0.923 | val_loss=2.7325 val_acc=0.333
      ep22 train_loss=0.0667 train_acc=0.915 | val_loss=2.7310 val_acc=0.333
      ep23 train_loss=0.0669 train_acc=0.919 | val_loss=2.7341 val_acc=0.333
    fold acc=0.333 time=2417.8s | running pooled acc=0.338

--- Fold 24/26 | test sub24 (7 test, 239 train) ---
      ep00 train_loss=1.2258 train_acc=0.151 | val_loss=1.7698 val_acc=0.143
      ep01 train_loss=1.1864 train_acc=0.264 | val_loss=1.5749 val_acc=0.143
      [unfreeze] backbone unfrozen at epoch 2
      ep02 train_loss=1.1001 train_acc=0.305 | val_loss=1.8280 val_acc=0.000
      ep03 train_loss=0.9691 train_acc=0.397 | val_loss=1.8400 val_acc=0.286
      ep04 train_loss=0.8081 train_acc=0.448 | val_loss=2.0468 val_acc=0.571
      ep05 train_loss=0.7695 train_acc=0.510 | val_loss=1.8222 val_acc=0.143
      ep06 train_loss=0.9744 train_acc=0.452 | val_loss=1.7546 val_acc=0.286
      ep07 train_loss=0.5635 train_acc=0.565 | val_loss=1.9365 val_acc=0.429
      ep08 train_loss=0.5288 train_acc=0.590 | val_loss=1.9213 val_acc=0.571
      ep09 train_loss=0.4035 train_acc=0.720 | val_loss=1.9415 val_acc=0.571
      ep10 train_loss=0.3236 train_acc=0.724 | val_loss=1.9388 val_acc=0.571
      ep11 train_loss=0.2819 train_acc=0.732 | val_loss=1.9039 val_acc=0.571
      ep12 train_loss=0.2487 train_acc=0.799 | val_loss=2.1743 val_acc=0.571
      ep13 train_loss=0.2613 train_acc=0.778 | val_loss=1.9845 val_acc=0.571
      ep14 train_loss=0.1711 train_acc=0.816 | val_loss=2.2604 val_acc=0.571
      ep15 train_loss=0.1168 train_acc=0.841 | val_loss=2.3624 val_acc=0.571
      ep16 train_loss=0.1308 train_acc=0.828 | val_loss=2.5393 val_acc=0.571
      ep17 train_loss=0.1234 train_acc=0.858 | val_loss=2.4783 val_acc=0.571
      ep18 train_loss=0.1077 train_acc=0.879 | val_loss=2.4736 val_acc=0.571
      ep19 train_loss=0.0990 train_acc=0.887 | val_loss=2.7091 val_acc=0.571
      ep20 train_loss=0.0705 train_acc=0.908 | val_loss=2.6045 val_acc=0.571
      ep21 train_loss=0.0789 train_acc=0.900 | val_loss=2.5868 val_acc=0.571
      ep22 train_loss=0.0597 train_acc=0.929 | val_loss=2.6246 val_acc=0.571
      ep23 train_loss=0.0876 train_acc=0.904 | val_loss=2.6170 val_acc=0.571
    fold acc=0.571 time=2446.3s | running pooled acc=0.345

--- Fold 25/26 | test sub25 (7 test, 239 train) ---
      ep00 train_loss=1.2198 train_acc=0.155 | val_loss=1.7398 val_acc=0.143
      ep01 train_loss=1.1806 train_acc=0.276 | val_loss=1.5325 val_acc=0.143
      [unfreeze] backbone unfrozen at epoch 2
      ep02 train_loss=1.0991 train_acc=0.305 | val_loss=1.8797 val_acc=0.000
      ep03 train_loss=1.0640 train_acc=0.406 | val_loss=1.8623 val_acc=0.000
      ep04 train_loss=0.7731 train_acc=0.481 | val_loss=1.4482 val_acc=0.143
      ep05 train_loss=0.8518 train_acc=0.515 | val_loss=1.8705 val_acc=0.143
      ep06 train_loss=0.7596 train_acc=0.498 | val_loss=1.2809 val_acc=0.429
      ep07 train_loss=0.5131 train_acc=0.603 | val_loss=1.5276 val_acc=0.000
      ep08 train_loss=0.4528 train_acc=0.623 | val_loss=1.2215 val_acc=0.429
      ep09 train_loss=0.3576 train_acc=0.741 | val_loss=1.1990 val_acc=0.429
      ep10 train_loss=0.2995 train_acc=0.732 | val_loss=1.0622 val_acc=0.571
      ep11 train_loss=0.2577 train_acc=0.766 | val_loss=1.3523 val_acc=0.429
      ep12 train_loss=0.2483 train_acc=0.774 | val_loss=1.6454 val_acc=0.286
      ep13 train_loss=0.1885 train_acc=0.782 | val_loss=1.4876 val_acc=0.571
      ep14 train_loss=0.1613 train_acc=0.816 | val_loss=1.1020 val_acc=0.714
      ep15 train_loss=0.1159 train_acc=0.879 | val_loss=1.0944 val_acc=0.714
      ep16 train_loss=0.1112 train_acc=0.879 | val_loss=1.3076 val_acc=0.429
      ep17 train_loss=0.1008 train_acc=0.891 | val_loss=1.0874 val_acc=0.714
      ep18 train_loss=0.0968 train_acc=0.891 | val_loss=1.0225 val_acc=0.571
      ep19 train_loss=0.0711 train_acc=0.912 | val_loss=1.2160 val_acc=0.429
      ep20 train_loss=0.0423 train_acc=0.958 | val_loss=1.1654 val_acc=0.571
      ep21 train_loss=0.0603 train_acc=0.941 | val_loss=1.1446 val_acc=0.571
      ep22 train_loss=0.0622 train_acc=0.946 | val_loss=1.1426 val_acc=0.571
      ep23 train_loss=0.0645 train_acc=0.921 | val_loss=1.1443 val_acc=0.571
    fold acc=0.286 time=2445.5s | running pooled acc=0.343

--- Fold 26/26 | test sub26 (16 test, 230 train) ---
      ep00 train_loss=1.2930 train_acc=0.091 | val_loss=1.8373 val_acc=0.000
      ep01 train_loss=1.2005 train_acc=0.217 | val_loss=1.7430 val_acc=0.000
      [unfreeze] backbone unfrozen at epoch 2
      ep02 train_loss=1.0429 train_acc=0.383 | val_loss=1.8687 val_acc=0.250
      ep03 train_loss=1.0893 train_acc=0.357 | val_loss=1.7509 val_acc=0.562
      ep04 train_loss=0.8403 train_acc=0.400 | val_loss=1.4413 val_acc=0.562
      ep05 train_loss=0.8582 train_acc=0.422 | val_loss=1.6690 val_acc=0.500
      ep06 train_loss=0.5960 train_acc=0.587 | val_loss=1.1813 val_acc=0.625
      ep07 train_loss=0.6118 train_acc=0.561 | val_loss=1.1677 val_acc=0.438
      ep08 train_loss=0.4324 train_acc=0.674 | val_loss=1.6191 val_acc=0.250
      ep09 train_loss=0.3744 train_acc=0.683 | val_loss=1.9123 val_acc=0.250
      ep10 train_loss=0.3228 train_acc=0.730 | val_loss=1.4379 val_acc=0.500
      ep11 train_loss=0.2614 train_acc=0.765 | val_loss=1.8299 val_acc=0.562
      ep12 train_loss=0.3178 train_acc=0.691 | val_loss=0.9977 val_acc=0.562
      ep13 train_loss=0.2212 train_acc=0.817 | val_loss=1.1530 val_acc=0.562
      ep14 train_loss=0.1584 train_acc=0.848 | val_loss=1.4914 val_acc=0.500
      ep15 train_loss=0.1253 train_acc=0.891 | val_loss=1.3129 val_acc=0.625
      ep16 train_loss=0.1206 train_acc=0.865 | val_loss=1.3775 val_acc=0.562
      ep17 train_loss=0.0880 train_acc=0.887 | val_loss=1.8379 val_acc=0.562
      ep18 train_loss=0.0693 train_acc=0.926 | val_loss=1.6004 val_acc=0.562
      ep19 train_loss=0.0609 train_acc=0.922 | val_loss=1.4226 val_acc=0.562
      ep20 train_loss=0.0437 train_acc=0.952 | val_loss=1.4082 val_acc=0.562
      ep21 train_loss=0.0442 train_acc=0.943 | val_loss=1.4483 val_acc=0.562
      ep22 train_loss=0.0630 train_acc=0.922 | val_loss=1.4635 val_acc=0.562
      ep23 train_loss=0.0588 train_acc=0.930 | val_loss=1.4628 val_acc=0.562
    fold acc=0.562 time=2393.5s | running pooled acc=0.358

=== FINAL (pooled LOSO) ===
UF1 = 0.2922
UAR = 0.3094
ACC = 0.3577
per-class F1: happiness=0.381, disgust=0.333, repression=0.105, surprise=0.188, others=0.454
per-class recall: happiness=0.500, disgust=0.238, repression=0.074, surprise=0.240, others=0.495
confusion matrix (rows=true):
        happin disgus repres surpri others
happine     16      3      1      1     11
disgust      9     15      4      4     31
repress      7      0      2      2     16
surpris      6      1      2      6     10
 others     14      8      2     26     49

saved to D:\AI-Projects\casmeII-new-from-sequence-model\experiments\iter_30_vivit_rgb
elapsed 63277.9s
Some weights of VivitForVideoClassification were not initialized from the model checkpoint at google/vivit-b-16x2-kinetics400 and are newly initialized because the shapes did not match:
- classifier.weight: found shape torch.Size([400, 768]) in the checkpoint and torch.Size([5, 768]) in the model instantiated
- classifier.bias: found shape torch.Size([400]) in the checkpoint and torch.Size([5]) in the model instantiated
You should probably TRAIN this model on a down-stream task to be able to use it for predictions and inference.
C:\Users\OWNER\miniconda3\envs\facesleuth\Lib\site-packages\torch\utils\checkpoint.py:87: UserWarning: None of the inputs have requires_grad=True. Gradients will be None
  warnings.warn(
C:\Users\OWNER\miniconda3\envs\facesleuth\Lib\site-packages\torch\optim\lr_scheduler.py:243: UserWarning: The epoch parameter in `scheduler.step()` was not necessary and is being deprecated where possible. Please use `scheduler.step()` to step the scheduler. During the deprecation, if epoch is different from None, the closed form is used instead of the new chainable form, where available. Please open an issue if you are unable to replicate your use case: https://github.com/pytorch/pytorch/issues/new/choose.
  warnings.warn(EPOCH_DEPRECATION_WARNING, UserWarning)
Some weights of VivitForVideoClassification were not initialized from the model checkpoint at google/vivit-b-16x2-kinetics400 and are newly initialized because the shapes did not match:
- classifier.weight: found shape torch.Size([400, 768]) in the checkpoint and torch.Size([5, 768]) in the model instantiated
- classifier.bias: found shape torch.Size([400]) in the checkpoint and torch.Size([5]) in the model instantiated
You should probably TRAIN this model on a down-stream task to be able to use it for predictions and inference.
Some weights of VivitForVideoClassification were not initialized from the model checkpoint at google/vivit-b-16x2-kinetics400 and are newly initialized because the shapes did not match:
- classifier.weight: found shape torch.Size([400, 768]) in the checkpoint and torch.Size([5, 768]) in the model instantiated
- classifier.bias: found shape torch.Size([400]) in the checkpoint and torch.Size([5]) in the model instantiated
You should probably TRAIN this model on a down-stream task to be able to use it for predictions and inference.
Some weights of VivitForVideoClassification were not initialized from the model checkpoint at google/vivit-b-16x2-kinetics400 and are newly initialized because the shapes did not match:
- classifier.weight: found shape torch.Size([400, 768]) in the checkpoint and torch.Size([5, 768]) in the model instantiated
- classifier.bias: found shape torch.Size([400]) in the checkpoint and torch.Size([5]) in the model instantiated
You should probably TRAIN this model on a down-stream task to be able to use it for predictions and inference.
Some weights of VivitForVideoClassification were not initialized from the model checkpoint at google/vivit-b-16x2-kinetics400 and are newly initialized because the shapes did not match:
- classifier.weight: found shape torch.Size([400, 768]) in the checkpoint and torch.Size([5, 768]) in the model instantiated
- classifier.bias: found shape torch.Size([400]) in the checkpoint and torch.Size([5]) in the model instantiated
You should probably TRAIN this model on a down-stream task to be able to use it for predictions and inference.
Some weights of VivitForVideoClassification were not initialized from the model checkpoint at google/vivit-b-16x2-kinetics400 and are newly initialized because the shapes did not match:
- classifier.weight: found shape torch.Size([400, 768]) in the checkpoint and torch.Size([5, 768]) in the model instantiated
- classifier.bias: found shape torch.Size([400]) in the checkpoint and torch.Size([5]) in the model instantiated
You should probably TRAIN this model on a down-stream task to be able to use it for predictions and inference.
Some weights of VivitForVideoClassification were not initialized from the model checkpoint at google/vivit-b-16x2-kinetics400 and are newly initialized because the shapes did not match:
- classifier.weight: found shape torch.Size([400, 768]) in the checkpoint and torch.Size([5, 768]) in the model instantiated
- classifier.bias: found shape torch.Size([400]) in the checkpoint and torch.Size([5]) in the model instantiated
You should probably TRAIN this model on a down-stream task to be able to use it for predictions and inference.
Some weights of VivitForVideoClassification were not initialized from the model checkpoint at google/vivit-b-16x2-kinetics400 and are newly initialized because the shapes did not match:
- classifier.weight: found shape torch.Size([400, 768]) in the checkpoint and torch.Size([5, 768]) in the model instantiated
- classifier.bias: found shape torch.Size([400]) in the checkpoint and torch.Size([5]) in the model instantiated
You should probably TRAIN this model on a down-stream task to be able to use it for predictions and inference.
Some weights of VivitForVideoClassification were not initialized from the model checkpoint at google/vivit-b-16x2-kinetics400 and are newly initialized because the shapes did not match:
- classifier.weight: found shape torch.Size([400, 768]) in the checkpoint and torch.Size([5, 768]) in the model instantiated
- classifier.bias: found shape torch.Size([400]) in the checkpoint and torch.Size([5]) in the model instantiated
You should probably TRAIN this model on a down-stream task to be able to use it for predictions and inference.
Some weights of VivitForVideoClassification were not initialized from the model checkpoint at google/vivit-b-16x2-kinetics400 and are newly initialized because the shapes did not match:
- classifier.weight: found shape torch.Size([400, 768]) in the checkpoint and torch.Size([5, 768]) in the model instantiated
- classifier.bias: found shape torch.Size([400]) in the checkpoint and torch.Size([5]) in the model instantiated
You should probably TRAIN this model on a down-stream task to be able to use it for predictions and inference.
Some weights of VivitForVideoClassification were not initialized from the model checkpoint at google/vivit-b-16x2-kinetics400 and are newly initialized because the shapes did not match:
- classifier.weight: found shape torch.Size([400, 768]) in the checkpoint and torch.Size([5, 768]) in the model instantiated
- classifier.bias: found shape torch.Size([400]) in the checkpoint and torch.Size([5]) in the model instantiated
You should probably TRAIN this model on a down-stream task to be able to use it for predictions and inference.
Some weights of VivitForVideoClassification were not initialized from the model checkpoint at google/vivit-b-16x2-kinetics400 and are newly initialized because the shapes did not match:
- classifier.weight: found shape torch.Size([400, 768]) in the checkpoint and torch.Size([5, 768]) in the model instantiated
- classifier.bias: found shape torch.Size([400]) in the checkpoint and torch.Size([5]) in the model instantiated
You should probably TRAIN this model on a down-stream task to be able to use it for predictions and inference.
Some weights of VivitForVideoClassification were not initialized from the model checkpoint at google/vivit-b-16x2-kinetics400 and are newly initialized because the shapes did not match:
- classifier.weight: found shape torch.Size([400, 768]) in the checkpoint and torch.Size([5, 768]) in the model instantiated
- classifier.bias: found shape torch.Size([400]) in the checkpoint and torch.Size([5]) in the model instantiated
You should probably TRAIN this model on a down-stream task to be able to use it for predictions and inference.
Some weights of VivitForVideoClassification were not initialized from the model checkpoint at google/vivit-b-16x2-kinetics400 and are newly initialized because the shapes did not match:
- classifier.weight: found shape torch.Size([400, 768]) in the checkpoint and torch.Size([5, 768]) in the model instantiated
- classifier.bias: found shape torch.Size([400]) in the checkpoint and torch.Size([5]) in the model instantiated
You should probably TRAIN this model on a down-stream task to be able to use it for predictions and inference.
Some weights of VivitForVideoClassification were not initialized from the model checkpoint at google/vivit-b-16x2-kinetics400 and are newly initialized because the shapes did not match:
- classifier.weight: found shape torch.Size([400, 768]) in the checkpoint and torch.Size([5, 768]) in the model instantiated
- classifier.bias: found shape torch.Size([400]) in the checkpoint and torch.Size([5]) in the model instantiated
You should probably TRAIN this model on a down-stream task to be able to use it for predictions and inference.
Some weights of VivitForVideoClassification were not initialized from the model checkpoint at google/vivit-b-16x2-kinetics400 and are newly initialized because the shapes did not match:
- classifier.weight: found shape torch.Size([400, 768]) in the checkpoint and torch.Size([5, 768]) in the model instantiated
- classifier.bias: found shape torch.Size([400]) in the checkpoint and torch.Size([5]) in the model instantiated
You should probably TRAIN this model on a down-stream task to be able to use it for predictions and inference.
Some weights of VivitForVideoClassification were not initialized from the model checkpoint at google/vivit-b-16x2-kinetics400 and are newly initialized because the shapes did not match:
- classifier.weight: found shape torch.Size([400, 768]) in the checkpoint and torch.Size([5, 768]) in the model instantiated
- classifier.bias: found shape torch.Size([400]) in the checkpoint and torch.Size([5]) in the model instantiated
You should probably TRAIN this model on a down-stream task to be able to use it for predictions and inference.
Some weights of VivitForVideoClassification were not initialized from the model checkpoint at google/vivit-b-16x2-kinetics400 and are newly initialized because the shapes did not match:
- classifier.weight: found shape torch.Size([400, 768]) in the checkpoint and torch.Size([5, 768]) in the model instantiated
- classifier.bias: found shape torch.Size([400]) in the checkpoint and torch.Size([5]) in the model instantiated
You should probably TRAIN this model on a down-stream task to be able to use it for predictions and inference.
Some weights of VivitForVideoClassification were not initialized from the model checkpoint at google/vivit-b-16x2-kinetics400 and are newly initialized because the shapes did not match:
- classifier.weight: found shape torch.Size([400, 768]) in the checkpoint and torch.Size([5, 768]) in the model instantiated
- classifier.bias: found shape torch.Size([400]) in the checkpoint and torch.Size([5]) in the model instantiated
You should probably TRAIN this model on a down-stream task to be able to use it for predictions and inference.
Some weights of VivitForVideoClassification were not initialized from the model checkpoint at google/vivit-b-16x2-kinetics400 and are newly initialized because the shapes did not match:
- classifier.weight: found shape torch.Size([400, 768]) in the checkpoint and torch.Size([5, 768]) in the model instantiated
- classifier.bias: found shape torch.Size([400]) in the checkpoint and torch.Size([5]) in the model instantiated
You should probably TRAIN this model on a down-stream task to be able to use it for predictions and inference.
Some weights of VivitForVideoClassification were not initialized from the model checkpoint at google/vivit-b-16x2-kinetics400 and are newly initialized because the shapes did not match:
- classifier.weight: found shape torch.Size([400, 768]) in the checkpoint and torch.Size([5, 768]) in the model instantiated
- classifier.bias: found shape torch.Size([400]) in the checkpoint and torch.Size([5]) in the model instantiated
You should probably TRAIN this model on a down-stream task to be able to use it for predictions and inference.
Some weights of VivitForVideoClassification were not initialized from the model checkpoint at google/vivit-b-16x2-kinetics400 and are newly initialized because the shapes did not match:
- classifier.weight: found shape torch.Size([400, 768]) in the checkpoint and torch.Size([5, 768]) in the model instantiated
- classifier.bias: found shape torch.Size([400]) in the checkpoint and torch.Size([5]) in the model instantiated
You should probably TRAIN this model on a down-stream task to be able to use it for predictions and inference.
Some weights of VivitForVideoClassification were not initialized from the model checkpoint at google/vivit-b-16x2-kinetics400 and are newly initialized because the shapes did not match:
- classifier.weight: found shape torch.Size([400, 768]) in the checkpoint and torch.Size([5, 768]) in the model instantiated
- classifier.bias: found shape torch.Size([400]) in the checkpoint and torch.Size([5]) in the model instantiated
You should probably TRAIN this model on a down-stream task to be able to use it for predictions and inference.
Some weights of VivitForVideoClassification were not initialized from the model checkpoint at google/vivit-b-16x2-kinetics400 and are newly initialized because the shapes did not match:
- classifier.weight: found shape torch.Size([400, 768]) in the checkpoint and torch.Size([5, 768]) in the model instantiated
- classifier.bias: found shape torch.Size([400]) in the checkpoint and torch.Size([5]) in the model instantiated
You should probably TRAIN this model on a down-stream task to be able to use it for predictions and inference.
Some weights of VivitForVideoClassification were not initialized from the model checkpoint at google/vivit-b-16x2-kinetics400 and are newly initialized because the shapes did not match:
- classifier.weight: found shape torch.Size([400, 768]) in the checkpoint and torch.Size([5, 768]) in the model instantiated
- classifier.bias: found shape torch.Size([400]) in the checkpoint and torch.Size([5]) in the model instantiated
You should probably TRAIN this model on a down-stream task to be able to use it for predictions and inference.
Some weights of VivitForVideoClassification were not initialized from the model checkpoint at google/vivit-b-16x2-kinetics400 and are newly initialized because the shapes did not match:
- classifier.weight: found shape torch.Size([400, 768]) in the checkpoint and torch.Size([5, 768]) in the model instantiated
- classifier.bias: found shape torch.Size([400]) in the checkpoint and torch.Size([5]) in the model instantiated
You should probably TRAIN this model on a down-stream task to be able to use it for predictions and inference.
