=== PROTOCOL V2 iter_56_g1_user_s123_v2_dev_p5 ===
time: 2026-07-23T21:44:25.434232 | role: dev
device: cuda (NVIDIA GeForce RTX 3060)
platform: Windows-10-10.0.26200-SP0 | torch 2.6.0+cu124
loading 255 cached arrays
fixed split loaded: 21 development subjects, 5 sealed audit subjects
fold 1/4: 16 train subjects / 5 validation subjects; 151 train / 45 validation samples
      ep00 train_loss=1.4950 train_acc=0.325 | val_loss=1.1377 val_acc=0.489
      ep01 train_loss=1.1862 train_acc=0.576 | val_loss=1.0193 val_acc=0.556
      ep02 train_loss=1.1340 train_acc=0.576 | val_loss=0.9919 val_acc=0.533
      ep03 train_loss=0.8784 train_acc=0.722 | val_loss=1.2763 val_acc=0.422
      ep04 train_loss=1.0206 train_acc=0.689 | val_loss=1.1129 val_acc=0.622
      ep05 train_loss=0.9175 train_acc=0.828 | val_loss=0.9002 val_acc=0.667
      ep06 train_loss=0.7271 train_acc=0.887 | val_loss=0.8056 val_acc=0.711
      ep07 train_loss=0.7318 train_acc=0.868 | val_loss=1.0124 val_acc=0.644
      ep08 train_loss=0.7269 train_acc=0.887 | val_loss=0.9120 val_acc=0.600
      ep09 train_loss=0.7396 train_acc=0.874 | val_loss=0.7621 val_acc=0.778
      ep10 train_loss=0.7046 train_acc=0.907 | val_loss=0.8512 val_acc=0.733
      ep11 train_loss=0.7186 train_acc=0.907 | val_loss=1.0150 val_acc=0.533
      ep12 train_loss=0.7206 train_acc=0.881 | val_loss=0.9327 val_acc=0.600
      ep13 train_loss=0.7293 train_acc=0.887 | val_loss=0.8903 val_acc=0.667
      ep14 train_loss=0.7513 train_acc=0.861 | val_loss=0.9531 val_acc=0.644
      ep15 train_loss=0.6176 train_acc=0.974 | val_loss=0.9119 val_acc=0.711
      ep16 train_loss=0.6765 train_acc=0.914 | val_loss=0.9655 val_acc=0.622
      ep17 train_loss=0.6445 train_acc=0.940 | val_loss=0.8645 val_acc=0.689
      ep18 train_loss=0.6924 train_acc=0.907 | val_loss=0.8694 val_acc=0.667
      ep19 train_loss=0.6427 train_acc=0.934 | val_loss=0.8580 val_acc=0.644
      ep20 train_loss=0.6178 train_acc=0.980 | val_loss=0.8626 val_acc=0.644
      ep21 train_loss=0.6157 train_acc=0.940 | val_loss=0.8961 val_acc=0.667
      ep22 train_loss=0.6694 train_acc=0.934 | val_loss=0.9069 val_acc=0.644
      saved re-evaluation checkpoint fold1_ep22.pt
      ep23 train_loss=0.6322 train_acc=0.974 | val_loss=0.8854 val_acc=0.667
      saved re-evaluation checkpoint fold1_ep23.pt
      ep24 train_loss=0.6251 train_acc=0.934 | val_loss=0.9146 val_acc=0.644
      saved re-evaluation checkpoint fold1_ep24.pt
fold result: UF1=0.6855 UAR=0.7235 ACC=0.6889
fold 2/4: 16 train subjects / 5 validation subjects; 144 train / 52 validation samples
      ep00 train_loss=1.4192 train_acc=0.361 | val_loss=1.2614 val_acc=0.365
      ep01 train_loss=1.1195 train_acc=0.597 | val_loss=1.2483 val_acc=0.385
      ep02 train_loss=0.9995 train_acc=0.708 | val_loss=1.4611 val_acc=0.404
      ep03 train_loss=0.8698 train_acc=0.757 | val_loss=1.5535 val_acc=0.385
      ep04 train_loss=0.8137 train_acc=0.840 | val_loss=1.5478 val_acc=0.442
      ep05 train_loss=0.7832 train_acc=0.833 | val_loss=1.4844 val_acc=0.442
      ep06 train_loss=0.7691 train_acc=0.840 | val_loss=1.4634 val_acc=0.500
      ep07 train_loss=0.7110 train_acc=0.854 | val_loss=1.1036 val_acc=0.538
      ep08 train_loss=0.7001 train_acc=0.896 | val_loss=1.3738 val_acc=0.500
      ep09 train_loss=0.6351 train_acc=0.910 | val_loss=1.3273 val_acc=0.577
      ep10 train_loss=0.7228 train_acc=0.903 | val_loss=1.5272 val_acc=0.404
      ep11 train_loss=0.6383 train_acc=0.917 | val_loss=1.7370 val_acc=0.365
      ep12 train_loss=0.6456 train_acc=0.944 | val_loss=1.4126 val_acc=0.442
      ep13 train_loss=0.6306 train_acc=0.965 | val_loss=1.4961 val_acc=0.442
      ep14 train_loss=0.6552 train_acc=0.917 | val_loss=1.5091 val_acc=0.423
      ep15 train_loss=0.6338 train_acc=0.944 | val_loss=1.4153 val_acc=0.462
      ep16 train_loss=0.6298 train_acc=0.951 | val_loss=1.4852 val_acc=0.462
      ep17 train_loss=0.5702 train_acc=0.979 | val_loss=1.4255 val_acc=0.462
      ep18 train_loss=0.5676 train_acc=0.986 | val_loss=1.3847 val_acc=0.500
      ep19 train_loss=0.5732 train_acc=0.986 | val_loss=1.3914 val_acc=0.500
      ep20 train_loss=0.5895 train_acc=0.938 | val_loss=1.4150 val_acc=0.442
      ep21 train_loss=0.6343 train_acc=0.931 | val_loss=1.4571 val_acc=0.481
      ep22 train_loss=0.5573 train_acc=0.965 | val_loss=1.4391 val_acc=0.462
      saved re-evaluation checkpoint fold2_ep22.pt
      ep23 train_loss=0.5560 train_acc=0.993 | val_loss=1.4241 val_acc=0.462
      saved re-evaluation checkpoint fold2_ep23.pt
      ep24 train_loss=0.5702 train_acc=0.979 | val_loss=1.4435 val_acc=0.481
      saved re-evaluation checkpoint fold2_ep24.pt
fold result: UF1=0.3452 UAR=0.3148 ACC=0.4423
fold 3/4: 15 train subjects / 6 validation subjects; 147 train / 49 validation samples
      ep00 train_loss=1.4838 train_acc=0.381 | val_loss=1.2276 val_acc=0.367
      ep01 train_loss=1.2759 train_acc=0.469 | val_loss=1.1281 val_acc=0.510
      ep02 train_loss=1.1528 train_acc=0.619 | val_loss=1.1680 val_acc=0.429
      ep03 train_loss=1.0181 train_acc=0.707 | val_loss=1.1760 val_acc=0.510
      ep04 train_loss=0.9010 train_acc=0.741 | val_loss=1.2116 val_acc=0.408
      ep05 train_loss=0.8589 train_acc=0.844 | val_loss=1.0791 val_acc=0.571
      ep06 train_loss=0.9048 train_acc=0.728 | val_loss=1.4056 val_acc=0.490
      ep07 train_loss=0.8391 train_acc=0.823 | val_loss=1.1960 val_acc=0.490
      ep08 train_loss=0.7878 train_acc=0.837 | val_loss=1.2811 val_acc=0.449
      ep09 train_loss=0.7799 train_acc=0.871 | val_loss=1.3623 val_acc=0.469
      ep10 train_loss=0.7291 train_acc=0.884 | val_loss=1.2397 val_acc=0.469
      ep11 train_loss=0.6807 train_acc=0.939 | val_loss=1.2023 val_acc=0.510
      ep12 train_loss=0.7086 train_acc=0.898 | val_loss=1.1479 val_acc=0.510
      ep13 train_loss=0.6822 train_acc=0.932 | val_loss=1.2233 val_acc=0.510
      ep14 train_loss=0.6246 train_acc=0.925 | val_loss=1.2516 val_acc=0.510
      ep15 train_loss=0.6143 train_acc=0.959 | val_loss=1.1199 val_acc=0.531
      ep16 train_loss=0.6670 train_acc=0.918 | val_loss=1.1432 val_acc=0.449
      ep17 train_loss=0.6408 train_acc=0.959 | val_loss=1.1441 val_acc=0.510
      ep18 train_loss=0.6060 train_acc=0.973 | val_loss=1.1771 val_acc=0.469
      ep19 train_loss=0.6234 train_acc=0.939 | val_loss=1.1574 val_acc=0.429
      ep20 train_loss=0.6333 train_acc=0.952 | val_loss=1.1392 val_acc=0.510
      ep21 train_loss=0.6211 train_acc=0.946 | val_loss=1.1412 val_acc=0.510
      ep22 train_loss=0.6668 train_acc=0.939 | val_loss=1.1249 val_acc=0.469
      saved re-evaluation checkpoint fold3_ep22.pt
      ep23 train_loss=0.6447 train_acc=0.912 | val_loss=1.1432 val_acc=0.469
      saved re-evaluation checkpoint fold3_ep23.pt
      ep24 train_loss=0.6593 train_acc=0.946 | val_loss=1.1326 val_acc=0.531
      saved re-evaluation checkpoint fold3_ep24.pt
fold result: UF1=0.4398 UAR=0.5000 ACC=0.4694
fold 4/4: 16 train subjects / 5 validation subjects; 146 train / 50 validation samples
      ep00 train_loss=1.5665 train_acc=0.336 | val_loss=1.2712 val_acc=0.380
      ep01 train_loss=1.2798 train_acc=0.527 | val_loss=1.0876 val_acc=0.480
      ep02 train_loss=1.1917 train_acc=0.603 | val_loss=0.9718 val_acc=0.600
      ep03 train_loss=1.1312 train_acc=0.623 | val_loss=0.9308 val_acc=0.580
      ep04 train_loss=1.0596 train_acc=0.692 | val_loss=1.0429 val_acc=0.620
      ep05 train_loss=0.8673 train_acc=0.795 | val_loss=0.9384 val_acc=0.620
      ep06 train_loss=0.9102 train_acc=0.781 | val_loss=0.7886 val_acc=0.680
      ep07 train_loss=0.8273 train_acc=0.774 | val_loss=0.8802 val_acc=0.640
      ep08 train_loss=0.8071 train_acc=0.836 | val_loss=0.8869 val_acc=0.620
      ep09 train_loss=0.7770 train_acc=0.856 | val_loss=0.8247 val_acc=0.660
      ep10 train_loss=0.8065 train_acc=0.842 | val_loss=0.8788 val_acc=0.700
      ep11 train_loss=0.7141 train_acc=0.904 | val_loss=0.8056 val_acc=0.660
      ep12 train_loss=0.7274 train_acc=0.918 | val_loss=0.8195 val_acc=0.660
      ep13 train_loss=0.6957 train_acc=0.938 | val_loss=0.7571 val_acc=0.720
      ep14 train_loss=0.7275 train_acc=0.945 | val_loss=0.8042 val_acc=0.680
      ep15 train_loss=0.6827 train_acc=0.925 | val_loss=0.9826 val_acc=0.560
      ep16 train_loss=0.6945 train_acc=0.925 | val_loss=0.8222 val_acc=0.700
      ep17 train_loss=0.6740 train_acc=0.932 | val_loss=1.0436 val_acc=0.580
      ep18 train_loss=0.6611 train_acc=0.938 | val_loss=0.8486 val_acc=0.580
      ep19 train_loss=0.6963 train_acc=0.945 | val_loss=0.7419 val_acc=0.700
      ep20 train_loss=0.6523 train_acc=0.938 | val_loss=0.7381 val_acc=0.700
      ep21 train_loss=0.6622 train_acc=0.952 | val_loss=0.8064 val_acc=0.700
      ep22 train_loss=0.6637 train_acc=0.938 | val_loss=0.7190 val_acc=0.740
      saved re-evaluation checkpoint fold4_ep22.pt
      ep23 train_loss=0.6746 train_acc=0.959 | val_loss=0.7015 val_acc=0.740
      saved re-evaluation checkpoint fold4_ep23.pt
      ep24 train_loss=0.5983 train_acc=0.979 | val_loss=0.7558 val_acc=0.680
      saved re-evaluation checkpoint fold4_ep24.pt
fold result: UF1=0.7150 UAR=0.7256 ACC=0.6800
FINAL dev: UF1=0.5529 UAR=0.5897 ACC=0.5663
saved reproducible artifacts to D:\AI-Projects\casmeII-new-from-sequence-model\experiments\protocol_v2\iter_56_g1_user_s123_v2_dev_p5 in 761.6s
