=== EXPERIMENT iter_29_noweight ===
time: 2026-07-17T07:44:54.628771
device: cuda (NVIDIA GeForce RTX 3060)
platform: Windows-10-10.0.26200-SP0 | torch 2.6.0+cu124
config:
{
  "seed": 42,
  "T": 16,
  "img_size": 128,
  "base_size": 144,
  "input_mode": "rgb",
  "backbone": "r3d_18",
  "pretrained": true,
  "dropout": 0.5,
  "epochs": 25,
  "lr": 0.0001,
  "weight_decay": 0.001,
  "batch_size": 6,
  "class_weighting": false,
  "label_smoothing": 0.1,
  "hflip": true,
  "color_jitter": 0.0,
  "temporal_jitter": true,
  "amp": true,
  "eval_last_k": 3,
  "tta": 5,
  "cache_dir": "cache/flow144",
  "index": "cache/index_emotion.csv",
  "class_names": [
    "happiness",
    "disgust",
    "repression",
    "surprise",
    "others"
  ],
  "name": "iter_29_r3d_noweight",
  "modality": "flow",
  "temporal_span": "onset_offset",
  "flow_clip": 3.0,
  "ema": 0.998,
  "ema_start_epoch": 5
}
samples: 246 | classes: 5 ['happiness', 'disgust', 'repression', 'surprise', 'others']
loading arrays into RAM...
loaded 246 arrays

--- Fold 1/26 | test sub01 (9 test, 237 train) ---
      ep00 train_loss=1.5208 train_acc=0.329 | val_loss=0.8432 val_acc=0.778
      ep01 train_loss=1.1163 train_acc=0.629 | val_loss=0.7255 val_acc=0.778
      ep02 train_loss=1.0321 train_acc=0.675 | val_loss=0.7325 val_acc=0.667
      ep03 train_loss=0.9714 train_acc=0.688 | val_loss=0.8446 val_acc=0.667
      ep04 train_loss=0.8493 train_acc=0.789 | val_loss=0.5427 val_acc=0.778
      ep05 train_loss=0.7322 train_acc=0.827 | val_loss=0.6282 val_acc=0.556
      ep06 train_loss=0.6978 train_acc=0.865 | val_loss=0.8148 val_acc=0.667
      ep07 train_loss=0.6650 train_acc=0.899 | val_loss=0.5315 val_acc=0.778
      ep08 train_loss=0.7174 train_acc=0.861 | val_loss=0.8790 val_acc=0.556
      ep09 train_loss=0.6587 train_acc=0.869 | val_loss=0.4932 val_acc=0.778
      ep10 train_loss=0.6401 train_acc=0.907 | val_loss=0.4967 val_acc=0.889
      ep11 train_loss=0.5714 train_acc=0.962 | val_loss=0.5190 val_acc=0.889
      ep12 train_loss=0.5899 train_acc=0.937 | val_loss=0.4550 val_acc=0.889
      ep13 train_loss=0.5270 train_acc=0.983 | val_loss=0.5057 val_acc=0.889
      ep14 train_loss=0.5153 train_acc=0.970 | val_loss=0.4542 val_acc=0.889
      ep15 train_loss=0.5162 train_acc=0.975 | val_loss=0.5214 val_acc=0.667
      ep16 train_loss=0.5498 train_acc=0.937 | val_loss=0.4760 val_acc=0.778
      ep17 train_loss=0.5348 train_acc=0.970 | val_loss=0.6346 val_acc=0.778
      ep18 train_loss=0.5298 train_acc=0.958 | val_loss=0.6743 val_acc=0.667
      ep19 train_loss=0.5124 train_acc=0.970 | val_loss=0.6550 val_acc=0.667
      ep20 train_loss=0.5094 train_acc=0.970 | val_loss=0.6342 val_acc=0.667
      ep21 train_loss=0.5228 train_acc=0.966 | val_loss=0.6947 val_acc=0.556
      ep22 train_loss=0.4827 train_acc=0.983 | val_loss=0.6534 val_acc=0.667
      ep23 train_loss=0.5068 train_acc=0.979 | val_loss=0.6120 val_acc=0.667
      ep24 train_loss=0.4801 train_acc=0.996 | val_loss=0.6904 val_acc=0.667
    fold acc=0.778 time=230.0s | running pooled acc=0.778

--- Fold 2/26 | test sub02 (13 test, 233 train) ---
      ep00 train_loss=1.5097 train_acc=0.391 | val_loss=1.3475 val_acc=0.385
      ep01 train_loss=1.0757 train_acc=0.657 | val_loss=1.0998 val_acc=0.615
      ep02 train_loss=1.0365 train_acc=0.678 | val_loss=1.0018 val_acc=0.692
      ep03 train_loss=0.8789 train_acc=0.768 | val_loss=1.9548 val_acc=0.308
      ep04 train_loss=0.8118 train_acc=0.781 | val_loss=1.5504 val_acc=0.385
      ep05 train_loss=0.7531 train_acc=0.815 | val_loss=1.9717 val_acc=0.462
      ep06 train_loss=0.7416 train_acc=0.854 | val_loss=1.4062 val_acc=0.462
      ep07 train_loss=0.6323 train_acc=0.897 | val_loss=1.1526 val_acc=0.538
      ep08 train_loss=0.7111 train_acc=0.863 | val_loss=2.2636 val_acc=0.385
      ep09 train_loss=0.6209 train_acc=0.910 | val_loss=1.1786 val_acc=0.615
      ep10 train_loss=0.6048 train_acc=0.927 | val_loss=1.5843 val_acc=0.462
      ep11 train_loss=0.5899 train_acc=0.940 | val_loss=1.3330 val_acc=0.462
      ep12 train_loss=0.5543 train_acc=0.961 | val_loss=1.4611 val_acc=0.385
      ep13 train_loss=0.5240 train_acc=0.957 | val_loss=1.3910 val_acc=0.538
      ep14 train_loss=0.5357 train_acc=0.970 | val_loss=1.1069 val_acc=0.615
      ep15 train_loss=0.5111 train_acc=0.970 | val_loss=1.1168 val_acc=0.538
      ep16 train_loss=0.4981 train_acc=0.987 | val_loss=1.3727 val_acc=0.615
      ep17 train_loss=0.5032 train_acc=0.991 | val_loss=1.1190 val_acc=0.615
      ep18 train_loss=0.4851 train_acc=0.987 | val_loss=1.0379 val_acc=0.615
      ep19 train_loss=0.4846 train_acc=0.991 | val_loss=1.0706 val_acc=0.615
      ep20 train_loss=0.5170 train_acc=0.966 | val_loss=1.0434 val_acc=0.692
      ep21 train_loss=0.5002 train_acc=0.974 | val_loss=0.9762 val_acc=0.615
      ep22 train_loss=0.4938 train_acc=0.991 | val_loss=1.0173 val_acc=0.538
      ep23 train_loss=0.4719 train_acc=0.996 | val_loss=0.9784 val_acc=0.692
      ep24 train_loss=0.5286 train_acc=0.974 | val_loss=1.0038 val_acc=0.462
    fold acc=0.615 time=227.9s | running pooled acc=0.682

--- Fold 3/26 | test sub03 (7 test, 239 train) ---
      ep00 train_loss=1.4760 train_acc=0.414 | val_loss=1.6706 val_acc=0.143
      ep01 train_loss=1.0688 train_acc=0.657 | val_loss=1.4101 val_acc=0.571
      ep02 train_loss=1.0125 train_acc=0.690 | val_loss=0.9160 val_acc=0.571
      ep03 train_loss=0.9044 train_acc=0.745 | val_loss=0.7460 val_acc=0.857
      ep04 train_loss=0.8334 train_acc=0.808 | val_loss=0.7632 val_acc=0.714
      ep05 train_loss=0.7821 train_acc=0.828 | val_loss=1.0762 val_acc=0.571
      ep06 train_loss=0.7080 train_acc=0.849 | val_loss=1.3507 val_acc=0.714
      ep07 train_loss=0.7552 train_acc=0.833 | val_loss=0.7740 val_acc=0.714
      ep08 train_loss=0.6324 train_acc=0.900 | val_loss=0.8999 val_acc=0.571
      ep09 train_loss=0.6245 train_acc=0.908 | val_loss=1.0446 val_acc=0.714
      ep10 train_loss=0.5878 train_acc=0.937 | val_loss=0.8556 val_acc=0.857
      ep11 train_loss=0.5343 train_acc=0.954 | val_loss=0.5694 val_acc=0.857
      ep12 train_loss=0.5690 train_acc=0.933 | val_loss=0.8034 val_acc=0.714
      ep13 train_loss=0.5200 train_acc=0.971 | val_loss=0.5456 val_acc=0.857
      ep14 train_loss=0.5404 train_acc=0.958 | val_loss=0.5336 val_acc=0.857
      ep15 train_loss=0.5328 train_acc=0.962 | val_loss=0.5145 val_acc=0.857
      ep16 train_loss=0.5012 train_acc=0.992 | val_loss=0.7267 val_acc=0.857
      ep17 train_loss=0.5239 train_acc=0.962 | val_loss=0.6380 val_acc=0.714
      ep18 train_loss=0.4772 train_acc=0.987 | val_loss=0.7442 val_acc=0.714
      ep19 train_loss=0.4890 train_acc=0.987 | val_loss=0.6576 val_acc=0.857
      ep20 train_loss=0.5089 train_acc=0.975 | val_loss=0.5959 val_acc=0.857
      ep21 train_loss=0.4913 train_acc=0.979 | val_loss=0.6293 val_acc=0.857
      ep22 train_loss=0.5129 train_acc=0.983 | val_loss=0.7153 val_acc=0.714
      ep23 train_loss=0.5006 train_acc=0.975 | val_loss=0.6663 val_acc=0.857
      ep24 train_loss=0.4838 train_acc=0.992 | val_loss=0.5860 val_acc=0.857
    fold acc=0.857 time=229.3s | running pooled acc=0.724

--- Fold 4/26 | test sub04 (5 test, 241 train) ---
      ep00 train_loss=1.4999 train_acc=0.398 | val_loss=1.0897 val_acc=0.800
      ep01 train_loss=1.1232 train_acc=0.618 | val_loss=0.5750 val_acc=0.600
      ep02 train_loss=1.0072 train_acc=0.639 | val_loss=1.0098 val_acc=0.600
      ep03 train_loss=0.9289 train_acc=0.743 | val_loss=0.2756 val_acc=1.000
      ep04 train_loss=0.8462 train_acc=0.772 | val_loss=0.5600 val_acc=0.800
      ep05 train_loss=0.7675 train_acc=0.817 | val_loss=1.0983 val_acc=0.600
      ep06 train_loss=0.6399 train_acc=0.905 | val_loss=0.7599 val_acc=0.600
      ep07 train_loss=0.6960 train_acc=0.871 | val_loss=0.3763 val_acc=0.800
      ep08 train_loss=0.5678 train_acc=0.946 | val_loss=0.3741 val_acc=0.800
      ep09 train_loss=0.6574 train_acc=0.884 | val_loss=0.5687 val_acc=0.800
      ep10 train_loss=0.5580 train_acc=0.954 | val_loss=0.2208 val_acc=1.000
      ep11 train_loss=0.5874 train_acc=0.925 | val_loss=0.8242 val_acc=0.800
      ep12 train_loss=0.5288 train_acc=0.971 | val_loss=0.9844 val_acc=0.600
      ep13 train_loss=0.5748 train_acc=0.934 | val_loss=0.7027 val_acc=0.600
      ep14 train_loss=0.5592 train_acc=0.959 | val_loss=0.7614 val_acc=0.600
      ep15 train_loss=0.5296 train_acc=0.963 | val_loss=0.4878 val_acc=0.800
      ep16 train_loss=0.5210 train_acc=0.971 | val_loss=0.7778 val_acc=0.800
      ep17 train_loss=0.5272 train_acc=0.971 | val_loss=0.7105 val_acc=0.600
      ep18 train_loss=0.5269 train_acc=0.963 | val_loss=0.5638 val_acc=0.600
      ep19 train_loss=0.5022 train_acc=0.979 | val_loss=0.4242 val_acc=0.800
      ep20 train_loss=0.5049 train_acc=0.975 | val_loss=0.4863 val_acc=0.800
      ep21 train_loss=0.4852 train_acc=0.988 | val_loss=0.5238 val_acc=0.600
      ep22 train_loss=0.4940 train_acc=0.983 | val_loss=0.5393 val_acc=0.600
      ep23 train_loss=0.5208 train_acc=0.959 | val_loss=0.7448 val_acc=0.600
      ep24 train_loss=0.5060 train_acc=0.983 | val_loss=0.6667 val_acc=0.600
    fold acc=0.600 time=231.3s | running pooled acc=0.706

--- Fold 5/26 | test sub05 (19 test, 227 train) ---
      ep00 train_loss=1.5101 train_acc=0.374 | val_loss=1.0875 val_acc=0.474
      ep01 train_loss=1.1081 train_acc=0.595 | val_loss=1.2062 val_acc=0.474
      ep02 train_loss=0.9821 train_acc=0.700 | val_loss=1.8865 val_acc=0.421
      ep03 train_loss=0.9253 train_acc=0.744 | val_loss=1.5969 val_acc=0.474
      ep04 train_loss=0.8860 train_acc=0.727 | val_loss=1.6958 val_acc=0.474
      ep05 train_loss=0.7389 train_acc=0.837 | val_loss=1.6930 val_acc=0.526
      ep06 train_loss=0.6955 train_acc=0.894 | val_loss=1.8345 val_acc=0.474
      ep07 train_loss=0.6723 train_acc=0.885 | val_loss=1.1637 val_acc=0.526
      ep08 train_loss=0.7156 train_acc=0.859 | val_loss=1.3685 val_acc=0.421
      ep09 train_loss=0.6645 train_acc=0.890 | val_loss=1.5295 val_acc=0.526
      ep10 train_loss=0.5977 train_acc=0.956 | val_loss=1.7864 val_acc=0.368
      ep11 train_loss=0.5661 train_acc=0.947 | val_loss=1.7292 val_acc=0.526
      ep12 train_loss=0.5505 train_acc=0.969 | val_loss=1.5898 val_acc=0.526
      ep13 train_loss=0.5882 train_acc=0.934 | val_loss=1.8113 val_acc=0.421
      ep14 train_loss=0.5359 train_acc=0.969 | val_loss=1.7266 val_acc=0.474
      ep15 train_loss=0.5330 train_acc=0.965 | val_loss=1.6539 val_acc=0.421
      ep16 train_loss=0.5301 train_acc=0.969 | val_loss=1.5085 val_acc=0.474
      ep17 train_loss=0.5140 train_acc=0.982 | val_loss=1.9261 val_acc=0.368
      ep18 train_loss=0.5219 train_acc=0.978 | val_loss=1.7506 val_acc=0.421
      ep19 train_loss=0.5161 train_acc=0.960 | val_loss=1.8589 val_acc=0.421
      ep20 train_loss=0.5106 train_acc=0.978 | val_loss=1.7592 val_acc=0.421
      ep21 train_loss=0.4812 train_acc=0.996 | val_loss=1.6035 val_acc=0.421
      ep22 train_loss=0.5129 train_acc=0.969 | val_loss=1.5606 val_acc=0.474
      ep23 train_loss=0.4922 train_acc=0.987 | val_loss=1.5104 val_acc=0.421
      ep24 train_loss=0.4956 train_acc=0.987 | val_loss=1.6807 val_acc=0.421
    fold acc=0.474 time=234.9s | running pooled acc=0.623

--- Fold 6/26 | test sub06 (5 test, 241 train) ---
      ep00 train_loss=1.4724 train_acc=0.402 | val_loss=1.4420 val_acc=0.600
      ep01 train_loss=1.1103 train_acc=0.610 | val_loss=0.7460 val_acc=0.800
      ep02 train_loss=0.9998 train_acc=0.664 | val_loss=0.8028 val_acc=0.600
      ep03 train_loss=0.8989 train_acc=0.768 | val_loss=0.6390 val_acc=0.800
      ep04 train_loss=0.8122 train_acc=0.772 | val_loss=0.9938 val_acc=0.600
      ep05 train_loss=0.7299 train_acc=0.855 | val_loss=1.1111 val_acc=0.600
      ep06 train_loss=0.6375 train_acc=0.896 | val_loss=1.3777 val_acc=0.600
      ep07 train_loss=0.6979 train_acc=0.859 | val_loss=0.8334 val_acc=0.600
      ep08 train_loss=0.5665 train_acc=0.934 | val_loss=1.0528 val_acc=0.600
      ep09 train_loss=0.6869 train_acc=0.905 | val_loss=1.0515 val_acc=0.800
      ep10 train_loss=0.6016 train_acc=0.909 | val_loss=1.1640 val_acc=0.600
      ep11 train_loss=0.5879 train_acc=0.929 | val_loss=1.4716 val_acc=0.600
      ep12 train_loss=0.5474 train_acc=0.954 | val_loss=0.8425 val_acc=0.800
      ep13 train_loss=0.5578 train_acc=0.954 | val_loss=1.2528 val_acc=0.600
      ep14 train_loss=0.5737 train_acc=0.938 | val_loss=1.5365 val_acc=0.600
      ep15 train_loss=0.5330 train_acc=0.963 | val_loss=1.1411 val_acc=0.600
      ep16 train_loss=0.4965 train_acc=0.988 | val_loss=1.5960 val_acc=0.600
      ep17 train_loss=0.5080 train_acc=0.967 | val_loss=1.2476 val_acc=0.600
      ep18 train_loss=0.5557 train_acc=0.950 | val_loss=1.2494 val_acc=0.600
      ep19 train_loss=0.4880 train_acc=0.988 | val_loss=0.9266 val_acc=0.600
      ep20 train_loss=0.5035 train_acc=0.979 | val_loss=0.9968 val_acc=0.600
      ep21 train_loss=0.4954 train_acc=0.979 | val_loss=1.1418 val_acc=0.600
      ep22 train_loss=0.4883 train_acc=0.979 | val_loss=1.2327 val_acc=0.600
      ep23 train_loss=0.5158 train_acc=0.971 | val_loss=1.2647 val_acc=0.600
      ep24 train_loss=0.5034 train_acc=0.983 | val_loss=0.9776 val_acc=0.600
    fold acc=0.800 time=231.9s | running pooled acc=0.638

--- Fold 7/26 | test sub07 (9 test, 237 train) ---
      ep00 train_loss=1.4970 train_acc=0.376 | val_loss=1.5576 val_acc=0.222
      ep01 train_loss=1.0958 train_acc=0.599 | val_loss=1.0921 val_acc=0.667
      ep02 train_loss=0.9742 train_acc=0.709 | val_loss=0.9890 val_acc=0.667
      ep03 train_loss=0.9229 train_acc=0.738 | val_loss=1.1260 val_acc=0.667
      ep04 train_loss=0.8369 train_acc=0.793 | val_loss=1.3013 val_acc=0.667
      ep05 train_loss=0.7981 train_acc=0.831 | val_loss=1.1096 val_acc=0.778
      ep06 train_loss=0.7157 train_acc=0.865 | val_loss=1.5174 val_acc=0.556
      ep07 train_loss=0.6627 train_acc=0.903 | val_loss=1.4356 val_acc=0.556
      ep08 train_loss=0.7127 train_acc=0.852 | val_loss=1.4413 val_acc=0.778
      ep09 train_loss=0.6743 train_acc=0.878 | val_loss=1.3423 val_acc=0.667
      ep10 train_loss=0.5666 train_acc=0.949 | val_loss=1.4633 val_acc=0.667
      ep11 train_loss=0.5589 train_acc=0.949 | val_loss=1.4995 val_acc=0.667
      ep12 train_loss=0.5606 train_acc=0.962 | val_loss=1.4019 val_acc=0.556
      ep13 train_loss=0.5406 train_acc=0.958 | val_loss=1.3781 val_acc=0.667
      ep14 train_loss=0.5157 train_acc=0.979 | val_loss=1.4096 val_acc=0.556
      ep15 train_loss=0.5427 train_acc=0.958 | val_loss=1.3344 val_acc=0.556
      ep16 train_loss=0.5170 train_acc=0.966 | val_loss=1.4653 val_acc=0.556
      ep17 train_loss=0.5315 train_acc=0.966 | val_loss=1.5122 val_acc=0.556
      ep18 train_loss=0.5337 train_acc=0.958 | val_loss=1.4449 val_acc=0.556
      ep19 train_loss=0.4943 train_acc=0.987 | val_loss=1.6328 val_acc=0.556
      ep20 train_loss=0.5140 train_acc=0.966 | val_loss=1.5933 val_acc=0.444
      ep21 train_loss=0.5403 train_acc=0.954 | val_loss=1.6203 val_acc=0.444
      ep22 train_loss=0.4754 train_acc=0.996 | val_loss=1.5347 val_acc=0.444
      ep23 train_loss=0.4948 train_acc=0.983 | val_loss=1.5797 val_acc=0.556
      ep24 train_loss=0.5009 train_acc=0.992 | val_loss=1.5276 val_acc=0.444
    fold acc=0.667 time=229.0s | running pooled acc=0.642

--- Fold 8/26 | test sub08 (3 test, 243 train) ---
      ep00 train_loss=1.5177 train_acc=0.342 | val_loss=1.0118 val_acc=0.333
      ep01 train_loss=1.1251 train_acc=0.588 | val_loss=1.2354 val_acc=0.333
      ep02 train_loss=1.0019 train_acc=0.663 | val_loss=0.7171 val_acc=0.667
      ep03 train_loss=0.9858 train_acc=0.687 | val_loss=1.1762 val_acc=0.333
      ep04 train_loss=0.8516 train_acc=0.790 | val_loss=1.2591 val_acc=0.667
      ep05 train_loss=0.8090 train_acc=0.811 | val_loss=2.1309 val_acc=0.333
      ep06 train_loss=0.6604 train_acc=0.864 | val_loss=1.9156 val_acc=0.667
      ep07 train_loss=0.6438 train_acc=0.893 | val_loss=2.6790 val_acc=0.000
      ep08 train_loss=0.6467 train_acc=0.905 | val_loss=2.2912 val_acc=0.667
      ep09 train_loss=0.5945 train_acc=0.922 | val_loss=2.0654 val_acc=0.667
      ep10 train_loss=0.6308 train_acc=0.909 | val_loss=2.1317 val_acc=0.333
      ep11 train_loss=0.5635 train_acc=0.934 | val_loss=2.3217 val_acc=0.333
      ep12 train_loss=0.5596 train_acc=0.951 | val_loss=1.6475 val_acc=0.667
      ep13 train_loss=0.5562 train_acc=0.947 | val_loss=1.8564 val_acc=0.333
      ep14 train_loss=0.5232 train_acc=0.967 | val_loss=1.7052 val_acc=0.667
      ep15 train_loss=0.5315 train_acc=0.967 | val_loss=1.6271 val_acc=0.667
      ep16 train_loss=0.5154 train_acc=0.967 | val_loss=0.9616 val_acc=0.667
      ep17 train_loss=0.5339 train_acc=0.967 | val_loss=1.1014 val_acc=0.667
      ep18 train_loss=0.4958 train_acc=0.975 | val_loss=1.4743 val_acc=0.667
      ep19 train_loss=0.4948 train_acc=0.979 | val_loss=1.4171 val_acc=0.667
      ep20 train_loss=0.5193 train_acc=0.967 | val_loss=0.9278 val_acc=0.667
      ep21 train_loss=0.5086 train_acc=0.975 | val_loss=1.4451 val_acc=0.667
      ep22 train_loss=0.4746 train_acc=1.000 | val_loss=1.4083 val_acc=0.667
      ep23 train_loss=0.4773 train_acc=0.996 | val_loss=1.0573 val_acc=0.667
      ep24 train_loss=0.5160 train_acc=0.959 | val_loss=1.5541 val_acc=0.667
    fold acc=0.667 time=229.1s | running pooled acc=0.643

--- Fold 9/26 | test sub09 (13 test, 233 train) ---
      ep00 train_loss=1.4971 train_acc=0.403 | val_loss=1.2735 val_acc=0.538
      ep01 train_loss=1.1410 train_acc=0.609 | val_loss=0.9806 val_acc=0.615
      ep02 train_loss=1.0141 train_acc=0.674 | val_loss=0.9438 val_acc=0.462
      ep03 train_loss=0.8666 train_acc=0.798 | val_loss=0.7476 val_acc=0.692
      ep04 train_loss=0.8149 train_acc=0.777 | val_loss=0.5358 val_acc=0.846
      ep05 train_loss=0.7663 train_acc=0.837 | val_loss=0.8574 val_acc=0.538
      ep06 train_loss=0.7606 train_acc=0.824 | val_loss=0.8531 val_acc=0.615
      ep07 train_loss=0.6802 train_acc=0.863 | val_loss=0.6056 val_acc=0.692
      ep08 train_loss=0.6382 train_acc=0.893 | val_loss=0.6471 val_acc=0.615
      ep09 train_loss=0.5892 train_acc=0.936 | val_loss=0.6948 val_acc=0.692
      ep10 train_loss=0.5654 train_acc=0.944 | val_loss=0.8583 val_acc=0.538
      ep11 train_loss=0.6075 train_acc=0.923 | val_loss=0.5962 val_acc=0.769
      ep12 train_loss=0.5782 train_acc=0.948 | val_loss=0.6952 val_acc=0.769
      ep13 train_loss=0.5556 train_acc=0.948 | val_loss=0.8698 val_acc=0.538
      ep14 train_loss=0.5123 train_acc=0.983 | val_loss=0.7538 val_acc=0.692
      ep15 train_loss=0.5267 train_acc=0.961 | val_loss=0.6932 val_acc=0.692
      ep16 train_loss=0.5001 train_acc=0.979 | val_loss=0.7529 val_acc=0.615
      ep17 train_loss=0.5079 train_acc=0.966 | val_loss=0.6594 val_acc=0.615
      ep18 train_loss=0.5105 train_acc=0.970 | val_loss=0.5689 val_acc=0.692
      ep19 train_loss=0.4977 train_acc=0.979 | val_loss=0.7091 val_acc=0.615
      ep20 train_loss=0.5103 train_acc=0.974 | val_loss=0.6497 val_acc=0.692
      ep21 train_loss=0.4974 train_acc=0.974 | val_loss=0.6744 val_acc=0.538
      ep22 train_loss=0.4948 train_acc=0.991 | val_loss=0.7272 val_acc=0.692
      ep23 train_loss=0.4615 train_acc=0.996 | val_loss=0.6755 val_acc=0.692
      ep24 train_loss=0.5008 train_acc=0.970 | val_loss=0.6402 val_acc=0.692
    fold acc=0.615 time=228.8s | running pooled acc=0.639

--- Fold 10/26 | test sub10 (13 test, 233 train) ---
      ep00 train_loss=1.5162 train_acc=0.386 | val_loss=0.5213 val_acc=1.000
      ep01 train_loss=1.1626 train_acc=0.575 | val_loss=0.5431 val_acc=0.923
      ep02 train_loss=1.0431 train_acc=0.657 | val_loss=0.9545 val_acc=0.615
      ep03 train_loss=0.8772 train_acc=0.777 | val_loss=0.9714 val_acc=0.462
      ep04 train_loss=0.8291 train_acc=0.781 | val_loss=0.2669 val_acc=0.923
      ep05 train_loss=0.7749 train_acc=0.833 | val_loss=0.1869 val_acc=0.923
      ep06 train_loss=0.7374 train_acc=0.845 | val_loss=0.6954 val_acc=0.769
      ep07 train_loss=0.7004 train_acc=0.858 | val_loss=0.7791 val_acc=0.769
      ep08 train_loss=0.6511 train_acc=0.897 | val_loss=0.3078 val_acc=0.923
      ep09 train_loss=0.5951 train_acc=0.936 | val_loss=0.2345 val_acc=0.923
      ep10 train_loss=0.5845 train_acc=0.944 | val_loss=0.5360 val_acc=0.846
      ep11 train_loss=0.6004 train_acc=0.918 | val_loss=0.2598 val_acc=0.923
      ep12 train_loss=0.5663 train_acc=0.948 | val_loss=0.1867 val_acc=1.000
      ep13 train_loss=0.5543 train_acc=0.940 | val_loss=0.4010 val_acc=0.923
      ep14 train_loss=0.5269 train_acc=0.966 | val_loss=0.3860 val_acc=0.923
      ep15 train_loss=0.5162 train_acc=0.983 | val_loss=0.2242 val_acc=0.923
      ep16 train_loss=0.5007 train_acc=0.991 | val_loss=0.2051 val_acc=1.000
      ep17 train_loss=0.4985 train_acc=0.983 | val_loss=0.2840 val_acc=0.923
      ep18 train_loss=0.5211 train_acc=0.970 | val_loss=0.2054 val_acc=1.000
      ep19 train_loss=0.4862 train_acc=0.991 | val_loss=0.2339 val_acc=0.923
      ep20 train_loss=0.5118 train_acc=0.970 | val_loss=0.3040 val_acc=0.846
      ep21 train_loss=0.5056 train_acc=0.966 | val_loss=0.2488 val_acc=0.923
      ep22 train_loss=0.4926 train_acc=0.987 | val_loss=0.2919 val_acc=0.846
      ep23 train_loss=0.4663 train_acc=0.991 | val_loss=0.3095 val_acc=0.846
      ep24 train_loss=0.5013 train_acc=0.974 | val_loss=0.2597 val_acc=0.923
    fold acc=0.923 time=230.4s | running pooled acc=0.677

--- Fold 11/26 | test sub11 (10 test, 236 train) ---
      ep00 train_loss=1.5045 train_acc=0.352 | val_loss=1.0307 val_acc=0.600
      ep01 train_loss=1.1567 train_acc=0.614 | val_loss=0.8339 val_acc=0.500
      ep02 train_loss=0.9792 train_acc=0.682 | val_loss=0.5853 val_acc=0.700
      ep03 train_loss=0.9180 train_acc=0.703 | val_loss=1.0829 val_acc=0.500
      ep04 train_loss=0.8937 train_acc=0.758 | val_loss=0.7925 val_acc=0.500
      ep05 train_loss=0.7310 train_acc=0.826 | val_loss=0.5721 val_acc=0.900
      ep06 train_loss=0.7122 train_acc=0.860 | val_loss=0.5938 val_acc=0.800
      ep07 train_loss=0.7169 train_acc=0.890 | val_loss=0.8422 val_acc=0.700
      ep08 train_loss=0.6484 train_acc=0.890 | val_loss=0.7607 val_acc=0.800
      ep09 train_loss=0.6063 train_acc=0.924 | val_loss=0.8920 val_acc=0.800
      ep10 train_loss=0.6195 train_acc=0.932 | val_loss=0.5008 val_acc=0.700
      ep11 train_loss=0.5944 train_acc=0.911 | val_loss=0.4867 val_acc=0.900
      ep12 train_loss=0.5814 train_acc=0.941 | val_loss=0.8016 val_acc=0.800
      ep13 train_loss=0.5735 train_acc=0.953 | val_loss=0.5130 val_acc=0.800
      ep14 train_loss=0.5425 train_acc=0.949 | val_loss=0.7052 val_acc=0.700
      ep15 train_loss=0.5878 train_acc=0.911 | val_loss=0.5219 val_acc=0.800
      ep16 train_loss=0.5214 train_acc=0.975 | val_loss=0.5923 val_acc=0.700
      ep17 train_loss=0.5289 train_acc=0.958 | val_loss=0.6547 val_acc=0.700
      ep18 train_loss=0.5278 train_acc=0.975 | val_loss=0.7069 val_acc=0.500
      ep19 train_loss=0.5156 train_acc=0.987 | val_loss=0.5422 val_acc=0.700
      ep20 train_loss=0.5084 train_acc=0.975 | val_loss=0.4559 val_acc=0.900
      ep21 train_loss=0.4969 train_acc=0.987 | val_loss=0.4602 val_acc=0.800
      ep22 train_loss=0.5398 train_acc=0.970 | val_loss=0.4592 val_acc=0.900
      ep23 train_loss=0.4818 train_acc=0.987 | val_loss=0.5219 val_acc=0.900
      ep24 train_loss=0.4980 train_acc=0.983 | val_loss=0.5163 val_acc=0.700
    fold acc=0.900 time=235.7s | running pooled acc=0.698

--- Fold 12/26 | test sub12 (12 test, 234 train) ---
      ep00 train_loss=1.5139 train_acc=0.415 | val_loss=1.2114 val_acc=0.417
      ep01 train_loss=1.1585 train_acc=0.615 | val_loss=0.7252 val_acc=0.750
      ep02 train_loss=1.1055 train_acc=0.628 | val_loss=0.4891 val_acc=0.750
      ep03 train_loss=0.8854 train_acc=0.752 | val_loss=0.4464 val_acc=0.750
      ep04 train_loss=0.8228 train_acc=0.799 | val_loss=0.5864 val_acc=0.750
      ep05 train_loss=0.7826 train_acc=0.812 | val_loss=0.2200 val_acc=0.917
      ep06 train_loss=0.7344 train_acc=0.833 | val_loss=0.1451 val_acc=1.000
      ep07 train_loss=0.7280 train_acc=0.850 | val_loss=0.4715 val_acc=0.833
      ep08 train_loss=0.6438 train_acc=0.893 | val_loss=0.4031 val_acc=0.833
      ep09 train_loss=0.6632 train_acc=0.893 | val_loss=0.2944 val_acc=0.833
      ep10 train_loss=0.6055 train_acc=0.910 | val_loss=0.4695 val_acc=0.917
      ep11 train_loss=0.5876 train_acc=0.940 | val_loss=0.3993 val_acc=0.833
      ep12 train_loss=0.5595 train_acc=0.949 | val_loss=0.4169 val_acc=0.833
      ep13 train_loss=0.5526 train_acc=0.936 | val_loss=0.3549 val_acc=0.917
      ep14 train_loss=0.5435 train_acc=0.962 | val_loss=0.3842 val_acc=0.917
      ep15 train_loss=0.5515 train_acc=0.974 | val_loss=0.2614 val_acc=0.917
      ep16 train_loss=0.5353 train_acc=0.966 | val_loss=0.4360 val_acc=0.833
      ep17 train_loss=0.5176 train_acc=0.991 | val_loss=0.3453 val_acc=0.917
      ep18 train_loss=0.5018 train_acc=0.974 | val_loss=0.3294 val_acc=0.917
      ep19 train_loss=0.5233 train_acc=0.962 | val_loss=0.2920 val_acc=0.917
      ep20 train_loss=0.5163 train_acc=0.970 | val_loss=0.2902 val_acc=0.917
      ep21 train_loss=0.5094 train_acc=0.974 | val_loss=0.3013 val_acc=0.917
      ep22 train_loss=0.5002 train_acc=0.983 | val_loss=0.3624 val_acc=0.917
      ep23 train_loss=0.5060 train_acc=0.991 | val_loss=0.4272 val_acc=0.917
      ep24 train_loss=0.5114 train_acc=0.974 | val_loss=0.3807 val_acc=0.917
    fold acc=0.917 time=233.5s | running pooled acc=0.720

--- Fold 13/26 | test sub13 (8 test, 238 train) ---
      ep00 train_loss=1.4709 train_acc=0.408 | val_loss=0.8860 val_acc=0.625
      ep01 train_loss=1.1660 train_acc=0.576 | val_loss=0.8397 val_acc=0.875
      ep02 train_loss=0.9414 train_acc=0.710 | val_loss=0.9323 val_acc=0.750
      ep03 train_loss=0.9035 train_acc=0.739 | val_loss=0.6452 val_acc=0.875
      ep04 train_loss=0.8898 train_acc=0.744 | val_loss=0.7822 val_acc=0.625
      ep05 train_loss=0.7375 train_acc=0.824 | val_loss=0.5251 val_acc=0.750
      ep06 train_loss=0.7493 train_acc=0.836 | val_loss=0.4047 val_acc=0.875
      ep07 train_loss=0.6871 train_acc=0.857 | val_loss=0.4454 val_acc=1.000
      ep08 train_loss=0.6759 train_acc=0.878 | val_loss=0.8502 val_acc=0.500
      ep09 train_loss=0.6504 train_acc=0.924 | val_loss=0.8081 val_acc=0.750
      ep10 train_loss=0.5469 train_acc=0.962 | val_loss=0.6411 val_acc=0.625
      ep11 train_loss=0.5642 train_acc=0.954 | val_loss=0.2615 val_acc=1.000
      ep12 train_loss=0.5539 train_acc=0.945 | val_loss=0.5752 val_acc=0.875
      ep13 train_loss=0.5346 train_acc=0.954 | val_loss=0.4004 val_acc=0.875
      ep14 train_loss=0.5282 train_acc=0.958 | val_loss=0.5226 val_acc=0.750
      ep15 train_loss=0.5259 train_acc=0.962 | val_loss=0.5529 val_acc=0.875
      ep16 train_loss=0.5065 train_acc=0.979 | val_loss=0.3846 val_acc=0.875
      ep17 train_loss=0.5608 train_acc=0.933 | val_loss=0.4312 val_acc=0.875
      ep18 train_loss=0.5156 train_acc=0.971 | val_loss=0.3123 val_acc=0.875
      ep19 train_loss=0.5025 train_acc=0.979 | val_loss=0.4295 val_acc=0.875
      ep20 train_loss=0.5146 train_acc=0.966 | val_loss=0.4901 val_acc=0.875
      ep21 train_loss=0.5216 train_acc=0.958 | val_loss=0.4703 val_acc=0.875
      ep22 train_loss=0.4704 train_acc=0.987 | val_loss=0.4491 val_acc=0.875
      ep23 train_loss=0.5049 train_acc=0.979 | val_loss=0.5024 val_acc=0.875
      ep24 train_loss=0.4932 train_acc=0.983 | val_loss=0.4476 val_acc=0.875
    fold acc=0.875 time=228.7s | running pooled acc=0.730

--- Fold 14/26 | test sub14 (4 test, 242 train) ---
      ep00 train_loss=1.4472 train_acc=0.430 | val_loss=1.1775 val_acc=0.500
      ep01 train_loss=1.1056 train_acc=0.616 | val_loss=1.4170 val_acc=0.500
      ep02 train_loss=0.9561 train_acc=0.736 | val_loss=1.2943 val_acc=0.500
      ep03 train_loss=0.8495 train_acc=0.769 | val_loss=0.8926 val_acc=0.500
      ep04 train_loss=0.8441 train_acc=0.744 | val_loss=1.2421 val_acc=0.250
      ep05 train_loss=0.7822 train_acc=0.806 | val_loss=1.3693 val_acc=0.500
      ep06 train_loss=0.7050 train_acc=0.851 | val_loss=1.3768 val_acc=0.500
      ep07 train_loss=0.6891 train_acc=0.851 | val_loss=1.0782 val_acc=0.500
      ep08 train_loss=0.6138 train_acc=0.921 | val_loss=1.6297 val_acc=0.250
      ep09 train_loss=0.6476 train_acc=0.913 | val_loss=1.4401 val_acc=0.250
      ep10 train_loss=0.5873 train_acc=0.917 | val_loss=1.1407 val_acc=0.250
      ep11 train_loss=0.5987 train_acc=0.930 | val_loss=1.0869 val_acc=0.500
      ep12 train_loss=0.6122 train_acc=0.930 | val_loss=1.4831 val_acc=0.500
      ep13 train_loss=0.5714 train_acc=0.942 | val_loss=1.3223 val_acc=0.250
      ep14 train_loss=0.5349 train_acc=0.975 | val_loss=1.1993 val_acc=0.500
      ep15 train_loss=0.5257 train_acc=0.967 | val_loss=1.4234 val_acc=0.250
      ep16 train_loss=0.5134 train_acc=0.967 | val_loss=1.6302 val_acc=0.250
      ep17 train_loss=0.5010 train_acc=0.983 | val_loss=1.4924 val_acc=0.250
      ep18 train_loss=0.4945 train_acc=0.983 | val_loss=1.7092 val_acc=0.250
      ep19 train_loss=0.5086 train_acc=0.979 | val_loss=1.4618 val_acc=0.250
      ep20 train_loss=0.4951 train_acc=0.967 | val_loss=1.1174 val_acc=0.500
      ep21 train_loss=0.5187 train_acc=0.967 | val_loss=1.2260 val_acc=0.250
      ep22 train_loss=0.4886 train_acc=0.983 | val_loss=1.3523 val_acc=0.250
      ep23 train_loss=0.4973 train_acc=0.975 | val_loss=1.2496 val_acc=0.250
      ep24 train_loss=0.4748 train_acc=0.979 | val_loss=1.2404 val_acc=0.500
    fold acc=0.500 time=228.3s | running pooled acc=0.723

--- Fold 15/26 | test sub15 (3 test, 243 train) ---
      ep00 train_loss=1.4652 train_acc=0.379 | val_loss=0.7193 val_acc=1.000
      ep01 train_loss=1.1254 train_acc=0.593 | val_loss=1.0628 val_acc=0.333
      ep02 train_loss=0.9449 train_acc=0.720 | val_loss=0.8438 val_acc=0.667
      ep03 train_loss=0.9605 train_acc=0.716 | val_loss=0.4312 val_acc=1.000
      ep04 train_loss=0.9421 train_acc=0.724 | val_loss=0.5541 val_acc=1.000
      ep05 train_loss=0.8351 train_acc=0.794 | val_loss=0.7213 val_acc=0.667
      ep06 train_loss=0.6660 train_acc=0.897 | val_loss=0.5994 val_acc=0.667
      ep07 train_loss=0.6753 train_acc=0.872 | val_loss=0.5970 val_acc=1.000
      ep08 train_loss=0.6905 train_acc=0.864 | val_loss=0.4135 val_acc=1.000
      ep09 train_loss=0.6208 train_acc=0.922 | val_loss=0.3845 val_acc=1.000
      ep10 train_loss=0.6161 train_acc=0.926 | val_loss=0.3802 val_acc=1.000
      ep11 train_loss=0.5738 train_acc=0.942 | val_loss=0.6043 val_acc=1.000
      ep12 train_loss=0.5903 train_acc=0.914 | val_loss=0.7894 val_acc=0.333
      ep13 train_loss=0.5409 train_acc=0.967 | val_loss=0.5896 val_acc=1.000
      ep14 train_loss=0.5288 train_acc=0.963 | val_loss=0.3086 val_acc=1.000
      ep15 train_loss=0.5109 train_acc=0.988 | val_loss=0.2044 val_acc=1.000
      ep16 train_loss=0.5230 train_acc=0.959 | val_loss=0.3825 val_acc=1.000
      ep17 train_loss=0.5388 train_acc=0.951 | val_loss=0.3670 val_acc=1.000
      ep18 train_loss=0.4972 train_acc=0.992 | val_loss=0.3940 val_acc=1.000
      ep19 train_loss=0.4852 train_acc=0.996 | val_loss=0.3484 val_acc=1.000
      ep20 train_loss=0.4999 train_acc=0.979 | val_loss=0.4720 val_acc=1.000
      ep21 train_loss=0.5220 train_acc=0.967 | val_loss=0.3751 val_acc=1.000
      ep22 train_loss=0.4913 train_acc=0.979 | val_loss=0.3544 val_acc=1.000
      ep23 train_loss=0.4840 train_acc=0.992 | val_loss=0.3032 val_acc=1.000
      ep24 train_loss=0.4997 train_acc=0.979 | val_loss=0.3018 val_acc=1.000
    fold acc=1.000 time=228.8s | running pooled acc=0.729

--- Fold 16/26 | test sub16 (4 test, 242 train) ---
      ep00 train_loss=1.4521 train_acc=0.430 | val_loss=2.1951 val_acc=0.250
      ep01 train_loss=1.0893 train_acc=0.632 | val_loss=1.8595 val_acc=0.250
      ep02 train_loss=0.9539 train_acc=0.690 | val_loss=1.6612 val_acc=0.500
      ep03 train_loss=0.8531 train_acc=0.785 | val_loss=1.5365 val_acc=0.500
      ep04 train_loss=0.8079 train_acc=0.789 | val_loss=1.8679 val_acc=0.500
      ep05 train_loss=0.7920 train_acc=0.814 | val_loss=1.3842 val_acc=0.500
      ep06 train_loss=0.7021 train_acc=0.855 | val_loss=2.1071 val_acc=0.250
      ep07 train_loss=0.6531 train_acc=0.905 | val_loss=1.9479 val_acc=0.250
      ep08 train_loss=0.6113 train_acc=0.934 | val_loss=1.5740 val_acc=0.500
      ep09 train_loss=0.6640 train_acc=0.888 | val_loss=1.4592 val_acc=0.250
      ep10 train_loss=0.6000 train_acc=0.926 | val_loss=1.1833 val_acc=0.750
      ep11 train_loss=0.5884 train_acc=0.926 | val_loss=1.4400 val_acc=0.500
      ep12 train_loss=0.5838 train_acc=0.938 | val_loss=1.9160 val_acc=0.500
      ep13 train_loss=0.5992 train_acc=0.934 | val_loss=1.7711 val_acc=0.500
      ep14 train_loss=0.5203 train_acc=0.971 | val_loss=1.5057 val_acc=0.500
      ep15 train_loss=0.5323 train_acc=0.955 | val_loss=1.7041 val_acc=0.500
      ep16 train_loss=0.5339 train_acc=0.959 | val_loss=1.7380 val_acc=0.500
      ep17 train_loss=0.4958 train_acc=0.992 | val_loss=1.7332 val_acc=0.500
      ep18 train_loss=0.4969 train_acc=0.971 | val_loss=1.9135 val_acc=0.250
      ep19 train_loss=0.5133 train_acc=0.975 | val_loss=1.8742 val_acc=0.500
      ep20 train_loss=0.5068 train_acc=0.975 | val_loss=1.6547 val_acc=0.500
      ep21 train_loss=0.5274 train_acc=0.963 | val_loss=1.7253 val_acc=0.500
      ep22 train_loss=0.4891 train_acc=0.983 | val_loss=1.6061 val_acc=0.500
      ep23 train_loss=0.4887 train_acc=1.000 | val_loss=1.6257 val_acc=0.500
      ep24 train_loss=0.4746 train_acc=0.983 | val_loss=1.7088 val_acc=0.500
    fold acc=0.500 time=235.6s | running pooled acc=0.723

--- Fold 17/26 | test sub17 (34 test, 212 train) ---
      ep00 train_loss=1.4123 train_acc=0.448 | val_loss=2.1216 val_acc=0.147
      ep01 train_loss=1.1188 train_acc=0.599 | val_loss=1.3190 val_acc=0.324
      ep02 train_loss=0.9315 train_acc=0.684 | val_loss=1.5829 val_acc=0.382
      ep03 train_loss=0.9264 train_acc=0.703 | val_loss=1.7156 val_acc=0.294
      ep04 train_loss=0.8302 train_acc=0.774 | val_loss=1.0607 val_acc=0.588
      ep05 train_loss=0.8069 train_acc=0.811 | val_loss=1.2141 val_acc=0.441
      ep06 train_loss=0.7235 train_acc=0.849 | val_loss=2.0414 val_acc=0.441
      ep07 train_loss=0.7689 train_acc=0.802 | val_loss=2.1073 val_acc=0.353
      ep08 train_loss=0.6556 train_acc=0.877 | val_loss=1.6909 val_acc=0.471
      ep09 train_loss=0.6398 train_acc=0.910 | val_loss=1.3589 val_acc=0.471
      ep10 train_loss=0.6109 train_acc=0.915 | val_loss=2.2163 val_acc=0.294
      ep11 train_loss=0.6359 train_acc=0.901 | val_loss=1.5361 val_acc=0.500
      ep12 train_loss=0.5292 train_acc=0.962 | val_loss=1.7085 val_acc=0.412
      ep13 train_loss=0.5606 train_acc=0.943 | val_loss=1.7758 val_acc=0.353
      ep14 train_loss=0.5546 train_acc=0.967 | val_loss=1.7500 val_acc=0.382
      ep15 train_loss=0.5711 train_acc=0.939 | val_loss=1.7474 val_acc=0.382
      ep16 train_loss=0.5365 train_acc=0.967 | val_loss=1.4421 val_acc=0.441
      ep17 train_loss=0.5309 train_acc=0.967 | val_loss=1.4109 val_acc=0.471
      ep18 train_loss=0.5070 train_acc=0.981 | val_loss=1.5150 val_acc=0.412
      ep19 train_loss=0.5360 train_acc=0.953 | val_loss=1.4874 val_acc=0.382
      ep20 train_loss=0.5176 train_acc=0.972 | val_loss=1.6752 val_acc=0.412
      ep21 train_loss=0.5011 train_acc=0.981 | val_loss=1.6143 val_acc=0.382
      ep22 train_loss=0.4857 train_acc=0.981 | val_loss=1.4645 val_acc=0.441
      ep23 train_loss=0.4922 train_acc=0.981 | val_loss=1.4933 val_acc=0.382
      ep24 train_loss=0.5312 train_acc=0.962 | val_loss=1.5965 val_acc=0.412
    fold acc=0.441 time=232.8s | running pooled acc=0.667

--- Fold 18/26 | test sub18 (3 test, 243 train) ---
      ep00 train_loss=1.5030 train_acc=0.374 | val_loss=0.5149 val_acc=1.000
      ep01 train_loss=1.1342 train_acc=0.584 | val_loss=0.5852 val_acc=1.000
      ep02 train_loss=1.0005 train_acc=0.658 | val_loss=0.3466 val_acc=1.000
      ep03 train_loss=0.9554 train_acc=0.716 | val_loss=0.3391 val_acc=1.000
      ep04 train_loss=0.8808 train_acc=0.749 | val_loss=0.4178 val_acc=1.000
      ep05 train_loss=0.8421 train_acc=0.761 | val_loss=0.4845 val_acc=0.667
      ep06 train_loss=0.6837 train_acc=0.885 | val_loss=0.5199 val_acc=0.667
      ep07 train_loss=0.7009 train_acc=0.860 | val_loss=0.5172 val_acc=0.667
      ep08 train_loss=0.6834 train_acc=0.901 | val_loss=0.8862 val_acc=0.667
      ep09 train_loss=0.6463 train_acc=0.897 | val_loss=1.1106 val_acc=0.667
      ep10 train_loss=0.5972 train_acc=0.918 | val_loss=0.7345 val_acc=0.667
      ep11 train_loss=0.5575 train_acc=0.947 | val_loss=0.3589 val_acc=1.000
      ep12 train_loss=0.5528 train_acc=0.951 | val_loss=0.4401 val_acc=1.000
      ep13 train_loss=0.5653 train_acc=0.938 | val_loss=0.9247 val_acc=0.667
      ep14 train_loss=0.5290 train_acc=0.975 | val_loss=0.6231 val_acc=0.667
      ep15 train_loss=0.5365 train_acc=0.967 | val_loss=0.3588 val_acc=1.000
      ep16 train_loss=0.5015 train_acc=0.979 | val_loss=0.5313 val_acc=0.667
      ep17 train_loss=0.5084 train_acc=0.975 | val_loss=0.8194 val_acc=0.667
      ep18 train_loss=0.5016 train_acc=0.975 | val_loss=0.7083 val_acc=0.667
      ep19 train_loss=0.4894 train_acc=0.988 | val_loss=0.6595 val_acc=0.667
      ep20 train_loss=0.4831 train_acc=0.992 | val_loss=0.3310 val_acc=1.000
      ep21 train_loss=0.4928 train_acc=0.988 | val_loss=0.6012 val_acc=0.667
      ep22 train_loss=0.5065 train_acc=0.971 | val_loss=0.4590 val_acc=0.667
      ep23 train_loss=0.4776 train_acc=0.996 | val_loss=0.6059 val_acc=0.667
      ep24 train_loss=0.5053 train_acc=0.975 | val_loss=0.7239 val_acc=0.667
    fold acc=0.667 time=230.1s | running pooled acc=0.667

--- Fold 19/26 | test sub19 (15 test, 231 train) ---
      ep00 train_loss=1.4782 train_acc=0.411 | val_loss=1.2972 val_acc=0.467
      ep01 train_loss=1.0863 train_acc=0.619 | val_loss=1.1176 val_acc=0.400
      ep02 train_loss=0.9653 train_acc=0.749 | val_loss=0.9730 val_acc=0.600
      ep03 train_loss=0.8336 train_acc=0.749 | val_loss=0.6594 val_acc=0.800
      ep04 train_loss=0.7925 train_acc=0.818 | val_loss=1.0436 val_acc=0.533
      ep05 train_loss=0.7026 train_acc=0.866 | val_loss=1.1967 val_acc=0.667
      ep06 train_loss=0.7127 train_acc=0.874 | val_loss=1.0188 val_acc=0.667
      ep07 train_loss=0.6863 train_acc=0.896 | val_loss=0.7708 val_acc=0.667
      ep08 train_loss=0.6029 train_acc=0.918 | val_loss=1.0836 val_acc=0.667
      ep09 train_loss=0.6225 train_acc=0.905 | val_loss=0.9467 val_acc=0.600
      ep10 train_loss=0.5305 train_acc=0.970 | val_loss=0.8474 val_acc=0.800
      ep11 train_loss=0.5390 train_acc=0.961 | val_loss=0.6919 val_acc=0.600
      ep12 train_loss=0.5841 train_acc=0.913 | val_loss=0.8114 val_acc=0.600
      ep13 train_loss=0.5713 train_acc=0.939 | val_loss=0.9595 val_acc=0.733
      ep14 train_loss=0.5369 train_acc=0.961 | val_loss=1.0094 val_acc=0.667
      ep15 train_loss=0.5105 train_acc=0.983 | val_loss=0.9508 val_acc=0.667
      ep16 train_loss=0.5187 train_acc=0.974 | val_loss=1.0440 val_acc=0.667
      ep17 train_loss=0.5006 train_acc=0.991 | val_loss=1.1574 val_acc=0.667
      ep18 train_loss=0.4956 train_acc=0.983 | val_loss=0.9269 val_acc=0.733
      ep19 train_loss=0.5144 train_acc=0.987 | val_loss=1.0320 val_acc=0.667
      ep20 train_loss=0.4758 train_acc=0.991 | val_loss=1.0187 val_acc=0.733
      ep21 train_loss=0.5141 train_acc=0.957 | val_loss=1.0413 val_acc=0.667
      ep22 train_loss=0.5057 train_acc=0.974 | val_loss=1.0475 val_acc=0.667
      ep23 train_loss=0.4921 train_acc=0.983 | val_loss=1.0429 val_acc=0.667
      ep24 train_loss=0.4974 train_acc=0.987 | val_loss=1.0601 val_acc=0.667
    fold acc=0.667 time=232.8s | running pooled acc=0.667

--- Fold 20/26 | test sub20 (11 test, 235 train) ---
      ep00 train_loss=1.5294 train_acc=0.349 | val_loss=1.4514 val_acc=0.545
      ep01 train_loss=1.2018 train_acc=0.557 | val_loss=1.0126 val_acc=0.545
      ep02 train_loss=1.0187 train_acc=0.664 | val_loss=1.2415 val_acc=0.364
      ep03 train_loss=0.9041 train_acc=0.723 | val_loss=0.7065 val_acc=0.727
      ep04 train_loss=0.8409 train_acc=0.762 | val_loss=0.7289 val_acc=0.727
      ep05 train_loss=0.8453 train_acc=0.740 | val_loss=0.8596 val_acc=0.455
      ep06 train_loss=0.7441 train_acc=0.817 | val_loss=0.5344 val_acc=0.909
      ep07 train_loss=0.6503 train_acc=0.894 | val_loss=0.6952 val_acc=0.727
      ep08 train_loss=0.6315 train_acc=0.885 | val_loss=0.4487 val_acc=1.000
      ep09 train_loss=0.5767 train_acc=0.957 | val_loss=1.1143 val_acc=0.636
      ep10 train_loss=0.5886 train_acc=0.932 | val_loss=0.5054 val_acc=1.000
      ep11 train_loss=0.5709 train_acc=0.936 | val_loss=0.6665 val_acc=0.727
      ep12 train_loss=0.5575 train_acc=0.945 | val_loss=0.6463 val_acc=0.727
      ep13 train_loss=0.5958 train_acc=0.936 | val_loss=0.8284 val_acc=0.727
      ep14 train_loss=0.5272 train_acc=0.962 | val_loss=0.5967 val_acc=0.818
      ep15 train_loss=0.5333 train_acc=0.966 | val_loss=0.8429 val_acc=0.455
      ep16 train_loss=0.5716 train_acc=0.949 | val_loss=0.8049 val_acc=0.545
      ep17 train_loss=0.5386 train_acc=0.962 | val_loss=0.8221 val_acc=0.545
      ep18 train_loss=0.5171 train_acc=0.974 | val_loss=0.7453 val_acc=0.727
      ep19 train_loss=0.4986 train_acc=0.983 | val_loss=0.7073 val_acc=0.636
      ep20 train_loss=0.5013 train_acc=0.987 | val_loss=0.7619 val_acc=0.636
      ep21 train_loss=0.5210 train_acc=0.966 | val_loss=0.6383 val_acc=0.636
      ep22 train_loss=0.5212 train_acc=0.966 | val_loss=0.6483 val_acc=0.545
      ep23 train_loss=0.4910 train_acc=0.983 | val_loss=0.7212 val_acc=0.727
      ep24 train_loss=0.5176 train_acc=0.987 | val_loss=0.7919 val_acc=0.545
    fold acc=0.727 time=228.8s | running pooled acc=0.670

--- Fold 21/26 | test sub21 (2 test, 244 train) ---
      ep00 train_loss=1.4911 train_acc=0.406 | val_loss=1.4844 val_acc=0.000
      ep01 train_loss=1.1550 train_acc=0.574 | val_loss=1.8888 val_acc=0.500
      ep02 train_loss=0.9732 train_acc=0.697 | val_loss=1.2290 val_acc=0.500
      ep03 train_loss=0.8737 train_acc=0.742 | val_loss=2.5171 val_acc=0.500
      ep04 train_loss=0.8538 train_acc=0.758 | val_loss=1.6604 val_acc=0.500
      ep05 train_loss=0.7889 train_acc=0.807 | val_loss=2.5847 val_acc=0.500
      ep06 train_loss=0.6602 train_acc=0.906 | val_loss=2.7934 val_acc=0.500
      ep07 train_loss=0.6562 train_acc=0.898 | val_loss=2.4101 val_acc=0.500
      ep08 train_loss=0.6739 train_acc=0.873 | val_loss=3.7137 val_acc=0.500
      ep09 train_loss=0.5894 train_acc=0.922 | val_loss=2.5541 val_acc=0.500
      ep10 train_loss=0.6221 train_acc=0.918 | val_loss=2.6371 val_acc=0.500
      ep11 train_loss=0.5973 train_acc=0.922 | val_loss=2.9510 val_acc=0.500
      ep12 train_loss=0.5257 train_acc=0.975 | val_loss=2.5736 val_acc=0.500
      ep13 train_loss=0.5250 train_acc=0.967 | val_loss=2.8617 val_acc=0.500
      ep14 train_loss=0.5169 train_acc=0.967 | val_loss=2.8988 val_acc=0.500
      ep15 train_loss=0.5222 train_acc=0.967 | val_loss=2.5593 val_acc=0.500
      ep16 train_loss=0.4941 train_acc=0.971 | val_loss=2.8443 val_acc=0.500
      ep17 train_loss=0.5254 train_acc=0.975 | val_loss=2.9084 val_acc=0.500
      ep18 train_loss=0.5416 train_acc=0.951 | val_loss=2.9157 val_acc=0.500
      ep19 train_loss=0.4794 train_acc=0.984 | val_loss=2.6143 val_acc=0.500
      ep20 train_loss=0.4968 train_acc=0.975 | val_loss=2.4886 val_acc=0.500
      ep21 train_loss=0.5104 train_acc=0.967 | val_loss=2.7269 val_acc=0.500
      ep22 train_loss=0.4899 train_acc=0.980 | val_loss=2.7472 val_acc=0.500
      ep23 train_loss=0.5264 train_acc=0.963 | val_loss=2.3629 val_acc=0.500
      ep24 train_loss=0.4814 train_acc=0.992 | val_loss=2.8247 val_acc=0.500
    fold acc=0.500 time=232.0s | running pooled acc=0.668

--- Fold 22/26 | test sub22 (2 test, 244 train) ---
      ep00 train_loss=1.4880 train_acc=0.393 | val_loss=0.4576 val_acc=1.000
      ep01 train_loss=1.1561 train_acc=0.549 | val_loss=0.1627 val_acc=1.000
      ep02 train_loss=0.9578 train_acc=0.693 | val_loss=0.0384 val_acc=1.000
      ep03 train_loss=0.8763 train_acc=0.770 | val_loss=0.0233 val_acc=1.000
      ep04 train_loss=0.8847 train_acc=0.734 | val_loss=0.0055 val_acc=1.000
      ep05 train_loss=0.7962 train_acc=0.807 | val_loss=0.0027 val_acc=1.000
      ep06 train_loss=0.6654 train_acc=0.902 | val_loss=0.0170 val_acc=1.000
      ep07 train_loss=0.6767 train_acc=0.873 | val_loss=0.0126 val_acc=1.000
      ep08 train_loss=0.6959 train_acc=0.877 | val_loss=0.0008 val_acc=1.000
      ep09 train_loss=0.6088 train_acc=0.914 | val_loss=0.0017 val_acc=1.000
      ep10 train_loss=0.6370 train_acc=0.893 | val_loss=0.0100 val_acc=1.000
      ep11 train_loss=0.5890 train_acc=0.926 | val_loss=0.0043 val_acc=1.000
      ep12 train_loss=0.5349 train_acc=0.971 | val_loss=0.0225 val_acc=1.000
      ep13 train_loss=0.5165 train_acc=0.963 | val_loss=0.0119 val_acc=1.000
      ep14 train_loss=0.5215 train_acc=0.967 | val_loss=0.0142 val_acc=1.000
      ep15 train_loss=0.5177 train_acc=0.967 | val_loss=0.0027 val_acc=1.000
      ep16 train_loss=0.5089 train_acc=0.963 | val_loss=0.0050 val_acc=1.000
      ep17 train_loss=0.5269 train_acc=0.967 | val_loss=0.0039 val_acc=1.000
      ep18 train_loss=0.5253 train_acc=0.963 | val_loss=0.0045 val_acc=1.000
      ep19 train_loss=0.4742 train_acc=1.000 | val_loss=0.0021 val_acc=1.000
      ep20 train_loss=0.4932 train_acc=0.992 | val_loss=0.0047 val_acc=1.000
      ep21 train_loss=0.5098 train_acc=0.963 | val_loss=0.0034 val_acc=1.000
      ep22 train_loss=0.4956 train_acc=0.971 | val_loss=0.0050 val_acc=1.000
      ep23 train_loss=0.5241 train_acc=0.963 | val_loss=0.0057 val_acc=1.000
      ep24 train_loss=0.4804 train_acc=0.992 | val_loss=0.0072 val_acc=1.000
    fold acc=1.000 time=236.3s | running pooled acc=0.672

--- Fold 23/26 | test sub23 (12 test, 234 train) ---
      ep00 train_loss=1.4868 train_acc=0.402 | val_loss=1.0061 val_acc=0.583
      ep01 train_loss=1.0845 train_acc=0.641 | val_loss=1.3942 val_acc=0.333
      ep02 train_loss=1.0067 train_acc=0.658 | val_loss=0.6489 val_acc=0.667
      ep03 train_loss=0.8659 train_acc=0.769 | val_loss=0.8802 val_acc=0.500
      ep04 train_loss=0.8491 train_acc=0.756 | val_loss=0.7342 val_acc=0.667
      ep05 train_loss=0.7760 train_acc=0.812 | val_loss=0.5563 val_acc=0.833
      ep06 train_loss=0.7187 train_acc=0.846 | val_loss=0.6804 val_acc=0.583
      ep07 train_loss=0.7215 train_acc=0.868 | val_loss=0.4999 val_acc=0.917
      ep08 train_loss=0.6757 train_acc=0.872 | val_loss=0.8703 val_acc=0.583
      ep09 train_loss=0.6435 train_acc=0.915 | val_loss=0.9950 val_acc=0.750
      ep10 train_loss=0.5753 train_acc=0.944 | val_loss=0.5133 val_acc=0.750
      ep11 train_loss=0.5783 train_acc=0.927 | val_loss=0.7822 val_acc=0.750
      ep12 train_loss=0.5522 train_acc=0.957 | val_loss=0.4262 val_acc=0.833
      ep13 train_loss=0.5096 train_acc=0.979 | val_loss=0.4169 val_acc=0.833
      ep14 train_loss=0.5316 train_acc=0.957 | val_loss=0.4221 val_acc=0.833
      ep15 train_loss=0.5256 train_acc=0.970 | val_loss=0.4979 val_acc=0.833
      ep16 train_loss=0.5121 train_acc=0.970 | val_loss=0.4948 val_acc=0.750
      ep17 train_loss=0.5548 train_acc=0.932 | val_loss=0.5047 val_acc=0.833
      ep18 train_loss=0.4793 train_acc=0.996 | val_loss=0.4775 val_acc=0.833
      ep19 train_loss=0.5183 train_acc=0.974 | val_loss=0.4122 val_acc=0.833
      ep20 train_loss=0.5052 train_acc=0.987 | val_loss=0.4240 val_acc=0.917
      ep21 train_loss=0.4996 train_acc=0.987 | val_loss=0.4310 val_acc=0.917
      ep22 train_loss=0.4946 train_acc=0.983 | val_loss=0.4118 val_acc=0.833
      ep23 train_loss=0.4907 train_acc=0.983 | val_loss=0.4406 val_acc=0.833
      ep24 train_loss=0.4720 train_acc=1.000 | val_loss=0.4690 val_acc=0.833
    fold acc=1.000 time=236.6s | running pooled acc=0.690

--- Fold 24/26 | test sub24 (7 test, 239 train) ---
      ep00 train_loss=1.4818 train_acc=0.406 | val_loss=1.1581 val_acc=0.714
      ep01 train_loss=1.1238 train_acc=0.590 | val_loss=0.9077 val_acc=0.857
      ep02 train_loss=0.9784 train_acc=0.674 | val_loss=0.8039 val_acc=0.714
      ep03 train_loss=0.8940 train_acc=0.741 | val_loss=1.0571 val_acc=0.714
      ep04 train_loss=0.7899 train_acc=0.799 | val_loss=0.9887 val_acc=0.714
      ep05 train_loss=0.7158 train_acc=0.862 | val_loss=0.8113 val_acc=0.857
      ep06 train_loss=0.7592 train_acc=0.833 | val_loss=1.0118 val_acc=0.429
      ep07 train_loss=0.6506 train_acc=0.908 | val_loss=0.9997 val_acc=0.857
      ep08 train_loss=0.6197 train_acc=0.925 | val_loss=0.8288 val_acc=0.714
      ep09 train_loss=0.6243 train_acc=0.904 | val_loss=0.8470 val_acc=0.714
      ep10 train_loss=0.6013 train_acc=0.937 | val_loss=1.0207 val_acc=0.571
      ep11 train_loss=0.5945 train_acc=0.937 | val_loss=1.0083 val_acc=0.571
      ep12 train_loss=0.5579 train_acc=0.937 | val_loss=1.1051 val_acc=0.714
      ep13 train_loss=0.5416 train_acc=0.962 | val_loss=1.0703 val_acc=0.714
      ep14 train_loss=0.5079 train_acc=0.987 | val_loss=1.0294 val_acc=0.714
      ep15 train_loss=0.5210 train_acc=0.975 | val_loss=0.9475 val_acc=0.714
      ep16 train_loss=0.5033 train_acc=0.987 | val_loss=0.8764 val_acc=0.714
      ep17 train_loss=0.5354 train_acc=0.967 | val_loss=0.8360 val_acc=0.714
      ep18 train_loss=0.5207 train_acc=0.962 | val_loss=0.8854 val_acc=0.714
      ep19 train_loss=0.4895 train_acc=0.992 | val_loss=0.9496 val_acc=0.714
      ep20 train_loss=0.4995 train_acc=0.983 | val_loss=1.0466 val_acc=0.714
      ep21 train_loss=0.4968 train_acc=0.979 | val_loss=1.0212 val_acc=0.714
      ep22 train_loss=0.4757 train_acc=0.987 | val_loss=1.0056 val_acc=0.714
      ep23 train_loss=0.4926 train_acc=0.979 | val_loss=0.9597 val_acc=0.714
      ep24 train_loss=0.5051 train_acc=0.987 | val_loss=0.9887 val_acc=0.714
    fold acc=0.714 time=236.9s | running pooled acc=0.691

--- Fold 25/26 | test sub25 (7 test, 239 train) ---
      ep00 train_loss=1.4720 train_acc=0.418 | val_loss=1.1245 val_acc=0.286
      ep01 train_loss=1.1031 train_acc=0.628 | val_loss=1.4580 val_acc=0.286
      ep02 train_loss=0.9870 train_acc=0.686 | val_loss=1.3672 val_acc=0.571
      ep03 train_loss=0.9204 train_acc=0.707 | val_loss=0.8456 val_acc=0.714
      ep04 train_loss=0.7884 train_acc=0.782 | val_loss=0.6131 val_acc=0.857
      ep05 train_loss=0.6983 train_acc=0.866 | val_loss=0.7820 val_acc=0.714
      ep06 train_loss=0.7257 train_acc=0.866 | val_loss=1.7594 val_acc=0.571
      ep07 train_loss=0.6280 train_acc=0.904 | val_loss=1.2279 val_acc=0.571
      ep08 train_loss=0.6092 train_acc=0.908 | val_loss=0.7409 val_acc=0.714
      ep09 train_loss=0.6014 train_acc=0.916 | val_loss=1.1975 val_acc=0.571
      ep10 train_loss=0.6212 train_acc=0.916 | val_loss=0.5487 val_acc=0.857
      ep11 train_loss=0.6538 train_acc=0.883 | val_loss=0.7223 val_acc=0.714
      ep12 train_loss=0.5521 train_acc=0.971 | val_loss=0.8487 val_acc=0.571
      ep13 train_loss=0.5388 train_acc=0.967 | val_loss=0.6271 val_acc=0.714
      ep14 train_loss=0.5012 train_acc=0.992 | val_loss=0.6229 val_acc=0.857
      ep15 train_loss=0.5300 train_acc=0.958 | val_loss=0.5694 val_acc=0.714
      ep16 train_loss=0.5242 train_acc=0.958 | val_loss=0.5194 val_acc=0.857
      ep17 train_loss=0.5354 train_acc=0.975 | val_loss=0.5616 val_acc=0.857
      ep18 train_loss=0.5094 train_acc=0.958 | val_loss=0.4447 val_acc=0.857
      ep19 train_loss=0.4894 train_acc=0.979 | val_loss=0.6549 val_acc=0.857
      ep20 train_loss=0.5013 train_acc=0.987 | val_loss=0.5357 val_acc=0.857
      ep21 train_loss=0.4883 train_acc=0.987 | val_loss=0.5678 val_acc=0.857
      ep22 train_loss=0.4751 train_acc=0.992 | val_loss=0.6136 val_acc=0.857
      ep23 train_loss=0.4939 train_acc=0.992 | val_loss=0.5935 val_acc=0.857
      ep24 train_loss=0.5222 train_acc=0.971 | val_loss=0.5078 val_acc=0.857
    fold acc=0.714 time=244.9s | running pooled acc=0.691

--- Fold 26/26 | test sub26 (16 test, 230 train) ---
      ep00 train_loss=1.5406 train_acc=0.361 | val_loss=1.2570 val_acc=0.250
      ep01 train_loss=1.0642 train_acc=0.648 | val_loss=1.0358 val_acc=0.500
      ep02 train_loss=0.9921 train_acc=0.683 | val_loss=1.5116 val_acc=0.438
      ep03 train_loss=0.9087 train_acc=0.757 | val_loss=0.9651 val_acc=0.438
      ep04 train_loss=0.8736 train_acc=0.748 | val_loss=1.3922 val_acc=0.250
      ep05 train_loss=0.7713 train_acc=0.809 | val_loss=1.3802 val_acc=0.375
      ep06 train_loss=0.6902 train_acc=0.857 | val_loss=1.8506 val_acc=0.500
      ep07 train_loss=0.7015 train_acc=0.887 | val_loss=1.5926 val_acc=0.500
      ep08 train_loss=0.6588 train_acc=0.874 | val_loss=0.8247 val_acc=0.500
      ep09 train_loss=0.6202 train_acc=0.896 | val_loss=1.7128 val_acc=0.562
      ep10 train_loss=0.5879 train_acc=0.935 | val_loss=1.3389 val_acc=0.562
      ep11 train_loss=0.5546 train_acc=0.957 | val_loss=1.6353 val_acc=0.438
      ep12 train_loss=0.5562 train_acc=0.939 | val_loss=1.5557 val_acc=0.438
      ep13 train_loss=0.5460 train_acc=0.952 | val_loss=1.5801 val_acc=0.438
      ep14 train_loss=0.5331 train_acc=0.970 | val_loss=1.2605 val_acc=0.500
      ep15 train_loss=0.5216 train_acc=0.978 | val_loss=1.8687 val_acc=0.312
      ep16 train_loss=0.5066 train_acc=0.987 | val_loss=1.3698 val_acc=0.500
      ep17 train_loss=0.5027 train_acc=0.983 | val_loss=1.5914 val_acc=0.500
      ep18 train_loss=0.5062 train_acc=0.974 | val_loss=1.5440 val_acc=0.500
      ep19 train_loss=0.5103 train_acc=0.970 | val_loss=1.4880 val_acc=0.500
      ep20 train_loss=0.5173 train_acc=0.970 | val_loss=1.4283 val_acc=0.500
      ep21 train_loss=0.4896 train_acc=0.983 | val_loss=1.6841 val_acc=0.375
      ep22 train_loss=0.4908 train_acc=0.978 | val_loss=1.6709 val_acc=0.438
      ep23 train_loss=0.5051 train_acc=0.978 | val_loss=1.5853 val_acc=0.438
      ep24 train_loss=0.4711 train_acc=0.987 | val_loss=1.5065 val_acc=0.500
    fold acc=0.438 time=239.7s | running pooled acc=0.675

=== FINAL (pooled LOSO) ===
UF1 = 0.7027
UAR = 0.6997
ACC = 0.6748
per-class F1: happiness=0.688, disgust=0.615, repression=0.615, surprise=0.941, others=0.654
per-class recall: happiness=0.688, disgust=0.571, repression=0.593, surprise=0.960, others=0.687
confusion matrix (rows=true):
        happin disgus repres surpri others
happine     22      0      1      2      7
disgust      1     36      1      0     25
repress      3      0     16      0      8
surpris      0      0      0     24      1
 others      6     18      7      0     68

saved to D:\AI-Projects\casmeII-new-from-sequence-model\experiments\iter_29_noweight
elapsed 6045.2s
