=== EXPERIMENT iter_23_resnetgru ===
time: 2026-07-16T18:29:41.481698
device: cuda (NVIDIA GeForce RTX 3060)
platform: Windows-10-10.0.26200-SP0 | torch 2.6.0+cu124
config:
{
  "seed": 42,
  "T": 16,
  "img_size": 128,
  "base_size": 144,
  "input_mode": "rgb",
  "backbone": "resnet_gru",
  "pretrained": true,
  "dropout": 0.5,
  "epochs": 25,
  "lr": 0.0001,
  "weight_decay": 0.001,
  "batch_size": 6,
  "class_weighting": true,
  "label_smoothing": 0.1,
  "hflip": true,
  "color_jitter": 0.0,
  "temporal_jitter": true,
  "amp": true,
  "eval_last_k": 3,
  "tta": 5,
  "cache_dir": "cache/flow144",
  "index": "cache/index_emotion.csv",
  "class_names": [
    "happiness",
    "disgust",
    "repression",
    "surprise",
    "others"
  ],
  "name": "iter_23_resnetgru",
  "modality": "flow",
  "temporal_span": "onset_offset",
  "flow_clip": 3.0,
  "gru_hidden": 256,
  "ema": 0.998,
  "ema_start_epoch": 5
}
samples: 246 | classes: 5 ['happiness', 'disgust', 'repression', 'surprise', 'others']
loading arrays into RAM...
loaded 246 arrays

--- Fold 1/26 | test sub01 (9 test, 237 train) ---
      ep00 train_loss=1.5386 train_acc=0.371 | val_loss=1.1940 val_acc=0.556
      ep01 train_loss=1.2629 train_acc=0.532 | val_loss=1.1894 val_acc=0.222
      ep02 train_loss=1.0641 train_acc=0.671 | val_loss=0.8220 val_acc=0.667
      ep03 train_loss=1.0015 train_acc=0.675 | val_loss=0.8120 val_acc=0.667
      ep04 train_loss=0.9509 train_acc=0.747 | val_loss=0.5765 val_acc=0.778
      ep05 train_loss=0.9623 train_acc=0.722 | val_loss=0.4434 val_acc=0.778
      ep06 train_loss=0.8471 train_acc=0.806 | val_loss=0.2706 val_acc=1.000
      ep07 train_loss=0.7670 train_acc=0.831 | val_loss=0.6568 val_acc=0.667
      ep08 train_loss=0.7275 train_acc=0.861 | val_loss=0.4339 val_acc=0.778
      ep09 train_loss=0.7058 train_acc=0.903 | val_loss=0.3965 val_acc=1.000
      ep10 train_loss=0.7237 train_acc=0.869 | val_loss=0.3657 val_acc=0.889
      ep11 train_loss=0.6628 train_acc=0.932 | val_loss=0.4113 val_acc=0.889
      ep12 train_loss=0.6735 train_acc=0.890 | val_loss=0.4095 val_acc=0.889
      ep13 train_loss=0.6494 train_acc=0.937 | val_loss=0.3144 val_acc=1.000
      ep14 train_loss=0.6201 train_acc=0.941 | val_loss=0.4409 val_acc=0.889
      ep15 train_loss=0.5901 train_acc=0.987 | val_loss=0.3760 val_acc=0.889
      ep16 train_loss=0.6096 train_acc=0.945 | val_loss=0.4590 val_acc=0.889
      ep17 train_loss=0.5977 train_acc=0.970 | val_loss=0.3389 val_acc=0.889
      ep18 train_loss=0.5913 train_acc=0.975 | val_loss=0.4057 val_acc=0.889
      ep19 train_loss=0.5886 train_acc=0.970 | val_loss=0.4576 val_acc=0.889
      ep20 train_loss=0.5748 train_acc=0.987 | val_loss=0.4526 val_acc=0.889
      ep21 train_loss=0.6005 train_acc=0.966 | val_loss=0.5128 val_acc=0.889
      ep22 train_loss=0.5738 train_acc=0.975 | val_loss=0.4583 val_acc=0.889
      ep23 train_loss=0.5658 train_acc=0.992 | val_loss=0.4487 val_acc=0.889
      ep24 train_loss=0.5801 train_acc=0.975 | val_loss=0.4392 val_acc=0.889
    fold acc=0.889 time=182.2s | running pooled acc=0.889

--- Fold 2/26 | test sub02 (13 test, 233 train) ---
      ep00 train_loss=1.5879 train_acc=0.339 | val_loss=1.3606 val_acc=0.308
      ep01 train_loss=1.2450 train_acc=0.597 | val_loss=1.5476 val_acc=0.385
      ep02 train_loss=1.1062 train_acc=0.644 | val_loss=1.6645 val_acc=0.385
      ep03 train_loss=1.0142 train_acc=0.691 | val_loss=1.6755 val_acc=0.385
      ep04 train_loss=0.9760 train_acc=0.691 | val_loss=1.1242 val_acc=0.462
      ep05 train_loss=0.8689 train_acc=0.777 | val_loss=1.8560 val_acc=0.462
      ep06 train_loss=0.8044 train_acc=0.794 | val_loss=1.5792 val_acc=0.615
      ep07 train_loss=0.7947 train_acc=0.837 | val_loss=1.6113 val_acc=0.615
      ep08 train_loss=0.7899 train_acc=0.833 | val_loss=1.5805 val_acc=0.462
      ep09 train_loss=0.7409 train_acc=0.867 | val_loss=1.6469 val_acc=0.538
      ep10 train_loss=0.7251 train_acc=0.901 | val_loss=1.6647 val_acc=0.462
      ep11 train_loss=0.7058 train_acc=0.880 | val_loss=1.7695 val_acc=0.538
      ep12 train_loss=0.6630 train_acc=0.927 | val_loss=1.6946 val_acc=0.538
      ep13 train_loss=0.6414 train_acc=0.961 | val_loss=1.4015 val_acc=0.615
      ep14 train_loss=0.6590 train_acc=0.940 | val_loss=1.5652 val_acc=0.385
      ep15 train_loss=0.6436 train_acc=0.961 | val_loss=1.7350 val_acc=0.385
      ep16 train_loss=0.6438 train_acc=0.970 | val_loss=1.4533 val_acc=0.538
      ep17 train_loss=0.6315 train_acc=0.957 | val_loss=1.7247 val_acc=0.385
      ep18 train_loss=0.6232 train_acc=0.979 | val_loss=1.5367 val_acc=0.385
      ep19 train_loss=0.6260 train_acc=0.974 | val_loss=1.4948 val_acc=0.615
      ep20 train_loss=0.6208 train_acc=0.974 | val_loss=1.5966 val_acc=0.385
      ep21 train_loss=0.5961 train_acc=0.996 | val_loss=1.5635 val_acc=0.462
      ep22 train_loss=0.6012 train_acc=0.974 | val_loss=1.5830 val_acc=0.462
      ep23 train_loss=0.6002 train_acc=0.974 | val_loss=1.5333 val_acc=0.538
      ep24 train_loss=0.5971 train_acc=0.991 | val_loss=1.5285 val_acc=0.538
    fold acc=0.462 time=270.4s | running pooled acc=0.636

--- Fold 3/26 | test sub03 (7 test, 239 train) ---
      ep00 train_loss=1.5449 train_acc=0.356 | val_loss=1.5108 val_acc=0.571
      ep01 train_loss=1.1520 train_acc=0.586 | val_loss=1.3469 val_acc=0.429
      ep02 train_loss=1.0658 train_acc=0.657 | val_loss=1.2918 val_acc=0.571
      ep03 train_loss=0.9764 train_acc=0.690 | val_loss=1.1172 val_acc=0.571
      ep04 train_loss=0.9403 train_acc=0.749 | val_loss=1.8098 val_acc=0.143
      ep05 train_loss=0.8670 train_acc=0.791 | val_loss=1.6377 val_acc=0.143
      ep06 train_loss=0.8276 train_acc=0.791 | val_loss=1.2842 val_acc=0.429
      ep07 train_loss=0.7675 train_acc=0.866 | val_loss=1.1101 val_acc=0.571
      ep08 train_loss=0.7584 train_acc=0.858 | val_loss=1.3520 val_acc=0.429
      ep09 train_loss=0.6894 train_acc=0.874 | val_loss=1.3426 val_acc=0.429
      ep10 train_loss=0.6917 train_acc=0.887 | val_loss=1.1742 val_acc=0.571
      ep11 train_loss=0.6541 train_acc=0.925 | val_loss=1.4064 val_acc=0.429
      ep12 train_loss=0.6286 train_acc=0.933 | val_loss=1.2891 val_acc=0.571
      ep13 train_loss=0.6463 train_acc=0.933 | val_loss=1.1731 val_acc=0.571
      ep14 train_loss=0.6298 train_acc=0.937 | val_loss=1.2790 val_acc=0.571
      ep15 train_loss=0.6410 train_acc=0.950 | val_loss=1.2787 val_acc=0.571
      ep16 train_loss=0.6088 train_acc=0.950 | val_loss=1.1861 val_acc=0.571
      ep17 train_loss=0.6059 train_acc=0.967 | val_loss=1.1550 val_acc=0.571
      ep18 train_loss=0.5825 train_acc=0.971 | val_loss=1.1561 val_acc=0.571
      ep19 train_loss=0.5978 train_acc=0.983 | val_loss=1.1099 val_acc=0.714
      ep20 train_loss=0.5635 train_acc=0.983 | val_loss=1.2204 val_acc=0.571
      ep21 train_loss=0.5607 train_acc=0.987 | val_loss=1.1744 val_acc=0.571
      ep22 train_loss=0.5685 train_acc=0.987 | val_loss=1.1438 val_acc=0.429
      ep23 train_loss=0.5895 train_acc=0.983 | val_loss=1.0598 val_acc=0.429
      ep24 train_loss=0.5855 train_acc=0.992 | val_loss=1.1171 val_acc=0.571
    fold acc=0.429 time=257.1s | running pooled acc=0.586

--- Fold 4/26 | test sub04 (5 test, 241 train) ---
      ep00 train_loss=1.5257 train_acc=0.382 | val_loss=0.9669 val_acc=0.400
      ep01 train_loss=1.2025 train_acc=0.539 | val_loss=0.8404 val_acc=0.400
      ep02 train_loss=1.0677 train_acc=0.618 | val_loss=0.9168 val_acc=0.600
      ep03 train_loss=1.0802 train_acc=0.651 | val_loss=0.3797 val_acc=1.000
      ep04 train_loss=0.9136 train_acc=0.710 | val_loss=0.6963 val_acc=0.800
      ep05 train_loss=0.8705 train_acc=0.772 | val_loss=0.4402 val_acc=0.800
      ep06 train_loss=0.8373 train_acc=0.788 | val_loss=0.3574 val_acc=0.800
      ep07 train_loss=0.8998 train_acc=0.743 | val_loss=0.3399 val_acc=1.000
      ep08 train_loss=0.8061 train_acc=0.809 | val_loss=0.4915 val_acc=0.800
      ep09 train_loss=0.7809 train_acc=0.834 | val_loss=0.4393 val_acc=0.800
      ep10 train_loss=0.7391 train_acc=0.876 | val_loss=0.2561 val_acc=1.000
      ep11 train_loss=0.6901 train_acc=0.876 | val_loss=0.2021 val_acc=1.000
      ep12 train_loss=0.6784 train_acc=0.905 | val_loss=0.2517 val_acc=1.000
      ep13 train_loss=0.6245 train_acc=0.954 | val_loss=0.1873 val_acc=1.000
      ep14 train_loss=0.6672 train_acc=0.929 | val_loss=0.3428 val_acc=0.800
      ep15 train_loss=0.6108 train_acc=0.971 | val_loss=0.3276 val_acc=0.800
      ep16 train_loss=0.6032 train_acc=0.963 | val_loss=0.3305 val_acc=1.000
      ep17 train_loss=0.5970 train_acc=0.959 | val_loss=0.2418 val_acc=1.000
      ep18 train_loss=0.6001 train_acc=0.942 | val_loss=0.3867 val_acc=1.000
      ep19 train_loss=0.6128 train_acc=0.975 | val_loss=0.3332 val_acc=1.000
      ep20 train_loss=0.5954 train_acc=0.971 | val_loss=0.2837 val_acc=1.000
      ep21 train_loss=0.6230 train_acc=0.959 | val_loss=0.2891 val_acc=1.000
      ep22 train_loss=0.5942 train_acc=0.971 | val_loss=0.3284 val_acc=1.000
      ep23 train_loss=0.5876 train_acc=0.971 | val_loss=0.3224 val_acc=0.800
      ep24 train_loss=0.5846 train_acc=0.979 | val_loss=0.3200 val_acc=1.000
    fold acc=1.000 time=246.1s | running pooled acc=0.647

--- Fold 5/26 | test sub05 (19 test, 227 train) ---
      ep00 train_loss=1.5270 train_acc=0.383 | val_loss=1.3593 val_acc=0.368
      ep01 train_loss=1.2610 train_acc=0.568 | val_loss=1.2098 val_acc=0.474
      ep02 train_loss=1.0861 train_acc=0.630 | val_loss=1.4528 val_acc=0.474
      ep03 train_loss=0.9843 train_acc=0.665 | val_loss=1.5827 val_acc=0.421
      ep04 train_loss=0.9522 train_acc=0.740 | val_loss=1.6001 val_acc=0.421
      ep05 train_loss=0.8875 train_acc=0.771 | val_loss=1.8323 val_acc=0.421
      ep06 train_loss=0.8837 train_acc=0.793 | val_loss=1.5637 val_acc=0.474
      ep07 train_loss=0.8745 train_acc=0.806 | val_loss=1.1651 val_acc=0.579
      ep08 train_loss=0.7915 train_acc=0.863 | val_loss=1.5089 val_acc=0.421
      ep09 train_loss=0.8148 train_acc=0.793 | val_loss=1.3892 val_acc=0.632
      ep10 train_loss=0.6832 train_acc=0.912 | val_loss=1.5515 val_acc=0.474
      ep11 train_loss=0.6691 train_acc=0.938 | val_loss=1.9166 val_acc=0.421
      ep12 train_loss=0.6590 train_acc=0.943 | val_loss=1.8811 val_acc=0.474
      ep13 train_loss=0.6843 train_acc=0.916 | val_loss=1.9134 val_acc=0.421
      ep14 train_loss=0.6358 train_acc=0.969 | val_loss=2.0371 val_acc=0.474
      ep15 train_loss=0.6514 train_acc=0.930 | val_loss=1.8173 val_acc=0.421
      ep16 train_loss=0.6281 train_acc=0.974 | val_loss=1.9444 val_acc=0.474
      ep17 train_loss=0.6492 train_acc=0.934 | val_loss=1.7993 val_acc=0.474
      ep18 train_loss=0.5874 train_acc=0.978 | val_loss=1.7559 val_acc=0.474
      ep19 train_loss=0.6039 train_acc=0.956 | val_loss=1.7805 val_acc=0.474
      ep20 train_loss=0.6042 train_acc=0.965 | val_loss=1.8204 val_acc=0.474
      ep21 train_loss=0.6033 train_acc=0.974 | val_loss=1.7713 val_acc=0.474
      ep22 train_loss=0.6109 train_acc=0.974 | val_loss=1.8804 val_acc=0.474
      ep23 train_loss=0.5867 train_acc=0.982 | val_loss=1.8681 val_acc=0.474
      ep24 train_loss=0.6163 train_acc=0.974 | val_loss=1.9483 val_acc=0.474
    fold acc=0.474 time=270.8s | running pooled acc=0.585

--- Fold 6/26 | test sub06 (5 test, 241 train) ---
      ep00 train_loss=1.5576 train_acc=0.373 | val_loss=1.1673 val_acc=0.400
      ep01 train_loss=1.2140 train_acc=0.552 | val_loss=1.0563 val_acc=0.600
      ep02 train_loss=1.0685 train_acc=0.639 | val_loss=1.1775 val_acc=0.600
      ep03 train_loss=1.0208 train_acc=0.718 | val_loss=1.5552 val_acc=0.600
      ep04 train_loss=0.9577 train_acc=0.701 | val_loss=1.3402 val_acc=0.600
      ep05 train_loss=0.9228 train_acc=0.759 | val_loss=1.1111 val_acc=0.600
      ep06 train_loss=0.9047 train_acc=0.788 | val_loss=1.2962 val_acc=0.600
      ep07 train_loss=0.8536 train_acc=0.776 | val_loss=1.0377 val_acc=0.800
      ep08 train_loss=0.8306 train_acc=0.830 | val_loss=0.9504 val_acc=0.600
      ep09 train_loss=0.7829 train_acc=0.822 | val_loss=1.0355 val_acc=0.800
      ep10 train_loss=0.7636 train_acc=0.855 | val_loss=0.9611 val_acc=0.800
      ep11 train_loss=0.6900 train_acc=0.888 | val_loss=0.9887 val_acc=0.800
      ep12 train_loss=0.6852 train_acc=0.925 | val_loss=1.1317 val_acc=0.600
      ep13 train_loss=0.6488 train_acc=0.946 | val_loss=0.8629 val_acc=0.600
      ep14 train_loss=0.6847 train_acc=0.905 | val_loss=1.0379 val_acc=0.600
      ep15 train_loss=0.6281 train_acc=0.975 | val_loss=1.1333 val_acc=0.600
      ep16 train_loss=0.6353 train_acc=0.938 | val_loss=1.2979 val_acc=0.600
      ep17 train_loss=0.6165 train_acc=0.954 | val_loss=1.2396 val_acc=0.600
      ep18 train_loss=0.6097 train_acc=0.967 | val_loss=0.9815 val_acc=0.600
      ep19 train_loss=0.6432 train_acc=0.950 | val_loss=1.1529 val_acc=0.800
      ep20 train_loss=0.5946 train_acc=0.975 | val_loss=1.1364 val_acc=0.600
      ep21 train_loss=0.6343 train_acc=0.954 | val_loss=1.0221 val_acc=0.600
      ep22 train_loss=0.5960 train_acc=0.971 | val_loss=1.1196 val_acc=0.600
      ep23 train_loss=0.5911 train_acc=0.979 | val_loss=1.0791 val_acc=0.800
      ep24 train_loss=0.5867 train_acc=0.983 | val_loss=1.0834 val_acc=0.800
    fold acc=0.600 time=272.2s | running pooled acc=0.586

--- Fold 7/26 | test sub07 (9 test, 237 train) ---
      ep00 train_loss=1.5419 train_acc=0.367 | val_loss=1.1384 val_acc=0.667
      ep01 train_loss=1.1915 train_acc=0.578 | val_loss=1.1423 val_acc=0.222
      ep02 train_loss=1.0714 train_acc=0.679 | val_loss=1.9163 val_acc=0.000
      ep03 train_loss=1.0271 train_acc=0.684 | val_loss=1.3140 val_acc=0.444
      ep04 train_loss=0.8712 train_acc=0.759 | val_loss=1.1127 val_acc=0.556
      ep05 train_loss=0.8686 train_acc=0.797 | val_loss=1.2435 val_acc=0.444
      ep06 train_loss=0.7971 train_acc=0.835 | val_loss=1.3498 val_acc=0.333
      ep07 train_loss=0.8014 train_acc=0.806 | val_loss=1.0046 val_acc=0.667
      ep08 train_loss=0.7260 train_acc=0.857 | val_loss=1.0129 val_acc=0.444
      ep09 train_loss=0.7020 train_acc=0.895 | val_loss=1.2682 val_acc=0.556
      ep10 train_loss=0.7077 train_acc=0.878 | val_loss=1.1847 val_acc=0.556
      ep11 train_loss=0.6657 train_acc=0.920 | val_loss=1.1615 val_acc=0.333
      ep12 train_loss=0.6250 train_acc=0.920 | val_loss=1.2196 val_acc=0.444
      ep13 train_loss=0.6519 train_acc=0.932 | val_loss=1.0460 val_acc=0.667
      ep14 train_loss=0.6291 train_acc=0.911 | val_loss=1.1988 val_acc=0.556
      ep15 train_loss=0.5903 train_acc=0.975 | val_loss=1.1440 val_acc=0.667
      ep16 train_loss=0.5933 train_acc=0.970 | val_loss=1.0894 val_acc=0.667
      ep17 train_loss=0.5969 train_acc=0.962 | val_loss=1.0739 val_acc=0.667
      ep18 train_loss=0.5943 train_acc=0.975 | val_loss=1.2098 val_acc=0.667
      ep19 train_loss=0.5822 train_acc=0.970 | val_loss=1.0923 val_acc=0.667
      ep20 train_loss=0.5605 train_acc=1.000 | val_loss=1.1380 val_acc=0.667
      ep21 train_loss=0.5907 train_acc=0.962 | val_loss=1.2727 val_acc=0.667
      ep22 train_loss=0.5702 train_acc=0.983 | val_loss=1.1578 val_acc=0.667
      ep23 train_loss=0.5556 train_acc=0.987 | val_loss=1.2616 val_acc=0.667
      ep24 train_loss=0.5843 train_acc=0.979 | val_loss=1.1863 val_acc=0.667
    fold acc=0.444 time=273.6s | running pooled acc=0.567

--- Fold 8/26 | test sub08 (3 test, 243 train) ---
      ep00 train_loss=1.5983 train_acc=0.325 | val_loss=1.2987 val_acc=0.333
      ep01 train_loss=1.2415 train_acc=0.514 | val_loss=1.0975 val_acc=0.667
      ep02 train_loss=1.0768 train_acc=0.621 | val_loss=1.2390 val_acc=0.333
      ep03 train_loss=0.9979 train_acc=0.695 | val_loss=1.6466 val_acc=0.333
      ep04 train_loss=0.9283 train_acc=0.728 | val_loss=1.3937 val_acc=0.333
      ep05 train_loss=0.8766 train_acc=0.774 | val_loss=0.9526 val_acc=0.667
      ep06 train_loss=0.8744 train_acc=0.778 | val_loss=1.1315 val_acc=0.333
      ep07 train_loss=0.8333 train_acc=0.819 | val_loss=0.9154 val_acc=0.333
      ep08 train_loss=0.7725 train_acc=0.868 | val_loss=0.7814 val_acc=0.667
      ep09 train_loss=0.7289 train_acc=0.881 | val_loss=0.7356 val_acc=0.667
      ep10 train_loss=0.7214 train_acc=0.868 | val_loss=0.8164 val_acc=0.333
      ep11 train_loss=0.7028 train_acc=0.885 | val_loss=0.6085 val_acc=0.667
      ep12 train_loss=0.7338 train_acc=0.872 | val_loss=0.9115 val_acc=0.333
      ep13 train_loss=0.6686 train_acc=0.938 | val_loss=1.0223 val_acc=0.333
      ep14 train_loss=0.6326 train_acc=0.934 | val_loss=0.6962 val_acc=0.667
      ep15 train_loss=0.6244 train_acc=0.967 | val_loss=0.8178 val_acc=0.333
      ep16 train_loss=0.6163 train_acc=0.959 | val_loss=0.9256 val_acc=0.333
      ep17 train_loss=0.5839 train_acc=0.975 | val_loss=0.7767 val_acc=0.667
      ep18 train_loss=0.5985 train_acc=0.971 | val_loss=0.8495 val_acc=0.333
      ep19 train_loss=0.6241 train_acc=0.955 | val_loss=1.0868 val_acc=0.333
      ep20 train_loss=0.6237 train_acc=0.959 | val_loss=1.0089 val_acc=0.333
      ep21 train_loss=0.5951 train_acc=0.979 | val_loss=0.8736 val_acc=0.667
      ep22 train_loss=0.5800 train_acc=0.984 | val_loss=0.7529 val_acc=0.667
      ep23 train_loss=0.5788 train_acc=0.996 | val_loss=0.8913 val_acc=0.333
      ep24 train_loss=0.5790 train_acc=0.979 | val_loss=0.9049 val_acc=0.333
    fold acc=0.667 time=270.7s | running pooled acc=0.571

--- Fold 9/26 | test sub09 (13 test, 233 train) ---
      ep00 train_loss=1.5944 train_acc=0.292 | val_loss=1.2278 val_acc=0.308
      ep01 train_loss=1.2280 train_acc=0.571 | val_loss=1.0019 val_acc=0.538
      ep02 train_loss=1.1558 train_acc=0.614 | val_loss=0.6919 val_acc=0.769
      ep03 train_loss=1.0550 train_acc=0.682 | val_loss=0.9229 val_acc=0.769
      ep04 train_loss=0.9360 train_acc=0.790 | val_loss=0.7123 val_acc=0.769
      ep05 train_loss=0.9063 train_acc=0.734 | val_loss=0.6339 val_acc=0.846
      ep06 train_loss=0.8630 train_acc=0.798 | val_loss=0.5041 val_acc=0.846
      ep07 train_loss=0.7895 train_acc=0.828 | val_loss=0.5461 val_acc=0.846
      ep08 train_loss=0.7687 train_acc=0.880 | val_loss=0.2912 val_acc=0.923
      ep09 train_loss=0.7755 train_acc=0.858 | val_loss=0.6126 val_acc=0.846
      ep10 train_loss=0.7786 train_acc=0.888 | val_loss=0.7818 val_acc=0.769
      ep11 train_loss=0.7141 train_acc=0.914 | val_loss=0.8703 val_acc=0.692
      ep12 train_loss=0.6513 train_acc=0.957 | val_loss=0.5971 val_acc=0.846
      ep13 train_loss=0.6245 train_acc=0.961 | val_loss=0.7404 val_acc=0.692
      ep14 train_loss=0.6495 train_acc=0.957 | val_loss=0.7714 val_acc=0.769
      ep15 train_loss=0.6261 train_acc=0.948 | val_loss=0.5815 val_acc=0.846
      ep16 train_loss=0.6076 train_acc=0.991 | val_loss=0.7444 val_acc=0.846
      ep17 train_loss=0.6777 train_acc=0.944 | val_loss=0.4886 val_acc=0.923
      ep18 train_loss=0.6333 train_acc=0.966 | val_loss=0.6191 val_acc=0.846
      ep19 train_loss=0.6002 train_acc=0.987 | val_loss=0.5034 val_acc=0.846
      ep20 train_loss=0.6121 train_acc=0.983 | val_loss=0.6280 val_acc=0.846
      ep21 train_loss=0.5832 train_acc=0.983 | val_loss=0.6344 val_acc=0.769
      ep22 train_loss=0.6059 train_acc=0.983 | val_loss=0.6206 val_acc=0.769
      ep23 train_loss=0.6193 train_acc=0.983 | val_loss=0.5705 val_acc=0.769
      ep24 train_loss=0.5916 train_acc=0.987 | val_loss=0.6467 val_acc=0.769
    fold acc=0.846 time=270.6s | running pooled acc=0.614

--- Fold 10/26 | test sub10 (13 test, 233 train) ---
      ep00 train_loss=1.5299 train_acc=0.343 | val_loss=0.9491 val_acc=0.692
      ep01 train_loss=1.1642 train_acc=0.622 | val_loss=1.3753 val_acc=0.000
      ep02 train_loss=1.1125 train_acc=0.639 | val_loss=1.6688 val_acc=0.077
      ep03 train_loss=0.9921 train_acc=0.682 | val_loss=1.1489 val_acc=0.462
      ep04 train_loss=0.8731 train_acc=0.794 | val_loss=0.8147 val_acc=0.846
      ep05 train_loss=0.8709 train_acc=0.764 | val_loss=0.7249 val_acc=0.692
      ep06 train_loss=0.8021 train_acc=0.811 | val_loss=0.7300 val_acc=0.769
      ep07 train_loss=0.7697 train_acc=0.837 | val_loss=0.6278 val_acc=0.846
      ep08 train_loss=0.7309 train_acc=0.854 | val_loss=0.4466 val_acc=0.923
      ep09 train_loss=0.7230 train_acc=0.858 | val_loss=0.6233 val_acc=0.769
      ep10 train_loss=0.7090 train_acc=0.867 | val_loss=0.5724 val_acc=0.846
      ep11 train_loss=0.7139 train_acc=0.888 | val_loss=0.6810 val_acc=0.846
      ep12 train_loss=0.6485 train_acc=0.936 | val_loss=0.5302 val_acc=0.769
      ep13 train_loss=0.5968 train_acc=0.948 | val_loss=0.4669 val_acc=0.846
      ep14 train_loss=0.6232 train_acc=0.957 | val_loss=0.5523 val_acc=0.846
      ep15 train_loss=0.5829 train_acc=0.974 | val_loss=0.5906 val_acc=0.769
      ep16 train_loss=0.5724 train_acc=0.983 | val_loss=0.8282 val_acc=0.769
      ep17 train_loss=0.5766 train_acc=0.987 | val_loss=0.6180 val_acc=0.769
      ep18 train_loss=0.5682 train_acc=0.974 | val_loss=0.5691 val_acc=0.846
      ep19 train_loss=0.5689 train_acc=0.979 | val_loss=0.5522 val_acc=0.846
      ep20 train_loss=0.5824 train_acc=0.983 | val_loss=0.6414 val_acc=0.769
      ep21 train_loss=0.5472 train_acc=0.983 | val_loss=0.6088 val_acc=0.846
      ep22 train_loss=0.5628 train_acc=0.970 | val_loss=0.6316 val_acc=0.846
      ep23 train_loss=0.5587 train_acc=0.987 | val_loss=0.6126 val_acc=0.846
      ep24 train_loss=0.5516 train_acc=0.987 | val_loss=0.5696 val_acc=0.846
    fold acc=0.769 time=271.1s | running pooled acc=0.635

--- Fold 11/26 | test sub11 (10 test, 236 train) ---
      ep00 train_loss=1.5736 train_acc=0.343 | val_loss=1.1828 val_acc=0.500
      ep01 train_loss=1.2610 train_acc=0.517 | val_loss=1.0116 val_acc=0.600
      ep02 train_loss=1.0797 train_acc=0.653 | val_loss=0.8659 val_acc=0.700
      ep03 train_loss=0.9855 train_acc=0.686 | val_loss=0.7873 val_acc=0.800
      ep04 train_loss=1.0171 train_acc=0.674 | val_loss=0.8312 val_acc=0.700
      ep05 train_loss=0.8651 train_acc=0.775 | val_loss=0.8848 val_acc=0.800
      ep06 train_loss=0.8165 train_acc=0.797 | val_loss=0.5568 val_acc=0.800
      ep07 train_loss=0.7913 train_acc=0.818 | val_loss=0.7928 val_acc=0.800
      ep08 train_loss=0.7132 train_acc=0.873 | val_loss=0.7049 val_acc=0.900
      ep09 train_loss=0.7071 train_acc=0.873 | val_loss=0.7056 val_acc=0.900
      ep10 train_loss=0.7195 train_acc=0.881 | val_loss=0.7163 val_acc=0.800
      ep11 train_loss=0.6835 train_acc=0.915 | val_loss=0.7268 val_acc=0.800
      ep12 train_loss=0.6380 train_acc=0.932 | val_loss=0.6188 val_acc=0.800
      ep13 train_loss=0.6357 train_acc=0.936 | val_loss=0.7504 val_acc=0.800
      ep14 train_loss=0.6293 train_acc=0.936 | val_loss=0.7814 val_acc=0.800
      ep15 train_loss=0.5819 train_acc=0.962 | val_loss=0.6883 val_acc=0.800
      ep16 train_loss=0.5942 train_acc=0.953 | val_loss=0.7855 val_acc=0.800
      ep17 train_loss=0.5861 train_acc=0.975 | val_loss=0.6916 val_acc=0.800
      ep18 train_loss=0.5710 train_acc=0.992 | val_loss=0.7493 val_acc=0.800
      ep19 train_loss=0.5922 train_acc=0.962 | val_loss=0.8011 val_acc=0.800
      ep20 train_loss=0.5676 train_acc=0.983 | val_loss=0.7178 val_acc=0.700
      ep21 train_loss=0.5683 train_acc=0.992 | val_loss=0.6855 val_acc=0.800
      ep22 train_loss=0.5527 train_acc=0.987 | val_loss=0.7494 val_acc=0.800
      ep23 train_loss=0.5524 train_acc=0.987 | val_loss=0.7134 val_acc=0.800
      ep24 train_loss=0.5443 train_acc=0.996 | val_loss=0.7861 val_acc=0.800
    fold acc=0.800 time=268.2s | running pooled acc=0.651

--- Fold 12/26 | test sub12 (12 test, 234 train) ---
      ep00 train_loss=1.5540 train_acc=0.355 | val_loss=1.3107 val_acc=0.500
      ep01 train_loss=1.2394 train_acc=0.547 | val_loss=0.8357 val_acc=0.667
      ep02 train_loss=1.1291 train_acc=0.611 | val_loss=0.6692 val_acc=0.833
      ep03 train_loss=1.0603 train_acc=0.650 | val_loss=0.7797 val_acc=0.750
      ep04 train_loss=1.0048 train_acc=0.735 | val_loss=0.4654 val_acc=0.833
      ep05 train_loss=0.9626 train_acc=0.722 | val_loss=0.6807 val_acc=0.833
      ep06 train_loss=0.8584 train_acc=0.808 | val_loss=0.4604 val_acc=0.917
      ep07 train_loss=0.8061 train_acc=0.833 | val_loss=0.5543 val_acc=0.833
      ep08 train_loss=0.7909 train_acc=0.855 | val_loss=0.5058 val_acc=0.917
      ep09 train_loss=0.7857 train_acc=0.838 | val_loss=0.4135 val_acc=0.917
      ep10 train_loss=0.7690 train_acc=0.855 | val_loss=0.5974 val_acc=0.833
      ep11 train_loss=0.6920 train_acc=0.910 | val_loss=0.4565 val_acc=0.833
      ep12 train_loss=0.6897 train_acc=0.910 | val_loss=0.4687 val_acc=0.833
      ep13 train_loss=0.6738 train_acc=0.923 | val_loss=0.5147 val_acc=0.833
      ep14 train_loss=0.7056 train_acc=0.897 | val_loss=0.3562 val_acc=0.833
      ep15 train_loss=0.6542 train_acc=0.957 | val_loss=0.5766 val_acc=0.917
      ep16 train_loss=0.6409 train_acc=0.949 | val_loss=0.5317 val_acc=0.833
      ep17 train_loss=0.6323 train_acc=0.962 | val_loss=0.5755 val_acc=0.833
      ep18 train_loss=0.6368 train_acc=0.953 | val_loss=0.5234 val_acc=0.750
      ep19 train_loss=0.6293 train_acc=0.957 | val_loss=0.6642 val_acc=0.833
      ep20 train_loss=0.5988 train_acc=0.987 | val_loss=0.6223 val_acc=0.833
      ep21 train_loss=0.6172 train_acc=0.974 | val_loss=0.5962 val_acc=0.833
      ep22 train_loss=0.6150 train_acc=0.974 | val_loss=0.6311 val_acc=0.833
      ep23 train_loss=0.6263 train_acc=0.957 | val_loss=0.6048 val_acc=0.917
      ep24 train_loss=0.5910 train_acc=0.983 | val_loss=0.6572 val_acc=0.833
    fold acc=0.833 time=263.9s | running pooled acc=0.669

--- Fold 13/26 | test sub13 (8 test, 238 train) ---
      ep00 train_loss=1.5139 train_acc=0.357 | val_loss=1.5086 val_acc=0.250
      ep01 train_loss=1.2248 train_acc=0.571 | val_loss=0.9568 val_acc=0.375
      ep02 train_loss=1.0685 train_acc=0.639 | val_loss=0.7992 val_acc=0.625
      ep03 train_loss=0.9501 train_acc=0.697 | val_loss=0.7317 val_acc=0.625
      ep04 train_loss=0.9658 train_acc=0.697 | val_loss=0.6005 val_acc=0.625
      ep05 train_loss=0.8344 train_acc=0.782 | val_loss=0.5126 val_acc=0.875
      ep06 train_loss=0.8493 train_acc=0.782 | val_loss=0.4969 val_acc=0.875
      ep07 train_loss=0.8204 train_acc=0.794 | val_loss=0.4888 val_acc=0.750
      ep08 train_loss=0.8126 train_acc=0.849 | val_loss=0.9159 val_acc=0.625
      ep09 train_loss=0.7280 train_acc=0.891 | val_loss=0.6264 val_acc=0.875
      ep10 train_loss=0.7359 train_acc=0.878 | val_loss=0.4969 val_acc=1.000
      ep11 train_loss=0.6579 train_acc=0.891 | val_loss=0.3393 val_acc=1.000
      ep12 train_loss=0.6812 train_acc=0.891 | val_loss=0.5550 val_acc=0.750
      ep13 train_loss=0.6243 train_acc=0.933 | val_loss=0.2959 val_acc=0.875
      ep14 train_loss=0.6303 train_acc=0.945 | val_loss=0.4619 val_acc=0.875
      ep15 train_loss=0.6102 train_acc=0.975 | val_loss=0.3793 val_acc=0.875
      ep16 train_loss=0.6021 train_acc=0.971 | val_loss=0.2535 val_acc=1.000
      ep17 train_loss=0.5991 train_acc=0.958 | val_loss=0.3687 val_acc=1.000
      ep18 train_loss=0.6026 train_acc=0.966 | val_loss=0.3107 val_acc=1.000
      ep19 train_loss=0.5694 train_acc=0.992 | val_loss=0.3458 val_acc=0.875
      ep20 train_loss=0.5586 train_acc=0.987 | val_loss=0.3011 val_acc=0.875
      ep21 train_loss=0.5979 train_acc=0.975 | val_loss=0.2541 val_acc=1.000
      ep22 train_loss=0.5633 train_acc=0.992 | val_loss=0.2891 val_acc=1.000
      ep23 train_loss=0.5603 train_acc=0.992 | val_loss=0.3066 val_acc=1.000
      ep24 train_loss=0.5571 train_acc=0.992 | val_loss=0.3249 val_acc=1.000
    fold acc=0.750 time=255.5s | running pooled acc=0.675

--- Fold 14/26 | test sub14 (4 test, 242 train) ---
      ep00 train_loss=1.6416 train_acc=0.310 | val_loss=1.4611 val_acc=0.250
      ep01 train_loss=1.2583 train_acc=0.508 | val_loss=1.0706 val_acc=0.750
      ep02 train_loss=1.1301 train_acc=0.583 | val_loss=0.8410 val_acc=0.750
      ep03 train_loss=1.0106 train_acc=0.690 | val_loss=0.9576 val_acc=0.750
      ep04 train_loss=0.9523 train_acc=0.752 | val_loss=0.8634 val_acc=0.750
      ep05 train_loss=0.9471 train_acc=0.723 | val_loss=0.9297 val_acc=0.750
      ep06 train_loss=0.8598 train_acc=0.773 | val_loss=1.0054 val_acc=0.750
      ep07 train_loss=0.8231 train_acc=0.818 | val_loss=0.6520 val_acc=0.750
      ep08 train_loss=0.7773 train_acc=0.855 | val_loss=0.9832 val_acc=0.750
      ep09 train_loss=0.7473 train_acc=0.880 | val_loss=0.7445 val_acc=0.750
      ep10 train_loss=0.6853 train_acc=0.917 | val_loss=1.1463 val_acc=0.750
      ep11 train_loss=0.6880 train_acc=0.876 | val_loss=1.1412 val_acc=0.750
      ep12 train_loss=0.6819 train_acc=0.930 | val_loss=0.7964 val_acc=0.750
      ep13 train_loss=0.6600 train_acc=0.921 | val_loss=0.7600 val_acc=0.750
      ep14 train_loss=0.6560 train_acc=0.926 | val_loss=0.6517 val_acc=0.750
      ep15 train_loss=0.6546 train_acc=0.950 | val_loss=0.5850 val_acc=0.750
      ep16 train_loss=0.6283 train_acc=0.942 | val_loss=0.8686 val_acc=0.750
      ep17 train_loss=0.6335 train_acc=0.955 | val_loss=0.4031 val_acc=0.750
      ep18 train_loss=0.6284 train_acc=0.963 | val_loss=0.5212 val_acc=0.750
      ep19 train_loss=0.6018 train_acc=0.971 | val_loss=0.6442 val_acc=0.750
      ep20 train_loss=0.6206 train_acc=0.955 | val_loss=0.6310 val_acc=0.750
      ep21 train_loss=0.5889 train_acc=0.983 | val_loss=0.5150 val_acc=0.750
      ep22 train_loss=0.5944 train_acc=0.979 | val_loss=0.5387 val_acc=0.750
      ep23 train_loss=0.6048 train_acc=0.971 | val_loss=0.7042 val_acc=0.750
      ep24 train_loss=0.6362 train_acc=0.967 | val_loss=0.5933 val_acc=0.750
    fold acc=0.750 time=242.2s | running pooled acc=0.677

--- Fold 15/26 | test sub15 (3 test, 243 train) ---
      ep00 train_loss=1.5985 train_acc=0.333 | val_loss=1.5661 val_acc=0.333
      ep01 train_loss=1.2184 train_acc=0.535 | val_loss=0.8581 val_acc=1.000
      ep02 train_loss=1.0618 train_acc=0.650 | val_loss=1.0682 val_acc=0.667
      ep03 train_loss=1.0500 train_acc=0.691 | val_loss=1.3490 val_acc=0.333
      ep04 train_loss=0.9701 train_acc=0.708 | val_loss=1.1711 val_acc=0.667
      ep05 train_loss=0.9459 train_acc=0.704 | val_loss=1.1329 val_acc=0.333
      ep06 train_loss=0.9181 train_acc=0.770 | val_loss=1.0916 val_acc=0.667
      ep07 train_loss=0.8209 train_acc=0.811 | val_loss=1.1625 val_acc=0.667
      ep08 train_loss=0.8053 train_acc=0.840 | val_loss=1.4260 val_acc=0.667
      ep09 train_loss=0.7249 train_acc=0.885 | val_loss=1.2983 val_acc=0.667
      ep10 train_loss=0.7219 train_acc=0.889 | val_loss=0.5832 val_acc=0.667
      ep11 train_loss=0.7782 train_acc=0.860 | val_loss=1.1008 val_acc=0.667
      ep12 train_loss=0.7124 train_acc=0.901 | val_loss=0.7310 val_acc=0.667
      ep13 train_loss=0.6586 train_acc=0.942 | val_loss=1.0535 val_acc=0.667
      ep14 train_loss=0.6737 train_acc=0.922 | val_loss=1.1353 val_acc=0.667
      ep15 train_loss=0.6470 train_acc=0.947 | val_loss=1.2799 val_acc=0.667
      ep16 train_loss=0.6329 train_acc=0.922 | val_loss=0.8181 val_acc=0.667
      ep17 train_loss=0.6093 train_acc=0.971 | val_loss=0.9325 val_acc=0.667
      ep18 train_loss=0.5935 train_acc=0.984 | val_loss=1.0186 val_acc=0.667
      ep19 train_loss=0.6305 train_acc=0.959 | val_loss=0.8457 val_acc=0.667
      ep20 train_loss=0.6243 train_acc=0.963 | val_loss=0.9284 val_acc=0.667
      ep21 train_loss=0.5901 train_acc=0.979 | val_loss=1.0233 val_acc=0.667
      ep22 train_loss=0.5758 train_acc=0.971 | val_loss=1.0687 val_acc=0.667
      ep23 train_loss=0.5893 train_acc=0.975 | val_loss=0.9316 val_acc=0.667
      ep24 train_loss=0.5808 train_acc=0.984 | val_loss=1.0252 val_acc=0.667
    fold acc=0.667 time=262.7s | running pooled acc=0.677

--- Fold 16/26 | test sub16 (4 test, 242 train) ---
      ep00 train_loss=1.6384 train_acc=0.302 | val_loss=1.9311 val_acc=0.250
      ep01 train_loss=1.2377 train_acc=0.545 | val_loss=1.5614 val_acc=0.250
      ep02 train_loss=1.1237 train_acc=0.607 | val_loss=1.5946 val_acc=0.250
      ep03 train_loss=1.0146 train_acc=0.669 | val_loss=1.6468 val_acc=0.250
      ep04 train_loss=0.9277 train_acc=0.727 | val_loss=1.1703 val_acc=0.500
      ep05 train_loss=0.9141 train_acc=0.752 | val_loss=1.0447 val_acc=0.250
      ep06 train_loss=0.8036 train_acc=0.843 | val_loss=1.0890 val_acc=0.750
      ep07 train_loss=0.8224 train_acc=0.806 | val_loss=0.9709 val_acc=0.500
      ep08 train_loss=0.7693 train_acc=0.843 | val_loss=1.1355 val_acc=0.500
      ep09 train_loss=0.7486 train_acc=0.864 | val_loss=1.0396 val_acc=0.500
      ep10 train_loss=0.6940 train_acc=0.888 | val_loss=1.4535 val_acc=0.250
      ep11 train_loss=0.6850 train_acc=0.905 | val_loss=1.2664 val_acc=0.500
      ep12 train_loss=0.6537 train_acc=0.938 | val_loss=1.3447 val_acc=0.250
      ep13 train_loss=0.6427 train_acc=0.963 | val_loss=1.6712 val_acc=0.250
      ep14 train_loss=0.6511 train_acc=0.934 | val_loss=1.8748 val_acc=0.250
      ep15 train_loss=0.6347 train_acc=0.955 | val_loss=1.5134 val_acc=0.500
      ep16 train_loss=0.6123 train_acc=0.946 | val_loss=1.2424 val_acc=0.250
      ep17 train_loss=0.6122 train_acc=0.979 | val_loss=1.3650 val_acc=0.500
      ep18 train_loss=0.6249 train_acc=0.955 | val_loss=1.5315 val_acc=0.250
      ep19 train_loss=0.5993 train_acc=0.992 | val_loss=1.5247 val_acc=0.250
      ep20 train_loss=0.6051 train_acc=0.971 | val_loss=1.2984 val_acc=0.250
      ep21 train_loss=0.5854 train_acc=0.988 | val_loss=1.2861 val_acc=0.500
      ep22 train_loss=0.5739 train_acc=0.983 | val_loss=1.3328 val_acc=0.500
      ep23 train_loss=0.5954 train_acc=0.988 | val_loss=1.3533 val_acc=0.500
      ep24 train_loss=0.6201 train_acc=0.955 | val_loss=1.1878 val_acc=0.500
    fold acc=0.250 time=165.4s | running pooled acc=0.664

--- Fold 17/26 | test sub17 (34 test, 212 train) ---
      ep00 train_loss=1.5694 train_acc=0.363 | val_loss=1.1143 val_acc=0.588
      ep01 train_loss=1.3221 train_acc=0.481 | val_loss=0.9365 val_acc=0.706
      ep02 train_loss=1.1103 train_acc=0.670 | val_loss=0.9268 val_acc=0.618
      ep03 train_loss=1.0897 train_acc=0.675 | val_loss=0.8973 val_acc=0.647
      ep04 train_loss=0.9403 train_acc=0.698 | val_loss=0.6655 val_acc=0.794
      ep05 train_loss=0.9759 train_acc=0.717 | val_loss=0.7826 val_acc=0.588
      ep06 train_loss=0.9338 train_acc=0.712 | val_loss=1.2214 val_acc=0.353
      ep07 train_loss=0.9103 train_acc=0.802 | val_loss=0.9248 val_acc=0.529
      ep08 train_loss=0.8632 train_acc=0.792 | val_loss=0.8527 val_acc=0.618
      ep09 train_loss=0.7939 train_acc=0.887 | val_loss=0.8355 val_acc=0.588
      ep10 train_loss=0.7990 train_acc=0.840 | val_loss=1.1415 val_acc=0.500
      ep11 train_loss=0.7389 train_acc=0.873 | val_loss=1.4869 val_acc=0.324
      ep12 train_loss=0.7074 train_acc=0.929 | val_loss=1.1894 val_acc=0.500
      ep13 train_loss=0.6948 train_acc=0.939 | val_loss=1.0306 val_acc=0.588
      ep14 train_loss=0.7608 train_acc=0.896 | val_loss=1.1686 val_acc=0.441
      ep15 train_loss=0.6911 train_acc=0.939 | val_loss=1.1646 val_acc=0.500
      ep16 train_loss=0.6946 train_acc=0.929 | val_loss=1.0386 val_acc=0.471
      ep17 train_loss=0.6968 train_acc=0.934 | val_loss=0.9445 val_acc=0.559
      ep18 train_loss=0.6785 train_acc=0.967 | val_loss=1.1187 val_acc=0.471
      ep19 train_loss=0.6574 train_acc=0.967 | val_loss=1.0246 val_acc=0.529
      ep20 train_loss=0.6265 train_acc=0.981 | val_loss=1.0634 val_acc=0.500
      ep21 train_loss=0.6380 train_acc=0.976 | val_loss=1.1276 val_acc=0.471
      ep22 train_loss=0.6603 train_acc=0.953 | val_loss=1.0153 val_acc=0.559
      ep23 train_loss=0.6750 train_acc=0.948 | val_loss=1.0429 val_acc=0.500
      ep24 train_loss=0.6560 train_acc=0.967 | val_loss=0.9457 val_acc=0.529
    fold acc=0.706 time=165.3s | running pooled acc=0.673

--- Fold 18/26 | test sub18 (3 test, 243 train) ---
      ep00 train_loss=1.5843 train_acc=0.350 | val_loss=1.1117 val_acc=0.667
      ep01 train_loss=1.2456 train_acc=0.486 | val_loss=0.7234 val_acc=0.667
      ep02 train_loss=1.0784 train_acc=0.605 | val_loss=0.8904 val_acc=0.667
      ep03 train_loss=1.0316 train_acc=0.687 | val_loss=0.8327 val_acc=0.667
      ep04 train_loss=0.9468 train_acc=0.724 | val_loss=0.7097 val_acc=0.667
      ep05 train_loss=0.9189 train_acc=0.753 | val_loss=0.5282 val_acc=1.000
      ep06 train_loss=0.8620 train_acc=0.774 | val_loss=0.9887 val_acc=0.333
      ep07 train_loss=0.7968 train_acc=0.811 | val_loss=0.5080 val_acc=1.000
      ep08 train_loss=0.7426 train_acc=0.860 | val_loss=0.7342 val_acc=0.667
      ep09 train_loss=0.7397 train_acc=0.868 | val_loss=0.3815 val_acc=1.000
      ep10 train_loss=0.7421 train_acc=0.881 | val_loss=0.2775 val_acc=1.000
      ep11 train_loss=0.7251 train_acc=0.914 | val_loss=0.1918 val_acc=1.000
      ep12 train_loss=0.6791 train_acc=0.909 | val_loss=0.3851 val_acc=1.000
      ep13 train_loss=0.6396 train_acc=0.947 | val_loss=0.2044 val_acc=1.000
      ep14 train_loss=0.6444 train_acc=0.934 | val_loss=0.2539 val_acc=1.000
      ep15 train_loss=0.6346 train_acc=0.947 | val_loss=0.3853 val_acc=0.667
      ep16 train_loss=0.6253 train_acc=0.942 | val_loss=0.2708 val_acc=1.000
      ep17 train_loss=0.6240 train_acc=0.955 | val_loss=0.2931 val_acc=1.000
      ep18 train_loss=0.5869 train_acc=0.971 | val_loss=0.2813 val_acc=1.000
      ep19 train_loss=0.5906 train_acc=0.975 | val_loss=0.3284 val_acc=1.000
      ep20 train_loss=0.6055 train_acc=0.971 | val_loss=0.3347 val_acc=1.000
      ep21 train_loss=0.5825 train_acc=0.984 | val_loss=0.2739 val_acc=1.000
      ep22 train_loss=0.5717 train_acc=0.979 | val_loss=0.3231 val_acc=1.000
      ep23 train_loss=0.5660 train_acc=0.992 | val_loss=0.4547 val_acc=0.667
      ep24 train_loss=0.5776 train_acc=0.988 | val_loss=0.3410 val_acc=1.000
    fold acc=1.000 time=166.1s | running pooled acc=0.678

--- Fold 19/26 | test sub19 (15 test, 231 train) ---
      ep00 train_loss=1.5632 train_acc=0.407 | val_loss=1.1718 val_acc=0.600
      ep01 train_loss=1.2229 train_acc=0.576 | val_loss=1.0850 val_acc=0.600
      ep02 train_loss=1.0715 train_acc=0.645 | val_loss=0.8922 val_acc=0.600
      ep03 train_loss=1.0793 train_acc=0.675 | val_loss=0.6874 val_acc=0.733
      ep04 train_loss=0.9490 train_acc=0.701 | val_loss=0.7150 val_acc=0.800
      ep05 train_loss=0.8986 train_acc=0.762 | val_loss=0.6627 val_acc=0.800
      ep06 train_loss=0.8804 train_acc=0.810 | val_loss=0.6977 val_acc=0.800
      ep07 train_loss=0.8192 train_acc=0.810 | val_loss=0.5686 val_acc=0.867
      ep08 train_loss=0.7373 train_acc=0.857 | val_loss=0.9161 val_acc=0.800
      ep09 train_loss=0.7588 train_acc=0.879 | val_loss=0.5392 val_acc=0.800
      ep10 train_loss=0.7317 train_acc=0.874 | val_loss=0.6730 val_acc=0.667
      ep11 train_loss=0.7037 train_acc=0.896 | val_loss=0.6880 val_acc=0.800
      ep12 train_loss=0.6897 train_acc=0.905 | val_loss=0.5910 val_acc=0.667
      ep13 train_loss=0.6628 train_acc=0.944 | val_loss=0.6218 val_acc=0.800
      ep14 train_loss=0.6538 train_acc=0.952 | val_loss=0.7711 val_acc=0.733
      ep15 train_loss=0.6475 train_acc=0.965 | val_loss=0.8114 val_acc=0.667
      ep16 train_loss=0.6721 train_acc=0.944 | val_loss=0.6758 val_acc=0.733
      ep17 train_loss=0.6553 train_acc=0.952 | val_loss=0.6205 val_acc=0.667
      ep18 train_loss=0.6184 train_acc=0.991 | val_loss=0.5943 val_acc=0.733
      ep19 train_loss=0.6108 train_acc=0.978 | val_loss=0.6222 val_acc=0.667
      ep20 train_loss=0.6055 train_acc=0.983 | val_loss=0.6923 val_acc=0.667
      ep21 train_loss=0.6055 train_acc=0.957 | val_loss=0.6332 val_acc=0.667
      ep22 train_loss=0.5849 train_acc=0.987 | val_loss=0.6677 val_acc=0.667
      ep23 train_loss=0.5953 train_acc=0.978 | val_loss=0.6415 val_acc=0.667
      ep24 train_loss=0.6012 train_acc=0.991 | val_loss=0.6610 val_acc=0.667
    fold acc=0.800 time=155.3s | running pooled acc=0.688

--- Fold 20/26 | test sub20 (11 test, 235 train) ---
      ep00 train_loss=1.5235 train_acc=0.340 | val_loss=1.6337 val_acc=0.091
      ep01 train_loss=1.2194 train_acc=0.591 | val_loss=1.5091 val_acc=0.182
      ep02 train_loss=1.0317 train_acc=0.643 | val_loss=1.1801 val_acc=0.455
      ep03 train_loss=1.0179 train_acc=0.681 | val_loss=1.3398 val_acc=0.273
      ep04 train_loss=0.9069 train_acc=0.774 | val_loss=1.4939 val_acc=0.364
      ep05 train_loss=0.8752 train_acc=0.766 | val_loss=1.3693 val_acc=0.455
      ep06 train_loss=0.8763 train_acc=0.774 | val_loss=1.1742 val_acc=0.364
      ep07 train_loss=0.8048 train_acc=0.843 | val_loss=1.1922 val_acc=0.545
      ep08 train_loss=0.7980 train_acc=0.821 | val_loss=1.4450 val_acc=0.455
      ep09 train_loss=0.7243 train_acc=0.838 | val_loss=0.8927 val_acc=0.727
      ep10 train_loss=0.6939 train_acc=0.881 | val_loss=1.3804 val_acc=0.455
      ep11 train_loss=0.7065 train_acc=0.915 | val_loss=1.3594 val_acc=0.364
      ep12 train_loss=0.6720 train_acc=0.919 | val_loss=0.9235 val_acc=0.545
      ep13 train_loss=0.6377 train_acc=0.919 | val_loss=1.0850 val_acc=0.545
      ep14 train_loss=0.6797 train_acc=0.932 | val_loss=1.3295 val_acc=0.455
      ep15 train_loss=0.6174 train_acc=0.945 | val_loss=1.4749 val_acc=0.455
      ep16 train_loss=0.5755 train_acc=0.979 | val_loss=1.2876 val_acc=0.455
      ep17 train_loss=0.5989 train_acc=0.974 | val_loss=1.1486 val_acc=0.455
      ep18 train_loss=0.6099 train_acc=0.945 | val_loss=1.4890 val_acc=0.364
      ep19 train_loss=0.5989 train_acc=0.966 | val_loss=1.4748 val_acc=0.455
      ep20 train_loss=0.5853 train_acc=0.974 | val_loss=1.8407 val_acc=0.455
      ep21 train_loss=0.5708 train_acc=0.983 | val_loss=1.5431 val_acc=0.455
      ep22 train_loss=0.5759 train_acc=0.979 | val_loss=1.3066 val_acc=0.455
      ep23 train_loss=0.5616 train_acc=0.991 | val_loss=1.2263 val_acc=0.455
      ep24 train_loss=0.5591 train_acc=0.983 | val_loss=1.5853 val_acc=0.455
    fold acc=0.545 time=150.9s | running pooled acc=0.680

--- Fold 21/26 | test sub21 (2 test, 244 train) ---
      ep00 train_loss=1.5670 train_acc=0.348 | val_loss=1.2737 val_acc=0.500
      ep01 train_loss=1.2216 train_acc=0.549 | val_loss=1.8913 val_acc=0.000
      ep02 train_loss=1.0895 train_acc=0.607 | val_loss=2.3072 val_acc=0.000
      ep03 train_loss=1.1117 train_acc=0.643 | val_loss=2.4140 val_acc=0.000
      ep04 train_loss=0.9424 train_acc=0.701 | val_loss=2.2693 val_acc=0.500
      ep05 train_loss=0.8358 train_acc=0.795 | val_loss=2.0564 val_acc=0.500
      ep06 train_loss=0.8205 train_acc=0.770 | val_loss=2.1921 val_acc=0.500
      ep07 train_loss=0.8519 train_acc=0.803 | val_loss=2.0588 val_acc=0.500
      ep08 train_loss=0.7080 train_acc=0.873 | val_loss=2.0077 val_acc=0.500
      ep09 train_loss=0.7033 train_acc=0.869 | val_loss=1.8477 val_acc=0.500
      ep10 train_loss=0.6927 train_acc=0.893 | val_loss=2.5307 val_acc=0.500
      ep11 train_loss=0.7319 train_acc=0.885 | val_loss=2.3232 val_acc=0.500
      ep12 train_loss=0.6320 train_acc=0.943 | val_loss=2.2426 val_acc=0.500
      ep13 train_loss=0.6413 train_acc=0.939 | val_loss=2.5979 val_acc=0.500
      ep14 train_loss=0.6280 train_acc=0.943 | val_loss=2.3446 val_acc=0.500
      ep15 train_loss=0.6170 train_acc=0.959 | val_loss=2.4200 val_acc=0.500
      ep16 train_loss=0.6008 train_acc=0.951 | val_loss=2.0978 val_acc=0.500
      ep17 train_loss=0.5863 train_acc=0.967 | val_loss=2.1388 val_acc=0.500
      ep18 train_loss=0.6079 train_acc=0.971 | val_loss=1.9335 val_acc=0.500
      ep19 train_loss=0.5740 train_acc=0.980 | val_loss=2.0371 val_acc=0.500
      ep20 train_loss=0.5717 train_acc=0.992 | val_loss=2.1246 val_acc=0.500
      ep21 train_loss=0.5649 train_acc=0.988 | val_loss=2.1742 val_acc=0.500
      ep22 train_loss=0.5620 train_acc=0.988 | val_loss=2.0077 val_acc=0.500
      ep23 train_loss=0.5913 train_acc=0.996 | val_loss=2.0369 val_acc=0.500
      ep24 train_loss=0.5632 train_acc=0.996 | val_loss=2.0629 val_acc=0.500
    fold acc=0.500 time=151.1s | running pooled acc=0.678

--- Fold 22/26 | test sub22 (2 test, 244 train) ---
      ep00 train_loss=1.5821 train_acc=0.352 | val_loss=0.4066 val_acc=1.000
      ep01 train_loss=1.2363 train_acc=0.549 | val_loss=0.1208 val_acc=1.000
      ep02 train_loss=1.1176 train_acc=0.607 | val_loss=0.1194 val_acc=1.000
      ep03 train_loss=1.1349 train_acc=0.635 | val_loss=0.0821 val_acc=1.000
      ep04 train_loss=0.9633 train_acc=0.717 | val_loss=0.0528 val_acc=1.000
      ep05 train_loss=0.8734 train_acc=0.787 | val_loss=0.0129 val_acc=1.000
      ep06 train_loss=0.8663 train_acc=0.762 | val_loss=0.1612 val_acc=1.000
      ep07 train_loss=0.8584 train_acc=0.799 | val_loss=0.0278 val_acc=1.000
      ep08 train_loss=0.7603 train_acc=0.828 | val_loss=0.0185 val_acc=1.000
      ep09 train_loss=0.7285 train_acc=0.893 | val_loss=0.0142 val_acc=1.000
      ep10 train_loss=0.7154 train_acc=0.881 | val_loss=0.0232 val_acc=1.000
      ep11 train_loss=0.7165 train_acc=0.889 | val_loss=0.0149 val_acc=1.000
      ep12 train_loss=0.6571 train_acc=0.926 | val_loss=0.0095 val_acc=1.000
      ep13 train_loss=0.6501 train_acc=0.934 | val_loss=0.0099 val_acc=1.000
      ep14 train_loss=0.6448 train_acc=0.943 | val_loss=0.0195 val_acc=1.000
      ep15 train_loss=0.6219 train_acc=0.963 | val_loss=0.0228 val_acc=1.000
      ep16 train_loss=0.6132 train_acc=0.967 | val_loss=0.0172 val_acc=1.000
      ep17 train_loss=0.6031 train_acc=0.963 | val_loss=0.0113 val_acc=1.000
      ep18 train_loss=0.6214 train_acc=0.971 | val_loss=0.0104 val_acc=1.000
      ep19 train_loss=0.5848 train_acc=0.971 | val_loss=0.0150 val_acc=1.000
      ep20 train_loss=0.5858 train_acc=0.980 | val_loss=0.0193 val_acc=1.000
      ep21 train_loss=0.5819 train_acc=0.984 | val_loss=0.0161 val_acc=1.000
      ep22 train_loss=0.5725 train_acc=0.988 | val_loss=0.0160 val_acc=1.000
      ep23 train_loss=0.6159 train_acc=0.975 | val_loss=0.0142 val_acc=1.000
      ep24 train_loss=0.5709 train_acc=0.980 | val_loss=0.0163 val_acc=1.000
    fold acc=1.000 time=162.9s | running pooled acc=0.681

--- Fold 23/26 | test sub23 (12 test, 234 train) ---
      ep00 train_loss=1.5708 train_acc=0.359 | val_loss=1.0072 val_acc=0.833
      ep01 train_loss=1.2648 train_acc=0.543 | val_loss=0.7787 val_acc=0.750
      ep02 train_loss=1.0529 train_acc=0.692 | val_loss=0.7897 val_acc=0.667
      ep03 train_loss=1.0197 train_acc=0.667 | val_loss=0.7609 val_acc=0.667
      ep04 train_loss=0.9398 train_acc=0.735 | val_loss=0.4791 val_acc=0.833
      ep05 train_loss=0.8871 train_acc=0.756 | val_loss=0.5771 val_acc=0.833
      ep06 train_loss=0.8834 train_acc=0.791 | val_loss=0.5263 val_acc=0.833
      ep07 train_loss=0.7778 train_acc=0.838 | val_loss=0.7412 val_acc=0.750
      ep08 train_loss=0.8000 train_acc=0.821 | val_loss=0.5611 val_acc=0.833
      ep09 train_loss=0.7320 train_acc=0.876 | val_loss=0.7198 val_acc=0.833
      ep10 train_loss=0.7015 train_acc=0.880 | val_loss=0.3714 val_acc=0.917
      ep11 train_loss=0.6885 train_acc=0.910 | val_loss=0.7114 val_acc=0.833
      ep12 train_loss=0.6723 train_acc=0.923 | val_loss=0.7392 val_acc=0.750
      ep13 train_loss=0.6386 train_acc=0.919 | val_loss=0.6199 val_acc=0.750
      ep14 train_loss=0.6426 train_acc=0.949 | val_loss=0.4777 val_acc=0.833
      ep15 train_loss=0.6718 train_acc=0.927 | val_loss=0.7389 val_acc=0.750
      ep16 train_loss=0.6039 train_acc=0.970 | val_loss=0.6825 val_acc=0.750
      ep17 train_loss=0.5805 train_acc=0.987 | val_loss=0.6621 val_acc=0.750
      ep18 train_loss=0.5783 train_acc=0.987 | val_loss=0.7839 val_acc=0.750
      ep19 train_loss=0.5726 train_acc=0.987 | val_loss=0.8265 val_acc=0.750
      ep20 train_loss=0.5610 train_acc=0.987 | val_loss=0.6634 val_acc=0.750
      ep21 train_loss=0.5930 train_acc=0.983 | val_loss=0.6709 val_acc=0.750
      ep22 train_loss=0.5765 train_acc=0.970 | val_loss=0.7144 val_acc=0.750
      ep23 train_loss=0.5923 train_acc=0.970 | val_loss=0.7125 val_acc=0.750
      ep24 train_loss=0.5738 train_acc=0.983 | val_loss=0.6754 val_acc=0.833
    fold acc=0.833 time=156.0s | running pooled acc=0.690

--- Fold 24/26 | test sub24 (7 test, 239 train) ---
      ep00 train_loss=1.5516 train_acc=0.326 | val_loss=1.2897 val_acc=0.429
      ep01 train_loss=1.1856 train_acc=0.603 | val_loss=1.3120 val_acc=0.286
      ep02 train_loss=1.0748 train_acc=0.619 | val_loss=1.0454 val_acc=0.571
      ep03 train_loss=1.0424 train_acc=0.644 | val_loss=1.1835 val_acc=0.571
      ep04 train_loss=0.9935 train_acc=0.707 | val_loss=0.9427 val_acc=0.714
      ep05 train_loss=0.8809 train_acc=0.753 | val_loss=1.0476 val_acc=0.571
      ep06 train_loss=0.8229 train_acc=0.816 | val_loss=1.1533 val_acc=0.571
      ep07 train_loss=0.7499 train_acc=0.858 | val_loss=1.2167 val_acc=0.571
      ep08 train_loss=0.7384 train_acc=0.858 | val_loss=1.1162 val_acc=0.571
      ep09 train_loss=0.6654 train_acc=0.921 | val_loss=1.0879 val_acc=0.571
      ep10 train_loss=0.7156 train_acc=0.879 | val_loss=1.1310 val_acc=0.571
      ep11 train_loss=0.6507 train_acc=0.912 | val_loss=1.2303 val_acc=0.571
      ep12 train_loss=0.6603 train_acc=0.925 | val_loss=1.3561 val_acc=0.571
      ep13 train_loss=0.6526 train_acc=0.933 | val_loss=1.0744 val_acc=0.571
      ep14 train_loss=0.6196 train_acc=0.950 | val_loss=1.1390 val_acc=0.429
      ep15 train_loss=0.6251 train_acc=0.925 | val_loss=1.1334 val_acc=0.571
      ep16 train_loss=0.6056 train_acc=0.971 | val_loss=0.9628 val_acc=0.429
      ep17 train_loss=0.5933 train_acc=0.975 | val_loss=1.2618 val_acc=0.429
      ep18 train_loss=0.5821 train_acc=0.983 | val_loss=1.2182 val_acc=0.429
      ep19 train_loss=0.6131 train_acc=0.967 | val_loss=1.3177 val_acc=0.429
      ep20 train_loss=0.5852 train_acc=0.975 | val_loss=1.2438 val_acc=0.429
      ep21 train_loss=0.5918 train_acc=0.975 | val_loss=1.1436 val_acc=0.429
      ep22 train_loss=0.5706 train_acc=0.983 | val_loss=1.1924 val_acc=0.429
      ep23 train_loss=0.5752 train_acc=0.975 | val_loss=1.1631 val_acc=0.429
      ep24 train_loss=0.5630 train_acc=0.983 | val_loss=1.2099 val_acc=0.429
    fold acc=0.571 time=154.6s | running pooled acc=0.686

--- Fold 25/26 | test sub25 (7 test, 239 train) ---
      ep00 train_loss=1.5441 train_acc=0.351 | val_loss=1.3173 val_acc=0.286
      ep01 train_loss=1.2133 train_acc=0.569 | val_loss=1.2473 val_acc=0.286
      ep02 train_loss=1.0320 train_acc=0.682 | val_loss=1.5879 val_acc=0.286
      ep03 train_loss=1.0405 train_acc=0.649 | val_loss=1.1749 val_acc=0.429
      ep04 train_loss=1.0083 train_acc=0.707 | val_loss=1.0642 val_acc=0.571
      ep05 train_loss=0.9057 train_acc=0.745 | val_loss=1.3228 val_acc=0.571
      ep06 train_loss=0.8149 train_acc=0.828 | val_loss=1.1880 val_acc=0.571
      ep07 train_loss=0.7628 train_acc=0.849 | val_loss=1.4175 val_acc=0.286
      ep08 train_loss=0.7485 train_acc=0.858 | val_loss=1.7225 val_acc=0.429
      ep09 train_loss=0.6835 train_acc=0.921 | val_loss=1.1487 val_acc=0.571
      ep10 train_loss=0.7353 train_acc=0.866 | val_loss=1.7585 val_acc=0.571
      ep11 train_loss=0.6587 train_acc=0.916 | val_loss=2.0204 val_acc=0.286
      ep12 train_loss=0.6558 train_acc=0.921 | val_loss=1.3970 val_acc=0.571
      ep13 train_loss=0.6408 train_acc=0.937 | val_loss=1.4353 val_acc=0.571
      ep14 train_loss=0.6238 train_acc=0.958 | val_loss=2.0455 val_acc=0.571
      ep15 train_loss=0.6350 train_acc=0.950 | val_loss=1.0858 val_acc=0.571
      ep16 train_loss=0.6407 train_acc=0.946 | val_loss=1.7819 val_acc=0.571
      ep17 train_loss=0.6003 train_acc=0.987 | val_loss=1.9212 val_acc=0.571
      ep18 train_loss=0.5950 train_acc=0.975 | val_loss=1.3597 val_acc=0.571
      ep19 train_loss=0.6194 train_acc=0.962 | val_loss=1.5639 val_acc=0.571
      ep20 train_loss=0.5829 train_acc=0.975 | val_loss=1.6868 val_acc=0.571
      ep21 train_loss=0.6059 train_acc=0.962 | val_loss=1.7038 val_acc=0.571
      ep22 train_loss=0.5837 train_acc=0.983 | val_loss=1.7014 val_acc=0.571
      ep23 train_loss=0.5806 train_acc=0.979 | val_loss=1.4173 val_acc=0.571
      ep24 train_loss=0.5692 train_acc=0.983 | val_loss=1.6025 val_acc=0.571
    fold acc=0.571 time=162.1s | running pooled acc=0.683

--- Fold 26/26 | test sub26 (16 test, 230 train) ---
      ep00 train_loss=1.5650 train_acc=0.309 | val_loss=1.2432 val_acc=0.625
      ep01 train_loss=1.1800 train_acc=0.622 | val_loss=1.4182 val_acc=0.188
      ep02 train_loss=1.0460 train_acc=0.700 | val_loss=1.2679 val_acc=0.312
      ep03 train_loss=1.0135 train_acc=0.700 | val_loss=1.4544 val_acc=0.312
      ep04 train_loss=0.8914 train_acc=0.722 | val_loss=1.9180 val_acc=0.188
      ep05 train_loss=0.8708 train_acc=0.796 | val_loss=1.8168 val_acc=0.312
      ep06 train_loss=0.9325 train_acc=0.748 | val_loss=1.1143 val_acc=0.562
      ep07 train_loss=0.8072 train_acc=0.852 | val_loss=1.5597 val_acc=0.312
      ep08 train_loss=0.7866 train_acc=0.826 | val_loss=1.3698 val_acc=0.375
      ep09 train_loss=0.7282 train_acc=0.874 | val_loss=2.2799 val_acc=0.250
      ep10 train_loss=0.6879 train_acc=0.887 | val_loss=1.8422 val_acc=0.312
      ep11 train_loss=0.6436 train_acc=0.922 | val_loss=2.1365 val_acc=0.125
      ep12 train_loss=0.6238 train_acc=0.930 | val_loss=1.8734 val_acc=0.188
      ep13 train_loss=0.6342 train_acc=0.943 | val_loss=1.9043 val_acc=0.250
      ep14 train_loss=0.5861 train_acc=0.952 | val_loss=2.2855 val_acc=0.188
      ep15 train_loss=0.6039 train_acc=0.948 | val_loss=2.1738 val_acc=0.250
      ep16 train_loss=0.5774 train_acc=0.970 | val_loss=2.1048 val_acc=0.250
      ep17 train_loss=0.6092 train_acc=0.952 | val_loss=2.1208 val_acc=0.250
      ep18 train_loss=0.5865 train_acc=0.965 | val_loss=2.0958 val_acc=0.250
      ep19 train_loss=0.6190 train_acc=0.957 | val_loss=2.3817 val_acc=0.188
      ep20 train_loss=0.5756 train_acc=0.970 | val_loss=2.0389 val_acc=0.250
      ep21 train_loss=0.5690 train_acc=0.978 | val_loss=2.0102 val_acc=0.250
      ep22 train_loss=0.5777 train_acc=0.974 | val_loss=2.1328 val_acc=0.188
      ep23 train_loss=0.5608 train_acc=0.978 | val_loss=1.9792 val_acc=0.250
      ep24 train_loss=0.5714 train_acc=0.978 | val_loss=2.2581 val_acc=0.250
    fold acc=0.188 time=168.4s | running pooled acc=0.650

=== FINAL (pooled LOSO) ===
UF1 = 0.6864
UAR = 0.7176
ACC = 0.6504
per-class F1: happiness=0.640, disgust=0.621, repression=0.690, surprise=0.889, others=0.593
per-class recall: happiness=0.750, disgust=0.571, repression=0.741, surprise=0.960, others=0.566
confusion matrix (rows=true):
        happin disgus repres surpri others
happine     24      0      0      1      7
disgust      1     36      1      1     24
repress      4      0     20      0      3
surpris      0      0      1     24      0
 others     14     17      9      3     56

saved to D:\AI-Projects\casmeII-new-from-sequence-model\experiments\iter_23_resnetgru
elapsed 5636.4s
