[21:31:15] === QUEUE V4 START ===
[21:31:15] START iter_56_g1_user_s42
[21:44:17] DONE  iter_56_g1_user_s42: FINAL dev: UF1=0.6255 UAR=0.6513 ACC=0.6531
[21:44:18] START iter_56_g1_user_s123
[21:57:08] DONE  iter_56_g1_user_s123: FINAL dev: UF1=0.5529 UAR=0.5897 ACC=0.5663
[21:57:08] START iter_56_g1_user_s2024
[22:09:42] DONE  iter_56_g1_user_s2024: FINAL dev: UF1=0.5779 UAR=0.6063 ACC=0.6071
[22:09:42] START iter_56_g2_disgust_others_s42
[22:22:03] DONE  iter_56_g2_disgust_others_s42: FINAL dev: UF1=0.7388 UAR=0.7751 ACC=0.8177
[22:22:03] START iter_56_g2_disgust_others_s123
[22:34:22] DONE  iter_56_g2_disgust_others_s123: FINAL dev: UF1=0.7495 UAR=0.7732 ACC=0.8281
[22:34:22] START iter_56_g2_disgust_others_s2024
[22:48:19] DONE  iter_56_g2_disgust_others_s2024: FINAL dev: UF1=0.6933 UAR=0.7445 ACC=0.7812
[22:48:19] START iter_56_g3_disgust_others_plus_s42
[23:02:50] DONE  iter_56_g3_disgust_others_plus_s42: FINAL dev: UF1=0.7129 UAR=0.7530 ACC=0.7857
[23:02:51] START iter_56_g3_disgust_others_plus_s123
[23:17:11] DONE  iter_56_g3_disgust_others_plus_s123: FINAL dev: UF1=0.6769 UAR=0.7019 ACC=0.7602
[23:17:11] START iter_56_g3_disgust_others_plus_s2024
[23:31:39] DONE  iter_56_g3_disgust_others_plus_s2024: FINAL dev: UF1=0.6965 UAR=0.7457 ACC=0.7704
[23:31:39] MENYUSUN RINGKASAN...
[23:31:45] === QUEUE V4 COMPLETE ===
