=== EXPERIMENT iter_30_vivit_rgb_qsmoke2 ===
time: 2026-07-18T23:57:09.009876
device: cuda (NVIDIA GeForce RTX 3060)
platform: Windows-10-10.0.26200-SP0 | torch 2.6.0+cu124
config:
{
  "seed": 42,
  "T": 32,
  "img_size": 128,
  "base_size": 128,
  "input_mode": "rgb",
  "backbone": "vivit",
  "pretrained": true,
  "dropout": 0.2,
  "epochs": 24,
  "lr": 6e-05,
  "weight_decay": 0.02,
  "batch_size": 8,
  "class_weighting": true,
  "label_smoothing": 0.0,
  "hflip": true,
  "color_jitter": 0.1,
  "temporal_jitter": true,
  "amp": true,
  "eval_last_k": 3,
  "tta": 5,
  "cache_dir": "cache/frames128",
  "index": "cache/index_emotion.csv",
  "class_names": [
    "happiness",
    "disgust",
    "repression",
    "surprise",
    "others"
  ],
  "name": "iter_30_vivit_rgb",
  "resize_to": 224,
  "modality": "rgb",
  "temporal_span": "onset_offset",
  "grad_checkpoint": true,
  "head_lr": 0.003,
  "llrd_decay": 0.85,
  "warmup_epochs": 3,
  "freeze_epochs": 2,
  "grad_accum": 1,
  "loss": "focal",
  "focal_gamma": 1.5,
  "random_erase": 0.1
}
samples: 246 | classes: 5 ['happiness', 'disgust', 'repression', 'surprise', 'others']
loading arrays into RAM...
loaded 246 arrays
[SMOKE] limiting to 1 folds: [1]

--- Fold 1/1 | test sub01 (9 test, 237 train) ---
      ep00 train_loss=1.2730 train_acc=0.135 | val_loss=1.7089 val_acc=0.333
      ep01 train_loss=1.1826 train_acc=0.224 | val_loss=1.6987 val_acc=0.000
      [unfreeze] backbone unfrozen at epoch 2
      ep02 train_loss=1.1752 train_acc=0.342 | val_loss=2.6689 val_acc=0.111
      ep03 train_loss=1.2225 train_acc=0.291 | val_loss=1.6635 val_acc=0.111
      ep04 train_loss=1.0320 train_acc=0.380 | val_loss=1.1059 val_acc=0.778
      ep05 train_loss=0.8582 train_acc=0.460 | val_loss=3.3359 val_acc=0.111
      ep06 train_loss=0.7790 train_acc=0.460 | val_loss=0.7773 val_acc=0.889
      ep07 train_loss=0.5697 train_acc=0.599 | val_loss=2.5364 val_acc=0.111
