=== APEX apex_ststnet_smoke === 2026-07-15T21:34:16.905188 device=cuda
config:
{
  "seed": 42,
  "img_size": 64,
  "crop": 112,
  "base_size": 128,
  "flow_clip": 3.0,
  "strain_clip": 0.3,
  "shallow": "ststnet",
  "in_channels": 3,
  "dropout": 0.5,
  "epochs": 60,
  "lr": 0.001,
  "weight_decay": 0.001,
  "batch_size": 32,
  "class_weighting": true,
  "label_smoothing": 0.05,
  "hflip": true,
  "loss": "focal",
  "focal_gamma": 2.0,
  "tta": 10,
  "eval_last_k": 5,
  "cache_dir": "cache/flow128",
  "manifest_name": "manifest.csv",
  "index": "cache/index_emotion.csv",
  "class_names": [
    "happiness",
    "disgust",
    "repression",
    "surprise",
    "others"
  ],
  "name": "apex_ststnet"
}
fold 1/3 sub01 acc=0.000 | pooled acc=0.000 (16s)
fold 2/3 sub02 acc=0.231 | pooled acc=0.136 (30s)
fold 3/3 sub03 acc=0.429 | pooled acc=0.207 (45s)

=== APEX FINAL ===
UF1 = 0.2056
UAR = 0.2300
ACC = 0.2069
per-class F1: happiness=0.000, disgust=0.200, repression=0.444, surprise=0.250, others=0.133
happine      0      0      0      2      0
disgust      1      1      0      2      2
repress      2      1      2      0      0
surpris      2      0      0      2      0
 others      1      2      2      6      1

saved -> D:\AI-Projects\casmeII-new-from-sequence-model\experiments\apex_ststnet_smoke  elapsed 45.3s
