=== EXPERIMENT iter_32_vivit_diff ===
time: 2026-07-20T11:39:23.410063
device: cuda (NVIDIA GeForce RTX 3060)
platform: Windows-10-10.0.26200-SP0 | torch 2.6.0+cu124
config:
{
  "seed": 42,
  "T": 32,
  "img_size": 128,
  "base_size": 128,
  "input_mode": "diff",
  "backbone": "vivit",
  "pretrained": true,
  "dropout": 0.2,
  "epochs": 24,
  "lr": 6e-05,
  "weight_decay": 0.02,
  "batch_size": 8,
  "class_weighting": true,
  "label_smoothing": 0.0,
  "hflip": true,
  "color_jitter": 0.0,
  "temporal_jitter": true,
  "amp": true,
  "eval_last_k": 3,
  "tta": 5,
  "cache_dir": "cache/frames128",
  "index": "cache/index_emotion.csv",
  "class_names": [
    "happiness",
    "disgust",
    "repression",
    "surprise",
    "others"
  ],
  "name": "iter_32_vivit_diff",
  "resize_to": 224,
  "modality": "rgb",
  "temporal_span": "onset_offset",
  "grad_checkpoint": true,
  "head_lr": 0.003,
  "llrd_decay": 0.85,
  "warmup_epochs": 3,
  "freeze_epochs": 2,
  "grad_accum": 1,
  "loss": "focal",
  "focal_gamma": 1.5,
  "random_erase": 0.1
}
samples: 246 | classes: 5 ['happiness', 'disgust', 'repression', 'surprise', 'others']
loading arrays into RAM...
loaded 246 arrays

--- Fold 1/26 | test sub01 (9 test, 237 train) ---
      ep00 train_loss=1.2053 train_acc=0.215 | val_loss=1.4269 val_acc=0.556
      ep01 train_loss=1.2184 train_acc=0.207 | val_loss=1.4288 val_acc=0.222
      [unfreeze] backbone unfrozen at epoch 2
      ep02 train_loss=1.3629 train_acc=0.262 | val_loss=1.8253 val_acc=0.111
      ep03 train_loss=1.3599 train_acc=0.173 | val_loss=1.7717 val_acc=0.000
      ep04 train_loss=1.2090 train_acc=0.270 | val_loss=1.6683 val_acc=0.111
      ep05 train_loss=1.1111 train_acc=0.291 | val_loss=1.5365 val_acc=0.111
      ep06 train_loss=1.1185 train_acc=0.236 | val_loss=1.1829 val_acc=0.667
      ep07 train_loss=1.0889 train_acc=0.283 | val_loss=1.4954 val_acc=0.444
      ep08 train_loss=1.0977 train_acc=0.278 | val_loss=1.3176 val_acc=0.444
      ep09 train_loss=1.0848 train_acc=0.304 | val_loss=1.5776 val_acc=0.333
      ep10 train_loss=0.8837 train_acc=0.439 | val_loss=1.2561 val_acc=0.333
      ep11 train_loss=0.8124 train_acc=0.426 | val_loss=1.2168 val_acc=0.333
      ep12 train_loss=0.7951 train_acc=0.435 | val_loss=2.0593 val_acc=0.111
      ep13 train_loss=0.7259 train_acc=0.473 | val_loss=1.4804 val_acc=0.333
      ep14 train_loss=0.8176 train_acc=0.422 | val_loss=1.4633 val_acc=0.222
      ep15 train_loss=0.7169 train_acc=0.506 | val_loss=1.3266 val_acc=0.333
      ep16 train_loss=0.6276 train_acc=0.527 | val_loss=1.2793 val_acc=0.333
      ep17 train_loss=0.6336 train_acc=0.532 | val_loss=1.4522 val_acc=0.222
      ep18 train_loss=0.5315 train_acc=0.591 | val_loss=1.6036 val_acc=0.222
      ep19 train_loss=0.5579 train_acc=0.527 | val_loss=1.2518 val_acc=0.333
      ep20 train_loss=0.5764 train_acc=0.612 | val_loss=1.4012 val_acc=0.333
      ep21 train_loss=0.5375 train_acc=0.532 | val_loss=1.3469 val_acc=0.333
      ep22 train_loss=0.5498 train_acc=0.574 | val_loss=1.3228 val_acc=0.333
      ep23 train_loss=0.5095 train_acc=0.629 | val_loss=1.3413 val_acc=0.333
    fold acc=0.222 time=2467.3s | running pooled acc=0.222

--- Fold 2/26 | test sub02 (13 test, 233 train) ---
      ep00 train_loss=1.2434 train_acc=0.210 | val_loss=1.5394 val_acc=0.385
