=== EXPERIMENT iter_16_mag_r3d ===
time: 2026-07-15T16:03:29.915777
device: cuda (NVIDIA GeForce RTX 3060)
platform: Windows-10-10.0.26200-SP0 | torch 2.6.0+cu124
config:
{
  "seed": 42,
  "T": 16,
  "img_size": 128,
  "base_size": 144,
  "input_mode": "rgb",
  "backbone": "r3d_18",
  "pretrained": true,
  "dropout": 0.5,
  "epochs": 25,
  "lr": 0.0001,
  "weight_decay": 0.001,
  "batch_size": 6,
  "class_weighting": true,
  "label_smoothing": 0.1,
  "hflip": true,
  "color_jitter": 0.0,
  "temporal_jitter": true,
  "amp": true,
  "eval_last_k": 3,
  "tta": 5,
  "cache_dir": "cache/flow144_mag5",
  "index": "cache/index_emotion.csv",
  "class_names": [
    "happiness",
    "disgust",
    "repression",
    "surprise",
    "others"
  ],
  "name": "iter_16_mag_r3d_res128",
  "modality": "flow",
  "temporal_span": "onset_offset",
  "flow_clip": 7.0
}
samples: 246 | classes: 5 ['happiness', 'disgust', 'repression', 'surprise', 'others']
loading arrays into RAM...
loaded 246 arrays

--- Fold 1/26 | test sub01 (9 test, 237 train) ---
      ep00 train_loss=1.6478 train_acc=0.346 | val_loss=1.0872 val_acc=0.444
      ep01 train_loss=1.2874 train_acc=0.557 | val_loss=1.2161 val_acc=0.444
      ep02 train_loss=1.0664 train_acc=0.671 | val_loss=0.7700 val_acc=0.778
      ep03 train_loss=0.9713 train_acc=0.730 | val_loss=0.9278 val_acc=0.556
      ep04 train_loss=0.8805 train_acc=0.785 | val_loss=0.7532 val_acc=0.667
      ep05 train_loss=0.7900 train_acc=0.861 | val_loss=0.8653 val_acc=0.667
      ep06 train_loss=0.7644 train_acc=0.835 | val_loss=0.7774 val_acc=0.778
      ep07 train_loss=0.7344 train_acc=0.873 | val_loss=0.8291 val_acc=0.667
      ep08 train_loss=0.7474 train_acc=0.852 | val_loss=0.6526 val_acc=0.778
      ep09 train_loss=0.7809 train_acc=0.890 | val_loss=0.9922 val_acc=0.556
      ep10 train_loss=0.7525 train_acc=0.886 | val_loss=0.7726 val_acc=0.778
      ep11 train_loss=0.6575 train_acc=0.949 | val_loss=0.7179 val_acc=0.778
      ep12 train_loss=0.6940 train_acc=0.916 | val_loss=0.8543 val_acc=0.667
      ep13 train_loss=0.6185 train_acc=0.941 | val_loss=0.7445 val_acc=0.778
      ep14 train_loss=0.6366 train_acc=0.954 | val_loss=1.0014 val_acc=0.556
      ep15 train_loss=0.6359 train_acc=0.954 | val_loss=0.8914 val_acc=0.667
      ep16 train_loss=0.6546 train_acc=0.954 | val_loss=0.8417 val_acc=0.667
      ep17 train_loss=0.6221 train_acc=0.970 | val_loss=0.9509 val_acc=0.667
      ep18 train_loss=0.6413 train_acc=0.928 | val_loss=0.8579 val_acc=0.667
      ep19 train_loss=0.6097 train_acc=0.979 | val_loss=0.9218 val_acc=0.667
      ep20 train_loss=0.6330 train_acc=0.958 | val_loss=0.9420 val_acc=0.667
      ep21 train_loss=0.6242 train_acc=0.966 | val_loss=0.8400 val_acc=0.556
      ep22 train_loss=0.5869 train_acc=0.983 | val_loss=0.8295 val_acc=0.667
      ep23 train_loss=0.6165 train_acc=0.958 | val_loss=0.9383 val_acc=0.667
      ep24 train_loss=0.6151 train_acc=0.958 | val_loss=0.9011 val_acc=0.667
    fold acc=0.667 time=234.4s | running pooled acc=0.667

--- Fold 2/26 | test sub02 (13 test, 233 train) ---
      ep00 train_loss=1.6601 train_acc=0.356 | val_loss=1.0657 val_acc=0.538
      ep01 train_loss=1.1441 train_acc=0.627 | val_loss=1.3389 val_acc=0.462
      ep02 train_loss=1.0791 train_acc=0.657 | val_loss=0.9762 val_acc=0.615
      ep03 train_loss=0.9632 train_acc=0.742 | val_loss=1.2099 val_acc=0.462
      ep04 train_loss=0.8740 train_acc=0.811 | val_loss=1.4532 val_acc=0.462
      ep05 train_loss=0.8044 train_acc=0.845 | val_loss=1.1728 val_acc=0.385
      ep06 train_loss=0.8320 train_acc=0.858 | val_loss=1.1616 val_acc=0.692
      ep07 train_loss=0.7558 train_acc=0.901 | val_loss=1.2152 val_acc=0.615
      ep08 train_loss=0.7716 train_acc=0.867 | val_loss=1.4257 val_acc=0.462
      ep09 train_loss=0.7152 train_acc=0.936 | val_loss=1.3399 val_acc=0.538
      ep10 train_loss=0.7700 train_acc=0.897 | val_loss=1.1994 val_acc=0.538
      ep11 train_loss=0.7066 train_acc=0.910 | val_loss=1.2622 val_acc=0.538
      ep12 train_loss=0.6934 train_acc=0.931 | val_loss=1.3965 val_acc=0.462
      ep13 train_loss=0.6814 train_acc=0.979 | val_loss=1.3232 val_acc=0.462
      ep14 train_loss=0.6961 train_acc=0.961 | val_loss=1.0117 val_acc=0.538
      ep15 train_loss=0.6513 train_acc=0.966 | val_loss=1.3607 val_acc=0.538
      ep16 train_loss=0.6547 train_acc=0.966 | val_loss=1.0314 val_acc=0.462
      ep17 train_loss=0.6516 train_acc=0.966 | val_loss=1.0939 val_acc=0.538
      ep18 train_loss=0.6328 train_acc=0.991 | val_loss=0.9314 val_acc=0.615
      ep19 train_loss=0.6203 train_acc=0.979 | val_loss=1.1127 val_acc=0.538
      ep20 train_loss=0.6643 train_acc=0.979 | val_loss=1.0567 val_acc=0.615
      ep21 train_loss=0.6669 train_acc=0.953 | val_loss=1.0667 val_acc=0.615
      ep22 train_loss=0.6576 train_acc=0.957 | val_loss=1.1349 val_acc=0.462
      ep23 train_loss=0.6189 train_acc=0.996 | val_loss=1.0515 val_acc=0.692
      ep24 train_loss=0.7106 train_acc=0.944 | val_loss=1.1179 val_acc=0.538
    fold acc=0.692 time=237.1s | running pooled acc=0.682

--- Fold 3/26 | test sub03 (7 test, 239 train) ---
      ep00 train_loss=1.6421 train_acc=0.322 | val_loss=1.5911 val_acc=0.286
      ep01 train_loss=1.2375 train_acc=0.548 | val_loss=1.0846 val_acc=0.429
      ep02 train_loss=1.0735 train_acc=0.649 | val_loss=1.2653 val_acc=0.429
      ep03 train_loss=0.9492 train_acc=0.728 | val_loss=1.1819 val_acc=0.571
      ep04 train_loss=0.9453 train_acc=0.787 | val_loss=1.1049 val_acc=0.571
      ep05 train_loss=0.8301 train_acc=0.795 | val_loss=1.4400 val_acc=0.571
      ep06 train_loss=0.7952 train_acc=0.849 | val_loss=1.5724 val_acc=0.571
      ep07 train_loss=0.8317 train_acc=0.883 | val_loss=1.2044 val_acc=0.571
      ep08 train_loss=0.7474 train_acc=0.874 | val_loss=1.2703 val_acc=0.429
      ep09 train_loss=0.7120 train_acc=0.929 | val_loss=1.0400 val_acc=0.714
      ep10 train_loss=0.7169 train_acc=0.887 | val_loss=1.5156 val_acc=0.429
      ep11 train_loss=0.6218 train_acc=0.983 | val_loss=1.4615 val_acc=0.571
      ep12 train_loss=0.6739 train_acc=0.941 | val_loss=1.3161 val_acc=0.571
      ep13 train_loss=0.6262 train_acc=0.971 | val_loss=1.4465 val_acc=0.571
      ep14 train_loss=0.6839 train_acc=0.941 | val_loss=1.2956 val_acc=0.571
      ep15 train_loss=0.6605 train_acc=0.954 | val_loss=1.3775 val_acc=0.571
      ep16 train_loss=0.6392 train_acc=0.971 | val_loss=1.5328 val_acc=0.571
      ep17 train_loss=0.6476 train_acc=0.958 | val_loss=1.4098 val_acc=0.571
      ep18 train_loss=0.6016 train_acc=0.971 | val_loss=1.3571 val_acc=0.571
      ep19 train_loss=0.5965 train_acc=0.979 | val_loss=1.2967 val_acc=0.571
      ep20 train_loss=0.6046 train_acc=0.983 | val_loss=1.3102 val_acc=0.571
      ep21 train_loss=0.6146 train_acc=0.987 | val_loss=1.3124 val_acc=0.571
      ep22 train_loss=0.6162 train_acc=0.975 | val_loss=1.2296 val_acc=0.571
      ep23 train_loss=0.6204 train_acc=0.979 | val_loss=1.2450 val_acc=0.571
      ep24 train_loss=0.6107 train_acc=0.975 | val_loss=1.3192 val_acc=0.571
    fold acc=0.571 time=246.2s | running pooled acc=0.655

--- Fold 4/26 | test sub04 (5 test, 241 train) ---
      ep00 train_loss=1.6320 train_acc=0.315 | val_loss=1.1253 val_acc=0.400
      ep01 train_loss=1.2761 train_acc=0.519 | val_loss=0.7558 val_acc=0.800
      ep02 train_loss=1.0781 train_acc=0.610 | val_loss=1.1348 val_acc=0.400
      ep03 train_loss=1.0252 train_acc=0.685 | val_loss=0.4683 val_acc=0.800
      ep04 train_loss=0.9378 train_acc=0.726 | val_loss=0.8287 val_acc=0.600
      ep05 train_loss=0.8109 train_acc=0.834 | val_loss=0.7094 val_acc=0.800
      ep06 train_loss=0.7462 train_acc=0.867 | val_loss=0.9794 val_acc=0.600
      ep07 train_loss=0.7881 train_acc=0.867 | val_loss=0.7481 val_acc=0.600
      ep08 train_loss=0.6843 train_acc=0.917 | val_loss=0.8959 val_acc=0.800
      ep09 train_loss=0.7650 train_acc=0.884 | val_loss=0.8744 val_acc=0.600
      ep10 train_loss=0.6685 train_acc=0.934 | val_loss=0.8811 val_acc=0.800
      ep11 train_loss=0.6717 train_acc=0.917 | val_loss=0.7085 val_acc=0.800
      ep12 train_loss=0.6588 train_acc=0.942 | val_loss=0.9701 val_acc=0.800
      ep13 train_loss=0.6849 train_acc=0.946 | val_loss=0.7454 val_acc=0.800
      ep14 train_loss=0.6701 train_acc=0.967 | val_loss=0.8358 val_acc=0.800
      ep15 train_loss=0.6496 train_acc=0.954 | val_loss=0.7847 val_acc=0.600
      ep16 train_loss=0.6259 train_acc=0.967 | val_loss=0.7588 val_acc=0.800
      ep17 train_loss=0.6268 train_acc=0.950 | val_loss=0.9125 val_acc=0.600
      ep18 train_loss=0.6656 train_acc=0.959 | val_loss=0.8529 val_acc=0.800
      ep19 train_loss=0.6304 train_acc=0.975 | val_loss=0.9079 val_acc=0.600
      ep20 train_loss=0.6261 train_acc=0.967 | val_loss=0.9280 val_acc=0.800
      ep21 train_loss=0.6151 train_acc=0.979 | val_loss=0.8509 val_acc=0.800
      ep22 train_loss=0.6092 train_acc=0.975 | val_loss=0.9860 val_acc=0.600
      ep23 train_loss=0.6364 train_acc=0.967 | val_loss=0.8569 val_acc=0.800
      ep24 train_loss=0.6289 train_acc=0.950 | val_loss=0.9108 val_acc=0.800
    fold acc=0.800 time=244.8s | running pooled acc=0.676

--- Fold 5/26 | test sub05 (19 test, 227 train) ---
      ep00 train_loss=1.6114 train_acc=0.304 | val_loss=1.1976 val_acc=0.526
      ep01 train_loss=1.2087 train_acc=0.551 | val_loss=1.3851 val_acc=0.316
      ep02 train_loss=1.0585 train_acc=0.652 | val_loss=1.4067 val_acc=0.579
      ep03 train_loss=0.9352 train_acc=0.744 | val_loss=1.6693 val_acc=0.474
      ep04 train_loss=0.9463 train_acc=0.749 | val_loss=1.2845 val_acc=0.474
      ep05 train_loss=0.8188 train_acc=0.828 | val_loss=1.5009 val_acc=0.474
      ep06 train_loss=0.8115 train_acc=0.859 | val_loss=1.9581 val_acc=0.474
      ep07 train_loss=0.7601 train_acc=0.894 | val_loss=1.2247 val_acc=0.632
      ep08 train_loss=0.8118 train_acc=0.859 | val_loss=1.1890 val_acc=0.579
      ep09 train_loss=0.7764 train_acc=0.863 | val_loss=1.3558 val_acc=0.421
      ep10 train_loss=0.6993 train_acc=0.912 | val_loss=1.2599 val_acc=0.579
      ep11 train_loss=0.6733 train_acc=0.934 | val_loss=1.6592 val_acc=0.474
      ep12 train_loss=0.6595 train_acc=0.934 | val_loss=1.1978 val_acc=0.579
      ep13 train_loss=0.6904 train_acc=0.943 | val_loss=1.5494 val_acc=0.421
      ep14 train_loss=0.6614 train_acc=0.956 | val_loss=1.2090 val_acc=0.579
      ep15 train_loss=0.6599 train_acc=0.969 | val_loss=1.2710 val_acc=0.526
      ep16 train_loss=0.6645 train_acc=0.947 | val_loss=1.2966 val_acc=0.579
      ep17 train_loss=0.6405 train_acc=0.960 | val_loss=1.2508 val_acc=0.579
      ep18 train_loss=0.6588 train_acc=0.969 | val_loss=1.3626 val_acc=0.526
      ep19 train_loss=0.6462 train_acc=0.965 | val_loss=1.5586 val_acc=0.421
      ep20 train_loss=0.6497 train_acc=0.947 | val_loss=1.3769 val_acc=0.526
      ep21 train_loss=0.6105 train_acc=0.978 | val_loss=1.2610 val_acc=0.526
      ep22 train_loss=0.6308 train_acc=0.969 | val_loss=1.2208 val_acc=0.526
      ep23 train_loss=0.6210 train_acc=0.969 | val_loss=1.2022 val_acc=0.579
      ep24 train_loss=0.6093 train_acc=0.974 | val_loss=1.3292 val_acc=0.526
    fold acc=0.526 time=263.6s | running pooled acc=0.623

--- Fold 6/26 | test sub06 (5 test, 241 train) ---
      ep00 train_loss=1.6312 train_acc=0.340 | val_loss=1.2903 val_acc=0.800
      ep01 train_loss=1.2336 train_acc=0.556 | val_loss=0.8018 val_acc=0.800
      ep02 train_loss=1.0700 train_acc=0.606 | val_loss=0.7514 val_acc=0.800
      ep03 train_loss=0.9946 train_acc=0.668 | val_loss=0.6695 val_acc=0.800
      ep04 train_loss=0.8669 train_acc=0.780 | val_loss=1.0074 val_acc=0.600
      ep05 train_loss=0.7906 train_acc=0.838 | val_loss=0.8922 val_acc=0.800
      ep06 train_loss=0.7467 train_acc=0.880 | val_loss=0.8288 val_acc=0.800
      ep07 train_loss=0.8049 train_acc=0.863 | val_loss=0.8526 val_acc=0.600
      ep08 train_loss=0.7134 train_acc=0.917 | val_loss=0.9851 val_acc=0.600
      ep09 train_loss=0.7636 train_acc=0.880 | val_loss=1.2134 val_acc=0.800
      ep10 train_loss=0.6835 train_acc=0.929 | val_loss=0.9893 val_acc=0.600
      ep11 train_loss=0.6869 train_acc=0.934 | val_loss=1.0633 val_acc=0.800
      ep12 train_loss=0.6743 train_acc=0.942 | val_loss=0.9531 val_acc=0.800
      ep13 train_loss=0.6847 train_acc=0.942 | val_loss=0.9474 val_acc=0.800
      ep14 train_loss=0.6924 train_acc=0.934 | val_loss=1.0772 val_acc=0.800
      ep15 train_loss=0.6645 train_acc=0.946 | val_loss=0.8283 val_acc=0.600
      ep16 train_loss=0.6370 train_acc=0.954 | val_loss=1.0755 val_acc=0.600
      ep17 train_loss=0.6306 train_acc=0.971 | val_loss=1.0297 val_acc=0.600
      ep18 train_loss=0.6984 train_acc=0.950 | val_loss=0.8351 val_acc=0.600
      ep19 train_loss=0.6258 train_acc=0.975 | val_loss=0.8572 val_acc=0.800
      ep20 train_loss=0.6450 train_acc=0.971 | val_loss=0.8620 val_acc=0.600
      ep21 train_loss=0.6374 train_acc=0.963 | val_loss=0.9524 val_acc=0.600
      ep22 train_loss=0.6281 train_acc=0.979 | val_loss=0.9687 val_acc=0.800
      ep23 train_loss=0.6664 train_acc=0.954 | val_loss=1.0440 val_acc=0.600
      ep24 train_loss=0.6373 train_acc=0.946 | val_loss=0.9602 val_acc=0.800
    fold acc=0.800 time=244.0s | running pooled acc=0.638

--- Fold 7/26 | test sub07 (9 test, 237 train) ---
      ep00 train_loss=1.5980 train_acc=0.371 | val_loss=1.2711 val_acc=0.556
      ep01 train_loss=1.2089 train_acc=0.557 | val_loss=1.3467 val_acc=0.333
      ep02 train_loss=1.0691 train_acc=0.667 | val_loss=1.1405 val_acc=0.333
      ep03 train_loss=0.9947 train_acc=0.692 | val_loss=1.0370 val_acc=0.556
      ep04 train_loss=0.9587 train_acc=0.734 | val_loss=0.8575 val_acc=0.444
      ep05 train_loss=0.8228 train_acc=0.823 | val_loss=1.1414 val_acc=0.556
      ep06 train_loss=0.7916 train_acc=0.852 | val_loss=1.2482 val_acc=0.333
      ep07 train_loss=0.7318 train_acc=0.882 | val_loss=1.1741 val_acc=0.222
      ep08 train_loss=0.7575 train_acc=0.865 | val_loss=1.2325 val_acc=0.222
      ep09 train_loss=0.8099 train_acc=0.899 | val_loss=1.0900 val_acc=0.556
      ep10 train_loss=0.6900 train_acc=0.911 | val_loss=1.0508 val_acc=0.333
      ep11 train_loss=0.6561 train_acc=0.949 | val_loss=1.3795 val_acc=0.333
      ep12 train_loss=0.6572 train_acc=0.916 | val_loss=1.4218 val_acc=0.556
      ep13 train_loss=0.6401 train_acc=0.932 | val_loss=1.2194 val_acc=0.222
      ep14 train_loss=0.6370 train_acc=0.945 | val_loss=1.3995 val_acc=0.222
      ep15 train_loss=0.6467 train_acc=0.962 | val_loss=1.2189 val_acc=0.444
      ep16 train_loss=0.6195 train_acc=0.979 | val_loss=1.2855 val_acc=0.333
      ep17 train_loss=0.6374 train_acc=0.945 | val_loss=1.3793 val_acc=0.333
      ep18 train_loss=0.6363 train_acc=0.962 | val_loss=1.2694 val_acc=0.333
      ep19 train_loss=0.6168 train_acc=0.970 | val_loss=1.2034 val_acc=0.333
      ep20 train_loss=0.6299 train_acc=0.966 | val_loss=1.2929 val_acc=0.444
      ep21 train_loss=0.6596 train_acc=0.958 | val_loss=1.3339 val_acc=0.222
      ep22 train_loss=0.5914 train_acc=0.992 | val_loss=1.2394 val_acc=0.333
      ep23 train_loss=0.6063 train_acc=0.975 | val_loss=1.1338 val_acc=0.333
      ep24 train_loss=0.6284 train_acc=0.962 | val_loss=1.3509 val_acc=0.333
    fold acc=0.333 time=246.3s | running pooled acc=0.597

--- Fold 8/26 | test sub08 (3 test, 243 train) ---
      ep00 train_loss=1.6803 train_acc=0.292 | val_loss=1.5511 val_acc=0.000
      ep01 train_loss=1.2619 train_acc=0.514 | val_loss=1.4018 val_acc=0.333
      ep02 train_loss=1.0299 train_acc=0.667 | val_loss=1.6137 val_acc=0.333
      ep03 train_loss=1.0080 train_acc=0.691 | val_loss=1.4637 val_acc=0.333
      ep04 train_loss=0.9739 train_acc=0.728 | val_loss=1.7535 val_acc=0.333
      ep05 train_loss=0.8943 train_acc=0.790 | val_loss=1.8707 val_acc=0.000
      ep06 train_loss=0.7472 train_acc=0.881 | val_loss=2.0174 val_acc=0.333
      ep07 train_loss=0.7312 train_acc=0.881 | val_loss=2.0099 val_acc=0.000
      ep08 train_loss=0.7739 train_acc=0.881 | val_loss=1.9395 val_acc=0.333
      ep09 train_loss=0.6803 train_acc=0.926 | val_loss=1.3969 val_acc=0.667
      ep10 train_loss=0.7261 train_acc=0.885 | val_loss=1.6499 val_acc=0.667
      ep11 train_loss=0.6666 train_acc=0.930 | val_loss=1.4349 val_acc=0.667
      ep12 train_loss=0.6607 train_acc=0.951 | val_loss=1.5598 val_acc=0.333
      ep13 train_loss=0.6669 train_acc=0.947 | val_loss=1.3943 val_acc=0.333
      ep14 train_loss=0.6497 train_acc=0.963 | val_loss=1.7224 val_acc=0.000
      ep15 train_loss=0.6471 train_acc=0.959 | val_loss=1.2320 val_acc=0.667
      ep16 train_loss=0.6264 train_acc=0.967 | val_loss=1.3536 val_acc=0.667
      ep17 train_loss=0.6341 train_acc=0.955 | val_loss=1.5155 val_acc=0.333
      ep18 train_loss=0.6135 train_acc=0.988 | val_loss=1.5801 val_acc=0.333
      ep19 train_loss=0.6284 train_acc=0.955 | val_loss=1.6805 val_acc=0.333
      ep20 train_loss=0.6472 train_acc=0.984 | val_loss=1.2316 val_acc=0.667
      ep21 train_loss=0.6265 train_acc=0.959 | val_loss=1.4005 val_acc=0.667
      ep22 train_loss=0.6028 train_acc=0.988 | val_loss=1.5389 val_acc=0.333
      ep23 train_loss=0.6162 train_acc=0.984 | val_loss=1.1898 val_acc=0.667
      ep24 train_loss=0.6335 train_acc=0.971 | val_loss=1.4854 val_acc=0.667
    fold acc=0.000 time=257.0s | running pooled acc=0.571

--- Fold 9/26 | test sub09 (13 test, 233 train) ---
      ep00 train_loss=1.6854 train_acc=0.339 | val_loss=0.9248 val_acc=0.615
      ep01 train_loss=1.2764 train_acc=0.536 | val_loss=0.8546 val_acc=0.769
      ep02 train_loss=1.1055 train_acc=0.627 | val_loss=0.7320 val_acc=0.692
      ep03 train_loss=0.9497 train_acc=0.742 | val_loss=0.6249 val_acc=0.846
      ep04 train_loss=0.9083 train_acc=0.777 | val_loss=0.5231 val_acc=0.692
      ep05 train_loss=0.8690 train_acc=0.820 | val_loss=0.4758 val_acc=0.769
      ep06 train_loss=0.8187 train_acc=0.841 | val_loss=0.5490 val_acc=0.846
      ep07 train_loss=0.7863 train_acc=0.871 | val_loss=0.5761 val_acc=0.846
      ep08 train_loss=0.7566 train_acc=0.906 | val_loss=0.4838 val_acc=0.846
      ep09 train_loss=0.7072 train_acc=0.910 | val_loss=0.4389 val_acc=0.846
      ep10 train_loss=0.6893 train_acc=0.953 | val_loss=0.5275 val_acc=0.769
      ep11 train_loss=0.7331 train_acc=0.923 | val_loss=0.4040 val_acc=0.846
      ep12 train_loss=0.7254 train_acc=0.923 | val_loss=0.4380 val_acc=0.846
      ep13 train_loss=0.7186 train_acc=0.931 | val_loss=0.5297 val_acc=0.769
      ep14 train_loss=0.6765 train_acc=0.944 | val_loss=0.5366 val_acc=0.846
      ep15 train_loss=0.6710 train_acc=0.961 | val_loss=0.5092 val_acc=0.846
      ep16 train_loss=0.6385 train_acc=0.961 | val_loss=0.5944 val_acc=0.615
      ep17 train_loss=0.6436 train_acc=0.961 | val_loss=0.5235 val_acc=0.846
      ep18 train_loss=0.6756 train_acc=0.961 | val_loss=0.5234 val_acc=0.846
      ep19 train_loss=0.6437 train_acc=0.966 | val_loss=0.5758 val_acc=0.692
      ep20 train_loss=0.6641 train_acc=0.970 | val_loss=0.4857 val_acc=0.846
      ep21 train_loss=0.6540 train_acc=0.979 | val_loss=0.4961 val_acc=0.846
      ep22 train_loss=0.6505 train_acc=0.979 | val_loss=0.5370 val_acc=0.846
      ep23 train_loss=0.6261 train_acc=0.996 | val_loss=0.5256 val_acc=0.846
      ep24 train_loss=0.6737 train_acc=0.961 | val_loss=0.4991 val_acc=0.846
    fold acc=0.846 time=239.9s | running pooled acc=0.614

--- Fold 10/26 | test sub10 (13 test, 233 train) ---
      ep00 train_loss=1.6502 train_acc=0.343 | val_loss=1.1011 val_acc=0.385
      ep01 train_loss=1.2487 train_acc=0.524 | val_loss=0.9028 val_acc=0.692
      ep02 train_loss=1.0909 train_acc=0.635 | val_loss=1.0641 val_acc=0.615
      ep03 train_loss=0.9201 train_acc=0.764 | val_loss=0.7681 val_acc=0.692
      ep04 train_loss=0.8815 train_acc=0.764 | val_loss=0.5787 val_acc=0.692
      ep05 train_loss=0.8408 train_acc=0.773 | val_loss=0.5244 val_acc=0.846
      ep06 train_loss=0.7697 train_acc=0.858 | val_loss=0.7391 val_acc=0.769
      ep07 train_loss=0.7242 train_acc=0.888 | val_loss=0.5940 val_acc=0.769
      ep08 train_loss=0.7075 train_acc=0.901 | val_loss=0.5449 val_acc=0.923
      ep09 train_loss=0.6497 train_acc=0.936 | val_loss=0.4675 val_acc=0.923
      ep10 train_loss=0.6626 train_acc=0.927 | val_loss=0.5886 val_acc=0.846
      ep11 train_loss=0.6827 train_acc=0.940 | val_loss=0.5644 val_acc=0.846
      ep12 train_loss=0.6598 train_acc=0.927 | val_loss=0.4441 val_acc=0.846
      ep13 train_loss=0.6600 train_acc=0.948 | val_loss=0.4293 val_acc=0.846
      ep14 train_loss=0.6357 train_acc=0.957 | val_loss=0.4738 val_acc=0.846
      ep15 train_loss=0.6055 train_acc=0.983 | val_loss=0.5870 val_acc=0.846
      ep16 train_loss=0.5906 train_acc=0.961 | val_loss=0.3177 val_acc=0.923
      ep17 train_loss=0.5979 train_acc=0.957 | val_loss=0.4884 val_acc=0.846
      ep18 train_loss=0.6441 train_acc=0.940 | val_loss=0.4434 val_acc=0.846
      ep19 train_loss=0.5746 train_acc=0.987 | val_loss=0.4760 val_acc=0.846
      ep20 train_loss=0.6161 train_acc=0.991 | val_loss=0.5478 val_acc=0.846
      ep21 train_loss=0.6045 train_acc=0.970 | val_loss=0.4896 val_acc=0.846
      ep22 train_loss=0.6068 train_acc=0.974 | val_loss=0.4853 val_acc=0.846
      ep23 train_loss=0.5798 train_acc=0.983 | val_loss=0.5143 val_acc=0.846
      ep24 train_loss=0.6098 train_acc=0.966 | val_loss=0.4768 val_acc=0.846
    fold acc=0.846 time=327.5s | running pooled acc=0.646

--- Fold 11/26 | test sub11 (10 test, 236 train) ---
      ep00 train_loss=1.7136 train_acc=0.242 | val_loss=0.9959 val_acc=0.600
      ep01 train_loss=1.2709 train_acc=0.521 | val_loss=1.3987 val_acc=0.300
      ep02 train_loss=1.0275 train_acc=0.648 | val_loss=1.2928 val_acc=0.500
      ep03 train_loss=0.9776 train_acc=0.716 | val_loss=1.0384 val_acc=0.600
      ep04 train_loss=0.9131 train_acc=0.737 | val_loss=1.3404 val_acc=0.400
      ep05 train_loss=0.7980 train_acc=0.831 | val_loss=0.9920 val_acc=0.600
      ep06 train_loss=0.7652 train_acc=0.860 | val_loss=0.7064 val_acc=0.700
      ep07 train_loss=0.7611 train_acc=0.860 | val_loss=0.7594 val_acc=0.700
      ep08 train_loss=0.7246 train_acc=0.881 | val_loss=0.7667 val_acc=0.700
      ep09 train_loss=0.7054 train_acc=0.894 | val_loss=0.7040 val_acc=0.700
      ep10 train_loss=0.7361 train_acc=0.890 | val_loss=0.6019 val_acc=0.800
      ep11 train_loss=0.6754 train_acc=0.911 | val_loss=0.5516 val_acc=0.800
      ep12 train_loss=0.6683 train_acc=0.936 | val_loss=0.7696 val_acc=0.700
      ep13 train_loss=0.6611 train_acc=0.945 | val_loss=0.7523 val_acc=0.700
      ep14 train_loss=0.6250 train_acc=0.949 | val_loss=0.8824 val_acc=0.600
      ep15 train_loss=0.6633 train_acc=0.919 | val_loss=0.7423 val_acc=0.800
      ep16 train_loss=0.6067 train_acc=0.970 | val_loss=0.7879 val_acc=0.700
      ep17 train_loss=0.6119 train_acc=0.958 | val_loss=0.7873 val_acc=0.800
      ep18 train_loss=0.6537 train_acc=0.949 | val_loss=0.9364 val_acc=0.700
      ep19 train_loss=0.6221 train_acc=0.970 | val_loss=0.8505 val_acc=0.800
      ep20 train_loss=0.6044 train_acc=0.987 | val_loss=0.7232 val_acc=0.800
      ep21 train_loss=0.6012 train_acc=0.975 | val_loss=0.6906 val_acc=0.800
      ep22 train_loss=0.6428 train_acc=0.962 | val_loss=0.6977 val_acc=0.800
      ep23 train_loss=0.5825 train_acc=0.979 | val_loss=0.7634 val_acc=0.800
      ep24 train_loss=0.5998 train_acc=0.987 | val_loss=0.7931 val_acc=0.800
    fold acc=0.800 time=281.4s | running pooled acc=0.660

--- Fold 12/26 | test sub12 (12 test, 234 train) ---
      ep00 train_loss=1.6857 train_acc=0.342 | val_loss=1.2109 val_acc=0.333
      ep01 train_loss=1.2938 train_acc=0.556 | val_loss=0.6025 val_acc=0.917
      ep02 train_loss=1.1332 train_acc=0.607 | val_loss=0.6058 val_acc=0.833
      ep03 train_loss=1.0265 train_acc=0.679 | val_loss=0.4628 val_acc=0.833
      ep04 train_loss=0.9317 train_acc=0.756 | val_loss=0.4204 val_acc=0.917
      ep05 train_loss=0.9114 train_acc=0.786 | val_loss=0.5704 val_acc=0.833
      ep06 train_loss=0.7932 train_acc=0.842 | val_loss=0.2745 val_acc=0.917
      ep07 train_loss=0.8228 train_acc=0.846 | val_loss=0.4340 val_acc=0.833
      ep08 train_loss=0.7635 train_acc=0.872 | val_loss=0.4263 val_acc=0.917
      ep09 train_loss=0.7698 train_acc=0.868 | val_loss=0.2974 val_acc=0.917
      ep10 train_loss=0.7427 train_acc=0.915 | val_loss=0.4342 val_acc=0.833
      ep11 train_loss=0.7227 train_acc=0.915 | val_loss=0.3515 val_acc=0.917
      ep12 train_loss=0.6772 train_acc=0.953 | val_loss=0.4218 val_acc=0.917
      ep13 train_loss=0.6803 train_acc=0.940 | val_loss=0.4911 val_acc=0.833
      ep14 train_loss=0.6869 train_acc=0.944 | val_loss=0.4184 val_acc=0.833
      ep15 train_loss=0.6926 train_acc=0.923 | val_loss=0.3046 val_acc=0.917
      ep16 train_loss=0.6591 train_acc=0.949 | val_loss=0.4454 val_acc=0.750
      ep17 train_loss=0.6660 train_acc=0.953 | val_loss=0.3940 val_acc=0.833
      ep18 train_loss=0.6322 train_acc=0.979 | val_loss=0.4182 val_acc=0.833
      ep19 train_loss=0.6729 train_acc=0.962 | val_loss=0.4400 val_acc=0.750
      ep20 train_loss=0.6452 train_acc=0.957 | val_loss=0.4039 val_acc=0.833
      ep21 train_loss=0.6470 train_acc=0.957 | val_loss=0.4310 val_acc=0.833
      ep22 train_loss=0.6389 train_acc=0.966 | val_loss=0.4163 val_acc=0.833
      ep23 train_loss=0.6378 train_acc=0.966 | val_loss=0.4241 val_acc=0.750
      ep24 train_loss=0.6467 train_acc=0.953 | val_loss=0.4274 val_acc=0.833
    fold acc=0.750 time=262.9s | running pooled acc=0.669

--- Fold 13/26 | test sub13 (8 test, 238 train) ---
      ep00 train_loss=1.6653 train_acc=0.366 | val_loss=1.4648 val_acc=0.375
      ep01 train_loss=1.1862 train_acc=0.622 | val_loss=1.2465 val_acc=0.375
      ep02 train_loss=1.0150 train_acc=0.697 | val_loss=1.4290 val_acc=0.250
      ep03 train_loss=0.8899 train_acc=0.744 | val_loss=1.0519 val_acc=0.625
      ep04 train_loss=0.9324 train_acc=0.752 | val_loss=1.0036 val_acc=0.500
      ep05 train_loss=0.8059 train_acc=0.824 | val_loss=0.9049 val_acc=0.625
      ep06 train_loss=0.7859 train_acc=0.861 | val_loss=0.7750 val_acc=0.625
      ep07 train_loss=0.7689 train_acc=0.870 | val_loss=0.9268 val_acc=0.500
      ep08 train_loss=0.7640 train_acc=0.845 | val_loss=1.0505 val_acc=0.500
      ep09 train_loss=0.7535 train_acc=0.895 | val_loss=0.8297 val_acc=0.625
      ep10 train_loss=0.6573 train_acc=0.966 | val_loss=0.6756 val_acc=0.875
      ep11 train_loss=0.6946 train_acc=0.937 | val_loss=0.5093 val_acc=0.875
      ep12 train_loss=0.6748 train_acc=0.916 | val_loss=0.8020 val_acc=0.625
      ep13 train_loss=0.6602 train_acc=0.958 | val_loss=0.7904 val_acc=0.750
      ep14 train_loss=0.6416 train_acc=0.962 | val_loss=0.8609 val_acc=0.625
      ep15 train_loss=0.6479 train_acc=0.950 | val_loss=0.8431 val_acc=0.750
      ep16 train_loss=0.6164 train_acc=0.962 | val_loss=0.7945 val_acc=0.750
      ep17 train_loss=0.6709 train_acc=0.937 | val_loss=0.8434 val_acc=0.750
      ep18 train_loss=0.6322 train_acc=0.958 | val_loss=0.8056 val_acc=0.625
      ep19 train_loss=0.6099 train_acc=0.975 | val_loss=0.7664 val_acc=0.750
      ep20 train_loss=0.6272 train_acc=0.975 | val_loss=0.8237 val_acc=0.625
      ep21 train_loss=0.6418 train_acc=0.966 | val_loss=0.7646 val_acc=0.625
      ep22 train_loss=0.5916 train_acc=0.987 | val_loss=0.8456 val_acc=0.750
      ep23 train_loss=0.6261 train_acc=0.966 | val_loss=0.8519 val_acc=0.750
      ep24 train_loss=0.6200 train_acc=0.971 | val_loss=0.7339 val_acc=0.750
    fold acc=0.875 time=264.9s | running pooled acc=0.683

--- Fold 14/26 | test sub14 (4 test, 242 train) ---
      ep00 train_loss=1.6399 train_acc=0.331 | val_loss=1.3029 val_acc=0.500
      ep01 train_loss=1.2114 train_acc=0.574 | val_loss=1.4841 val_acc=0.500
      ep02 train_loss=1.0623 train_acc=0.640 | val_loss=1.0772 val_acc=0.750
      ep03 train_loss=0.8934 train_acc=0.756 | val_loss=0.7196 val_acc=0.750
      ep04 train_loss=0.9273 train_acc=0.702 | val_loss=1.0955 val_acc=0.500
      ep05 train_loss=0.8868 train_acc=0.818 | val_loss=1.0806 val_acc=0.500
      ep06 train_loss=0.7683 train_acc=0.872 | val_loss=1.4493 val_acc=0.500
      ep07 train_loss=0.7913 train_acc=0.851 | val_loss=0.7161 val_acc=0.750
      ep08 train_loss=0.6998 train_acc=0.921 | val_loss=0.6106 val_acc=0.750
      ep09 train_loss=0.7699 train_acc=0.864 | val_loss=1.1966 val_acc=0.250
      ep10 train_loss=0.7096 train_acc=0.926 | val_loss=0.9600 val_acc=0.500
      ep11 train_loss=0.6751 train_acc=0.921 | val_loss=1.2485 val_acc=0.500
      ep12 train_loss=0.7202 train_acc=0.921 | val_loss=1.1222 val_acc=0.750
      ep13 train_loss=0.7071 train_acc=0.913 | val_loss=1.4044 val_acc=0.500
      ep14 train_loss=0.6686 train_acc=0.921 | val_loss=0.9535 val_acc=0.750
      ep15 train_loss=0.6518 train_acc=0.950 | val_loss=1.0028 val_acc=0.750
      ep16 train_loss=0.6370 train_acc=0.955 | val_loss=1.1944 val_acc=0.500
      ep17 train_loss=0.6444 train_acc=0.959 | val_loss=1.4258 val_acc=0.250
      ep18 train_loss=0.6269 train_acc=0.975 | val_loss=1.2562 val_acc=0.500
      ep19 train_loss=0.6411 train_acc=0.979 | val_loss=1.0702 val_acc=0.500
      ep20 train_loss=0.6309 train_acc=0.988 | val_loss=1.1402 val_acc=0.750
      ep21 train_loss=0.6524 train_acc=0.963 | val_loss=1.1632 val_acc=0.500
      ep22 train_loss=0.6179 train_acc=0.975 | val_loss=1.1953 val_acc=0.750
      ep23 train_loss=0.6198 train_acc=0.971 | val_loss=1.1832 val_acc=0.750
      ep24 train_loss=0.6221 train_acc=0.979 | val_loss=1.0901 val_acc=0.750
    fold acc=0.500 time=263.4s | running pooled acc=0.677

--- Fold 15/26 | test sub15 (3 test, 243 train) ---
      ep00 train_loss=1.6410 train_acc=0.346 | val_loss=0.8895 val_acc=0.667
      ep01 train_loss=1.2511 train_acc=0.535 | val_loss=0.9435 val_acc=0.667
      ep02 train_loss=1.0569 train_acc=0.663 | val_loss=0.9621 val_acc=0.333
      ep03 train_loss=1.0215 train_acc=0.658 | val_loss=1.0535 val_acc=0.333
      ep04 train_loss=0.9690 train_acc=0.745 | val_loss=0.6273 val_acc=1.000
      ep05 train_loss=0.8606 train_acc=0.831 | val_loss=0.3383 val_acc=1.000
      ep06 train_loss=0.7380 train_acc=0.889 | val_loss=0.6044 val_acc=0.667
      ep07 train_loss=0.7233 train_acc=0.877 | val_loss=0.4843 val_acc=1.000
      ep08 train_loss=0.7789 train_acc=0.860 | val_loss=0.4066 val_acc=1.000
      ep09 train_loss=0.7240 train_acc=0.918 | val_loss=0.2904 val_acc=1.000
      ep10 train_loss=0.7522 train_acc=0.897 | val_loss=0.3724 val_acc=1.000
      ep11 train_loss=0.6913 train_acc=0.938 | val_loss=0.7143 val_acc=0.667
      ep12 train_loss=0.6705 train_acc=0.951 | val_loss=0.4813 val_acc=1.000
      ep13 train_loss=0.6541 train_acc=0.942 | val_loss=0.5494 val_acc=0.667
      ep14 train_loss=0.6676 train_acc=0.942 | val_loss=0.3857 val_acc=1.000
      ep15 train_loss=0.6426 train_acc=0.963 | val_loss=0.5447 val_acc=1.000
      ep16 train_loss=0.6169 train_acc=0.979 | val_loss=0.5652 val_acc=1.000
      ep17 train_loss=0.6404 train_acc=0.947 | val_loss=0.4389 val_acc=1.000
      ep18 train_loss=0.6224 train_acc=0.971 | val_loss=0.4126 val_acc=1.000
      ep19 train_loss=0.6284 train_acc=0.975 | val_loss=0.3450 val_acc=1.000
      ep20 train_loss=0.6304 train_acc=0.975 | val_loss=0.4830 val_acc=1.000
      ep21 train_loss=0.6324 train_acc=0.963 | val_loss=0.5141 val_acc=1.000
      ep22 train_loss=0.6290 train_acc=0.963 | val_loss=0.5084 val_acc=1.000
      ep23 train_loss=0.6048 train_acc=0.979 | val_loss=0.4569 val_acc=1.000
      ep24 train_loss=0.6279 train_acc=0.971 | val_loss=0.4578 val_acc=1.000
    fold acc=1.000 time=258.8s | running pooled acc=0.684

--- Fold 16/26 | test sub16 (4 test, 242 train) ---
      ep00 train_loss=1.6412 train_acc=0.326 | val_loss=1.6651 val_acc=0.500
      ep01 train_loss=1.2084 train_acc=0.595 | val_loss=1.7705 val_acc=0.250
      ep02 train_loss=1.0770 train_acc=0.649 | val_loss=1.7265 val_acc=0.500
      ep03 train_loss=0.8855 train_acc=0.731 | val_loss=1.1045 val_acc=0.750
      ep04 train_loss=0.9341 train_acc=0.736 | val_loss=1.3557 val_acc=0.500
      ep05 train_loss=0.9034 train_acc=0.777 | val_loss=1.4380 val_acc=0.750
      ep06 train_loss=0.7812 train_acc=0.868 | val_loss=1.7018 val_acc=0.250
      ep07 train_loss=0.7925 train_acc=0.843 | val_loss=1.2886 val_acc=0.750
      ep08 train_loss=0.7108 train_acc=0.901 | val_loss=1.0128 val_acc=0.750
      ep09 train_loss=0.7770 train_acc=0.872 | val_loss=1.4579 val_acc=0.750
      ep10 train_loss=0.7027 train_acc=0.930 | val_loss=1.3992 val_acc=0.750
      ep11 train_loss=0.6853 train_acc=0.909 | val_loss=1.5319 val_acc=0.750
      ep12 train_loss=0.7127 train_acc=0.926 | val_loss=1.3749 val_acc=0.750
      ep13 train_loss=0.7172 train_acc=0.893 | val_loss=1.4389 val_acc=0.750
      ep14 train_loss=0.6548 train_acc=0.938 | val_loss=1.2187 val_acc=0.750
      ep15 train_loss=0.6550 train_acc=0.959 | val_loss=1.2641 val_acc=0.750
      ep16 train_loss=0.6470 train_acc=0.950 | val_loss=1.2825 val_acc=0.750
      ep17 train_loss=0.6524 train_acc=0.955 | val_loss=1.1930 val_acc=0.750
      ep18 train_loss=0.6321 train_acc=0.971 | val_loss=1.3154 val_acc=0.750
      ep19 train_loss=0.6431 train_acc=0.959 | val_loss=1.3088 val_acc=0.750
      ep20 train_loss=0.6416 train_acc=0.979 | val_loss=1.2589 val_acc=0.750
      ep21 train_loss=0.6694 train_acc=0.942 | val_loss=1.1707 val_acc=0.750
      ep22 train_loss=0.6238 train_acc=0.971 | val_loss=1.0870 val_acc=0.750
      ep23 train_loss=0.6227 train_acc=0.983 | val_loss=1.1339 val_acc=0.750
      ep24 train_loss=0.6160 train_acc=0.992 | val_loss=1.0417 val_acc=0.750
    fold acc=0.750 time=268.6s | running pooled acc=0.686

--- Fold 17/26 | test sub17 (34 test, 212 train) ---
      ep00 train_loss=1.6215 train_acc=0.358 | val_loss=1.7175 val_acc=0.294
      ep01 train_loss=1.3412 train_acc=0.538 | val_loss=1.5681 val_acc=0.353
      ep02 train_loss=1.1244 train_acc=0.684 | val_loss=0.9500 val_acc=0.618
      ep03 train_loss=0.9976 train_acc=0.698 | val_loss=1.3995 val_acc=0.412
      ep04 train_loss=0.8941 train_acc=0.764 | val_loss=1.3144 val_acc=0.471
      ep05 train_loss=0.9359 train_acc=0.792 | val_loss=1.0607 val_acc=0.618
      ep06 train_loss=0.8431 train_acc=0.783 | val_loss=0.9994 val_acc=0.647
      ep07 train_loss=0.8362 train_acc=0.840 | val_loss=1.2795 val_acc=0.412
      ep08 train_loss=0.7520 train_acc=0.882 | val_loss=1.5968 val_acc=0.412
      ep09 train_loss=0.7977 train_acc=0.887 | val_loss=0.9656 val_acc=0.588
      ep10 train_loss=0.7363 train_acc=0.910 | val_loss=1.5207 val_acc=0.412
      ep11 train_loss=0.7297 train_acc=0.920 | val_loss=1.2827 val_acc=0.588
      ep12 train_loss=0.7145 train_acc=0.929 | val_loss=1.2234 val_acc=0.471
      ep13 train_loss=0.7081 train_acc=0.953 | val_loss=1.4318 val_acc=0.471
      ep14 train_loss=0.7263 train_acc=0.929 | val_loss=1.3195 val_acc=0.529
      ep15 train_loss=0.7199 train_acc=0.929 | val_loss=1.2762 val_acc=0.588
      ep16 train_loss=0.6897 train_acc=0.962 | val_loss=1.1039 val_acc=0.529
      ep17 train_loss=0.7151 train_acc=0.958 | val_loss=1.0096 val_acc=0.588
      ep18 train_loss=0.6794 train_acc=0.962 | val_loss=1.2334 val_acc=0.588
      ep19 train_loss=0.6770 train_acc=0.962 | val_loss=1.1634 val_acc=0.618
      ep20 train_loss=0.6798 train_acc=0.943 | val_loss=1.3672 val_acc=0.529
      ep21 train_loss=0.6520 train_acc=0.967 | val_loss=1.2068 val_acc=0.588
      ep22 train_loss=0.6453 train_acc=0.976 | val_loss=1.1018 val_acc=0.588
      ep23 train_loss=0.6726 train_acc=0.939 | val_loss=1.2101 val_acc=0.588
      ep24 train_loss=0.6820 train_acc=0.920 | val_loss=1.2763 val_acc=0.529
    fold acc=0.559 time=265.2s | running pooled acc=0.661

--- Fold 18/26 | test sub18 (3 test, 243 train) ---
      ep00 train_loss=1.6598 train_acc=0.300 | val_loss=0.7409 val_acc=0.667
      ep01 train_loss=1.1951 train_acc=0.539 | val_loss=0.5640 val_acc=0.667
      ep02 train_loss=1.0048 train_acc=0.663 | val_loss=0.6060 val_acc=0.667
      ep03 train_loss=0.9698 train_acc=0.695 | val_loss=0.7088 val_acc=1.000
      ep04 train_loss=0.9354 train_acc=0.765 | val_loss=0.5303 val_acc=0.667
      ep05 train_loss=0.9177 train_acc=0.770 | val_loss=0.6352 val_acc=0.667
      ep06 train_loss=0.7669 train_acc=0.881 | val_loss=0.2950 val_acc=1.000
      ep07 train_loss=0.7377 train_acc=0.848 | val_loss=0.9951 val_acc=0.667
      ep08 train_loss=0.8056 train_acc=0.840 | val_loss=0.7249 val_acc=0.667
      ep09 train_loss=0.7541 train_acc=0.893 | val_loss=0.8708 val_acc=1.000
      ep10 train_loss=0.6837 train_acc=0.914 | val_loss=0.9078 val_acc=0.667
      ep11 train_loss=0.6718 train_acc=0.926 | val_loss=0.4725 val_acc=1.000
      ep12 train_loss=0.6559 train_acc=0.947 | val_loss=0.4656 val_acc=1.000
      ep13 train_loss=0.6833 train_acc=0.914 | val_loss=0.6709 val_acc=1.000
      ep14 train_loss=0.6427 train_acc=0.959 | val_loss=0.4388 val_acc=1.000
      ep15 train_loss=0.6668 train_acc=0.934 | val_loss=0.4389 val_acc=1.000
      ep16 train_loss=0.6126 train_acc=0.971 | val_loss=0.6495 val_acc=1.000
      ep17 train_loss=0.6205 train_acc=0.942 | val_loss=0.5805 val_acc=1.000
      ep18 train_loss=0.6050 train_acc=0.988 | val_loss=0.4992 val_acc=1.000
      ep19 train_loss=0.6189 train_acc=0.971 | val_loss=0.5335 val_acc=1.000
      ep20 train_loss=0.6156 train_acc=0.984 | val_loss=0.4053 val_acc=1.000
      ep21 train_loss=0.6079 train_acc=0.971 | val_loss=0.5615 val_acc=1.000
      ep22 train_loss=0.6312 train_acc=0.967 | val_loss=0.4009 val_acc=1.000
      ep23 train_loss=0.5973 train_acc=0.979 | val_loss=0.5461 val_acc=1.000
      ep24 train_loss=0.6415 train_acc=0.963 | val_loss=0.5857 val_acc=1.000
    fold acc=1.000 time=253.4s | running pooled acc=0.667

--- Fold 19/26 | test sub19 (15 test, 231 train) ---
      ep00 train_loss=1.6726 train_acc=0.329 | val_loss=1.2731 val_acc=0.467
      ep01 train_loss=1.2701 train_acc=0.550 | val_loss=0.7976 val_acc=0.667
      ep02 train_loss=1.0546 train_acc=0.697 | val_loss=0.7724 val_acc=0.667
      ep03 train_loss=0.9508 train_acc=0.749 | val_loss=0.9694 val_acc=0.600
      ep04 train_loss=0.9259 train_acc=0.753 | val_loss=0.7829 val_acc=0.667
      ep05 train_loss=0.8261 train_acc=0.835 | val_loss=0.9737 val_acc=0.533
      ep06 train_loss=0.8155 train_acc=0.831 | val_loss=0.9950 val_acc=0.600
      ep07 train_loss=0.8062 train_acc=0.866 | val_loss=0.9028 val_acc=0.600
      ep08 train_loss=0.7168 train_acc=0.909 | val_loss=0.9387 val_acc=0.533
      ep09 train_loss=0.7811 train_acc=0.874 | val_loss=1.1919 val_acc=0.533
      ep10 train_loss=0.6919 train_acc=0.926 | val_loss=0.8234 val_acc=0.733
      ep11 train_loss=0.6952 train_acc=0.931 | val_loss=0.8536 val_acc=0.733
      ep12 train_loss=0.7215 train_acc=0.948 | val_loss=0.7402 val_acc=0.733
      ep13 train_loss=0.7034 train_acc=0.913 | val_loss=1.0452 val_acc=0.733
      ep14 train_loss=0.6607 train_acc=0.961 | val_loss=0.9206 val_acc=0.667
      ep15 train_loss=0.6580 train_acc=0.970 | val_loss=1.0646 val_acc=0.600
      ep16 train_loss=0.6741 train_acc=0.948 | val_loss=0.8890 val_acc=0.600
      ep17 train_loss=0.6610 train_acc=0.983 | val_loss=1.0077 val_acc=0.667
      ep18 train_loss=0.6410 train_acc=0.978 | val_loss=0.8648 val_acc=0.667
      ep19 train_loss=0.6749 train_acc=0.965 | val_loss=0.8976 val_acc=0.600
      ep20 train_loss=0.6077 train_acc=0.983 | val_loss=0.9013 val_acc=0.667
      ep21 train_loss=0.6670 train_acc=0.952 | val_loss=0.9153 val_acc=0.733
      ep22 train_loss=0.6468 train_acc=0.961 | val_loss=0.9549 val_acc=0.667
      ep23 train_loss=0.6506 train_acc=0.974 | val_loss=1.0361 val_acc=0.533
      ep24 train_loss=0.6488 train_acc=0.983 | val_loss=0.9744 val_acc=0.600
    fold acc=0.667 time=247.2s | running pooled acc=0.667

--- Fold 20/26 | test sub20 (11 test, 235 train) ---
      ep00 train_loss=1.6077 train_acc=0.332 | val_loss=1.5647 val_acc=0.455
      ep01 train_loss=1.2724 train_acc=0.562 | val_loss=1.4746 val_acc=0.455
      ep02 train_loss=1.0402 train_acc=0.643 | val_loss=1.3869 val_acc=0.636
      ep03 train_loss=0.9649 train_acc=0.685 | val_loss=1.3667 val_acc=0.545
      ep04 train_loss=0.8576 train_acc=0.787 | val_loss=1.4558 val_acc=0.364
      ep05 train_loss=0.8928 train_acc=0.766 | val_loss=1.0309 val_acc=0.273
      ep06 train_loss=0.7950 train_acc=0.855 | val_loss=1.1406 val_acc=0.364
      ep07 train_loss=0.7107 train_acc=0.906 | val_loss=1.5785 val_acc=0.273
      ep08 train_loss=0.7047 train_acc=0.894 | val_loss=0.9416 val_acc=0.545
      ep09 train_loss=0.6770 train_acc=0.928 | val_loss=1.4716 val_acc=0.545
      ep10 train_loss=0.6488 train_acc=0.953 | val_loss=0.9698 val_acc=0.545
      ep11 train_loss=0.6875 train_acc=0.936 | val_loss=1.2947 val_acc=0.273
      ep12 train_loss=0.6625 train_acc=0.949 | val_loss=1.1091 val_acc=0.455
      ep13 train_loss=0.7013 train_acc=0.906 | val_loss=1.0786 val_acc=0.455
      ep14 train_loss=0.6195 train_acc=0.970 | val_loss=1.3011 val_acc=0.273
      ep15 train_loss=0.6497 train_acc=0.953 | val_loss=1.3033 val_acc=0.364
      ep16 train_loss=0.6484 train_acc=0.953 | val_loss=1.2927 val_acc=0.273
      ep17 train_loss=0.6424 train_acc=0.974 | val_loss=1.2268 val_acc=0.364
      ep18 train_loss=0.6391 train_acc=0.966 | val_loss=1.2195 val_acc=0.364
      ep19 train_loss=0.6006 train_acc=0.970 | val_loss=1.1077 val_acc=0.364
      ep20 train_loss=0.6053 train_acc=0.970 | val_loss=1.3691 val_acc=0.273
      ep21 train_loss=0.6284 train_acc=0.949 | val_loss=1.3406 val_acc=0.273
      ep22 train_loss=0.6320 train_acc=0.953 | val_loss=1.2761 val_acc=0.273
      ep23 train_loss=0.5993 train_acc=0.962 | val_loss=1.2605 val_acc=0.273
      ep24 train_loss=0.6249 train_acc=0.970 | val_loss=1.3214 val_acc=0.273
    fold acc=0.455 time=258.9s | running pooled acc=0.655

--- Fold 21/26 | test sub21 (2 test, 244 train) ---
      ep00 train_loss=1.6428 train_acc=0.279 | val_loss=1.2469 val_acc=0.500
      ep01 train_loss=1.2671 train_acc=0.537 | val_loss=2.2374 val_acc=0.500
      ep02 train_loss=1.0400 train_acc=0.664 | val_loss=1.7793 val_acc=0.000
      ep03 train_loss=0.9504 train_acc=0.750 | val_loss=1.4459 val_acc=0.500
      ep04 train_loss=0.9462 train_acc=0.750 | val_loss=1.0403 val_acc=0.500
      ep05 train_loss=0.8540 train_acc=0.832 | val_loss=1.9933 val_acc=0.500
      ep06 train_loss=0.7824 train_acc=0.861 | val_loss=1.7905 val_acc=0.500
      ep07 train_loss=0.7646 train_acc=0.861 | val_loss=2.0613 val_acc=0.500
      ep08 train_loss=0.7519 train_acc=0.885 | val_loss=2.4489 val_acc=0.500
      ep09 train_loss=0.6588 train_acc=0.943 | val_loss=2.1555 val_acc=0.500
      ep10 train_loss=0.6707 train_acc=0.914 | val_loss=2.0026 val_acc=0.500
      ep11 train_loss=0.6997 train_acc=0.930 | val_loss=1.9286 val_acc=0.500
      ep12 train_loss=0.6570 train_acc=0.943 | val_loss=1.7010 val_acc=0.500
      ep13 train_loss=0.6437 train_acc=0.975 | val_loss=1.5521 val_acc=0.500
      ep14 train_loss=0.6638 train_acc=0.939 | val_loss=2.0925 val_acc=0.500
      ep15 train_loss=0.6637 train_acc=0.959 | val_loss=1.4949 val_acc=0.500
      ep16 train_loss=0.6063 train_acc=0.975 | val_loss=1.8164 val_acc=0.500
      ep17 train_loss=0.6474 train_acc=0.967 | val_loss=1.6363 val_acc=0.500
      ep18 train_loss=0.6457 train_acc=0.939 | val_loss=1.8907 val_acc=0.500
      ep19 train_loss=0.5964 train_acc=0.980 | val_loss=1.5805 val_acc=0.500
      ep20 train_loss=0.6231 train_acc=0.984 | val_loss=1.6530 val_acc=0.500
      ep21 train_loss=0.6369 train_acc=0.971 | val_loss=1.6863 val_acc=0.500
      ep22 train_loss=0.6241 train_acc=0.975 | val_loss=1.7731 val_acc=0.500
      ep23 train_loss=0.6245 train_acc=0.959 | val_loss=1.5948 val_acc=0.500
      ep24 train_loss=0.6035 train_acc=0.984 | val_loss=1.9164 val_acc=0.500
    fold acc=0.500 time=247.8s | running pooled acc=0.653

--- Fold 22/26 | test sub22 (2 test, 244 train) ---
      ep00 train_loss=1.6439 train_acc=0.270 | val_loss=0.0869 val_acc=1.000
      ep01 train_loss=1.2889 train_acc=0.570 | val_loss=0.3116 val_acc=1.000
      ep02 train_loss=1.0426 train_acc=0.664 | val_loss=0.0037 val_acc=1.000
      ep03 train_loss=0.9683 train_acc=0.738 | val_loss=0.0884 val_acc=1.000
      ep04 train_loss=0.9389 train_acc=0.742 | val_loss=0.3840 val_acc=1.000
      ep05 train_loss=0.8767 train_acc=0.820 | val_loss=0.1479 val_acc=1.000
      ep06 train_loss=0.7939 train_acc=0.865 | val_loss=0.2276 val_acc=1.000
      ep07 train_loss=0.7679 train_acc=0.861 | val_loss=0.3221 val_acc=1.000
      ep08 train_loss=0.7705 train_acc=0.869 | val_loss=1.2291 val_acc=0.500
      ep09 train_loss=0.6795 train_acc=0.947 | val_loss=0.0347 val_acc=1.000
      ep10 train_loss=0.6887 train_acc=0.910 | val_loss=0.0882 val_acc=1.000
      ep11 train_loss=0.7037 train_acc=0.939 | val_loss=0.1564 val_acc=1.000
      ep12 train_loss=0.6689 train_acc=0.951 | val_loss=0.1362 val_acc=1.000
      ep13 train_loss=0.6329 train_acc=0.959 | val_loss=0.0630 val_acc=1.000
      ep14 train_loss=0.6710 train_acc=0.939 | val_loss=0.0898 val_acc=1.000
      ep15 train_loss=0.6661 train_acc=0.951 | val_loss=0.0287 val_acc=1.000
      ep16 train_loss=0.6181 train_acc=0.975 | val_loss=0.0507 val_acc=1.000
      ep17 train_loss=0.6466 train_acc=0.963 | val_loss=0.0568 val_acc=1.000
      ep18 train_loss=0.6434 train_acc=0.951 | val_loss=0.0499 val_acc=1.000
      ep19 train_loss=0.6080 train_acc=0.975 | val_loss=0.0395 val_acc=1.000
      ep20 train_loss=0.6293 train_acc=0.984 | val_loss=0.0700 val_acc=1.000
      ep21 train_loss=0.6462 train_acc=0.963 | val_loss=0.0684 val_acc=1.000
      ep22 train_loss=0.6352 train_acc=0.984 | val_loss=0.0696 val_acc=1.000
      ep23 train_loss=0.6311 train_acc=0.951 | val_loss=0.0880 val_acc=1.000
      ep24 train_loss=0.6291 train_acc=0.963 | val_loss=0.0561 val_acc=1.000
    fold acc=1.000 time=244.9s | running pooled acc=0.657

--- Fold 23/26 | test sub23 (12 test, 234 train) ---
      ep00 train_loss=1.6661 train_acc=0.338 | val_loss=0.9693 val_acc=0.667
      ep01 train_loss=1.2442 train_acc=0.577 | val_loss=0.8962 val_acc=0.667
      ep02 train_loss=1.0688 train_acc=0.662 | val_loss=0.6578 val_acc=0.833
      ep03 train_loss=0.9706 train_acc=0.744 | val_loss=1.0084 val_acc=0.667
      ep04 train_loss=0.9397 train_acc=0.752 | val_loss=0.5135 val_acc=0.917
      ep05 train_loss=0.8181 train_acc=0.821 | val_loss=0.5382 val_acc=0.833
      ep06 train_loss=0.8023 train_acc=0.842 | val_loss=0.9262 val_acc=0.583
      ep07 train_loss=0.7677 train_acc=0.876 | val_loss=0.6809 val_acc=0.583
      ep08 train_loss=0.7434 train_acc=0.885 | val_loss=0.6197 val_acc=0.750
      ep09 train_loss=0.7512 train_acc=0.872 | val_loss=0.7506 val_acc=0.750
      ep10 train_loss=0.7082 train_acc=0.915 | val_loss=0.4777 val_acc=0.833
      ep11 train_loss=0.6956 train_acc=0.944 | val_loss=0.4779 val_acc=0.917
      ep12 train_loss=0.6552 train_acc=0.949 | val_loss=0.4285 val_acc=0.833
      ep13 train_loss=0.6515 train_acc=0.949 | val_loss=0.5327 val_acc=0.833
      ep14 train_loss=0.6678 train_acc=0.940 | val_loss=0.5790 val_acc=0.833
      ep15 train_loss=0.6587 train_acc=0.949 | val_loss=0.5015 val_acc=0.833
      ep16 train_loss=0.6447 train_acc=0.962 | val_loss=0.5911 val_acc=0.750
      ep17 train_loss=0.6591 train_acc=0.953 | val_loss=0.3936 val_acc=1.000
      ep18 train_loss=0.6080 train_acc=0.987 | val_loss=0.4153 val_acc=0.917
      ep19 train_loss=0.6458 train_acc=0.957 | val_loss=0.4661 val_acc=0.917
      ep20 train_loss=0.6324 train_acc=0.957 | val_loss=0.4725 val_acc=0.833
      ep21 train_loss=0.6297 train_acc=0.966 | val_loss=0.4390 val_acc=0.917
      ep22 train_loss=0.6311 train_acc=0.962 | val_loss=0.4254 val_acc=0.917
      ep23 train_loss=0.6090 train_acc=0.987 | val_loss=0.4684 val_acc=0.917
      ep24 train_loss=0.6066 train_acc=0.979 | val_loss=0.4646 val_acc=0.833
    fold acc=0.917 time=246.7s | running pooled acc=0.671

--- Fold 24/26 | test sub24 (7 test, 239 train) ---
      ep00 train_loss=1.6170 train_acc=0.339 | val_loss=1.4006 val_acc=0.143
      ep01 train_loss=1.2467 train_acc=0.527 | val_loss=1.1850 val_acc=0.429
      ep02 train_loss=1.0717 train_acc=0.665 | val_loss=0.9835 val_acc=0.571
      ep03 train_loss=0.9232 train_acc=0.753 | val_loss=1.0040 val_acc=0.429
      ep04 train_loss=0.8549 train_acc=0.820 | val_loss=1.0131 val_acc=0.714
      ep05 train_loss=0.7630 train_acc=0.858 | val_loss=1.0404 val_acc=0.714
      ep06 train_loss=0.7963 train_acc=0.870 | val_loss=0.9732 val_acc=0.714
      ep07 train_loss=0.7338 train_acc=0.908 | val_loss=1.2286 val_acc=0.429
      ep08 train_loss=0.7457 train_acc=0.904 | val_loss=1.0945 val_acc=0.571
      ep09 train_loss=0.6905 train_acc=0.916 | val_loss=1.3192 val_acc=0.429
      ep10 train_loss=0.6987 train_acc=0.921 | val_loss=1.2402 val_acc=0.571
      ep11 train_loss=0.7368 train_acc=0.904 | val_loss=1.1525 val_acc=0.571
      ep12 train_loss=0.6917 train_acc=0.941 | val_loss=1.1279 val_acc=0.714
      ep13 train_loss=0.6509 train_acc=0.950 | val_loss=1.1010 val_acc=0.714
      ep14 train_loss=0.6458 train_acc=0.958 | val_loss=1.1294 val_acc=0.571
      ep15 train_loss=0.6310 train_acc=0.962 | val_loss=1.1070 val_acc=0.429
      ep16 train_loss=0.6435 train_acc=0.962 | val_loss=1.0935 val_acc=0.571
      ep17 train_loss=0.6251 train_acc=0.946 | val_loss=1.1107 val_acc=0.714
      ep18 train_loss=0.6375 train_acc=0.958 | val_loss=1.1669 val_acc=0.714
      ep19 train_loss=0.6121 train_acc=0.975 | val_loss=1.0887 val_acc=0.714
      ep20 train_loss=0.6098 train_acc=0.979 | val_loss=1.2794 val_acc=0.571
      ep21 train_loss=0.6149 train_acc=0.950 | val_loss=1.3135 val_acc=0.571
      ep22 train_loss=0.5942 train_acc=0.983 | val_loss=1.2805 val_acc=0.571
      ep23 train_loss=0.6149 train_acc=0.975 | val_loss=1.1886 val_acc=0.714
      ep24 train_loss=0.6290 train_acc=0.979 | val_loss=1.2165 val_acc=0.714
    fold acc=0.714 time=251.0s | running pooled acc=0.673

--- Fold 25/26 | test sub25 (7 test, 239 train) ---
      ep00 train_loss=1.6207 train_acc=0.368 | val_loss=1.5840 val_acc=0.143
      ep01 train_loss=1.2355 train_acc=0.544 | val_loss=1.1409 val_acc=0.429
      ep02 train_loss=1.0770 train_acc=0.657 | val_loss=0.9063 val_acc=0.571
      ep03 train_loss=0.9360 train_acc=0.766 | val_loss=0.7931 val_acc=0.571
      ep04 train_loss=0.8686 train_acc=0.820 | val_loss=0.9649 val_acc=0.429
      ep05 train_loss=0.7811 train_acc=0.820 | val_loss=0.8533 val_acc=0.429
      ep06 train_loss=0.8157 train_acc=0.845 | val_loss=0.7260 val_acc=0.571
      ep07 train_loss=0.7284 train_acc=0.925 | val_loss=0.6937 val_acc=0.571
      ep08 train_loss=0.7475 train_acc=0.900 | val_loss=1.0314 val_acc=0.571
      ep09 train_loss=0.6884 train_acc=0.933 | val_loss=0.8204 val_acc=0.714
      ep10 train_loss=0.7055 train_acc=0.908 | val_loss=0.7993 val_acc=0.429
      ep11 train_loss=0.7570 train_acc=0.895 | val_loss=1.3020 val_acc=0.143
      ep12 train_loss=0.6857 train_acc=0.941 | val_loss=1.1316 val_acc=0.429
      ep13 train_loss=0.6517 train_acc=0.967 | val_loss=0.9489 val_acc=0.714
      ep14 train_loss=0.6340 train_acc=0.971 | val_loss=0.9030 val_acc=0.571
      ep15 train_loss=0.6473 train_acc=0.946 | val_loss=0.8361 val_acc=0.714
      ep16 train_loss=0.6459 train_acc=0.962 | val_loss=0.8097 val_acc=0.571
      ep17 train_loss=0.6356 train_acc=0.937 | val_loss=0.6099 val_acc=0.714
      ep18 train_loss=0.6270 train_acc=0.971 | val_loss=0.7069 val_acc=0.714
      ep19 train_loss=0.6041 train_acc=0.983 | val_loss=1.0037 val_acc=0.571
      ep20 train_loss=0.6221 train_acc=0.975 | val_loss=0.9253 val_acc=0.571
      ep21 train_loss=0.6058 train_acc=0.971 | val_loss=0.9010 val_acc=0.714
      ep22 train_loss=0.6005 train_acc=0.979 | val_loss=0.9004 val_acc=0.714
      ep23 train_loss=0.6265 train_acc=0.967 | val_loss=0.8801 val_acc=0.571
      ep24 train_loss=0.6615 train_acc=0.967 | val_loss=0.7564 val_acc=0.714
    fold acc=0.571 time=244.3s | running pooled acc=0.670

--- Fold 26/26 | test sub26 (16 test, 230 train) ---
      ep00 train_loss=1.6964 train_acc=0.309 | val_loss=1.0819 val_acc=0.688
      ep01 train_loss=1.2178 train_acc=0.574 | val_loss=1.3315 val_acc=0.500
      ep02 train_loss=1.0482 train_acc=0.665 | val_loss=1.1158 val_acc=0.500
      ep03 train_loss=0.9779 train_acc=0.704 | val_loss=1.1772 val_acc=0.562
      ep04 train_loss=0.9733 train_acc=0.713 | val_loss=1.3664 val_acc=0.500
      ep05 train_loss=0.8506 train_acc=0.791 | val_loss=1.3266 val_acc=0.438
      ep06 train_loss=0.8128 train_acc=0.822 | val_loss=1.4904 val_acc=0.438
      ep07 train_loss=0.7941 train_acc=0.839 | val_loss=1.9795 val_acc=0.250
      ep08 train_loss=0.7334 train_acc=0.865 | val_loss=1.1657 val_acc=0.500
      ep09 train_loss=0.7037 train_acc=0.904 | val_loss=1.4977 val_acc=0.562
      ep10 train_loss=0.6936 train_acc=0.922 | val_loss=1.4218 val_acc=0.562
      ep11 train_loss=0.6584 train_acc=0.952 | val_loss=1.6550 val_acc=0.375
      ep12 train_loss=0.6340 train_acc=0.943 | val_loss=1.4007 val_acc=0.438
      ep13 train_loss=0.6211 train_acc=0.961 | val_loss=1.5963 val_acc=0.312
      ep14 train_loss=0.6353 train_acc=0.943 | val_loss=1.3928 val_acc=0.562
      ep15 train_loss=0.6476 train_acc=0.943 | val_loss=1.7486 val_acc=0.375
      ep16 train_loss=0.6110 train_acc=0.978 | val_loss=1.4361 val_acc=0.500
      ep17 train_loss=0.6143 train_acc=0.974 | val_loss=1.5730 val_acc=0.500
      ep18 train_loss=0.6142 train_acc=0.978 | val_loss=1.4961 val_acc=0.375
      ep19 train_loss=0.6371 train_acc=0.943 | val_loss=1.5230 val_acc=0.438
      ep20 train_loss=0.6198 train_acc=0.974 | val_loss=1.3946 val_acc=0.500
      ep21 train_loss=0.6045 train_acc=0.974 | val_loss=1.5597 val_acc=0.500
      ep22 train_loss=0.6022 train_acc=0.974 | val_loss=1.5317 val_acc=0.500
      ep23 train_loss=0.6146 train_acc=0.961 | val_loss=1.5085 val_acc=0.562
      ep24 train_loss=0.5874 train_acc=0.974 | val_loss=1.4759 val_acc=0.500
    fold acc=0.500 time=246.9s | running pooled acc=0.659

=== FINAL (pooled LOSO) ===
UF1 = 0.6826
UAR = 0.7102
ACC = 0.6585
per-class F1: happiness=0.704, disgust=0.617, repression=0.632, surprise=0.836, others=0.624
per-class recall: happiness=0.781, disgust=0.587, repression=0.667, surprise=0.920, others=0.596
confusion matrix (rows=true):
        happin disgus repres surpri others
happine     25      0      1      2      4
disgust      1     37      1      1     23
repress      3      2     18      0      4
surpris      1      0      1     23      0
 others      9     18      9      4     59

saved to D:\AI-Projects\casmeII-new-from-sequence-model\experiments\iter_16_mag_r3d
elapsed 6648.5s
