=== EXPERIMENT iter_20_ema ===
time: 2026-07-16T14:55:23.121116
device: cuda (NVIDIA GeForce RTX 3060)
platform: Windows-10-10.0.26200-SP0 | torch 2.6.0+cu124
config:
{
  "seed": 42,
  "T": 16,
  "img_size": 128,
  "base_size": 144,
  "input_mode": "rgb",
  "backbone": "r3d_18",
  "pretrained": true,
  "dropout": 0.5,
  "epochs": 25,
  "lr": 0.0001,
  "weight_decay": 0.001,
  "batch_size": 6,
  "class_weighting": true,
  "label_smoothing": 0.1,
  "hflip": true,
  "color_jitter": 0.0,
  "temporal_jitter": true,
  "amp": true,
  "eval_last_k": 3,
  "tta": 5,
  "cache_dir": "cache/flow144",
  "index": "cache/index_emotion.csv",
  "class_names": [
    "happiness",
    "disgust",
    "repression",
    "surprise",
    "others"
  ],
  "name": "iter_20_r3d_ema",
  "modality": "flow",
  "temporal_span": "onset_offset",
  "flow_clip": 3.0,
  "ema": 0.998,
  "ema_start_epoch": 5
}
samples: 246 | classes: 5 ['happiness', 'disgust', 'repression', 'surprise', 'others']
loading arrays into RAM...
loaded 246 arrays

--- Fold 1/26 | test sub01 (9 test, 237 train) ---
      ep00 train_loss=1.6039 train_acc=0.363 | val_loss=1.2487 val_acc=0.444
      ep01 train_loss=1.2467 train_acc=0.565 | val_loss=1.0706 val_acc=0.444
      ep02 train_loss=1.1042 train_acc=0.616 | val_loss=0.8829 val_acc=0.667
      ep03 train_loss=1.0586 train_acc=0.667 | val_loss=0.7537 val_acc=0.667
      ep04 train_loss=0.9661 train_acc=0.722 | val_loss=0.6740 val_acc=0.667
      ep05 train_loss=0.8426 train_acc=0.835 | val_loss=0.6712 val_acc=0.667
      ep06 train_loss=0.8078 train_acc=0.840 | val_loss=0.8245 val_acc=0.778
      ep07 train_loss=0.7854 train_acc=0.882 | val_loss=0.7551 val_acc=0.778
      ep08 train_loss=0.8082 train_acc=0.840 | val_loss=0.8276 val_acc=0.667
      ep09 train_loss=0.7868 train_acc=0.869 | val_loss=0.9635 val_acc=0.667
      ep10 train_loss=0.7561 train_acc=0.865 | val_loss=0.7870 val_acc=0.778
      ep11 train_loss=0.7038 train_acc=0.882 | val_loss=0.7099 val_acc=0.667
      ep12 train_loss=0.7071 train_acc=0.941 | val_loss=0.7801 val_acc=0.778
      ep13 train_loss=0.6346 train_acc=0.941 | val_loss=0.7652 val_acc=0.667
      ep14 train_loss=0.6305 train_acc=0.949 | val_loss=0.7572 val_acc=0.778
      ep15 train_loss=0.6392 train_acc=0.966 | val_loss=0.7103 val_acc=0.667
      ep16 train_loss=0.6630 train_acc=0.924 | val_loss=0.7900 val_acc=0.778
      ep17 train_loss=0.6444 train_acc=0.962 | val_loss=0.8234 val_acc=0.778
      ep18 train_loss=0.6457 train_acc=0.932 | val_loss=0.8838 val_acc=0.667
      ep19 train_loss=0.6266 train_acc=0.962 | val_loss=0.8115 val_acc=0.778
      ep20 train_loss=0.6233 train_acc=0.962 | val_loss=0.7975 val_acc=0.778
      ep21 train_loss=0.6388 train_acc=0.954 | val_loss=0.8048 val_acc=0.778
      ep22 train_loss=0.5926 train_acc=0.970 | val_loss=0.7498 val_acc=0.778
      ep23 train_loss=0.6257 train_acc=0.937 | val_loss=0.8176 val_acc=0.778
      ep24 train_loss=0.6012 train_acc=0.983 | val_loss=0.8052 val_acc=0.778
    fold acc=0.778 time=242.2s | running pooled acc=0.778

--- Fold 2/26 | test sub02 (13 test, 233 train) ---
      ep00 train_loss=1.6129 train_acc=0.335 | val_loss=1.2814 val_acc=0.385
      ep01 train_loss=1.1295 train_acc=0.605 | val_loss=1.5196 val_acc=0.538
      ep02 train_loss=1.1023 train_acc=0.639 | val_loss=1.3757 val_acc=0.385
      ep03 train_loss=1.0081 train_acc=0.712 | val_loss=1.5419 val_acc=0.538
      ep04 train_loss=0.9022 train_acc=0.773 | val_loss=1.7027 val_acc=0.308
      ep05 train_loss=0.8787 train_acc=0.815 | val_loss=1.3963 val_acc=0.615
      ep06 train_loss=0.8622 train_acc=0.807 | val_loss=1.4042 val_acc=0.538
      ep07 train_loss=0.7611 train_acc=0.880 | val_loss=0.9162 val_acc=0.615
      ep08 train_loss=0.8192 train_acc=0.837 | val_loss=1.3339 val_acc=0.538
      ep09 train_loss=0.7599 train_acc=0.893 | val_loss=1.0183 val_acc=0.692
      ep10 train_loss=0.7714 train_acc=0.897 | val_loss=1.2210 val_acc=0.385
      ep11 train_loss=0.7494 train_acc=0.880 | val_loss=1.5347 val_acc=0.385
      ep12 train_loss=0.7131 train_acc=0.944 | val_loss=1.3273 val_acc=0.462
      ep13 train_loss=0.6674 train_acc=0.961 | val_loss=1.5023 val_acc=0.308
      ep14 train_loss=0.6793 train_acc=0.970 | val_loss=1.1568 val_acc=0.615
      ep15 train_loss=0.6479 train_acc=0.953 | val_loss=1.2445 val_acc=0.615
      ep16 train_loss=0.6716 train_acc=0.940 | val_loss=1.1095 val_acc=0.385
      ep17 train_loss=0.6654 train_acc=0.957 | val_loss=1.1500 val_acc=0.462
      ep18 train_loss=0.6322 train_acc=0.970 | val_loss=0.9597 val_acc=0.615
      ep19 train_loss=0.6121 train_acc=0.991 | val_loss=1.0540 val_acc=0.538
      ep20 train_loss=0.6611 train_acc=0.970 | val_loss=0.9981 val_acc=0.538
      ep21 train_loss=0.6566 train_acc=0.970 | val_loss=1.0112 val_acc=0.615
      ep22 train_loss=0.6556 train_acc=0.966 | val_loss=1.0724 val_acc=0.538
      ep23 train_loss=0.6220 train_acc=0.991 | val_loss=1.0340 val_acc=0.615
      ep24 train_loss=0.6802 train_acc=0.957 | val_loss=1.0693 val_acc=0.615
    fold acc=0.462 time=227.1s | running pooled acc=0.591

--- Fold 3/26 | test sub03 (7 test, 239 train) ---
      ep00 train_loss=1.6033 train_acc=0.397 | val_loss=1.5079 val_acc=0.571
      ep01 train_loss=1.1741 train_acc=0.561 | val_loss=0.9634 val_acc=0.571
      ep02 train_loss=1.1020 train_acc=0.649 | val_loss=0.8577 val_acc=0.714
      ep03 train_loss=1.0060 train_acc=0.690 | val_loss=0.6473 val_acc=0.714
      ep04 train_loss=0.9418 train_acc=0.782 | val_loss=0.4918 val_acc=0.714
      ep05 train_loss=0.8796 train_acc=0.745 | val_loss=1.0207 val_acc=0.714
      ep06 train_loss=0.8314 train_acc=0.837 | val_loss=0.8864 val_acc=0.714
      ep07 train_loss=0.8525 train_acc=0.791 | val_loss=0.7358 val_acc=0.714
      ep08 train_loss=0.7637 train_acc=0.866 | val_loss=1.1550 val_acc=0.571
      ep09 train_loss=0.7576 train_acc=0.870 | val_loss=0.8624 val_acc=0.714
      ep10 train_loss=0.7238 train_acc=0.879 | val_loss=0.8912 val_acc=0.571
      ep11 train_loss=0.6414 train_acc=0.967 | val_loss=0.8078 val_acc=0.571
      ep12 train_loss=0.7034 train_acc=0.891 | val_loss=1.0236 val_acc=0.571
      ep13 train_loss=0.6393 train_acc=0.958 | val_loss=1.0445 val_acc=0.429
      ep14 train_loss=0.6633 train_acc=0.958 | val_loss=1.0392 val_acc=0.429
      ep15 train_loss=0.6538 train_acc=0.954 | val_loss=1.1301 val_acc=0.429
      ep16 train_loss=0.6432 train_acc=0.946 | val_loss=1.1831 val_acc=0.429
      ep17 train_loss=0.6647 train_acc=0.941 | val_loss=1.1872 val_acc=0.429
      ep18 train_loss=0.5893 train_acc=0.992 | val_loss=1.1118 val_acc=0.429
      ep19 train_loss=0.6052 train_acc=0.979 | val_loss=0.9901 val_acc=0.429
      ep20 train_loss=0.6115 train_acc=0.983 | val_loss=0.8816 val_acc=0.571
      ep21 train_loss=0.6114 train_acc=0.983 | val_loss=0.9079 val_acc=0.714
      ep22 train_loss=0.6296 train_acc=0.962 | val_loss=0.9413 val_acc=0.571
      ep23 train_loss=0.6325 train_acc=0.958 | val_loss=0.9215 val_acc=0.571
      ep24 train_loss=0.6050 train_acc=0.971 | val_loss=0.8905 val_acc=0.571
    fold acc=0.714 time=229.4s | running pooled acc=0.621

--- Fold 4/26 | test sub04 (5 test, 241 train) ---
      ep00 train_loss=1.5487 train_acc=0.332 | val_loss=1.0186 val_acc=0.600
      ep01 train_loss=1.2245 train_acc=0.552 | val_loss=0.8349 val_acc=0.600
      ep02 train_loss=1.0976 train_acc=0.622 | val_loss=0.7069 val_acc=0.800
      ep03 train_loss=1.0137 train_acc=0.680 | val_loss=0.4050 val_acc=0.800
      ep04 train_loss=0.9315 train_acc=0.784 | val_loss=0.5789 val_acc=0.800
      ep05 train_loss=0.8903 train_acc=0.755 | val_loss=0.6909 val_acc=0.600
      ep06 train_loss=0.7611 train_acc=0.855 | val_loss=0.7507 val_acc=0.600
      ep07 train_loss=0.8037 train_acc=0.846 | val_loss=0.5713 val_acc=0.800
      ep08 train_loss=0.6886 train_acc=0.942 | val_loss=0.5705 val_acc=0.800
      ep09 train_loss=0.7851 train_acc=0.863 | val_loss=0.7620 val_acc=0.400
      ep10 train_loss=0.6799 train_acc=0.938 | val_loss=0.3954 val_acc=0.800
      ep11 train_loss=0.6758 train_acc=0.909 | val_loss=0.6221 val_acc=0.600
      ep12 train_loss=0.6805 train_acc=0.929 | val_loss=0.4252 val_acc=0.800
      ep13 train_loss=0.6753 train_acc=0.954 | val_loss=0.5029 val_acc=0.800
      ep14 train_loss=0.6860 train_acc=0.934 | val_loss=0.6366 val_acc=0.600
      ep15 train_loss=0.6487 train_acc=0.959 | val_loss=0.3235 val_acc=1.000
      ep16 train_loss=0.6440 train_acc=0.950 | val_loss=0.8181 val_acc=0.600
      ep17 train_loss=0.6210 train_acc=0.950 | val_loss=0.7003 val_acc=0.600
      ep18 train_loss=0.6631 train_acc=0.942 | val_loss=0.5767 val_acc=0.600
      ep19 train_loss=0.6286 train_acc=0.963 | val_loss=0.5360 val_acc=0.800
      ep20 train_loss=0.6494 train_acc=0.963 | val_loss=0.5478 val_acc=0.800
      ep21 train_loss=0.6021 train_acc=0.983 | val_loss=0.5246 val_acc=0.800
      ep22 train_loss=0.5990 train_acc=0.988 | val_loss=0.6347 val_acc=0.600
      ep23 train_loss=0.6404 train_acc=0.959 | val_loss=0.6440 val_acc=0.600
      ep24 train_loss=0.6171 train_acc=0.963 | val_loss=0.7059 val_acc=0.600
    fold acc=0.800 time=229.4s | running pooled acc=0.647

--- Fold 5/26 | test sub05 (19 test, 227 train) ---
      ep00 train_loss=1.5687 train_acc=0.330 | val_loss=1.3019 val_acc=0.474
      ep01 train_loss=1.1104 train_acc=0.621 | val_loss=1.3092 val_acc=0.421
      ep02 train_loss=1.0896 train_acc=0.648 | val_loss=2.0072 val_acc=0.474
      ep03 train_loss=0.9548 train_acc=0.740 | val_loss=1.7241 val_acc=0.474
      ep04 train_loss=0.9486 train_acc=0.744 | val_loss=1.6176 val_acc=0.474
      ep05 train_loss=0.8341 train_acc=0.841 | val_loss=1.8858 val_acc=0.421
      ep06 train_loss=0.8480 train_acc=0.868 | val_loss=2.1211 val_acc=0.421
      ep07 train_loss=0.7837 train_acc=0.868 | val_loss=1.4903 val_acc=0.474
      ep08 train_loss=0.8155 train_acc=0.868 | val_loss=1.9131 val_acc=0.421
      ep09 train_loss=0.7856 train_acc=0.872 | val_loss=1.7186 val_acc=0.474
      ep10 train_loss=0.7088 train_acc=0.903 | val_loss=1.6850 val_acc=0.421
      ep11 train_loss=0.6672 train_acc=0.947 | val_loss=1.6940 val_acc=0.421
      ep12 train_loss=0.6710 train_acc=0.943 | val_loss=1.7685 val_acc=0.421
      ep13 train_loss=0.6932 train_acc=0.943 | val_loss=1.8985 val_acc=0.421
      ep14 train_loss=0.6772 train_acc=0.938 | val_loss=1.7744 val_acc=0.474
      ep15 train_loss=0.6621 train_acc=0.952 | val_loss=1.6674 val_acc=0.421
      ep16 train_loss=0.6898 train_acc=0.930 | val_loss=1.6266 val_acc=0.421
      ep17 train_loss=0.6533 train_acc=0.960 | val_loss=1.7786 val_acc=0.421
      ep18 train_loss=0.6442 train_acc=0.960 | val_loss=1.7506 val_acc=0.421
      ep19 train_loss=0.6475 train_acc=0.956 | val_loss=1.9183 val_acc=0.421
      ep20 train_loss=0.6624 train_acc=0.960 | val_loss=1.6991 val_acc=0.421
      ep21 train_loss=0.6152 train_acc=0.978 | val_loss=1.5957 val_acc=0.421
      ep22 train_loss=0.6274 train_acc=0.965 | val_loss=1.5373 val_acc=0.421
      ep23 train_loss=0.6208 train_acc=0.965 | val_loss=1.5441 val_acc=0.421
      ep24 train_loss=0.6129 train_acc=0.974 | val_loss=1.6683 val_acc=0.421
    fold acc=0.421 time=226.3s | running pooled acc=0.566

--- Fold 6/26 | test sub06 (5 test, 241 train) ---
      ep00 train_loss=1.5921 train_acc=0.349 | val_loss=1.3086 val_acc=0.600
      ep01 train_loss=1.2241 train_acc=0.556 | val_loss=0.8135 val_acc=0.800
      ep02 train_loss=1.0747 train_acc=0.610 | val_loss=1.0386 val_acc=0.600
      ep03 train_loss=1.0234 train_acc=0.697 | val_loss=0.4712 val_acc=0.800
      ep04 train_loss=0.9377 train_acc=0.718 | val_loss=1.2068 val_acc=0.600
      ep05 train_loss=0.8552 train_acc=0.826 | val_loss=0.8545 val_acc=0.600
      ep06 train_loss=0.7988 train_acc=0.846 | val_loss=1.0826 val_acc=0.600
      ep07 train_loss=0.8413 train_acc=0.817 | val_loss=0.7791 val_acc=0.600
      ep08 train_loss=0.7380 train_acc=0.896 | val_loss=1.0732 val_acc=0.600
      ep09 train_loss=0.7979 train_acc=0.859 | val_loss=0.8969 val_acc=0.800
      ep10 train_loss=0.7160 train_acc=0.938 | val_loss=1.1032 val_acc=0.600
      ep11 train_loss=0.6810 train_acc=0.913 | val_loss=1.5613 val_acc=0.600
      ep12 train_loss=0.6796 train_acc=0.938 | val_loss=1.2053 val_acc=0.600
      ep13 train_loss=0.7049 train_acc=0.896 | val_loss=0.9965 val_acc=0.600
      ep14 train_loss=0.7013 train_acc=0.934 | val_loss=1.4333 val_acc=0.600
      ep15 train_loss=0.6670 train_acc=0.950 | val_loss=1.0626 val_acc=0.600
      ep16 train_loss=0.6396 train_acc=0.963 | val_loss=1.6269 val_acc=0.600
      ep17 train_loss=0.6241 train_acc=0.967 | val_loss=1.3597 val_acc=0.600
      ep18 train_loss=0.6964 train_acc=0.946 | val_loss=1.4268 val_acc=0.600
      ep19 train_loss=0.6329 train_acc=0.967 | val_loss=1.2304 val_acc=0.600
      ep20 train_loss=0.6533 train_acc=0.959 | val_loss=1.2630 val_acc=0.600
      ep21 train_loss=0.6191 train_acc=0.983 | val_loss=1.4161 val_acc=0.600
      ep22 train_loss=0.6303 train_acc=0.975 | val_loss=1.4677 val_acc=0.600
      ep23 train_loss=0.6635 train_acc=0.959 | val_loss=1.4448 val_acc=0.600
      ep24 train_loss=0.6390 train_acc=0.954 | val_loss=1.1874 val_acc=0.600
    fold acc=0.600 time=228.3s | running pooled acc=0.569

--- Fold 7/26 | test sub07 (9 test, 237 train) ---
      ep00 train_loss=1.5805 train_acc=0.384 | val_loss=1.3263 val_acc=0.222
      ep01 train_loss=1.1857 train_acc=0.578 | val_loss=1.3927 val_acc=0.333
      ep02 train_loss=1.0595 train_acc=0.633 | val_loss=1.0413 val_acc=0.556
      ep03 train_loss=1.0328 train_acc=0.713 | val_loss=1.6454 val_acc=0.333
      ep04 train_loss=0.9483 train_acc=0.747 | val_loss=1.0356 val_acc=0.667
      ep05 train_loss=0.8857 train_acc=0.776 | val_loss=1.0262 val_acc=0.556
      ep06 train_loss=0.8153 train_acc=0.844 | val_loss=1.5678 val_acc=0.333
      ep07 train_loss=0.7870 train_acc=0.840 | val_loss=1.2261 val_acc=0.333
      ep08 train_loss=0.7888 train_acc=0.848 | val_loss=1.2701 val_acc=0.556
      ep09 train_loss=0.8259 train_acc=0.865 | val_loss=1.1741 val_acc=0.667
      ep10 train_loss=0.7190 train_acc=0.907 | val_loss=1.3999 val_acc=0.667
      ep11 train_loss=0.6747 train_acc=0.937 | val_loss=1.2858 val_acc=0.444
      ep12 train_loss=0.6834 train_acc=0.941 | val_loss=1.3668 val_acc=0.556
      ep13 train_loss=0.6360 train_acc=0.949 | val_loss=1.3050 val_acc=0.556
      ep14 train_loss=0.6387 train_acc=0.945 | val_loss=1.4262 val_acc=0.444
      ep15 train_loss=0.6657 train_acc=0.954 | val_loss=1.2546 val_acc=0.667
      ep16 train_loss=0.6361 train_acc=0.958 | val_loss=1.3894 val_acc=0.444
      ep17 train_loss=0.6508 train_acc=0.954 | val_loss=1.4558 val_acc=0.556
      ep18 train_loss=0.6400 train_acc=0.945 | val_loss=1.3413 val_acc=0.556
      ep19 train_loss=0.6220 train_acc=0.962 | val_loss=1.5042 val_acc=0.556
      ep20 train_loss=0.6210 train_acc=0.970 | val_loss=1.4268 val_acc=0.556
      ep21 train_loss=0.6714 train_acc=0.945 | val_loss=1.4860 val_acc=0.556
      ep22 train_loss=0.6000 train_acc=0.983 | val_loss=1.3900 val_acc=0.556
      ep23 train_loss=0.6108 train_acc=0.962 | val_loss=1.3658 val_acc=0.667
      ep24 train_loss=0.6152 train_acc=0.966 | val_loss=1.3951 val_acc=0.556
    fold acc=0.556 time=229.2s | running pooled acc=0.567

--- Fold 8/26 | test sub08 (3 test, 243 train) ---
      ep00 train_loss=1.6112 train_acc=0.325 | val_loss=1.1477 val_acc=0.667
      ep01 train_loss=1.1907 train_acc=0.580 | val_loss=1.5147 val_acc=0.667
      ep02 train_loss=1.0500 train_acc=0.691 | val_loss=1.1486 val_acc=0.667
      ep03 train_loss=1.0525 train_acc=0.650 | val_loss=1.1138 val_acc=0.333
      ep04 train_loss=0.9896 train_acc=0.765 | val_loss=1.1475 val_acc=0.333
      ep05 train_loss=0.9257 train_acc=0.757 | val_loss=1.8429 val_acc=0.667
      ep06 train_loss=0.7718 train_acc=0.877 | val_loss=1.8502 val_acc=0.667
      ep07 train_loss=0.7457 train_acc=0.889 | val_loss=1.9984 val_acc=0.333
      ep08 train_loss=0.7779 train_acc=0.885 | val_loss=2.1706 val_acc=0.333
      ep09 train_loss=0.7302 train_acc=0.909 | val_loss=1.2531 val_acc=0.667
      ep10 train_loss=0.7621 train_acc=0.860 | val_loss=1.6775 val_acc=0.333
      ep11 train_loss=0.6873 train_acc=0.922 | val_loss=1.3992 val_acc=0.667
      ep12 train_loss=0.6773 train_acc=0.934 | val_loss=1.4668 val_acc=0.667
      ep13 train_loss=0.6779 train_acc=0.930 | val_loss=1.4259 val_acc=0.667
      ep14 train_loss=0.6403 train_acc=0.971 | val_loss=1.3757 val_acc=0.667
      ep15 train_loss=0.6580 train_acc=0.951 | val_loss=1.1960 val_acc=0.667
      ep16 train_loss=0.6297 train_acc=0.942 | val_loss=1.1283 val_acc=0.667
      ep17 train_loss=0.6444 train_acc=0.951 | val_loss=1.2700 val_acc=0.333
      ep18 train_loss=0.6096 train_acc=0.988 | val_loss=1.2930 val_acc=0.667
      ep19 train_loss=0.6240 train_acc=0.975 | val_loss=1.0955 val_acc=0.667
      ep20 train_loss=0.6473 train_acc=0.967 | val_loss=0.8585 val_acc=0.667
      ep21 train_loss=0.6386 train_acc=0.926 | val_loss=1.1598 val_acc=0.667
      ep22 train_loss=0.6061 train_acc=0.984 | val_loss=1.1724 val_acc=0.667
      ep23 train_loss=0.6201 train_acc=0.988 | val_loss=0.9605 val_acc=0.667
      ep24 train_loss=0.6493 train_acc=0.951 | val_loss=1.2920 val_acc=0.667
    fold acc=0.667 time=229.6s | running pooled acc=0.571

--- Fold 9/26 | test sub09 (13 test, 233 train) ---
      ep00 train_loss=1.6199 train_acc=0.378 | val_loss=1.0870 val_acc=0.615
      ep01 train_loss=1.2839 train_acc=0.498 | val_loss=0.8075 val_acc=0.769
      ep02 train_loss=1.1268 train_acc=0.627 | val_loss=0.8510 val_acc=0.769
      ep03 train_loss=0.9988 train_acc=0.712 | val_loss=0.5030 val_acc=0.846
      ep04 train_loss=0.9916 train_acc=0.725 | val_loss=0.5108 val_acc=0.692
      ep05 train_loss=0.9469 train_acc=0.773 | val_loss=0.6268 val_acc=0.923
      ep06 train_loss=0.8818 train_acc=0.781 | val_loss=0.6765 val_acc=0.692
      ep07 train_loss=0.8401 train_acc=0.858 | val_loss=0.3684 val_acc=1.000
      ep08 train_loss=0.7910 train_acc=0.876 | val_loss=0.5500 val_acc=0.846
      ep09 train_loss=0.7248 train_acc=0.897 | val_loss=0.6084 val_acc=0.692
      ep10 train_loss=0.7148 train_acc=0.910 | val_loss=0.6034 val_acc=0.769
      ep11 train_loss=0.7682 train_acc=0.888 | val_loss=0.4690 val_acc=0.923
      ep12 train_loss=0.7269 train_acc=0.923 | val_loss=0.5769 val_acc=0.769
      ep13 train_loss=0.7332 train_acc=0.923 | val_loss=0.5699 val_acc=0.769
      ep14 train_loss=0.6821 train_acc=0.957 | val_loss=0.5254 val_acc=0.846
      ep15 train_loss=0.6771 train_acc=0.953 | val_loss=0.5100 val_acc=0.769
      ep16 train_loss=0.6387 train_acc=0.970 | val_loss=0.4715 val_acc=0.846
      ep17 train_loss=0.6437 train_acc=0.961 | val_loss=0.5432 val_acc=0.846
      ep18 train_loss=0.6636 train_acc=0.961 | val_loss=0.4422 val_acc=0.769
      ep19 train_loss=0.6408 train_acc=0.974 | val_loss=0.5122 val_acc=0.769
      ep20 train_loss=0.6678 train_acc=0.966 | val_loss=0.4548 val_acc=0.846
      ep21 train_loss=0.6553 train_acc=0.966 | val_loss=0.4416 val_acc=0.769
      ep22 train_loss=0.6613 train_acc=0.966 | val_loss=0.5384 val_acc=0.846
      ep23 train_loss=0.6245 train_acc=0.987 | val_loss=0.5003 val_acc=0.769
      ep24 train_loss=0.6618 train_acc=0.974 | val_loss=0.4920 val_acc=0.846
    fold acc=0.846 time=230.2s | running pooled acc=0.614

--- Fold 10/26 | test sub10 (13 test, 233 train) ---
      ep00 train_loss=1.5702 train_acc=0.343 | val_loss=0.8913 val_acc=0.692
      ep01 train_loss=1.2370 train_acc=0.519 | val_loss=0.8206 val_acc=0.923
      ep02 train_loss=1.0993 train_acc=0.601 | val_loss=1.1611 val_acc=0.692
      ep03 train_loss=0.9325 train_acc=0.712 | val_loss=0.7555 val_acc=0.692
      ep04 train_loss=0.9791 train_acc=0.717 | val_loss=0.1646 val_acc=1.000
      ep05 train_loss=0.9197 train_acc=0.751 | val_loss=0.3645 val_acc=1.000
      ep06 train_loss=0.8070 train_acc=0.820 | val_loss=0.5547 val_acc=0.923
      ep07 train_loss=0.7749 train_acc=0.837 | val_loss=0.5115 val_acc=0.923
      ep08 train_loss=0.7246 train_acc=0.876 | val_loss=0.2673 val_acc=1.000
      ep09 train_loss=0.6755 train_acc=0.914 | val_loss=0.3244 val_acc=1.000
      ep10 train_loss=0.6961 train_acc=0.918 | val_loss=0.4686 val_acc=0.923
      ep11 train_loss=0.7300 train_acc=0.918 | val_loss=0.1545 val_acc=1.000
      ep12 train_loss=0.6720 train_acc=0.918 | val_loss=0.2515 val_acc=1.000
      ep13 train_loss=0.6867 train_acc=0.936 | val_loss=0.2914 val_acc=1.000
      ep14 train_loss=0.6389 train_acc=0.944 | val_loss=0.3447 val_acc=1.000
      ep15 train_loss=0.6259 train_acc=0.953 | val_loss=0.2174 val_acc=1.000
      ep16 train_loss=0.5948 train_acc=0.970 | val_loss=0.1737 val_acc=1.000
      ep17 train_loss=0.6012 train_acc=0.970 | val_loss=0.2832 val_acc=0.923
      ep18 train_loss=0.6443 train_acc=0.957 | val_loss=0.2434 val_acc=1.000
      ep19 train_loss=0.5847 train_acc=0.974 | val_loss=0.2604 val_acc=1.000
      ep20 train_loss=0.6226 train_acc=0.974 | val_loss=0.2913 val_acc=1.000
      ep21 train_loss=0.6143 train_acc=0.966 | val_loss=0.2636 val_acc=1.000
      ep22 train_loss=0.6059 train_acc=0.979 | val_loss=0.2715 val_acc=1.000
      ep23 train_loss=0.5791 train_acc=1.000 | val_loss=0.2753 val_acc=1.000
      ep24 train_loss=0.6103 train_acc=0.961 | val_loss=0.2489 val_acc=1.000
    fold acc=0.923 time=229.1s | running pooled acc=0.656

--- Fold 11/26 | test sub11 (10 test, 236 train) ---
      ep00 train_loss=1.5984 train_acc=0.318 | val_loss=1.4972 val_acc=0.300
      ep01 train_loss=1.2153 train_acc=0.568 | val_loss=1.1131 val_acc=0.600
      ep02 train_loss=1.0298 train_acc=0.648 | val_loss=0.8542 val_acc=0.800
      ep03 train_loss=1.0230 train_acc=0.729 | val_loss=1.1256 val_acc=0.500
      ep04 train_loss=0.9588 train_acc=0.733 | val_loss=1.0279 val_acc=0.600
      ep05 train_loss=0.8386 train_acc=0.788 | val_loss=0.7366 val_acc=0.700
      ep06 train_loss=0.8037 train_acc=0.818 | val_loss=0.6363 val_acc=0.800
      ep07 train_loss=0.8218 train_acc=0.784 | val_loss=0.7141 val_acc=0.800
      ep08 train_loss=0.7587 train_acc=0.873 | val_loss=0.7903 val_acc=0.800
      ep09 train_loss=0.7178 train_acc=0.894 | val_loss=0.6717 val_acc=0.900
      ep10 train_loss=0.7415 train_acc=0.907 | val_loss=0.6648 val_acc=0.800
      ep11 train_loss=0.6905 train_acc=0.911 | val_loss=0.4131 val_acc=0.900
      ep12 train_loss=0.6825 train_acc=0.915 | val_loss=0.5525 val_acc=0.700
      ep13 train_loss=0.6739 train_acc=0.928 | val_loss=0.4539 val_acc=0.800
      ep14 train_loss=0.6389 train_acc=0.949 | val_loss=0.6134 val_acc=0.800
      ep15 train_loss=0.6596 train_acc=0.936 | val_loss=0.4454 val_acc=0.800
      ep16 train_loss=0.6038 train_acc=0.962 | val_loss=0.4250 val_acc=0.900
      ep17 train_loss=0.6198 train_acc=0.958 | val_loss=0.5356 val_acc=0.800
      ep18 train_loss=0.6454 train_acc=0.941 | val_loss=0.5689 val_acc=0.800
      ep19 train_loss=0.6332 train_acc=0.958 | val_loss=0.5237 val_acc=0.800
      ep20 train_loss=0.6250 train_acc=0.949 | val_loss=0.4679 val_acc=0.900
      ep21 train_loss=0.6063 train_acc=0.970 | val_loss=0.4249 val_acc=0.900
      ep22 train_loss=0.6382 train_acc=0.970 | val_loss=0.4458 val_acc=0.900
      ep23 train_loss=0.5945 train_acc=0.975 | val_loss=0.4792 val_acc=0.900
      ep24 train_loss=0.6180 train_acc=0.975 | val_loss=0.4194 val_acc=0.900
    fold acc=0.900 time=227.2s | running pooled acc=0.679

--- Fold 12/26 | test sub12 (12 test, 234 train) ---
      ep00 train_loss=1.6369 train_acc=0.350 | val_loss=1.0134 val_acc=0.750
      ep01 train_loss=1.2454 train_acc=0.573 | val_loss=0.7566 val_acc=0.750
      ep02 train_loss=1.1466 train_acc=0.611 | val_loss=0.5995 val_acc=0.833
      ep03 train_loss=1.0277 train_acc=0.679 | val_loss=0.4197 val_acc=0.750
      ep04 train_loss=0.9384 train_acc=0.726 | val_loss=0.5361 val_acc=0.833
      ep05 train_loss=0.9899 train_acc=0.748 | val_loss=0.4965 val_acc=0.750
      ep06 train_loss=0.8618 train_acc=0.808 | val_loss=0.3812 val_acc=1.000
      ep07 train_loss=0.8583 train_acc=0.795 | val_loss=0.3341 val_acc=0.917
      ep08 train_loss=0.7729 train_acc=0.880 | val_loss=0.3484 val_acc=0.833
      ep09 train_loss=0.8013 train_acc=0.855 | val_loss=0.2269 val_acc=1.000
      ep10 train_loss=0.7711 train_acc=0.868 | val_loss=0.5456 val_acc=0.833
      ep11 train_loss=0.7366 train_acc=0.902 | val_loss=0.3406 val_acc=0.917
      ep12 train_loss=0.6868 train_acc=0.944 | val_loss=0.3478 val_acc=0.917
      ep13 train_loss=0.6919 train_acc=0.906 | val_loss=0.4446 val_acc=0.833
      ep14 train_loss=0.7037 train_acc=0.919 | val_loss=0.3755 val_acc=0.833
      ep15 train_loss=0.7067 train_acc=0.910 | val_loss=0.2383 val_acc=0.917
      ep16 train_loss=0.6817 train_acc=0.957 | val_loss=0.3092 val_acc=0.917
      ep17 train_loss=0.6630 train_acc=0.940 | val_loss=0.2160 val_acc=0.917
      ep18 train_loss=0.6358 train_acc=0.974 | val_loss=0.2920 val_acc=0.917
      ep19 train_loss=0.6764 train_acc=0.957 | val_loss=0.3231 val_acc=0.917
      ep20 train_loss=0.6564 train_acc=0.966 | val_loss=0.2889 val_acc=0.917
      ep21 train_loss=0.6521 train_acc=0.962 | val_loss=0.2787 val_acc=0.917
      ep22 train_loss=0.6453 train_acc=0.966 | val_loss=0.2784 val_acc=0.917
      ep23 train_loss=0.6479 train_acc=0.957 | val_loss=0.3276 val_acc=0.833
      ep24 train_loss=0.6456 train_acc=0.957 | val_loss=0.3108 val_acc=0.917
    fold acc=0.917 time=227.5s | running pooled acc=0.703

--- Fold 13/26 | test sub13 (8 test, 238 train) ---
      ep00 train_loss=1.5499 train_acc=0.403 | val_loss=1.5159 val_acc=0.375
      ep01 train_loss=1.2037 train_acc=0.609 | val_loss=1.2314 val_acc=0.250
      ep02 train_loss=1.0569 train_acc=0.651 | val_loss=1.5252 val_acc=0.375
      ep03 train_loss=0.9334 train_acc=0.710 | val_loss=1.0371 val_acc=0.625
      ep04 train_loss=0.9648 train_acc=0.727 | val_loss=0.5960 val_acc=0.875
      ep05 train_loss=0.8456 train_acc=0.815 | val_loss=0.7704 val_acc=0.750
      ep06 train_loss=0.8237 train_acc=0.832 | val_loss=0.6112 val_acc=0.875
      ep07 train_loss=0.8159 train_acc=0.845 | val_loss=0.9058 val_acc=0.625
      ep08 train_loss=0.7584 train_acc=0.836 | val_loss=1.0483 val_acc=0.500
      ep09 train_loss=0.7873 train_acc=0.870 | val_loss=1.2267 val_acc=0.625
      ep10 train_loss=0.6784 train_acc=0.937 | val_loss=1.0640 val_acc=0.625
      ep11 train_loss=0.7069 train_acc=0.920 | val_loss=0.7662 val_acc=0.625
      ep12 train_loss=0.6708 train_acc=0.941 | val_loss=0.6497 val_acc=0.875
      ep13 train_loss=0.6705 train_acc=0.929 | val_loss=0.5071 val_acc=0.875
      ep14 train_loss=0.6354 train_acc=0.954 | val_loss=0.7519 val_acc=0.500
      ep15 train_loss=0.6527 train_acc=0.966 | val_loss=0.7102 val_acc=0.750
      ep16 train_loss=0.6182 train_acc=0.971 | val_loss=0.5793 val_acc=0.750
      ep17 train_loss=0.6828 train_acc=0.945 | val_loss=0.5693 val_acc=0.750
      ep18 train_loss=0.6242 train_acc=0.966 | val_loss=0.4044 val_acc=0.875
      ep19 train_loss=0.6315 train_acc=0.958 | val_loss=0.4706 val_acc=0.750
      ep20 train_loss=0.6211 train_acc=0.979 | val_loss=0.5270 val_acc=0.750
      ep21 train_loss=0.6286 train_acc=0.962 | val_loss=0.4441 val_acc=0.875
      ep22 train_loss=0.5843 train_acc=1.000 | val_loss=0.5085 val_acc=0.875
      ep23 train_loss=0.6232 train_acc=0.971 | val_loss=0.5072 val_acc=0.750
      ep24 train_loss=0.6056 train_acc=0.966 | val_loss=0.4757 val_acc=0.875
    fold acc=0.750 time=227.7s | running pooled acc=0.706

--- Fold 14/26 | test sub14 (4 test, 242 train) ---
      ep00 train_loss=1.5572 train_acc=0.335 | val_loss=1.2032 val_acc=0.500
      ep01 train_loss=1.2139 train_acc=0.570 | val_loss=1.6928 val_acc=0.250
      ep02 train_loss=1.1159 train_acc=0.612 | val_loss=1.3169 val_acc=0.500
      ep03 train_loss=0.9530 train_acc=0.731 | val_loss=1.0120 val_acc=0.500
      ep04 train_loss=0.9380 train_acc=0.736 | val_loss=1.3770 val_acc=0.250
      ep05 train_loss=0.9043 train_acc=0.789 | val_loss=1.4433 val_acc=0.250
      ep06 train_loss=0.8275 train_acc=0.851 | val_loss=1.6415 val_acc=0.500
      ep07 train_loss=0.8514 train_acc=0.810 | val_loss=1.5191 val_acc=0.250
      ep08 train_loss=0.7588 train_acc=0.860 | val_loss=1.3524 val_acc=0.250
      ep09 train_loss=0.7809 train_acc=0.868 | val_loss=1.8629 val_acc=0.250
      ep10 train_loss=0.7174 train_acc=0.905 | val_loss=1.8265 val_acc=0.250
      ep11 train_loss=0.6940 train_acc=0.888 | val_loss=1.5167 val_acc=0.250
      ep12 train_loss=0.7526 train_acc=0.888 | val_loss=1.6434 val_acc=0.250
      ep13 train_loss=0.7067 train_acc=0.926 | val_loss=1.8301 val_acc=0.250
      ep14 train_loss=0.6799 train_acc=0.938 | val_loss=1.9307 val_acc=0.500
      ep15 train_loss=0.6583 train_acc=0.946 | val_loss=1.8126 val_acc=0.500
      ep16 train_loss=0.6512 train_acc=0.955 | val_loss=1.7091 val_acc=0.500
      ep17 train_loss=0.6456 train_acc=0.967 | val_loss=1.7073 val_acc=0.500
      ep18 train_loss=0.6280 train_acc=0.971 | val_loss=1.5941 val_acc=0.250
      ep19 train_loss=0.6485 train_acc=0.959 | val_loss=1.3999 val_acc=0.500
      ep20 train_loss=0.6364 train_acc=0.988 | val_loss=1.3956 val_acc=0.500
      ep21 train_loss=0.6572 train_acc=0.950 | val_loss=1.4472 val_acc=0.500
      ep22 train_loss=0.6135 train_acc=0.975 | val_loss=1.5212 val_acc=0.500
      ep23 train_loss=0.6220 train_acc=0.979 | val_loss=1.5148 val_acc=0.500
      ep24 train_loss=0.6107 train_acc=0.971 | val_loss=1.4454 val_acc=0.250
    fold acc=0.500 time=228.0s | running pooled acc=0.700

--- Fold 15/26 | test sub15 (3 test, 243 train) ---
      ep00 train_loss=1.5597 train_acc=0.333 | val_loss=1.0923 val_acc=0.667
      ep01 train_loss=1.1757 train_acc=0.584 | val_loss=0.9065 val_acc=0.667
      ep02 train_loss=1.0907 train_acc=0.642 | val_loss=1.7010 val_acc=0.667
      ep03 train_loss=1.0199 train_acc=0.663 | val_loss=0.8400 val_acc=0.667
      ep04 train_loss=0.9797 train_acc=0.724 | val_loss=0.2149 val_acc=1.000
      ep05 train_loss=0.9394 train_acc=0.745 | val_loss=0.4626 val_acc=1.000
      ep06 train_loss=0.7926 train_acc=0.852 | val_loss=0.5184 val_acc=1.000
      ep07 train_loss=0.7676 train_acc=0.844 | val_loss=0.5628 val_acc=1.000
      ep08 train_loss=0.8158 train_acc=0.852 | val_loss=0.3190 val_acc=1.000
      ep09 train_loss=0.7740 train_acc=0.901 | val_loss=0.2818 val_acc=1.000
      ep10 train_loss=0.7665 train_acc=0.877 | val_loss=0.3527 val_acc=1.000
      ep11 train_loss=0.6982 train_acc=0.938 | val_loss=0.4169 val_acc=1.000
      ep12 train_loss=0.6754 train_acc=0.942 | val_loss=0.3263 val_acc=1.000
      ep13 train_loss=0.6707 train_acc=0.951 | val_loss=0.5404 val_acc=1.000
      ep14 train_loss=0.6586 train_acc=0.947 | val_loss=0.3298 val_acc=1.000
      ep15 train_loss=0.6493 train_acc=0.955 | val_loss=0.3116 val_acc=1.000
      ep16 train_loss=0.6319 train_acc=0.951 | val_loss=0.4397 val_acc=1.000
      ep17 train_loss=0.6564 train_acc=0.930 | val_loss=0.5298 val_acc=1.000
      ep18 train_loss=0.6243 train_acc=0.979 | val_loss=0.5786 val_acc=0.667
      ep19 train_loss=0.6269 train_acc=0.975 | val_loss=0.5971 val_acc=1.000
      ep20 train_loss=0.6221 train_acc=0.979 | val_loss=0.6979 val_acc=0.667
      ep21 train_loss=0.6466 train_acc=0.967 | val_loss=0.4883 val_acc=1.000
      ep22 train_loss=0.6010 train_acc=0.992 | val_loss=0.5191 val_acc=1.000
      ep23 train_loss=0.6042 train_acc=0.975 | val_loss=0.4936 val_acc=1.000
      ep24 train_loss=0.6316 train_acc=0.963 | val_loss=0.4707 val_acc=1.000
    fold acc=1.000 time=234.4s | running pooled acc=0.707

--- Fold 16/26 | test sub16 (4 test, 242 train) ---
      ep00 train_loss=1.5487 train_acc=0.364 | val_loss=1.7467 val_acc=0.250
      ep01 train_loss=1.1642 train_acc=0.616 | val_loss=1.5718 val_acc=0.500
      ep02 train_loss=1.0821 train_acc=0.640 | val_loss=1.1039 val_acc=0.500
      ep03 train_loss=0.9333 train_acc=0.740 | val_loss=1.2525 val_acc=0.500
      ep04 train_loss=0.9380 train_acc=0.727 | val_loss=1.5201 val_acc=0.500
      ep05 train_loss=0.9054 train_acc=0.777 | val_loss=1.2304 val_acc=0.500
      ep06 train_loss=0.8006 train_acc=0.826 | val_loss=1.5465 val_acc=0.500
      ep07 train_loss=0.8139 train_acc=0.860 | val_loss=1.1395 val_acc=0.500
      ep08 train_loss=0.7415 train_acc=0.897 | val_loss=1.3863 val_acc=0.500
      ep09 train_loss=0.7523 train_acc=0.909 | val_loss=1.0928 val_acc=0.500
      ep10 train_loss=0.7101 train_acc=0.913 | val_loss=1.1544 val_acc=0.500
      ep11 train_loss=0.6899 train_acc=0.905 | val_loss=1.3359 val_acc=0.500
      ep12 train_loss=0.7359 train_acc=0.888 | val_loss=1.6859 val_acc=0.250
      ep13 train_loss=0.7172 train_acc=0.901 | val_loss=1.3875 val_acc=0.750
      ep14 train_loss=0.6437 train_acc=0.950 | val_loss=1.1229 val_acc=0.500
      ep15 train_loss=0.6420 train_acc=0.959 | val_loss=1.2141 val_acc=0.500
      ep16 train_loss=0.6556 train_acc=0.934 | val_loss=1.4974 val_acc=0.250
      ep17 train_loss=0.6352 train_acc=0.971 | val_loss=1.5195 val_acc=0.250
      ep18 train_loss=0.6354 train_acc=0.959 | val_loss=1.4534 val_acc=0.500
      ep19 train_loss=0.6457 train_acc=0.963 | val_loss=1.3984 val_acc=0.500
      ep20 train_loss=0.6507 train_acc=0.983 | val_loss=1.3224 val_acc=0.500
      ep21 train_loss=0.6663 train_acc=0.955 | val_loss=1.2905 val_acc=0.500
      ep22 train_loss=0.6292 train_acc=0.975 | val_loss=1.2562 val_acc=0.500
      ep23 train_loss=0.6226 train_acc=0.983 | val_loss=1.3105 val_acc=0.500
      ep24 train_loss=0.6074 train_acc=0.983 | val_loss=1.2354 val_acc=0.500
    fold acc=0.500 time=236.5s | running pooled acc=0.701

--- Fold 17/26 | test sub17 (34 test, 212 train) ---
      ep00 train_loss=1.5758 train_acc=0.396 | val_loss=1.6309 val_acc=0.235
      ep01 train_loss=1.2530 train_acc=0.547 | val_loss=1.1005 val_acc=0.382
      ep02 train_loss=1.0506 train_acc=0.698 | val_loss=0.8775 val_acc=0.706
      ep03 train_loss=1.0264 train_acc=0.717 | val_loss=1.2622 val_acc=0.382
      ep04 train_loss=0.9729 train_acc=0.731 | val_loss=0.8825 val_acc=0.647
      ep05 train_loss=0.9513 train_acc=0.802 | val_loss=1.1238 val_acc=0.500
      ep06 train_loss=0.8783 train_acc=0.797 | val_loss=1.2023 val_acc=0.559
      ep07 train_loss=0.8836 train_acc=0.821 | val_loss=1.4254 val_acc=0.500
      ep08 train_loss=0.8101 train_acc=0.802 | val_loss=1.2569 val_acc=0.500
      ep09 train_loss=0.8037 train_acc=0.849 | val_loss=1.0363 val_acc=0.559
      ep10 train_loss=0.7592 train_acc=0.910 | val_loss=1.3498 val_acc=0.441
      ep11 train_loss=0.7621 train_acc=0.901 | val_loss=1.2055 val_acc=0.529
      ep12 train_loss=0.7168 train_acc=0.934 | val_loss=1.1391 val_acc=0.500
      ep13 train_loss=0.7190 train_acc=0.939 | val_loss=1.2919 val_acc=0.471
      ep14 train_loss=0.7222 train_acc=0.943 | val_loss=1.2284 val_acc=0.529
      ep15 train_loss=0.7326 train_acc=0.920 | val_loss=1.2176 val_acc=0.471
      ep16 train_loss=0.6844 train_acc=0.943 | val_loss=0.9011 val_acc=0.618
      ep17 train_loss=0.7160 train_acc=0.934 | val_loss=1.0453 val_acc=0.529
      ep18 train_loss=0.6824 train_acc=0.958 | val_loss=1.0016 val_acc=0.588
      ep19 train_loss=0.7125 train_acc=0.948 | val_loss=1.0297 val_acc=0.500
      ep20 train_loss=0.6765 train_acc=0.958 | val_loss=1.1492 val_acc=0.471
      ep21 train_loss=0.6763 train_acc=0.958 | val_loss=1.0920 val_acc=0.471
      ep22 train_loss=0.6517 train_acc=0.986 | val_loss=1.0296 val_acc=0.559
      ep23 train_loss=0.6676 train_acc=0.948 | val_loss=1.0709 val_acc=0.500
      ep24 train_loss=0.7004 train_acc=0.910 | val_loss=1.1476 val_acc=0.500
    fold acc=0.676 time=242.4s | running pooled acc=0.696

--- Fold 18/26 | test sub18 (3 test, 243 train) ---
      ep00 train_loss=1.5844 train_acc=0.325 | val_loss=1.0366 val_acc=0.667
      ep01 train_loss=1.1397 train_acc=0.617 | val_loss=1.0125 val_acc=0.333
      ep02 train_loss=1.0616 train_acc=0.650 | val_loss=0.6519 val_acc=1.000
      ep03 train_loss=1.0073 train_acc=0.683 | val_loss=0.9532 val_acc=1.000
      ep04 train_loss=0.9515 train_acc=0.733 | val_loss=0.4701 val_acc=1.000
      ep05 train_loss=0.9549 train_acc=0.712 | val_loss=0.8154 val_acc=0.667
      ep06 train_loss=0.8135 train_acc=0.868 | val_loss=0.3631 val_acc=1.000
      ep07 train_loss=0.7687 train_acc=0.807 | val_loss=0.9310 val_acc=0.667
      ep08 train_loss=0.8173 train_acc=0.852 | val_loss=0.8066 val_acc=0.667
      ep09 train_loss=0.7603 train_acc=0.868 | val_loss=1.2579 val_acc=0.667
      ep10 train_loss=0.7271 train_acc=0.889 | val_loss=1.0577 val_acc=0.667
      ep11 train_loss=0.6867 train_acc=0.926 | val_loss=1.0248 val_acc=0.667
      ep12 train_loss=0.6751 train_acc=0.934 | val_loss=0.8113 val_acc=0.667
      ep13 train_loss=0.6888 train_acc=0.930 | val_loss=1.0916 val_acc=0.667
      ep14 train_loss=0.6560 train_acc=0.942 | val_loss=0.9833 val_acc=0.667
      ep15 train_loss=0.6529 train_acc=0.959 | val_loss=0.7170 val_acc=0.667
      ep16 train_loss=0.6323 train_acc=0.947 | val_loss=1.1161 val_acc=0.667
      ep17 train_loss=0.6285 train_acc=0.947 | val_loss=1.0944 val_acc=0.667
      ep18 train_loss=0.6097 train_acc=0.967 | val_loss=0.9245 val_acc=0.667
      ep19 train_loss=0.6102 train_acc=0.963 | val_loss=0.9800 val_acc=0.667
      ep20 train_loss=0.5983 train_acc=0.988 | val_loss=0.6398 val_acc=0.667
      ep21 train_loss=0.6183 train_acc=0.963 | val_loss=0.9986 val_acc=0.667
      ep22 train_loss=0.6256 train_acc=0.971 | val_loss=0.7711 val_acc=0.667
      ep23 train_loss=0.6061 train_acc=0.975 | val_loss=0.9041 val_acc=0.667
      ep24 train_loss=0.6375 train_acc=0.955 | val_loss=1.0364 val_acc=0.667
    fold acc=0.667 time=245.1s | running pooled acc=0.695

--- Fold 19/26 | test sub19 (15 test, 231 train) ---
      ep00 train_loss=1.5795 train_acc=0.346 | val_loss=1.2044 val_acc=0.467
      ep01 train_loss=1.2146 train_acc=0.567 | val_loss=0.8770 val_acc=0.600
      ep02 train_loss=1.0914 train_acc=0.693 | val_loss=0.8245 val_acc=0.800
      ep03 train_loss=0.9807 train_acc=0.701 | val_loss=0.7365 val_acc=0.733
      ep04 train_loss=0.9228 train_acc=0.762 | val_loss=0.9174 val_acc=0.600
      ep05 train_loss=0.8121 train_acc=0.835 | val_loss=0.9503 val_acc=0.667
      ep06 train_loss=0.8259 train_acc=0.840 | val_loss=0.9794 val_acc=0.667
      ep07 train_loss=0.8309 train_acc=0.853 | val_loss=0.8370 val_acc=0.733
      ep08 train_loss=0.7589 train_acc=0.870 | val_loss=1.0005 val_acc=0.667
      ep09 train_loss=0.7823 train_acc=0.883 | val_loss=1.1052 val_acc=0.533
      ep10 train_loss=0.7005 train_acc=0.900 | val_loss=0.8002 val_acc=0.667
      ep11 train_loss=0.6869 train_acc=0.926 | val_loss=0.6613 val_acc=0.800
      ep12 train_loss=0.7368 train_acc=0.926 | val_loss=0.8472 val_acc=0.600
      ep13 train_loss=0.6950 train_acc=0.918 | val_loss=0.9036 val_acc=0.600
      ep14 train_loss=0.6766 train_acc=0.974 | val_loss=0.8681 val_acc=0.800
      ep15 train_loss=0.6638 train_acc=0.965 | val_loss=0.8354 val_acc=0.800
      ep16 train_loss=0.6805 train_acc=0.948 | val_loss=0.9701 val_acc=0.533
      ep17 train_loss=0.6506 train_acc=0.970 | val_loss=1.1259 val_acc=0.533
      ep18 train_loss=0.6444 train_acc=1.000 | val_loss=0.9861 val_acc=0.733
      ep19 train_loss=0.6815 train_acc=0.957 | val_loss=1.1055 val_acc=0.600
      ep20 train_loss=0.6228 train_acc=0.978 | val_loss=1.0790 val_acc=0.600
      ep21 train_loss=0.6623 train_acc=0.965 | val_loss=1.0163 val_acc=0.667
      ep22 train_loss=0.6472 train_acc=0.961 | val_loss=0.9824 val_acc=0.733
      ep23 train_loss=0.6458 train_acc=0.978 | val_loss=0.9573 val_acc=0.733
      ep24 train_loss=0.6472 train_acc=0.974 | val_loss=1.0505 val_acc=0.733
    fold acc=0.733 time=247.4s | running pooled acc=0.698

--- Fold 20/26 | test sub20 (11 test, 235 train) ---
      ep00 train_loss=1.5906 train_acc=0.357 | val_loss=1.5492 val_acc=0.273
      ep01 train_loss=1.2532 train_acc=0.545 | val_loss=1.3347 val_acc=0.364
      ep02 train_loss=1.0651 train_acc=0.617 | val_loss=1.2859 val_acc=0.364
      ep03 train_loss=0.9805 train_acc=0.672 | val_loss=1.1779 val_acc=0.636
      ep04 train_loss=0.9033 train_acc=0.774 | val_loss=1.1114 val_acc=0.545
      ep05 train_loss=0.9221 train_acc=0.757 | val_loss=1.3087 val_acc=0.364
      ep06 train_loss=0.8422 train_acc=0.834 | val_loss=1.1387 val_acc=0.545
      ep07 train_loss=0.7621 train_acc=0.855 | val_loss=0.8497 val_acc=0.636
      ep08 train_loss=0.7360 train_acc=0.872 | val_loss=0.8893 val_acc=0.727
      ep09 train_loss=0.7021 train_acc=0.923 | val_loss=0.8990 val_acc=0.455
      ep10 train_loss=0.6836 train_acc=0.932 | val_loss=0.7169 val_acc=0.909
      ep11 train_loss=0.7019 train_acc=0.911 | val_loss=0.8240 val_acc=0.636
      ep12 train_loss=0.6712 train_acc=0.928 | val_loss=0.9521 val_acc=0.455
      ep13 train_loss=0.7001 train_acc=0.902 | val_loss=1.1626 val_acc=0.455
      ep14 train_loss=0.6433 train_acc=0.945 | val_loss=0.8914 val_acc=0.545
      ep15 train_loss=0.6489 train_acc=0.940 | val_loss=1.0555 val_acc=0.636
      ep16 train_loss=0.6568 train_acc=0.940 | val_loss=1.4090 val_acc=0.545
      ep17 train_loss=0.6448 train_acc=0.966 | val_loss=1.2343 val_acc=0.636
      ep18 train_loss=0.6317 train_acc=0.966 | val_loss=1.1433 val_acc=0.636
      ep19 train_loss=0.6008 train_acc=0.953 | val_loss=1.0503 val_acc=0.636
      ep20 train_loss=0.6112 train_acc=0.970 | val_loss=1.0783 val_acc=0.636
      ep21 train_loss=0.6291 train_acc=0.953 | val_loss=1.0505 val_acc=0.636
      ep22 train_loss=0.6222 train_acc=0.953 | val_loss=0.9938 val_acc=0.636
      ep23 train_loss=0.5935 train_acc=0.974 | val_loss=1.1021 val_acc=0.545
      ep24 train_loss=0.6411 train_acc=0.953 | val_loss=1.1678 val_acc=0.545
    fold acc=0.545 time=236.5s | running pooled acc=0.690

--- Fold 21/26 | test sub21 (2 test, 244 train) ---
      ep00 train_loss=1.5982 train_acc=0.340 | val_loss=1.5326 val_acc=0.500
      ep01 train_loss=1.2446 train_acc=0.545 | val_loss=2.0658 val_acc=0.500
      ep02 train_loss=1.0462 train_acc=0.652 | val_loss=1.7105 val_acc=0.000
      ep03 train_loss=1.0175 train_acc=0.697 | val_loss=2.4668 val_acc=0.500
      ep04 train_loss=0.9700 train_acc=0.717 | val_loss=1.8802 val_acc=0.000
      ep05 train_loss=0.9014 train_acc=0.824 | val_loss=2.7024 val_acc=0.000
      ep06 train_loss=0.7915 train_acc=0.836 | val_loss=3.3418 val_acc=0.000
      ep07 train_loss=0.7672 train_acc=0.857 | val_loss=2.5067 val_acc=0.500
      ep08 train_loss=0.7851 train_acc=0.857 | val_loss=3.5516 val_acc=0.500
      ep09 train_loss=0.7222 train_acc=0.885 | val_loss=3.2699 val_acc=0.000
      ep10 train_loss=0.7393 train_acc=0.889 | val_loss=2.8228 val_acc=0.500
      ep11 train_loss=0.7225 train_acc=0.893 | val_loss=2.6240 val_acc=0.500
      ep12 train_loss=0.6642 train_acc=0.951 | val_loss=2.6427 val_acc=0.500
      ep13 train_loss=0.6433 train_acc=0.975 | val_loss=3.4006 val_acc=0.000
      ep14 train_loss=0.6666 train_acc=0.934 | val_loss=2.8182 val_acc=0.500
      ep15 train_loss=0.6699 train_acc=0.951 | val_loss=2.3851 val_acc=0.500
      ep16 train_loss=0.6185 train_acc=0.980 | val_loss=2.6246 val_acc=0.500
      ep17 train_loss=0.6605 train_acc=0.959 | val_loss=2.3507 val_acc=0.500
      ep18 train_loss=0.6408 train_acc=0.943 | val_loss=2.8367 val_acc=0.500
      ep19 train_loss=0.6032 train_acc=0.984 | val_loss=2.4364 val_acc=0.500
      ep20 train_loss=0.6278 train_acc=0.963 | val_loss=2.2922 val_acc=0.500
      ep21 train_loss=0.6354 train_acc=0.967 | val_loss=2.7689 val_acc=0.500
      ep22 train_loss=0.6307 train_acc=0.975 | val_loss=2.9426 val_acc=0.500
      ep23 train_loss=0.6391 train_acc=0.955 | val_loss=2.5045 val_acc=0.500
      ep24 train_loss=0.6084 train_acc=0.980 | val_loss=2.9742 val_acc=0.500
    fold acc=0.500 time=235.0s | running pooled acc=0.688

--- Fold 22/26 | test sub22 (2 test, 244 train) ---
      ep00 train_loss=1.6161 train_acc=0.348 | val_loss=0.1289 val_acc=1.000
      ep01 train_loss=1.2540 train_acc=0.541 | val_loss=0.0838 val_acc=1.000
      ep02 train_loss=1.0672 train_acc=0.660 | val_loss=0.1193 val_acc=1.000
      ep03 train_loss=1.0179 train_acc=0.709 | val_loss=0.0423 val_acc=1.000
      ep04 train_loss=0.9966 train_acc=0.721 | val_loss=0.0264 val_acc=1.000
      ep05 train_loss=0.9208 train_acc=0.787 | val_loss=0.0144 val_acc=1.000
      ep06 train_loss=0.8014 train_acc=0.824 | val_loss=0.1156 val_acc=1.000
      ep07 train_loss=0.7796 train_acc=0.852 | val_loss=0.0513 val_acc=1.000
      ep08 train_loss=0.7997 train_acc=0.840 | val_loss=0.0231 val_acc=1.000
      ep09 train_loss=0.7329 train_acc=0.873 | val_loss=0.0270 val_acc=1.000
      ep10 train_loss=0.7374 train_acc=0.902 | val_loss=0.0060 val_acc=1.000
      ep11 train_loss=0.7122 train_acc=0.914 | val_loss=0.0346 val_acc=1.000
      ep12 train_loss=0.6598 train_acc=0.959 | val_loss=0.0387 val_acc=1.000
      ep13 train_loss=0.6541 train_acc=0.955 | val_loss=0.0092 val_acc=1.000
      ep14 train_loss=0.6741 train_acc=0.947 | val_loss=0.0439 val_acc=1.000
      ep15 train_loss=0.6786 train_acc=0.926 | val_loss=0.0134 val_acc=1.000
      ep16 train_loss=0.6270 train_acc=0.971 | val_loss=0.0155 val_acc=1.000
      ep17 train_loss=0.6575 train_acc=0.967 | val_loss=0.0241 val_acc=1.000
      ep18 train_loss=0.6421 train_acc=0.943 | val_loss=0.0250 val_acc=1.000
      ep19 train_loss=0.6108 train_acc=0.988 | val_loss=0.0055 val_acc=1.000
      ep20 train_loss=0.6307 train_acc=0.980 | val_loss=0.0094 val_acc=1.000
      ep21 train_loss=0.6411 train_acc=0.959 | val_loss=0.0133 val_acc=1.000
      ep22 train_loss=0.6442 train_acc=0.971 | val_loss=0.0145 val_acc=1.000
      ep23 train_loss=0.6409 train_acc=0.955 | val_loss=0.0145 val_acc=1.000
      ep24 train_loss=0.6230 train_acc=0.971 | val_loss=0.0175 val_acc=1.000
    fold acc=1.000 time=243.0s | running pooled acc=0.691

--- Fold 23/26 | test sub23 (12 test, 234 train) ---
      ep00 train_loss=1.5901 train_acc=0.393 | val_loss=0.9203 val_acc=0.667
      ep01 train_loss=1.1543 train_acc=0.624 | val_loss=0.9206 val_acc=0.500
      ep02 train_loss=1.0882 train_acc=0.624 | val_loss=0.5491 val_acc=1.000
      ep03 train_loss=0.9951 train_acc=0.752 | val_loss=0.6370 val_acc=0.667
      ep04 train_loss=0.9200 train_acc=0.731 | val_loss=0.7934 val_acc=0.667
      ep05 train_loss=0.8651 train_acc=0.782 | val_loss=0.5308 val_acc=0.833
      ep06 train_loss=0.8243 train_acc=0.808 | val_loss=0.8557 val_acc=0.583
      ep07 train_loss=0.8192 train_acc=0.829 | val_loss=0.6579 val_acc=0.583
      ep08 train_loss=0.7721 train_acc=0.859 | val_loss=0.7195 val_acc=0.583
      ep09 train_loss=0.7636 train_acc=0.855 | val_loss=0.6149 val_acc=0.667
      ep10 train_loss=0.7100 train_acc=0.902 | val_loss=0.4070 val_acc=1.000
      ep11 train_loss=0.7255 train_acc=0.910 | val_loss=0.6673 val_acc=0.917
      ep12 train_loss=0.6746 train_acc=0.936 | val_loss=0.3851 val_acc=1.000
      ep13 train_loss=0.6438 train_acc=0.940 | val_loss=0.4884 val_acc=0.917
      ep14 train_loss=0.6574 train_acc=0.953 | val_loss=0.5059 val_acc=0.833
      ep15 train_loss=0.6551 train_acc=0.944 | val_loss=0.4149 val_acc=0.917
      ep16 train_loss=0.6365 train_acc=0.953 | val_loss=0.5150 val_acc=0.833
      ep17 train_loss=0.6659 train_acc=0.949 | val_loss=0.4393 val_acc=0.917
      ep18 train_loss=0.6152 train_acc=0.974 | val_loss=0.4036 val_acc=0.917
      ep19 train_loss=0.6491 train_acc=0.966 | val_loss=0.4211 val_acc=0.833
      ep20 train_loss=0.6369 train_acc=0.970 | val_loss=0.4299 val_acc=0.917
      ep21 train_loss=0.6381 train_acc=0.957 | val_loss=0.4536 val_acc=0.917
      ep22 train_loss=0.6463 train_acc=0.962 | val_loss=0.4374 val_acc=0.917
      ep23 train_loss=0.6190 train_acc=0.970 | val_loss=0.4542 val_acc=0.917
      ep24 train_loss=0.5986 train_acc=0.983 | val_loss=0.4693 val_acc=0.833
    fold acc=1.000 time=241.8s | running pooled acc=0.708

--- Fold 24/26 | test sub24 (7 test, 239 train) ---
      ep00 train_loss=1.5592 train_acc=0.372 | val_loss=1.2789 val_acc=0.429
      ep01 train_loss=1.1788 train_acc=0.569 | val_loss=1.2179 val_acc=0.429
      ep02 train_loss=1.0928 train_acc=0.665 | val_loss=0.9774 val_acc=0.714
      ep03 train_loss=1.0104 train_acc=0.690 | val_loss=1.1949 val_acc=0.429
      ep04 train_loss=0.8870 train_acc=0.787 | val_loss=1.0618 val_acc=0.714
      ep05 train_loss=0.7984 train_acc=0.824 | val_loss=1.1384 val_acc=0.571
      ep06 train_loss=0.8428 train_acc=0.787 | val_loss=0.9852 val_acc=0.571
      ep07 train_loss=0.7635 train_acc=0.900 | val_loss=1.4181 val_acc=0.429
      ep08 train_loss=0.7437 train_acc=0.916 | val_loss=1.0942 val_acc=0.571
      ep09 train_loss=0.7082 train_acc=0.916 | val_loss=1.2092 val_acc=0.571
      ep10 train_loss=0.7641 train_acc=0.883 | val_loss=1.4088 val_acc=0.571
      ep11 train_loss=0.7700 train_acc=0.874 | val_loss=1.2377 val_acc=0.429
      ep12 train_loss=0.6909 train_acc=0.941 | val_loss=1.2355 val_acc=0.571
      ep13 train_loss=0.6531 train_acc=0.958 | val_loss=1.2502 val_acc=0.571
      ep14 train_loss=0.6314 train_acc=0.950 | val_loss=1.2661 val_acc=0.429
      ep15 train_loss=0.6353 train_acc=0.954 | val_loss=1.2413 val_acc=0.571
      ep16 train_loss=0.6344 train_acc=0.967 | val_loss=1.1996 val_acc=0.571
      ep17 train_loss=0.6438 train_acc=0.954 | val_loss=1.1732 val_acc=0.571
      ep18 train_loss=0.6419 train_acc=0.958 | val_loss=1.2076 val_acc=0.571
      ep19 train_loss=0.6161 train_acc=0.975 | val_loss=1.1001 val_acc=0.714
      ep20 train_loss=0.6153 train_acc=0.962 | val_loss=1.2255 val_acc=0.571
      ep21 train_loss=0.5985 train_acc=0.979 | val_loss=1.2926 val_acc=0.571
      ep22 train_loss=0.5945 train_acc=0.971 | val_loss=1.2783 val_acc=0.571
      ep23 train_loss=0.6241 train_acc=0.958 | val_loss=1.2567 val_acc=0.571
      ep24 train_loss=0.6261 train_acc=0.962 | val_loss=1.2210 val_acc=0.571
    fold acc=0.714 time=242.4s | running pooled acc=0.709

--- Fold 25/26 | test sub25 (7 test, 239 train) ---
      ep00 train_loss=1.5642 train_acc=0.381 | val_loss=1.1601 val_acc=0.571
      ep01 train_loss=1.1880 train_acc=0.565 | val_loss=1.5743 val_acc=0.143
      ep02 train_loss=1.0951 train_acc=0.623 | val_loss=1.1805 val_acc=0.286
      ep03 train_loss=1.0024 train_acc=0.695 | val_loss=0.8821 val_acc=0.571
      ep04 train_loss=0.8845 train_acc=0.774 | val_loss=0.8719 val_acc=0.571
      ep05 train_loss=0.7954 train_acc=0.845 | val_loss=1.1343 val_acc=0.571
      ep06 train_loss=0.8192 train_acc=0.791 | val_loss=1.1677 val_acc=0.571
      ep07 train_loss=0.7617 train_acc=0.904 | val_loss=0.9381 val_acc=0.571
      ep08 train_loss=0.7387 train_acc=0.895 | val_loss=0.3411 val_acc=0.857
      ep09 train_loss=0.7138 train_acc=0.908 | val_loss=0.8287 val_acc=0.571
      ep10 train_loss=0.7452 train_acc=0.883 | val_loss=0.6942 val_acc=0.714
      ep11 train_loss=0.7828 train_acc=0.879 | val_loss=0.8819 val_acc=0.571
      ep12 train_loss=0.6879 train_acc=0.929 | val_loss=1.0800 val_acc=0.571
      ep13 train_loss=0.6549 train_acc=0.954 | val_loss=0.6868 val_acc=0.857
      ep14 train_loss=0.6374 train_acc=0.962 | val_loss=0.5848 val_acc=0.857
      ep15 train_loss=0.6464 train_acc=0.967 | val_loss=0.6753 val_acc=0.714
      ep16 train_loss=0.6361 train_acc=0.950 | val_loss=0.6566 val_acc=0.714
      ep17 train_loss=0.6476 train_acc=0.941 | val_loss=0.7512 val_acc=0.571
      ep18 train_loss=0.6445 train_acc=0.954 | val_loss=0.6847 val_acc=0.714
      ep19 train_loss=0.6110 train_acc=0.983 | val_loss=0.8137 val_acc=0.571
      ep20 train_loss=0.6279 train_acc=0.983 | val_loss=0.6967 val_acc=0.714
      ep21 train_loss=0.5976 train_acc=0.975 | val_loss=0.8643 val_acc=0.714
      ep22 train_loss=0.5933 train_acc=0.992 | val_loss=0.9168 val_acc=0.714
      ep23 train_loss=0.6388 train_acc=0.967 | val_loss=0.7696 val_acc=0.714
      ep24 train_loss=0.6526 train_acc=0.979 | val_loss=0.7470 val_acc=0.714
    fold acc=0.571 time=236.2s | running pooled acc=0.704

--- Fold 26/26 | test sub26 (16 test, 230 train) ---
      ep00 train_loss=1.6534 train_acc=0.339 | val_loss=1.1891 val_acc=0.438
      ep01 train_loss=1.1780 train_acc=0.622 | val_loss=1.3409 val_acc=0.562
      ep02 train_loss=1.0768 train_acc=0.635 | val_loss=1.6506 val_acc=0.375
      ep03 train_loss=1.0042 train_acc=0.691 | val_loss=1.1280 val_acc=0.562
      ep04 train_loss=1.0438 train_acc=0.704 | val_loss=1.2082 val_acc=0.438
      ep05 train_loss=0.9183 train_acc=0.743 | val_loss=1.2672 val_acc=0.562
      ep06 train_loss=0.8185 train_acc=0.822 | val_loss=1.8010 val_acc=0.312
      ep07 train_loss=0.8183 train_acc=0.835 | val_loss=1.7141 val_acc=0.188
      ep08 train_loss=0.7636 train_acc=0.852 | val_loss=1.0177 val_acc=0.562
      ep09 train_loss=0.7255 train_acc=0.874 | val_loss=1.9820 val_acc=0.312
      ep10 train_loss=0.7118 train_acc=0.909 | val_loss=1.4001 val_acc=0.375
      ep11 train_loss=0.6760 train_acc=0.939 | val_loss=1.6920 val_acc=0.188
      ep12 train_loss=0.6624 train_acc=0.930 | val_loss=1.5012 val_acc=0.500
      ep13 train_loss=0.6389 train_acc=0.939 | val_loss=1.7004 val_acc=0.312
      ep14 train_loss=0.6504 train_acc=0.935 | val_loss=1.6974 val_acc=0.375
      ep15 train_loss=0.6359 train_acc=0.965 | val_loss=1.8641 val_acc=0.312
      ep16 train_loss=0.6278 train_acc=0.961 | val_loss=1.5504 val_acc=0.375
      ep17 train_loss=0.6237 train_acc=0.970 | val_loss=1.6283 val_acc=0.438
      ep18 train_loss=0.6092 train_acc=0.965 | val_loss=1.4624 val_acc=0.312
      ep19 train_loss=0.6364 train_acc=0.948 | val_loss=1.4124 val_acc=0.438
      ep20 train_loss=0.6342 train_acc=0.961 | val_loss=1.3318 val_acc=0.500
      ep21 train_loss=0.6098 train_acc=0.961 | val_loss=1.6683 val_acc=0.250
      ep22 train_loss=0.6029 train_acc=0.974 | val_loss=1.5886 val_acc=0.312
      ep23 train_loss=0.6258 train_acc=0.957 | val_loss=1.5642 val_acc=0.438
      ep24 train_loss=0.5852 train_acc=0.965 | val_loss=1.4618 val_acc=0.438
    fold acc=0.375 time=238.6s | running pooled acc=0.683

=== FINAL (pooled LOSO) ===
UF1 = 0.7094
UAR = 0.7310
ACC = 0.6829
per-class F1: happiness=0.632, disgust=0.694, repression=0.643, surprise=0.941, others=0.638
per-class recall: happiness=0.750, disgust=0.683, repression=0.667, surprise=0.960, others=0.596
confusion matrix (rows=true):
        happin disgus repres surpri others
happine     24      1      0      1      6
disgust      3     43      1      0     16
repress      4      0     18      0      5
surpris      0      0      1     24      0
 others     13     17      9      1     59

saved to D:\AI-Projects\casmeII-new-from-sequence-model\experiments\iter_20_ema
elapsed 6091.9s
