HQ flow cached 10/246 elapsed=1143s
HQ flow cached 20/246 elapsed=2834s
HQ flow cached 30/246 elapsed=3880s
HQ flow cached 40/246 elapsed=4960s
HQ flow cached 50/246 elapsed=6437s
HQ flow cached 60/246 elapsed=7363s
HQ flow cached 70/246 elapsed=8412s
HQ flow cached 80/246 elapsed=10534s
HQ flow cached 90/246 elapsed=12424s
HQ flow cached 100/246 elapsed=14024s
HQ flow cached 110/246 elapsed=15637s
HQ flow cached 120/246 elapsed=16837s
HQ flow cached 130/246 elapsed=18057s
HQ flow cached 140/246 elapsed=19349s
HQ flow cached 150/246 elapsed=20798s
HQ flow cached 160/246 elapsed=21922s
HQ flow cached 170/246 elapsed=22950s
HQ flow cached 180/246 elapsed=23937s
HQ flow cached 190/246 elapsed=24664s
HQ flow cached 200/246 elapsed=25602s
HQ flow cached 210/246 elapsed=27999s
HQ flow cached 220/246 elapsed=28932s
HQ flow cached 230/246 elapsed=29707s
HQ flow cached 240/246 elapsed=30877s
{
  "base_size": 144,
  "flow_preset": "hq",
  "flow_stabilize": "euclidean",
  "flow_clahe": false,
  "cached_samples": 246,
  "errors": 0,
  "stabilization_failures": 0,
  "elapsed_sec": 31529.069754123688
}
