=== EXPERIMENT iter_39_r2plus1d_diff ===
time: 2026-07-20T20:17:02.540099
device: cuda (NVIDIA GeForce RTX 3060)
platform: Windows-10-10.0.26200-SP0 | torch 2.6.0+cu124
config:
{
  "seed": 42,
  "T": 16,
  "img_size": 128,
  "base_size": 128,
  "input_mode": "diff",
  "backbone": "r2plus1d_18",
  "pretrained": true,
  "dropout": 0.5,
  "epochs": 25,
  "lr": 0.0001,
  "weight_decay": 0.001,
  "batch_size": 6,
  "class_weighting": true,
  "label_smoothing": 0.1,
  "hflip": true,
  "color_jitter": 0.0,
  "temporal_jitter": true,
  "amp": true,
  "eval_last_k": 3,
  "tta": 5,
  "cache_dir": "cache/frames128",
  "index": "cache/index_emotion.csv",
  "class_names": [
    "happiness",
    "disgust",
    "repression",
    "surprise",
    "others"
  ],
  "name": "iter_39_r2plus1d_diff_res128",
  "modality": "rgb",
  "temporal_span": "onset_offset",
  "random_erase": 0.1
}
samples: 246 | classes: 5 ['happiness', 'disgust', 'repression', 'surprise', 'others']
loading arrays into RAM...
loaded 246 arrays

--- Fold 1/26 | test sub01 (9 test, 237 train) ---
      ep00 train_loss=1.7515 train_acc=0.283 | val_loss=1.9238 val_acc=0.111
      ep01 train_loss=1.4307 train_acc=0.414 | val_loss=1.2904 val_acc=0.556
      ep02 train_loss=1.3262 train_acc=0.527 | val_loss=1.3085 val_acc=0.444
      ep03 train_loss=1.1794 train_acc=0.570 | val_loss=1.0007 val_acc=0.444
      ep04 train_loss=1.1367 train_acc=0.586 | val_loss=0.9885 val_acc=0.556
      ep05 train_loss=1.0213 train_acc=0.696 | val_loss=0.9382 val_acc=0.556
      ep06 train_loss=1.1166 train_acc=0.671 | val_loss=0.9047 val_acc=0.778
      ep07 train_loss=1.0437 train_acc=0.662 | val_loss=0.8720 val_acc=0.778
      ep08 train_loss=1.0223 train_acc=0.705 | val_loss=0.9582 val_acc=0.667
      ep09 train_loss=0.9324 train_acc=0.755 | val_loss=1.2266 val_acc=0.556
      ep10 train_loss=0.9044 train_acc=0.772 | val_loss=0.9919 val_acc=0.556
      ep11 train_loss=0.8106 train_acc=0.827 | val_loss=0.9640 val_acc=0.556
      ep12 train_loss=0.8279 train_acc=0.793 | val_loss=0.9097 val_acc=0.556
      ep13 train_loss=0.8788 train_acc=0.789 | val_loss=0.8790 val_acc=0.667
      ep14 train_loss=0.7542 train_acc=0.865 | val_loss=0.7831 val_acc=0.556
      ep15 train_loss=0.7227 train_acc=0.886 | val_loss=0.6659 val_acc=0.667
      ep16 train_loss=0.7148 train_acc=0.920 | val_loss=0.7440 val_acc=0.778
      ep17 train_loss=0.7074 train_acc=0.899 | val_loss=0.7280 val_acc=0.778
      ep18 train_loss=0.7104 train_acc=0.907 | val_loss=0.8123 val_acc=0.556
      ep19 train_loss=0.6838 train_acc=0.941 | val_loss=0.8472 val_acc=0.556
      ep20 train_loss=0.6658 train_acc=0.928 | val_loss=0.7068 val_acc=0.556
      ep21 train_loss=0.6741 train_acc=0.937 | val_loss=0.7962 val_acc=0.556
      ep22 train_loss=0.6907 train_acc=0.928 | val_loss=0.7459 val_acc=0.556
      ep23 train_loss=0.6682 train_acc=0.937 | val_loss=0.7687 val_acc=0.556
      ep24 train_loss=0.6873 train_acc=0.932 | val_loss=0.7922 val_acc=0.556
    fold acc=0.667 time=337.2s | running pooled acc=0.667

--- Fold 2/26 | test sub02 (13 test, 233 train) ---
      ep00 train_loss=1.7936 train_acc=0.330 | val_loss=1.7845 val_acc=0.231
      ep01 train_loss=1.5628 train_acc=0.313 | val_loss=1.2506 val_acc=0.538
      ep02 train_loss=1.3681 train_acc=0.511 | val_loss=1.3453 val_acc=0.538
      ep03 train_loss=1.2519 train_acc=0.571 | val_loss=1.3828 val_acc=0.538
      ep04 train_loss=1.2178 train_acc=0.562 | val_loss=1.4625 val_acc=0.615
      ep05 train_loss=1.0778 train_acc=0.648 | val_loss=1.1130 val_acc=0.538
      ep06 train_loss=1.0814 train_acc=0.639 | val_loss=2.9210 val_acc=0.308
      ep07 train_loss=0.9440 train_acc=0.734 | val_loss=2.2302 val_acc=0.308
      ep08 train_loss=0.9714 train_acc=0.764 | val_loss=1.4633 val_acc=0.615
      ep09 train_loss=0.9588 train_acc=0.747 | val_loss=1.8102 val_acc=0.538
      ep10 train_loss=0.8895 train_acc=0.725 | val_loss=2.3328 val_acc=0.385
      ep11 train_loss=0.8173 train_acc=0.845 | val_loss=1.8921 val_acc=0.385
      ep12 train_loss=0.9000 train_acc=0.807 | val_loss=1.6250 val_acc=0.538
      ep13 train_loss=0.8493 train_acc=0.833 | val_loss=2.1620 val_acc=0.385
      ep14 train_loss=0.7712 train_acc=0.888 | val_loss=1.7009 val_acc=0.538
      ep15 train_loss=0.7989 train_acc=0.850 | val_loss=1.7220 val_acc=0.462
      ep16 train_loss=0.7849 train_acc=0.876 | val_loss=2.0340 val_acc=0.615
      ep17 train_loss=0.7603 train_acc=0.897 | val_loss=1.5683 val_acc=0.615
      ep18 train_loss=0.7453 train_acc=0.918 | val_loss=1.9472 val_acc=0.462
      ep19 train_loss=0.8352 train_acc=0.880 | val_loss=1.8108 val_acc=0.615
      ep20 train_loss=0.7451 train_acc=0.914 | val_loss=1.6323 val_acc=0.692
      ep21 train_loss=0.7349 train_acc=0.901 | val_loss=1.6606 val_acc=0.615
      ep22 train_loss=0.6835 train_acc=0.944 | val_loss=1.8231 val_acc=0.615
      ep23 train_loss=0.7305 train_acc=0.910 | val_loss=1.7638 val_acc=0.615
      ep24 train_loss=0.6954 train_acc=0.944 | val_loss=1.7952 val_acc=0.615
    fold acc=0.615 time=334.9s | running pooled acc=0.636

--- Fold 3/26 | test sub03 (7 test, 239 train) ---
      ep00 train_loss=1.8525 train_acc=0.264 | val_loss=1.2826 val_acc=0.571
      ep01 train_loss=1.6288 train_acc=0.351 | val_loss=1.6777 val_acc=0.143
      ep02 train_loss=1.3502 train_acc=0.460 | val_loss=1.5953 val_acc=0.429
      ep03 train_loss=1.2450 train_acc=0.561 | val_loss=1.4815 val_acc=0.429
      ep04 train_loss=1.2308 train_acc=0.565 | val_loss=1.3139 val_acc=0.429
      ep05 train_loss=1.1807 train_acc=0.640 | val_loss=1.7087 val_acc=0.286
      ep06 train_loss=1.0393 train_acc=0.665 | val_loss=1.3011 val_acc=0.571
      ep07 train_loss=1.0241 train_acc=0.695 | val_loss=0.9408 val_acc=0.429
      ep08 train_loss=0.9144 train_acc=0.774 | val_loss=1.1163 val_acc=0.571
      ep09 train_loss=0.8785 train_acc=0.749 | val_loss=1.1168 val_acc=0.286
      ep10 train_loss=0.8707 train_acc=0.782 | val_loss=1.1033 val_acc=0.286
      ep11 train_loss=0.8331 train_acc=0.812 | val_loss=1.4583 val_acc=0.429
      ep12 train_loss=0.8342 train_acc=0.816 | val_loss=1.3312 val_acc=0.571
      ep13 train_loss=0.7596 train_acc=0.866 | val_loss=1.3513 val_acc=0.571
      ep14 train_loss=0.7745 train_acc=0.874 | val_loss=1.1273 val_acc=0.429
      ep15 train_loss=0.7417 train_acc=0.891 | val_loss=1.4556 val_acc=0.571
      ep16 train_loss=0.7347 train_acc=0.904 | val_loss=1.1545 val_acc=0.571
      ep17 train_loss=0.7628 train_acc=0.854 | val_loss=1.4392 val_acc=0.429
      ep18 train_loss=0.7289 train_acc=0.904 | val_loss=1.0448 val_acc=0.571
      ep19 train_loss=0.7152 train_acc=0.916 | val_loss=1.1705 val_acc=0.429
      ep20 train_loss=0.7005 train_acc=0.921 | val_loss=1.3583 val_acc=0.571
      ep21 train_loss=0.7013 train_acc=0.908 | val_loss=1.2136 val_acc=0.571
      ep22 train_loss=0.6780 train_acc=0.925 | val_loss=1.1835 val_acc=0.571
      ep23 train_loss=0.6671 train_acc=0.925 | val_loss=1.3236 val_acc=0.429
      ep24 train_loss=0.6574 train_acc=0.954 | val_loss=1.2205 val_acc=0.571
    fold acc=0.571 time=336.9s | running pooled acc=0.621

--- Fold 4/26 | test sub04 (5 test, 241 train) ---
      ep00 train_loss=1.8546 train_acc=0.253 | val_loss=1.2285 val_acc=0.200
      ep01 train_loss=1.5130 train_acc=0.432 | val_loss=1.1826 val_acc=0.600
      ep02 train_loss=1.4155 train_acc=0.423 | val_loss=0.9404 val_acc=0.600
      ep03 train_loss=1.2519 train_acc=0.498 | val_loss=1.4792 val_acc=0.600
      ep04 train_loss=1.2254 train_acc=0.498 | val_loss=0.8758 val_acc=0.800
      ep05 train_loss=1.1054 train_acc=0.606 | val_loss=1.0060 val_acc=0.600
      ep06 train_loss=1.0165 train_acc=0.689 | val_loss=0.9152 val_acc=0.600
      ep07 train_loss=0.9911 train_acc=0.722 | val_loss=0.8725 val_acc=0.600
      ep08 train_loss=0.9650 train_acc=0.722 | val_loss=0.8599 val_acc=0.600
      ep09 train_loss=0.9640 train_acc=0.751 | val_loss=0.7836 val_acc=0.600
      ep10 train_loss=0.8839 train_acc=0.768 | val_loss=1.0271 val_acc=0.600
      ep11 train_loss=0.9185 train_acc=0.768 | val_loss=0.8563 val_acc=0.800
      ep12 train_loss=0.8352 train_acc=0.830 | val_loss=0.5461 val_acc=0.800
      ep13 train_loss=0.7564 train_acc=0.867 | val_loss=0.6225 val_acc=0.800
      ep14 train_loss=0.7657 train_acc=0.855 | val_loss=0.9582 val_acc=0.800
      ep15 train_loss=0.7453 train_acc=0.876 | val_loss=0.8553 val_acc=0.800
      ep16 train_loss=0.7137 train_acc=0.905 | val_loss=1.0873 val_acc=0.400
      ep17 train_loss=0.7471 train_acc=0.900 | val_loss=0.7765 val_acc=0.800
      ep18 train_loss=0.6682 train_acc=0.942 | val_loss=1.0825 val_acc=0.600
      ep19 train_loss=0.7006 train_acc=0.921 | val_loss=0.9717 val_acc=0.800
      ep20 train_loss=0.7054 train_acc=0.896 | val_loss=1.4951 val_acc=0.600
      ep21 train_loss=0.7492 train_acc=0.892 | val_loss=1.1357 val_acc=0.600
      ep22 train_loss=0.7032 train_acc=0.913 | val_loss=1.3430 val_acc=0.600
      ep23 train_loss=0.6657 train_acc=0.934 | val_loss=0.9559 val_acc=0.800
      ep24 train_loss=0.6803 train_acc=0.929 | val_loss=1.0070 val_acc=0.800
    fold acc=0.600 time=333.6s | running pooled acc=0.618

--- Fold 5/26 | test sub05 (19 test, 227 train) ---
      ep00 train_loss=1.7951 train_acc=0.286 | val_loss=1.7764 val_acc=0.053
      ep01 train_loss=1.5631 train_acc=0.317 | val_loss=1.5345 val_acc=0.211
      ep02 train_loss=1.3865 train_acc=0.441 | val_loss=1.2577 val_acc=0.474
      ep03 train_loss=1.2200 train_acc=0.542 | val_loss=1.6200 val_acc=0.316
      ep04 train_loss=1.2751 train_acc=0.511 | val_loss=1.3509 val_acc=0.316
      ep05 train_loss=1.1280 train_acc=0.590 | val_loss=2.1385 val_acc=0.316
      ep06 train_loss=0.9968 train_acc=0.700 | val_loss=1.6933 val_acc=0.368
      ep07 train_loss=1.0926 train_acc=0.661 | val_loss=1.8655 val_acc=0.263
      ep08 train_loss=0.9537 train_acc=0.740 | val_loss=1.6283 val_acc=0.368
      ep09 train_loss=0.8275 train_acc=0.806 | val_loss=1.6834 val_acc=0.474
      ep10 train_loss=0.9109 train_acc=0.775 | val_loss=1.9010 val_acc=0.263
      ep11 train_loss=0.8412 train_acc=0.815 | val_loss=1.2791 val_acc=0.579
      ep12 train_loss=0.7836 train_acc=0.885 | val_loss=1.8747 val_acc=0.421
      ep13 train_loss=0.7708 train_acc=0.859 | val_loss=1.7834 val_acc=0.368
      ep14 train_loss=0.7490 train_acc=0.890 | val_loss=1.7142 val_acc=0.474
      ep15 train_loss=0.7240 train_acc=0.894 | val_loss=1.7072 val_acc=0.474
      ep16 train_loss=0.7334 train_acc=0.872 | val_loss=1.7611 val_acc=0.474
      ep17 train_loss=0.7250 train_acc=0.907 | val_loss=1.8356 val_acc=0.474
      ep18 train_loss=0.7270 train_acc=0.903 | val_loss=1.6443 val_acc=0.526
      ep19 train_loss=0.7163 train_acc=0.934 | val_loss=1.7564 val_acc=0.421
      ep20 train_loss=0.6846 train_acc=0.930 | val_loss=1.8232 val_acc=0.421
      ep21 train_loss=0.7128 train_acc=0.916 | val_loss=1.6371 val_acc=0.474
      ep22 train_loss=0.7018 train_acc=0.943 | val_loss=1.6907 val_acc=0.421
      ep23 train_loss=0.6846 train_acc=0.952 | val_loss=1.7041 val_acc=0.421
      ep24 train_loss=0.6953 train_acc=0.916 | val_loss=1.7420 val_acc=0.474
    fold acc=0.421 time=330.0s | running pooled acc=0.547

--- Fold 6/26 | test sub06 (5 test, 241 train) ---
      ep00 train_loss=1.8540 train_acc=0.249 | val_loss=1.5270 val_acc=0.400
      ep01 train_loss=1.6039 train_acc=0.357 | val_loss=1.5269 val_acc=0.000
      ep02 train_loss=1.4849 train_acc=0.386 | val_loss=0.6288 val_acc=0.600
      ep03 train_loss=1.3418 train_acc=0.481 | val_loss=1.1556 val_acc=0.400
      ep04 train_loss=1.2696 train_acc=0.523 | val_loss=1.2288 val_acc=0.600
      ep05 train_loss=1.1482 train_acc=0.606 | val_loss=0.8596 val_acc=0.600
      ep06 train_loss=1.0820 train_acc=0.697 | val_loss=0.7899 val_acc=0.600
      ep07 train_loss=1.0563 train_acc=0.660 | val_loss=0.6769 val_acc=0.400
      ep08 train_loss=1.0741 train_acc=0.668 | val_loss=0.7275 val_acc=0.600
      ep09 train_loss=0.9657 train_acc=0.755 | val_loss=0.7342 val_acc=0.600
      ep10 train_loss=0.9380 train_acc=0.772 | val_loss=0.8111 val_acc=0.600
      ep11 train_loss=0.9276 train_acc=0.763 | val_loss=0.8590 val_acc=0.400
      ep12 train_loss=0.8394 train_acc=0.817 | val_loss=1.0950 val_acc=0.400
      ep13 train_loss=0.7935 train_acc=0.830 | val_loss=1.0674 val_acc=0.400
      ep14 train_loss=0.8110 train_acc=0.830 | val_loss=1.0299 val_acc=0.400
      ep15 train_loss=0.7752 train_acc=0.871 | val_loss=0.8871 val_acc=0.600
      ep16 train_loss=0.7542 train_acc=0.855 | val_loss=1.1218 val_acc=0.400
      ep17 train_loss=0.7503 train_acc=0.888 | val_loss=1.3553 val_acc=0.400
      ep18 train_loss=0.6922 train_acc=0.934 | val_loss=1.2779 val_acc=0.400
      ep19 train_loss=0.7088 train_acc=0.900 | val_loss=1.2894 val_acc=0.400
      ep20 train_loss=0.7316 train_acc=0.892 | val_loss=1.1887 val_acc=0.400
      ep21 train_loss=0.7690 train_acc=0.867 | val_loss=1.1033 val_acc=0.400
      ep22 train_loss=0.7222 train_acc=0.905 | val_loss=1.2306 val_acc=0.400
      ep23 train_loss=0.7293 train_acc=0.917 | val_loss=1.2923 val_acc=0.400
      ep24 train_loss=0.6968 train_acc=0.925 | val_loss=1.2117 val_acc=0.400
    fold acc=0.400 time=397.8s | running pooled acc=0.534

--- Fold 7/26 | test sub07 (9 test, 237 train) ---
      ep00 train_loss=1.7828 train_acc=0.283 | val_loss=1.4975 val_acc=0.111
      ep01 train_loss=1.4351 train_acc=0.426 | val_loss=1.3322 val_acc=0.444
      ep02 train_loss=1.3076 train_acc=0.430 | val_loss=1.5145 val_acc=0.222
      ep03 train_loss=1.2462 train_acc=0.549 | val_loss=1.1362 val_acc=0.556
      ep04 train_loss=1.1532 train_acc=0.561 | val_loss=1.3434 val_acc=0.444
      ep05 train_loss=0.9871 train_acc=0.709 | val_loss=1.4526 val_acc=0.333
      ep06 train_loss=1.0399 train_acc=0.700 | val_loss=1.5784 val_acc=0.000
      ep07 train_loss=1.0423 train_acc=0.684 | val_loss=1.2973 val_acc=0.444
      ep08 train_loss=0.9832 train_acc=0.705 | val_loss=1.3164 val_acc=0.222
      ep09 train_loss=1.0185 train_acc=0.713 | val_loss=1.8878 val_acc=0.444
      ep10 train_loss=0.8913 train_acc=0.793 | val_loss=1.0240 val_acc=0.667
      ep11 train_loss=0.8088 train_acc=0.823 | val_loss=1.3894 val_acc=0.444
      ep12 train_loss=0.7636 train_acc=0.844 | val_loss=1.4469 val_acc=0.444
      ep13 train_loss=0.7789 train_acc=0.840 | val_loss=1.6689 val_acc=0.333
      ep14 train_loss=0.7708 train_acc=0.861 | val_loss=1.2331 val_acc=0.333
      ep15 train_loss=0.7172 train_acc=0.899 | val_loss=1.0012 val_acc=0.556
      ep16 train_loss=0.7150 train_acc=0.928 | val_loss=1.1121 val_acc=0.444
      ep17 train_loss=0.7072 train_acc=0.924 | val_loss=1.3321 val_acc=0.444
      ep18 train_loss=0.7037 train_acc=0.890 | val_loss=1.2134 val_acc=0.556
      ep19 train_loss=0.6837 train_acc=0.924 | val_loss=1.0636 val_acc=0.667
      ep20 train_loss=0.6416 train_acc=0.937 | val_loss=1.1839 val_acc=0.444
      ep21 train_loss=0.6744 train_acc=0.932 | val_loss=1.2065 val_acc=0.444
      ep22 train_loss=0.6401 train_acc=0.949 | val_loss=1.2176 val_acc=0.444
      ep23 train_loss=0.6488 train_acc=0.958 | val_loss=1.2494 val_acc=0.444
      ep24 train_loss=0.6751 train_acc=0.924 | val_loss=1.2766 val_acc=0.444
    fold acc=0.556 time=434.9s | running pooled acc=0.537

--- Fold 8/26 | test sub08 (3 test, 243 train) ---
      ep00 train_loss=1.8434 train_acc=0.296 | val_loss=2.6758 val_acc=0.000
      ep01 train_loss=1.5179 train_acc=0.350 | val_loss=2.4381 val_acc=0.000
      ep02 train_loss=1.3404 train_acc=0.440 | val_loss=2.1309 val_acc=0.000
      ep03 train_loss=1.2912 train_acc=0.539 | val_loss=1.2100 val_acc=0.333
      ep04 train_loss=1.2251 train_acc=0.588 | val_loss=1.5166 val_acc=0.333
      ep05 train_loss=1.1830 train_acc=0.617 | val_loss=1.1088 val_acc=0.333
      ep06 train_loss=1.0691 train_acc=0.658 | val_loss=2.3337 val_acc=0.000
      ep07 train_loss=1.1149 train_acc=0.626 | val_loss=2.8307 val_acc=0.000
      ep08 train_loss=0.9198 train_acc=0.749 | val_loss=1.9761 val_acc=0.000
      ep09 train_loss=0.9019 train_acc=0.753 | val_loss=2.7889 val_acc=0.000
      ep10 train_loss=0.8713 train_acc=0.774 | val_loss=2.6982 val_acc=0.000
      ep11 train_loss=0.8709 train_acc=0.802 | val_loss=1.6926 val_acc=0.000
      ep12 train_loss=0.8797 train_acc=0.794 | val_loss=1.4972 val_acc=0.333
      ep13 train_loss=0.8331 train_acc=0.852 | val_loss=1.8850 val_acc=0.000
      ep14 train_loss=0.7337 train_acc=0.893 | val_loss=2.0380 val_acc=0.000
      ep15 train_loss=0.7775 train_acc=0.856 | val_loss=1.9845 val_acc=0.000
      ep16 train_loss=0.7676 train_acc=0.864 | val_loss=2.3661 val_acc=0.000
      ep17 train_loss=0.7129 train_acc=0.930 | val_loss=1.5407 val_acc=0.000
      ep18 train_loss=0.7109 train_acc=0.922 | val_loss=1.6015 val_acc=0.000
      ep19 train_loss=0.7043 train_acc=0.926 | val_loss=2.0601 val_acc=0.000
      ep20 train_loss=0.6911 train_acc=0.914 | val_loss=1.8801 val_acc=0.000
      ep21 train_loss=0.6884 train_acc=0.926 | val_loss=1.7311 val_acc=0.000
      ep22 train_loss=0.6473 train_acc=0.959 | val_loss=1.6607 val_acc=0.000
      ep23 train_loss=0.7054 train_acc=0.918 | val_loss=1.7815 val_acc=0.000
      ep24 train_loss=0.7335 train_acc=0.914 | val_loss=1.8134 val_acc=0.000
    fold acc=0.333 time=414.2s | running pooled acc=0.529

--- Fold 9/26 | test sub09 (13 test, 233 train) ---
      ep00 train_loss=1.8377 train_acc=0.296 | val_loss=1.7663 val_acc=0.154
      ep01 train_loss=1.6119 train_acc=0.330 | val_loss=1.4551 val_acc=0.308
      ep02 train_loss=1.4574 train_acc=0.425 | val_loss=1.5066 val_acc=0.308
      ep03 train_loss=1.2978 train_acc=0.472 | val_loss=1.4502 val_acc=0.462
      ep04 train_loss=1.2786 train_acc=0.545 | val_loss=1.2107 val_acc=0.308
      ep05 train_loss=1.0840 train_acc=0.622 | val_loss=1.2354 val_acc=0.462
      ep06 train_loss=1.1570 train_acc=0.670 | val_loss=1.0282 val_acc=0.538
      ep07 train_loss=1.0019 train_acc=0.730 | val_loss=1.8905 val_acc=0.308
      ep08 train_loss=0.9938 train_acc=0.708 | val_loss=2.3808 val_acc=0.615
      ep09 train_loss=0.9978 train_acc=0.721 | val_loss=1.0728 val_acc=0.615
      ep10 train_loss=0.9455 train_acc=0.760 | val_loss=1.4564 val_acc=0.538
      ep11 train_loss=0.8854 train_acc=0.811 | val_loss=1.1782 val_acc=0.615
      ep12 train_loss=0.8660 train_acc=0.833 | val_loss=1.5088 val_acc=0.538
      ep13 train_loss=0.8956 train_acc=0.790 | val_loss=1.4409 val_acc=0.385
      ep14 train_loss=0.7998 train_acc=0.863 | val_loss=1.1460 val_acc=0.538
      ep15 train_loss=0.7977 train_acc=0.837 | val_loss=1.2300 val_acc=0.538
      ep16 train_loss=0.7846 train_acc=0.884 | val_loss=1.4164 val_acc=0.385
      ep17 train_loss=0.7464 train_acc=0.901 | val_loss=1.2235 val_acc=0.538
      ep18 train_loss=0.7565 train_acc=0.901 | val_loss=1.2432 val_acc=0.462
      ep19 train_loss=0.7685 train_acc=0.910 | val_loss=1.2592 val_acc=0.462
      ep20 train_loss=0.7142 train_acc=0.927 | val_loss=1.2026 val_acc=0.462
      ep21 train_loss=0.7722 train_acc=0.893 | val_loss=1.3484 val_acc=0.462
      ep22 train_loss=0.6720 train_acc=0.948 | val_loss=1.2640 val_acc=0.615
      ep23 train_loss=0.7629 train_acc=0.918 | val_loss=1.2024 val_acc=0.615
      ep24 train_loss=0.6937 train_acc=0.948 | val_loss=1.2825 val_acc=0.538
    fold acc=0.615 time=407.6s | running pooled acc=0.542

--- Fold 10/26 | test sub10 (13 test, 233 train) ---
      ep00 train_loss=1.8071 train_acc=0.313 | val_loss=1.3325 val_acc=0.385
      ep01 train_loss=1.5798 train_acc=0.335 | val_loss=1.4849 val_acc=0.308
      ep02 train_loss=1.3573 train_acc=0.451 | val_loss=1.9093 val_acc=0.231
      ep03 train_loss=1.2283 train_acc=0.532 | val_loss=1.0372 val_acc=0.846
      ep04 train_loss=1.2340 train_acc=0.524 | val_loss=0.9459 val_acc=0.692
      ep05 train_loss=1.0690 train_acc=0.605 | val_loss=1.2345 val_acc=0.538
      ep06 train_loss=1.1182 train_acc=0.614 | val_loss=0.8666 val_acc=0.692
      ep07 train_loss=0.9863 train_acc=0.730 | val_loss=1.3680 val_acc=0.231
      ep08 train_loss=0.9533 train_acc=0.721 | val_loss=1.2122 val_acc=0.308
      ep09 train_loss=0.9872 train_acc=0.725 | val_loss=0.7646 val_acc=0.846
      ep10 train_loss=0.9171 train_acc=0.768 | val_loss=0.7880 val_acc=0.769
      ep11 train_loss=0.8822 train_acc=0.803 | val_loss=0.6821 val_acc=0.769
      ep12 train_loss=0.8215 train_acc=0.850 | val_loss=0.7428 val_acc=0.692
      ep13 train_loss=0.8260 train_acc=0.815 | val_loss=1.2188 val_acc=0.538
      ep14 train_loss=0.7241 train_acc=0.871 | val_loss=0.9816 val_acc=0.692
      ep15 train_loss=0.7408 train_acc=0.884 | val_loss=0.7294 val_acc=0.769
      ep16 train_loss=0.7455 train_acc=0.897 | val_loss=0.7151 val_acc=0.769
      ep17 train_loss=0.7051 train_acc=0.906 | val_loss=0.7375 val_acc=0.769
      ep18 train_loss=0.7032 train_acc=0.906 | val_loss=0.9811 val_acc=0.692
      ep19 train_loss=0.7374 train_acc=0.901 | val_loss=0.7677 val_acc=0.692
      ep20 train_loss=0.6807 train_acc=0.923 | val_loss=0.7730 val_acc=0.692
      ep21 train_loss=0.6860 train_acc=0.906 | val_loss=0.9695 val_acc=0.692
      ep22 train_loss=0.6226 train_acc=0.948 | val_loss=0.7585 val_acc=0.692
      ep23 train_loss=0.7303 train_acc=0.927 | val_loss=0.7019 val_acc=0.692
      ep24 train_loss=0.6511 train_acc=0.961 | val_loss=0.9082 val_acc=0.692
    fold acc=0.769 time=383.1s | running pooled acc=0.573

--- Fold 11/26 | test sub11 (10 test, 236 train) ---
      ep00 train_loss=1.8168 train_acc=0.242 | val_loss=1.1085 val_acc=0.700
      ep01 train_loss=1.5814 train_acc=0.339 | val_loss=1.2008 val_acc=0.400
      ep02 train_loss=1.3622 train_acc=0.466 | val_loss=1.0835 val_acc=0.700
      ep03 train_loss=1.2979 train_acc=0.525 | val_loss=1.2926 val_acc=0.300
      ep04 train_loss=1.1944 train_acc=0.559 | val_loss=1.3470 val_acc=0.400
      ep05 train_loss=1.0612 train_acc=0.661 | val_loss=0.8088 val_acc=0.600
      ep06 train_loss=1.0274 train_acc=0.644 | val_loss=1.2177 val_acc=0.400
      ep07 train_loss=1.0500 train_acc=0.703 | val_loss=0.8845 val_acc=0.500
      ep08 train_loss=0.9718 train_acc=0.720 | val_loss=0.7209 val_acc=0.600
      ep09 train_loss=0.9659 train_acc=0.703 | val_loss=0.7802 val_acc=0.700
      ep10 train_loss=0.8972 train_acc=0.763 | val_loss=0.9118 val_acc=0.500
      ep11 train_loss=0.8562 train_acc=0.814 | val_loss=0.9308 val_acc=0.500
      ep12 train_loss=0.7539 train_acc=0.881 | val_loss=0.8224 val_acc=0.500
      ep13 train_loss=0.8259 train_acc=0.847 | val_loss=0.9251 val_acc=0.600
      ep14 train_loss=0.7748 train_acc=0.856 | val_loss=0.8609 val_acc=0.500
      ep15 train_loss=0.7400 train_acc=0.886 | val_loss=1.1652 val_acc=0.500
      ep16 train_loss=0.7264 train_acc=0.911 | val_loss=1.0822 val_acc=0.500
      ep17 train_loss=0.7218 train_acc=0.881 | val_loss=1.0967 val_acc=0.500
      ep18 train_loss=0.6601 train_acc=0.953 | val_loss=0.8684 val_acc=0.500
      ep19 train_loss=0.6890 train_acc=0.928 | val_loss=1.1502 val_acc=0.500
      ep20 train_loss=0.7258 train_acc=0.903 | val_loss=1.0164 val_acc=0.500
      ep21 train_loss=0.6603 train_acc=0.932 | val_loss=0.8582 val_acc=0.500
      ep22 train_loss=0.6291 train_acc=0.941 | val_loss=0.8232 val_acc=0.600
      ep23 train_loss=0.6626 train_acc=0.936 | val_loss=0.8977 val_acc=0.500
      ep24 train_loss=0.6714 train_acc=0.919 | val_loss=0.9009 val_acc=0.500
    fold acc=0.600 time=333.0s | running pooled acc=0.575

--- Fold 12/26 | test sub12 (12 test, 234 train) ---
      ep00 train_loss=1.8269 train_acc=0.274 | val_loss=1.2950 val_acc=0.417
      ep01 train_loss=1.5544 train_acc=0.329 | val_loss=1.4308 val_acc=0.250
      ep02 train_loss=1.4091 train_acc=0.436 | val_loss=1.3378 val_acc=0.500
      ep03 train_loss=1.2367 train_acc=0.521 | val_loss=1.1824 val_acc=0.583
      ep04 train_loss=1.1379 train_acc=0.603 | val_loss=0.9311 val_acc=0.583
      ep05 train_loss=1.1609 train_acc=0.607 | val_loss=1.0983 val_acc=0.417
      ep06 train_loss=1.0507 train_acc=0.679 | val_loss=0.8421 val_acc=0.500
      ep07 train_loss=1.0232 train_acc=0.692 | val_loss=1.6728 val_acc=0.417
      ep08 train_loss=1.0514 train_acc=0.671 | val_loss=0.9053 val_acc=0.417
      ep09 train_loss=0.8871 train_acc=0.769 | val_loss=0.9873 val_acc=0.417
      ep10 train_loss=0.9027 train_acc=0.756 | val_loss=1.0637 val_acc=0.583
      ep11 train_loss=0.8931 train_acc=0.786 | val_loss=0.9939 val_acc=0.583
      ep12 train_loss=0.8534 train_acc=0.833 | val_loss=0.8690 val_acc=0.500
      ep13 train_loss=0.8019 train_acc=0.846 | val_loss=1.0249 val_acc=0.333
      ep14 train_loss=0.8006 train_acc=0.863 | val_loss=0.9781 val_acc=0.500
      ep15 train_loss=0.7246 train_acc=0.902 | val_loss=0.7819 val_acc=0.583
      ep16 train_loss=0.7172 train_acc=0.906 | val_loss=0.8619 val_acc=0.583
      ep17 train_loss=0.7895 train_acc=0.880 | val_loss=0.9633 val_acc=0.583
      ep18 train_loss=0.7243 train_acc=0.910 | val_loss=0.9830 val_acc=0.500
      ep19 train_loss=0.7391 train_acc=0.923 | val_loss=0.8753 val_acc=0.500
      ep20 train_loss=0.6890 train_acc=0.906 | val_loss=0.7784 val_acc=0.667
      ep21 train_loss=0.6824 train_acc=0.932 | val_loss=0.8088 val_acc=0.667
      ep22 train_loss=0.6637 train_acc=0.936 | val_loss=0.8220 val_acc=0.667
      ep23 train_loss=0.7332 train_acc=0.940 | val_loss=0.7835 val_acc=0.667
      ep24 train_loss=0.6736 train_acc=0.932 | val_loss=0.8436 val_acc=0.750
    fold acc=0.750 time=356.8s | running pooled acc=0.593

--- Fold 13/26 | test sub13 (8 test, 238 train) ---
      ep00 train_loss=1.8153 train_acc=0.269 | val_loss=1.8760 val_acc=0.000
      ep01 train_loss=1.4509 train_acc=0.433 | val_loss=1.5778 val_acc=0.250
      ep02 train_loss=1.3271 train_acc=0.483 | val_loss=1.6713 val_acc=0.000
      ep03 train_loss=1.2421 train_acc=0.534 | val_loss=1.7166 val_acc=0.250
      ep04 train_loss=1.1484 train_acc=0.618 | val_loss=1.1422 val_acc=0.875
      ep05 train_loss=1.0763 train_acc=0.630 | val_loss=0.7820 val_acc=0.875
      ep06 train_loss=1.0864 train_acc=0.643 | val_loss=1.2048 val_acc=0.375
      ep07 train_loss=1.0341 train_acc=0.697 | val_loss=1.2628 val_acc=0.375
      ep08 train_loss=0.9752 train_acc=0.723 | val_loss=1.2337 val_acc=0.500
      ep09 train_loss=0.9309 train_acc=0.714 | val_loss=1.0332 val_acc=0.500
      ep10 train_loss=0.8546 train_acc=0.777 | val_loss=1.1723 val_acc=0.500
      ep11 train_loss=0.8551 train_acc=0.819 | val_loss=0.9786 val_acc=0.500
      ep12 train_loss=0.7925 train_acc=0.824 | val_loss=1.0452 val_acc=0.500
      ep13 train_loss=0.7746 train_acc=0.899 | val_loss=1.5385 val_acc=0.250
      ep14 train_loss=0.7839 train_acc=0.882 | val_loss=1.3903 val_acc=0.250
      ep15 train_loss=0.7393 train_acc=0.878 | val_loss=1.2151 val_acc=0.375
      ep16 train_loss=0.7191 train_acc=0.895 | val_loss=1.0237 val_acc=0.625
      ep17 train_loss=0.7010 train_acc=0.903 | val_loss=1.1104 val_acc=0.375
      ep18 train_loss=0.6785 train_acc=0.929 | val_loss=1.0088 val_acc=0.375
      ep19 train_loss=0.7166 train_acc=0.887 | val_loss=1.0004 val_acc=0.625
      ep20 train_loss=0.7171 train_acc=0.912 | val_loss=1.0463 val_acc=0.625
      ep21 train_loss=0.6856 train_acc=0.937 | val_loss=1.1739 val_acc=0.625
      ep22 train_loss=0.7103 train_acc=0.933 | val_loss=1.1155 val_acc=0.500
      ep23 train_loss=0.6888 train_acc=0.933 | val_loss=1.0592 val_acc=0.625
      ep24 train_loss=0.6742 train_acc=0.924 | val_loss=1.0706 val_acc=0.625
    fold acc=0.625 time=333.8s | running pooled acc=0.595

--- Fold 14/26 | test sub14 (4 test, 242 train) ---
      ep00 train_loss=1.8313 train_acc=0.236 | val_loss=2.3462 val_acc=0.000
      ep01 train_loss=1.5251 train_acc=0.434 | val_loss=1.9767 val_acc=0.250
      ep02 train_loss=1.3017 train_acc=0.521 | val_loss=1.8836 val_acc=0.250
      ep03 train_loss=1.2384 train_acc=0.570 | val_loss=1.5146 val_acc=0.250
      ep04 train_loss=1.2102 train_acc=0.562 | val_loss=1.7721 val_acc=0.000
      ep05 train_loss=1.0652 train_acc=0.612 | val_loss=1.5653 val_acc=0.250
      ep06 train_loss=0.9782 train_acc=0.694 | val_loss=1.1807 val_acc=0.500
      ep07 train_loss=0.9231 train_acc=0.756 | val_loss=1.7068 val_acc=0.500
      ep08 train_loss=1.0054 train_acc=0.719 | val_loss=2.5838 val_acc=0.000
      ep09 train_loss=0.8884 train_acc=0.777 | val_loss=2.1452 val_acc=0.250
      ep10 train_loss=0.8967 train_acc=0.760 | val_loss=2.3173 val_acc=0.000
      ep11 train_loss=0.8959 train_acc=0.822 | val_loss=1.7494 val_acc=0.500
      ep12 train_loss=0.8806 train_acc=0.777 | val_loss=1.7893 val_acc=0.250
      ep13 train_loss=0.7692 train_acc=0.864 | val_loss=1.8068 val_acc=0.250
      ep14 train_loss=0.7732 train_acc=0.868 | val_loss=1.6843 val_acc=0.250
      ep15 train_loss=0.7996 train_acc=0.868 | val_loss=1.8010 val_acc=0.250
      ep16 train_loss=0.7335 train_acc=0.893 | val_loss=1.7753 val_acc=0.000
      ep17 train_loss=0.7549 train_acc=0.880 | val_loss=1.6209 val_acc=0.250
      ep18 train_loss=0.7233 train_acc=0.917 | val_loss=1.5681 val_acc=0.250
      ep19 train_loss=0.6936 train_acc=0.921 | val_loss=1.7888 val_acc=0.000
      ep20 train_loss=0.6881 train_acc=0.950 | val_loss=1.5823 val_acc=0.250
      ep21 train_loss=0.7030 train_acc=0.926 | val_loss=1.5358 val_acc=0.250
      ep22 train_loss=0.6698 train_acc=0.950 | val_loss=1.5205 val_acc=0.250
      ep23 train_loss=0.6666 train_acc=0.934 | val_loss=1.4980 val_acc=0.250
      ep24 train_loss=0.6894 train_acc=0.950 | val_loss=1.5104 val_acc=0.250
    fold acc=0.250 time=334.9s | running pooled acc=0.585

--- Fold 15/26 | test sub15 (3 test, 243 train) ---
      ep00 train_loss=1.7931 train_acc=0.296 | val_loss=2.1878 val_acc=0.333
      ep01 train_loss=1.4903 train_acc=0.354 | val_loss=0.6505 val_acc=1.000
      ep02 train_loss=1.3180 train_acc=0.502 | val_loss=0.9793 val_acc=0.667
      ep03 train_loss=1.2670 train_acc=0.568 | val_loss=0.9997 val_acc=0.333
      ep04 train_loss=1.1611 train_acc=0.605 | val_loss=0.9737 val_acc=0.667
      ep05 train_loss=1.1362 train_acc=0.642 | val_loss=0.6071 val_acc=0.667
      ep06 train_loss=0.9896 train_acc=0.708 | val_loss=0.8368 val_acc=0.667
      ep07 train_loss=1.0468 train_acc=0.708 | val_loss=1.2813 val_acc=0.333
      ep08 train_loss=0.9645 train_acc=0.741 | val_loss=0.8095 val_acc=0.667
      ep09 train_loss=0.9170 train_acc=0.757 | val_loss=0.6409 val_acc=0.667
      ep10 train_loss=0.8270 train_acc=0.827 | val_loss=1.1607 val_acc=0.667
      ep11 train_loss=0.8773 train_acc=0.774 | val_loss=0.8220 val_acc=0.667
      ep12 train_loss=0.8041 train_acc=0.807 | val_loss=1.1921 val_acc=0.667
      ep13 train_loss=0.8242 train_acc=0.823 | val_loss=1.0840 val_acc=0.667
      ep14 train_loss=0.7367 train_acc=0.885 | val_loss=1.2540 val_acc=0.667
      ep15 train_loss=0.7755 train_acc=0.856 | val_loss=1.4521 val_acc=0.667
      ep16 train_loss=0.7853 train_acc=0.844 | val_loss=1.4039 val_acc=0.667
      ep17 train_loss=0.6952 train_acc=0.926 | val_loss=1.2132 val_acc=0.667
      ep18 train_loss=0.7245 train_acc=0.914 | val_loss=1.1736 val_acc=0.667
      ep19 train_loss=0.7174 train_acc=0.934 | val_loss=1.1502 val_acc=0.667
      ep20 train_loss=0.7062 train_acc=0.914 | val_loss=1.1965 val_acc=0.667
      ep21 train_loss=0.6611 train_acc=0.951 | val_loss=1.3331 val_acc=0.333
      ep22 train_loss=0.6586 train_acc=0.955 | val_loss=1.2771 val_acc=0.333
      ep23 train_loss=0.7260 train_acc=0.909 | val_loss=1.2885 val_acc=0.667
      ep24 train_loss=0.7387 train_acc=0.901 | val_loss=1.2404 val_acc=0.333
    fold acc=0.333 time=334.6s | running pooled acc=0.579

--- Fold 16/26 | test sub16 (4 test, 242 train) ---
      ep00 train_loss=1.8117 train_acc=0.231 | val_loss=2.2308 val_acc=0.000
      ep01 train_loss=1.5006 train_acc=0.384 | val_loss=1.2113 val_acc=0.500
      ep02 train_loss=1.3605 train_acc=0.455 | val_loss=1.0385 val_acc=0.750
      ep03 train_loss=1.1522 train_acc=0.562 | val_loss=1.2682 val_acc=0.500
      ep04 train_loss=1.2199 train_acc=0.587 | val_loss=1.6834 val_acc=0.500
      ep05 train_loss=1.0842 train_acc=0.628 | val_loss=1.3090 val_acc=0.500
      ep06 train_loss=0.9688 train_acc=0.707 | val_loss=0.9272 val_acc=0.500
      ep07 train_loss=0.9624 train_acc=0.752 | val_loss=1.0844 val_acc=0.500
      ep08 train_loss=0.9904 train_acc=0.731 | val_loss=1.2769 val_acc=0.500
      ep09 train_loss=0.8404 train_acc=0.818 | val_loss=1.4576 val_acc=0.500
      ep10 train_loss=0.8521 train_acc=0.789 | val_loss=1.4817 val_acc=0.500
      ep11 train_loss=0.8177 train_acc=0.847 | val_loss=1.4341 val_acc=0.500
      ep12 train_loss=0.8545 train_acc=0.798 | val_loss=1.3267 val_acc=0.500
      ep13 train_loss=0.8017 train_acc=0.860 | val_loss=1.2133 val_acc=0.500
      ep14 train_loss=0.7672 train_acc=0.851 | val_loss=1.2872 val_acc=0.500
      ep15 train_loss=0.8029 train_acc=0.876 | val_loss=1.6289 val_acc=0.500
      ep16 train_loss=0.7084 train_acc=0.897 | val_loss=1.4517 val_acc=0.500
      ep17 train_loss=0.7427 train_acc=0.901 | val_loss=1.4033 val_acc=0.500
      ep18 train_loss=0.7041 train_acc=0.934 | val_loss=1.5425 val_acc=0.500
      ep19 train_loss=0.6665 train_acc=0.921 | val_loss=1.6167 val_acc=0.500
      ep20 train_loss=0.6807 train_acc=0.930 | val_loss=1.4197 val_acc=0.500
      ep21 train_loss=0.6941 train_acc=0.921 | val_loss=1.4239 val_acc=0.500
      ep22 train_loss=0.6598 train_acc=0.959 | val_loss=1.4252 val_acc=0.500
      ep23 train_loss=0.6500 train_acc=0.950 | val_loss=1.3240 val_acc=0.500
      ep24 train_loss=0.6913 train_acc=0.934 | val_loss=1.4119 val_acc=0.500
    fold acc=0.500 time=344.3s | running pooled acc=0.577

--- Fold 17/26 | test sub17 (34 test, 212 train) ---
      ep00 train_loss=1.8432 train_acc=0.255 | val_loss=1.6933 val_acc=0.265
      ep01 train_loss=1.5907 train_acc=0.373 | val_loss=1.5927 val_acc=0.324
      ep02 train_loss=1.3714 train_acc=0.458 | val_loss=1.5327 val_acc=0.294
      ep03 train_loss=1.3528 train_acc=0.519 | val_loss=1.3204 val_acc=0.382
      ep04 train_loss=1.2021 train_acc=0.627 | val_loss=1.5963 val_acc=0.206
      ep05 train_loss=1.2346 train_acc=0.533 | val_loss=1.0004 val_acc=0.559
      ep06 train_loss=1.1153 train_acc=0.618 | val_loss=1.2174 val_acc=0.412
      ep07 train_loss=1.0626 train_acc=0.693 | val_loss=1.2948 val_acc=0.441
      ep08 train_loss=1.0017 train_acc=0.708 | val_loss=1.3832 val_acc=0.382
      ep09 train_loss=1.0306 train_acc=0.717 | val_loss=1.5319 val_acc=0.324
      ep10 train_loss=0.9670 train_acc=0.689 | val_loss=1.1155 val_acc=0.529
      ep11 train_loss=0.8324 train_acc=0.783 | val_loss=1.3286 val_acc=0.382
      ep12 train_loss=0.9491 train_acc=0.759 | val_loss=1.3563 val_acc=0.412
      ep13 train_loss=0.8694 train_acc=0.830 | val_loss=1.4711 val_acc=0.412
      ep14 train_loss=0.8648 train_acc=0.840 | val_loss=1.4680 val_acc=0.471
      ep15 train_loss=0.8303 train_acc=0.844 | val_loss=1.3023 val_acc=0.500
      ep16 train_loss=0.8032 train_acc=0.825 | val_loss=1.3205 val_acc=0.471
      ep17 train_loss=0.7555 train_acc=0.920 | val_loss=1.4074 val_acc=0.412
      ep18 train_loss=0.7463 train_acc=0.906 | val_loss=1.3766 val_acc=0.500
      ep19 train_loss=0.7686 train_acc=0.892 | val_loss=1.2431 val_acc=0.588
      ep20 train_loss=0.7245 train_acc=0.915 | val_loss=1.3239 val_acc=0.441
      ep21 train_loss=0.8119 train_acc=0.882 | val_loss=1.3310 val_acc=0.500
      ep22 train_loss=0.7231 train_acc=0.906 | val_loss=1.4007 val_acc=0.441
      ep23 train_loss=0.7559 train_acc=0.896 | val_loss=1.4476 val_acc=0.441
      ep24 train_loss=0.7373 train_acc=0.906 | val_loss=1.3519 val_acc=0.471
    fold acc=0.471 time=325.6s | running pooled acc=0.556

--- Fold 18/26 | test sub18 (3 test, 243 train) ---
      ep00 train_loss=1.8167 train_acc=0.296 | val_loss=1.8993 val_acc=0.000
      ep01 train_loss=1.4850 train_acc=0.370 | val_loss=1.6723 val_acc=0.000
      ep02 train_loss=1.3562 train_acc=0.527 | val_loss=2.6679 val_acc=0.000
      ep03 train_loss=1.3056 train_acc=0.510 | val_loss=1.1137 val_acc=0.333
      ep04 train_loss=1.1897 train_acc=0.597 | val_loss=1.4016 val_acc=0.333
      ep05 train_loss=1.1254 train_acc=0.646 | val_loss=1.3169 val_acc=0.333
      ep06 train_loss=1.0519 train_acc=0.667 | val_loss=1.6553 val_acc=0.000
      ep07 train_loss=1.0374 train_acc=0.679 | val_loss=1.5427 val_acc=0.333
      ep08 train_loss=0.9562 train_acc=0.757 | val_loss=0.5183 val_acc=0.667
      ep09 train_loss=0.8833 train_acc=0.761 | val_loss=1.5870 val_acc=0.333
      ep10 train_loss=0.8850 train_acc=0.790 | val_loss=2.4188 val_acc=0.000
      ep11 train_loss=0.8202 train_acc=0.802 | val_loss=1.1042 val_acc=0.667
      ep12 train_loss=0.7792 train_acc=0.856 | val_loss=1.2338 val_acc=0.333
      ep13 train_loss=0.8043 train_acc=0.827 | val_loss=1.1610 val_acc=0.333
      ep14 train_loss=0.7557 train_acc=0.848 | val_loss=1.0408 val_acc=0.333
      ep15 train_loss=0.7590 train_acc=0.864 | val_loss=0.8762 val_acc=0.667
      ep16 train_loss=0.7409 train_acc=0.864 | val_loss=0.7117 val_acc=0.667
      ep17 train_loss=0.6754 train_acc=0.930 | val_loss=0.9732 val_acc=0.667
      ep18 train_loss=0.6879 train_acc=0.934 | val_loss=0.9423 val_acc=0.333
      ep19 train_loss=0.7096 train_acc=0.897 | val_loss=0.9189 val_acc=0.333
      ep20 train_loss=0.6927 train_acc=0.922 | val_loss=0.7632 val_acc=0.667
      ep21 train_loss=0.6596 train_acc=0.934 | val_loss=0.6609 val_acc=0.667
      ep22 train_loss=0.6739 train_acc=0.922 | val_loss=0.9304 val_acc=0.333
      ep23 train_loss=0.7352 train_acc=0.901 | val_loss=0.9835 val_acc=0.333
      ep24 train_loss=0.6865 train_acc=0.909 | val_loss=0.8619 val_acc=0.333
    fold acc=0.333 time=345.6s | running pooled acc=0.552

--- Fold 19/26 | test sub19 (15 test, 231 train) ---
      ep00 train_loss=1.7836 train_acc=0.333 | val_loss=1.5520 val_acc=0.267
      ep01 train_loss=1.5613 train_acc=0.307 | val_loss=1.1510 val_acc=0.533
      ep02 train_loss=1.3705 train_acc=0.524 | val_loss=1.1857 val_acc=0.600
      ep03 train_loss=1.2733 train_acc=0.563 | val_loss=1.0296 val_acc=0.467
      ep04 train_loss=1.1659 train_acc=0.580 | val_loss=1.1854 val_acc=0.467
      ep05 train_loss=1.2163 train_acc=0.571 | val_loss=1.1449 val_acc=0.467
      ep06 train_loss=1.0897 train_acc=0.662 | val_loss=1.1110 val_acc=0.600
      ep07 train_loss=1.0298 train_acc=0.719 | val_loss=1.1204 val_acc=0.467
      ep08 train_loss=0.9689 train_acc=0.697 | val_loss=0.9953 val_acc=0.533
      ep09 train_loss=0.9084 train_acc=0.775 | val_loss=1.6164 val_acc=0.600
      ep10 train_loss=0.9464 train_acc=0.766 | val_loss=1.1904 val_acc=0.600
      ep11 train_loss=0.8764 train_acc=0.797 | val_loss=1.0996 val_acc=0.467
      ep12 train_loss=0.8502 train_acc=0.805 | val_loss=1.1138 val_acc=0.533
      ep13 train_loss=0.8506 train_acc=0.788 | val_loss=1.3602 val_acc=0.533
      ep14 train_loss=0.7868 train_acc=0.879 | val_loss=1.1961 val_acc=0.467
      ep15 train_loss=0.7956 train_acc=0.874 | val_loss=1.3283 val_acc=0.600
      ep16 train_loss=0.7337 train_acc=0.883 | val_loss=1.2130 val_acc=0.467
      ep17 train_loss=0.8233 train_acc=0.831 | val_loss=1.3552 val_acc=0.533
      ep18 train_loss=0.7554 train_acc=0.879 | val_loss=1.2777 val_acc=0.533
      ep19 train_loss=0.7383 train_acc=0.913 | val_loss=1.2862 val_acc=0.533
      ep20 train_loss=0.7381 train_acc=0.905 | val_loss=1.3566 val_acc=0.467
      ep21 train_loss=0.7582 train_acc=0.905 | val_loss=1.3289 val_acc=0.533
      ep22 train_loss=0.7192 train_acc=0.913 | val_loss=1.2858 val_acc=0.467
      ep23 train_loss=0.7450 train_acc=0.909 | val_loss=1.3005 val_acc=0.467
      ep24 train_loss=0.7329 train_acc=0.926 | val_loss=1.2985 val_acc=0.533
    fold acc=0.533 time=326.2s | running pooled acc=0.550

--- Fold 20/26 | test sub20 (11 test, 235 train) ---
      ep00 train_loss=1.8363 train_acc=0.277 | val_loss=1.7820 val_acc=0.000
      ep01 train_loss=1.4759 train_acc=0.345 | val_loss=1.4187 val_acc=0.273
      ep02 train_loss=1.3192 train_acc=0.523 | val_loss=1.6384 val_acc=0.000
      ep03 train_loss=1.2078 train_acc=0.574 | val_loss=1.5561 val_acc=0.273
      ep04 train_loss=1.1656 train_acc=0.570 | val_loss=1.7068 val_acc=0.091
      ep05 train_loss=1.0766 train_acc=0.643 | val_loss=1.7525 val_acc=0.091
      ep06 train_loss=1.0464 train_acc=0.668 | val_loss=1.4204 val_acc=0.455
      ep07 train_loss=0.9539 train_acc=0.732 | val_loss=1.6553 val_acc=0.091
      ep08 train_loss=0.9417 train_acc=0.736 | val_loss=1.7285 val_acc=0.000
      ep09 train_loss=0.8435 train_acc=0.770 | val_loss=1.6927 val_acc=0.364
      ep10 train_loss=0.8112 train_acc=0.796 | val_loss=1.4242 val_acc=0.455
      ep11 train_loss=0.7603 train_acc=0.847 | val_loss=1.5146 val_acc=0.364
      ep12 train_loss=0.8603 train_acc=0.813 | val_loss=1.0017 val_acc=0.545
      ep13 train_loss=0.7585 train_acc=0.834 | val_loss=1.1565 val_acc=0.636
      ep14 train_loss=0.7854 train_acc=0.855 | val_loss=1.3569 val_acc=0.455
      ep15 train_loss=0.7595 train_acc=0.864 | val_loss=1.1193 val_acc=0.545
      ep16 train_loss=0.7675 train_acc=0.847 | val_loss=1.6318 val_acc=0.364
      ep17 train_loss=0.6907 train_acc=0.919 | val_loss=1.2570 val_acc=0.636
      ep18 train_loss=0.7447 train_acc=0.885 | val_loss=1.3052 val_acc=0.545
      ep19 train_loss=0.7059 train_acc=0.906 | val_loss=1.2381 val_acc=0.545
      ep20 train_loss=0.6776 train_acc=0.919 | val_loss=1.0809 val_acc=0.636
      ep21 train_loss=0.6725 train_acc=0.945 | val_loss=1.2024 val_acc=0.455
      ep22 train_loss=0.6577 train_acc=0.932 | val_loss=1.3798 val_acc=0.455
      ep23 train_loss=0.6983 train_acc=0.915 | val_loss=1.4370 val_acc=0.545
      ep24 train_loss=0.6758 train_acc=0.932 | val_loss=1.1336 val_acc=0.545
    fold acc=0.545 time=327.6s | running pooled acc=0.550

--- Fold 21/26 | test sub21 (2 test, 244 train) ---
      ep00 train_loss=1.8682 train_acc=0.299 | val_loss=2.0097 val_acc=0.000
      ep01 train_loss=1.5212 train_acc=0.320 | val_loss=1.5470 val_acc=0.000
      ep02 train_loss=1.3436 train_acc=0.512 | val_loss=1.5401 val_acc=0.000
      ep03 train_loss=1.2955 train_acc=0.504 | val_loss=1.6286 val_acc=0.000
      ep04 train_loss=1.1628 train_acc=0.602 | val_loss=1.7740 val_acc=0.000
      ep05 train_loss=1.2014 train_acc=0.602 | val_loss=1.3948 val_acc=0.000
      ep06 train_loss=1.0946 train_acc=0.664 | val_loss=1.4253 val_acc=0.000
      ep07 train_loss=1.0229 train_acc=0.705 | val_loss=1.6474 val_acc=0.000
      ep08 train_loss=0.9346 train_acc=0.713 | val_loss=2.0411 val_acc=0.000
      ep09 train_loss=0.9945 train_acc=0.701 | val_loss=1.0893 val_acc=0.500
      ep10 train_loss=0.8775 train_acc=0.795 | val_loss=1.6177 val_acc=0.000
      ep11 train_loss=0.8793 train_acc=0.787 | val_loss=1.7267 val_acc=0.000
      ep12 train_loss=0.8844 train_acc=0.828 | val_loss=2.0459 val_acc=0.000
      ep13 train_loss=0.8531 train_acc=0.832 | val_loss=1.2063 val_acc=0.000
      ep14 train_loss=0.7552 train_acc=0.857 | val_loss=1.2208 val_acc=0.000
      ep15 train_loss=0.8188 train_acc=0.820 | val_loss=1.6659 val_acc=0.000
      ep16 train_loss=0.7612 train_acc=0.877 | val_loss=1.3167 val_acc=0.000
      ep17 train_loss=0.7391 train_acc=0.869 | val_loss=1.6334 val_acc=0.000
      ep18 train_loss=0.7524 train_acc=0.877 | val_loss=1.5479 val_acc=0.000
      ep19 train_loss=0.6701 train_acc=0.922 | val_loss=1.5540 val_acc=0.000
      ep20 train_loss=0.6920 train_acc=0.918 | val_loss=1.3540 val_acc=0.500
      ep21 train_loss=0.6950 train_acc=0.910 | val_loss=1.3925 val_acc=0.500
      ep22 train_loss=0.7342 train_acc=0.914 | val_loss=1.5286 val_acc=0.000
      ep23 train_loss=0.6927 train_acc=0.930 | val_loss=1.6021 val_acc=0.000
      ep24 train_loss=0.6548 train_acc=0.947 | val_loss=1.7404 val_acc=0.000
    fold acc=0.000 time=330.6s | running pooled acc=0.545

--- Fold 22/26 | test sub22 (2 test, 244 train) ---
      ep00 train_loss=1.8849 train_acc=0.287 | val_loss=2.2677 val_acc=0.000
      ep01 train_loss=1.5145 train_acc=0.365 | val_loss=1.4476 val_acc=0.000
      ep02 train_loss=1.3744 train_acc=0.459 | val_loss=1.1528 val_acc=0.000
      ep03 train_loss=1.2720 train_acc=0.533 | val_loss=0.2309 val_acc=1.000
      ep04 train_loss=1.2250 train_acc=0.582 | val_loss=0.2986 val_acc=1.000
      ep05 train_loss=1.2267 train_acc=0.594 | val_loss=0.0114 val_acc=1.000
      ep06 train_loss=1.0852 train_acc=0.697 | val_loss=1.0496 val_acc=0.000
      ep07 train_loss=1.0519 train_acc=0.693 | val_loss=0.0821 val_acc=1.000
      ep08 train_loss=0.9109 train_acc=0.721 | val_loss=2.0676 val_acc=0.000
      ep09 train_loss=1.0072 train_acc=0.668 | val_loss=0.1796 val_acc=1.000
      ep10 train_loss=0.8746 train_acc=0.779 | val_loss=0.4258 val_acc=1.000
      ep11 train_loss=0.8766 train_acc=0.795 | val_loss=0.1453 val_acc=1.000
      ep12 train_loss=0.8553 train_acc=0.844 | val_loss=0.5339 val_acc=1.000
      ep13 train_loss=0.8274 train_acc=0.873 | val_loss=0.1790 val_acc=1.000
      ep14 train_loss=0.7421 train_acc=0.844 | val_loss=0.2487 val_acc=1.000
      ep15 train_loss=0.8019 train_acc=0.820 | val_loss=0.1356 val_acc=1.000
      ep16 train_loss=0.7575 train_acc=0.881 | val_loss=0.2424 val_acc=1.000
      ep17 train_loss=0.7498 train_acc=0.873 | val_loss=0.2264 val_acc=1.000
      ep18 train_loss=0.7529 train_acc=0.877 | val_loss=0.1340 val_acc=1.000
      ep19 train_loss=0.6655 train_acc=0.930 | val_loss=0.1190 val_acc=1.000
      ep20 train_loss=0.6770 train_acc=0.947 | val_loss=0.1258 val_acc=1.000
      ep21 train_loss=0.6967 train_acc=0.914 | val_loss=0.1281 val_acc=1.000
      ep22 train_loss=0.7388 train_acc=0.906 | val_loss=0.1504 val_acc=1.000
      ep23 train_loss=0.6921 train_acc=0.930 | val_loss=0.1194 val_acc=1.000
      ep24 train_loss=0.6566 train_acc=0.947 | val_loss=0.1528 val_acc=1.000
    fold acc=1.000 time=331.7s | running pooled acc=0.549

--- Fold 23/26 | test sub23 (12 test, 234 train) ---
      ep00 train_loss=1.7726 train_acc=0.252 | val_loss=1.6659 val_acc=0.333
      ep01 train_loss=1.5557 train_acc=0.342 | val_loss=1.3469 val_acc=0.667
      ep02 train_loss=1.4534 train_acc=0.462 | val_loss=1.3073 val_acc=0.417
      ep03 train_loss=1.2216 train_acc=0.521 | val_loss=1.1358 val_acc=0.667
      ep04 train_loss=1.2037 train_acc=0.607 | val_loss=1.1017 val_acc=0.583
      ep05 train_loss=1.1286 train_acc=0.628 | val_loss=0.9422 val_acc=0.750
      ep06 train_loss=1.0612 train_acc=0.611 | val_loss=1.3244 val_acc=0.583
      ep07 train_loss=0.9474 train_acc=0.731 | val_loss=0.9751 val_acc=0.667
      ep08 train_loss=0.9786 train_acc=0.752 | val_loss=1.5671 val_acc=0.333
      ep09 train_loss=0.9378 train_acc=0.774 | val_loss=1.4261 val_acc=0.583
      ep10 train_loss=0.8785 train_acc=0.756 | val_loss=1.1046 val_acc=0.583
      ep11 train_loss=0.8826 train_acc=0.769 | val_loss=1.0928 val_acc=0.417
      ep12 train_loss=0.8734 train_acc=0.786 | val_loss=0.9943 val_acc=0.667
      ep13 train_loss=0.7880 train_acc=0.850 | val_loss=1.2683 val_acc=0.417
      ep14 train_loss=0.7611 train_acc=0.863 | val_loss=1.2282 val_acc=0.417
      ep15 train_loss=0.7276 train_acc=0.880 | val_loss=1.0166 val_acc=0.667
      ep16 train_loss=0.7461 train_acc=0.897 | val_loss=0.8169 val_acc=0.667
      ep17 train_loss=0.7546 train_acc=0.885 | val_loss=1.0891 val_acc=0.583
      ep18 train_loss=0.6865 train_acc=0.919 | val_loss=1.1701 val_acc=0.583
      ep19 train_loss=0.7117 train_acc=0.927 | val_loss=1.0025 val_acc=0.667
      ep20 train_loss=0.6958 train_acc=0.902 | val_loss=1.0191 val_acc=0.667
      ep21 train_loss=0.6581 train_acc=0.944 | val_loss=1.0396 val_acc=0.667
      ep22 train_loss=0.7153 train_acc=0.897 | val_loss=1.1505 val_acc=0.500
      ep23 train_loss=0.7140 train_acc=0.927 | val_loss=1.0051 val_acc=0.667
      ep24 train_loss=0.7418 train_acc=0.902 | val_loss=1.0462 val_acc=0.667
    fold acc=0.417 time=327.8s | running pooled acc=0.542

--- Fold 24/26 | test sub24 (7 test, 239 train) ---
      ep00 train_loss=1.8570 train_acc=0.264 | val_loss=1.8653 val_acc=0.143
      ep01 train_loss=1.5438 train_acc=0.360 | val_loss=1.4722 val_acc=0.286
      ep02 train_loss=1.3642 train_acc=0.452 | val_loss=1.1451 val_acc=0.714
      ep03 train_loss=1.2450 train_acc=0.536 | val_loss=0.9237 val_acc=0.714
      ep04 train_loss=1.1725 train_acc=0.603 | val_loss=1.1516 val_acc=0.429
      ep05 train_loss=1.1339 train_acc=0.603 | val_loss=1.3698 val_acc=0.286
      ep06 train_loss=1.0775 train_acc=0.644 | val_loss=3.1938 val_acc=0.143
      ep07 train_loss=1.0570 train_acc=0.653 | val_loss=0.8491 val_acc=0.714
      ep08 train_loss=1.0578 train_acc=0.678 | val_loss=0.9911 val_acc=0.429
      ep09 train_loss=0.9618 train_acc=0.749 | val_loss=1.1815 val_acc=0.429
      ep10 train_loss=0.8813 train_acc=0.816 | val_loss=1.0695 val_acc=0.714
      ep11 train_loss=0.7852 train_acc=0.828 | val_loss=1.0249 val_acc=0.714
      ep12 train_loss=0.8165 train_acc=0.820 | val_loss=0.9241 val_acc=0.714
      ep13 train_loss=0.7279 train_acc=0.891 | val_loss=0.8281 val_acc=0.857
      ep14 train_loss=0.7365 train_acc=0.895 | val_loss=0.7923 val_acc=0.857
      ep15 train_loss=0.7074 train_acc=0.895 | val_loss=0.6919 val_acc=0.857
      ep16 train_loss=0.7428 train_acc=0.874 | val_loss=0.9526 val_acc=0.714
      ep17 train_loss=0.7092 train_acc=0.933 | val_loss=1.2063 val_acc=0.571
      ep18 train_loss=0.6991 train_acc=0.912 | val_loss=1.1366 val_acc=0.571
      ep19 train_loss=0.6777 train_acc=0.921 | val_loss=0.9878 val_acc=0.571
      ep20 train_loss=0.6946 train_acc=0.933 | val_loss=1.0344 val_acc=0.571
      ep21 train_loss=0.6541 train_acc=0.941 | val_loss=1.1684 val_acc=0.571
      ep22 train_loss=0.6984 train_acc=0.900 | val_loss=0.9741 val_acc=0.571
      ep23 train_loss=0.6885 train_acc=0.946 | val_loss=1.0663 val_acc=0.571
      ep24 train_loss=0.6932 train_acc=0.916 | val_loss=0.9700 val_acc=0.571
    fold acc=0.571 time=328.9s | running pooled acc=0.543

--- Fold 25/26 | test sub25 (7 test, 239 train) ---
      ep00 train_loss=1.8717 train_acc=0.268 | val_loss=1.3709 val_acc=0.571
      ep01 train_loss=1.5502 train_acc=0.364 | val_loss=1.4313 val_acc=0.286
      ep02 train_loss=1.2996 train_acc=0.494 | val_loss=1.4066 val_acc=0.286
      ep03 train_loss=1.2347 train_acc=0.556 | val_loss=1.1516 val_acc=0.429
      ep04 train_loss=1.1087 train_acc=0.640 | val_loss=0.9868 val_acc=0.571
      ep05 train_loss=1.1475 train_acc=0.649 | val_loss=1.0096 val_acc=0.714
      ep06 train_loss=1.0470 train_acc=0.674 | val_loss=1.1010 val_acc=0.429
      ep07 train_loss=1.0095 train_acc=0.703 | val_loss=0.8761 val_acc=0.714
      ep08 train_loss=0.9933 train_acc=0.711 | val_loss=0.9850 val_acc=0.429
      ep09 train_loss=0.8956 train_acc=0.753 | val_loss=0.7381 val_acc=0.714
      ep10 train_loss=0.8931 train_acc=0.778 | val_loss=0.5330 val_acc=0.714
      ep11 train_loss=0.7897 train_acc=0.828 | val_loss=0.4758 val_acc=1.000
      ep12 train_loss=0.7989 train_acc=0.845 | val_loss=0.4296 val_acc=1.000
      ep13 train_loss=0.7698 train_acc=0.870 | val_loss=0.5463 val_acc=1.000
      ep14 train_loss=0.7438 train_acc=0.887 | val_loss=0.4097 val_acc=1.000
      ep15 train_loss=0.7026 train_acc=0.895 | val_loss=0.3354 val_acc=1.000
      ep16 train_loss=0.7341 train_acc=0.866 | val_loss=0.2533 val_acc=1.000
      ep17 train_loss=0.7564 train_acc=0.904 | val_loss=0.2667 val_acc=1.000
      ep18 train_loss=0.6889 train_acc=0.925 | val_loss=0.2309 val_acc=1.000
      ep19 train_loss=0.6806 train_acc=0.937 | val_loss=0.3608 val_acc=1.000
      ep20 train_loss=0.7223 train_acc=0.921 | val_loss=0.3165 val_acc=1.000
      ep21 train_loss=0.6536 train_acc=0.946 | val_loss=0.3040 val_acc=1.000
      ep22 train_loss=0.6914 train_acc=0.912 | val_loss=0.2683 val_acc=1.000
      ep23 train_loss=0.6960 train_acc=0.925 | val_loss=0.3471 val_acc=0.857
      ep24 train_loss=0.6948 train_acc=0.933 | val_loss=0.2977 val_acc=1.000
    fold acc=1.000 time=328.9s | running pooled acc=0.557

--- Fold 26/26 | test sub26 (16 test, 230 train) ---
      ep00 train_loss=1.7985 train_acc=0.270 | val_loss=1.4548 val_acc=0.312
      ep01 train_loss=1.5365 train_acc=0.400 | val_loss=1.1849 val_acc=0.625
      ep02 train_loss=1.3394 train_acc=0.496 | val_loss=1.1752 val_acc=0.375
      ep03 train_loss=1.2892 train_acc=0.513 | val_loss=1.3469 val_acc=0.438
      ep04 train_loss=1.1933 train_acc=0.552 | val_loss=0.7983 val_acc=0.625
      ep05 train_loss=1.2181 train_acc=0.600 | val_loss=1.2621 val_acc=0.312
      ep06 train_loss=1.0270 train_acc=0.678 | val_loss=0.8131 val_acc=0.625
      ep07 train_loss=1.0843 train_acc=0.657 | val_loss=0.8954 val_acc=0.562
      ep08 train_loss=0.9374 train_acc=0.709 | val_loss=1.1422 val_acc=0.375
      ep09 train_loss=0.9000 train_acc=0.739 | val_loss=0.8674 val_acc=0.562
      ep10 train_loss=0.9060 train_acc=0.770 | val_loss=0.8566 val_acc=0.688
      ep11 train_loss=0.8304 train_acc=0.813 | val_loss=0.9177 val_acc=0.625
      ep12 train_loss=0.8078 train_acc=0.826 | val_loss=0.7872 val_acc=0.688
      ep13 train_loss=0.8089 train_acc=0.848 | val_loss=1.1419 val_acc=0.375
      ep14 train_loss=0.8002 train_acc=0.839 | val_loss=0.7198 val_acc=0.812
      ep15 train_loss=0.7811 train_acc=0.809 | val_loss=0.8642 val_acc=0.625
      ep16 train_loss=0.7951 train_acc=0.852 | val_loss=0.7047 val_acc=0.812
      ep17 train_loss=0.7197 train_acc=0.896 | val_loss=0.8037 val_acc=0.625
      ep18 train_loss=0.7493 train_acc=0.878 | val_loss=0.8257 val_acc=0.688
      ep19 train_loss=0.7083 train_acc=0.896 | val_loss=0.9636 val_acc=0.625
      ep20 train_loss=0.6638 train_acc=0.935 | val_loss=0.8852 val_acc=0.625
      ep21 train_loss=0.7069 train_acc=0.922 | val_loss=0.7806 val_acc=0.688
      ep22 train_loss=0.6440 train_acc=0.922 | val_loss=0.9588 val_acc=0.625
      ep23 train_loss=0.6533 train_acc=0.952 | val_loss=0.8540 val_acc=0.688
      ep24 train_loss=0.6818 train_acc=0.900 | val_loss=0.9604 val_acc=0.562
    fold acc=0.562 time=325.8s | running pooled acc=0.557

=== FINAL (pooled LOSO) ===
UF1 = 0.5785
UAR = 0.5738
ACC = 0.5569
per-class F1: happiness=0.393, disgust=0.516, repression=0.473, surprise=0.960, others=0.551
per-class recall: happiness=0.344, disgust=0.508, repression=0.481, surprise=0.960, others=0.576
confusion matrix (rows=true):
        happin disgus repres surpri others
happine     11      2      4      1     14
disgust      2     32      2      0     27
repress      4      0     13      0     10
surpris      0      0      1     24      0
 others      7     27      8      0     57

saved to D:\AI-Projects\casmeII-new-from-sequence-model\experiments\iter_39_r2plus1d_diff
elapsed 9047.2s
