=== EXPERIMENT smoke_2stream_smoke ===
time: 2026-07-13T22:34:27.317523
device: cuda (NVIDIA GeForce RTX 3060)
platform: Windows-10-10.0.26200-SP0 | torch 2.6.0+cu124
config:
{
  "seed": 42,
  "T": 16,
  "img_size": 112,
  "base_size": 128,
  "input_mode": "rgb",
  "backbone": "r2plus1d_18",
  "pretrained": true,
  "dropout": 0.5,
  "epochs": 3,
  "lr": 0.0001,
  "weight_decay": 0.001,
  "batch_size": 6,
  "class_weighting": true,
  "label_smoothing": 0.1,
  "hflip": true,
  "color_jitter": 0.0,
  "temporal_jitter": true,
  "amp": true,
  "eval_last_k": 1,
  "tta": 1,
  "cache_dir": "cache/frames128",
  "index": "cache/index_emotion.csv",
  "class_names": [
    "happiness",
    "disgust",
    "repression",
    "surprise",
    "others"
  ],
  "name": "iter_04_twostream_flow_onsetref",
  "modality": "two_stream",
  "cache_dir_a": "cache/flow128",
  "cache_dir_b": "cache/frames128",
  "stream_b_input_mode": "onset_ref",
  "flow_clip": 3.0
}
two-stream: 246 common samples (a=cache/flow128, b=cache/frames128)
loading arrays into RAM...
loaded a=246 b=246 arrays
[SMOKE] limiting to 2 folds: [1, 2]

--- Fold 1/2 | test sub01 (9 test, 237 train) ---
      ep00 train_loss=1.6847 train_acc=0.295 | val_loss=1.2746 val_acc=0.444
      ep01 train_loss=1.2522 train_acc=0.511 | val_loss=0.8943 val_acc=0.667
      ep02 train_loss=1.1349 train_acc=0.616 | val_loss=0.8973 val_acc=0.556
    fold acc=0.556 time=58.7s | running pooled acc=0.556

--- Fold 2/2 | test sub02 (13 test, 233 train) ---
      ep00 train_loss=1.6460 train_acc=0.335 | val_loss=1.8655 val_acc=0.231
      ep01 train_loss=1.2475 train_acc=0.558 | val_loss=1.4967 val_acc=0.462
      ep02 train_loss=1.1133 train_acc=0.614 | val_loss=1.4677 val_acc=0.385
    fold acc=0.385 time=56.8s | running pooled acc=0.455

=== FINAL (pooled LOSO) ===
UF1 = 0.4860
UAR = 0.5400
ACC = 0.4545
per-class F1: happiness=0.200, disgust=0.500, repression=0.444, surprise=0.857, others=0.429
per-class recall: happiness=0.500, disgust=0.500, repression=0.400, surprise=1.000, others=0.300
confusion matrix (rows=true):
        happin disgus repres surpri others
happine      1      0      0      1      0
disgust      0      1      0      0      1
repress      3      0      2      0      0
surpris      0      0      0      3      0
 others      4      1      2      0      3

saved to D:\AI-Projects\casmeII-new-from-sequence-model\experiments\smoke_2stream_smoke
elapsed 120.8s
